2015-02-20T15:21:14.136-0600: 2.591: Total time for which application threads were stopped: 0.0003000 seconds
2015-02-20T15:21:14.208-0600: 2.663: Total time for which application threads were stopped: 0.0002310 seconds
2015-02-20T15:21:17.208-0600: 5.663: Total time for which application threads were stopped: 0.0003240 seconds
2015-02-20T15:21:17.711-0600: 6.166: Total time for which application threads were stopped: 0.0009880 seconds
2015-02-20T15:21:18.016-0600: 6.471: Total time for which application threads were stopped: 0.0001130 seconds
2015-02-20T15:21:18.086-0600: 6.541: Total time for which application threads were stopped: 0.0001150 seconds
2015-02-20T15:21:18.091-0600: 6.546: Total time for which application threads were stopped: 0.0002280 seconds
2015-02-20T15:21:19.091-0600: 7.547: Total time for which application threads were stopped: 0.0003540 seconds
2015-02-20T15:21:19.322-0600: 7.777: Total time for which application threads were stopped: 0.0001220 seconds
2015-02-20T15:21:19.323-0600: 7.778: Total time for which application threads were stopped: 0.0001330 seconds
{Heap before GC invocations=0 (full 0):
 par new generation   total 109248K, used 87424K [0x8ac00000, 0x92c00000, 0x92c00000)
  eden space 87424K, 100% used [0x8ac00000, 0x90160000, 0x90160000)
  from space 21824K,   0% used [0x90160000, 0x90160000, 0x916b0000)
  to   space 21824K,   0% used [0x916b0000, 0x916b0000, 0x92c00000)
 concurrent mark-sweep generation total 393216K, used 0K [0x92c00000, 0xaac00000, 0xaac00000)
 concurrent-mark-sweep perm gen total 16384K, used 11674K [0xaac00000, 0xabc00000, 0xb2c00000)
2015-02-20T15:21:20.265-0600: 8.720: [GC2015-02-20T15:21:20.279-0600: 8.735: [ParNew
Desired survivor size 20112996 bytes, new threshold 8 (max 8)
- age   1:    8877000 bytes,    8877000 total
: 87424K->8708K(109248K), 0.0442650 secs] 87424K->8708K(502464K), 0.0590570 secs] [Times: user=0.07 sys=0.02, real=0.06 secs] 
Heap after GC invocations=1 (full 0):
 par new generation   total 109248K, used 8708K [0x8ac00000, 0x92c00000, 0x92c00000)
  eden space 87424K,   0% used [0x8ac00000, 0x8ac00000, 0x90160000)
  from space 21824K,  39% used [0x916b0000, 0x91f31178, 0x92c00000)
  to   space 21824K,   0% used [0x90160000, 0x90160000, 0x916b0000)
 concurrent mark-sweep generation total 393216K, used 0K [0x92c00000, 0xaac00000, 0xaac00000)
 concurrent-mark-sweep perm gen total 16384K, used 11674K [0xaac00000, 0xabc00000, 0xb2c00000)
}
2015-02-20T15:21:20.324-0600: 8.779: Total time for which application threads were stopped: 0.0597120 seconds
2015-02-20T15:21:20.341-0600: 8.796: Total time for which application threads were stopped: 0.0001570 seconds
2015-02-20T15:21:20.344-0600: 8.800: Total time for which application threads were stopped: 0.0001250 seconds
2015-02-20T15:21:20.345-0600: 8.800: Total time for which application threads were stopped: 0.0000360 seconds
2015-02-20T15:21:20.345-0600: 8.800: Total time for which application threads were stopped: 0.0000180 seconds
2015-02-20T15:21:20.345-0600: 8.800: Total time for which application threads were stopped: 0.0000300 seconds
2015-02-20T15:21:20.345-0600: 8.800: Total time for which application threads were stopped: 0.0000320 seconds
2015-02-20T15:21:20.345-0600: 8.800: Total time for which application threads were stopped: 0.0000310 seconds
2015-02-20T15:21:20.345-0600: 8.800: Total time for which application threads were stopped: 0.0000310 seconds
2015-02-20T15:21:20.345-0600: 8.800: Total time for which application threads were stopped: 0.0000360 seconds
2015-02-20T15:21:20.345-0600: 8.800: Total time for which application threads were stopped: 0.0000450 seconds
2015-02-20T15:21:20.345-0600: 8.800: Total time for which application threads were stopped: 0.0000300 seconds
2015-02-20T15:21:20.345-0600: 8.800: Total time for which application threads were stopped: 0.0000420 seconds
2015-02-20T15:21:20.345-0600: 8.800: Total time for which application threads were stopped: 0.0000380 seconds
2015-02-20T15:21:20.345-0600: 8.800: Total time for which application threads were stopped: 0.0000370 seconds
2015-02-20T15:21:20.345-0600: 8.800: Total time for which application threads were stopped: 0.0000310 seconds
2015-02-20T15:21:20.345-0600: 8.800: Total time for which application threads were stopped: 0.0000570 seconds
2015-02-20T15:21:20.345-0600: 8.800: Total time for which application threads were stopped: 0.0000460 seconds
2015-02-20T15:21:20.345-0600: 8.801: Total time for which application threads were stopped: 0.0000320 seconds
2015-02-20T15:21:20.346-0600: 8.801: Total time for which application threads were stopped: 0.0000390 seconds
2015-02-20T15:21:20.346-0600: 8.801: Total time for which application threads were stopped: 0.0002490 seconds
2015-02-20T15:21:20.349-0600: 8.804: Total time for which application threads were stopped: 0.0002080 seconds
2015-02-20T15:21:20.355-0600: 8.810: Total time for which application threads were stopped: 0.0002630 seconds
2015-02-20T15:21:20.355-0600: 8.810: Total time for which application threads were stopped: 0.0000530 seconds
2015-02-20T15:21:20.355-0600: 8.810: Total time for which application threads were stopped: 0.0000410 seconds
2015-02-20T15:21:20.355-0600: 8.810: Total time for which application threads were stopped: 0.0000580 seconds
2015-02-20T15:21:20.355-0600: 8.810: Total time for which application threads were stopped: 0.0000420 seconds
2015-02-20T15:21:20.355-0600: 8.810: Total time for which application threads were stopped: 0.0000470 seconds
2015-02-20T15:21:20.355-0600: 8.810: Total time for which application threads were stopped: 0.0000460 seconds
2015-02-20T15:21:20.355-0600: 8.810: Total time for which application threads were stopped: 0.0000500 seconds
2015-02-20T15:21:20.355-0600: 8.810: Total time for which application threads were stopped: 0.0000550 seconds
2015-02-20T15:21:20.355-0600: 8.811: Total time for which application threads were stopped: 0.0000480 seconds
2015-02-20T15:21:20.356-0600: 8.811: Total time for which application threads were stopped: 0.0000560 seconds
2015-02-20T15:21:20.356-0600: 8.811: Total time for which application threads were stopped: 0.0000540 seconds
2015-02-20T15:21:20.356-0600: 8.811: Total time for which application threads were stopped: 0.0000430 seconds
2015-02-20T15:21:20.356-0600: 8.811: Total time for which application threads were stopped: 0.0000480 seconds
2015-02-20T15:21:20.356-0600: 8.811: Total time for which application threads were stopped: 0.0001270 seconds
2015-02-20T15:21:20.356-0600: 8.811: Total time for which application threads were stopped: 0.0000340 seconds
2015-02-20T15:21:20.356-0600: 8.811: Total time for which application threads were stopped: 0.0000550 seconds
2015-02-20T15:21:20.356-0600: 8.811: Total time for which application threads were stopped: 0.0000340 seconds
2015-02-20T15:21:20.356-0600: 8.811: Total time for which application threads were stopped: 0.0000470 seconds
2015-02-20T15:21:20.356-0600: 8.812: Total time for which application threads were stopped: 0.0000560 seconds
2015-02-20T15:21:20.357-0600: 8.812: Total time for which application threads were stopped: 0.0000450 seconds
2015-02-20T15:21:20.357-0600: 8.812: Total time for which application threads were stopped: 0.0000440 seconds
2015-02-20T15:21:20.357-0600: 8.812: Total time for which application threads were stopped: 0.0000350 seconds
2015-02-20T15:21:20.357-0600: 8.812: Total time for which application threads were stopped: 0.0000340 seconds
2015-02-20T15:21:20.357-0600: 8.812: Total time for which application threads were stopped: 0.0000540 seconds
2015-02-20T15:21:20.357-0600: 8.812: Total time for which application threads were stopped: 0.0000500 seconds
2015-02-20T15:21:20.357-0600: 8.812: Total time for which application threads were stopped: 0.0000470 seconds
2015-02-20T15:21:20.357-0600: 8.812: Total time for which application threads were stopped: 0.0000470 seconds
2015-02-20T15:21:20.357-0600: 8.812: Total time for which application threads were stopped: 0.0000440 seconds
2015-02-20T15:21:20.357-0600: 8.812: Total time for which application threads were stopped: 0.0000490 seconds
2015-02-20T15:21:20.357-0600: 8.812: Total time for which application threads were stopped: 0.0000530 seconds
2015-02-20T15:21:20.357-0600: 8.812: Total time for which application threads were stopped: 0.0000470 seconds
2015-02-20T15:21:20.357-0600: 8.813: Total time for which application threads were stopped: 0.0000480 seconds
2015-02-20T15:21:20.358-0600: 8.813: Total time for which application threads were stopped: 0.0000470 seconds
2015-02-20T15:21:20.358-0600: 8.813: Total time for which application threads were stopped: 0.0000570 seconds
2015-02-20T15:21:20.358-0600: 8.813: Total time for which application threads were stopped: 0.0000440 seconds
2015-02-20T15:21:20.358-0600: 8.813: Total time for which application threads were stopped: 0.0001160 seconds
2015-02-20T15:21:20.358-0600: 8.813: Total time for which application threads were stopped: 0.0000700 seconds
2015-02-20T15:21:21.314-0600: 9.769: Total time for which application threads were stopped: 0.0002930 seconds
2015-02-20T15:21:21.314-0600: 9.769: Total time for which application threads were stopped: 0.0000350 seconds
2015-02-20T15:21:21.314-0600: 9.769: Total time for which application threads were stopped: 0.0001180 seconds
2015-02-20T15:21:21.318-0600: 9.773: Total time for which application threads were stopped: 0.0001310 seconds
2015-02-20T15:21:21.318-0600: 9.773: Total time for which application threads were stopped: 0.0000620 seconds
2015-02-20T15:21:21.318-0600: 9.773: Total time for which application threads were stopped: 0.0000510 seconds
2015-02-20T15:21:21.318-0600: 9.773: Total time for which application threads were stopped: 0.0000570 seconds
2015-02-20T15:21:21.318-0600: 9.773: Total time for which application threads were stopped: 0.0000570 seconds
2015-02-20T15:21:21.318-0600: 9.773: Total time for which application threads were stopped: 0.0000500 seconds
2015-02-20T15:21:21.318-0600: 9.774: Total time for which application threads were stopped: 0.0000500 seconds
2015-02-20T15:21:21.319-0600: 9.774: Total time for which application threads were stopped: 0.0000570 seconds
2015-02-20T15:21:21.319-0600: 9.774: Total time for which application threads were stopped: 0.0000510 seconds
2015-02-20T15:21:21.319-0600: 9.774: Total time for which application threads were stopped: 0.0000550 seconds
2015-02-20T15:21:21.319-0600: 9.774: Total time for which application threads were stopped: 0.0000530 seconds
2015-02-20T15:21:21.319-0600: 9.774: Total time for which application threads were stopped: 0.0000500 seconds
2015-02-20T15:21:21.319-0600: 9.774: Total time for which application threads were stopped: 0.0000500 seconds
2015-02-20T15:21:21.319-0600: 9.774: Total time for which application threads were stopped: 0.0000510 seconds
2015-02-20T15:21:21.319-0600: 9.774: Total time for which application threads were stopped: 0.0000490 seconds
2015-02-20T15:21:21.319-0600: 9.774: Total time for which application threads were stopped: 0.0000500 seconds
2015-02-20T15:21:21.319-0600: 9.775: Total time for which application threads were stopped: 0.0001410 seconds
2015-02-20T15:21:21.320-0600: 9.775: Total time for which application threads were stopped: 0.0000620 seconds
2015-02-20T15:21:21.320-0600: 9.775: Total time for which application threads were stopped: 0.0000510 seconds
2015-02-20T15:21:21.320-0600: 9.775: Total time for which application threads were stopped: 0.0000560 seconds
2015-02-20T15:21:21.320-0600: 9.775: Total time for which application threads were stopped: 0.0000580 seconds
2015-02-20T15:21:21.324-0600: 9.779: Total time for which application threads were stopped: 0.0001230 seconds
2015-02-20T15:21:21.407-0600: 9.862: Total time for which application threads were stopped: 0.0001560 seconds
2015-02-20T15:21:21.550-0600: 10.005: Total time for which application threads were stopped: 0.0002320 seconds
2015-02-20T15:21:21.550-0600: 10.005: Total time for which application threads were stopped: 0.0000640 seconds
2015-02-20T15:21:21.551-0600: 10.006: Total time for which application threads were stopped: 0.0001070 seconds
2015-02-20T15:21:21.581-0600: 10.036: Total time for which application threads were stopped: 0.0020460 seconds
2015-02-20T15:21:21.815-0600: 10.270: Total time for which application threads were stopped: 0.0003010 seconds
2015-02-20T15:21:21.816-0600: 10.271: Total time for which application threads were stopped: 0.0001470 seconds
2015-02-20T15:21:21.816-0600: 10.271: Total time for which application threads were stopped: 0.0001090 seconds
2015-02-20T15:21:21.817-0600: 10.272: Total time for which application threads were stopped: 0.0001380 seconds
2015-02-20T15:21:21.817-0600: 10.272: Total time for which application threads were stopped: 0.0001390 seconds
2015-02-20T15:21:21.817-0600: 10.272: Total time for which application threads were stopped: 0.0001070 seconds
2015-02-20T15:21:21.818-0600: 10.273: Total time for which application threads were stopped: 0.0001420 seconds
2015-02-20T15:21:21.818-0600: 10.273: Total time for which application threads were stopped: 0.0001070 seconds
2015-02-20T15:21:21.819-0600: 10.274: Total time for which application threads were stopped: 0.0001410 seconds
2015-02-20T15:21:21.819-0600: 10.274: Total time for which application threads were stopped: 0.0001390 seconds
2015-02-20T15:21:21.819-0600: 10.274: Total time for which application threads were stopped: 0.0001330 seconds
2015-02-20T15:21:21.820-0600: 10.275: Total time for which application threads were stopped: 0.0001370 seconds
2015-02-20T15:21:21.820-0600: 10.275: Total time for which application threads were stopped: 0.0001310 seconds
2015-02-20T15:21:21.820-0600: 10.275: Total time for which application threads were stopped: 0.0001340 seconds
2015-02-20T15:21:21.821-0600: 10.276: Total time for which application threads were stopped: 0.0001330 seconds
2015-02-20T15:21:21.821-0600: 10.276: Total time for which application threads were stopped: 0.0001100 seconds
2015-02-20T15:21:21.822-0600: 10.277: Total time for which application threads were stopped: 0.0001360 seconds
2015-02-20T15:21:21.822-0600: 10.277: Total time for which application threads were stopped: 0.0000690 seconds
2015-02-20T15:21:21.822-0600: 10.277: Total time for which application threads were stopped: 0.0001290 seconds
2015-02-20T15:21:21.823-0600: 10.278: Total time for which application threads were stopped: 0.0003630 seconds
2015-02-20T15:21:21.861-0600: 10.316: Total time for which application threads were stopped: 0.0002380 seconds
2015-02-20T15:21:21.870-0600: 10.325: Total time for which application threads were stopped: 0.0003340 seconds
2015-02-20T15:21:21.870-0600: 10.326: Total time for which application threads were stopped: 0.0000450 seconds
2015-02-20T15:21:21.872-0600: 10.327: Total time for which application threads were stopped: 0.0003140 seconds
2015-02-20T15:21:21.874-0600: 10.329: Total time for which application threads were stopped: 0.0001190 seconds
2015-02-20T15:21:21.874-0600: 10.329: Total time for which application threads were stopped: 0.0001550 seconds
2015-02-20T15:21:21.879-0600: 10.334: Total time for which application threads were stopped: 0.0001110 seconds
2015-02-20T15:21:21.993-0600: 10.448: Total time for which application threads were stopped: 0.0001930 seconds
2015-02-20T15:21:21.995-0600: 10.450: Total time for which application threads were stopped: 0.0002090 seconds
2015-02-20T15:21:21.998-0600: 10.453: Total time for which application threads were stopped: 0.0003540 seconds
2015-02-20T15:21:21.999-0600: 10.454: Total time for which application threads were stopped: 0.0002340 seconds
2015-02-20T15:21:22.004-0600: 10.459: Total time for which application threads were stopped: 0.0001960 seconds
2015-02-20T15:21:22.005-0600: 10.460: Total time for which application threads were stopped: 0.0001750 seconds
2015-02-20T15:21:22.005-0600: 10.460: Total time for which application threads were stopped: 0.0001880 seconds
2015-02-20T15:21:22.012-0600: 10.467: Total time for which application threads were stopped: 0.0001910 seconds
2015-02-20T15:21:22.013-0600: 10.468: Total time for which application threads were stopped: 0.0000980 seconds
2015-02-20T15:21:22.013-0600: 10.468: Total time for which application threads were stopped: 0.0000990 seconds
2015-02-20T15:21:22.016-0600: 10.471: Total time for which application threads were stopped: 0.0000990 seconds
2015-02-20T15:21:22.017-0600: 10.472: Total time for which application threads were stopped: 0.0000960 seconds
2015-02-20T15:21:22.041-0600: 10.496: Total time for which application threads were stopped: 0.0001540 seconds
2015-02-20T15:21:22.058-0600: 10.513: Total time for which application threads were stopped: 0.0001300 seconds
2015-02-20T15:21:22.131-0600: 10.586: Total time for which application threads were stopped: 0.0006100 seconds
2015-02-20T15:21:22.192-0600: 10.647: Total time for which application threads were stopped: 0.0001570 seconds
2015-02-20T15:21:22.202-0600: 10.657: Total time for which application threads were stopped: 0.0003030 seconds
2015-02-20T15:21:22.249-0600: 10.704: Total time for which application threads were stopped: 0.0001110 seconds
2015-02-20T15:21:22.256-0600: 10.711: Total time for which application threads were stopped: 0.0001110 seconds
2015-02-20T15:21:22.525-0600: 10.980: Total time for which application threads were stopped: 0.0008500 seconds
2015-02-20T15:21:22.525-0600: 10.980: Total time for which application threads were stopped: 0.0000530 seconds
2015-02-20T15:21:22.525-0600: 10.980: Total time for which application threads were stopped: 0.0000570 seconds
2015-02-20T15:21:22.533-0600: 10.988: Total time for which application threads were stopped: 0.0072840 seconds
2015-02-20T15:21:22.533-0600: 10.988: Total time for which application threads were stopped: 0.0001310 seconds
2015-02-20T15:21:22.576-0600: 11.031: Total time for which application threads were stopped: 0.0003350 seconds
2015-02-20T15:21:22.576-0600: 11.031: Total time for which application threads were stopped: 0.0000950 seconds
2015-02-20T15:21:22.577-0600: 11.032: Total time for which application threads were stopped: 0.0011190 seconds
2015-02-20T15:21:22.578-0600: 11.033: Total time for which application threads were stopped: 0.0000840 seconds
2015-02-20T15:21:22.586-0600: 11.041: Total time for which application threads were stopped: 0.0002050 seconds
2015-02-20T15:21:22.614-0600: 11.069: Total time for which application threads were stopped: 0.0001460 seconds
2015-02-20T15:21:22.615-0600: 11.070: Total time for which application threads were stopped: 0.0001600 seconds
2015-02-20T15:21:22.684-0600: 11.140: Total time for which application threads were stopped: 0.0001430 seconds
2015-02-20T15:21:22.728-0600: 11.183: Total time for which application threads were stopped: 0.0001780 seconds
2015-02-20T15:21:23.441-0600: 11.896: Total time for which application threads were stopped: 0.0002340 seconds
2015-02-20T15:21:24.798-0600: 13.253: Total time for which application threads were stopped: 0.0003150 seconds
2015-02-20T15:21:26.570-0600: 15.025: Total time for which application threads were stopped: 0.0002530 seconds
2015-02-20T15:21:26.860-0600: 15.315: Total time for which application threads were stopped: 0.0002040 seconds
2015-02-20T15:21:26.893-0600: 15.348: Total time for which application threads were stopped: 0.0001220 seconds
2015-02-20T15:21:27.094-0600: 15.549: Total time for which application threads were stopped: 0.0002490 seconds
2015-02-20T15:21:27.094-0600: 15.549: Total time for which application threads were stopped: 0.0001380 seconds
2015-02-20T15:21:27.095-0600: 15.550: Total time for which application threads were stopped: 0.0001350 seconds
2015-02-20T15:21:27.095-0600: 15.550: Total time for which application threads were stopped: 0.0001450 seconds
2015-02-20T15:21:27.096-0600: 15.551: Total time for which application threads were stopped: 0.0001620 seconds
2015-02-20T15:21:27.097-0600: 15.552: Total time for which application threads were stopped: 0.0001200 seconds
2015-02-20T15:21:27.097-0600: 15.552: Total time for which application threads were stopped: 0.0001440 seconds
2015-02-20T15:21:27.098-0600: 15.553: Total time for which application threads were stopped: 0.0001860 seconds
2015-02-20T15:21:27.099-0600: 15.554: Total time for which application threads were stopped: 0.0001540 seconds
2015-02-20T15:21:27.099-0600: 15.554: Total time for which application threads were stopped: 0.0001330 seconds
2015-02-20T15:21:27.101-0600: 15.556: Total time for which application threads were stopped: 0.0001200 seconds
2015-02-20T15:21:27.132-0600: 15.587: Total time for which application threads were stopped: 0.0002530 seconds
2015-02-20T15:21:27.148-0600: 15.603: Total time for which application threads were stopped: 0.0005110 seconds
2015-02-20T15:21:27.151-0600: 15.606: Total time for which application threads were stopped: 0.0001340 seconds
2015-02-20T15:21:27.199-0600: 15.654: Total time for which application threads were stopped: 0.0001240 seconds
2015-02-20T15:21:27.208-0600: 15.663: Total time for which application threads were stopped: 0.0001620 seconds
2015-02-20T15:21:27.244-0600: 15.699: Total time for which application threads were stopped: 0.0004800 seconds
2015-02-20T15:21:27.247-0600: 15.702: Total time for which application threads were stopped: 0.0001270 seconds
2015-02-20T15:21:28.135-0600: 16.590: Total time for which application threads were stopped: 0.0002300 seconds
2015-02-20T15:21:28.138-0600: 16.593: Total time for which application threads were stopped: 0.0000960 seconds
2015-02-20T15:21:28.165-0600: 16.620: Total time for which application threads were stopped: 0.0002510 seconds
2015-02-20T15:21:28.191-0600: 16.646: Total time for which application threads were stopped: 0.0001620 seconds
2015-02-20T15:21:28.192-0600: 16.647: Total time for which application threads were stopped: 0.0001820 seconds
2015-02-20T15:21:28.192-0600: 16.647: Total time for which application threads were stopped: 0.0001460 seconds
2015-02-20T15:21:28.194-0600: 16.649: Total time for which application threads were stopped: 0.0002260 seconds
2015-02-20T15:21:28.194-0600: 16.649: Total time for which application threads were stopped: 0.0000690 seconds
2015-02-20T15:21:28.195-0600: 16.650: Total time for which application threads were stopped: 0.0000770 seconds
2015-02-20T15:21:28.195-0600: 16.650: Total time for which application threads were stopped: 0.0000510 seconds
2015-02-20T15:21:28.196-0600: 16.651: Total time for which application threads were stopped: 0.0000500 seconds
2015-02-20T15:21:28.197-0600: 16.652: Total time for which application threads were stopped: 0.0001470 seconds
2015-02-20T15:21:28.200-0600: 16.655: Total time for which application threads were stopped: 0.0002380 seconds
2015-02-20T15:21:28.201-0600: 16.656: Total time for which application threads were stopped: 0.0001670 seconds
2015-02-20T15:21:28.201-0600: 16.656: Total time for which application threads were stopped: 0.0001380 seconds
2015-02-20T15:21:28.202-0600: 16.657: Total time for which application threads were stopped: 0.0001590 seconds
2015-02-20T15:21:28.203-0600: 16.658: Total time for which application threads were stopped: 0.0000680 seconds
2015-02-20T15:21:28.204-0600: 16.659: Total time for which application threads were stopped: 0.0000910 seconds
2015-02-20T15:21:28.208-0600: 16.663: Total time for which application threads were stopped: 0.0001520 seconds
2015-02-20T15:21:28.208-0600: 16.663: Total time for which application threads were stopped: 0.0000430 seconds
2015-02-20T15:21:28.208-0600: 16.663: Total time for which application threads were stopped: 0.0000490 seconds
2015-02-20T15:21:28.212-0600: 16.667: Total time for which application threads were stopped: 0.0001410 seconds
2015-02-20T15:21:28.346-0600: 16.801: Total time for which application threads were stopped: 0.0002370 seconds
2015-02-20T15:21:28.347-0600: 16.802: Total time for which application threads were stopped: 0.0000590 seconds
2015-02-20T15:21:28.347-0600: 16.802: Total time for which application threads were stopped: 0.0000490 seconds
2015-02-20T15:21:28.348-0600: 16.803: Total time for which application threads were stopped: 0.0000380 seconds
2015-02-20T15:21:28.348-0600: 16.803: Total time for which application threads were stopped: 0.0000350 seconds
2015-02-20T15:21:28.377-0600: 16.833: Total time for which application threads were stopped: 0.0002250 seconds
2015-02-20T15:21:28.381-0600: 16.836: Total time for which application threads were stopped: 0.0002240 seconds
2015-02-20T15:21:28.381-0600: 16.837: Total time for which application threads were stopped: 0.0001430 seconds
2015-02-20T15:21:29.708-0600: 18.164: Total time for which application threads were stopped: 0.0003950 seconds
2015-02-20T15:21:29.709-0600: 18.164: Total time for which application threads were stopped: 0.0000530 seconds
2015-02-20T15:21:29.709-0600: 18.164: Total time for which application threads were stopped: 0.0000410 seconds
2015-02-20T15:21:29.709-0600: 18.164: Total time for which application threads were stopped: 0.0000370 seconds
{Heap before GC invocations=1 (full 0):
 par new generation   total 109248K, used 96132K [0x8ac00000, 0x92c00000, 0x92c00000)
  eden space 87424K, 100% used [0x8ac00000, 0x90160000, 0x90160000)
  from space 21824K,  39% used [0x916b0000, 0x91f31178, 0x92c00000)
  to   space 21824K,   0% used [0x90160000, 0x90160000, 0x916b0000)
 concurrent mark-sweep generation total 393216K, used 0K [0x92c00000, 0xaac00000, 0xaac00000)
 concurrent-mark-sweep perm gen total 16384K, used 15424K [0xaac00000, 0xabc00000, 0xb2c00000)
2015-02-20T15:21:30.150-0600: 18.605: [GC2015-02-20T15:21:30.150-0600: 18.605: [ParNew
Desired survivor size 20112996 bytes, new threshold 8 (max 8)
- age   1:    7849176 bytes,    7849176 total
- age   2:    3003840 bytes,   10853016 total
: 96132K->13315K(109248K), 0.0672520 secs] 96132K->13315K(502464K), 0.0674280 secs] [Times: user=0.07 sys=0.06, real=0.06 secs] 
Heap after GC invocations=2 (full 0):
 par new generation   total 109248K, used 13315K [0x8ac00000, 0x92c00000, 0x92c00000)
  eden space 87424K,   0% used [0x8ac00000, 0x8ac00000, 0x90160000)
  from space 21824K,  61% used [0x90160000, 0x90e60fe0, 0x916b0000)
  to   space 21824K,   0% used [0x916b0000, 0x916b0000, 0x92c00000)
 concurrent mark-sweep generation total 393216K, used 0K [0x92c00000, 0xaac00000, 0xaac00000)
 concurrent-mark-sweep perm gen total 16384K, used 15424K [0xaac00000, 0xabc00000, 0xb2c00000)
}
2015-02-20T15:21:30.217-0600: 18.672: Total time for which application threads were stopped: 0.0679750 seconds
2015-02-20T15:21:30.222-0600: 18.677: Total time for which application threads were stopped: 0.0014180 seconds
2015-02-20T15:21:30.223-0600: 18.678: Total time for which application threads were stopped: 0.0000720 seconds
2015-02-20T15:21:30.223-0600: 18.678: Total time for which application threads were stopped: 0.0003890 seconds
2015-02-20T15:21:30.223-0600: 18.678: Total time for which application threads were stopped: 0.0001780 seconds
2015-02-20T15:21:30.223-0600: 18.678: Total time for which application threads were stopped: 0.0000310 seconds
2015-02-20T15:21:30.224-0600: 18.679: Total time for which application threads were stopped: 0.0001130 seconds
2015-02-20T15:21:30.224-0600: 18.679: Total time for which application threads were stopped: 0.0000170 seconds
2015-02-20T15:21:30.224-0600: 18.679: Total time for which application threads were stopped: 0.0000150 seconds
2015-02-20T15:21:30.224-0600: 18.679: Total time for which application threads were stopped: 0.0000150 seconds
2015-02-20T15:21:30.224-0600: 18.679: Total time for which application threads were stopped: 0.0000150 seconds
2015-02-20T15:21:30.224-0600: 18.679: Total time for which application threads were stopped: 0.0000150 seconds
2015-02-20T15:21:30.224-0600: 18.679: Total time for which application threads were stopped: 0.0000150 seconds
2015-02-20T15:21:30.224-0600: 18.679: Total time for which application threads were stopped: 0.0001100 seconds
2015-02-20T15:21:30.224-0600: 18.679: Total time for which application threads were stopped: 0.0000150 seconds
2015-02-20T15:21:30.224-0600: 18.679: Total time for which application threads were stopped: 0.0000150 seconds
2015-02-20T15:21:30.224-0600: 18.679: Total time for which application threads were stopped: 0.0000140 seconds
2015-02-20T15:21:30.224-0600: 18.679: Total time for which application threads were stopped: 0.0000140 seconds
2015-02-20T15:21:30.224-0600: 18.679: Total time for which application threads were stopped: 0.0000150 seconds
2015-02-20T15:21:30.224-0600: 18.679: Total time for which application threads were stopped: 0.0000140 seconds
2015-02-20T15:21:30.224-0600: 18.679: Total time for which application threads were stopped: 0.0001660 seconds
2015-02-20T15:21:30.225-0600: 18.680: Total time for which application threads were stopped: 0.0000290 seconds
2015-02-20T15:21:30.225-0600: 18.680: Total time for which application threads were stopped: 0.0000280 seconds
2015-02-20T15:21:30.225-0600: 18.680: Total time for which application threads were stopped: 0.0001210 seconds
2015-02-20T15:21:30.225-0600: 18.681: Total time for which application threads were stopped: 0.0000830 seconds
2015-02-20T15:21:30.226-0600: 18.681: Total time for which application threads were stopped: 0.0000600 seconds
2015-02-20T15:21:30.228-0600: 18.683: Total time for which application threads were stopped: 0.0002580 seconds
2015-02-20T15:21:30.294-0600: 18.750: Total time for which application threads were stopped: 0.0001540 seconds
2015-02-20T15:21:30.296-0600: 18.752: Total time for which application threads were stopped: 0.0001490 seconds
2015-02-20T15:21:30.297-0600: 18.752: Total time for which application threads were stopped: 0.0001370 seconds
2015-02-20T15:21:30.298-0600: 18.753: Total time for which application threads were stopped: 0.0001640 seconds
2015-02-20T15:21:30.407-0600: 18.862: Total time for which application threads were stopped: 0.0003130 seconds
2015-02-20T15:21:30.407-0600: 18.862: Total time for which application threads were stopped: 0.0001230 seconds
2015-02-20T15:21:30.408-0600: 18.863: Total time for which application threads were stopped: 0.0000410 seconds
2015-02-20T15:21:30.410-0600: 18.865: Total time for which application threads were stopped: 0.0000840 seconds
2015-02-20T15:21:30.410-0600: 18.865: Total time for which application threads were stopped: 0.0000360 seconds
2015-02-20T15:21:30.417-0600: 18.872: Total time for which application threads were stopped: 0.0002200 seconds
2015-02-20T15:21:30.417-0600: 18.872: Total time for which application threads were stopped: 0.0001360 seconds
2015-02-20T15:21:30.418-0600: 18.873: Total time for which application threads were stopped: 0.0001590 seconds
2015-02-20T15:21:30.426-0600: 18.881: Total time for which application threads were stopped: 0.0002600 seconds
2015-02-20T15:21:30.428-0600: 18.883: Total time for which application threads were stopped: 0.0002950 seconds
2015-02-20T15:21:30.429-0600: 18.884: Total time for which application threads were stopped: 0.0001620 seconds
2015-02-20T15:21:30.430-0600: 18.885: Total time for which application threads were stopped: 0.0002270 seconds
2015-02-20T15:21:30.431-0600: 18.886: Total time for which application threads were stopped: 0.0001530 seconds
2015-02-20T15:21:30.480-0600: 18.935: Total time for which application threads were stopped: 0.0002800 seconds
2015-02-20T15:21:30.763-0600: 19.218: Total time for which application threads were stopped: 0.0003500 seconds
2015-02-20T15:21:30.763-0600: 19.218: Total time for which application threads were stopped: 0.0001700 seconds
2015-02-20T15:21:30.764-0600: 19.219: Total time for which application threads were stopped: 0.0001370 seconds
2015-02-20T15:21:30.833-0600: 19.288: Total time for which application threads were stopped: 0.0002320 seconds
2015-02-20T15:21:30.833-0600: 19.288: Total time for which application threads were stopped: 0.0001400 seconds
2015-02-20T15:21:30.834-0600: 19.289: Total time for which application threads were stopped: 0.0001590 seconds
2015-02-20T15:21:30.835-0600: 19.290: Total time for which application threads were stopped: 0.0001200 seconds
2015-02-20T15:21:30.835-0600: 19.290: Total time for which application threads were stopped: 0.0002650 seconds
2015-02-20T15:21:30.836-0600: 19.291: Total time for which application threads were stopped: 0.0002290 seconds
{Heap before GC invocations=2 (full 0):
 par new generation   total 109248K, used 100739K [0x8ac00000, 0x92c00000, 0x92c00000)
  eden space 87424K, 100% used [0x8ac00000, 0x90160000, 0x90160000)
  from space 21824K,  61% used [0x90160000, 0x90e60fe0, 0x916b0000)
  to   space 21824K,   0% used [0x916b0000, 0x916b0000, 0x92c00000)
 concurrent mark-sweep generation total 393216K, used 0K [0x92c00000, 0xaac00000, 0xaac00000)
 concurrent-mark-sweep perm gen total 16384K, used 16152K [0xaac00000, 0xabc00000, 0xb2c00000)
2015-02-20T15:21:30.872-0600: 19.327: [GC2015-02-20T15:21:30.872-0600: 19.327: [ParNew
Desired survivor size 20112996 bytes, new threshold 8 (max 8)
- age   1:    1950448 bytes,    1950448 total
- age   2:    4082088 bytes,    6032536 total
- age   3:    2999008 bytes,    9031544 total
: 100739K->13350K(109248K), 0.0329100 secs] 100739K->13350K(502464K), 0.0332710 secs] [Times: user=0.06 sys=0.00, real=0.03 secs] 
Heap after GC invocations=3 (full 0):
 par new generation   total 109248K, used 13350K [0x8ac00000, 0x92c00000, 0x92c00000)
  eden space 87424K,   0% used [0x8ac00000, 0x8ac00000, 0x90160000)
  from space 21824K,  61% used [0x916b0000, 0x923b9830, 0x92c00000)
  to   space 21824K,   0% used [0x90160000, 0x90160000, 0x916b0000)
 concurrent mark-sweep generation total 393216K, used 0K [0x92c00000, 0xaac00000, 0xaac00000)
 concurrent-mark-sweep perm gen total 16384K, used 16152K [0xaac00000, 0xabc00000, 0xb2c00000)
}
2015-02-20T15:21:30.906-0600: 19.361: Total time for which application threads were stopped: 0.0336990 seconds
2015-02-20T15:21:30.906-0600: 19.361: Total time for which application threads were stopped: 0.0000990 seconds
2015-02-20T15:21:31.151-0600: 19.606: Total time for which application threads were stopped: 0.0002860 seconds
2015-02-20T15:21:31.154-0600: 19.609: Total time for which application threads were stopped: 0.0001540 seconds
2015-02-20T15:21:31.155-0600: 19.610: Total time for which application threads were stopped: 0.0000430 seconds
{Heap before GC invocations=3 (full 0):
 par new generation   total 109248K, used 100774K [0x8ac00000, 0x92c00000, 0x92c00000)
  eden space 87424K, 100% used [0x8ac00000, 0x90160000, 0x90160000)
  from space 21824K,  61% used [0x916b0000, 0x923b9830, 0x92c00000)
  to   space 21824K,   0% used [0x90160000, 0x90160000, 0x916b0000)
 concurrent mark-sweep generation total 393216K, used 0K [0x92c00000, 0xaac00000, 0xaac00000)
 concurrent-mark-sweep perm gen total 16768K, used 16645K [0xaac00000, 0xabc60000, 0xb2c00000)
2015-02-20T15:21:31.397-0600: 19.853: [GC2015-02-20T15:21:31.398-0600: 19.853: [ParNew
Desired survivor size 20112996 bytes, new threshold 8 (max 8)
- age   1:     938336 bytes,     938336 total
- age   2:     992192 bytes,    1930528 total
- age   3:    4067240 bytes,    5997768 total
- age   4:    2998616 bytes,    8996384 total
: 100774K->11074K(109248K), 0.0305670 secs] 100774K->11074K(502464K), 0.0308930 secs] [Times: user=0.06 sys=0.00, real=0.04 secs] 
Heap after GC invocations=4 (full 0):
 par new generation   total 109248K, used 11074K [0x8ac00000, 0x92c00000, 0x92c00000)
  eden space 87424K,   0% used [0x8ac00000, 0x8ac00000, 0x90160000)
  from space 21824K,  50% used [0x90160000, 0x90c30bb0, 0x916b0000)
  to   space 21824K,   0% used [0x916b0000, 0x916b0000, 0x92c00000)
 concurrent mark-sweep generation total 393216K, used 0K [0x92c00000, 0xaac00000, 0xaac00000)
 concurrent-mark-sweep perm gen total 16768K, used 16645K [0xaac00000, 0xabc60000, 0xb2c00000)
}
2015-02-20T15:21:31.428-0600: 19.884: Total time for which application threads were stopped: 0.0316170 seconds
2015-02-20T15:21:31.433-0600: 19.888: Total time for which application threads were stopped: 0.0002010 seconds
2015-02-20T15:21:31.434-0600: 19.889: Total time for which application threads were stopped: 0.0001320 seconds
2015-02-20T15:21:31.434-0600: 19.889: Total time for which application threads were stopped: 0.0001250 seconds
2015-02-20T15:21:31.435-0600: 19.890: Total time for which application threads were stopped: 0.0000710 seconds
2015-02-20T15:21:31.479-0600: 19.935: Total time for which application threads were stopped: 0.0003280 seconds
2015-02-20T15:21:31.490-0600: 19.945: Total time for which application threads were stopped: 0.0002870 seconds
2015-02-20T15:21:31.491-0600: 19.946: Total time for which application threads were stopped: 0.0003810 seconds
2015-02-20T15:21:31.492-0600: 19.947: Total time for which application threads were stopped: 0.0002080 seconds
2015-02-20T15:21:31.729-0600: 20.184: Total time for which application threads were stopped: 0.0003210 seconds
2015-02-20T15:21:31.947-0600: 20.402: Total time for which application threads were stopped: 0.0004160 seconds
2015-02-20T15:21:31.982-0600: 20.437: Total time for which application threads were stopped: 0.0002690 seconds
2015-02-20T15:21:32.282-0600: 20.738: Total time for which application threads were stopped: 0.0002950 seconds
2015-02-20T15:21:32.283-0600: 20.738: Total time for which application threads were stopped: 0.0000600 seconds
2015-02-20T15:21:32.294-0600: 20.749: Total time for which application threads were stopped: 0.0002450 seconds
2015-02-20T15:21:32.306-0600: 20.761: Total time for which application threads were stopped: 0.0001680 seconds
2015-02-20T15:21:32.306-0600: 20.761: Total time for which application threads were stopped: 0.0000380 seconds
2015-02-20T15:21:32.359-0600: 20.814: Total time for which application threads were stopped: 0.0001480 seconds
2015-02-20T15:21:32.439-0600: 20.894: Total time for which application threads were stopped: 0.0001790 seconds
2015-02-20T15:21:32.554-0600: 21.009: Total time for which application threads were stopped: 0.0005910 seconds
2015-02-20T15:21:32.573-0600: 21.028: Total time for which application threads were stopped: 0.0002440 seconds
2015-02-20T15:21:32.590-0600: 21.045: Total time for which application threads were stopped: 0.0002840 seconds
2015-02-20T15:21:32.591-0600: 21.046: Total time for which application threads were stopped: 0.0002260 seconds
2015-02-20T15:21:32.619-0600: 21.074: Total time for which application threads were stopped: 0.0002000 seconds
2015-02-20T15:21:32.651-0600: 21.106: Total time for which application threads were stopped: 0.0002090 seconds
2015-02-20T15:21:32.669-0600: 21.124: Total time for which application threads were stopped: 0.0001560 seconds
2015-02-20T15:21:32.727-0600: 21.182: Total time for which application threads were stopped: 0.0001280 seconds
2015-02-20T15:21:32.761-0600: 21.216: Total time for which application threads were stopped: 0.0003240 seconds
2015-02-20T15:21:32.795-0600: 21.250: Total time for which application threads were stopped: 0.0002000 seconds
2015-02-20T15:21:32.799-0600: 21.254: Total time for which application threads were stopped: 0.0002010 seconds
2015-02-20T15:21:33.021-0600: 21.476: Total time for which application threads were stopped: 0.0002420 seconds
2015-02-20T15:21:33.028-0600: 21.483: Total time for which application threads were stopped: 0.0001740 seconds
2015-02-20T15:21:33.107-0600: 21.562: Total time for which application threads were stopped: 0.0004760 seconds
2015-02-20T15:21:33.142-0600: 21.597: Total time for which application threads were stopped: 0.0001360 seconds
2015-02-20T15:21:33.267-0600: 21.722: Total time for which application threads were stopped: 0.0001370 seconds
2015-02-20T15:21:33.374-0600: 21.829: Total time for which application threads were stopped: 0.0002380 seconds
2015-02-20T15:21:33.497-0600: 21.952: Total time for which application threads were stopped: 0.0001820 seconds
2015-02-20T15:25:28.407-0600: 256.862: Total time for which application threads were stopped: 0.0003190 seconds
2015-02-20T15:25:28.413-0600: 256.868: Total time for which application threads were stopped: 0.0002070 seconds
2015-02-20T15:25:28.440-0600: 256.895: Total time for which application threads were stopped: 0.0001890 seconds
2015-02-20T15:25:28.440-0600: 256.895: Total time for which application threads were stopped: 0.0001170 seconds
2015-02-20T15:25:28.462-0600: 256.917: Total time for which application threads were stopped: 0.0001540 seconds
2015-02-20T15:25:28.471-0600: 256.926: Total time for which application threads were stopped: 0.0002800 seconds
2015-02-20T15:25:29.935-0600: 258.390: Total time for which application threads were stopped: 0.0002650 seconds
2015-02-20T15:25:29.935-0600: 258.390: Total time for which application threads were stopped: 0.0000340 seconds
2015-02-20T15:25:29.940-0600: 258.395: Total time for which application threads were stopped: 0.0001300 seconds
2015-02-20T15:25:29.940-0600: 258.395: Total time for which application threads were stopped: 0.0000340 seconds
2015-02-20T15:25:30.023-0600: 258.478: Total time for which application threads were stopped: 0.0001680 seconds
2015-02-20T15:25:30.024-0600: 258.479: Total time for which application threads were stopped: 0.0000710 seconds
2015-02-20T15:25:30.030-0600: 258.485: Total time for which application threads were stopped: 0.0003350 seconds
2015-02-20T15:25:30.031-0600: 258.486: Total time for which application threads were stopped: 0.0000330 seconds
2015-02-20T15:25:30.159-0600: 258.614: Total time for which application threads were stopped: 0.0003020 seconds
2015-02-20T15:25:31.159-0600: 259.614: Total time for which application threads were stopped: 0.0002370 seconds
2015-02-20T15:25:31.530-0600: 259.985: Total time for which application threads were stopped: 0.0005550 seconds
2015-02-20T15:25:31.710-0600: 260.166: Total time for which application threads were stopped: 0.0005270 seconds
2015-02-20T15:25:31.751-0600: 260.206: Total time for which application threads were stopped: 0.0001580 seconds
2015-02-20T15:25:31.752-0600: 260.207: Total time for which application threads were stopped: 0.0000530 seconds
2015-02-20T15:25:31.956-0600: 260.411: Total time for which application threads were stopped: 0.0001300 seconds
2015-02-20T15:25:31.956-0600: 260.411: Total time for which application threads were stopped: 0.0000280 seconds
2015-02-20T15:25:32.956-0600: 261.411: Total time for which application threads were stopped: 0.0003600 seconds
2015-02-20T15:26:21.323-0600: 309.778: Total time for which application threads were stopped: 0.0004000 seconds
2015-02-20T15:26:22.324-0600: 310.779: Total time for which application threads were stopped: 0.0003680 seconds
2015-02-20T15:26:22.345-0600: 310.800: Total time for which application threads were stopped: 0.0001990 seconds
2015-02-20T15:26:22.453-0600: 310.908: Total time for which application threads were stopped: 0.0001960 seconds
2015-02-20T15:26:31.809-0600: 320.264: Total time for which application threads were stopped: 0.0004310 seconds
2015-02-20T15:26:31.956-0600: 320.412: Total time for which application threads were stopped: 0.0001890 seconds
2015-02-20T15:33:30.221-0600: 738.676: Total time for which application threads were stopped: 0.0244710 seconds
2015-02-20T15:33:30.221-0600: 738.676: Total time for which application threads were stopped: 0.0001970 seconds
2015-02-20T15:33:30.262-0600: 738.717: Total time for which application threads were stopped: 0.0204170 seconds
2015-02-20T15:33:30.437-0600: 738.892: Total time for which application threads were stopped: 0.0001810 seconds
2015-02-20T15:33:30.437-0600: 738.892: Total time for which application threads were stopped: 0.0000740 seconds
2015-02-20T15:33:30.441-0600: 738.896: Total time for which application threads were stopped: 0.0001470 seconds
2015-02-20T15:33:30.441-0600: 738.896: Total time for which application threads were stopped: 0.0001300 seconds
2015-02-20T15:33:30.447-0600: 738.902: Total time for which application threads were stopped: 0.0001150 seconds
2015-02-20T15:33:30.447-0600: 738.902: Total time for which application threads were stopped: 0.0002170 seconds
2015-02-20T15:33:30.681-0600: 739.136: Total time for which application threads were stopped: 0.0989600 seconds
2015-02-20T15:33:30.681-0600: 739.136: Total time for which application threads were stopped: 0.0000320 seconds
2015-02-20T15:33:30.687-0600: 739.142: Total time for which application threads were stopped: 0.0029540 seconds
2015-02-20T15:33:30.697-0600: 739.152: Total time for which application threads were stopped: 0.0001450 seconds
2015-02-20T15:33:31.700-0600: 740.155: Total time for which application threads were stopped: 0.0003600 seconds
2015-02-20T15:33:32.371-0600: 740.826: Total time for which application threads were stopped: 0.0810560 seconds
2015-02-20T15:33:32.375-0600: 740.830: Total time for which application threads were stopped: 0.0034740 seconds
2015-02-20T15:33:32.515-0600: 740.971: Total time for which application threads were stopped: 0.0001580 seconds
2015-02-20T15:33:32.516-0600: 740.971: Total time for which application threads were stopped: 0.0000450 seconds
2015-02-20T15:34:20.751-0600: 789.206: Total time for which application threads were stopped: 0.0004790 seconds
2015-02-20T15:34:21.372-0600: 789.827: Total time for which application threads were stopped: 0.0008730 seconds
2015-02-20T15:34:21.372-0600: 789.827: Total time for which application threads were stopped: 0.0000290 seconds
2015-02-20T15:34:21.388-0600: 789.843: Total time for which application threads were stopped: 0.0001230 seconds
2015-02-20T15:34:21.388-0600: 789.843: Total time for which application threads were stopped: 0.0000230 seconds
2015-02-20T15:34:22.844-0600: 791.299: Total time for which application threads were stopped: 0.0003530 seconds
2015-02-20T15:34:32.376-0600: 800.831: Total time for which application threads were stopped: 0.0003920 seconds
2015-02-20T15:34:32.516-0600: 800.971: Total time for which application threads were stopped: 0.0001900 seconds
{Heap before GC invocations=4 (full 0):
 par new generation   total 109248K, used 98498K [0x8ac00000, 0x92c00000, 0x92c00000)
  eden space 87424K, 100% used [0x8ac00000, 0x90160000, 0x90160000)
  from space 21824K,  50% used [0x90160000, 0x90c30bb0, 0x916b0000)
  to   space 21824K,   0% used [0x916b0000, 0x916b0000, 0x92c00000)
 concurrent mark-sweep generation total 393216K, used 0K [0x92c00000, 0xaac00000, 0xaac00000)
 concurrent-mark-sweep perm gen total 21120K, used 21066K [0xaac00000, 0xac0a0000, 0xb2c00000)
2015-02-20T15:45:14.456-0600: 1442.911: [GC2015-02-20T15:45:14.535-0600: 1442.990: [ParNew
Desired survivor size 20112996 bytes, new threshold 8 (max 8)
- age   1:   10426672 bytes,   10426672 total
- age   2:     165056 bytes,   10591728 total
- age   3:     230120 bytes,   10821848 total
- age   4:    4027776 bytes,   14849624 total
- age   5:    2953608 bytes,   17803232 total
: 98498K->19493K(109248K), 12.8874420 secs] 98498K->19493K(502464K), 12.9724320 secs] [Times: user=1.50 sys=0.42, real=12.98 secs] 
Heap after GC invocations=5 (full 0):
 par new generation   total 109248K, used 19493K [0x8ac00000, 0x92c00000, 0x92c00000)
  eden space 87424K,   0% used [0x8ac00000, 0x8ac00000, 0x90160000)
  from space 21824K,  89% used [0x916b0000, 0x929b9520, 0x92c00000)
  to   space 21824K,   0% used [0x90160000, 0x90160000, 0x916b0000)
 concurrent mark-sweep generation total 393216K, used 0K [0x92c00000, 0xaac00000, 0xaac00000)
 concurrent-mark-sweep perm gen total 21120K, used 21066K [0xaac00000, 0xac0a0000, 0xb2c00000)
}
2015-02-20T15:45:27.429-0600: 1455.884: Total time for which application threads were stopped: 13.3355940 seconds
2015-02-20T15:45:27.604-0600: 1456.059: Total time for which application threads were stopped: 0.0875570 seconds
2015-02-20T15:45:27.606-0600: 1456.061: Total time for which application threads were stopped: 0.0002460 seconds
2015-02-20T15:45:28.416-0600: 1456.871: Total time for which application threads were stopped: 0.0152440 seconds
2015-02-20T15:45:28.448-0600: 1456.903: Total time for which application threads were stopped: 0.0067170 seconds
2015-02-20T15:45:28.448-0600: 1456.903: Total time for which application threads were stopped: 0.0001330 seconds
2015-02-20T15:45:28.471-0600: 1456.926: Total time for which application threads were stopped: 0.0066970 seconds
2015-02-20T15:45:28.477-0600: 1456.932: Total time for which application threads were stopped: 0.0001980 seconds
2015-02-20T15:45:28.478-0600: 1456.933: Total time for which application threads were stopped: 0.0002080 seconds
2015-02-20T15:45:29.266-0600: 1457.721: Total time for which application threads were stopped: 0.0275400 seconds
2015-02-20T15:45:30.333-0600: 1458.788: Total time for which application threads were stopped: 0.0672820 seconds
2015-02-20T15:45:33.345-0600: 1461.800: Total time for which application threads were stopped: 0.0113180 seconds
2015-02-20T15:45:34.385-0600: 1462.840: Total time for which application threads were stopped: 0.0400000 seconds
2015-02-20T15:45:36.431-0600: 1464.886: Total time for which application threads were stopped: 0.0454680 seconds
2015-02-20T15:45:39.446-0600: 1467.901: Total time for which application threads were stopped: 0.0143940 seconds
{Heap before GC invocations=5 (full 0):
 par new generation   total 109248K, used 106917K [0x8ac00000, 0x92c00000, 0x92c00000)
  eden space 87424K, 100% used [0x8ac00000, 0x90160000, 0x90160000)
  from space 21824K,  89% used [0x916b0000, 0x929b9520, 0x92c00000)
  to   space 21824K,   0% used [0x90160000, 0x90160000, 0x916b0000)
 concurrent mark-sweep generation total 393216K, used 0K [0x92c00000, 0xaac00000, 0xaac00000)
 concurrent-mark-sweep perm gen total 21248K, used 21140K [0xaac00000, 0xac0c0000, 0xb2c00000)
2015-02-20T15:45:40.029-0600: 1468.484: [GC2015-02-20T15:45:40.029-0600: 1468.484: [ParNew
Desired survivor size 20112996 bytes, new threshold 8 (max 8)
- age   1:      63288 bytes,      63288 total
- age   2:    5373552 bytes,    5436840 total
- age   3:     138968 bytes,    5575808 total
- age   4:     208248 bytes,    5784056 total
- age   5:    4002688 bytes,    9786744 total
- age   6:    2513224 bytes,   12299968 total
: 106917K->15507K(109248K), 0.0522370 secs] 106917K->15507K(502464K), 0.0524480 secs] [Times: user=0.08 sys=0.01, real=0.05 secs] 
Heap after GC invocations=6 (full 0):
 par new generation   total 109248K, used 15507K [0x8ac00000, 0x92c00000, 0x92c00000)
  eden space 87424K,   0% used [0x8ac00000, 0x8ac00000, 0x90160000)
  from space 21824K,  71% used [0x90160000, 0x91084e30, 0x916b0000)
  to   space 21824K,   0% used [0x916b0000, 0x916b0000, 0x92c00000)
 concurrent mark-sweep generation total 393216K, used 0K [0x92c00000, 0xaac00000, 0xaac00000)
 concurrent-mark-sweep perm gen total 21248K, used 21140K [0xaac00000, 0xac0c0000, 0xb2c00000)
}
2015-02-20T15:45:40.090-0600: 1468.545: Total time for which application threads were stopped: 0.0723450 seconds
{Heap before GC invocations=6 (full 0):
 par new generation   total 109248K, used 102931K [0x8ac00000, 0x92c00000, 0x92c00000)
  eden space 87424K, 100% used [0x8ac00000, 0x90160000, 0x90160000)
  from space 21824K,  71% used [0x90160000, 0x91084e30, 0x916b0000)
  to   space 21824K,   0% used [0x916b0000, 0x916b0000, 0x92c00000)
 concurrent mark-sweep generation total 393216K, used 0K [0x92c00000, 0xaac00000, 0xaac00000)
 concurrent-mark-sweep perm gen total 21248K, used 21140K [0xaac00000, 0xac0c0000, 0xb2c00000)
2015-02-20T15:45:41.923-0600: 1470.378: [GC2015-02-20T15:45:41.923-0600: 1470.378: [ParNew
Desired survivor size 20112996 bytes, new threshold 8 (max 8)
- age   1:       1080 bytes,       1080 total
- age   2:      46384 bytes,      47464 total
- age   3:    5373552 bytes,    5421016 total
- age   4:     138968 bytes,    5559984 total
- age   5:     208248 bytes,    5768232 total
- age   6:    4002688 bytes,    9770920 total
- age   7:    2513224 bytes,   12284144 total
: 102931K->16218K(109248K), 0.0405210 secs] 102931K->16218K(502464K), 0.0407230 secs] [Times: user=0.08 sys=0.00, real=0.04 secs] 
Heap after GC invocations=7 (full 0):
 par new generation   total 109248K, used 16218K [0x8ac00000, 0x92c00000, 0x92c00000)
  eden space 87424K,   0% used [0x8ac00000, 0x8ac00000, 0x90160000)
  from space 21824K,  74% used [0x916b0000, 0x92686a10, 0x92c00000)
  to   space 21824K,   0% used [0x90160000, 0x90160000, 0x916b0000)
 concurrent mark-sweep generation total 393216K, used 0K [0x92c00000, 0xaac00000, 0xaac00000)
 concurrent-mark-sweep perm gen total 21248K, used 21140K [0xaac00000, 0xac0c0000, 0xb2c00000)
}
2015-02-20T15:45:41.964-0600: 1470.419: Total time for which application threads were stopped: 0.0992090 seconds
{Heap before GC invocations=7 (full 0):
 par new generation   total 109248K, used 103642K [0x8ac00000, 0x92c00000, 0x92c00000)
  eden space 87424K, 100% used [0x8ac00000, 0x90160000, 0x90160000)
  from space 21824K,  74% used [0x916b0000, 0x92686a10, 0x92c00000)
  to   space 21824K,   0% used [0x90160000, 0x90160000, 0x916b0000)
 concurrent mark-sweep generation total 393216K, used 0K [0x92c00000, 0xaac00000, 0xaac00000)
 concurrent-mark-sweep perm gen total 21248K, used 21140K [0xaac00000, 0xac0c0000, 0xb2c00000)
2015-02-20T15:45:43.448-0600: 1471.903: [GC2015-02-20T15:45:43.448-0600: 1471.903: [ParNew
Desired survivor size 20112996 bytes, new threshold 8 (max 8)
- age   1:        672 bytes,        672 total
- age   2:        440 bytes,       1112 total
- age   3:      46384 bytes,      47496 total
- age   4:    5373568 bytes,    5421064 total
- age   5:     138968 bytes,    5560032 total
- age   6:     208248 bytes,    5768280 total
- age   7:    4002688 bytes,    9770968 total
- age   8:    2513224 bytes,   12284192 total
: 103642K->15770K(109248K), 0.0339120 secs] 103642K->15770K(502464K), 0.0341410 secs] [Times: user=0.06 sys=0.00, real=0.03 secs] 
Heap after GC invocations=8 (full 0):
 par new generation   total 109248K, used 15770K [0x8ac00000, 0x92c00000, 0x92c00000)
  eden space 87424K,   0% used [0x8ac00000, 0x8ac00000, 0x90160000)
  from space 21824K,  72% used [0x90160000, 0x910c6b20, 0x916b0000)
  to   space 21824K,   0% used [0x916b0000, 0x916b0000, 0x92c00000)
 concurrent mark-sweep generation total 393216K, used 0K [0x92c00000, 0xaac00000, 0xaac00000)
 concurrent-mark-sweep perm gen total 21248K, used 21140K [0xaac00000, 0xac0c0000, 0xb2c00000)
}
2015-02-20T15:45:43.482-0600: 1471.937: Total time for which application threads were stopped: 0.0618910 seconds
{Heap before GC invocations=8 (full 0):
 par new generation   total 109248K, used 103194K [0x8ac00000, 0x92c00000, 0x92c00000)
  eden space 87424K, 100% used [0x8ac00000, 0x90160000, 0x90160000)
  from space 21824K,  72% used [0x90160000, 0x910c6b20, 0x916b0000)
  to   space 21824K,   0% used [0x916b0000, 0x916b0000, 0x92c00000)
 concurrent mark-sweep generation total 393216K, used 0K [0x92c00000, 0xaac00000, 0xaac00000)
 concurrent-mark-sweep perm gen total 21248K, used 21140K [0xaac00000, 0xac0c0000, 0xb2c00000)
2015-02-20T15:45:44.932-0600: 1473.387: [GC2015-02-20T15:45:44.932-0600: 1473.387: [ParNew
Desired survivor size 20112996 bytes, new threshold 8 (max 8)
- age   1:        968 bytes,        968 total
- age   2:        224 bytes,       1192 total
- age   3:        312 bytes,       1504 total
- age   4:      46384 bytes,      47888 total
- age   5:    5373552 bytes,    5421440 total
- age   6:     138968 bytes,    5560408 total
- age   7:     208248 bytes,    5768656 total
- age   8:    4002688 bytes,    9771344 total
: 103194K->12260K(109248K), 0.0788070 secs] 103194K->14869K(502464K), 0.0792270 secs] [Times: user=0.11 sys=0.00, real=0.08 secs] 
Heap after GC invocations=9 (full 0):
 par new generation   total 109248K, used 12260K [0x8ac00000, 0x92c00000, 0x92c00000)
  eden space 87424K,   0% used [0x8ac00000, 0x8ac00000, 0x90160000)
  from space 21824K,  56% used [0x916b0000, 0x922a9090, 0x92c00000)
  to   space 21824K,   0% used [0x90160000, 0x90160000, 0x916b0000)
 concurrent mark-sweep generation total 393216K, used 2609K [0x92c00000, 0xaac00000, 0xaac00000)
 concurrent-mark-sweep perm gen total 21248K, used 21140K [0xaac00000, 0xac0c0000, 0xb2c00000)
}
2015-02-20T15:45:45.011-0600: 1473.467: Total time for which application threads were stopped: 0.1108700 seconds
{Heap before GC invocations=9 (full 0):
 par new generation   total 109248K, used 99684K [0x8ac00000, 0x92c00000, 0x92c00000)
  eden space 87424K, 100% used [0x8ac00000, 0x90160000, 0x90160000)
  from space 21824K,  56% used [0x916b0000, 0x922a9090, 0x92c00000)
  to   space 21824K,   0% used [0x90160000, 0x90160000, 0x916b0000)
 concurrent mark-sweep generation total 393216K, used 2609K [0x92c00000, 0xaac00000, 0xaac00000)
 concurrent-mark-sweep perm gen total 21248K, used 21140K [0xaac00000, 0xac0c0000, 0xb2c00000)
2015-02-20T15:45:46.420-0600: 1474.875: [GC2015-02-20T15:45:46.420-0600: 1474.875: [ParNew
Desired survivor size 20112996 bytes, new threshold 8 (max 8)
- age   1:       1312 bytes,       1312 total
- age   2:        136 bytes,       1448 total
- age   3:        200 bytes,       1648 total
- age   4:        312 bytes,       1960 total
- age   5:      46184 bytes,      48144 total
- age   6:    5373552 bytes,    5421696 total
- age   7:     138968 bytes,    5560664 total
- age   8:     208248 bytes,    5768912 total
: 99684K->7204K(109248K), 0.0392660 secs] 102293K->13759K(502464K), 0.0397160 secs] [Times: user=0.06 sys=0.00, real=0.04 secs] 
Heap after GC invocations=10 (full 0):
 par new generation   total 109248K, used 7204K [0x8ac00000, 0x92c00000, 0x92c00000)
  eden space 87424K,   0% used [0x8ac00000, 0x8ac00000, 0x90160000)
  from space 21824K,  33% used [0x90160000, 0x90869270, 0x916b0000)
  to   space 21824K,   0% used [0x916b0000, 0x916b0000, 0x92c00000)
 concurrent mark-sweep generation total 393216K, used 6555K [0x92c00000, 0xaac00000, 0xaac00000)
 concurrent-mark-sweep perm gen total 21248K, used 21140K [0xaac00000, 0xac0c0000, 0xb2c00000)
}
2015-02-20T15:45:46.460-0600: 1474.915: Total time for which application threads were stopped: 0.0553120 seconds
{Heap before GC invocations=10 (full 0):
 par new generation   total 109248K, used 94628K [0x8ac00000, 0x92c00000, 0x92c00000)
  eden space 87424K, 100% used [0x8ac00000, 0x90160000, 0x90160000)
  from space 21824K,  33% used [0x90160000, 0x90869270, 0x916b0000)
  to   space 21824K,   0% used [0x916b0000, 0x916b0000, 0x92c00000)
 concurrent mark-sweep generation total 393216K, used 6555K [0x92c00000, 0xaac00000, 0xaac00000)
 concurrent-mark-sweep perm gen total 21248K, used 21140K [0xaac00000, 0xac0c0000, 0xb2c00000)
2015-02-20T15:45:47.968-0600: 1476.423: [GC2015-02-20T15:45:47.968-0600: 1476.423: [ParNew
Desired survivor size 20112996 bytes, new threshold 8 (max 8)
- age   1:        696 bytes,        696 total
- age   2:        360 bytes,       1056 total
- age   3:        136 bytes,       1192 total
- age   4:        200 bytes,       1392 total
- age   5:        312 bytes,       1704 total
- age   6:      46184 bytes,      47888 total
- age   7:    5373552 bytes,    5421440 total
- age   8:     138968 bytes,    5560408 total
: 94628K->7107K(109248K), 0.0205760 secs] 101183K->13869K(502464K), 0.0207260 secs] [Times: user=0.04 sys=0.00, real=0.02 secs] 
Heap after GC invocations=11 (full 0):
 par new generation   total 109248K, used 7107K [0x8ac00000, 0x92c00000, 0x92c00000)
  eden space 87424K,   0% used [0x8ac00000, 0x8ac00000, 0x90160000)
  from space 21824K,  32% used [0x916b0000, 0x91da0dc0, 0x92c00000)
  to   space 21824K,   0% used [0x90160000, 0x90160000, 0x916b0000)
 concurrent mark-sweep generation total 393216K, used 6762K [0x92c00000, 0xaac00000, 0xaac00000)
 concurrent-mark-sweep perm gen total 21248K, used 21140K [0xaac00000, 0xac0c0000, 0xb2c00000)
}
2015-02-20T15:45:47.989-0600: 1476.444: Total time for which application threads were stopped: 0.0479400 seconds
{Heap before GC invocations=11 (full 0):
 par new generation   total 109248K, used 94531K [0x8ac00000, 0x92c00000, 0x92c00000)
  eden space 87424K, 100% used [0x8ac00000, 0x90160000, 0x90160000)
  from space 21824K,  32% used [0x916b0000, 0x91da0dc0, 0x92c00000)
  to   space 21824K,   0% used [0x90160000, 0x90160000, 0x916b0000)
 concurrent mark-sweep generation total 393216K, used 6762K [0x92c00000, 0xaac00000, 0xaac00000)
 concurrent-mark-sweep perm gen total 21248K, used 21140K [0xaac00000, 0xac0c0000, 0xb2c00000)
2015-02-20T15:45:49.727-0600: 1478.182: [GC2015-02-20T15:45:49.727-0600: 1478.182: [ParNew
Desired survivor size 20112996 bytes, new threshold 8 (max 8)
- age   1:        528 bytes,        528 total
- age   2:        440 bytes,        968 total
- age   3:        360 bytes,       1328 total
- age   4:        136 bytes,       1464 total
- age   5:        200 bytes,       1664 total
- age   6:        312 bytes,       1976 total
- age   7:      45984 bytes,      47960 total
- age   8:    5373552 bytes,    5421512 total
: 94531K->6382K(109248K), 0.0192580 secs] 101293K->13280K(502464K), 0.0194310 secs] [Times: user=0.04 sys=0.00, real=0.02 secs] 
Heap after GC invocations=12 (full 0):
 par new generation   total 109248K, used 6382K [0x8ac00000, 0x92c00000, 0x92c00000)
  eden space 87424K,   0% used [0x8ac00000, 0x8ac00000, 0x90160000)
  from space 21824K,  29% used [0x90160000, 0x9079b910, 0x916b0000)
  to   space 21824K,   0% used [0x916b0000, 0x916b0000, 0x92c00000)
 concurrent mark-sweep generation total 393216K, used 6898K [0x92c00000, 0xaac00000, 0xaac00000)
 concurrent-mark-sweep perm gen total 21248K, used 21140K [0xaac00000, 0xac0c0000, 0xb2c00000)
}
2015-02-20T15:45:49.746-0600: 1478.201: Total time for which application threads were stopped: 0.0318230 seconds
{Heap before GC invocations=12 (full 0):
 par new generation   total 109248K, used 93806K [0x8ac00000, 0x92c00000, 0x92c00000)
  eden space 87424K, 100% used [0x8ac00000, 0x90160000, 0x90160000)
  from space 21824K,  29% used [0x90160000, 0x9079b910, 0x916b0000)
  to   space 21824K,   0% used [0x916b0000, 0x916b0000, 0x92c00000)
 concurrent mark-sweep generation total 393216K, used 6898K [0x92c00000, 0xaac00000, 0xaac00000)
 concurrent-mark-sweep perm gen total 21248K, used 21140K [0xaac00000, 0xac0c0000, 0xb2c00000)
2015-02-20T15:45:51.252-0600: 1479.707: [GC2015-02-20T15:45:51.253-0600: 1479.708: [ParNew
Desired survivor size 20112996 bytes, new threshold 8 (max 8)
- age   1:       1088 bytes,       1088 total
- age   2:        200 bytes,       1288 total
- age   3:        312 bytes,       1600 total
- age   4:        360 bytes,       1960 total
- age   5:        136 bytes,       2096 total
- age   6:        200 bytes,       2296 total
- age   7:        312 bytes,       2608 total
- age   8:      45784 bytes,      48392 total
: 93806K->1267K(109248K), 0.0251010 secs] 100704K->13436K(502464K), 0.0252810 secs] [Times: user=0.05 sys=0.00, real=0.03 secs] 
Heap after GC invocations=13 (full 0):
 par new generation   total 109248K, used 1267K [0x8ac00000, 0x92c00000, 0x92c00000)
  eden space 87424K,   0% used [0x8ac00000, 0x8ac00000, 0x90160000)
  from space 21824K,   5% used [0x916b0000, 0x917eccc0, 0x92c00000)
  to   space 21824K,   0% used [0x90160000, 0x90160000, 0x916b0000)
 concurrent mark-sweep generation total 393216K, used 12168K [0x92c00000, 0xaac00000, 0xaac00000)
 concurrent-mark-sweep perm gen total 21248K, used 21140K [0xaac00000, 0xac0c0000, 0xb2c00000)
}
2015-02-20T15:45:51.278-0600: 1479.733: Total time for which application threads were stopped: 0.0574600 seconds
{Heap before GC invocations=13 (full 0):
 par new generation   total 109248K, used 88691K [0x8ac00000, 0x92c00000, 0x92c00000)
  eden space 87424K, 100% used [0x8ac00000, 0x90160000, 0x90160000)
  from space 21824K,   5% used [0x916b0000, 0x917eccc0, 0x92c00000)
  to   space 21824K,   0% used [0x90160000, 0x90160000, 0x916b0000)
 concurrent mark-sweep generation total 393216K, used 12168K [0x92c00000, 0xaac00000, 0xaac00000)
 concurrent-mark-sweep perm gen total 21248K, used 21140K [0xaac00000, 0xac0c0000, 0xb2c00000)
2015-02-20T15:45:52.770-0600: 1481.225: [GC2015-02-20T15:45:52.770-0600: 1481.225: [ParNew
Desired survivor size 20112996 bytes, new threshold 8 (max 8)
- age   1:        472 bytes,        472 total
- age   2:        336 bytes,        808 total
- age   3:        200 bytes,       1008 total
- age   4:        312 bytes,       1320 total
- age   5:        360 bytes,       1680 total
- age   6:        136 bytes,       1816 total
- age   7:        200 bytes,       2016 total
- age   8:        312 bytes,       2328 total
: 88691K->321K(109248K), 0.0078940 secs] 100860K->12534K(502464K), 0.0080580 secs] [Times: user=0.01 sys=0.00, real=0.01 secs] 
Heap after GC invocations=14 (full 0):
 par new generation   total 109248K, used 321K [0x8ac00000, 0x92c00000, 0x92c00000)
  eden space 87424K,   0% used [0x8ac00000, 0x8ac00000, 0x90160000)
  from space 21824K,   1% used [0x90160000, 0x901b04e0, 0x916b0000)
  to   space 21824K,   0% used [0x916b0000, 0x916b0000, 0x92c00000)
 concurrent mark-sweep generation total 393216K, used 12213K [0x92c00000, 0xaac00000, 0xaac00000)
 concurrent-mark-sweep perm gen total 21248K, used 21140K [0xaac00000, 0xac0c0000, 0xb2c00000)
}
2015-02-20T15:45:52.778-0600: 1481.233: Total time for which application threads were stopped: 0.0112860 seconds
{Heap before GC invocations=14 (full 0):
 par new generation   total 109248K, used 87745K [0x8ac00000, 0x92c00000, 0x92c00000)
  eden space 87424K, 100% used [0x8ac00000, 0x90160000, 0x90160000)
  from space 21824K,   1% used [0x90160000, 0x901b04e0, 0x916b0000)
  to   space 21824K,   0% used [0x916b0000, 0x916b0000, 0x92c00000)
 concurrent mark-sweep generation total 393216K, used 12213K [0x92c00000, 0xaac00000, 0xaac00000)
 concurrent-mark-sweep perm gen total 21248K, used 21140K [0xaac00000, 0xac0c0000, 0xb2c00000)
2015-02-20T15:45:54.299-0600: 1482.754: [GC2015-02-20T15:45:54.299-0600: 1482.754: [ParNew
Desired survivor size 20112996 bytes, new threshold 8 (max 8)
- age   1:        688 bytes,        688 total
- age   2:        112 bytes,        800 total
- age   3:        312 bytes,       1112 total
- age   4:        200 bytes,       1312 total
- age   5:        312 bytes,       1624 total
- age   6:        360 bytes,       1984 total
- age   7:        136 bytes,       2120 total
- age   8:        200 bytes,       2320 total
: 87745K->80K(109248K), 0.0080130 secs] 99958K->12294K(502464K), 0.0082730 secs] [Times: user=0.01 sys=0.00, real=0.00 secs] 
Heap after GC invocations=15 (full 0):
 par new generation   total 109248K, used 80K [0x8ac00000, 0x92c00000, 0x92c00000)
  eden space 87424K,   0% used [0x8ac00000, 0x8ac00000, 0x90160000)
  from space 21824K,   0% used [0x916b0000, 0x916c4220, 0x92c00000)
  to   space 21824K,   0% used [0x90160000, 0x90160000, 0x916b0000)
 concurrent mark-sweep generation total 393216K, used 12214K [0x92c00000, 0xaac00000, 0xaac00000)
 concurrent-mark-sweep perm gen total 21248K, used 21140K [0xaac00000, 0xac0c0000, 0xb2c00000)
}
2015-02-20T15:45:54.307-0600: 1482.762: Total time for which application threads were stopped: 0.0485410 seconds
{Heap before GC invocations=15 (full 0):
 par new generation   total 109248K, used 87504K [0x8ac00000, 0x92c00000, 0x92c00000)
  eden space 87424K, 100% used [0x8ac00000, 0x90160000, 0x90160000)
  from space 21824K,   0% used [0x916b0000, 0x916c4220, 0x92c00000)
  to   space 21824K,   0% used [0x90160000, 0x90160000, 0x916b0000)
 concurrent mark-sweep generation total 393216K, used 12214K [0x92c00000, 0xaac00000, 0xaac00000)
 concurrent-mark-sweep perm gen total 21248K, used 21140K [0xaac00000, 0xac0c0000, 0xb2c00000)
2015-02-20T15:45:55.867-0600: 1484.322: [GC2015-02-20T15:45:55.867-0600: 1484.322: [ParNew
Desired survivor size 20112996 bytes, new threshold 8 (max 8)
- age   1:       1088 bytes,       1088 total
- age   2:        328 bytes,       1416 total
- age   3:        112 bytes,       1528 total
- age   4:        312 bytes,       1840 total
- age   5:        200 bytes,       2040 total
- age   6:        312 bytes,       2352 total
- age   7:        360 bytes,       2712 total
- age   8:        136 bytes,       2848 total
: 87504K->20K(109248K), 0.0074050 secs] 99718K->12234K(502464K), 0.0075680 secs] [Times: user=0.01 sys=0.00, real=0.01 secs] 
Heap after GC invocations=16 (full 0):
 par new generation   total 109248K, used 20K [0x8ac00000, 0x92c00000, 0x92c00000)
  eden space 87424K,   0% used [0x8ac00000, 0x8ac00000, 0x90160000)
  from space 21824K,   0% used [0x90160000, 0x90165160, 0x916b0000)
  to   space 21824K,   0% used [0x916b0000, 0x916b0000, 0x92c00000)
 concurrent mark-sweep generation total 393216K, used 12214K [0x92c00000, 0xaac00000, 0xaac00000)
 concurrent-mark-sweep perm gen total 21248K, used 21140K [0xaac00000, 0xac0c0000, 0xb2c00000)
}
2015-02-20T15:45:55.875-0600: 1484.330: Total time for which application threads were stopped: 0.0336580 seconds
2015-02-20T15:45:56.307-0600: 1484.762: Total time for which application threads were stopped: 0.0013060 seconds
2015-02-20T15:45:56.309-0600: 1484.764: Total time for which application threads were stopped: 0.0008510 seconds
2015-02-20T15:45:56.452-0600: 1484.907: Total time for which application threads were stopped: 0.0094070 seconds
2015-02-20T15:45:56.552-0600: 1485.007: Total time for which application threads were stopped: 0.0008470 seconds
2015-02-20T15:45:56.553-0600: 1485.008: Total time for which application threads were stopped: 0.0008250 seconds
2015-02-20T15:45:56.555-0600: 1485.010: Total time for which application threads were stopped: 0.0008360 seconds
2015-02-20T15:45:56.576-0600: 1485.031: Total time for which application threads were stopped: 0.0007810 seconds
2015-02-20T15:45:56.869-0600: 1485.324: Total time for which application threads were stopped: 0.0010570 seconds
{Heap before GC invocations=16 (full 0):
 par new generation   total 109248K, used 87444K [0x8ac00000, 0x92c00000, 0x92c00000)
  eden space 87424K, 100% used [0x8ac00000, 0x90160000, 0x90160000)
  from space 21824K,   0% used [0x90160000, 0x90165160, 0x916b0000)
  to   space 21824K,   0% used [0x916b0000, 0x916b0000, 0x92c00000)
 concurrent mark-sweep generation total 393216K, used 12214K [0x92c00000, 0xaac00000, 0xaac00000)
 concurrent-mark-sweep perm gen total 21248K, used 21240K [0xaac00000, 0xac0c0000, 0xb2c00000)
2015-02-20T15:45:57.715-0600: 1486.170: [GC2015-02-20T15:45:57.715-0600: 1486.170: [ParNew
Desired survivor size 20112996 bytes, new threshold 8 (max 8)
- age   1:     138136 bytes,     138136 total
- age   2:        440 bytes,     138576 total
- age   3:        328 bytes,     138904 total
- age   4:        112 bytes,     139016 total
- age   5:        312 bytes,     139328 total
- age   6:        200 bytes,     139528 total
- age   7:        312 bytes,     139840 total
- age   8:        360 bytes,     140200 total
: 87444K->138K(109248K), 0.0075050 secs] 99658K->12352K(502464K), 0.0077210 secs] [Times: user=0.02 sys=0.00, real=0.01 secs] 
Heap after GC invocations=17 (full 0):
 par new generation   total 109248K, used 138K [0x8ac00000, 0x92c00000, 0x92c00000)
  eden space 87424K,   0% used [0x8ac00000, 0x8ac00000, 0x90160000)
  from space 21824K,   0% used [0x916b0000, 0x916d2800, 0x92c00000)
  to   space 21824K,   0% used [0x90160000, 0x90160000, 0x916b0000)
 concurrent mark-sweep generation total 393216K, used 12214K [0x92c00000, 0xaac00000, 0xaac00000)
 concurrent-mark-sweep perm gen total 21248K, used 21240K [0xaac00000, 0xac0c0000, 0xb2c00000)
}
2015-02-20T15:45:57.723-0600: 1486.178: Total time for which application threads were stopped: 0.0100310 seconds
{Heap before GC invocations=17 (full 0):
 par new generation   total 109248K, used 87562K [0x8ac00000, 0x92c00000, 0x92c00000)
  eden space 87424K, 100% used [0x8ac00000, 0x90160000, 0x90160000)
  from space 21824K,   0% used [0x916b0000, 0x916d2800, 0x92c00000)
  to   space 21824K,   0% used [0x90160000, 0x90160000, 0x916b0000)
 concurrent mark-sweep generation total 393216K, used 12214K [0x92c00000, 0xaac00000, 0xaac00000)
 concurrent-mark-sweep perm gen total 21248K, used 21240K [0xaac00000, 0xac0c0000, 0xb2c00000)
2015-02-20T15:45:59.209-0600: 1487.664: [GC2015-02-20T15:45:59.209-0600: 1487.664: [ParNew
Desired survivor size 20112996 bytes, new threshold 8 (max 8)
- age   1:       1256 bytes,       1256 total
- age   2:      16032 bytes,      17288 total
- age   3:        312 bytes,      17600 total
- age   4:        328 bytes,      17928 total
- age   5:        112 bytes,      18040 total
- age   6:        312 bytes,      18352 total
- age   7:        200 bytes,      18552 total
- age   8:        312 bytes,      18864 total
: 87562K->20K(109248K), 0.0116160 secs] 99776K->12234K(502464K), 0.0118010 secs] [Times: user=0.02 sys=0.00, real=0.01 secs] 
Heap after GC invocations=18 (full 0):
 par new generation   total 109248K, used 20K [0x8ac00000, 0x92c00000, 0x92c00000)
  eden space 87424K,   0% used [0x8ac00000, 0x8ac00000, 0x90160000)
  from space 21824K,   0% used [0x90160000, 0x90165020, 0x916b0000)
  to   space 21824K,   0% used [0x916b0000, 0x916b0000, 0x92c00000)
 concurrent mark-sweep generation total 393216K, used 12214K [0x92c00000, 0xaac00000, 0xaac00000)
 concurrent-mark-sweep perm gen total 21248K, used 21240K [0xaac00000, 0xac0c0000, 0xb2c00000)
}
2015-02-20T15:45:59.221-0600: 1487.676: Total time for which application threads were stopped: 0.0144420 seconds
{Heap before GC invocations=18 (full 0):
 par new generation   total 109248K, used 87444K [0x8ac00000, 0x92c00000, 0x92c00000)
  eden space 87424K, 100% used [0x8ac00000, 0x90160000, 0x90160000)
  from space 21824K,   0% used [0x90160000, 0x90165020, 0x916b0000)
  to   space 21824K,   0% used [0x916b0000, 0x916b0000, 0x92c00000)
 concurrent mark-sweep generation total 393216K, used 12214K [0x92c00000, 0xaac00000, 0xaac00000)
 concurrent-mark-sweep perm gen total 21248K, used 21240K [0xaac00000, 0xac0c0000, 0xb2c00000)
2015-02-20T15:46:00.756-0600: 1489.211: [GC2015-02-20T15:46:00.756-0600: 1489.211: [ParNew
Desired survivor size 20112996 bytes, new threshold 8 (max 8)
- age   1:        896 bytes,        896 total
- age   2:        352 bytes,       1248 total
- age   3:      16032 bytes,      17280 total
- age   4:        312 bytes,      17592 total
- age   5:        328 bytes,      17920 total
- age   6:        112 bytes,      18032 total
- age   7:        312 bytes,      18344 total
- age   8:        200 bytes,      18544 total
: 87444K->28K(109248K), 0.0059660 secs] 99658K->12243K(502464K), 0.0061640 secs] [Times: user=0.01 sys=0.00, real=0.01 secs] 
Heap after GC invocations=19 (full 0):
 par new generation   total 109248K, used 28K [0x8ac00000, 0x92c00000, 0x92c00000)
  eden space 87424K,   0% used [0x8ac00000, 0x8ac00000, 0x90160000)
  from space 21824K,   0% used [0x916b0000, 0x916b70e0, 0x92c00000)
  to   space 21824K,   0% used [0x90160000, 0x90160000, 0x916b0000)
 concurrent mark-sweep generation total 393216K, used 12214K [0x92c00000, 0xaac00000, 0xaac00000)
 concurrent-mark-sweep perm gen total 21248K, used 21240K [0xaac00000, 0xac0c0000, 0xb2c00000)
}
2015-02-20T15:46:00.762-0600: 1489.217: Total time for which application threads were stopped: 0.0363930 seconds
{Heap before GC invocations=19 (full 0):
 par new generation   total 109248K, used 87452K [0x8ac00000, 0x92c00000, 0x92c00000)
  eden space 87424K, 100% used [0x8ac00000, 0x90160000, 0x90160000)
  from space 21824K,   0% used [0x916b0000, 0x916b70e0, 0x92c00000)
  to   space 21824K,   0% used [0x90160000, 0x90160000, 0x916b0000)
 concurrent mark-sweep generation total 393216K, used 12214K [0x92c00000, 0xaac00000, 0xaac00000)
 concurrent-mark-sweep perm gen total 21248K, used 21240K [0xaac00000, 0xac0c0000, 0xb2c00000)
2015-02-20T15:46:02.287-0600: 1490.742: [GC2015-02-20T15:46:02.287-0600: 1490.742: [ParNew
Desired survivor size 20112996 bytes, new threshold 8 (max 8)
- age   1:       1512 bytes,       1512 total
- age   2:        152 bytes,       1664 total
- age   3:        328 bytes,       1992 total
- age   4:      16032 bytes,      18024 total
- age   5:        312 bytes,      18336 total
- age   6:        328 bytes,      18664 total
- age   7:        112 bytes,      18776 total
- age   8:        312 bytes,      19088 total
: 87452K->23K(109248K), 0.0077000 secs] 99667K->12238K(502464K), 0.0078620 secs] [Times: user=0.02 sys=0.00, real=0.01 secs] 
Heap after GC invocations=20 (full 0):
 par new generation   total 109248K, used 23K [0x8ac00000, 0x92c00000, 0x92c00000)
  eden space 87424K,   0% used [0x8ac00000, 0x8ac00000, 0x90160000)
  from space 21824K,   0% used [0x90160000, 0x90165d30, 0x916b0000)
  to   space 21824K,   0% used [0x916b0000, 0x916b0000, 0x92c00000)
 concurrent mark-sweep generation total 393216K, used 12215K [0x92c00000, 0xaac00000, 0xaac00000)
 concurrent-mark-sweep perm gen total 21248K, used 21240K [0xaac00000, 0xac0c0000, 0xb2c00000)
}
2015-02-20T15:46:02.295-0600: 1490.750: Total time for which application threads were stopped: 0.0315270 seconds
{Heap before GC invocations=20 (full 0):
 par new generation   total 109248K, used 87447K [0x8ac00000, 0x92c00000, 0x92c00000)
  eden space 87424K, 100% used [0x8ac00000, 0x90160000, 0x90160000)
  from space 21824K,   0% used [0x90160000, 0x90165d30, 0x916b0000)
  to   space 21824K,   0% used [0x916b0000, 0x916b0000, 0x92c00000)
 concurrent mark-sweep generation total 393216K, used 12215K [0x92c00000, 0xaac00000, 0xaac00000)
 concurrent-mark-sweep perm gen total 21248K, used 21240K [0xaac00000, 0xac0c0000, 0xb2c00000)
2015-02-20T15:46:03.773-0600: 1492.228: [GC2015-02-20T15:46:03.773-0600: 1492.228: [ParNew
Desired survivor size 20112996 bytes, new threshold 8 (max 8)
- age   1:        848 bytes,        848 total
- age   2:        456 bytes,       1304 total
- age   3:        152 bytes,       1456 total
- age   4:        328 bytes,       1784 total
- age   5:      16032 bytes,      17816 total
- age   6:        312 bytes,      18128 total
- age   7:        328 bytes,      18456 total
- age   8:        112 bytes,      18568 total
: 87447K->28K(109248K), 0.0109390 secs] 99662K->12243K(502464K), 0.0112090 secs] [Times: user=0.02 sys=0.00, real=0.01 secs] 
Heap after GC invocations=21 (full 0):
 par new generation   total 109248K, used 28K [0x8ac00000, 0x92c00000, 0x92c00000)
  eden space 87424K,   0% used [0x8ac00000, 0x8ac00000, 0x90160000)
  from space 21824K,   0% used [0x916b0000, 0x916b70a8, 0x92c00000)
  to   space 21824K,   0% used [0x90160000, 0x90160000, 0x916b0000)
 concurrent mark-sweep generation total 393216K, used 12215K [0x92c00000, 0xaac00000, 0xaac00000)
 concurrent-mark-sweep perm gen total 21248K, used 21240K [0xaac00000, 0xac0c0000, 0xb2c00000)
}
2015-02-20T15:46:03.784-0600: 1492.239: Total time for which application threads were stopped: 0.0433610 seconds
{Heap before GC invocations=21 (full 0):
 par new generation   total 109248K, used 87452K [0x8ac00000, 0x92c00000, 0x92c00000)
  eden space 87424K, 100% used [0x8ac00000, 0x90160000, 0x90160000)
  from space 21824K,   0% used [0x916b0000, 0x916b70a8, 0x92c00000)
  to   space 21824K,   0% used [0x90160000, 0x90160000, 0x916b0000)
 concurrent mark-sweep generation total 393216K, used 12215K [0x92c00000, 0xaac00000, 0xaac00000)
 concurrent-mark-sweep perm gen total 21248K, used 21240K [0xaac00000, 0xac0c0000, 0xb2c00000)
2015-02-20T15:46:05.284-0600: 1493.739: [GC2015-02-20T15:46:05.284-0600: 1493.739: [ParNew
Desired survivor size 20112996 bytes, new threshold 8 (max 8)
- age   1:        928 bytes,        928 total
- age   2:        200 bytes,       1128 total
- age   3:        328 bytes,       1456 total
- age   4:        152 bytes,       1608 total
- age   5:        328 bytes,       1936 total
- age   6:      16032 bytes,      17968 total
- age   7:        312 bytes,      18280 total
- age   8:        328 bytes,      18608 total
: 87452K->21K(109248K), 0.0059720 secs] 99667K->12237K(502464K), 0.0061490 secs] [Times: user=0.02 sys=0.00, real=0.01 secs] 
Heap after GC invocations=22 (full 0):
 par new generation   total 109248K, used 21K [0x8ac00000, 0x92c00000, 0x92c00000)
  eden space 87424K,   0% used [0x8ac00000, 0x8ac00000, 0x90160000)
  from space 21824K,   0% used [0x90160000, 0x901655a0, 0x916b0000)
  to   space 21824K,   0% used [0x916b0000, 0x916b0000, 0x92c00000)
 concurrent mark-sweep generation total 393216K, used 12215K [0x92c00000, 0xaac00000, 0xaac00000)
 concurrent-mark-sweep perm gen total 21248K, used 21240K [0xaac00000, 0xac0c0000, 0xb2c00000)
}
2015-02-20T15:46:05.290-0600: 1493.745: Total time for which application threads were stopped: 0.0321450 seconds
{Heap before GC invocations=22 (full 0):
 par new generation   total 109248K, used 57819K [0x8ac00000, 0x92c00000, 0x92c00000)
  eden space 87424K,  66% used [0x8ac00000, 0x8e471998, 0x90160000)
  from space 21824K,   0% used [0x90160000, 0x901655a0, 0x916b0000)
  to   space 21824K,   0% used [0x916b0000, 0x916b0000, 0x92c00000)
 concurrent mark-sweep generation total 393216K, used 12215K [0x92c00000, 0xaac00000, 0xaac00000)
 concurrent-mark-sweep perm gen total 21376K, used 21240K [0xaac00000, 0xac0e0000, 0xb2c00000)
2015-02-20T15:46:06.244-0600: 1494.699: [Full GC2015-02-20T15:46:06.244-0600: 1494.699: [CMS[YG occupancy: 57819 K (109248 K)]2015-02-20T15:46:06.530-0600: 1494.985: [weak refs processing, 0.0012460 secs]2015-02-20T15:46:06.531-0600: 1494.986: [scrub string table, 0.0004100 secs]: 12215K->12123K(393216K), 0.3095900 secs] 70035K->69943K(502464K), [CMS Perm : 21240K->21240K(21376K)], 0.3098860 secs] [Times: user=0.15 sys=0.01, real=0.31 secs] 
Heap after GC invocations=23 (full 1):
 par new generation   total 109248K, used 57819K [0x8ac00000, 0x92c00000, 0x92c00000)
  eden space 87424K,  66% used [0x8ac00000, 0x8e471998, 0x90160000)
  from space 21824K,   0% used [0x90160000, 0x901655a0, 0x916b0000)
  to   space 21824K,   0% used [0x916b0000, 0x916b0000, 0x92c00000)
 concurrent mark-sweep generation total 393216K, used 12123K [0x92c00000, 0xaac00000, 0xaac00000)
 concurrent-mark-sweep perm gen total 35404K, used 21240K [0xaac00000, 0xace93000, 0xb2c00000)
}
2015-02-20T15:46:06.554-0600: 1495.009: Total time for which application threads were stopped: 0.3123090 seconds
{Heap before GC invocations=23 (full 1):
 par new generation   total 109248K, used 87445K [0x8ac00000, 0x92c00000, 0x92c00000)
  eden space 87424K, 100% used [0x8ac00000, 0x90160000, 0x90160000)
  from space 21824K,   0% used [0x90160000, 0x901655a0, 0x916b0000)
  to   space 21824K,   0% used [0x916b0000, 0x916b0000, 0x92c00000)
 concurrent mark-sweep generation total 393216K, used 12123K [0x92c00000, 0xaac00000, 0xaac00000)
 concurrent-mark-sweep perm gen total 35404K, used 21240K [0xaac00000, 0xace93000, 0xb2c00000)
2015-02-20T15:46:07.100-0600: 1495.555: [GC2015-02-20T15:46:07.100-0600: 1495.555: [ParNew
Desired survivor size 20112996 bytes, new threshold 8 (max 8)
- age   1:       1072 bytes,       1072 total
- age   2:        328 bytes,       1400 total
- age   3:        200 bytes,       1600 total
- age   4:        328 bytes,       1928 total
- age   5:        152 bytes,       2080 total
- age   6:        328 bytes,       2408 total
- age   7:      15488 bytes,      17896 total
- age   8:        312 bytes,      18208 total
: 87445K->23K(109248K), 0.0076330 secs] 99569K->12147K(502464K), 0.0078030 secs] [Times: user=0.01 sys=0.00, real=0.01 secs] 
Heap after GC invocations=24 (full 1):
 par new generation   total 109248K, used 23K [0x8ac00000, 0x92c00000, 0x92c00000)
  eden space 87424K,   0% used [0x8ac00000, 0x8ac00000, 0x90160000)
  from space 21824K,   0% used [0x916b0000, 0x916b5eb0, 0x92c00000)
  to   space 21824K,   0% used [0x90160000, 0x90160000, 0x916b0000)
 concurrent mark-sweep generation total 393216K, used 12124K [0x92c00000, 0xaac00000, 0xaac00000)
 concurrent-mark-sweep perm gen total 35404K, used 21240K [0xaac00000, 0xace93000, 0xb2c00000)
}
2015-02-20T15:46:07.108-0600: 1495.563: Total time for which application threads were stopped: 0.0096050 seconds
{Heap before GC invocations=24 (full 1):
 par new generation   total 109248K, used 87447K [0x8ac00000, 0x92c00000, 0x92c00000)
  eden space 87424K, 100% used [0x8ac00000, 0x90160000, 0x90160000)
  from space 21824K,   0% used [0x916b0000, 0x916b5eb0, 0x92c00000)
  to   space 21824K,   0% used [0x90160000, 0x90160000, 0x916b0000)
 concurrent mark-sweep generation total 393216K, used 12124K [0x92c00000, 0xaac00000, 0xaac00000)
 concurrent-mark-sweep perm gen total 35404K, used 21240K [0xaac00000, 0xace93000, 0xb2c00000)
2015-02-20T15:46:08.637-0600: 1497.093: [GC2015-02-20T15:46:08.638-0600: 1497.093: [ParNew
Desired survivor size 20112996 bytes, new threshold 8 (max 8)
- age   1:        784 bytes,        784 total
- age   2:        352 bytes,       1136 total
- age   3:        328 bytes,       1464 total
- age   4:        200 bytes,       1664 total
- age   5:        328 bytes,       1992 total
- age   6:        152 bytes,       2144 total
- age   7:        328 bytes,       2472 total
- age   8:      15488 bytes,      17960 total
: 87447K->21K(109248K), 0.0116420 secs] 99571K->12145K(502464K), 0.0118530 secs] [Times: user=0.01 sys=0.00, real=0.01 secs] 
Heap after GC invocations=25 (full 1):
 par new generation   total 109248K, used 21K [0x8ac00000, 0x92c00000, 0x92c00000)
  eden space 87424K,   0% used [0x8ac00000, 0x8ac00000, 0x90160000)
  from space 21824K,   0% used [0x90160000, 0x90165500, 0x916b0000)
  to   space 21824K,   0% used [0x916b0000, 0x916b0000, 0x92c00000)
 concurrent mark-sweep generation total 393216K, used 12124K [0x92c00000, 0xaac00000, 0xaac00000)
 concurrent-mark-sweep perm gen total 35404K, used 21240K [0xaac00000, 0xace93000, 0xb2c00000)
}
2015-02-20T15:46:08.649-0600: 1497.105: Total time for which application threads were stopped: 0.0526180 seconds
{Heap before GC invocations=25 (full 1):
 par new generation   total 109248K, used 87445K [0x8ac00000, 0x92c00000, 0x92c00000)
  eden space 87424K, 100% used [0x8ac00000, 0x90160000, 0x90160000)
  from space 21824K,   0% used [0x90160000, 0x90165500, 0x916b0000)
  to   space 21824K,   0% used [0x916b0000, 0x916b0000, 0x92c00000)
 concurrent mark-sweep generation total 393216K, used 12124K [0x92c00000, 0xaac00000, 0xaac00000)
 concurrent-mark-sweep perm gen total 35404K, used 21240K [0xaac00000, 0xace93000, 0xb2c00000)
2015-02-20T15:46:10.129-0600: 1498.584: [GC2015-02-20T15:46:10.129-0600: 1498.584: [ParNew
Desired survivor size 20112996 bytes, new threshold 8 (max 8)
- age   1:       1280 bytes,       1280 total
- age   2:        128 bytes,       1408 total
- age   3:        328 bytes,       1736 total
- age   4:        328 bytes,       2064 total
- age   5:        200 bytes,       2264 total
- age   6:        328 bytes,       2592 total
- age   7:        152 bytes,       2744 total
- age   8:        328 bytes,       3072 total
: 87445K->7K(109248K), 0.0142880 secs] 99569K->12147K(502464K), 0.0145170 secs] [Times: user=0.03 sys=0.00, real=0.01 secs] 
Heap after GC invocations=26 (full 1):
 par new generation   total 109248K, used 7K [0x8ac00000, 0x92c00000, 0x92c00000)
  eden space 87424K,   0% used [0x8ac00000, 0x8ac00000, 0x90160000)
  from space 21824K,   0% used [0x916b0000, 0x916b1fa0, 0x92c00000)
  to   space 21824K,   0% used [0x90160000, 0x90160000, 0x916b0000)
 concurrent mark-sweep generation total 393216K, used 12139K [0x92c00000, 0xaac00000, 0xaac00000)
 concurrent-mark-sweep perm gen total 35404K, used 21240K [0xaac00000, 0xace93000, 0xb2c00000)
}
2015-02-20T15:46:10.143-0600: 1498.598: Total time for which application threads were stopped: 0.0173800 seconds
{Heap before GC invocations=26 (full 1):
 par new generation   total 109248K, used 87431K [0x8ac00000, 0x92c00000, 0x92c00000)
  eden space 87424K, 100% used [0x8ac00000, 0x90160000, 0x90160000)
  from space 21824K,   0% used [0x916b0000, 0x916b1fa0, 0x92c00000)
  to   space 21824K,   0% used [0x90160000, 0x90160000, 0x916b0000)
 concurrent mark-sweep generation total 393216K, used 12139K [0x92c00000, 0xaac00000, 0xaac00000)
 concurrent-mark-sweep perm gen total 35404K, used 21240K [0xaac00000, 0xace93000, 0xb2c00000)
2015-02-20T15:46:11.599-0600: 1500.054: [GC2015-02-20T15:46:11.599-0600: 1500.054: [ParNew
Desired survivor size 20112996 bytes, new threshold 8 (max 8)
- age   1:        528 bytes,        528 total
- age   2:        456 bytes,        984 total
- age   3:        128 bytes,       1112 total
- age   4:        328 bytes,       1440 total
- age   5:        328 bytes,       1768 total
- age   6:        200 bytes,       1968 total
- age   7:        328 bytes,       2296 total
- age   8:        152 bytes,       2448 total
: 87431K->8K(109248K), 0.0065870 secs] 99571K->12147K(502464K), 0.0068080 secs] [Times: user=0.02 sys=0.00, real=0.00 secs] 
Heap after GC invocations=27 (full 1):
 par new generation   total 109248K, used 8K [0x8ac00000, 0x92c00000, 0x92c00000)
  eden space 87424K,   0% used [0x8ac00000, 0x8ac00000, 0x90160000)
  from space 21824K,   0% used [0x90160000, 0x90162000, 0x916b0000)
  to   space 21824K,   0% used [0x916b0000, 0x916b0000, 0x92c00000)
 concurrent mark-sweep generation total 393216K, used 12139K [0x92c00000, 0xaac00000, 0xaac00000)
 concurrent-mark-sweep perm gen total 35404K, used 21240K [0xaac00000, 0xace93000, 0xb2c00000)
}
2015-02-20T15:46:11.606-0600: 1500.061: Total time for which application threads were stopped: 0.0095350 seconds
{Heap before GC invocations=27 (full 1):
 par new generation   total 109248K, used 87432K [0x8ac00000, 0x92c00000, 0x92c00000)
  eden space 87424K, 100% used [0x8ac00000, 0x90160000, 0x90160000)
  from space 21824K,   0% used [0x90160000, 0x90162000, 0x916b0000)
  to   space 21824K,   0% used [0x916b0000, 0x916b0000, 0x92c00000)
 concurrent mark-sweep generation total 393216K, used 12139K [0x92c00000, 0xaac00000, 0xaac00000)
 concurrent-mark-sweep perm gen total 35404K, used 21240K [0xaac00000, 0xace93000, 0xb2c00000)
2015-02-20T15:46:13.048-0600: 1501.503: [GC2015-02-20T15:46:13.048-0600: 1501.503: [ParNew
Desired survivor size 20112996 bytes, new threshold 8 (max 8)
- age   1:       1096 bytes,       1096 total
- age   2:        200 bytes,       1296 total
- age   3:        328 bytes,       1624 total
- age   4:        128 bytes,       1752 total
- age   5:        328 bytes,       2080 total
- age   6:        328 bytes,       2408 total
- age   7:        200 bytes,       2608 total
- age   8:        328 bytes,       2936 total
: 87432K->6K(109248K), 0.0078890 secs] 99571K->12146K(502464K), 0.0080930 secs] [Times: user=0.01 sys=0.00, real=0.00 secs] 
Heap after GC invocations=28 (full 1):
 par new generation   total 109248K, used 6K [0x8ac00000, 0x92c00000, 0x92c00000)
  eden space 87424K,   0% used [0x8ac00000, 0x8ac00000, 0x90160000)
  from space 21824K,   0% used [0x916b0000, 0x916b1800, 0x92c00000)
  to   space 21824K,   0% used [0x90160000, 0x90160000, 0x916b0000)
 concurrent mark-sweep generation total 393216K, used 12140K [0x92c00000, 0xaac00000, 0xaac00000)
 concurrent-mark-sweep perm gen total 35404K, used 21240K [0xaac00000, 0xace93000, 0xb2c00000)
}
2015-02-20T15:46:13.056-0600: 1501.511: Total time for which application threads were stopped: 0.0108360 seconds
{Heap before GC invocations=28 (full 1):
 par new generation   total 109248K, used 87430K [0x8ac00000, 0x92c00000, 0x92c00000)
  eden space 87424K, 100% used [0x8ac00000, 0x90160000, 0x90160000)
  from space 21824K,   0% used [0x916b0000, 0x916b1800, 0x92c00000)
  to   space 21824K,   0% used [0x90160000, 0x90160000, 0x916b0000)
 concurrent mark-sweep generation total 393216K, used 12140K [0x92c00000, 0xaac00000, 0xaac00000)
 concurrent-mark-sweep perm gen total 35404K, used 21240K [0xaac00000, 0xace93000, 0xb2c00000)
2015-02-20T15:46:14.630-0600: 1503.085: [GC2015-02-20T15:46:14.630-0600: 1503.085: [ParNew
Desired survivor size 20112996 bytes, new threshold 8 (max 8)
- age   1:        872 bytes,        872 total
- age   2:        352 bytes,       1224 total
- age   3:        200 bytes,       1424 total
- age   4:        328 bytes,       1752 total
- age   5:        128 bytes,       1880 total
- age   6:        328 bytes,       2208 total
- age   7:        328 bytes,       2536 total
- age   8:        200 bytes,       2736 total
: 87430K->8K(109248K), 0.0060220 secs] 99570K->12148K(502464K), 0.0062230 secs] [Times: user=0.02 sys=0.00, real=0.00 secs] 
Heap after GC invocations=29 (full 1):
 par new generation   total 109248K, used 8K [0x8ac00000, 0x92c00000, 0x92c00000)
  eden space 87424K,   0% used [0x8ac00000, 0x8ac00000, 0x90160000)
  from space 21824K,   0% used [0x90160000, 0x90162000, 0x916b0000)
  to   space 21824K,   0% used [0x916b0000, 0x916b0000, 0x92c00000)
 concurrent mark-sweep generation total 393216K, used 12140K [0x92c00000, 0xaac00000, 0xaac00000)
 concurrent-mark-sweep perm gen total 35404K, used 21240K [0xaac00000, 0xace93000, 0xb2c00000)
}
2015-02-20T15:46:14.636-0600: 1503.091: Total time for which application threads were stopped: 0.0089310 seconds
{Heap before GC invocations=29 (full 1):
 par new generation   total 109248K, used 87432K [0x8ac00000, 0x92c00000, 0x92c00000)
  eden space 87424K, 100% used [0x8ac00000, 0x90160000, 0x90160000)
  from space 21824K,   0% used [0x90160000, 0x90162000, 0x916b0000)
  to   space 21824K,   0% used [0x916b0000, 0x916b0000, 0x92c00000)
 concurrent mark-sweep generation total 393216K, used 12140K [0x92c00000, 0xaac00000, 0xaac00000)
 concurrent-mark-sweep perm gen total 35404K, used 21240K [0xaac00000, 0xace93000, 0xb2c00000)
2015-02-20T15:46:16.251-0600: 1504.706: [GC2015-02-20T15:46:16.251-0600: 1504.706: [ParNew
Desired survivor size 20112996 bytes, new threshold 8 (max 8)
- age   1:       1256 bytes,       1256 total
- age   2:        128 bytes,       1384 total
- age   3:        328 bytes,       1712 total
- age   4:        200 bytes,       1912 total
- age   5:        328 bytes,       2240 total
- age   6:        128 bytes,       2368 total
- age   7:        328 bytes,       2696 total
- age   8:        328 bytes,       3024 total
: 87432K->10K(109248K), 0.0058870 secs] 99572K->12150K(502464K), 0.0061330 secs] [Times: user=0.01 sys=0.00, real=0.01 secs] 
Heap after GC invocations=30 (full 1):
 par new generation   total 109248K, used 10K [0x8ac00000, 0x92c00000, 0x92c00000)
  eden space 87424K,   0% used [0x8ac00000, 0x8ac00000, 0x90160000)
  from space 21824K,   0% used [0x916b0000, 0x916b2800, 0x92c00000)
  to   space 21824K,   0% used [0x90160000, 0x90160000, 0x916b0000)
 concurrent mark-sweep generation total 393216K, used 12140K [0x92c00000, 0xaac00000, 0xaac00000)
 concurrent-mark-sweep perm gen total 35404K, used 21240K [0xaac00000, 0xace93000, 0xb2c00000)
}
2015-02-20T15:46:16.258-0600: 1504.713: Total time for which application threads were stopped: 0.0088580 seconds
{Heap before GC invocations=30 (full 1):
 par new generation   total 109248K, used 87434K [0x8ac00000, 0x92c00000, 0x92c00000)
  eden space 87424K, 100% used [0x8ac00000, 0x90160000, 0x90160000)
  from space 21824K,   0% used [0x916b0000, 0x916b2800, 0x92c00000)
  to   space 21824K,   0% used [0x90160000, 0x90160000, 0x916b0000)
 concurrent mark-sweep generation total 393216K, used 12140K [0x92c00000, 0xaac00000, 0xaac00000)
 concurrent-mark-sweep perm gen total 35404K, used 21240K [0xaac00000, 0xace93000, 0xb2c00000)
2015-02-20T15:46:17.944-0600: 1506.399: [GC2015-02-20T15:46:17.944-0600: 1506.399: [ParNew
Desired survivor size 20112996 bytes, new threshold 8 (max 8)
- age   1:       1080 bytes,       1080 total
- age   2:        328 bytes,       1408 total
- age   3:        128 bytes,       1536 total
- age   4:        328 bytes,       1864 total
- age   5:        200 bytes,       2064 total
- age   6:        328 bytes,       2392 total
- age   7:        128 bytes,       2520 total
- age   8:        328 bytes,       2848 total
: 87434K->8K(109248K), 0.0156160 secs] 99574K->12148K(502464K), 0.0158190 secs] [Times: user=0.03 sys=0.00, real=0.02 secs] 
Heap after GC invocations=31 (full 1):
 par new generation   total 109248K, used 8K [0x8ac00000, 0x92c00000, 0x92c00000)
  eden space 87424K,   0% used [0x8ac00000, 0x8ac00000, 0x90160000)
  from space 21824K,   0% used [0x90160000, 0x90162000, 0x916b0000)
  to   space 21824K,   0% used [0x916b0000, 0x916b0000, 0x92c00000)
 concurrent mark-sweep generation total 393216K, used 12140K [0x92c00000, 0xaac00000, 0xaac00000)
 concurrent-mark-sweep perm gen total 35404K, used 21240K [0xaac00000, 0xace93000, 0xb2c00000)
}
2015-02-20T15:46:17.959-0600: 1506.415: Total time for which application threads were stopped: 0.0184530 seconds
{Heap before GC invocations=31 (full 1):
 par new generation   total 109248K, used 87432K [0x8ac00000, 0x92c00000, 0x92c00000)
  eden space 87424K, 100% used [0x8ac00000, 0x90160000, 0x90160000)
  from space 21824K,   0% used [0x90160000, 0x90162000, 0x916b0000)
  to   space 21824K,   0% used [0x916b0000, 0x916b0000, 0x92c00000)
 concurrent mark-sweep generation total 393216K, used 12140K [0x92c00000, 0xaac00000, 0xaac00000)
 concurrent-mark-sweep perm gen total 35404K, used 21240K [0xaac00000, 0xace93000, 0xb2c00000)
2015-02-20T15:46:19.775-0600: 1508.231: [GC2015-02-20T15:46:19.776-0600: 1508.231: [ParNew
Desired survivor size 20112996 bytes, new threshold 8 (max 8)
- age   1:        856 bytes,        856 total
- age   2:        440 bytes,       1296 total
- age   3:        328 bytes,       1624 total
- age   4:        128 bytes,       1752 total
- age   5:        328 bytes,       2080 total
- age   6:        200 bytes,       2280 total
- age   7:        328 bytes,       2608 total
- age   8:        128 bytes,       2736 total
: 87432K->8K(109248K), 0.0061710 secs] 99572K->12149K(502464K), 0.0064060 secs] [Times: user=0.01 sys=0.00, real=0.01 secs] 
Heap after GC invocations=32 (full 1):
 par new generation   total 109248K, used 8K [0x8ac00000, 0x92c00000, 0x92c00000)
  eden space 87424K,   0% used [0x8ac00000, 0x8ac00000, 0x90160000)
  from space 21824K,   0% used [0x916b0000, 0x916b2000, 0x92c00000)
  to   space 21824K,   0% used [0x90160000, 0x90160000, 0x916b0000)
 concurrent mark-sweep generation total 393216K, used 12141K [0x92c00000, 0xaac00000, 0xaac00000)
 concurrent-mark-sweep perm gen total 35404K, used 21240K [0xaac00000, 0xace93000, 0xb2c00000)
}
2015-02-20T15:46:19.782-0600: 1508.237: Total time for which application threads were stopped: 0.0091130 seconds
{Heap before GC invocations=32 (full 1):
 par new generation   total 109248K, used 87432K [0x8ac00000, 0x92c00000, 0x92c00000)
  eden space 87424K, 100% used [0x8ac00000, 0x90160000, 0x90160000)
  from space 21824K,   0% used [0x916b0000, 0x916b2000, 0x92c00000)
  to   space 21824K,   0% used [0x90160000, 0x90160000, 0x916b0000)
 concurrent mark-sweep generation total 393216K, used 12141K [0x92c00000, 0xaac00000, 0xaac00000)
 concurrent-mark-sweep perm gen total 35404K, used 21240K [0xaac00000, 0xace93000, 0xb2c00000)
2015-02-20T15:46:21.313-0600: 1509.768: [GC2015-02-20T15:46:21.313-0600: 1509.768: [ParNew
Desired survivor size 20112996 bytes, new threshold 8 (max 8)
- age   1:       1096 bytes,       1096 total
- age   2:        216 bytes,       1312 total
- age   3:        312 bytes,       1624 total
- age   4:        328 bytes,       1952 total
- age   5:        128 bytes,       2080 total
- age   6:        328 bytes,       2408 total
- age   7:        200 bytes,       2608 total
- age   8:        328 bytes,       2936 total
: 87432K->10K(109248K), 0.0058040 secs] 99573K->12151K(502464K), 0.0060090 secs] [Times: user=0.00 sys=0.00, real=0.01 secs] 
Heap after GC invocations=33 (full 1):
 par new generation   total 109248K, used 10K [0x8ac00000, 0x92c00000, 0x92c00000)
  eden space 87424K,   0% used [0x8ac00000, 0x8ac00000, 0x90160000)
  from space 21824K,   0% used [0x90160000, 0x90162800, 0x916b0000)
  to   space 21824K,   0% used [0x916b0000, 0x916b0000, 0x92c00000)
 concurrent mark-sweep generation total 393216K, used 12141K [0x92c00000, 0xaac00000, 0xaac00000)
 concurrent-mark-sweep perm gen total 35404K, used 21240K [0xaac00000, 0xace93000, 0xb2c00000)
}
2015-02-20T15:46:21.319-0600: 1509.774: Total time for which application threads were stopped: 0.0086340 seconds
{Heap before GC invocations=33 (full 1):
 par new generation   total 109248K, used 87434K [0x8ac00000, 0x92c00000, 0x92c00000)
  eden space 87424K, 100% used [0x8ac00000, 0x90160000, 0x90160000)
  from space 21824K,   0% used [0x90160000, 0x90162800, 0x916b0000)
  to   space 21824K,   0% used [0x916b0000, 0x916b0000, 0x92c00000)
 concurrent mark-sweep generation total 393216K, used 12141K [0x92c00000, 0xaac00000, 0xaac00000)
 concurrent-mark-sweep perm gen total 35404K, used 21240K [0xaac00000, 0xace93000, 0xb2c00000)
2015-02-20T15:46:22.899-0600: 1511.354: [GC2015-02-20T15:46:22.899-0600: 1511.354: [ParNew
Desired survivor size 20112996 bytes, new threshold 8 (max 8)
- age   1:        880 bytes,        880 total
- age   2:        352 bytes,       1232 total
- age   3:        216 bytes,       1448 total
- age   4:        312 bytes,       1760 total
- age   5:        328 bytes,       2088 total
- age   6:        128 bytes,       2216 total
- age   7:        328 bytes,       2544 total
- age   8:        200 bytes,       2744 total
: 87434K->6K(109248K), 0.0111030 secs] 99575K->12147K(502464K), 0.0113830 secs] [Times: user=0.02 sys=0.00, real=0.01 secs] 
Heap after GC invocations=34 (full 1):
 par new generation   total 109248K, used 6K [0x8ac00000, 0x92c00000, 0x92c00000)
  eden space 87424K,   0% used [0x8ac00000, 0x8ac00000, 0x90160000)
  from space 21824K,   0% used [0x916b0000, 0x916b1800, 0x92c00000)
  to   space 21824K,   0% used [0x90160000, 0x90160000, 0x916b0000)
 concurrent mark-sweep generation total 393216K, used 12141K [0x92c00000, 0xaac00000, 0xaac00000)
 concurrent-mark-sweep perm gen total 35404K, used 21240K [0xaac00000, 0xace93000, 0xb2c00000)
}
2015-02-20T15:46:22.910-0600: 1511.365: Total time for which application threads were stopped: 0.0141220 seconds
{Heap before GC invocations=34 (full 1):
 par new generation   total 109248K, used 87430K [0x8ac00000, 0x92c00000, 0x92c00000)
  eden space 87424K, 100% used [0x8ac00000, 0x90160000, 0x90160000)
  from space 21824K,   0% used [0x916b0000, 0x916b1800, 0x92c00000)
  to   space 21824K,   0% used [0x90160000, 0x90160000, 0x916b0000)
 concurrent mark-sweep generation total 393216K, used 12141K [0x92c00000, 0xaac00000, 0xaac00000)
 concurrent-mark-sweep perm gen total 35404K, used 21240K [0xaac00000, 0xace93000, 0xb2c00000)
2015-02-20T15:46:24.486-0600: 1512.941: [GC2015-02-20T15:46:24.486-0600: 1512.941: [ParNew
Desired survivor size 20112996 bytes, new threshold 8 (max 8)
- age   1:        688 bytes,        688 total
- age   2:        128 bytes,        816 total
- age   3:        328 bytes,       1144 total
- age   4:        216 bytes,       1360 total
- age   5:        312 bytes,       1672 total
- age   6:        328 bytes,       2000 total
- age   7:        128 bytes,       2128 total
- age   8:        328 bytes,       2456 total
: 87430K->8K(109248K), 0.0152530 secs] 99571K->12149K(502464K), 0.0154940 secs] [Times: user=0.02 sys=0.00, real=0.02 secs] 
Heap after GC invocations=35 (full 1):
 par new generation   total 109248K, used 8K [0x8ac00000, 0x92c00000, 0x92c00000)
  eden space 87424K,   0% used [0x8ac00000, 0x8ac00000, 0x90160000)
  from space 21824K,   0% used [0x90160000, 0x90162000, 0x916b0000)
  to   space 21824K,   0% used [0x916b0000, 0x916b0000, 0x92c00000)
 concurrent mark-sweep generation total 393216K, used 12141K [0x92c00000, 0xaac00000, 0xaac00000)
 concurrent-mark-sweep perm gen total 35404K, used 21240K [0xaac00000, 0xace93000, 0xb2c00000)
}
2015-02-20T15:46:24.501-0600: 1512.956: Total time for which application threads were stopped: 0.0182220 seconds
{Heap before GC invocations=35 (full 1):
 par new generation   total 109248K, used 87432K [0x8ac00000, 0x92c00000, 0x92c00000)
  eden space 87424K, 100% used [0x8ac00000, 0x90160000, 0x90160000)
  from space 21824K,   0% used [0x90160000, 0x90162000, 0x916b0000)
  to   space 21824K,   0% used [0x916b0000, 0x916b0000, 0x92c00000)
 concurrent mark-sweep generation total 393216K, used 12141K [0x92c00000, 0xaac00000, 0xaac00000)
 concurrent-mark-sweep perm gen total 35404K, used 21240K [0xaac00000, 0xace93000, 0xb2c00000)
2015-02-20T15:46:26.634-0600: 1515.089: [GC2015-02-20T15:46:26.634-0600: 1515.089: [ParNew
Desired survivor size 20112996 bytes, new threshold 8 (max 8)
- age   1:        784 bytes,        784 total
- age   2:        328 bytes,       1112 total
- age   3:        128 bytes,       1240 total
- age   4:        328 bytes,       1568 total
- age   5:        216 bytes,       1784 total
- age   6:        312 bytes,       2096 total
- age   7:        328 bytes,       2424 total
- age   8:        128 bytes,       2552 total
: 87432K->6K(109248K), 0.0117440 secs] 99573K->12148K(502464K), 0.0119460 secs] [Times: user=0.03 sys=0.00, real=0.01 secs] 
Heap after GC invocations=36 (full 1):
 par new generation   total 109248K, used 6K [0x8ac00000, 0x92c00000, 0x92c00000)
  eden space 87424K,   0% used [0x8ac00000, 0x8ac00000, 0x90160000)
  from space 21824K,   0% used [0x916b0000, 0x916b1800, 0x92c00000)
  to   space 21824K,   0% used [0x90160000, 0x90160000, 0x916b0000)
 concurrent mark-sweep generation total 393216K, used 12142K [0x92c00000, 0xaac00000, 0xaac00000)
 concurrent-mark-sweep perm gen total 35404K, used 21240K [0xaac00000, 0xace93000, 0xb2c00000)
}
2015-02-20T15:46:26.646-0600: 1515.101: Total time for which application threads were stopped: 0.0148630 seconds
{Heap before GC invocations=36 (full 1):
 par new generation   total 109248K, used 87430K [0x8ac00000, 0x92c00000, 0x92c00000)
  eden space 87424K, 100% used [0x8ac00000, 0x90160000, 0x90160000)
  from space 21824K,   0% used [0x916b0000, 0x916b1800, 0x92c00000)
  to   space 21824K,   0% used [0x90160000, 0x90160000, 0x916b0000)
 concurrent mark-sweep generation total 393216K, used 12142K [0x92c00000, 0xaac00000, 0xaac00000)
 concurrent-mark-sweep perm gen total 35404K, used 21240K [0xaac00000, 0xace93000, 0xb2c00000)
2015-02-20T15:46:28.315-0600: 1516.770: [GC2015-02-20T15:46:28.315-0600: 1516.770: [ParNew
Desired survivor size 20112996 bytes, new threshold 8 (max 8)
- age   1:       1520 bytes,       1520 total
- age   2:        352 bytes,       1872 total
- age   3:        328 bytes,       2200 total
- age   4:        128 bytes,       2328 total
- age   5:        328 bytes,       2656 total
- age   6:        216 bytes,       2872 total
- age   7:        312 bytes,       3184 total
- age   8:        328 bytes,       3512 total
: 87430K->10K(109248K), 0.0184410 secs] 99572K->12152K(502464K), 0.0186570 secs] [Times: user=0.02 sys=0.00, real=0.02 secs] 
Heap after GC invocations=37 (full 1):
 par new generation   total 109248K, used 10K [0x8ac00000, 0x92c00000, 0x92c00000)
  eden space 87424K,   0% used [0x8ac00000, 0x8ac00000, 0x90160000)
  from space 21824K,   0% used [0x90160000, 0x90162800, 0x916b0000)
  to   space 21824K,   0% used [0x916b0000, 0x916b0000, 0x92c00000)
 concurrent mark-sweep generation total 393216K, used 12142K [0x92c00000, 0xaac00000, 0xaac00000)
 concurrent-mark-sweep perm gen total 35404K, used 21240K [0xaac00000, 0xace93000, 0xb2c00000)
}
2015-02-20T15:46:28.333-0600: 1516.788: Total time for which application threads were stopped: 0.0221340 seconds
2015-02-20T15:46:29.271-0600: 1517.726: Total time for which application threads were stopped: 0.0044980 seconds
{Heap before GC invocations=37 (full 1):
 par new generation   total 109248K, used 87434K [0x8ac00000, 0x92c00000, 0x92c00000)
  eden space 87424K, 100% used [0x8ac00000, 0x90160000, 0x90160000)
  from space 21824K,   0% used [0x90160000, 0x90162800, 0x916b0000)
  to   space 21824K,   0% used [0x916b0000, 0x916b0000, 0x92c00000)
 concurrent mark-sweep generation total 393216K, used 12142K [0x92c00000, 0xaac00000, 0xaac00000)
 concurrent-mark-sweep perm gen total 35404K, used 21240K [0xaac00000, 0xace93000, 0xb2c00000)
2015-02-20T15:46:29.890-0600: 1518.345: [GC2015-02-20T15:46:29.890-0600: 1518.345: [ParNew
Desired survivor size 20112996 bytes, new threshold 8 (max 8)
- age   1:       1264 bytes,       1264 total
- age   2:        608 bytes,       1872 total
- age   3:        352 bytes,       2224 total
- age   4:        328 bytes,       2552 total
- age   5:        128 bytes,       2680 total
- age   6:        328 bytes,       3008 total
- age   7:        216 bytes,       3224 total
- age   8:        312 bytes,       3536 total
: 87434K->6K(109248K), 0.0081140 secs] 99576K->12148K(502464K), 0.0082790 secs] [Times: user=0.01 sys=0.00, real=0.01 secs] 
Heap after GC invocations=38 (full 1):
 par new generation   total 109248K, used 6K [0x8ac00000, 0x92c00000, 0x92c00000)
  eden space 87424K,   0% used [0x8ac00000, 0x8ac00000, 0x90160000)
  from space 21824K,   0% used [0x916b0000, 0x916b1800, 0x92c00000)
  to   space 21824K,   0% used [0x90160000, 0x90160000, 0x916b0000)
 concurrent mark-sweep generation total 393216K, used 12142K [0x92c00000, 0xaac00000, 0xaac00000)
 concurrent-mark-sweep perm gen total 35404K, used 21240K [0xaac00000, 0xace93000, 0xb2c00000)
}
2015-02-20T15:46:29.898-0600: 1518.353: Total time for which application threads were stopped: 0.0103250 seconds
{Heap before GC invocations=38 (full 1):
 par new generation   total 109248K, used 87430K [0x8ac00000, 0x92c00000, 0x92c00000)
  eden space 87424K, 100% used [0x8ac00000, 0x90160000, 0x90160000)
  from space 21824K,   0% used [0x916b0000, 0x916b1800, 0x92c00000)
  to   space 21824K,   0% used [0x90160000, 0x90160000, 0x916b0000)
 concurrent mark-sweep generation total 393216K, used 12142K [0x92c00000, 0xaac00000, 0xaac00000)
 concurrent-mark-sweep perm gen total 35404K, used 21240K [0xaac00000, 0xace93000, 0xb2c00000)
2015-02-20T15:46:31.525-0600: 1519.980: [GC2015-02-20T15:46:31.525-0600: 1519.980: [ParNew
Desired survivor size 20112996 bytes, new threshold 8 (max 8)
- age   1:        944 bytes,        944 total
- age   2:        464 bytes,       1408 total
- age   3:        608 bytes,       2016 total
- age   4:        352 bytes,       2368 total
- age   5:        328 bytes,       2696 total
- age   6:        128 bytes,       2824 total
- age   7:        328 bytes,       3152 total
- age   8:        216 bytes,       3368 total
: 87430K->8K(109248K), 0.0062820 secs] 99572K->12151K(502464K), 0.0064950 secs] [Times: user=0.01 sys=0.00, real=0.01 secs] 
Heap after GC invocations=39 (full 1):
 par new generation   total 109248K, used 8K [0x8ac00000, 0x92c00000, 0x92c00000)
  eden space 87424K,   0% used [0x8ac00000, 0x8ac00000, 0x90160000)
  from space 21824K,   0% used [0x90160000, 0x90162000, 0x916b0000)
  to   space 21824K,   0% used [0x916b0000, 0x916b0000, 0x92c00000)
 concurrent mark-sweep generation total 393216K, used 12143K [0x92c00000, 0xaac00000, 0xaac00000)
 concurrent-mark-sweep perm gen total 35404K, used 21240K [0xaac00000, 0xace93000, 0xb2c00000)
}
2015-02-20T15:46:31.532-0600: 1519.987: Total time for which application threads were stopped: 0.0091750 seconds
{Heap before GC invocations=39 (full 1):
 par new generation   total 109248K, used 87432K [0x8ac00000, 0x92c00000, 0x92c00000)
  eden space 87424K, 100% used [0x8ac00000, 0x90160000, 0x90160000)
  from space 21824K,   0% used [0x90160000, 0x90162000, 0x916b0000)
  to   space 21824K,   0% used [0x916b0000, 0x916b0000, 0x92c00000)
 concurrent mark-sweep generation total 393216K, used 12143K [0x92c00000, 0xaac00000, 0xaac00000)
 concurrent-mark-sweep perm gen total 35404K, used 21240K [0xaac00000, 0xace93000, 0xb2c00000)
2015-02-20T15:46:33.089-0600: 1521.544: [GC2015-02-20T15:46:33.089-0600: 1521.544: [ParNew
Desired survivor size 20112996 bytes, new threshold 8 (max 8)
- age   1:       1232 bytes,       1232 total
- age   2:        216 bytes,       1448 total
- age   3:        336 bytes,       1784 total
- age   4:        608 bytes,       2392 total
- age   5:        352 bytes,       2744 total
- age   6:        328 bytes,       3072 total
- age   7:        128 bytes,       3200 total
- age   8:        328 bytes,       3528 total
: 87432K->6K(109248K), 0.0073940 secs] 99575K->12149K(502464K), 0.0075960 secs] [Times: user=0.02 sys=0.00, real=0.00 secs] 
Heap after GC invocations=40 (full 1):
 par new generation   total 109248K, used 6K [0x8ac00000, 0x92c00000, 0x92c00000)
  eden space 87424K,   0% used [0x8ac00000, 0x8ac00000, 0x90160000)
  from space 21824K,   0% used [0x916b0000, 0x916b1800, 0x92c00000)
  to   space 21824K,   0% used [0x90160000, 0x90160000, 0x916b0000)
 concurrent mark-sweep generation total 393216K, used 12143K [0x92c00000, 0xaac00000, 0xaac00000)
 concurrent-mark-sweep perm gen total 35404K, used 21240K [0xaac00000, 0xace93000, 0xb2c00000)
}
2015-02-20T15:46:33.096-0600: 1521.551: Total time for which application threads were stopped: 0.0102340 seconds
{Heap before GC invocations=40 (full 1):
 par new generation   total 109248K, used 87430K [0x8ac00000, 0x92c00000, 0x92c00000)
  eden space 87424K, 100% used [0x8ac00000, 0x90160000, 0x90160000)
  from space 21824K,   0% used [0x916b0000, 0x916b1800, 0x92c00000)
  to   space 21824K,   0% used [0x90160000, 0x90160000, 0x916b0000)
 concurrent mark-sweep generation total 393216K, used 12143K [0x92c00000, 0xaac00000, 0xaac00000)
 concurrent-mark-sweep perm gen total 35404K, used 21240K [0xaac00000, 0xace93000, 0xb2c00000)
2015-02-20T15:46:34.763-0600: 1523.218: [GC2015-02-20T15:46:34.763-0600: 1523.218: [ParNew
Desired survivor size 20112996 bytes, new threshold 8 (max 8)
- age   1:        848 bytes,        848 total
- age   2:        472 bytes,       1320 total
- age   3:        216 bytes,       1536 total
- age   4:        336 bytes,       1872 total
- age   5:        608 bytes,       2480 total
- age   6:        352 bytes,       2832 total
- age   7:        328 bytes,       3160 total
- age   8:        128 bytes,       3288 total
: 87430K->10K(109248K), 0.0061880 secs] 99573K->12153K(502464K), 0.0064190 secs] [Times: user=0.01 sys=0.00, real=0.01 secs] 
Heap after GC invocations=41 (full 1):
 par new generation   total 109248K, used 10K [0x8ac00000, 0x92c00000, 0x92c00000)
  eden space 87424K,   0% used [0x8ac00000, 0x8ac00000, 0x90160000)
  from space 21824K,   0% used [0x90160000, 0x90162800, 0x916b0000)
  to   space 21824K,   0% used [0x916b0000, 0x916b0000, 0x92c00000)
 concurrent mark-sweep generation total 393216K, used 12143K [0x92c00000, 0xaac00000, 0xaac00000)
 concurrent-mark-sweep perm gen total 35404K, used 21240K [0xaac00000, 0xace93000, 0xb2c00000)
}
2015-02-20T15:46:34.770-0600: 1523.225: Total time for which application threads were stopped: 0.0090970 seconds
{Heap before GC invocations=41 (full 1):
 par new generation   total 109248K, used 87434K [0x8ac00000, 0x92c00000, 0x92c00000)
  eden space 87424K, 100% used [0x8ac00000, 0x90160000, 0x90160000)
  from space 21824K,   0% used [0x90160000, 0x90162800, 0x916b0000)
  to   space 21824K,   0% used [0x916b0000, 0x916b0000, 0x92c00000)
 concurrent mark-sweep generation total 393216K, used 12143K [0x92c00000, 0xaac00000, 0xaac00000)
 concurrent-mark-sweep perm gen total 35404K, used 21240K [0xaac00000, 0xace93000, 0xb2c00000)
2015-02-20T15:46:36.812-0600: 1525.267: [GC2015-02-20T15:46:36.812-0600: 1525.267: [ParNew
Desired survivor size 20112996 bytes, new threshold 8 (max 8)
- age   1:       1240 bytes,       1240 total
- age   2:        128 bytes,       1368 total
- age   3:        448 bytes,       1816 total
- age   4:        216 bytes,       2032 total
- age   5:        336 bytes,       2368 total
- age   6:        608 bytes,       2976 total
- age   7:        352 bytes,       3328 total
- age   8:        328 bytes,       3656 total
: 87434K->6K(109248K), 0.0350950 secs] 99577K->12149K(502464K), 0.0354110 secs] [Times: user=0.03 sys=0.00, real=0.04 secs] 
Heap after GC invocations=42 (full 1):
 par new generation   total 109248K, used 6K [0x8ac00000, 0x92c00000, 0x92c00000)
  eden space 87424K,   0% used [0x8ac00000, 0x8ac00000, 0x90160000)
  from space 21824K,   0% used [0x916b0000, 0x916b1800, 0x92c00000)
  to   space 21824K,   0% used [0x90160000, 0x90160000, 0x916b0000)
 concurrent mark-sweep generation total 393216K, used 12143K [0x92c00000, 0xaac00000, 0xaac00000)
 concurrent-mark-sweep perm gen total 35404K, used 21240K [0xaac00000, 0xace93000, 0xb2c00000)
}
2015-02-20T15:46:36.848-0600: 1525.303: Total time for which application threads were stopped: 0.0402540 seconds
{Heap before GC invocations=42 (full 1):
 par new generation   total 109248K, used 87430K [0x8ac00000, 0x92c00000, 0x92c00000)
  eden space 87424K, 100% used [0x8ac00000, 0x90160000, 0x90160000)
  from space 21824K,   0% used [0x916b0000, 0x916b1800, 0x92c00000)
  to   space 21824K,   0% used [0x90160000, 0x90160000, 0x916b0000)
 concurrent mark-sweep generation total 393216K, used 12143K [0x92c00000, 0xaac00000, 0xaac00000)
 concurrent-mark-sweep perm gen total 35404K, used 21240K [0xaac00000, 0xace93000, 0xb2c00000)
2015-02-20T15:46:38.395-0600: 1526.850: [GC2015-02-20T15:46:38.395-0600: 1526.850: [ParNew
Desired survivor size 20112996 bytes, new threshold 8 (max 8)
- age   1:       1184 bytes,       1184 total
- age   2:        328 bytes,       1512 total
- age   3:        128 bytes,       1640 total
- age   4:        448 bytes,       2088 total
- age   5:        216 bytes,       2304 total
- age   6:        336 bytes,       2640 total
- age   7:        608 bytes,       3248 total
- age   8:        352 bytes,       3600 total
: 87430K->8K(109248K), 0.0107190 secs] 99573K->12151K(502464K), 0.0109250 secs] [Times: user=0.02 sys=0.00, real=0.01 secs] 
Heap after GC invocations=43 (full 1):
 par new generation   total 109248K, used 8K [0x8ac00000, 0x92c00000, 0x92c00000)
  eden space 87424K,   0% used [0x8ac00000, 0x8ac00000, 0x90160000)
  from space 21824K,   0% used [0x90160000, 0x90162000, 0x916b0000)
  to   space 21824K,   0% used [0x916b0000, 0x916b0000, 0x92c00000)
 concurrent mark-sweep generation total 393216K, used 12143K [0x92c00000, 0xaac00000, 0xaac00000)
 concurrent-mark-sweep perm gen total 35404K, used 21240K [0xaac00000, 0xace93000, 0xb2c00000)
}
2015-02-20T15:46:38.406-0600: 1526.861: Total time for which application threads were stopped: 0.0137060 seconds
{Heap before GC invocations=43 (full 1):
 par new generation   total 109248K, used 87432K [0x8ac00000, 0x92c00000, 0x92c00000)
  eden space 87424K, 100% used [0x8ac00000, 0x90160000, 0x90160000)
  from space 21824K,   0% used [0x90160000, 0x90162000, 0x916b0000)
  to   space 21824K,   0% used [0x916b0000, 0x916b0000, 0x92c00000)
 concurrent mark-sweep generation total 393216K, used 12143K [0x92c00000, 0xaac00000, 0xaac00000)
 concurrent-mark-sweep perm gen total 35404K, used 21240K [0xaac00000, 0xace93000, 0xb2c00000)
2015-02-20T15:46:40.065-0600: 1528.520: [GC2015-02-20T15:46:40.065-0600: 1528.520: [ParNew
Desired survivor size 20112996 bytes, new threshold 8 (max 8)
- age   1:       1104 bytes,       1104 total
- age   2:        328 bytes,       1432 total
- age   3:        328 bytes,       1760 total
- age   4:        128 bytes,       1888 total
- age   5:        448 bytes,       2336 total
- age   6:        216 bytes,       2552 total
- age   7:        336 bytes,       2888 total
- age   8:        608 bytes,       3496 total
: 87432K->8K(109248K), 0.0155910 secs] 99575K->12152K(502464K), 0.0158410 secs] [Times: user=0.02 sys=0.00, real=0.02 secs] 
Heap after GC invocations=44 (full 1):
 par new generation   total 109248K, used 8K [0x8ac00000, 0x92c00000, 0x92c00000)
  eden space 87424K,   0% used [0x8ac00000, 0x8ac00000, 0x90160000)
  from space 21824K,   0% used [0x916b0000, 0x916b2000, 0x92c00000)
  to   space 21824K,   0% used [0x90160000, 0x90160000, 0x916b0000)
 concurrent mark-sweep generation total 393216K, used 12144K [0x92c00000, 0xaac00000, 0xaac00000)
 concurrent-mark-sweep perm gen total 35404K, used 21240K [0xaac00000, 0xace93000, 0xb2c00000)
}
2015-02-20T15:46:40.081-0600: 1528.536: Total time for which application threads were stopped: 0.0186640 seconds
{Heap before GC invocations=44 (full 1):
 par new generation   total 109248K, used 87432K [0x8ac00000, 0x92c00000, 0x92c00000)
  eden space 87424K, 100% used [0x8ac00000, 0x90160000, 0x90160000)
  from space 21824K,   0% used [0x916b0000, 0x916b2000, 0x92c00000)
  to   space 21824K,   0% used [0x90160000, 0x90160000, 0x916b0000)
 concurrent mark-sweep generation total 393216K, used 12144K [0x92c00000, 0xaac00000, 0xaac00000)
 concurrent-mark-sweep perm gen total 35404K, used 21240K [0xaac00000, 0xace93000, 0xb2c00000)
2015-02-20T15:46:41.866-0600: 1530.321: [GC2015-02-20T15:46:41.866-0600: 1530.321: [ParNew
Desired survivor size 20112996 bytes, new threshold 8 (max 8)
- age   1:       1112 bytes,       1112 total
- age   2:        328 bytes,       1440 total
- age   3:        328 bytes,       1768 total
- age   4:        328 bytes,       2096 total
- age   5:        128 bytes,       2224 total
- age   6:        448 bytes,       2672 total
- age   7:        216 bytes,       2888 total
- age   8:        336 bytes,       3224 total
: 87432K->10K(109248K), 0.0087020 secs] 99576K->12154K(502464K), 0.0089050 secs] [Times: user=0.01 sys=0.00, real=0.01 secs] 
Heap after GC invocations=45 (full 1):
 par new generation   total 109248K, used 10K [0x8ac00000, 0x92c00000, 0x92c00000)
  eden space 87424K,   0% used [0x8ac00000, 0x8ac00000, 0x90160000)
  from space 21824K,   0% used [0x90160000, 0x90162800, 0x916b0000)
  to   space 21824K,   0% used [0x916b0000, 0x916b0000, 0x92c00000)
 concurrent mark-sweep generation total 393216K, used 12144K [0x92c00000, 0xaac00000, 0xaac00000)
 concurrent-mark-sweep perm gen total 35404K, used 21240K [0xaac00000, 0xace93000, 0xb2c00000)
}
2015-02-20T15:46:41.875-0600: 1530.330: Total time for which application threads were stopped: 0.0116050 seconds
{Heap before GC invocations=45 (full 1):
 par new generation   total 109248K, used 87434K [0x8ac00000, 0x92c00000, 0x92c00000)
  eden space 87424K, 100% used [0x8ac00000, 0x90160000, 0x90160000)
  from space 21824K,   0% used [0x90160000, 0x90162800, 0x916b0000)
  to   space 21824K,   0% used [0x916b0000, 0x916b0000, 0x92c00000)
 concurrent mark-sweep generation total 393216K, used 12144K [0x92c00000, 0xaac00000, 0xaac00000)
 concurrent-mark-sweep perm gen total 35404K, used 21240K [0xaac00000, 0xace93000, 0xb2c00000)
2015-02-20T15:46:43.774-0600: 1532.229: [GC2015-02-20T15:46:43.774-0600: 1532.229: [ParNew
Desired survivor size 20112996 bytes, new threshold 8 (max 8)
- age   1:        944 bytes,        944 total
- age   2:        464 bytes,       1408 total
- age   3:        328 bytes,       1736 total
- age   4:        328 bytes,       2064 total
- age   5:        328 bytes,       2392 total
- age   6:        128 bytes,       2520 total
- age   7:        448 bytes,       2968 total
- age   8:        216 bytes,       3184 total
: 87434K->10K(109248K), 0.0067680 secs] 99578K->12155K(502464K), 0.0070760 secs] [Times: user=0.00 sys=0.00, real=0.01 secs] 
Heap after GC invocations=46 (full 1):
 par new generation   total 109248K, used 10K [0x8ac00000, 0x92c00000, 0x92c00000)
  eden space 87424K,   0% used [0x8ac00000, 0x8ac00000, 0x90160000)
  from space 21824K,   0% used [0x916b0000, 0x916b2800, 0x92c00000)
  to   space 21824K,   0% used [0x90160000, 0x90160000, 0x916b0000)
 concurrent mark-sweep generation total 393216K, used 12145K [0x92c00000, 0xaac00000, 0xaac00000)
 concurrent-mark-sweep perm gen total 35404K, used 21240K [0xaac00000, 0xace93000, 0xb2c00000)
}
2015-02-20T15:46:43.781-0600: 1532.236: Total time for which application threads were stopped: 0.0097140 seconds
{Heap before GC invocations=46 (full 1):
 par new generation   total 109248K, used 87434K [0x8ac00000, 0x92c00000, 0x92c00000)
  eden space 87424K, 100% used [0x8ac00000, 0x90160000, 0x90160000)
  from space 21824K,   0% used [0x916b0000, 0x916b2800, 0x92c00000)
  to   space 21824K,   0% used [0x90160000, 0x90160000, 0x916b0000)
 concurrent mark-sweep generation total 393216K, used 12145K [0x92c00000, 0xaac00000, 0xaac00000)
 concurrent-mark-sweep perm gen total 35404K, used 21240K [0xaac00000, 0xace93000, 0xb2c00000)
2015-02-20T15:46:45.320-0600: 1533.775: [GC2015-02-20T15:46:45.320-0600: 1533.775: [ParNew
Desired survivor size 20112996 bytes, new threshold 8 (max 8)
- age   1:        928 bytes,        928 total
- age   2:        216 bytes,       1144 total
- age   3:        336 bytes,       1480 total
- age   4:        328 bytes,       1808 total
- age   5:        328 bytes,       2136 total
- age   6:        328 bytes,       2464 total
- age   7:        128 bytes,       2592 total
- age   8:        448 bytes,       3040 total
: 87434K->8K(109248K), 0.0072720 secs] 99579K->12153K(502464K), 0.0074830 secs] [Times: user=0.01 sys=0.00, real=0.01 secs] 
Heap after GC invocations=47 (full 1):
 par new generation   total 109248K, used 8K [0x8ac00000, 0x92c00000, 0x92c00000)
  eden space 87424K,   0% used [0x8ac00000, 0x8ac00000, 0x90160000)
  from space 21824K,   0% used [0x90160000, 0x90162000, 0x916b0000)
  to   space 21824K,   0% used [0x916b0000, 0x916b0000, 0x92c00000)
 concurrent mark-sweep generation total 393216K, used 12145K [0x92c00000, 0xaac00000, 0xaac00000)
 concurrent-mark-sweep perm gen total 35404K, used 21240K [0xaac00000, 0xace93000, 0xb2c00000)
}
2015-02-20T15:46:45.328-0600: 1533.783: Total time for which application threads were stopped: 0.0101230 seconds
{Heap before GC invocations=47 (full 1):
 par new generation   total 109248K, used 87432K [0x8ac00000, 0x92c00000, 0x92c00000)
  eden space 87424K, 100% used [0x8ac00000, 0x90160000, 0x90160000)
  from space 21824K,   0% used [0x90160000, 0x90162000, 0x916b0000)
  to   space 21824K,   0% used [0x916b0000, 0x916b0000, 0x92c00000)
 concurrent mark-sweep generation total 393216K, used 12145K [0x92c00000, 0xaac00000, 0xaac00000)
 concurrent-mark-sweep perm gen total 35404K, used 21240K [0xaac00000, 0xace93000, 0xb2c00000)
2015-02-20T15:46:46.810-0600: 1535.265: [GC2015-02-20T15:46:46.810-0600: 1535.265: [ParNew
Desired survivor size 20112996 bytes, new threshold 8 (max 8)
- age   1:       1256 bytes,       1256 total
- age   2:        352 bytes,       1608 total
- age   3:        216 bytes,       1824 total
- age   4:        336 bytes,       2160 total
- age   5:        328 bytes,       2488 total
- age   6:        328 bytes,       2816 total
- age   7:        328 bytes,       3144 total
- age   8:        128 bytes,       3272 total
: 87432K->6K(109248K), 0.0078030 secs] 99577K->12151K(502464K), 0.0080330 secs] [Times: user=0.01 sys=0.00, real=0.01 secs] 
Heap after GC invocations=48 (full 1):
 par new generation   total 109248K, used 6K [0x8ac00000, 0x92c00000, 0x92c00000)
  eden space 87424K,   0% used [0x8ac00000, 0x8ac00000, 0x90160000)
  from space 21824K,   0% used [0x916b0000, 0x916b1800, 0x92c00000)
  to   space 21824K,   0% used [0x90160000, 0x90160000, 0x916b0000)
 concurrent mark-sweep generation total 393216K, used 12145K [0x92c00000, 0xaac00000, 0xaac00000)
 concurrent-mark-sweep perm gen total 35404K, used 21240K [0xaac00000, 0xace93000, 0xb2c00000)
}
2015-02-20T15:46:46.818-0600: 1535.273: Total time for which application threads were stopped: 0.0110380 seconds
{Heap before GC invocations=48 (full 1):
 par new generation   total 109248K, used 87430K [0x8ac00000, 0x92c00000, 0x92c00000)
  eden space 87424K, 100% used [0x8ac00000, 0x90160000, 0x90160000)
  from space 21824K,   0% used [0x916b0000, 0x916b1800, 0x92c00000)
  to   space 21824K,   0% used [0x90160000, 0x90160000, 0x916b0000)
 concurrent mark-sweep generation total 393216K, used 12145K [0x92c00000, 0xaac00000, 0xaac00000)
 concurrent-mark-sweep perm gen total 35404K, used 21240K [0xaac00000, 0xace93000, 0xb2c00000)
2015-02-20T15:46:48.307-0600: 1536.762: [GC2015-02-20T15:46:48.307-0600: 1536.762: [ParNew
Desired survivor size 20112996 bytes, new threshold 8 (max 8)
- age   1:       1064 bytes,       1064 total
- age   2:        128 bytes,       1192 total
- age   3:        328 bytes,       1520 total
- age   4:        216 bytes,       1736 total
- age   5:        336 bytes,       2072 total
- age   6:        328 bytes,       2400 total
- age   7:        328 bytes,       2728 total
- age   8:        328 bytes,       3056 total
: 87430K->8K(109248K), 0.0082390 secs] 99575K->12154K(502464K), 0.0084090 secs] [Times: user=0.02 sys=0.00, real=0.01 secs] 
Heap after GC invocations=49 (full 1):
 par new generation   total 109248K, used 8K [0x8ac00000, 0x92c00000, 0x92c00000)
  eden space 87424K,   0% used [0x8ac00000, 0x8ac00000, 0x90160000)
  from space 21824K,   0% used [0x90160000, 0x90162000, 0x916b0000)
  to   space 21824K,   0% used [0x916b0000, 0x916b0000, 0x92c00000)
 concurrent mark-sweep generation total 393216K, used 12146K [0x92c00000, 0xaac00000, 0xaac00000)
 concurrent-mark-sweep perm gen total 35404K, used 21240K [0xaac00000, 0xace93000, 0xb2c00000)
}
2015-02-20T15:46:48.315-0600: 1536.770: Total time for which application threads were stopped: 0.0110010 seconds
{Heap before GC invocations=49 (full 1):
 par new generation   total 109248K, used 87432K [0x8ac00000, 0x92c00000, 0x92c00000)
  eden space 87424K, 100% used [0x8ac00000, 0x90160000, 0x90160000)
  from space 21824K,   0% used [0x90160000, 0x90162000, 0x916b0000)
  to   space 21824K,   0% used [0x916b0000, 0x916b0000, 0x92c00000)
 concurrent mark-sweep generation total 393216K, used 12146K [0x92c00000, 0xaac00000, 0xaac00000)
 concurrent-mark-sweep perm gen total 35404K, used 21240K [0xaac00000, 0xace93000, 0xb2c00000)
2015-02-20T15:46:49.770-0600: 1538.225: [GC2015-02-20T15:46:49.770-0600: 1538.225: [ParNew
Desired survivor size 20112996 bytes, new threshold 8 (max 8)
- age   1:       1280 bytes,       1280 total
- age   2:        624 bytes,       1904 total
- age   3:        128 bytes,       2032 total
- age   4:        328 bytes,       2360 total
- age   5:        216 bytes,       2576 total
- age   6:        336 bytes,       2912 total
- age   7:        328 bytes,       3240 total
- age   8:        328 bytes,       3568 total
: 87432K->10K(109248K), 0.0072270 secs] 99578K->12156K(502464K), 0.0074310 secs] [Times: user=0.02 sys=0.00, real=0.01 secs] 
Heap after GC invocations=50 (full 1):
 par new generation   total 109248K, used 10K [0x8ac00000, 0x92c00000, 0x92c00000)
  eden space 87424K,   0% used [0x8ac00000, 0x8ac00000, 0x90160000)
  from space 21824K,   0% used [0x916b0000, 0x916b2800, 0x92c00000)
  to   space 21824K,   0% used [0x90160000, 0x90160000, 0x916b0000)
 concurrent mark-sweep generation total 393216K, used 12146K [0x92c00000, 0xaac00000, 0xaac00000)
 concurrent-mark-sweep perm gen total 35404K, used 21240K [0xaac00000, 0xace93000, 0xb2c00000)
}
2015-02-20T15:46:49.778-0600: 1538.233: Total time for which application threads were stopped: 0.0103220 seconds
{Heap before GC invocations=50 (full 1):
 par new generation   total 109248K, used 87434K [0x8ac00000, 0x92c00000, 0x92c00000)
  eden space 87424K, 100% used [0x8ac00000, 0x90160000, 0x90160000)
  from space 21824K,   0% used [0x916b0000, 0x916b2800, 0x92c00000)
  to   space 21824K,   0% used [0x90160000, 0x90160000, 0x916b0000)
 concurrent mark-sweep generation total 393216K, used 12146K [0x92c00000, 0xaac00000, 0xaac00000)
 concurrent-mark-sweep perm gen total 35404K, used 21240K [0xaac00000, 0xace93000, 0xb2c00000)
2015-02-20T15:46:51.250-0600: 1539.705: [GC2015-02-20T15:46:51.250-0600: 1539.705: [ParNew
Desired survivor size 20112996 bytes, new threshold 8 (max 8)
- age   1:       1208 bytes,       1208 total
- age   2:        200 bytes,       1408 total
- age   3:        496 bytes,       1904 total
- age   4:        128 bytes,       2032 total
- age   5:        328 bytes,       2360 total
- age   6:        216 bytes,       2576 total
- age   7:        336 bytes,       2912 total
- age   8:        328 bytes,       3240 total
: 87434K->6K(109248K), 0.0074610 secs] 99580K->12152K(502464K), 0.0077120 secs] [Times: user=0.01 sys=0.00, real=0.01 secs] 
Heap after GC invocations=51 (full 1):
 par new generation   total 109248K, used 6K [0x8ac00000, 0x92c00000, 0x92c00000)
  eden space 87424K,   0% used [0x8ac00000, 0x8ac00000, 0x90160000)
  from space 21824K,   0% used [0x90160000, 0x90161800, 0x916b0000)
  to   space 21824K,   0% used [0x916b0000, 0x916b0000, 0x92c00000)
 concurrent mark-sweep generation total 393216K, used 12146K [0x92c00000, 0xaac00000, 0xaac00000)
 concurrent-mark-sweep perm gen total 35404K, used 21240K [0xaac00000, 0xace93000, 0xb2c00000)
}
2015-02-20T15:46:51.258-0600: 1539.713: Total time for which application threads were stopped: 0.0104660 seconds
{Heap before GC invocations=51 (full 1):
 par new generation   total 109248K, used 87430K [0x8ac00000, 0x92c00000, 0x92c00000)
  eden space 87424K, 100% used [0x8ac00000, 0x90160000, 0x90160000)
  from space 21824K,   0% used [0x90160000, 0x90161800, 0x916b0000)
  to   space 21824K,   0% used [0x916b0000, 0x916b0000, 0x92c00000)
 concurrent mark-sweep generation total 393216K, used 12146K [0x92c00000, 0xaac00000, 0xaac00000)
 concurrent-mark-sweep perm gen total 35404K, used 21240K [0xaac00000, 0xace93000, 0xb2c00000)
2015-02-20T15:46:52.728-0600: 1541.183: [GC2015-02-20T15:46:52.728-0600: 1541.183: [ParNew
Desired survivor size 20112996 bytes, new threshold 8 (max 8)
- age   1:        960 bytes,        960 total
- age   2:        376 bytes,       1336 total
- age   3:        200 bytes,       1536 total
- age   4:        496 bytes,       2032 total
- age   5:        128 bytes,       2160 total
- age   6:        328 bytes,       2488 total
- age   7:        216 bytes,       2704 total
- age   8:        336 bytes,       3040 total
: 87430K->8K(109248K), 0.0166480 secs] 99576K->12154K(502464K), 0.0168540 secs] [Times: user=0.02 sys=0.00, real=0.01 secs] 
Heap after GC invocations=52 (full 1):
 par new generation   total 109248K, used 8K [0x8ac00000, 0x92c00000, 0x92c00000)
  eden space 87424K,   0% used [0x8ac00000, 0x8ac00000, 0x90160000)
  from space 21824K,   0% used [0x916b0000, 0x916b2000, 0x92c00000)
  to   space 21824K,   0% used [0x90160000, 0x90160000, 0x916b0000)
 concurrent mark-sweep generation total 393216K, used 12146K [0x92c00000, 0xaac00000, 0xaac00000)
 concurrent-mark-sweep perm gen total 35404K, used 21240K [0xaac00000, 0xace93000, 0xb2c00000)
}
2015-02-20T15:46:52.745-0600: 1541.200: Total time for which application threads were stopped: 0.0197250 seconds
{Heap before GC invocations=52 (full 1):
 par new generation   total 109248K, used 87432K [0x8ac00000, 0x92c00000, 0x92c00000)
  eden space 87424K, 100% used [0x8ac00000, 0x90160000, 0x90160000)
  from space 21824K,   0% used [0x916b0000, 0x916b2000, 0x92c00000)
  to   space 21824K,   0% used [0x90160000, 0x90160000, 0x916b0000)
 concurrent mark-sweep generation total 393216K, used 12146K [0x92c00000, 0xaac00000, 0xaac00000)
 concurrent-mark-sweep perm gen total 35404K, used 21240K [0xaac00000, 0xace93000, 0xb2c00000)
2015-02-20T15:46:54.362-0600: 1542.818: [GC2015-02-20T15:46:54.363-0600: 1542.818: [ParNew
Desired survivor size 20112996 bytes, new threshold 8 (max 8)
- age   1:       1176 bytes,       1176 total
- age   2:        128 bytes,       1304 total
- age   3:        352 bytes,       1656 total
- age   4:        200 bytes,       1856 total
- age   5:        496 bytes,       2352 total
- age   6:        128 bytes,       2480 total
- age   7:        328 bytes,       2808 total
- age   8:        216 bytes,       3024 total
: 87432K->8K(109248K), 0.0082710 secs] 99578K->12155K(502464K), 0.0085300 secs] [Times: user=0.02 sys=0.00, real=0.01 secs] 
Heap after GC invocations=53 (full 1):
 par new generation   total 109248K, used 8K [0x8ac00000, 0x92c00000, 0x92c00000)
  eden space 87424K,   0% used [0x8ac00000, 0x8ac00000, 0x90160000)
  from space 21824K,   0% used [0x90160000, 0x90162000, 0x916b0000)
  to   space 21824K,   0% used [0x916b0000, 0x916b0000, 0x92c00000)
 concurrent mark-sweep generation total 393216K, used 12147K [0x92c00000, 0xaac00000, 0xaac00000)
 concurrent-mark-sweep perm gen total 35404K, used 21240K [0xaac00000, 0xace93000, 0xb2c00000)
}
2015-02-20T15:46:54.371-0600: 1542.826: Total time for which application threads were stopped: 0.0113180 seconds
{Heap before GC invocations=53 (full 1):
 par new generation   total 109248K, used 87432K [0x8ac00000, 0x92c00000, 0x92c00000)
  eden space 87424K, 100% used [0x8ac00000, 0x90160000, 0x90160000)
  from space 21824K,   0% used [0x90160000, 0x90162000, 0x916b0000)
  to   space 21824K,   0% used [0x916b0000, 0x916b0000, 0x92c00000)
 concurrent mark-sweep generation total 393216K, used 12147K [0x92c00000, 0xaac00000, 0xaac00000)
 concurrent-mark-sweep perm gen total 35404K, used 21240K [0xaac00000, 0xace93000, 0xb2c00000)
2015-02-20T15:46:56.287-0600: 1544.742: [GC2015-02-20T15:46:56.287-0600: 1544.742: [ParNew
Desired survivor size 20112996 bytes, new threshold 8 (max 8)
- age   1:       1152 bytes,       1152 total
- age   2:        328 bytes,       1480 total
- age   3:        128 bytes,       1608 total
- age   4:        352 bytes,       1960 total
- age   5:        200 bytes,       2160 total
- age   6:        496 bytes,       2656 total
- age   7:        128 bytes,       2784 total
- age   8:        328 bytes,       3112 total
: 87432K->10K(109248K), 0.0171700 secs] 99579K->12157K(502464K), 0.0173480 secs] [Times: user=0.03 sys=0.00, real=0.02 secs] 
Heap after GC invocations=54 (full 1):
 par new generation   total 109248K, used 10K [0x8ac00000, 0x92c00000, 0x92c00000)
  eden space 87424K,   0% used [0x8ac00000, 0x8ac00000, 0x90160000)
  from space 21824K,   0% used [0x916b0000, 0x916b2800, 0x92c00000)
  to   space 21824K,   0% used [0x90160000, 0x90160000, 0x916b0000)
 concurrent mark-sweep generation total 393216K, used 12147K [0x92c00000, 0xaac00000, 0xaac00000)
 concurrent-mark-sweep perm gen total 35404K, used 21240K [0xaac00000, 0xace93000, 0xb2c00000)
}
2015-02-20T15:46:56.304-0600: 1544.759: Total time for which application threads were stopped: 0.0198910 seconds
{Heap before GC invocations=54 (full 1):
 par new generation   total 109248K, used 87434K [0x8ac00000, 0x92c00000, 0x92c00000)
  eden space 87424K, 100% used [0x8ac00000, 0x90160000, 0x90160000)
  from space 21824K,   0% used [0x916b0000, 0x916b2800, 0x92c00000)
  to   space 21824K,   0% used [0x90160000, 0x90160000, 0x916b0000)
 concurrent mark-sweep generation total 393216K, used 12147K [0x92c00000, 0xaac00000, 0xaac00000)
 concurrent-mark-sweep perm gen total 35404K, used 21240K [0xaac00000, 0xace93000, 0xb2c00000)
2015-02-20T15:46:58.110-0600: 1546.565: [GC2015-02-20T15:46:58.110-0600: 1546.565: [ParNew
Desired survivor size 20112996 bytes, new threshold 8 (max 8)
- age   1:        840 bytes,        840 total
- age   2:        376 bytes,       1216 total
- age   3:        328 bytes,       1544 total
- age   4:        128 bytes,       1672 total
- age   5:        352 bytes,       2024 total
- age   6:        200 bytes,       2224 total
- age   7:        496 bytes,       2720 total
- age   8:        128 bytes,       2848 total
: 87434K->6K(109248K), 0.0077340 secs] 99581K->12153K(502464K), 0.0079650 secs] [Times: user=0.01 sys=0.00, real=0.01 secs] 
Heap after GC invocations=55 (full 1):
 par new generation   total 109248K, used 6K [0x8ac00000, 0x92c00000, 0x92c00000)
  eden space 87424K,   0% used [0x8ac00000, 0x8ac00000, 0x90160000)
  from space 21824K,   0% used [0x90160000, 0x90161800, 0x916b0000)
  to   space 21824K,   0% used [0x916b0000, 0x916b0000, 0x92c00000)
 concurrent mark-sweep generation total 393216K, used 12147K [0x92c00000, 0xaac00000, 0xaac00000)
 concurrent-mark-sweep perm gen total 35404K, used 21240K [0xaac00000, 0xace93000, 0xb2c00000)
}
2015-02-20T15:46:58.118-0600: 1546.573: Total time for which application threads were stopped: 0.0105510 seconds
{Heap before GC invocations=55 (full 1):
 par new generation   total 109248K, used 87430K [0x8ac00000, 0x92c00000, 0x92c00000)
  eden space 87424K, 100% used [0x8ac00000, 0x90160000, 0x90160000)
  from space 21824K,   0% used [0x90160000, 0x90161800, 0x916b0000)
  to   space 21824K,   0% used [0x916b0000, 0x916b0000, 0x92c00000)
 concurrent mark-sweep generation total 393216K, used 12147K [0x92c00000, 0xaac00000, 0xaac00000)
 concurrent-mark-sweep perm gen total 35404K, used 21240K [0xaac00000, 0xace93000, 0xb2c00000)
2015-02-20T15:46:59.668-0600: 1548.124: [GC2015-02-20T15:46:59.669-0600: 1548.124: [ParNew
Desired survivor size 20112996 bytes, new threshold 8 (max 8)
- age   1:        672 bytes,        672 total
- age   2:        512 bytes,       1184 total
- age   3:        376 bytes,       1560 total
- age   4:        328 bytes,       1888 total
- age   5:        128 bytes,       2016 total
- age   6:        352 bytes,       2368 total
- age   7:        200 bytes,       2568 total
- age   8:        496 bytes,       3064 total
: 87430K->8K(109248K), 0.0180000 secs] 99577K->12155K(502464K), 0.0181780 secs] [Times: user=0.03 sys=0.00, real=0.01 secs] 
Heap after GC invocations=56 (full 1):
 par new generation   total 109248K, used 8K [0x8ac00000, 0x92c00000, 0x92c00000)
  eden space 87424K,   0% used [0x8ac00000, 0x8ac00000, 0x90160000)
  from space 21824K,   0% used [0x916b0000, 0x916b2000, 0x92c00000)
  to   space 21824K,   0% used [0x90160000, 0x90160000, 0x916b0000)
 concurrent mark-sweep generation total 393216K, used 12147K [0x92c00000, 0xaac00000, 0xaac00000)
 concurrent-mark-sweep perm gen total 35404K, used 21240K [0xaac00000, 0xace93000, 0xb2c00000)
}
2015-02-20T15:46:59.687-0600: 1548.142: Total time for which application threads were stopped: 0.0208870 seconds
{Heap before GC invocations=56 (full 1):
 par new generation   total 109248K, used 87432K [0x8ac00000, 0x92c00000, 0x92c00000)
  eden space 87424K, 100% used [0x8ac00000, 0x90160000, 0x90160000)
  from space 21824K,   0% used [0x916b0000, 0x916b2000, 0x92c00000)
  to   space 21824K,   0% used [0x90160000, 0x90160000, 0x916b0000)
 concurrent mark-sweep generation total 393216K, used 12147K [0x92c00000, 0xaac00000, 0xaac00000)
 concurrent-mark-sweep perm gen total 35404K, used 21240K [0xaac00000, 0xace93000, 0xb2c00000)
2015-02-20T15:47:01.320-0600: 1549.775: [GC2015-02-20T15:47:01.320-0600: 1549.775: [ParNew
Desired survivor size 20112996 bytes, new threshold 8 (max 8)
- age   1:       1104 bytes,       1104 total
- age   2:        200 bytes,       1304 total
- age   3:        384 bytes,       1688 total
- age   4:        376 bytes,       2064 total
- age   5:        328 bytes,       2392 total
- age   6:        128 bytes,       2520 total
- age   7:        352 bytes,       2872 total
- age   8:        200 bytes,       3072 total
: 87432K->8K(109248K), 0.0082380 secs] 99579K->12156K(502464K), 0.0084740 secs] [Times: user=0.02 sys=0.00, real=0.01 secs] 
Heap after GC invocations=57 (full 1):
 par new generation   total 109248K, used 8K [0x8ac00000, 0x92c00000, 0x92c00000)
  eden space 87424K,   0% used [0x8ac00000, 0x8ac00000, 0x90160000)
  from space 21824K,   0% used [0x90160000, 0x90162000, 0x916b0000)
  to   space 21824K,   0% used [0x916b0000, 0x916b0000, 0x92c00000)
 concurrent mark-sweep generation total 393216K, used 12148K [0x92c00000, 0xaac00000, 0xaac00000)
 concurrent-mark-sweep perm gen total 35404K, used 21240K [0xaac00000, 0xace93000, 0xb2c00000)
}
2015-02-20T15:47:01.328-0600: 1549.783: Total time for which application threads were stopped: 0.0110520 seconds
{Heap before GC invocations=57 (full 1):
 par new generation   total 109248K, used 87432K [0x8ac00000, 0x92c00000, 0x92c00000)
  eden space 87424K, 100% used [0x8ac00000, 0x90160000, 0x90160000)
  from space 21824K,   0% used [0x90160000, 0x90162000, 0x916b0000)
  to   space 21824K,   0% used [0x916b0000, 0x916b0000, 0x92c00000)
 concurrent mark-sweep generation total 393216K, used 12148K [0x92c00000, 0xaac00000, 0xaac00000)
 concurrent-mark-sweep perm gen total 35404K, used 21240K [0xaac00000, 0xace93000, 0xb2c00000)
2015-02-20T15:47:03.057-0600: 1551.512: [GC2015-02-20T15:47:03.057-0600: 1551.512: [ParNew
Desired survivor size 20112996 bytes, new threshold 8 (max 8)
- age   1:       1336 bytes,       1336 total
- age   2:        328 bytes,       1664 total
- age   3:        200 bytes,       1864 total
- age   4:        384 bytes,       2248 total
- age   5:        376 bytes,       2624 total
- age   6:        328 bytes,       2952 total
- age   7:        128 bytes,       3080 total
- age   8:        352 bytes,       3432 total
: 87432K->10K(109248K), 0.0117340 secs] 99580K->12158K(502464K), 0.0119700 secs] [Times: user=0.02 sys=0.00, real=0.02 secs] 
Heap after GC invocations=58 (full 1):
 par new generation   total 109248K, used 10K [0x8ac00000, 0x92c00000, 0x92c00000)
  eden space 87424K,   0% used [0x8ac00000, 0x8ac00000, 0x90160000)
  from space 21824K,   0% used [0x916b0000, 0x916b2800, 0x92c00000)
  to   space 21824K,   0% used [0x90160000, 0x90160000, 0x916b0000)
 concurrent mark-sweep generation total 393216K, used 12148K [0x92c00000, 0xaac00000, 0xaac00000)
 concurrent-mark-sweep perm gen total 35404K, used 21240K [0xaac00000, 0xace93000, 0xb2c00000)
}
2015-02-20T15:47:03.069-0600: 1551.524: Total time for which application threads were stopped: 0.0150670 seconds
{Heap before GC invocations=58 (full 1):
 par new generation   total 109248K, used 87434K [0x8ac00000, 0x92c00000, 0x92c00000)
  eden space 87424K, 100% used [0x8ac00000, 0x90160000, 0x90160000)
  from space 21824K,   0% used [0x916b0000, 0x916b2800, 0x92c00000)
  to   space 21824K,   0% used [0x90160000, 0x90160000, 0x916b0000)
 concurrent mark-sweep generation total 393216K, used 12148K [0x92c00000, 0xaac00000, 0xaac00000)
 concurrent-mark-sweep perm gen total 35404K, used 21240K [0xaac00000, 0xace93000, 0xb2c00000)
2015-02-20T15:47:04.763-0600: 1553.218: [GC2015-02-20T15:47:04.763-0600: 1553.218: [ParNew
Desired survivor size 20112996 bytes, new threshold 8 (max 8)
- age   1:        952 bytes,        952 total
- age   2:        352 bytes,       1304 total
- age   3:        328 bytes,       1632 total
- age   4:        200 bytes,       1832 total
- age   5:        384 bytes,       2216 total
- age   6:        376 bytes,       2592 total
- age   7:        328 bytes,       2920 total
- age   8:        128 bytes,       3048 total
: 87434K->10K(109248K), 0.0063260 secs] 99582K->12158K(502464K), 0.0065340 secs] [Times: user=0.01 sys=0.00, real=0.01 secs] 
Heap after GC invocations=59 (full 1):
 par new generation   total 109248K, used 10K [0x8ac00000, 0x92c00000, 0x92c00000)
  eden space 87424K,   0% used [0x8ac00000, 0x8ac00000, 0x90160000)
  from space 21824K,   0% used [0x90160000, 0x90162800, 0x916b0000)
  to   space 21824K,   0% used [0x916b0000, 0x916b0000, 0x92c00000)
 concurrent mark-sweep generation total 393216K, used 12148K [0x92c00000, 0xaac00000, 0xaac00000)
 concurrent-mark-sweep perm gen total 35404K, used 21240K [0xaac00000, 0xace93000, 0xb2c00000)
}
2015-02-20T15:47:04.770-0600: 1553.225: Total time for which application threads were stopped: 0.0094000 seconds
{Heap before GC invocations=59 (full 1):
 par new generation   total 109248K, used 87434K [0x8ac00000, 0x92c00000, 0x92c00000)
  eden space 87424K, 100% used [0x8ac00000, 0x90160000, 0x90160000)
  from space 21824K,   0% used [0x90160000, 0x90162800, 0x916b0000)
  to   space 21824K,   0% used [0x916b0000, 0x916b0000, 0x92c00000)
 concurrent mark-sweep generation total 393216K, used 12148K [0x92c00000, 0xaac00000, 0xaac00000)
 concurrent-mark-sweep perm gen total 35404K, used 21240K [0xaac00000, 0xace93000, 0xb2c00000)
2015-02-20T15:47:06.539-0600: 1554.994: [GC2015-02-20T15:47:06.539-0600: 1554.994: [ParNew
Desired survivor size 20112996 bytes, new threshold 8 (max 8)
- age   1:       1256 bytes,       1256 total
- age   2:        200 bytes,       1456 total
- age   3:        328 bytes,       1784 total
- age   4:        328 bytes,       2112 total
- age   5:        200 bytes,       2312 total
- age   6:        384 bytes,       2696 total
- age   7:        376 bytes,       3072 total
- age   8:        328 bytes,       3400 total
: 87434K->6K(109248K), 0.0228450 secs] 99582K->12155K(502464K), 0.0231040 secs] [Times: user=0.04 sys=0.00, real=0.02 secs] 
Heap after GC invocations=60 (full 1):
 par new generation   total 109248K, used 6K [0x8ac00000, 0x92c00000, 0x92c00000)
  eden space 87424K,   0% used [0x8ac00000, 0x8ac00000, 0x90160000)
  from space 21824K,   0% used [0x916b0000, 0x916b1800, 0x92c00000)
  to   space 21824K,   0% used [0x90160000, 0x90160000, 0x916b0000)
 concurrent mark-sweep generation total 393216K, used 12149K [0x92c00000, 0xaac00000, 0xaac00000)
 concurrent-mark-sweep perm gen total 35404K, used 21240K [0xaac00000, 0xace93000, 0xb2c00000)
}
2015-02-20T15:47:06.562-0600: 1555.017: Total time for which application threads were stopped: 0.0264530 seconds
{Heap before GC invocations=60 (full 1):
 par new generation   total 109248K, used 87430K [0x8ac00000, 0x92c00000, 0x92c00000)
  eden space 87424K, 100% used [0x8ac00000, 0x90160000, 0x90160000)
  from space 21824K,   0% used [0x916b0000, 0x916b1800, 0x92c00000)
  to   space 21824K,   0% used [0x90160000, 0x90160000, 0x916b0000)
 concurrent mark-sweep generation total 393216K, used 12149K [0x92c00000, 0xaac00000, 0xaac00000)
 concurrent-mark-sweep perm gen total 35404K, used 21240K [0xaac00000, 0xace93000, 0xb2c00000)
2015-02-20T15:47:08.321-0600: 1556.776: [GC2015-02-20T15:47:08.321-0600: 1556.776: [ParNew
Desired survivor size 20112996 bytes, new threshold 8 (max 8)
- age   1:        976 bytes,        976 total
- age   2:        400 bytes,       1376 total
- age   3:        200 bytes,       1576 total
- age   4:        328 bytes,       1904 total
- age   5:        328 bytes,       2232 total
- age   6:        200 bytes,       2432 total
- age   7:        384 bytes,       2816 total
- age   8:        376 bytes,       3192 total
: 87430K->6K(109248K), 0.0186270 secs] 99579K->12155K(502464K), 0.0188740 secs] [Times: user=0.02 sys=0.00, real=0.02 secs] 
Heap after GC invocations=61 (full 1):
 par new generation   total 109248K, used 6K [0x8ac00000, 0x92c00000, 0x92c00000)
  eden space 87424K,   0% used [0x8ac00000, 0x8ac00000, 0x90160000)
  from space 21824K,   0% used [0x90160000, 0x90161800, 0x916b0000)
  to   space 21824K,   0% used [0x916b0000, 0x916b0000, 0x92c00000)
 concurrent mark-sweep generation total 393216K, used 12149K [0x92c00000, 0xaac00000, 0xaac00000)
 concurrent-mark-sweep perm gen total 35404K, used 21240K [0xaac00000, 0xace93000, 0xb2c00000)
}
2015-02-20T15:47:08.340-0600: 1556.795: Total time for which application threads were stopped: 0.0214480 seconds
{Heap before GC invocations=61 (full 1):
 par new generation   total 109248K, used 87429K [0x8ac00000, 0x92c00000, 0x92c00000)
  eden space 87424K,  99% used [0x8ac00000, 0x9015fd98, 0x90160000)
  from space 21824K,   0% used [0x90160000, 0x90161800, 0x916b0000)
  to   space 21824K,   0% used [0x916b0000, 0x916b0000, 0x92c00000)
 concurrent mark-sweep generation total 393216K, used 12149K [0x92c00000, 0xaac00000, 0xaac00000)
 concurrent-mark-sweep perm gen total 35404K, used 21240K [0xaac00000, 0xace93000, 0xb2c00000)
2015-02-20T15:47:10.135-0600: 1558.590: [GC2015-02-20T15:47:10.135-0600: 1558.590: [ParNew
Desired survivor size 20112996 bytes, new threshold 8 (max 8)
- age   1:       1232 bytes,       1232 total
- age   2:        376 bytes,       1608 total
- age   3:        400 bytes,       2008 total
- age   4:        200 bytes,       2208 total
- age   5:        328 bytes,       2536 total
- age   6:        328 bytes,       2864 total
- age   7:        200 bytes,       3064 total
- age   8:        384 bytes,       3448 total
: 87429K->6K(109248K), 0.0078800 secs] 99578K->12155K(502464K), 0.0081210 secs] [Times: user=0.01 sys=0.01, real=0.01 secs] 
Heap after GC invocations=62 (full 1):
 par new generation   total 109248K, used 6K [0x8ac00000, 0x92c00000, 0x92c00000)
  eden space 87424K,   0% used [0x8ac00000, 0x8ac00000, 0x90160000)
  from space 21824K,   0% used [0x916b0000, 0x916b1800, 0x92c00000)
  to   space 21824K,   0% used [0x90160000, 0x90160000, 0x916b0000)
 concurrent mark-sweep generation total 393216K, used 12149K [0x92c00000, 0xaac00000, 0xaac00000)
 concurrent-mark-sweep perm gen total 35404K, used 21240K [0xaac00000, 0xace93000, 0xb2c00000)
}
2015-02-20T15:47:10.143-0600: 1558.598: Total time for which application threads were stopped: 0.0109840 seconds
{Heap before GC invocations=62 (full 1):
 par new generation   total 109248K, used 87430K [0x8ac00000, 0x92c00000, 0x92c00000)
  eden space 87424K, 100% used [0x8ac00000, 0x90160000, 0x90160000)
  from space 21824K,   0% used [0x916b0000, 0x916b1800, 0x92c00000)
  to   space 21824K,   0% used [0x90160000, 0x90160000, 0x916b0000)
 concurrent mark-sweep generation total 393216K, used 12149K [0x92c00000, 0xaac00000, 0xaac00000)
 concurrent-mark-sweep perm gen total 35404K, used 21240K [0xaac00000, 0xace93000, 0xb2c00000)
2015-02-20T15:47:11.856-0600: 1560.311: [GC2015-02-20T15:47:11.856-0600: 1560.311: [ParNew
Desired survivor size 20112996 bytes, new threshold 8 (max 8)
- age   1:       1240 bytes,       1240 total
- age   2:        376 bytes,       1616 total
- age   3:        376 bytes,       1992 total
- age   4:        400 bytes,       2392 total
- age   5:        200 bytes,       2592 total
- age   6:        328 bytes,       2920 total
- age   7:        328 bytes,       3248 total
- age   8:        200 bytes,       3448 total
: 87430K->6K(109248K), 0.0079290 secs] 99579K->12156K(502464K), 0.0081350 secs] [Times: user=0.02 sys=0.00, real=0.01 secs] 
Heap after GC invocations=63 (full 1):
 par new generation   total 109248K, used 6K [0x8ac00000, 0x92c00000, 0x92c00000)
  eden space 87424K,   0% used [0x8ac00000, 0x8ac00000, 0x90160000)
  from space 21824K,   0% used [0x90160000, 0x90161800, 0x916b0000)
  to   space 21824K,   0% used [0x916b0000, 0x916b0000, 0x92c00000)
 concurrent mark-sweep generation total 393216K, used 12150K [0x92c00000, 0xaac00000, 0xaac00000)
 concurrent-mark-sweep perm gen total 35404K, used 21240K [0xaac00000, 0xace93000, 0xb2c00000)
}
2015-02-20T15:47:11.864-0600: 1560.319: Total time for which application threads were stopped: 0.0108080 seconds
{Heap before GC invocations=63 (full 1):
 par new generation   total 109248K, used 87430K [0x8ac00000, 0x92c00000, 0x92c00000)
  eden space 87424K, 100% used [0x8ac00000, 0x90160000, 0x90160000)
  from space 21824K,   0% used [0x90160000, 0x90161800, 0x916b0000)
  to   space 21824K,   0% used [0x916b0000, 0x916b0000, 0x92c00000)
 concurrent mark-sweep generation total 393216K, used 12150K [0x92c00000, 0xaac00000, 0xaac00000)
 concurrent-mark-sweep perm gen total 35404K, used 21240K [0xaac00000, 0xace93000, 0xb2c00000)
2015-02-20T15:47:13.482-0600: 1561.937: [GC2015-02-20T15:47:13.482-0600: 1561.937: [ParNew
Desired survivor size 20112996 bytes, new threshold 8 (max 8)
- age   1:        864 bytes,        864 total
- age   2:        512 bytes,       1376 total
- age   3:        376 bytes,       1752 total
- age   4:        376 bytes,       2128 total
- age   5:        400 bytes,       2528 total
- age   6:        200 bytes,       2728 total
- age   7:        328 bytes,       3056 total
- age   8:        328 bytes,       3384 total
: 87430K->10K(109248K), 0.0058860 secs] 99580K->12160K(502464K), 0.0061150 secs] [Times: user=0.00 sys=0.01, real=0.01 secs] 
Heap after GC invocations=64 (full 1):
 par new generation   total 109248K, used 10K [0x8ac00000, 0x92c00000, 0x92c00000)
  eden space 87424K,   0% used [0x8ac00000, 0x8ac00000, 0x90160000)
  from space 21824K,   0% used [0x916b0000, 0x916b2800, 0x92c00000)
  to   space 21824K,   0% used [0x90160000, 0x90160000, 0x916b0000)
 concurrent mark-sweep generation total 393216K, used 12150K [0x92c00000, 0xaac00000, 0xaac00000)
 concurrent-mark-sweep perm gen total 35404K, used 21240K [0xaac00000, 0xace93000, 0xb2c00000)
}
2015-02-20T15:47:13.488-0600: 1561.943: Total time for which application threads were stopped: 0.0088310 seconds
{Heap before GC invocations=64 (full 1):
 par new generation   total 109248K, used 87434K [0x8ac00000, 0x92c00000, 0x92c00000)
  eden space 87424K, 100% used [0x8ac00000, 0x90160000, 0x90160000)
  from space 21824K,   0% used [0x916b0000, 0x916b2800, 0x92c00000)
  to   space 21824K,   0% used [0x90160000, 0x90160000, 0x916b0000)
 concurrent mark-sweep generation total 393216K, used 12150K [0x92c00000, 0xaac00000, 0xaac00000)
 concurrent-mark-sweep perm gen total 35404K, used 21240K [0xaac00000, 0xace93000, 0xb2c00000)
2015-02-20T15:47:15.306-0600: 1563.761: [GC2015-02-20T15:47:15.306-0600: 1563.761: [ParNew
Desired survivor size 20112996 bytes, new threshold 8 (max 8)
- age   1:        992 bytes,        992 total
- age   2:        216 bytes,       1208 total
- age   3:        384 bytes,       1592 total
- age   4:        376 bytes,       1968 total
- age   5:        376 bytes,       2344 total
- age   6:        400 bytes,       2744 total
- age   7:        200 bytes,       2944 total
- age   8:        328 bytes,       3272 total
: 87434K->6K(109248K), 0.0080470 secs] 99584K->12156K(502464K), 0.0082630 secs] [Times: user=0.01 sys=0.01, real=0.01 secs] 
Heap after GC invocations=65 (full 1):
 par new generation   total 109248K, used 6K [0x8ac00000, 0x92c00000, 0x92c00000)
  eden space 87424K,   0% used [0x8ac00000, 0x8ac00000, 0x90160000)
  from space 21824K,   0% used [0x90160000, 0x90161800, 0x916b0000)
  to   space 21824K,   0% used [0x916b0000, 0x916b0000, 0x92c00000)
 concurrent mark-sweep generation total 393216K, used 12150K [0x92c00000, 0xaac00000, 0xaac00000)
 concurrent-mark-sweep perm gen total 35404K, used 21240K [0xaac00000, 0xace93000, 0xb2c00000)
}
2015-02-20T15:47:15.314-0600: 1563.769: Total time for which application threads were stopped: 0.0109180 seconds
{Heap before GC invocations=65 (full 1):
 par new generation   total 109248K, used 87430K [0x8ac00000, 0x92c00000, 0x92c00000)
  eden space 87424K, 100% used [0x8ac00000, 0x90160000, 0x90160000)
  from space 21824K,   0% used [0x90160000, 0x90161800, 0x916b0000)
  to   space 21824K,   0% used [0x916b0000, 0x916b0000, 0x92c00000)
 concurrent mark-sweep generation total 393216K, used 12150K [0x92c00000, 0xaac00000, 0xaac00000)
 concurrent-mark-sweep perm gen total 35404K, used 21240K [0xaac00000, 0xace93000, 0xb2c00000)
2015-02-20T15:47:16.853-0600: 1565.308: [GC2015-02-20T15:47:16.853-0600: 1565.308: [ParNew
Desired survivor size 20112996 bytes, new threshold 8 (max 8)
- age   1:       1160 bytes,       1160 total
- age   2:        352 bytes,       1512 total
- age   3:        216 bytes,       1728 total
- age   4:        384 bytes,       2112 total
- age   5:        376 bytes,       2488 total
- age   6:        376 bytes,       2864 total
- age   7:        400 bytes,       3264 total
- age   8:        200 bytes,       3464 total
: 87430K->8K(109248K), 0.0071320 secs] 99580K->12159K(502464K), 0.0073720 secs] [Times: user=0.01 sys=0.00, real=0.01 secs] 
Heap after GC invocations=66 (full 1):
 par new generation   total 109248K, used 8K [0x8ac00000, 0x92c00000, 0x92c00000)
  eden space 87424K,   0% used [0x8ac00000, 0x8ac00000, 0x90160000)
  from space 21824K,   0% used [0x916b0000, 0x916b2000, 0x92c00000)
  to   space 21824K,   0% used [0x90160000, 0x90160000, 0x916b0000)
 concurrent mark-sweep generation total 393216K, used 12151K [0x92c00000, 0xaac00000, 0xaac00000)
 concurrent-mark-sweep perm gen total 35404K, used 21240K [0xaac00000, 0xace93000, 0xb2c00000)
}
2015-02-20T15:47:16.860-0600: 1565.315: Total time for which application threads were stopped: 0.0100000 seconds
{Heap before GC invocations=66 (full 1):
 par new generation   total 109248K, used 87432K [0x8ac00000, 0x92c00000, 0x92c00000)
  eden space 87424K, 100% used [0x8ac00000, 0x90160000, 0x90160000)
  from space 21824K,   0% used [0x916b0000, 0x916b2000, 0x92c00000)
  to   space 21824K,   0% used [0x90160000, 0x90160000, 0x916b0000)
 concurrent mark-sweep generation total 393216K, used 12151K [0x92c00000, 0xaac00000, 0xaac00000)
 concurrent-mark-sweep perm gen total 35404K, used 21240K [0xaac00000, 0xace93000, 0xb2c00000)
2015-02-20T15:47:18.518-0600: 1566.973: [GC2015-02-20T15:47:18.518-0600: 1566.973: [ParNew
Desired survivor size 20112996 bytes, new threshold 8 (max 8)
- age   1:       1144 bytes,       1144 total
- age   2:        176 bytes,       1320 total
- age   3:        328 bytes,       1648 total
- age   4:        216 bytes,       1864 total
- age   5:        384 bytes,       2248 total
- age   6:        376 bytes,       2624 total
- age   7:        376 bytes,       3000 total
- age   8:        400 bytes,       3400 total
: 87432K->6K(109248K), 0.0078140 secs] 99583K->12157K(502464K), 0.0079940 secs] [Times: user=0.01 sys=0.00, real=0.00 secs] 
Heap after GC invocations=67 (full 1):
 par new generation   total 109248K, used 6K [0x8ac00000, 0x92c00000, 0x92c00000)
  eden space 87424K,   0% used [0x8ac00000, 0x8ac00000, 0x90160000)
  from space 21824K,   0% used [0x90160000, 0x90161800, 0x916b0000)
  to   space 21824K,   0% used [0x916b0000, 0x916b0000, 0x92c00000)
 concurrent mark-sweep generation total 393216K, used 12151K [0x92c00000, 0xaac00000, 0xaac00000)
 concurrent-mark-sweep perm gen total 35404K, used 21240K [0xaac00000, 0xace93000, 0xb2c00000)
}
2015-02-20T15:47:18.526-0600: 1566.981: Total time for which application threads were stopped: 0.0109530 seconds
{Heap before GC invocations=67 (full 1):
 par new generation   total 109248K, used 87430K [0x8ac00000, 0x92c00000, 0x92c00000)
  eden space 87424K, 100% used [0x8ac00000, 0x90160000, 0x90160000)
  from space 21824K,   0% used [0x90160000, 0x90161800, 0x916b0000)
  to   space 21824K,   0% used [0x916b0000, 0x916b0000, 0x92c00000)
 concurrent mark-sweep generation total 393216K, used 12151K [0x92c00000, 0xaac00000, 0xaac00000)
 concurrent-mark-sweep perm gen total 35404K, used 21240K [0xaac00000, 0xace93000, 0xb2c00000)
2015-02-20T15:47:20.100-0600: 1568.556: [GC2015-02-20T15:47:20.101-0600: 1568.556: [ParNew
Desired survivor size 20112996 bytes, new threshold 8 (max 8)
- age   1:       1304 bytes,       1304 total
- age   2:        328 bytes,       1632 total
- age   3:        176 bytes,       1808 total
- age   4:        328 bytes,       2136 total
- age   5:        216 bytes,       2352 total
- age   6:        384 bytes,       2736 total
- age   7:        376 bytes,       3112 total
- age   8:        376 bytes,       3488 total
: 87430K->10K(109248K), 0.0067470 secs] 99581K->12161K(502464K), 0.0069790 secs] [Times: user=0.01 sys=0.00, real=0.01 secs] 
Heap after GC invocations=68 (full 1):
 par new generation   total 109248K, used 10K [0x8ac00000, 0x92c00000, 0x92c00000)
  eden space 87424K,   0% used [0x8ac00000, 0x8ac00000, 0x90160000)
  from space 21824K,   0% used [0x916b0000, 0x916b2800, 0x92c00000)
  to   space 21824K,   0% used [0x90160000, 0x90160000, 0x916b0000)
 concurrent mark-sweep generation total 393216K, used 12151K [0x92c00000, 0xaac00000, 0xaac00000)
 concurrent-mark-sweep perm gen total 35404K, used 21240K [0xaac00000, 0xace93000, 0xb2c00000)
}
2015-02-20T15:47:20.108-0600: 1568.563: Total time for which application threads were stopped: 0.0095610 seconds
{Heap before GC invocations=68 (full 1):
 par new generation   total 109248K, used 87434K [0x8ac00000, 0x92c00000, 0x92c00000)
  eden space 87424K, 100% used [0x8ac00000, 0x90160000, 0x90160000)
  from space 21824K,   0% used [0x916b0000, 0x916b2800, 0x92c00000)
  to   space 21824K,   0% used [0x90160000, 0x90160000, 0x916b0000)
 concurrent mark-sweep generation total 393216K, used 12151K [0x92c00000, 0xaac00000, 0xaac00000)
 concurrent-mark-sweep perm gen total 35404K, used 21240K [0xaac00000, 0xace93000, 0xb2c00000)
2015-02-20T15:47:21.865-0600: 1570.320: [GC2015-02-20T15:47:21.865-0600: 1570.321: [ParNew
Desired survivor size 20112996 bytes, new threshold 8 (max 8)
- age   1:        976 bytes,        976 total
- age   2:        448 bytes,       1424 total
- age   3:        328 bytes,       1752 total
- age   4:        176 bytes,       1928 total
- age   5:        328 bytes,       2256 total
- age   6:        216 bytes,       2472 total
- age   7:        384 bytes,       2856 total
- age   8:        376 bytes,       3232 total
: 87434K->6K(109248K), 0.0086360 secs] 99585K->12157K(502464K), 0.0088460 secs] [Times: user=0.02 sys=0.00, real=0.01 secs] 
Heap after GC invocations=69 (full 1):
 par new generation   total 109248K, used 6K [0x8ac00000, 0x92c00000, 0x92c00000)
  eden space 87424K,   0% used [0x8ac00000, 0x8ac00000, 0x90160000)
  from space 21824K,   0% used [0x90160000, 0x90161800, 0x916b0000)
  to   space 21824K,   0% used [0x916b0000, 0x916b0000, 0x92c00000)
 concurrent mark-sweep generation total 393216K, used 12151K [0x92c00000, 0xaac00000, 0xaac00000)
 concurrent-mark-sweep perm gen total 35404K, used 21240K [0xaac00000, 0xace93000, 0xb2c00000)
}
2015-02-20T15:47:21.874-0600: 1570.329: Total time for which application threads were stopped: 0.0115470 seconds
{Heap before GC invocations=69 (full 1):
 par new generation   total 109248K, used 87430K [0x8ac00000, 0x92c00000, 0x92c00000)
  eden space 87424K, 100% used [0x8ac00000, 0x90160000, 0x90160000)
  from space 21824K,   0% used [0x90160000, 0x90161800, 0x916b0000)
  to   space 21824K,   0% used [0x916b0000, 0x916b0000, 0x92c00000)
 concurrent mark-sweep generation total 393216K, used 12151K [0x92c00000, 0xaac00000, 0xaac00000)
 concurrent-mark-sweep perm gen total 35404K, used 21240K [0xaac00000, 0xace93000, 0xb2c00000)
2015-02-20T15:47:23.636-0600: 1572.091: [GC2015-02-20T15:47:23.636-0600: 1572.091: [ParNew
Desired survivor size 20112996 bytes, new threshold 8 (max 8)
- age   1:        944 bytes,        944 total
- age   2:        440 bytes,       1384 total
- age   3:        448 bytes,       1832 total
- age   4:        328 bytes,       2160 total
- age   5:        176 bytes,       2336 total
- age   6:        328 bytes,       2664 total
- age   7:        216 bytes,       2880 total
- age   8:        384 bytes,       3264 total
: 87430K->6K(109248K), 0.0082630 secs] 99581K->12158K(502464K), 0.0084750 secs] [Times: user=0.01 sys=0.00, real=0.01 secs] 
Heap after GC invocations=70 (full 1):
 par new generation   total 109248K, used 6K [0x8ac00000, 0x92c00000, 0x92c00000)
  eden space 87424K,   0% used [0x8ac00000, 0x8ac00000, 0x90160000)
  from space 21824K,   0% used [0x916b0000, 0x916b1800, 0x92c00000)
  to   space 21824K,   0% used [0x90160000, 0x90160000, 0x916b0000)
 concurrent mark-sweep generation total 393216K, used 12152K [0x92c00000, 0xaac00000, 0xaac00000)
 concurrent-mark-sweep perm gen total 35404K, used 21240K [0xaac00000, 0xace93000, 0xb2c00000)
}
2015-02-20T15:47:23.645-0600: 1572.100: Total time for which application threads were stopped: 0.0112630 seconds
{Heap before GC invocations=70 (full 1):
 par new generation   total 109248K, used 87430K [0x8ac00000, 0x92c00000, 0x92c00000)
  eden space 87424K, 100% used [0x8ac00000, 0x90160000, 0x90160000)
  from space 21824K,   0% used [0x916b0000, 0x916b1800, 0x92c00000)
  to   space 21824K,   0% used [0x90160000, 0x90160000, 0x916b0000)
 concurrent mark-sweep generation total 393216K, used 12152K [0x92c00000, 0xaac00000, 0xaac00000)
 concurrent-mark-sweep perm gen total 35404K, used 21240K [0xaac00000, 0xace93000, 0xb2c00000)
2015-02-20T15:47:25.341-0600: 1573.796: [GC2015-02-20T15:47:25.341-0600: 1573.796: [ParNew
Desired survivor size 20112996 bytes, new threshold 8 (max 8)
- age   1:       1184 bytes,       1184 total
- age   2:        216 bytes,       1400 total
- age   3:        312 bytes,       1712 total
- age   4:        448 bytes,       2160 total
- age   5:        328 bytes,       2488 total
- age   6:        176 bytes,       2664 total
- age   7:        328 bytes,       2992 total
- age   8:        216 bytes,       3208 total
: 87430K->8K(109248K), 0.0060260 secs] 99582K->12160K(502464K), 0.0062930 secs] [Times: user=0.00 sys=0.01, real=0.01 secs] 
Heap after GC invocations=71 (full 1):
 par new generation   total 109248K, used 8K [0x8ac00000, 0x92c00000, 0x92c00000)
  eden space 87424K,   0% used [0x8ac00000, 0x8ac00000, 0x90160000)
  from space 21824K,   0% used [0x90160000, 0x90162000, 0x916b0000)
  to   space 21824K,   0% used [0x916b0000, 0x916b0000, 0x92c00000)
 concurrent mark-sweep generation total 393216K, used 12152K [0x92c00000, 0xaac00000, 0xaac00000)
 concurrent-mark-sweep perm gen total 35404K, used 21240K [0xaac00000, 0xace93000, 0xb2c00000)
}
2015-02-20T15:47:25.348-0600: 1573.803: Total time for which application threads were stopped: 0.0090310 seconds
{Heap before GC invocations=71 (full 1):
 par new generation   total 109248K, used 87432K [0x8ac00000, 0x92c00000, 0x92c00000)
  eden space 87424K, 100% used [0x8ac00000, 0x90160000, 0x90160000)
  from space 21824K,   0% used [0x90160000, 0x90162000, 0x916b0000)
  to   space 21824K,   0% used [0x916b0000, 0x916b0000, 0x92c00000)
 concurrent mark-sweep generation total 393216K, used 12152K [0x92c00000, 0xaac00000, 0xaac00000)
 concurrent-mark-sweep perm gen total 35404K, used 21240K [0xaac00000, 0xace93000, 0xb2c00000)
2015-02-20T15:47:27.096-0600: 1575.551: [GC2015-02-20T15:47:27.096-0600: 1575.551: [ParNew
Desired survivor size 20112996 bytes, new threshold 8 (max 8)
- age   1:       1184 bytes,       1184 total
- age   2:        328 bytes,       1512 total
- age   3:        216 bytes,       1728 total
- age   4:        312 bytes,       2040 total
- age   5:        448 bytes,       2488 total
- age   6:        328 bytes,       2816 total
- age   7:        176 bytes,       2992 total
- age   8:        328 bytes,       3320 total
: 87432K->6K(109248K), 0.0079580 secs] 99584K->12158K(502464K), 0.0081600 secs] [Times: user=0.01 sys=0.00, real=0.01 secs] 
Heap after GC invocations=72 (full 1):
 par new generation   total 109248K, used 6K [0x8ac00000, 0x92c00000, 0x92c00000)
  eden space 87424K,   0% used [0x8ac00000, 0x8ac00000, 0x90160000)
  from space 21824K,   0% used [0x916b0000, 0x916b1800, 0x92c00000)
  to   space 21824K,   0% used [0x90160000, 0x90160000, 0x916b0000)
 concurrent mark-sweep generation total 393216K, used 12152K [0x92c00000, 0xaac00000, 0xaac00000)
 concurrent-mark-sweep perm gen total 35404K, used 21240K [0xaac00000, 0xace93000, 0xb2c00000)
}
2015-02-20T15:47:27.104-0600: 1575.560: Total time for which application threads were stopped: 0.0109550 seconds
{Heap before GC invocations=72 (full 1):
 par new generation   total 109248K, used 87430K [0x8ac00000, 0x92c00000, 0x92c00000)
  eden space 87424K, 100% used [0x8ac00000, 0x90160000, 0x90160000)
  from space 21824K,   0% used [0x916b0000, 0x916b1800, 0x92c00000)
  to   space 21824K,   0% used [0x90160000, 0x90160000, 0x916b0000)
 concurrent mark-sweep generation total 393216K, used 12152K [0x92c00000, 0xaac00000, 0xaac00000)
 concurrent-mark-sweep perm gen total 35404K, used 21240K [0xaac00000, 0xace93000, 0xb2c00000)
2015-02-20T15:47:28.556-0600: 1577.011: [GC2015-02-20T15:47:28.556-0600: 1577.011: [ParNew
Desired survivor size 20112996 bytes, new threshold 8 (max 8)
- age   1:        768 bytes,        768 total
- age   2:        352 bytes,       1120 total
- age   3:        328 bytes,       1448 total
- age   4:        216 bytes,       1664 total
- age   5:        312 bytes,       1976 total
- age   6:        448 bytes,       2424 total
- age   7:        328 bytes,       2752 total
- age   8:        176 bytes,       2928 total
: 87430K->8K(109248K), 0.0072920 secs] 99582K->12161K(502464K), 0.0075200 secs] [Times: user=0.01 sys=0.00, real=0.01 secs] 
Heap after GC invocations=73 (full 1):
 par new generation   total 109248K, used 8K [0x8ac00000, 0x92c00000, 0x92c00000)
  eden space 87424K,   0% used [0x8ac00000, 0x8ac00000, 0x90160000)
  from space 21824K,   0% used [0x90160000, 0x90162000, 0x916b0000)
  to   space 21824K,   0% used [0x916b0000, 0x916b0000, 0x92c00000)
 concurrent mark-sweep generation total 393216K, used 12153K [0x92c00000, 0xaac00000, 0xaac00000)
 concurrent-mark-sweep perm gen total 35404K, used 21240K [0xaac00000, 0xace93000, 0xb2c00000)
}
2015-02-20T15:47:28.564-0600: 1577.019: Total time for which application threads were stopped: 0.0100510 seconds
{Heap before GC invocations=73 (full 1):
 par new generation   total 109248K, used 87432K [0x8ac00000, 0x92c00000, 0x92c00000)
  eden space 87424K, 100% used [0x8ac00000, 0x90160000, 0x90160000)
  from space 21824K,   0% used [0x90160000, 0x90162000, 0x916b0000)
  to   space 21824K,   0% used [0x916b0000, 0x916b0000, 0x92c00000)
 concurrent mark-sweep generation total 393216K, used 12153K [0x92c00000, 0xaac00000, 0xaac00000)
 concurrent-mark-sweep perm gen total 35404K, used 21240K [0xaac00000, 0xace93000, 0xb2c00000)
2015-02-20T15:47:30.170-0600: 1578.625: [GC2015-02-20T15:47:30.170-0600: 1578.625: [ParNew
Desired survivor size 20112996 bytes, new threshold 8 (max 8)
- age   1:       1008 bytes,       1008 total
- age   2:        408 bytes,       1416 total
- age   3:        328 bytes,       1744 total
- age   4:        328 bytes,       2072 total
- age   5:        216 bytes,       2288 total
- age   6:        312 bytes,       2600 total
- age   7:        448 bytes,       3048 total
- age   8:        328 bytes,       3376 total
: 87432K->10K(109248K), 0.0104680 secs] 99585K->12163K(502464K), 0.0106550 secs] [Times: user=0.01 sys=0.00, real=0.01 secs] 
Heap after GC invocations=74 (full 1):
 par new generation   total 109248K, used 10K [0x8ac00000, 0x92c00000, 0x92c00000)
  eden space 87424K,   0% used [0x8ac00000, 0x8ac00000, 0x90160000)
  from space 21824K,   0% used [0x916b0000, 0x916b2800, 0x92c00000)
  to   space 21824K,   0% used [0x90160000, 0x90160000, 0x916b0000)
 concurrent mark-sweep generation total 393216K, used 12153K [0x92c00000, 0xaac00000, 0xaac00000)
 concurrent-mark-sweep perm gen total 35404K, used 21240K [0xaac00000, 0xace93000, 0xb2c00000)
}
2015-02-20T15:47:30.181-0600: 1578.636: Total time for which application threads were stopped: 0.0133170 seconds
{Heap before GC invocations=74 (full 1):
 par new generation   total 109248K, used 87434K [0x8ac00000, 0x92c00000, 0x92c00000)
  eden space 87424K, 100% used [0x8ac00000, 0x90160000, 0x90160000)
  from space 21824K,   0% used [0x916b0000, 0x916b2800, 0x92c00000)
  to   space 21824K,   0% used [0x90160000, 0x90160000, 0x916b0000)
 concurrent mark-sweep generation total 393216K, used 12153K [0x92c00000, 0xaac00000, 0xaac00000)
 concurrent-mark-sweep perm gen total 35404K, used 21240K [0xaac00000, 0xace93000, 0xb2c00000)
2015-02-20T15:47:31.880-0600: 1580.335: [GC2015-02-20T15:47:31.880-0600: 1580.335: [ParNew
Desired survivor size 20112996 bytes, new threshold 8 (max 8)
- age   1:        872 bytes,        872 total
- age   2:        328 bytes,       1200 total
- age   3:        408 bytes,       1608 total
- age   4:        328 bytes,       1936 total
- age   5:        328 bytes,       2264 total
- age   6:        216 bytes,       2480 total
- age   7:        312 bytes,       2792 total
- age   8:        448 bytes,       3240 total
: 87434K->8K(109248K), 0.0071890 secs] 99587K->12161K(502464K), 0.0073950 secs] [Times: user=0.01 sys=0.00, real=0.00 secs] 
Heap after GC invocations=75 (full 1):
 par new generation   total 109248K, used 8K [0x8ac00000, 0x92c00000, 0x92c00000)
  eden space 87424K,   0% used [0x8ac00000, 0x8ac00000, 0x90160000)
  from space 21824K,   0% used [0x90160000, 0x90162000, 0x916b0000)
  to   space 21824K,   0% used [0x916b0000, 0x916b0000, 0x92c00000)
 concurrent mark-sweep generation total 393216K, used 12153K [0x92c00000, 0xaac00000, 0xaac00000)
 concurrent-mark-sweep perm gen total 35404K, used 21240K [0xaac00000, 0xace93000, 0xb2c00000)
}
2015-02-20T15:47:31.887-0600: 1580.342: Total time for which application threads were stopped: 0.0100330 seconds
{Heap before GC invocations=75 (full 1):
 par new generation   total 109248K, used 87432K [0x8ac00000, 0x92c00000, 0x92c00000)
  eden space 87424K, 100% used [0x8ac00000, 0x90160000, 0x90160000)
  from space 21824K,   0% used [0x90160000, 0x90162000, 0x916b0000)
  to   space 21824K,   0% used [0x916b0000, 0x916b0000, 0x92c00000)
 concurrent mark-sweep generation total 393216K, used 12153K [0x92c00000, 0xaac00000, 0xaac00000)
 concurrent-mark-sweep perm gen total 35404K, used 21240K [0xaac00000, 0xace93000, 0xb2c00000)
2015-02-20T15:47:33.666-0600: 1582.121: [GC2015-02-20T15:47:33.666-0600: 1582.121: [ParNew
Desired survivor size 20112996 bytes, new threshold 8 (max 8)
- age   1:        624 bytes,        624 total
- age   2:        440 bytes,       1064 total
- age   3:        328 bytes,       1392 total
- age   4:        408 bytes,       1800 total
- age   5:        328 bytes,       2128 total
- age   6:        328 bytes,       2456 total
- age   7:        216 bytes,       2672 total
- age   8:        312 bytes,       2984 total
: 87432K->8K(109248K), 0.0069120 secs] 99585K->12162K(502464K), 0.0071540 secs] [Times: user=0.01 sys=0.00, real=0.01 secs] 
Heap after GC invocations=76 (full 1):
 par new generation   total 109248K, used 8K [0x8ac00000, 0x92c00000, 0x92c00000)
  eden space 87424K,   0% used [0x8ac00000, 0x8ac00000, 0x90160000)
  from space 21824K,   0% used [0x916b0000, 0x916b2000, 0x92c00000)
  to   space 21824K,   0% used [0x90160000, 0x90160000, 0x916b0000)
 concurrent mark-sweep generation total 393216K, used 12154K [0x92c00000, 0xaac00000, 0xaac00000)
 concurrent-mark-sweep perm gen total 35404K, used 21240K [0xaac00000, 0xace93000, 0xb2c00000)
}
2015-02-20T15:47:33.673-0600: 1582.128: Total time for which application threads were stopped: 0.0098560 seconds
{Heap before GC invocations=76 (full 1):
 par new generation   total 109248K, used 87432K [0x8ac00000, 0x92c00000, 0x92c00000)
  eden space 87424K, 100% used [0x8ac00000, 0x90160000, 0x90160000)
  from space 21824K,   0% used [0x916b0000, 0x916b2000, 0x92c00000)
  to   space 21824K,   0% used [0x90160000, 0x90160000, 0x916b0000)
 concurrent mark-sweep generation total 393216K, used 12154K [0x92c00000, 0xaac00000, 0xaac00000)
 concurrent-mark-sweep perm gen total 35404K, used 21240K [0xaac00000, 0xace93000, 0xb2c00000)
2015-02-20T15:47:35.459-0600: 1583.914: [GC2015-02-20T15:47:35.459-0600: 1583.914: [ParNew
Desired survivor size 20112996 bytes, new threshold 8 (max 8)
- age   1:       1104 bytes,       1104 total
- age   2:        216 bytes,       1320 total
- age   3:        312 bytes,       1632 total
- age   4:        328 bytes,       1960 total
- age   5:        408 bytes,       2368 total
- age   6:        328 bytes,       2696 total
- age   7:        328 bytes,       3024 total
- age   8:        216 bytes,       3240 total
: 87432K->8K(109248K), 0.0118450 secs] 99586K->12162K(502464K), 0.0120580 secs] [Times: user=0.02 sys=0.00, real=0.01 secs] 
Heap after GC invocations=77 (full 1):
 par new generation   total 109248K, used 8K [0x8ac00000, 0x92c00000, 0x92c00000)
  eden space 87424K,   0% used [0x8ac00000, 0x8ac00000, 0x90160000)
  from space 21824K,   0% used [0x90160000, 0x90162000, 0x916b0000)
  to   space 21824K,   0% used [0x916b0000, 0x916b0000, 0x92c00000)
 concurrent mark-sweep generation total 393216K, used 12154K [0x92c00000, 0xaac00000, 0xaac00000)
 concurrent-mark-sweep perm gen total 35404K, used 21240K [0xaac00000, 0xace93000, 0xb2c00000)
}
2015-02-20T15:47:35.471-0600: 1583.926: Total time for which application threads were stopped: 0.0146890 seconds
{Heap before GC invocations=77 (full 1):
 par new generation   total 109248K, used 87432K [0x8ac00000, 0x92c00000, 0x92c00000)
  eden space 87424K, 100% used [0x8ac00000, 0x90160000, 0x90160000)
  from space 21824K,   0% used [0x90160000, 0x90162000, 0x916b0000)
  to   space 21824K,   0% used [0x916b0000, 0x916b0000, 0x92c00000)
 concurrent mark-sweep generation total 393216K, used 12154K [0x92c00000, 0xaac00000, 0xaac00000)
 concurrent-mark-sweep perm gen total 35404K, used 21240K [0xaac00000, 0xace93000, 0xb2c00000)
2015-02-20T15:47:37.215-0600: 1585.670: [GC2015-02-20T15:47:37.215-0600: 1585.670: [ParNew
Desired survivor size 20112996 bytes, new threshold 8 (max 8)
- age   1:       1104 bytes,       1104 total
- age   2:        328 bytes,       1432 total
- age   3:        216 bytes,       1648 total
- age   4:        312 bytes,       1960 total
- age   5:        328 bytes,       2288 total
- age   6:        408 bytes,       2696 total
- age   7:        328 bytes,       3024 total
- age   8:        328 bytes,       3352 total
: 87432K->10K(109248K), 0.0115870 secs] 99586K->12164K(502464K), 0.0118380 secs] [Times: user=0.02 sys=0.00, real=0.01 secs] 
Heap after GC invocations=78 (full 1):
 par new generation   total 109248K, used 10K [0x8ac00000, 0x92c00000, 0x92c00000)
  eden space 87424K,   0% used [0x8ac00000, 0x8ac00000, 0x90160000)
  from space 21824K,   0% used [0x916b0000, 0x916b2800, 0x92c00000)
  to   space 21824K,   0% used [0x90160000, 0x90160000, 0x916b0000)
 concurrent mark-sweep generation total 393216K, used 12154K [0x92c00000, 0xaac00000, 0xaac00000)
 concurrent-mark-sweep perm gen total 35404K, used 21240K [0xaac00000, 0xace93000, 0xb2c00000)
}
2015-02-20T15:47:37.227-0600: 1585.682: Total time for which application threads were stopped: 0.0144930 seconds
{Heap before GC invocations=78 (full 1):
 par new generation   total 109248K, used 87434K [0x8ac00000, 0x92c00000, 0x92c00000)
  eden space 87424K, 100% used [0x8ac00000, 0x90160000, 0x90160000)
  from space 21824K,   0% used [0x916b0000, 0x916b2800, 0x92c00000)
  to   space 21824K,   0% used [0x90160000, 0x90160000, 0x916b0000)
 concurrent mark-sweep generation total 393216K, used 12154K [0x92c00000, 0xaac00000, 0xaac00000)
 concurrent-mark-sweep perm gen total 35404K, used 21240K [0xaac00000, 0xace93000, 0xb2c00000)
2015-02-20T15:47:38.942-0600: 1587.397: [GC2015-02-20T15:47:38.942-0600: 1587.397: [ParNew
Desired survivor size 20112996 bytes, new threshold 8 (max 8)
- age   1:        928 bytes,        928 total
- age   2:        352 bytes,       1280 total
- age   3:        328 bytes,       1608 total
- age   4:        216 bytes,       1824 total
- age   5:        312 bytes,       2136 total
- age   6:        328 bytes,       2464 total
- age   7:        408 bytes,       2872 total
- age   8:        328 bytes,       3200 total
: 87434K->10K(109248K), 0.0360480 secs] 99588K->12165K(502464K), 0.0362200 secs] [Times: user=0.04 sys=0.00, real=0.04 secs] 
Heap after GC invocations=79 (full 1):
 par new generation   total 109248K, used 10K [0x8ac00000, 0x92c00000, 0x92c00000)
  eden space 87424K,   0% used [0x8ac00000, 0x8ac00000, 0x90160000)
  from space 21824K,   0% used [0x90160000, 0x90162800, 0x916b0000)
  to   space 21824K,   0% used [0x916b0000, 0x916b0000, 0x92c00000)
 concurrent mark-sweep generation total 393216K, used 12155K [0x92c00000, 0xaac00000, 0xaac00000)
 concurrent-mark-sweep perm gen total 35404K, used 21240K [0xaac00000, 0xace93000, 0xb2c00000)
}
2015-02-20T15:47:38.978-0600: 1587.433: Total time for which application threads were stopped: 0.0389370 seconds
{Heap before GC invocations=79 (full 1):
 par new generation   total 109248K, used 87434K [0x8ac00000, 0x92c00000, 0x92c00000)
  eden space 87424K, 100% used [0x8ac00000, 0x90160000, 0x90160000)
  from space 21824K,   0% used [0x90160000, 0x90162800, 0x916b0000)
  to   space 21824K,   0% used [0x916b0000, 0x916b0000, 0x92c00000)
 concurrent mark-sweep generation total 393216K, used 12155K [0x92c00000, 0xaac00000, 0xaac00000)
 concurrent-mark-sweep perm gen total 35404K, used 21240K [0xaac00000, 0xace93000, 0xb2c00000)
2015-02-20T15:47:40.588-0600: 1589.043: [GC2015-02-20T15:47:40.588-0600: 1589.043: [ParNew
Desired survivor size 20112996 bytes, new threshold 8 (max 8)
- age   1:        824 bytes,        824 total
- age   2:        176 bytes,       1000 total
- age   3:        328 bytes,       1328 total
- age   4:        328 bytes,       1656 total
- age   5:        216 bytes,       1872 total
- age   6:        312 bytes,       2184 total
- age   7:        328 bytes,       2512 total
- age   8:        408 bytes,       2920 total
: 87434K->6K(109248K), 0.0075800 secs] 99589K->12161K(502464K), 0.0078700 secs] [Times: user=0.02 sys=0.00, real=0.00 secs] 
Heap after GC invocations=80 (full 1):
 par new generation   total 109248K, used 6K [0x8ac00000, 0x92c00000, 0x92c00000)
  eden space 87424K,   0% used [0x8ac00000, 0x8ac00000, 0x90160000)
  from space 21824K,   0% used [0x916b0000, 0x916b1800, 0x92c00000)
  to   space 21824K,   0% used [0x90160000, 0x90160000, 0x916b0000)
 concurrent mark-sweep generation total 393216K, used 12155K [0x92c00000, 0xaac00000, 0xaac00000)
 concurrent-mark-sweep perm gen total 35404K, used 21240K [0xaac00000, 0xace93000, 0xb2c00000)
}
2015-02-20T15:47:40.596-0600: 1589.051: Total time for which application threads were stopped: 0.0105840 seconds
{Heap before GC invocations=80 (full 1):
 par new generation   total 109248K, used 87430K [0x8ac00000, 0x92c00000, 0x92c00000)
  eden space 87424K, 100% used [0x8ac00000, 0x90160000, 0x90160000)
  from space 21824K,   0% used [0x916b0000, 0x916b1800, 0x92c00000)
  to   space 21824K,   0% used [0x90160000, 0x90160000, 0x916b0000)
 concurrent mark-sweep generation total 393216K, used 12155K [0x92c00000, 0xaac00000, 0xaac00000)
 concurrent-mark-sweep perm gen total 35404K, used 21240K [0xaac00000, 0xace93000, 0xb2c00000)
2015-02-20T15:47:42.228-0600: 1590.683: [GC2015-02-20T15:47:42.228-0600: 1590.683: [ParNew
Desired survivor size 20112996 bytes, new threshold 8 (max 8)
- age   1:       1128 bytes,       1128 total
- age   2:        328 bytes,       1456 total
- age   3:        176 bytes,       1632 total
- age   4:        328 bytes,       1960 total
- age   5:        328 bytes,       2288 total
- age   6:        216 bytes,       2504 total
- age   7:        312 bytes,       2816 total
- age   8:        328 bytes,       3144 total
: 87430K->8K(109248K), 0.0140520 secs] 99585K->12163K(502464K), 0.0142940 secs] [Times: user=0.01 sys=0.00, real=0.01 secs] 
Heap after GC invocations=81 (full 1):
 par new generation   total 109248K, used 8K [0x8ac00000, 0x92c00000, 0x92c00000)
  eden space 87424K,   0% used [0x8ac00000, 0x8ac00000, 0x90160000)
  from space 21824K,   0% used [0x90160000, 0x90162000, 0x916b0000)
  to   space 21824K,   0% used [0x916b0000, 0x916b0000, 0x92c00000)
 concurrent mark-sweep generation total 393216K, used 12155K [0x92c00000, 0xaac00000, 0xaac00000)
 concurrent-mark-sweep perm gen total 35404K, used 21240K [0xaac00000, 0xace93000, 0xb2c00000)
}
2015-02-20T15:47:42.243-0600: 1590.698: Total time for which application threads were stopped: 0.0173080 seconds
{Heap before GC invocations=81 (full 1):
 par new generation   total 109248K, used 87432K [0x8ac00000, 0x92c00000, 0x92c00000)
  eden space 87424K, 100% used [0x8ac00000, 0x90160000, 0x90160000)
  from space 21824K,   0% used [0x90160000, 0x90162000, 0x916b0000)
  to   space 21824K,   0% used [0x916b0000, 0x916b0000, 0x92c00000)
 concurrent mark-sweep generation total 393216K, used 12155K [0x92c00000, 0xaac00000, 0xaac00000)
 concurrent-mark-sweep perm gen total 35404K, used 21240K [0xaac00000, 0xace93000, 0xb2c00000)
2015-02-20T15:47:43.876-0600: 1592.331: [GC2015-02-20T15:47:43.876-0600: 1592.331: [ParNew
Desired survivor size 20112996 bytes, new threshold 8 (max 8)
- age   1:       1264 bytes,       1264 total
- age   2:        352 bytes,       1616 total
- age   3:        328 bytes,       1944 total
- age   4:        176 bytes,       2120 total
- age   5:        328 bytes,       2448 total
- age   6:        328 bytes,       2776 total
- age   7:        216 bytes,       2992 total
- age   8:        312 bytes,       3304 total
: 87432K->6K(109248K), 0.0080640 secs] 99587K->12162K(502464K), 0.0082610 secs] [Times: user=0.01 sys=0.00, real=0.01 secs] 
Heap after GC invocations=82 (full 1):
 par new generation   total 109248K, used 6K [0x8ac00000, 0x92c00000, 0x92c00000)
  eden space 87424K,   0% used [0x8ac00000, 0x8ac00000, 0x90160000)
  from space 21824K,   0% used [0x916b0000, 0x916b1800, 0x92c00000)
  to   space 21824K,   0% used [0x90160000, 0x90160000, 0x916b0000)
 concurrent mark-sweep generation total 393216K, used 12156K [0x92c00000, 0xaac00000, 0xaac00000)
 concurrent-mark-sweep perm gen total 35404K, used 21240K [0xaac00000, 0xace93000, 0xb2c00000)
}
2015-02-20T15:47:43.884-0600: 1592.339: Total time for which application threads were stopped: 0.0109050 seconds
{Heap before GC invocations=82 (full 1):
 par new generation   total 109248K, used 87430K [0x8ac00000, 0x92c00000, 0x92c00000)
  eden space 87424K, 100% used [0x8ac00000, 0x90160000, 0x90160000)
  from space 21824K,   0% used [0x916b0000, 0x916b1800, 0x92c00000)
  to   space 21824K,   0% used [0x90160000, 0x90160000, 0x916b0000)
 concurrent mark-sweep generation total 393216K, used 12156K [0x92c00000, 0xaac00000, 0xaac00000)
 concurrent-mark-sweep perm gen total 35404K, used 21240K [0xaac00000, 0xace93000, 0xb2c00000)
2015-02-20T15:47:45.649-0600: 1594.104: [GC2015-02-20T15:47:45.649-0600: 1594.104: [ParNew
Desired survivor size 20112996 bytes, new threshold 8 (max 8)
- age   1:       1016 bytes,       1016 total
- age   2:        464 bytes,       1480 total
- age   3:        352 bytes,       1832 total
- age   4:        328 bytes,       2160 total
- age   5:        176 bytes,       2336 total
- age   6:        328 bytes,       2664 total
- age   7:        328 bytes,       2992 total
- age   8:        216 bytes,       3208 total
: 87430K->8K(109248K), 0.0139300 secs] 99586K->12164K(502464K), 0.0141660 secs] [Times: user=0.02 sys=0.00, real=0.01 secs] 
Heap after GC invocations=83 (full 1):
 par new generation   total 109248K, used 8K [0x8ac00000, 0x92c00000, 0x92c00000)
  eden space 87424K,   0% used [0x8ac00000, 0x8ac00000, 0x90160000)
  from space 21824K,   0% used [0x90160000, 0x90162000, 0x916b0000)
  to   space 21824K,   0% used [0x916b0000, 0x916b0000, 0x92c00000)
 concurrent mark-sweep generation total 393216K, used 12156K [0x92c00000, 0xaac00000, 0xaac00000)
 concurrent-mark-sweep perm gen total 35404K, used 21240K [0xaac00000, 0xace93000, 0xb2c00000)
}
2015-02-20T15:47:45.663-0600: 1594.118: Total time for which application threads were stopped: 0.0167710 seconds
{Heap before GC invocations=83 (full 1):
 par new generation   total 109248K, used 87432K [0x8ac00000, 0x92c00000, 0x92c00000)
  eden space 87424K, 100% used [0x8ac00000, 0x90160000, 0x90160000)
  from space 21824K,   0% used [0x90160000, 0x90162000, 0x916b0000)
  to   space 21824K,   0% used [0x916b0000, 0x916b0000, 0x92c00000)
 concurrent mark-sweep generation total 393216K, used 12156K [0x92c00000, 0xaac00000, 0xaac00000)
 concurrent-mark-sweep perm gen total 35404K, used 21240K [0xaac00000, 0xace93000, 0xb2c00000)
2015-02-20T15:47:47.434-0600: 1595.889: [GC2015-02-20T15:47:47.434-0600: 1595.889: [ParNew
Desired survivor size 20112996 bytes, new threshold 8 (max 8)
- age   1:        832 bytes,        832 total
- age   2:        216 bytes,       1048 total
- age   3:        336 bytes,       1384 total
- age   4:        352 bytes,       1736 total
- age   5:        328 bytes,       2064 total
- age   6:        176 bytes,       2240 total
- age   7:        328 bytes,       2568 total
- age   8:        328 bytes,       2896 total
: 87432K->6K(109248K), 0.0070240 secs] 99588K->12162K(502464K), 0.0072110 secs] [Times: user=0.02 sys=0.00, real=0.01 secs] 
Heap after GC invocations=84 (full 1):
 par new generation   total 109248K, used 6K [0x8ac00000, 0x92c00000, 0x92c00000)
  eden space 87424K,   0% used [0x8ac00000, 0x8ac00000, 0x90160000)
  from space 21824K,   0% used [0x916b0000, 0x916b1800, 0x92c00000)
  to   space 21824K,   0% used [0x90160000, 0x90160000, 0x916b0000)
 concurrent mark-sweep generation total 393216K, used 12156K [0x92c00000, 0xaac00000, 0xaac00000)
 concurrent-mark-sweep perm gen total 35404K, used 21240K [0xaac00000, 0xace93000, 0xb2c00000)
}
2015-02-20T15:47:47.441-0600: 1595.896: Total time for which application threads were stopped: 0.0099180 seconds
{Heap before GC invocations=84 (full 1):
 par new generation   total 109248K, used 87430K [0x8ac00000, 0x92c00000, 0x92c00000)
  eden space 87424K, 100% used [0x8ac00000, 0x90160000, 0x90160000)
  from space 21824K,   0% used [0x916b0000, 0x916b1800, 0x92c00000)
  to   space 21824K,   0% used [0x90160000, 0x90160000, 0x916b0000)
 concurrent mark-sweep generation total 393216K, used 12156K [0x92c00000, 0xaac00000, 0xaac00000)
 concurrent-mark-sweep perm gen total 35404K, used 21240K [0xaac00000, 0xace93000, 0xb2c00000)
2015-02-20T15:47:49.106-0600: 1597.561: [GC2015-02-20T15:47:49.106-0600: 1597.561: [ParNew
Desired survivor size 20112996 bytes, new threshold 8 (max 8)
- age   1:       1104 bytes,       1104 total
- age   2:        328 bytes,       1432 total
- age   3:        216 bytes,       1648 total
- age   4:        336 bytes,       1984 total
- age   5:        352 bytes,       2336 total
- age   6:        328 bytes,       2664 total
- age   7:        176 bytes,       2840 total
- age   8:        328 bytes,       3168 total
: 87430K->6K(109248K), 0.0139320 secs] 99586K->12162K(502464K), 0.0141800 secs] [Times: user=0.03 sys=0.00, real=0.02 secs] 
Heap after GC invocations=85 (full 1):
 par new generation   total 109248K, used 6K [0x8ac00000, 0x92c00000, 0x92c00000)
  eden space 87424K,   0% used [0x8ac00000, 0x8ac00000, 0x90160000)
  from space 21824K,   0% used [0x90160000, 0x90161800, 0x916b0000)
  to   space 21824K,   0% used [0x916b0000, 0x916b0000, 0x92c00000)
 concurrent mark-sweep generation total 393216K, used 12156K [0x92c00000, 0xaac00000, 0xaac00000)
 concurrent-mark-sweep perm gen total 35404K, used 21240K [0xaac00000, 0xace93000, 0xb2c00000)
}
2015-02-20T15:47:49.120-0600: 1597.575: Total time for which application threads were stopped: 0.0168630 seconds
{Heap before GC invocations=85 (full 1):
 par new generation   total 109248K, used 87430K [0x8ac00000, 0x92c00000, 0x92c00000)
  eden space 87424K, 100% used [0x8ac00000, 0x90160000, 0x90160000)
  from space 21824K,   0% used [0x90160000, 0x90161800, 0x916b0000)
  to   space 21824K,   0% used [0x916b0000, 0x916b0000, 0x92c00000)
 concurrent mark-sweep generation total 393216K, used 12156K [0x92c00000, 0xaac00000, 0xaac00000)
 concurrent-mark-sweep perm gen total 35404K, used 21240K [0xaac00000, 0xace93000, 0xb2c00000)
2015-02-20T15:47:50.824-0600: 1599.279: [GC2015-02-20T15:47:50.824-0600: 1599.279: [ParNew
Desired survivor size 20112996 bytes, new threshold 8 (max 8)
- age   1:       1224 bytes,       1224 total
- age   2:        352 bytes,       1576 total
- age   3:        328 bytes,       1904 total
- age   4:        216 bytes,       2120 total
- age   5:        336 bytes,       2456 total
- age   6:        352 bytes,       2808 total
- age   7:        328 bytes,       3136 total
- age   8:        176 bytes,       3312 total
: 87430K->8K(109248K), 0.0303630 secs] 99586K->12165K(502464K), 0.0306500 secs] [Times: user=0.03 sys=0.01, real=0.03 secs] 
Heap after GC invocations=86 (full 1):
 par new generation   total 109248K, used 8K [0x8ac00000, 0x92c00000, 0x92c00000)
  eden space 87424K,   0% used [0x8ac00000, 0x8ac00000, 0x90160000)
  from space 21824K,   0% used [0x916b0000, 0x916b2000, 0x92c00000)
  to   space 21824K,   0% used [0x90160000, 0x90160000, 0x916b0000)
 concurrent mark-sweep generation total 393216K, used 12157K [0x92c00000, 0xaac00000, 0xaac00000)
 concurrent-mark-sweep perm gen total 35404K, used 21240K [0xaac00000, 0xace93000, 0xb2c00000)
}
2015-02-20T15:47:50.855-0600: 1599.310: Total time for which application threads were stopped: 0.0337720 seconds
{Heap before GC invocations=86 (full 1):
 par new generation   total 109248K, used 87432K [0x8ac00000, 0x92c00000, 0x92c00000)
  eden space 87424K, 100% used [0x8ac00000, 0x90160000, 0x90160000)
  from space 21824K,   0% used [0x916b0000, 0x916b2000, 0x92c00000)
  to   space 21824K,   0% used [0x90160000, 0x90160000, 0x916b0000)
 concurrent mark-sweep generation total 393216K, used 12157K [0x92c00000, 0xaac00000, 0xaac00000)
 concurrent-mark-sweep perm gen total 35404K, used 21240K [0xaac00000, 0xace93000, 0xb2c00000)
2015-02-20T15:47:52.493-0600: 1600.948: [GC2015-02-20T15:47:52.493-0600: 1600.948: [ParNew
Desired survivor size 20112996 bytes, new threshold 8 (max 8)
- age   1:       1000 bytes,       1000 total
- age   2:        344 bytes,       1344 total
- age   3:        328 bytes,       1672 total
- age   4:        328 bytes,       2000 total
- age   5:        216 bytes,       2216 total
- age   6:        336 bytes,       2552 total
- age   7:        352 bytes,       2904 total
- age   8:        328 bytes,       3232 total
: 87432K->8K(109248K), 0.0067510 secs] 99589K->12165K(502464K), 0.0070000 secs] [Times: user=0.01 sys=0.00, real=0.01 secs] 
Heap after GC invocations=87 (full 1):
 par new generation   total 109248K, used 8K [0x8ac00000, 0x92c00000, 0x92c00000)
  eden space 87424K,   0% used [0x8ac00000, 0x8ac00000, 0x90160000)
  from space 21824K,   0% used [0x90160000, 0x90162000, 0x916b0000)
  to   space 21824K,   0% used [0x916b0000, 0x916b0000, 0x92c00000)
 concurrent mark-sweep generation total 393216K, used 12157K [0x92c00000, 0xaac00000, 0xaac00000)
 concurrent-mark-sweep perm gen total 35404K, used 21240K [0xaac00000, 0xace93000, 0xb2c00000)
}
2015-02-20T15:47:52.500-0600: 1600.955: Total time for which application threads were stopped: 0.0096740 seconds
{Heap before GC invocations=87 (full 1):
 par new generation   total 109248K, used 87432K [0x8ac00000, 0x92c00000, 0x92c00000)
  eden space 87424K, 100% used [0x8ac00000, 0x90160000, 0x90160000)
  from space 21824K,   0% used [0x90160000, 0x90162000, 0x916b0000)
  to   space 21824K,   0% used [0x916b0000, 0x916b0000, 0x92c00000)
 concurrent mark-sweep generation total 393216K, used 12157K [0x92c00000, 0xaac00000, 0xaac00000)
 concurrent-mark-sweep perm gen total 35404K, used 21240K [0xaac00000, 0xace93000, 0xb2c00000)
2015-02-20T15:47:54.230-0600: 1602.685: [GC2015-02-20T15:47:54.230-0600: 1602.685: [ParNew
Desired survivor size 20112996 bytes, new threshold 8 (max 8)
- age   1:       1104 bytes,       1104 total
- age   2:        400 bytes,       1504 total
- age   3:        344 bytes,       1848 total
- age   4:        328 bytes,       2176 total
- age   5:        328 bytes,       2504 total
- age   6:        216 bytes,       2720 total
- age   7:        336 bytes,       3056 total
- age   8:        352 bytes,       3408 total
: 87432K->6K(109248K), 0.0112900 secs] 99589K->12163K(502464K), 0.0114630 secs] [Times: user=0.03 sys=0.00, real=0.01 secs] 
Heap after GC invocations=88 (full 1):
 par new generation   total 109248K, used 6K [0x8ac00000, 0x92c00000, 0x92c00000)
  eden space 87424K,   0% used [0x8ac00000, 0x8ac00000, 0x90160000)
  from space 21824K,   0% used [0x916b0000, 0x916b1800, 0x92c00000)
  to   space 21824K,   0% used [0x90160000, 0x90160000, 0x916b0000)
 concurrent mark-sweep generation total 393216K, used 12157K [0x92c00000, 0xaac00000, 0xaac00000)
 concurrent-mark-sweep perm gen total 35404K, used 21240K [0xaac00000, 0xace93000, 0xb2c00000)
}
2015-02-20T15:47:54.241-0600: 1602.696: Total time for which application threads were stopped: 0.0141440 seconds
{Heap before GC invocations=88 (full 1):
 par new generation   total 109248K, used 87430K [0x8ac00000, 0x92c00000, 0x92c00000)
  eden space 87424K, 100% used [0x8ac00000, 0x90160000, 0x90160000)
  from space 21824K,   0% used [0x916b0000, 0x916b1800, 0x92c00000)
  to   space 21824K,   0% used [0x90160000, 0x90160000, 0x916b0000)
 concurrent mark-sweep generation total 393216K, used 12157K [0x92c00000, 0xaac00000, 0xaac00000)
 concurrent-mark-sweep perm gen total 35404K, used 21240K [0xaac00000, 0xace93000, 0xb2c00000)
2015-02-20T15:47:56.075-0600: 1604.530: [GC2015-02-20T15:47:56.076-0600: 1604.531: [ParNew
Desired survivor size 20112996 bytes, new threshold 8 (max 8)
- age   1:        952 bytes,        952 total
- age   2:        328 bytes,       1280 total
- age   3:        400 bytes,       1680 total
- age   4:        344 bytes,       2024 total
- age   5:        328 bytes,       2352 total
- age   6:        328 bytes,       2680 total
- age   7:        216 bytes,       2896 total
- age   8:        336 bytes,       3232 total
: 87430K->6K(109248K), 0.0111760 secs] 99587K->12164K(502464K), 0.0114270 secs] [Times: user=0.01 sys=0.01, real=0.01 secs] 
Heap after GC invocations=89 (full 1):
 par new generation   total 109248K, used 6K [0x8ac00000, 0x92c00000, 0x92c00000)
  eden space 87424K,   0% used [0x8ac00000, 0x8ac00000, 0x90160000)
  from space 21824K,   0% used [0x90160000, 0x90161800, 0x916b0000)
  to   space 21824K,   0% used [0x916b0000, 0x916b0000, 0x92c00000)
 concurrent mark-sweep generation total 393216K, used 12158K [0x92c00000, 0xaac00000, 0xaac00000)
 concurrent-mark-sweep perm gen total 35404K, used 21240K [0xaac00000, 0xace93000, 0xb2c00000)
}
2015-02-20T15:47:56.087-0600: 1604.542: Total time for which application threads were stopped: 0.0142800 seconds
{Heap before GC invocations=89 (full 1):
 par new generation   total 109248K, used 87430K [0x8ac00000, 0x92c00000, 0x92c00000)
  eden space 87424K, 100% used [0x8ac00000, 0x90160000, 0x90160000)
  from space 21824K,   0% used [0x90160000, 0x90161800, 0x916b0000)
  to   space 21824K,   0% used [0x916b0000, 0x916b0000, 0x92c00000)
 concurrent mark-sweep generation total 393216K, used 12158K [0x92c00000, 0xaac00000, 0xaac00000)
 concurrent-mark-sweep perm gen total 35404K, used 21240K [0xaac00000, 0xace93000, 0xb2c00000)
2015-02-20T15:47:57.923-0600: 1606.378: [GC2015-02-20T15:47:57.923-0600: 1606.378: [ParNew
Desired survivor size 20112996 bytes, new threshold 8 (max 8)
- age   1:       1424 bytes,       1424 total
- age   2:        352 bytes,       1776 total
- age   3:        328 bytes,       2104 total
- age   4:        400 bytes,       2504 total
- age   5:        344 bytes,       2848 total
- age   6:        328 bytes,       3176 total
- age   7:        328 bytes,       3504 total
- age   8:        216 bytes,       3720 total
: 87430K->10K(109248K), 0.0068590 secs] 99588K->12168K(502464K), 0.0070430 secs] [Times: user=0.02 sys=0.00, real=0.01 secs] 
Heap after GC invocations=90 (full 1):
 par new generation   total 109248K, used 10K [0x8ac00000, 0x92c00000, 0x92c00000)
  eden space 87424K,   0% used [0x8ac00000, 0x8ac00000, 0x90160000)
  from space 21824K,   0% used [0x916b0000, 0x916b2800, 0x92c00000)
  to   space 21824K,   0% used [0x90160000, 0x90160000, 0x916b0000)
 concurrent mark-sweep generation total 393216K, used 12158K [0x92c00000, 0xaac00000, 0xaac00000)
 concurrent-mark-sweep perm gen total 35404K, used 21240K [0xaac00000, 0xace93000, 0xb2c00000)
}
2015-02-20T15:47:57.930-0600: 1606.385: Total time for which application threads were stopped: 0.0096470 seconds
{Heap before GC invocations=90 (full 1):
 par new generation   total 109248K, used 87434K [0x8ac00000, 0x92c00000, 0x92c00000)
  eden space 87424K, 100% used [0x8ac00000, 0x90160000, 0x90160000)
  from space 21824K,   0% used [0x916b0000, 0x916b2800, 0x92c00000)
  to   space 21824K,   0% used [0x90160000, 0x90160000, 0x916b0000)
 concurrent mark-sweep generation total 393216K, used 12158K [0x92c00000, 0xaac00000, 0xaac00000)
 concurrent-mark-sweep perm gen total 35404K, used 21240K [0xaac00000, 0xace93000, 0xb2c00000)
2015-02-20T15:47:59.625-0600: 1608.080: [GC2015-02-20T15:47:59.625-0600: 1608.080: [ParNew
Desired survivor size 20112996 bytes, new threshold 8 (max 8)
- age   1:        864 bytes,        864 total
- age   2:        544 bytes,       1408 total
- age   3:        352 bytes,       1760 total
- age   4:        328 bytes,       2088 total
- age   5:        400 bytes,       2488 total
- age   6:        344 bytes,       2832 total
- age   7:        328 bytes,       3160 total
- age   8:        328 bytes,       3488 total
: 87434K->6K(109248K), 0.0114240 secs] 99592K->12164K(502464K), 0.0116270 secs] [Times: user=0.03 sys=0.00, real=0.01 secs] 
Heap after GC invocations=91 (full 1):
 par new generation   total 109248K, used 6K [0x8ac00000, 0x92c00000, 0x92c00000)
  eden space 87424K,   0% used [0x8ac00000, 0x8ac00000, 0x90160000)
  from space 21824K,   0% used [0x90160000, 0x90161800, 0x916b0000)
  to   space 21824K,   0% used [0x916b0000, 0x916b0000, 0x92c00000)
 concurrent mark-sweep generation total 393216K, used 12158K [0x92c00000, 0xaac00000, 0xaac00000)
 concurrent-mark-sweep perm gen total 35404K, used 21240K [0xaac00000, 0xace93000, 0xb2c00000)
}
2015-02-20T15:47:59.637-0600: 1608.092: Total time for which application threads were stopped: 0.0145200 seconds
{Heap before GC invocations=91 (full 1):
 par new generation   total 109248K, used 87430K [0x8ac00000, 0x92c00000, 0x92c00000)
  eden space 87424K, 100% used [0x8ac00000, 0x90160000, 0x90160000)
  from space 21824K,   0% used [0x90160000, 0x90161800, 0x916b0000)
  to   space 21824K,   0% used [0x916b0000, 0x916b0000, 0x92c00000)
 concurrent mark-sweep generation total 393216K, used 12158K [0x92c00000, 0xaac00000, 0xaac00000)
 concurrent-mark-sweep perm gen total 35404K, used 21240K [0xaac00000, 0xace93000, 0xb2c00000)
2015-02-20T15:48:01.111-0600: 1609.566: [GC2015-02-20T15:48:01.111-0600: 1609.566: [ParNew
Desired survivor size 20112996 bytes, new threshold 8 (max 8)
- age   1:       1104 bytes,       1104 total
- age   2:        216 bytes,       1320 total
- age   3:        416 bytes,       1736 total
- age   4:        352 bytes,       2088 total
- age   5:        328 bytes,       2416 total
- age   6:        400 bytes,       2816 total
- age   7:        344 bytes,       3160 total
- age   8:        328 bytes,       3488 total
: 87430K->8K(109248K), 0.0073900 secs] 99588K->12166K(502464K), 0.0076460 secs] [Times: user=0.02 sys=0.00, real=0.01 secs] 
Heap after GC invocations=92 (full 1):
 par new generation   total 109248K, used 8K [0x8ac00000, 0x92c00000, 0x92c00000)
  eden space 87424K,   0% used [0x8ac00000, 0x8ac00000, 0x90160000)
  from space 21824K,   0% used [0x916b0000, 0x916b2000, 0x92c00000)
  to   space 21824K,   0% used [0x90160000, 0x90160000, 0x916b0000)
 concurrent mark-sweep generation total 393216K, used 12158K [0x92c00000, 0xaac00000, 0xaac00000)
 concurrent-mark-sweep perm gen total 35404K, used 21240K [0xaac00000, 0xace93000, 0xb2c00000)
}
2015-02-20T15:48:01.118-0600: 1609.573: Total time for which application threads were stopped: 0.0102380 seconds
{Heap before GC invocations=92 (full 1):
 par new generation   total 109248K, used 87432K [0x8ac00000, 0x92c00000, 0x92c00000)
  eden space 87424K, 100% used [0x8ac00000, 0x90160000, 0x90160000)
  from space 21824K,   0% used [0x916b0000, 0x916b2000, 0x92c00000)
  to   space 21824K,   0% used [0x90160000, 0x90160000, 0x916b0000)
 concurrent mark-sweep generation total 393216K, used 12158K [0x92c00000, 0xaac00000, 0xaac00000)
 concurrent-mark-sweep perm gen total 35404K, used 21240K [0xaac00000, 0xace93000, 0xb2c00000)
2015-02-20T15:48:02.650-0600: 1611.105: [GC2015-02-20T15:48:02.650-0600: 1611.105: [ParNew
Desired survivor size 20112996 bytes, new threshold 8 (max 8)
- age   1:        880 bytes,        880 total
- age   2:        352 bytes,       1232 total
- age   3:        216 bytes,       1448 total
- age   4:        416 bytes,       1864 total
- age   5:        352 bytes,       2216 total
- age   6:        328 bytes,       2544 total
- age   7:        400 bytes,       2944 total
- age   8:        344 bytes,       3288 total
: 87432K->4K(109248K), 0.0076760 secs] 99590K->12163K(502464K), 0.0078570 secs] [Times: user=0.01 sys=0.00, real=0.01 secs] 
Heap after GC invocations=93 (full 1):
 par new generation   total 109248K, used 4K [0x8ac00000, 0x92c00000, 0x92c00000)
  eden space 87424K,   0% used [0x8ac00000, 0x8ac00000, 0x90160000)
  from space 21824K,   0% used [0x90160000, 0x90161000, 0x916b0000)
  to   space 21824K,   0% used [0x916b0000, 0x916b0000, 0x92c00000)
 concurrent mark-sweep generation total 393216K, used 12159K [0x92c00000, 0xaac00000, 0xaac00000)
 concurrent-mark-sweep perm gen total 35404K, used 21240K [0xaac00000, 0xace93000, 0xb2c00000)
}
2015-02-20T15:48:02.658-0600: 1611.113: Total time for which application threads were stopped: 0.0107230 seconds
{Heap before GC invocations=93 (full 1):
 par new generation   total 109248K, used 87428K [0x8ac00000, 0x92c00000, 0x92c00000)
  eden space 87424K, 100% used [0x8ac00000, 0x90160000, 0x90160000)
  from space 21824K,   0% used [0x90160000, 0x90161000, 0x916b0000)
  to   space 21824K,   0% used [0x916b0000, 0x916b0000, 0x92c00000)
 concurrent mark-sweep generation total 393216K, used 12159K [0x92c00000, 0xaac00000, 0xaac00000)
 concurrent-mark-sweep perm gen total 35404K, used 21240K [0xaac00000, 0xace93000, 0xb2c00000)
2015-02-20T15:48:04.195-0600: 1612.650: [GC2015-02-20T15:48:04.195-0600: 1612.650: [ParNew
Desired survivor size 20112996 bytes, new threshold 8 (max 8)
- age   1:       1152 bytes,       1152 total
- age   2:        128 bytes,       1280 total
- age   3:        328 bytes,       1608 total
- age   4:        216 bytes,       1824 total
- age   5:        416 bytes,       2240 total
- age   6:        352 bytes,       2592 total
- age   7:        328 bytes,       2920 total
- age   8:        400 bytes,       3320 total
: 87428K->6K(109248K), 0.0140880 secs] 99587K->12165K(502464K), 0.0143130 secs] [Times: user=0.02 sys=0.00, real=0.02 secs] 
Heap after GC invocations=94 (full 1):
 par new generation   total 109248K, used 6K [0x8ac00000, 0x92c00000, 0x92c00000)
  eden space 87424K,   0% used [0x8ac00000, 0x8ac00000, 0x90160000)
  from space 21824K,   0% used [0x916b0000, 0x916b1800, 0x92c00000)
  to   space 21824K,   0% used [0x90160000, 0x90160000, 0x916b0000)
 concurrent mark-sweep generation total 393216K, used 12159K [0x92c00000, 0xaac00000, 0xaac00000)
 concurrent-mark-sweep perm gen total 35404K, used 21240K [0xaac00000, 0xace93000, 0xb2c00000)
}
2015-02-20T15:48:04.209-0600: 1612.664: Total time for which application threads were stopped: 0.0169080 seconds
{Heap before GC invocations=94 (full 1):
 par new generation   total 109248K, used 87430K [0x8ac00000, 0x92c00000, 0x92c00000)
  eden space 87424K, 100% used [0x8ac00000, 0x90160000, 0x90160000)
  from space 21824K,   0% used [0x916b0000, 0x916b1800, 0x92c00000)
  to   space 21824K,   0% used [0x90160000, 0x90160000, 0x916b0000)
 concurrent mark-sweep generation total 393216K, used 12159K [0x92c00000, 0xaac00000, 0xaac00000)
 concurrent-mark-sweep perm gen total 35404K, used 21240K [0xaac00000, 0xace93000, 0xb2c00000)
2015-02-20T15:48:05.731-0600: 1614.186: [GC2015-02-20T15:48:05.731-0600: 1614.186: [ParNew
Desired survivor size 20112996 bytes, new threshold 8 (max 8)
- age   1:        672 bytes,        672 total
- age   2:        504 bytes,       1176 total
- age   3:        128 bytes,       1304 total
- age   4:        328 bytes,       1632 total
- age   5:        216 bytes,       1848 total
- age   6:        416 bytes,       2264 total
- age   7:        352 bytes,       2616 total
- age   8:        328 bytes,       2944 total
: 87430K->8K(109248K), 0.0101350 secs] 99589K->12167K(502464K), 0.0103050 secs] [Times: user=0.02 sys=0.00, real=0.01 secs] 
Heap after GC invocations=95 (full 1):
 par new generation   total 109248K, used 8K [0x8ac00000, 0x92c00000, 0x92c00000)
  eden space 87424K,   0% used [0x8ac00000, 0x8ac00000, 0x90160000)
  from space 21824K,   0% used [0x90160000, 0x90162000, 0x916b0000)
  to   space 21824K,   0% used [0x916b0000, 0x916b0000, 0x92c00000)
 concurrent mark-sweep generation total 393216K, used 12159K [0x92c00000, 0xaac00000, 0xaac00000)
 concurrent-mark-sweep perm gen total 35404K, used 21240K [0xaac00000, 0xace93000, 0xb2c00000)
}
2015-02-20T15:48:05.741-0600: 1614.197: Total time for which application threads were stopped: 0.0130950 seconds
{Heap before GC invocations=95 (full 1):
 par new generation   total 109248K, used 87432K [0x8ac00000, 0x92c00000, 0x92c00000)
  eden space 87424K, 100% used [0x8ac00000, 0x90160000, 0x90160000)
  from space 21824K,   0% used [0x90160000, 0x90162000, 0x916b0000)
  to   space 21824K,   0% used [0x916b0000, 0x916b0000, 0x92c00000)
 concurrent mark-sweep generation total 393216K, used 12159K [0x92c00000, 0xaac00000, 0xaac00000)
 concurrent-mark-sweep perm gen total 35404K, used 21240K [0xaac00000, 0xace93000, 0xb2c00000)
2015-02-20T15:48:07.315-0600: 1615.770: [GC2015-02-20T15:48:07.315-0600: 1615.770: [ParNew
Desired survivor size 20112996 bytes, new threshold 8 (max 8)
- age   1:        928 bytes,        928 total
- age   2:        200 bytes,       1128 total
- age   3:        376 bytes,       1504 total
- age   4:        128 bytes,       1632 total
- age   5:        328 bytes,       1960 total
- age   6:        216 bytes,       2176 total
- age   7:        416 bytes,       2592 total
- age   8:        352 bytes,       2944 total
: 87432K->6K(109248K), 0.0076950 secs] 99591K->12166K(502464K), 0.0079170 secs] [Times: user=0.02 sys=0.00, real=0.01 secs] 
Heap after GC invocations=96 (full 1):
 par new generation   total 109248K, used 6K [0x8ac00000, 0x92c00000, 0x92c00000)
  eden space 87424K,   0% used [0x8ac00000, 0x8ac00000, 0x90160000)
  from space 21824K,   0% used [0x916b0000, 0x916b1800, 0x92c00000)
  to   space 21824K,   0% used [0x90160000, 0x90160000, 0x916b0000)
 concurrent mark-sweep generation total 393216K, used 12160K [0x92c00000, 0xaac00000, 0xaac00000)
 concurrent-mark-sweep perm gen total 35404K, used 21240K [0xaac00000, 0xace93000, 0xb2c00000)
}
2015-02-20T15:48:07.323-0600: 1615.778: Total time for which application threads were stopped: 0.0106560 seconds
{Heap before GC invocations=96 (full 1):
 par new generation   total 109248K, used 87430K [0x8ac00000, 0x92c00000, 0x92c00000)
  eden space 87424K, 100% used [0x8ac00000, 0x90160000, 0x90160000)
  from space 21824K,   0% used [0x916b0000, 0x916b1800, 0x92c00000)
  to   space 21824K,   0% used [0x90160000, 0x90160000, 0x916b0000)
 concurrent mark-sweep generation total 393216K, used 12160K [0x92c00000, 0xaac00000, 0xaac00000)
 concurrent-mark-sweep perm gen total 35404K, used 21240K [0xaac00000, 0xace93000, 0xb2c00000)
2015-02-20T15:48:08.825-0600: 1617.280: [GC2015-02-20T15:48:08.825-0600: 1617.280: [ParNew
Desired survivor size 20112996 bytes, new threshold 8 (max 8)
- age   1:        728 bytes,        728 total
- age   2:        352 bytes,       1080 total
- age   3:        200 bytes,       1280 total
- age   4:        376 bytes,       1656 total
- age   5:        128 bytes,       1784 total
- age   6:        328 bytes,       2112 total
- age   7:        216 bytes,       2328 total
- age   8:        416 bytes,       2744 total
: 87430K->8K(109248K), 0.0059570 secs] 99590K->12168K(502464K), 0.0061310 secs] [Times: user=0.01 sys=0.00, real=0.01 secs] 
Heap after GC invocations=97 (full 1):
 par new generation   total 109248K, used 8K [0x8ac00000, 0x92c00000, 0x92c00000)
  eden space 87424K,   0% used [0x8ac00000, 0x8ac00000, 0x90160000)
  from space 21824K,   0% used [0x90160000, 0x90162000, 0x916b0000)
  to   space 21824K,   0% used [0x916b0000, 0x916b0000, 0x92c00000)
 concurrent mark-sweep generation total 393216K, used 12160K [0x92c00000, 0xaac00000, 0xaac00000)
 concurrent-mark-sweep perm gen total 35404K, used 21240K [0xaac00000, 0xace93000, 0xb2c00000)
}
2015-02-20T15:48:08.831-0600: 1617.286: Total time for which application threads were stopped: 0.0088820 seconds
{Heap before GC invocations=97 (full 1):
 par new generation   total 109248K, used 87432K [0x8ac00000, 0x92c00000, 0x92c00000)
  eden space 87424K, 100% used [0x8ac00000, 0x90160000, 0x90160000)
  from space 21824K,   0% used [0x90160000, 0x90162000, 0x916b0000)
  to   space 21824K,   0% used [0x916b0000, 0x916b0000, 0x92c00000)
 concurrent mark-sweep generation total 393216K, used 12160K [0x92c00000, 0xaac00000, 0xaac00000)
 concurrent-mark-sweep perm gen total 35404K, used 21240K [0xaac00000, 0xace93000, 0xb2c00000)
2015-02-20T15:48:10.298-0600: 1618.753: [GC2015-02-20T15:48:10.298-0600: 1618.753: [ParNew
Desired survivor size 20112996 bytes, new threshold 8 (max 8)
- age   1:        952 bytes,        952 total
- age   2:        152 bytes,       1104 total
- age   3:        328 bytes,       1432 total
- age   4:        200 bytes,       1632 total
- age   5:        376 bytes,       2008 total
- age   6:        128 bytes,       2136 total
- age   7:        328 bytes,       2464 total
- age   8:        216 bytes,       2680 total
: 87432K->6K(109248K), 0.0135210 secs] 99592K->12167K(502464K), 0.0137390 secs] [Times: user=0.02 sys=0.00, real=0.01 secs] 
Heap after GC invocations=98 (full 1):
 par new generation   total 109248K, used 6K [0x8ac00000, 0x92c00000, 0x92c00000)
  eden space 87424K,   0% used [0x8ac00000, 0x8ac00000, 0x90160000)
  from space 21824K,   0% used [0x916b0000, 0x916b1800, 0x92c00000)
  to   space 21824K,   0% used [0x90160000, 0x90160000, 0x916b0000)
 concurrent mark-sweep generation total 393216K, used 12161K [0x92c00000, 0xaac00000, 0xaac00000)
 concurrent-mark-sweep perm gen total 35404K, used 21240K [0xaac00000, 0xace93000, 0xb2c00000)
}
2015-02-20T15:48:10.312-0600: 1618.767: Total time for which application threads were stopped: 0.0164890 seconds
{Heap before GC invocations=98 (full 1):
 par new generation   total 109248K, used 87430K [0x8ac00000, 0x92c00000, 0x92c00000)
  eden space 87424K, 100% used [0x8ac00000, 0x90160000, 0x90160000)
  from space 21824K,   0% used [0x916b0000, 0x916b1800, 0x92c00000)
  to   space 21824K,   0% used [0x90160000, 0x90160000, 0x916b0000)
 concurrent mark-sweep generation total 393216K, used 12161K [0x92c00000, 0xaac00000, 0xaac00000)
 concurrent-mark-sweep perm gen total 35404K, used 21240K [0xaac00000, 0xace93000, 0xb2c00000)
2015-02-20T15:48:11.837-0600: 1620.292: [GC2015-02-20T15:48:11.837-0600: 1620.292: [ParNew
Desired survivor size 20112996 bytes, new threshold 8 (max 8)
- age   1:        672 bytes,        672 total
- age   2:        480 bytes,       1152 total
- age   3:        152 bytes,       1304 total
- age   4:        328 bytes,       1632 total
- age   5:        200 bytes,       1832 total
- age   6:        376 bytes,       2208 total
- age   7:        128 bytes,       2336 total
- age   8:        328 bytes,       2664 total
: 87430K->4K(109248K), 0.0134270 secs] 99591K->12165K(502464K), 0.0136280 secs] [Times: user=0.03 sys=0.00, real=0.02 secs] 
Heap after GC invocations=99 (full 1):
 par new generation   total 109248K, used 4K [0x8ac00000, 0x92c00000, 0x92c00000)
  eden space 87424K,   0% used [0x8ac00000, 0x8ac00000, 0x90160000)
  from space 21824K,   0% used [0x90160000, 0x90161000, 0x916b0000)
  to   space 21824K,   0% used [0x916b0000, 0x916b0000, 0x92c00000)
 concurrent mark-sweep generation total 393216K, used 12161K [0x92c00000, 0xaac00000, 0xaac00000)
 concurrent-mark-sweep perm gen total 35404K, used 21240K [0xaac00000, 0xace93000, 0xb2c00000)
}
2015-02-20T15:48:11.851-0600: 1620.306: Total time for which application threads were stopped: 0.0163010 seconds
{Heap before GC invocations=99 (full 1):
 par new generation   total 109248K, used 87428K [0x8ac00000, 0x92c00000, 0x92c00000)
  eden space 87424K, 100% used [0x8ac00000, 0x90160000, 0x90160000)
  from space 21824K,   0% used [0x90160000, 0x90161000, 0x916b0000)
  to   space 21824K,   0% used [0x916b0000, 0x916b0000, 0x92c00000)
 concurrent mark-sweep generation total 393216K, used 12161K [0x92c00000, 0xaac00000, 0xaac00000)
 concurrent-mark-sweep perm gen total 35404K, used 21240K [0xaac00000, 0xace93000, 0xb2c00000)
2015-02-20T15:48:13.526-0600: 1621.981: [GC2015-02-20T15:48:13.526-0600: 1621.981: [ParNew
Desired survivor size 20112996 bytes, new threshold 8 (max 8)
- age   1:        944 bytes,        944 total
- age   2:        200 bytes,       1144 total
- age   3:        352 bytes,       1496 total
- age   4:        152 bytes,       1648 total
- age   5:        328 bytes,       1976 total
- age   6:        200 bytes,       2176 total
- age   7:        376 bytes,       2552 total
- age   8:        128 bytes,       2680 total
: 87428K->6K(109248K), 0.0069880 secs] 99589K->12167K(502464K), 0.0071970 secs] [Times: user=0.01 sys=0.00, real=0.01 secs] 
Heap after GC invocations=100 (full 1):
 par new generation   total 109248K, used 6K [0x8ac00000, 0x92c00000, 0x92c00000)
  eden space 87424K,   0% used [0x8ac00000, 0x8ac00000, 0x90160000)
  from space 21824K,   0% used [0x916b0000, 0x916b1800, 0x92c00000)
  to   space 21824K,   0% used [0x90160000, 0x90160000, 0x916b0000)
 concurrent mark-sweep generation total 393216K, used 12161K [0x92c00000, 0xaac00000, 0xaac00000)
 concurrent-mark-sweep perm gen total 35404K, used 21240K [0xaac00000, 0xace93000, 0xb2c00000)
}
2015-02-20T15:48:13.533-0600: 1621.988: Total time for which application threads were stopped: 0.0103280 seconds
{Heap before GC invocations=100 (full 1):
 par new generation   total 109248K, used 87430K [0x8ac00000, 0x92c00000, 0x92c00000)
  eden space 87424K, 100% used [0x8ac00000, 0x90160000, 0x90160000)
  from space 21824K,   0% used [0x916b0000, 0x916b1800, 0x92c00000)
  to   space 21824K,   0% used [0x90160000, 0x90160000, 0x916b0000)
 concurrent mark-sweep generation total 393216K, used 12161K [0x92c00000, 0xaac00000, 0xaac00000)
 concurrent-mark-sweep perm gen total 35404K, used 21240K [0xaac00000, 0xace93000, 0xb2c00000)
2015-02-20T15:48:15.042-0600: 1623.497: [GC2015-02-20T15:48:15.042-0600: 1623.497: [ParNew
Desired survivor size 20112996 bytes, new threshold 8 (max 8)
- age   1:       1048 bytes,       1048 total
- age   2:        376 bytes,       1424 total
- age   3:        200 bytes,       1624 total
- age   4:        352 bytes,       1976 total
- age   5:        152 bytes,       2128 total
- age   6:        328 bytes,       2456 total
- age   7:        200 bytes,       2656 total
- age   8:        376 bytes,       3032 total
: 87430K->8K(109248K), 0.0102820 secs] 99591K->12169K(502464K), 0.0105080 secs] [Times: user=0.03 sys=0.00, real=0.01 secs] 
Heap after GC invocations=101 (full 1):
 par new generation   total 109248K, used 8K [0x8ac00000, 0x92c00000, 0x92c00000)
  eden space 87424K,   0% used [0x8ac00000, 0x8ac00000, 0x90160000)
  from space 21824K,   0% used [0x90160000, 0x90162000, 0x916b0000)
  to   space 21824K,   0% used [0x916b0000, 0x916b0000, 0x92c00000)
 concurrent mark-sweep generation total 393216K, used 12161K [0x92c00000, 0xaac00000, 0xaac00000)
 concurrent-mark-sweep perm gen total 35404K, used 21240K [0xaac00000, 0xace93000, 0xb2c00000)
}
2015-02-20T15:48:15.053-0600: 1623.508: Total time for which application threads were stopped: 0.0132640 seconds
{Heap before GC invocations=101 (full 1):
 par new generation   total 109248K, used 87432K [0x8ac00000, 0x92c00000, 0x92c00000)
  eden space 87424K, 100% used [0x8ac00000, 0x90160000, 0x90160000)
  from space 21824K,   0% used [0x90160000, 0x90162000, 0x916b0000)
  to   space 21824K,   0% used [0x916b0000, 0x916b0000, 0x92c00000)
 concurrent mark-sweep generation total 393216K, used 12161K [0x92c00000, 0xaac00000, 0xaac00000)
 concurrent-mark-sweep perm gen total 35404K, used 21240K [0xaac00000, 0xace93000, 0xb2c00000)
2015-02-20T15:48:16.559-0600: 1625.014: [GC2015-02-20T15:48:16.559-0600: 1625.014: [ParNew
Desired survivor size 20112996 bytes, new threshold 8 (max 8)
- age   1:        696 bytes,        696 total
- age   2:        472 bytes,       1168 total
- age   3:        376 bytes,       1544 total
- age   4:        200 bytes,       1744 total
- age   5:        352 bytes,       2096 total
- age   6:        152 bytes,       2248 total
- age   7:        328 bytes,       2576 total
- age   8:        200 bytes,       2776 total
: 87432K->4K(109248K), 0.0140000 secs] 99593K->12166K(502464K), 0.0142110 secs] [Times: user=0.03 sys=0.00, real=0.01 secs] 
Heap after GC invocations=102 (full 1):
 par new generation   total 109248K, used 4K [0x8ac00000, 0x92c00000, 0x92c00000)
  eden space 87424K,   0% used [0x8ac00000, 0x8ac00000, 0x90160000)
  from space 21824K,   0% used [0x916b0000, 0x916b1000, 0x92c00000)
  to   space 21824K,   0% used [0x90160000, 0x90160000, 0x916b0000)
 concurrent mark-sweep generation total 393216K, used 12162K [0x92c00000, 0xaac00000, 0xaac00000)
 concurrent-mark-sweep perm gen total 35404K, used 21240K [0xaac00000, 0xace93000, 0xb2c00000)
}
2015-02-20T15:48:16.573-0600: 1625.028: Total time for which application threads were stopped: 0.0170270 seconds
{Heap before GC invocations=102 (full 1):
 par new generation   total 109248K, used 87428K [0x8ac00000, 0x92c00000, 0x92c00000)
  eden space 87424K, 100% used [0x8ac00000, 0x90160000, 0x90160000)
  from space 21824K,   0% used [0x916b0000, 0x916b1000, 0x92c00000)
  to   space 21824K,   0% used [0x90160000, 0x90160000, 0x916b0000)
 concurrent mark-sweep generation total 393216K, used 12162K [0x92c00000, 0xaac00000, 0xaac00000)
 concurrent-mark-sweep perm gen total 35404K, used 21240K [0xaac00000, 0xace93000, 0xb2c00000)
2015-02-20T15:48:18.018-0600: 1626.473: [GC2015-02-20T15:48:18.018-0600: 1626.473: [ParNew
Desired survivor size 20112996 bytes, new threshold 8 (max 8)
- age   1:        976 bytes,        976 total
- age   2:        152 bytes,       1128 total
- age   3:        448 bytes,       1576 total
- age   4:        376 bytes,       1952 total
- age   5:        200 bytes,       2152 total
- age   6:        352 bytes,       2504 total
- age   7:        152 bytes,       2656 total
- age   8:        328 bytes,       2984 total
: 87428K->6K(109248K), 0.0141450 secs] 99590K->12168K(502464K), 0.0143890 secs] [Times: user=0.03 sys=0.00, real=0.01 secs] 
Heap after GC invocations=103 (full 1):
 par new generation   total 109248K, used 6K [0x8ac00000, 0x92c00000, 0x92c00000)
  eden space 87424K,   0% used [0x8ac00000, 0x8ac00000, 0x90160000)
  from space 21824K,   0% used [0x90160000, 0x90161800, 0x916b0000)
  to   space 21824K,   0% used [0x916b0000, 0x916b0000, 0x92c00000)
 concurrent mark-sweep generation total 393216K, used 12162K [0x92c00000, 0xaac00000, 0xaac00000)
 concurrent-mark-sweep perm gen total 35404K, used 21240K [0xaac00000, 0xace93000, 0xb2c00000)
}
2015-02-20T15:48:18.032-0600: 1626.487: Total time for which application threads were stopped: 0.0173630 seconds
{Heap before GC invocations=103 (full 1):
 par new generation   total 109248K, used 87430K [0x8ac00000, 0x92c00000, 0x92c00000)
  eden space 87424K, 100% used [0x8ac00000, 0x90160000, 0x90160000)
  from space 21824K,   0% used [0x90160000, 0x90161800, 0x916b0000)
  to   space 21824K,   0% used [0x916b0000, 0x916b0000, 0x92c00000)
 concurrent mark-sweep generation total 393216K, used 12162K [0x92c00000, 0xaac00000, 0xaac00000)
 concurrent-mark-sweep perm gen total 35404K, used 21240K [0xaac00000, 0xace93000, 0xb2c00000)
2015-02-20T15:48:19.524-0600: 1627.979: [GC2015-02-20T15:48:19.524-0600: 1627.979: [ParNew
Desired survivor size 20112996 bytes, new threshold 8 (max 8)
- age   1:        848 bytes,        848 total
- age   2:        504 bytes,       1352 total
- age   3:        152 bytes,       1504 total
- age   4:        448 bytes,       1952 total
- age   5:        376 bytes,       2328 total
- age   6:        200 bytes,       2528 total
- age   7:        352 bytes,       2880 total
- age   8:        152 bytes,       3032 total
: 87430K->6K(109248K), 0.0066720 secs] 99592K->12168K(502464K), 0.0068760 secs] [Times: user=0.00 sys=0.01, real=0.01 secs] 
Heap after GC invocations=104 (full 1):
 par new generation   total 109248K, used 6K [0x8ac00000, 0x92c00000, 0x92c00000)
  eden space 87424K,   0% used [0x8ac00000, 0x8ac00000, 0x90160000)
  from space 21824K,   0% used [0x916b0000, 0x916b1800, 0x92c00000)
  to   space 21824K,   0% used [0x90160000, 0x90160000, 0x916b0000)
 concurrent mark-sweep generation total 393216K, used 12162K [0x92c00000, 0xaac00000, 0xaac00000)
 concurrent-mark-sweep perm gen total 35404K, used 21240K [0xaac00000, 0xace93000, 0xb2c00000)
}
2015-02-20T15:48:19.531-0600: 1627.986: Total time for which application threads were stopped: 0.0096290 seconds
{Heap before GC invocations=104 (full 1):
 par new generation   total 109248K, used 87430K [0x8ac00000, 0x92c00000, 0x92c00000)
  eden space 87424K, 100% used [0x8ac00000, 0x90160000, 0x90160000)
  from space 21824K,   0% used [0x916b0000, 0x916b1800, 0x92c00000)
  to   space 21824K,   0% used [0x90160000, 0x90160000, 0x916b0000)
 concurrent mark-sweep generation total 393216K, used 12162K [0x92c00000, 0xaac00000, 0xaac00000)
 concurrent-mark-sweep perm gen total 35404K, used 21240K [0xaac00000, 0xace93000, 0xb2c00000)
2015-02-20T15:48:21.100-0600: 1629.555: [GC2015-02-20T15:48:21.100-0600: 1629.555: [ParNew
Desired survivor size 20112996 bytes, new threshold 8 (max 8)
- age   1:       1152 bytes,       1152 total
- age   2:        200 bytes,       1352 total
- age   3:        376 bytes,       1728 total
- age   4:        152 bytes,       1880 total
- age   5:        448 bytes,       2328 total
- age   6:        376 bytes,       2704 total
- age   7:        200 bytes,       2904 total
- age   8:        352 bytes,       3256 total
: 87430K->8K(109248K), 0.0076550 secs] 99592K->12170K(502464K), 0.0078730 secs] [Times: user=0.01 sys=0.00, real=0.01 secs] 
Heap after GC invocations=105 (full 1):
 par new generation   total 109248K, used 8K [0x8ac00000, 0x92c00000, 0x92c00000)
  eden space 87424K,   0% used [0x8ac00000, 0x8ac00000, 0x90160000)
  from space 21824K,   0% used [0x90160000, 0x90162000, 0x916b0000)
  to   space 21824K,   0% used [0x916b0000, 0x916b0000, 0x92c00000)
 concurrent mark-sweep generation total 393216K, used 12162K [0x92c00000, 0xaac00000, 0xaac00000)
 concurrent-mark-sweep perm gen total 35404K, used 21240K [0xaac00000, 0xace93000, 0xb2c00000)
}
2015-02-20T15:48:21.108-0600: 1629.563: Total time for which application threads were stopped: 0.0106610 seconds
{Heap before GC invocations=105 (full 1):
 par new generation   total 109248K, used 87432K [0x8ac00000, 0x92c00000, 0x92c00000)
  eden space 87424K, 100% used [0x8ac00000, 0x90160000, 0x90160000)
  from space 21824K,   0% used [0x90160000, 0x90162000, 0x916b0000)
  to   space 21824K,   0% used [0x916b0000, 0x916b0000, 0x92c00000)
 concurrent mark-sweep generation total 393216K, used 12162K [0x92c00000, 0xaac00000, 0xaac00000)
 concurrent-mark-sweep perm gen total 35404K, used 21240K [0xaac00000, 0xace93000, 0xb2c00000)
2015-02-20T15:48:22.776-0600: 1631.231: [GC2015-02-20T15:48:22.776-0600: 1631.231: [ParNew
Desired survivor size 20112996 bytes, new threshold 8 (max 8)
- age   1:        880 bytes,        880 total
- age   2:        400 bytes,       1280 total
- age   3:        200 bytes,       1480 total
- age   4:        376 bytes,       1856 total
- age   5:        152 bytes,       2008 total
- age   6:        448 bytes,       2456 total
- age   7:        376 bytes,       2832 total
- age   8:        200 bytes,       3032 total
: 87432K->6K(109248K), 0.0078180 secs] 99594K->12169K(502464K), 0.0079990 secs] [Times: user=0.01 sys=0.01, real=0.01 secs] 
Heap after GC invocations=106 (full 1):
 par new generation   total 109248K, used 6K [0x8ac00000, 0x92c00000, 0x92c00000)
  eden space 87424K,   0% used [0x8ac00000, 0x8ac00000, 0x90160000)
  from space 21824K,   0% used [0x916b0000, 0x916b1800, 0x92c00000)
  to   space 21824K,   0% used [0x90160000, 0x90160000, 0x916b0000)
 concurrent mark-sweep generation total 393216K, used 12163K [0x92c00000, 0xaac00000, 0xaac00000)
 concurrent-mark-sweep perm gen total 35404K, used 21240K [0xaac00000, 0xace93000, 0xb2c00000)
}
2015-02-20T15:48:22.784-0600: 1631.239: Total time for which application threads were stopped: 0.0118960 seconds
{Heap before GC invocations=106 (full 1):
 par new generation   total 109248K, used 87430K [0x8ac00000, 0x92c00000, 0x92c00000)
  eden space 87424K, 100% used [0x8ac00000, 0x90160000, 0x90160000)
  from space 21824K,   0% used [0x916b0000, 0x916b1800, 0x92c00000)
  to   space 21824K,   0% used [0x90160000, 0x90160000, 0x916b0000)
 concurrent mark-sweep generation total 393216K, used 12163K [0x92c00000, 0xaac00000, 0xaac00000)
 concurrent-mark-sweep perm gen total 35404K, used 21240K [0xaac00000, 0xace93000, 0xb2c00000)
2015-02-20T15:48:24.241-0600: 1632.696: [GC2015-02-20T15:48:24.242-0600: 1632.697: [ParNew
Desired survivor size 20112996 bytes, new threshold 8 (max 8)
- age   1:       1048 bytes,       1048 total
- age   2:        224 bytes,       1272 total
- age   3:        376 bytes,       1648 total
- age   4:        200 bytes,       1848 total
- age   5:        376 bytes,       2224 total
- age   6:        152 bytes,       2376 total
- age   7:        448 bytes,       2824 total
- age   8:        376 bytes,       3200 total
: 87430K->6K(109248K), 0.0147900 secs] 99593K->12169K(502464K), 0.0149770 secs] [Times: user=0.03 sys=0.00, real=0.01 secs] 
Heap after GC invocations=107 (full 1):
 par new generation   total 109248K, used 6K [0x8ac00000, 0x92c00000, 0x92c00000)
  eden space 87424K,   0% used [0x8ac00000, 0x8ac00000, 0x90160000)
  from space 21824K,   0% used [0x90160000, 0x90161800, 0x916b0000)
  to   space 21824K,   0% used [0x916b0000, 0x916b0000, 0x92c00000)
 concurrent mark-sweep generation total 393216K, used 12163K [0x92c00000, 0xaac00000, 0xaac00000)
 concurrent-mark-sweep perm gen total 35404K, used 21240K [0xaac00000, 0xace93000, 0xb2c00000)
}
2015-02-20T15:48:24.256-0600: 1632.712: Total time for which application threads were stopped: 0.0176460 seconds
{Heap before GC invocations=107 (full 1):
 par new generation   total 109248K, used 87430K [0x8ac00000, 0x92c00000, 0x92c00000)
  eden space 87424K, 100% used [0x8ac00000, 0x90160000, 0x90160000)
  from space 21824K,   0% used [0x90160000, 0x90161800, 0x916b0000)
  to   space 21824K,   0% used [0x916b0000, 0x916b0000, 0x92c00000)
 concurrent mark-sweep generation total 393216K, used 12163K [0x92c00000, 0xaac00000, 0xaac00000)
 concurrent-mark-sweep perm gen total 35404K, used 21240K [0xaac00000, 0xace93000, 0xb2c00000)
2015-02-20T15:48:25.887-0600: 1634.342: [GC2015-02-20T15:48:25.888-0600: 1634.343: [ParNew
Desired survivor size 20112996 bytes, new threshold 8 (max 8)
- age   1:        912 bytes,        912 total
- age   2:        448 bytes,       1360 total
- age   3:        224 bytes,       1584 total
- age   4:        376 bytes,       1960 total
- age   5:        200 bytes,       2160 total
- age   6:        376 bytes,       2536 total
- age   7:        152 bytes,       2688 total
- age   8:        448 bytes,       3136 total
: 87430K->4K(109248K), 0.0080530 secs] 99593K->12167K(502464K), 0.0082630 secs] [Times: user=0.01 sys=0.00, real=0.00 secs] 
Heap after GC invocations=108 (full 1):
 par new generation   total 109248K, used 4K [0x8ac00000, 0x92c00000, 0x92c00000)
  eden space 87424K,   0% used [0x8ac00000, 0x8ac00000, 0x90160000)
  from space 21824K,   0% used [0x916b0000, 0x916b1000, 0x92c00000)
  to   space 21824K,   0% used [0x90160000, 0x90160000, 0x916b0000)
 concurrent mark-sweep generation total 393216K, used 12163K [0x92c00000, 0xaac00000, 0xaac00000)
 concurrent-mark-sweep perm gen total 35404K, used 21240K [0xaac00000, 0xace93000, 0xb2c00000)
}
2015-02-20T15:48:25.896-0600: 1634.351: Total time for which application threads were stopped: 0.0110790 seconds
{Heap before GC invocations=108 (full 1):
 par new generation   total 109248K, used 87428K [0x8ac00000, 0x92c00000, 0x92c00000)
  eden space 87424K, 100% used [0x8ac00000, 0x90160000, 0x90160000)
  from space 21824K,   0% used [0x916b0000, 0x916b1000, 0x92c00000)
  to   space 21824K,   0% used [0x90160000, 0x90160000, 0x916b0000)
 concurrent mark-sweep generation total 393216K, used 12163K [0x92c00000, 0xaac00000, 0xaac00000)
 concurrent-mark-sweep perm gen total 35404K, used 21240K [0xaac00000, 0xace93000, 0xb2c00000)
2015-02-20T15:48:27.579-0600: 1636.034: [GC2015-02-20T15:48:27.579-0600: 1636.034: [ParNew
Desired survivor size 20112996 bytes, new threshold 8 (max 8)
- age   1:       1112 bytes,       1112 total
- age   2:        440 bytes,       1552 total
- age   3:        448 bytes,       2000 total
- age   4:        224 bytes,       2224 total
- age   5:        376 bytes,       2600 total
- age   6:        200 bytes,       2800 total
- age   7:        376 bytes,       3176 total
- age   8:        152 bytes,       3328 total
: 87428K->10K(109248K), 0.0143850 secs] 99591K->12174K(502464K), 0.0147210 secs] [Times: user=0.02 sys=0.00, real=0.01 secs] 
Heap after GC invocations=109 (full 1):
 par new generation   total 109248K, used 10K [0x8ac00000, 0x92c00000, 0x92c00000)
  eden space 87424K,   0% used [0x8ac00000, 0x8ac00000, 0x90160000)
  from space 21824K,   0% used [0x90160000, 0x90162800, 0x916b0000)
  to   space 21824K,   0% used [0x916b0000, 0x916b0000, 0x92c00000)
 concurrent mark-sweep generation total 393216K, used 12164K [0x92c00000, 0xaac00000, 0xaac00000)
 concurrent-mark-sweep perm gen total 35404K, used 21240K [0xaac00000, 0xace93000, 0xb2c00000)
}
2015-02-20T15:48:27.594-0600: 1636.049: Total time for which application threads were stopped: 0.0222440 seconds
{Heap before GC invocations=109 (full 1):
 par new generation   total 109248K, used 87434K [0x8ac00000, 0x92c00000, 0x92c00000)
  eden space 87424K, 100% used [0x8ac00000, 0x90160000, 0x90160000)
  from space 21824K,   0% used [0x90160000, 0x90162800, 0x916b0000)
  to   space 21824K,   0% used [0x916b0000, 0x916b0000, 0x92c00000)
 concurrent mark-sweep generation total 393216K, used 12164K [0x92c00000, 0xaac00000, 0xaac00000)
 concurrent-mark-sweep perm gen total 35404K, used 21240K [0xaac00000, 0xace93000, 0xb2c00000)
2015-02-20T15:48:29.171-0600: 1637.626: [GC2015-02-20T15:48:29.171-0600: 1637.626: [ParNew
Desired survivor size 20112996 bytes, new threshold 8 (max 8)
- age   1:        784 bytes,        784 total
- age   2:        472 bytes,       1256 total
- age   3:        312 bytes,       1568 total
- age   4:        448 bytes,       2016 total
- age   5:        224 bytes,       2240 total
- age   6:        376 bytes,       2616 total
- age   7:        200 bytes,       2816 total
- age   8:        376 bytes,       3192 total
: 87434K->6K(109248K), 0.0120140 secs] 99598K->12170K(502464K), 0.0122580 secs] [Times: user=0.02 sys=0.00, real=0.01 secs] 
Heap after GC invocations=110 (full 1):
 par new generation   total 109248K, used 6K [0x8ac00000, 0x92c00000, 0x92c00000)
  eden space 87424K,   0% used [0x8ac00000, 0x8ac00000, 0x90160000)
  from space 21824K,   0% used [0x916b0000, 0x916b1800, 0x92c00000)
  to   space 21824K,   0% used [0x90160000, 0x90160000, 0x916b0000)
 concurrent mark-sweep generation total 393216K, used 12164K [0x92c00000, 0xaac00000, 0xaac00000)
 concurrent-mark-sweep perm gen total 35404K, used 21240K [0xaac00000, 0xace93000, 0xb2c00000)
}
2015-02-20T15:48:29.183-0600: 1637.638: Total time for which application threads were stopped: 0.0148700 seconds
{Heap before GC invocations=110 (full 1):
 par new generation   total 109248K, used 87430K [0x8ac00000, 0x92c00000, 0x92c00000)
  eden space 87424K, 100% used [0x8ac00000, 0x90160000, 0x90160000)
  from space 21824K,   0% used [0x916b0000, 0x916b1800, 0x92c00000)
  to   space 21824K,   0% used [0x90160000, 0x90160000, 0x916b0000)
 concurrent mark-sweep generation total 393216K, used 12164K [0x92c00000, 0xaac00000, 0xaac00000)
 concurrent-mark-sweep perm gen total 35404K, used 21240K [0xaac00000, 0xace93000, 0xb2c00000)
2015-02-20T15:48:30.773-0600: 1639.228: [GC2015-02-20T15:48:30.773-0600: 1639.228: [ParNew
Desired survivor size 20112996 bytes, new threshold 8 (max 8)
- age   1:        952 bytes,        952 total
- age   2:        448 bytes,       1400 total
- age   3:        472 bytes,       1872 total
- age   4:        312 bytes,       2184 total
- age   5:        448 bytes,       2632 total
- age   6:        224 bytes,       2856 total
- age   7:        376 bytes,       3232 total
- age   8:        200 bytes,       3432 total
: 87430K->8K(109248K), 0.0069830 secs] 99594K->12172K(502464K), 0.0072260 secs] [Times: user=0.02 sys=0.00, real=0.01 secs] 
Heap after GC invocations=111 (full 1):
 par new generation   total 109248K, used 8K [0x8ac00000, 0x92c00000, 0x92c00000)
  eden space 87424K,   0% used [0x8ac00000, 0x8ac00000, 0x90160000)
  from space 21824K,   0% used [0x90160000, 0x90162000, 0x916b0000)
  to   space 21824K,   0% used [0x916b0000, 0x916b0000, 0x92c00000)
 concurrent mark-sweep generation total 393216K, used 12164K [0x92c00000, 0xaac00000, 0xaac00000)
 concurrent-mark-sweep perm gen total 35404K, used 21240K [0xaac00000, 0xace93000, 0xb2c00000)
}
2015-02-20T15:48:30.781-0600: 1639.236: Total time for which application threads were stopped: 0.0099080 seconds
{Heap before GC invocations=111 (full 1):
 par new generation   total 109248K, used 87432K [0x8ac00000, 0x92c00000, 0x92c00000)
  eden space 87424K, 100% used [0x8ac00000, 0x90160000, 0x90160000)
  from space 21824K,   0% used [0x90160000, 0x90162000, 0x916b0000)
  to   space 21824K,   0% used [0x916b0000, 0x916b0000, 0x92c00000)
 concurrent mark-sweep generation total 393216K, used 12164K [0x92c00000, 0xaac00000, 0xaac00000)
 concurrent-mark-sweep perm gen total 35404K, used 21240K [0xaac00000, 0xace93000, 0xb2c00000)
2015-02-20T15:48:32.349-0600: 1640.804: [GC2015-02-20T15:48:32.349-0600: 1640.804: [ParNew
Desired survivor size 20112996 bytes, new threshold 8 (max 8)
- age   1:        928 bytes,        928 total
- age   2:        128 bytes,       1056 total
- age   3:        424 bytes,       1480 total
- age   4:        472 bytes,       1952 total
- age   5:        312 bytes,       2264 total
- age   6:        448 bytes,       2712 total
- age   7:        224 bytes,       2936 total
- age   8:        376 bytes,       3312 total
: 87432K->6K(109248K), 0.0172100 secs] 99596K->12170K(502464K), 0.0174440 secs] [Times: user=0.03 sys=0.00, real=0.01 secs] 
Heap after GC invocations=112 (full 1):
 par new generation   total 109248K, used 6K [0x8ac00000, 0x92c00000, 0x92c00000)
  eden space 87424K,   0% used [0x8ac00000, 0x8ac00000, 0x90160000)
  from space 21824K,   0% used [0x916b0000, 0x916b1800, 0x92c00000)
  to   space 21824K,   0% used [0x90160000, 0x90160000, 0x916b0000)
 concurrent mark-sweep generation total 393216K, used 12164K [0x92c00000, 0xaac00000, 0xaac00000)
 concurrent-mark-sweep perm gen total 35404K, used 21240K [0xaac00000, 0xace93000, 0xb2c00000)
}
2015-02-20T15:48:32.366-0600: 1640.821: Total time for which application threads were stopped: 0.0202340 seconds
{Heap before GC invocations=112 (full 1):
 par new generation   total 109248K, used 87430K [0x8ac00000, 0x92c00000, 0x92c00000)
  eden space 87424K, 100% used [0x8ac00000, 0x90160000, 0x90160000)
  from space 21824K,   0% used [0x916b0000, 0x916b1800, 0x92c00000)
  to   space 21824K,   0% used [0x90160000, 0x90160000, 0x916b0000)
 concurrent mark-sweep generation total 393216K, used 12164K [0x92c00000, 0xaac00000, 0xaac00000)
 concurrent-mark-sweep perm gen total 35404K, used 21240K [0xaac00000, 0xace93000, 0xb2c00000)
2015-02-20T15:48:33.955-0600: 1642.410: [GC2015-02-20T15:48:33.955-0600: 1642.410: [ParNew
Desired survivor size 20112996 bytes, new threshold 8 (max 8)
- age   1:       1168 bytes,       1168 total
- age   2:        328 bytes,       1496 total
- age   3:        128 bytes,       1624 total
- age   4:        424 bytes,       2048 total
- age   5:        472 bytes,       2520 total
- age   6:        312 bytes,       2832 total
- age   7:        448 bytes,       3280 total
- age   8:        224 bytes,       3504 total
: 87430K->4K(109248K), 0.0082100 secs] 99594K->12169K(502464K), 0.0084260 secs] [Times: user=0.02 sys=0.00, real=0.01 secs] 
Heap after GC invocations=113 (full 1):
 par new generation   total 109248K, used 4K [0x8ac00000, 0x92c00000, 0x92c00000)
  eden space 87424K,   0% used [0x8ac00000, 0x8ac00000, 0x90160000)
  from space 21824K,   0% used [0x90160000, 0x90161000, 0x916b0000)
  to   space 21824K,   0% used [0x916b0000, 0x916b0000, 0x92c00000)
 concurrent mark-sweep generation total 393216K, used 12165K [0x92c00000, 0xaac00000, 0xaac00000)
 concurrent-mark-sweep perm gen total 35404K, used 21240K [0xaac00000, 0xace93000, 0xb2c00000)
}
2015-02-20T15:48:33.964-0600: 1642.419: Total time for which application threads were stopped: 0.0112190 seconds
{Heap before GC invocations=113 (full 1):
 par new generation   total 109248K, used 87428K [0x8ac00000, 0x92c00000, 0x92c00000)
  eden space 87424K, 100% used [0x8ac00000, 0x90160000, 0x90160000)
  from space 21824K,   0% used [0x90160000, 0x90161000, 0x916b0000)
  to   space 21824K,   0% used [0x916b0000, 0x916b0000, 0x92c00000)
 concurrent mark-sweep generation total 393216K, used 12165K [0x92c00000, 0xaac00000, 0xaac00000)
 concurrent-mark-sweep perm gen total 35404K, used 21240K [0xaac00000, 0xace93000, 0xb2c00000)
2015-02-20T15:48:35.566-0600: 1644.021: [GC2015-02-20T15:48:35.567-0600: 1644.022: [ParNew
Desired survivor size 20112996 bytes, new threshold 8 (max 8)
- age   1:        912 bytes,        912 total
- age   2:        440 bytes,       1352 total
- age   3:        328 bytes,       1680 total
- age   4:        128 bytes,       1808 total
- age   5:        424 bytes,       2232 total
- age   6:        472 bytes,       2704 total
- age   7:        312 bytes,       3016 total
- age   8:        448 bytes,       3464 total
: 87428K->6K(109248K), 0.0076670 secs] 99593K->12171K(502464K), 0.0078960 secs] [Times: user=0.01 sys=0.00, real=0.01 secs] 
Heap after GC invocations=114 (full 1):
 par new generation   total 109248K, used 6K [0x8ac00000, 0x92c00000, 0x92c00000)
  eden space 87424K,   0% used [0x8ac00000, 0x8ac00000, 0x90160000)
  from space 21824K,   0% used [0x916b0000, 0x916b1800, 0x92c00000)
  to   space 21824K,   0% used [0x90160000, 0x90160000, 0x916b0000)
 concurrent mark-sweep generation total 393216K, used 12165K [0x92c00000, 0xaac00000, 0xaac00000)
 concurrent-mark-sweep perm gen total 35404K, used 21240K [0xaac00000, 0xace93000, 0xb2c00000)
}
2015-02-20T15:48:35.574-0600: 1644.029: Total time for which application threads were stopped: 0.0106770 seconds
{Heap before GC invocations=114 (full 1):
 par new generation   total 109248K, used 87430K [0x8ac00000, 0x92c00000, 0x92c00000)
  eden space 87424K, 100% used [0x8ac00000, 0x90160000, 0x90160000)
  from space 21824K,   0% used [0x916b0000, 0x916b1800, 0x92c00000)
  to   space 21824K,   0% used [0x90160000, 0x90160000, 0x916b0000)
 concurrent mark-sweep generation total 393216K, used 12165K [0x92c00000, 0xaac00000, 0xaac00000)
 concurrent-mark-sweep perm gen total 35404K, used 21240K [0xaac00000, 0xace93000, 0xb2c00000)
2015-02-20T15:48:37.212-0600: 1645.667: [GC2015-02-20T15:48:37.212-0600: 1645.667: [ParNew
Desired survivor size 20112996 bytes, new threshold 8 (max 8)
- age   1:       1184 bytes,       1184 total
- age   2:        216 bytes,       1400 total
- age   3:        312 bytes,       1712 total
- age   4:        328 bytes,       2040 total
- age   5:        128 bytes,       2168 total
- age   6:        424 bytes,       2592 total
- age   7:        472 bytes,       3064 total
- age   8:        312 bytes,       3376 total
: 87430K->6K(109248K), 0.0073170 secs] 99595K->12171K(502464K), 0.0075360 secs] [Times: user=0.01 sys=0.00, real=0.01 secs] 
Heap after GC invocations=115 (full 1):
 par new generation   total 109248K, used 6K [0x8ac00000, 0x92c00000, 0x92c00000)
  eden space 87424K,   0% used [0x8ac00000, 0x8ac00000, 0x90160000)
  from space 21824K,   0% used [0x90160000, 0x90161800, 0x916b0000)
  to   space 21824K,   0% used [0x916b0000, 0x916b0000, 0x92c00000)
 concurrent mark-sweep generation total 393216K, used 12165K [0x92c00000, 0xaac00000, 0xaac00000)
 concurrent-mark-sweep perm gen total 35404K, used 21240K [0xaac00000, 0xace93000, 0xb2c00000)
}
2015-02-20T15:48:37.219-0600: 1645.675: Total time for which application threads were stopped: 0.0101220 seconds
{Heap before GC invocations=115 (full 1):
 par new generation   total 109248K, used 87430K [0x8ac00000, 0x92c00000, 0x92c00000)
  eden space 87424K, 100% used [0x8ac00000, 0x90160000, 0x90160000)
  from space 21824K,   0% used [0x90160000, 0x90161800, 0x916b0000)
  to   space 21824K,   0% used [0x916b0000, 0x916b0000, 0x92c00000)
 concurrent mark-sweep generation total 393216K, used 12165K [0x92c00000, 0xaac00000, 0xaac00000)
 concurrent-mark-sweep perm gen total 35404K, used 21240K [0xaac00000, 0xace93000, 0xb2c00000)
2015-02-20T15:48:38.776-0600: 1647.231: [GC2015-02-20T15:48:38.776-0600: 1647.231: [ParNew
Desired survivor size 20112996 bytes, new threshold 8 (max 8)
- age   1:        880 bytes,        880 total
- age   2:        352 bytes,       1232 total
- age   3:        216 bytes,       1448 total
- age   4:        312 bytes,       1760 total
- age   5:        328 bytes,       2088 total
- age   6:        128 bytes,       2216 total
- age   7:        424 bytes,       2640 total
- age   8:        472 bytes,       3112 total
: 87430K->6K(109248K), 0.0076530 secs] 99595K->12172K(502464K), 0.0078760 secs] [Times: user=0.02 sys=0.00, real=0.01 secs] 
Heap after GC invocations=116 (full 1):
 par new generation   total 109248K, used 6K [0x8ac00000, 0x92c00000, 0x92c00000)
  eden space 87424K,   0% used [0x8ac00000, 0x8ac00000, 0x90160000)
  from space 21824K,   0% used [0x916b0000, 0x916b1800, 0x92c00000)
  to   space 21824K,   0% used [0x90160000, 0x90160000, 0x916b0000)
 concurrent mark-sweep generation total 393216K, used 12166K [0x92c00000, 0xaac00000, 0xaac00000)
 concurrent-mark-sweep perm gen total 35404K, used 21240K [0xaac00000, 0xace93000, 0xb2c00000)
}
2015-02-20T15:48:38.784-0600: 1647.239: Total time for which application threads were stopped: 0.0106060 seconds
{Heap before GC invocations=116 (full 1):
 par new generation   total 109248K, used 87430K [0x8ac00000, 0x92c00000, 0x92c00000)
  eden space 87424K, 100% used [0x8ac00000, 0x90160000, 0x90160000)
  from space 21824K,   0% used [0x916b0000, 0x916b1800, 0x92c00000)
  to   space 21824K,   0% used [0x90160000, 0x90160000, 0x916b0000)
 concurrent mark-sweep generation total 393216K, used 12166K [0x92c00000, 0xaac00000, 0xaac00000)
 concurrent-mark-sweep perm gen total 35404K, used 21240K [0xaac00000, 0xace93000, 0xb2c00000)
2015-02-20T15:48:40.467-0600: 1648.922: [GC2015-02-20T15:48:40.467-0600: 1648.922: [ParNew
Desired survivor size 20112996 bytes, new threshold 8 (max 8)
- age   1:       1216 bytes,       1216 total
- age   2:        128 bytes,       1344 total
- age   3:        328 bytes,       1672 total
- age   4:        216 bytes,       1888 total
- age   5:        312 bytes,       2200 total
- age   6:        328 bytes,       2528 total
- age   7:        128 bytes,       2656 total
- age   8:        424 bytes,       3080 total
: 87430K->6K(109248K), 0.0125680 secs] 99596K->12172K(502464K), 0.0127580 secs] [Times: user=0.02 sys=0.00, real=0.02 secs] 
Heap after GC invocations=117 (full 1):
 par new generation   total 109248K, used 6K [0x8ac00000, 0x92c00000, 0x92c00000)
  eden space 87424K,   0% used [0x8ac00000, 0x8ac00000, 0x90160000)
  from space 21824K,   0% used [0x90160000, 0x90161800, 0x916b0000)
  to   space 21824K,   0% used [0x916b0000, 0x916b0000, 0x92c00000)
 concurrent mark-sweep generation total 393216K, used 12166K [0x92c00000, 0xaac00000, 0xaac00000)
 concurrent-mark-sweep perm gen total 35404K, used 21240K [0xaac00000, 0xace93000, 0xb2c00000)
}
2015-02-20T15:48:40.480-0600: 1648.935: Total time for which application threads were stopped: 0.0154240 seconds
{Heap before GC invocations=117 (full 1):
 par new generation   total 109248K, used 87430K [0x8ac00000, 0x92c00000, 0x92c00000)
  eden space 87424K, 100% used [0x8ac00000, 0x90160000, 0x90160000)
  from space 21824K,   0% used [0x90160000, 0x90161800, 0x916b0000)
  to   space 21824K,   0% used [0x916b0000, 0x916b0000, 0x92c00000)
 concurrent mark-sweep generation total 393216K, used 12166K [0x92c00000, 0xaac00000, 0xaac00000)
 concurrent-mark-sweep perm gen total 35404K, used 21240K [0xaac00000, 0xace93000, 0xb2c00000)
2015-02-20T15:48:42.124-0600: 1650.579: [GC2015-02-20T15:48:42.125-0600: 1650.580: [ParNew
Desired survivor size 20112996 bytes, new threshold 8 (max 8)
- age   1:       1360 bytes,       1360 total
- age   2:        400 bytes,       1760 total
- age   3:        128 bytes,       1888 total
- age   4:        328 bytes,       2216 total
- age   5:        216 bytes,       2432 total
- age   6:        312 bytes,       2744 total
- age   7:        328 bytes,       3072 total
- age   8:        128 bytes,       3200 total
: 87430K->8K(109248K), 0.0060680 secs] 99596K->12174K(502464K), 0.0062790 secs] [Times: user=0.01 sys=0.00, real=0.01 secs] 
Heap after GC invocations=118 (full 1):
 par new generation   total 109248K, used 8K [0x8ac00000, 0x92c00000, 0x92c00000)
  eden space 87424K,   0% used [0x8ac00000, 0x8ac00000, 0x90160000)
  from space 21824K,   0% used [0x916b0000, 0x916b2000, 0x92c00000)
  to   space 21824K,   0% used [0x90160000, 0x90160000, 0x916b0000)
 concurrent mark-sweep generation total 393216K, used 12166K [0x92c00000, 0xaac00000, 0xaac00000)
 concurrent-mark-sweep perm gen total 35404K, used 21240K [0xaac00000, 0xace93000, 0xb2c00000)
}
2015-02-20T15:48:42.131-0600: 1650.586: Total time for which application threads were stopped: 0.0090470 seconds
{Heap before GC invocations=118 (full 1):
 par new generation   total 109248K, used 87432K [0x8ac00000, 0x92c00000, 0x92c00000)
  eden space 87424K, 100% used [0x8ac00000, 0x90160000, 0x90160000)
  from space 21824K,   0% used [0x916b0000, 0x916b2000, 0x92c00000)
  to   space 21824K,   0% used [0x90160000, 0x90160000, 0x916b0000)
 concurrent mark-sweep generation total 393216K, used 12166K [0x92c00000, 0xaac00000, 0xaac00000)
 concurrent-mark-sweep perm gen total 35404K, used 21240K [0xaac00000, 0xace93000, 0xb2c00000)
2015-02-20T15:48:43.811-0600: 1652.266: [GC2015-02-20T15:48:43.811-0600: 1652.266: [ParNew
Desired survivor size 20112996 bytes, new threshold 8 (max 8)
- age   1:        928 bytes,        928 total
- age   2:        480 bytes,       1408 total
- age   3:        400 bytes,       1808 total
- age   4:        128 bytes,       1936 total
- age   5:        328 bytes,       2264 total
- age   6:        216 bytes,       2480 total
- age   7:        312 bytes,       2792 total
- age   8:        328 bytes,       3120 total
: 87432K->10K(109248K), 0.0057070 secs] 99598K->12177K(502464K), 0.0059460 secs] [Times: user=0.01 sys=0.01, real=0.00 secs] 
Heap after GC invocations=119 (full 1):
 par new generation   total 109248K, used 10K [0x8ac00000, 0x92c00000, 0x92c00000)
  eden space 87424K,   0% used [0x8ac00000, 0x8ac00000, 0x90160000)
  from space 21824K,   0% used [0x90160000, 0x90162800, 0x916b0000)
  to   space 21824K,   0% used [0x916b0000, 0x916b0000, 0x92c00000)
 concurrent mark-sweep generation total 393216K, used 12167K [0x92c00000, 0xaac00000, 0xaac00000)
 concurrent-mark-sweep perm gen total 35404K, used 21240K [0xaac00000, 0xace93000, 0xb2c00000)
}
2015-02-20T15:48:43.817-0600: 1652.272: Total time for which application threads were stopped: 0.0086100 seconds
{Heap before GC invocations=119 (full 1):
 par new generation   total 109248K, used 87434K [0x8ac00000, 0x92c00000, 0x92c00000)
  eden space 87424K, 100% used [0x8ac00000, 0x90160000, 0x90160000)
  from space 21824K,   0% used [0x90160000, 0x90162800, 0x916b0000)
  to   space 21824K,   0% used [0x916b0000, 0x916b0000, 0x92c00000)
 concurrent mark-sweep generation total 393216K, used 12167K [0x92c00000, 0xaac00000, 0xaac00000)
 concurrent-mark-sweep perm gen total 35404K, used 21240K [0xaac00000, 0xace93000, 0xb2c00000)
2015-02-20T15:48:45.413-0600: 1653.868: [GC2015-02-20T15:48:45.413-0600: 1653.868: [ParNew
Desired survivor size 20112996 bytes, new threshold 8 (max 8)
- age   1:       1184 bytes,       1184 total
- age   2:        200 bytes,       1384 total
- age   3:        352 bytes,       1736 total
- age   4:        400 bytes,       2136 total
- age   5:        128 bytes,       2264 total
- age   6:        328 bytes,       2592 total
- age   7:        216 bytes,       2808 total
- age   8:        312 bytes,       3120 total
: 87434K->10K(109248K), 0.0065730 secs] 99601K->12177K(502464K), 0.0067880 secs] [Times: user=0.01 sys=0.01, real=0.01 secs] 
Heap after GC invocations=120 (full 1):
 par new generation   total 109248K, used 10K [0x8ac00000, 0x92c00000, 0x92c00000)
  eden space 87424K,   0% used [0x8ac00000, 0x8ac00000, 0x90160000)
  from space 21824K,   0% used [0x916b0000, 0x916b2800, 0x92c00000)
  to   space 21824K,   0% used [0x90160000, 0x90160000, 0x916b0000)
 concurrent mark-sweep generation total 393216K, used 12167K [0x92c00000, 0xaac00000, 0xaac00000)
 concurrent-mark-sweep perm gen total 35404K, used 21240K [0xaac00000, 0xace93000, 0xb2c00000)
}
2015-02-20T15:48:45.419-0600: 1653.874: Total time for which application threads were stopped: 0.0095820 seconds
{Heap before GC invocations=120 (full 1):
 par new generation   total 109248K, used 87434K [0x8ac00000, 0x92c00000, 0x92c00000)
  eden space 87424K, 100% used [0x8ac00000, 0x90160000, 0x90160000)
  from space 21824K,   0% used [0x916b0000, 0x916b2800, 0x92c00000)
  to   space 21824K,   0% used [0x90160000, 0x90160000, 0x916b0000)
 concurrent mark-sweep generation total 393216K, used 12167K [0x92c00000, 0xaac00000, 0xaac00000)
 concurrent-mark-sweep perm gen total 35404K, used 21240K [0xaac00000, 0xace93000, 0xb2c00000)
2015-02-20T15:48:47.036-0600: 1655.491: [GC2015-02-20T15:48:47.036-0600: 1655.491: [ParNew
Desired survivor size 20112996 bytes, new threshold 8 (max 8)
- age   1:       1352 bytes,       1352 total
- age   2:        328 bytes,       1680 total
- age   3:        200 bytes,       1880 total
- age   4:        352 bytes,       2232 total
- age   5:        400 bytes,       2632 total
- age   6:        128 bytes,       2760 total
- age   7:        328 bytes,       3088 total
- age   8:        216 bytes,       3304 total
: 87434K->6K(109248K), 0.0077220 secs] 99601K->12173K(502464K), 0.0079350 secs] [Times: user=0.01 sys=0.01, real=0.01 secs] 
Heap after GC invocations=121 (full 1):
 par new generation   total 109248K, used 6K [0x8ac00000, 0x92c00000, 0x92c00000)
  eden space 87424K,   0% used [0x8ac00000, 0x8ac00000, 0x90160000)
  from space 21824K,   0% used [0x90160000, 0x90161800, 0x916b0000)
  to   space 21824K,   0% used [0x916b0000, 0x916b0000, 0x92c00000)
 concurrent mark-sweep generation total 393216K, used 12167K [0x92c00000, 0xaac00000, 0xaac00000)
 concurrent-mark-sweep perm gen total 35404K, used 21240K [0xaac00000, 0xace93000, 0xb2c00000)
}
2015-02-20T15:48:47.044-0600: 1655.499: Total time for which application threads were stopped: 0.0106680 seconds
{Heap before GC invocations=121 (full 1):
 par new generation   total 109248K, used 87430K [0x8ac00000, 0x92c00000, 0x92c00000)
  eden space 87424K, 100% used [0x8ac00000, 0x90160000, 0x90160000)
  from space 21824K,   0% used [0x90160000, 0x90161800, 0x916b0000)
  to   space 21824K,   0% used [0x916b0000, 0x916b0000, 0x92c00000)
 concurrent mark-sweep generation total 393216K, used 12167K [0x92c00000, 0xaac00000, 0xaac00000)
 concurrent-mark-sweep perm gen total 35404K, used 21240K [0xaac00000, 0xace93000, 0xb2c00000)
2015-02-20T15:48:48.532-0600: 1656.987: [GC2015-02-20T15:48:48.532-0600: 1656.987: [ParNew
Desired survivor size 20112996 bytes, new threshold 8 (max 8)
- age   1:       1032 bytes,       1032 total
- age   2:        424 bytes,       1456 total
- age   3:        328 bytes,       1784 total
- age   4:        200 bytes,       1984 total
- age   5:        352 bytes,       2336 total
- age   6:        400 bytes,       2736 total
- age   7:        128 bytes,       2864 total
- age   8:        328 bytes,       3192 total
: 87430K->8K(109248K), 0.0059040 secs] 99597K->12175K(502464K), 0.0060820 secs] [Times: user=0.02 sys=0.00, real=0.01 secs] 
Heap after GC invocations=122 (full 1):
 par new generation   total 109248K, used 8K [0x8ac00000, 0x92c00000, 0x92c00000)
  eden space 87424K,   0% used [0x8ac00000, 0x8ac00000, 0x90160000)
  from space 21824K,   0% used [0x916b0000, 0x916b2000, 0x92c00000)
  to   space 21824K,   0% used [0x90160000, 0x90160000, 0x916b0000)
 concurrent mark-sweep generation total 393216K, used 12167K [0x92c00000, 0xaac00000, 0xaac00000)
 concurrent-mark-sweep perm gen total 35404K, used 21240K [0xaac00000, 0xace93000, 0xb2c00000)
}
2015-02-20T15:48:48.538-0600: 1656.993: Total time for which application threads were stopped: 0.0087500 seconds
{Heap before GC invocations=122 (full 1):
 par new generation   total 109248K, used 87432K [0x8ac00000, 0x92c00000, 0x92c00000)
  eden space 87424K, 100% used [0x8ac00000, 0x90160000, 0x90160000)
  from space 21824K,   0% used [0x916b0000, 0x916b2000, 0x92c00000)
  to   space 21824K,   0% used [0x90160000, 0x90160000, 0x916b0000)
 concurrent mark-sweep generation total 393216K, used 12167K [0x92c00000, 0xaac00000, 0xaac00000)
 concurrent-mark-sweep perm gen total 35404K, used 21240K [0xaac00000, 0xace93000, 0xb2c00000)
2015-02-20T15:48:50.122-0600: 1658.577: [GC2015-02-20T15:48:50.122-0600: 1658.577: [ParNew
Desired survivor size 20112996 bytes, new threshold 8 (max 8)
- age   1:       1088 bytes,       1088 total
- age   2:        200 bytes,       1288 total
- age   3:        400 bytes,       1688 total
- age   4:        328 bytes,       2016 total
- age   5:        200 bytes,       2216 total
- age   6:        352 bytes,       2568 total
- age   7:        400 bytes,       2968 total
- age   8:        128 bytes,       3096 total
: 87432K->8K(109248K), 0.0059850 secs] 99599K->12176K(502464K), 0.0062060 secs] [Times: user=0.01 sys=0.01, real=0.01 secs] 
Heap after GC invocations=123 (full 1):
 par new generation   total 109248K, used 8K [0x8ac00000, 0x92c00000, 0x92c00000)
  eden space 87424K,   0% used [0x8ac00000, 0x8ac00000, 0x90160000)
  from space 21824K,   0% used [0x90160000, 0x90162000, 0x916b0000)
  to   space 21824K,   0% used [0x916b0000, 0x916b0000, 0x92c00000)
 concurrent mark-sweep generation total 393216K, used 12168K [0x92c00000, 0xaac00000, 0xaac00000)
 concurrent-mark-sweep perm gen total 35404K, used 21240K [0xaac00000, 0xace93000, 0xb2c00000)
}
2015-02-20T15:48:50.128-0600: 1658.584: Total time for which application threads were stopped: 0.0091550 seconds
{Heap before GC invocations=123 (full 1):
 par new generation   total 109248K, used 87432K [0x8ac00000, 0x92c00000, 0x92c00000)
  eden space 87424K, 100% used [0x8ac00000, 0x90160000, 0x90160000)
  from space 21824K,   0% used [0x90160000, 0x90162000, 0x916b0000)
  to   space 21824K,   0% used [0x916b0000, 0x916b0000, 0x92c00000)
 concurrent mark-sweep generation total 393216K, used 12168K [0x92c00000, 0xaac00000, 0xaac00000)
 concurrent-mark-sweep perm gen total 35404K, used 21240K [0xaac00000, 0xace93000, 0xb2c00000)
2015-02-20T15:48:51.772-0600: 1660.227: [GC2015-02-20T15:48:51.772-0600: 1660.228: [ParNew
Desired survivor size 20112996 bytes, new threshold 8 (max 8)
- age   1:        928 bytes,        928 total
- age   2:        528 bytes,       1456 total
- age   3:        200 bytes,       1656 total
- age   4:        400 bytes,       2056 total
- age   5:        328 bytes,       2384 total
- age   6:        200 bytes,       2584 total
- age   7:        352 bytes,       2936 total
- age   8:        400 bytes,       3336 total
: 87432K->6K(109248K), 0.0093620 secs] 99600K->12174K(502464K), 0.0095620 secs] [Times: user=0.02 sys=0.00, real=0.01 secs] 
Heap after GC invocations=124 (full 1):
 par new generation   total 109248K, used 6K [0x8ac00000, 0x92c00000, 0x92c00000)
  eden space 87424K,   0% used [0x8ac00000, 0x8ac00000, 0x90160000)
  from space 21824K,   0% used [0x916b0000, 0x916b1800, 0x92c00000)
  to   space 21824K,   0% used [0x90160000, 0x90160000, 0x916b0000)
 concurrent mark-sweep generation total 393216K, used 12168K [0x92c00000, 0xaac00000, 0xaac00000)
 concurrent-mark-sweep perm gen total 35404K, used 21240K [0xaac00000, 0xace93000, 0xb2c00000)
}
2015-02-20T15:48:51.782-0600: 1660.237: Total time for which application threads were stopped: 0.0122520 seconds
{Heap before GC invocations=124 (full 1):
 par new generation   total 109248K, used 87430K [0x8ac00000, 0x92c00000, 0x92c00000)
  eden space 87424K, 100% used [0x8ac00000, 0x90160000, 0x90160000)
  from space 21824K,   0% used [0x916b0000, 0x916b1800, 0x92c00000)
  to   space 21824K,   0% used [0x90160000, 0x90160000, 0x916b0000)
 concurrent mark-sweep generation total 393216K, used 12168K [0x92c00000, 0xaac00000, 0xaac00000)
 concurrent-mark-sweep perm gen total 35404K, used 21240K [0xaac00000, 0xace93000, 0xb2c00000)
2015-02-20T15:48:53.412-0600: 1661.867: [GC2015-02-20T15:48:53.412-0600: 1661.867: [ParNew
Desired survivor size 20112996 bytes, new threshold 8 (max 8)
- age   1:       1184 bytes,       1184 total
- age   2:        200 bytes,       1384 total
- age   3:        400 bytes,       1784 total
- age   4:        200 bytes,       1984 total
- age   5:        400 bytes,       2384 total
- age   6:        328 bytes,       2712 total
- age   7:        200 bytes,       2912 total
- age   8:        352 bytes,       3264 total
: 87430K->8K(109248K), 0.0084680 secs] 99598K->12176K(502464K), 0.0086730 secs] [Times: user=0.01 sys=0.01, real=0.01 secs] 
Heap after GC invocations=125 (full 1):
 par new generation   total 109248K, used 8K [0x8ac00000, 0x92c00000, 0x92c00000)
  eden space 87424K,   0% used [0x8ac00000, 0x8ac00000, 0x90160000)
  from space 21824K,   0% used [0x90160000, 0x90162000, 0x916b0000)
  to   space 21824K,   0% used [0x916b0000, 0x916b0000, 0x92c00000)
 concurrent mark-sweep generation total 393216K, used 12168K [0x92c00000, 0xaac00000, 0xaac00000)
 concurrent-mark-sweep perm gen total 35404K, used 21240K [0xaac00000, 0xace93000, 0xb2c00000)
}
2015-02-20T15:48:53.421-0600: 1661.876: Total time for which application threads were stopped: 0.0112880 seconds
{Heap before GC invocations=125 (full 1):
 par new generation   total 109248K, used 87432K [0x8ac00000, 0x92c00000, 0x92c00000)
  eden space 87424K, 100% used [0x8ac00000, 0x90160000, 0x90160000)
  from space 21824K,   0% used [0x90160000, 0x90162000, 0x916b0000)
  to   space 21824K,   0% used [0x916b0000, 0x916b0000, 0x92c00000)
 concurrent mark-sweep generation total 393216K, used 12168K [0x92c00000, 0xaac00000, 0xaac00000)
 concurrent-mark-sweep perm gen total 35404K, used 21240K [0xaac00000, 0xace93000, 0xb2c00000)
2015-02-20T15:48:55.033-0600: 1663.488: [GC2015-02-20T15:48:55.033-0600: 1663.488: [ParNew
Desired survivor size 20112996 bytes, new threshold 8 (max 8)
- age   1:       1184 bytes,       1184 total
- age   2:        328 bytes,       1512 total
- age   3:        200 bytes,       1712 total
- age   4:        400 bytes,       2112 total
- age   5:        200 bytes,       2312 total
- age   6:        400 bytes,       2712 total
- age   7:        328 bytes,       3040 total
- age   8:        200 bytes,       3240 total
: 87432K->8K(109248K), 0.0091560 secs] 99600K->12177K(502464K), 0.0093490 secs] [Times: user=0.01 sys=0.00, real=0.01 secs] 
Heap after GC invocations=126 (full 1):
 par new generation   total 109248K, used 8K [0x8ac00000, 0x92c00000, 0x92c00000)
  eden space 87424K,   0% used [0x8ac00000, 0x8ac00000, 0x90160000)
  from space 21824K,   0% used [0x916b0000, 0x916b2000, 0x92c00000)
  to   space 21824K,   0% used [0x90160000, 0x90160000, 0x916b0000)
 concurrent mark-sweep generation total 393216K, used 12169K [0x92c00000, 0xaac00000, 0xaac00000)
 concurrent-mark-sweep perm gen total 35404K, used 21240K [0xaac00000, 0xace93000, 0xb2c00000)
}
2015-02-20T15:48:55.043-0600: 1663.498: Total time for which application threads were stopped: 0.0122520 seconds
{Heap before GC invocations=126 (full 1):
 par new generation   total 109248K, used 87432K [0x8ac00000, 0x92c00000, 0x92c00000)
  eden space 87424K, 100% used [0x8ac00000, 0x90160000, 0x90160000)
  from space 21824K,   0% used [0x916b0000, 0x916b2000, 0x92c00000)
  to   space 21824K,   0% used [0x90160000, 0x90160000, 0x916b0000)
 concurrent mark-sweep generation total 393216K, used 12169K [0x92c00000, 0xaac00000, 0xaac00000)
 concurrent-mark-sweep perm gen total 35404K, used 21240K [0xaac00000, 0xace93000, 0xb2c00000)
2015-02-20T15:48:56.646-0600: 1665.101: [GC2015-02-20T15:48:56.646-0600: 1665.101: [ParNew
Desired survivor size 20112996 bytes, new threshold 8 (max 8)
- age   1:       1008 bytes,       1008 total
- age   2:        352 bytes,       1360 total
- age   3:        328 bytes,       1688 total
- age   4:        200 bytes,       1888 total
- age   5:        400 bytes,       2288 total
- age   6:        200 bytes,       2488 total
- age   7:        400 bytes,       2888 total
- age   8:        328 bytes,       3216 total
: 87432K->6K(109248K), 0.0131340 secs] 99601K->12175K(502464K), 0.0133930 secs] [Times: user=0.02 sys=0.00, real=0.02 secs] 
Heap after GC invocations=127 (full 1):
 par new generation   total 109248K, used 6K [0x8ac00000, 0x92c00000, 0x92c00000)
  eden space 87424K,   0% used [0x8ac00000, 0x8ac00000, 0x90160000)
  from space 21824K,   0% used [0x90160000, 0x90161800, 0x916b0000)
  to   space 21824K,   0% used [0x916b0000, 0x916b0000, 0x92c00000)
 concurrent mark-sweep generation total 393216K, used 12169K [0x92c00000, 0xaac00000, 0xaac00000)
 concurrent-mark-sweep perm gen total 35404K, used 21240K [0xaac00000, 0xace93000, 0xb2c00000)
}
2015-02-20T15:48:56.660-0600: 1665.115: Total time for which application threads were stopped: 0.0161280 seconds
{Heap before GC invocations=127 (full 1):
 par new generation   total 109248K, used 87430K [0x8ac00000, 0x92c00000, 0x92c00000)
  eden space 87424K, 100% used [0x8ac00000, 0x90160000, 0x90160000)
  from space 21824K,   0% used [0x90160000, 0x90161800, 0x916b0000)
  to   space 21824K,   0% used [0x916b0000, 0x916b0000, 0x92c00000)
 concurrent mark-sweep generation total 393216K, used 12169K [0x92c00000, 0xaac00000, 0xaac00000)
 concurrent-mark-sweep perm gen total 35404K, used 21240K [0xaac00000, 0xace93000, 0xb2c00000)
2015-02-20T15:48:58.226-0600: 1666.681: [GC2015-02-20T15:48:58.226-0600: 1666.681: [ParNew
Desired survivor size 20112996 bytes, new threshold 8 (max 8)
- age   1:       1240 bytes,       1240 total
- age   2:        176 bytes,       1416 total
- age   3:        328 bytes,       1744 total
- age   4:        328 bytes,       2072 total
- age   5:        200 bytes,       2272 total
- age   6:        400 bytes,       2672 total
- age   7:        200 bytes,       2872 total
- age   8:        400 bytes,       3272 total
: 87430K->6K(109248K), 0.0076190 secs] 99599K->12175K(502464K), 0.0078620 secs] [Times: user=0.01 sys=0.00, real=0.01 secs] 
Heap after GC invocations=128 (full 1):
 par new generation   total 109248K, used 6K [0x8ac00000, 0x92c00000, 0x92c00000)
  eden space 87424K,   0% used [0x8ac00000, 0x8ac00000, 0x90160000)
  from space 21824K,   0% used [0x916b0000, 0x916b1800, 0x92c00000)
  to   space 21824K,   0% used [0x90160000, 0x90160000, 0x916b0000)
 concurrent mark-sweep generation total 393216K, used 12169K [0x92c00000, 0xaac00000, 0xaac00000)
 concurrent-mark-sweep perm gen total 35404K, used 21240K [0xaac00000, 0xace93000, 0xb2c00000)
}
2015-02-20T15:48:58.234-0600: 1666.689: Total time for which application threads were stopped: 0.0106370 seconds
{Heap before GC invocations=128 (full 1):
 par new generation   total 109248K, used 87430K [0x8ac00000, 0x92c00000, 0x92c00000)
  eden space 87424K, 100% used [0x8ac00000, 0x90160000, 0x90160000)
  from space 21824K,   0% used [0x916b0000, 0x916b1800, 0x92c00000)
  to   space 21824K,   0% used [0x90160000, 0x90160000, 0x916b0000)
 concurrent mark-sweep generation total 393216K, used 12169K [0x92c00000, 0xaac00000, 0xaac00000)
 concurrent-mark-sweep perm gen total 35404K, used 21240K [0xaac00000, 0xace93000, 0xb2c00000)
2015-02-20T15:48:59.889-0600: 1668.344: [GC2015-02-20T15:48:59.889-0600: 1668.344: [ParNew
Desired survivor size 20112996 bytes, new threshold 8 (max 8)
- age   1:        920 bytes,        920 total
- age   2:        512 bytes,       1432 total
- age   3:        176 bytes,       1608 total
- age   4:        328 bytes,       1936 total
- age   5:        328 bytes,       2264 total
- age   6:        200 bytes,       2464 total
- age   7:        400 bytes,       2864 total
- age   8:        200 bytes,       3064 total
: 87430K->8K(109248K), 0.0230610 secs] 99599K->12178K(502464K), 0.0232720 secs] [Times: user=0.02 sys=0.00, real=0.02 secs] 
Heap after GC invocations=129 (full 1):
 par new generation   total 109248K, used 8K [0x8ac00000, 0x92c00000, 0x92c00000)
  eden space 87424K,   0% used [0x8ac00000, 0x8ac00000, 0x90160000)
  from space 21824K,   0% used [0x90160000, 0x90162000, 0x916b0000)
  to   space 21824K,   0% used [0x916b0000, 0x916b0000, 0x92c00000)
 concurrent mark-sweep generation total 393216K, used 12170K [0x92c00000, 0xaac00000, 0xaac00000)
 concurrent-mark-sweep perm gen total 35404K, used 21240K [0xaac00000, 0xace93000, 0xb2c00000)
}
2015-02-20T15:48:59.912-0600: 1668.368: Total time for which application threads were stopped: 0.0295980 seconds
{Heap before GC invocations=129 (full 1):
 par new generation   total 109248K, used 87432K [0x8ac00000, 0x92c00000, 0x92c00000)
  eden space 87424K, 100% used [0x8ac00000, 0x90160000, 0x90160000)
  from space 21824K,   0% used [0x90160000, 0x90162000, 0x916b0000)
  to   space 21824K,   0% used [0x916b0000, 0x916b0000, 0x92c00000)
 concurrent mark-sweep generation total 393216K, used 12170K [0x92c00000, 0xaac00000, 0xaac00000)
 concurrent-mark-sweep perm gen total 35404K, used 21240K [0xaac00000, 0xace93000, 0xb2c00000)
2015-02-20T15:49:01.716-0600: 1670.171: [GC2015-02-20T15:49:01.716-0600: 1670.171: [ParNew
Desired survivor size 20112996 bytes, new threshold 8 (max 8)
- age   1:       1512 bytes,       1512 total
- age   2:        200 bytes,       1712 total
- age   3:        384 bytes,       2096 total
- age   4:        176 bytes,       2272 total
- age   5:        328 bytes,       2600 total
- age   6:        328 bytes,       2928 total
- age   7:        200 bytes,       3128 total
- age   8:        400 bytes,       3528 total
: 87432K->6K(109248K), 0.0081480 secs] 99602K->12176K(502464K), 0.0083800 secs] [Times: user=0.01 sys=0.01, real=0.01 secs] 
Heap after GC invocations=130 (full 1):
 par new generation   total 109248K, used 6K [0x8ac00000, 0x92c00000, 0x92c00000)
  eden space 87424K,   0% used [0x8ac00000, 0x8ac00000, 0x90160000)
  from space 21824K,   0% used [0x916b0000, 0x916b1800, 0x92c00000)
  to   space 21824K,   0% used [0x90160000, 0x90160000, 0x916b0000)
 concurrent mark-sweep generation total 393216K, used 12170K [0x92c00000, 0xaac00000, 0xaac00000)
 concurrent-mark-sweep perm gen total 35404K, used 21240K [0xaac00000, 0xace93000, 0xb2c00000)
}
2015-02-20T15:49:01.724-0600: 1670.179: Total time for which application threads were stopped: 0.0110430 seconds
{Heap before GC invocations=130 (full 1):
 par new generation   total 109248K, used 87430K [0x8ac00000, 0x92c00000, 0x92c00000)
  eden space 87424K, 100% used [0x8ac00000, 0x90160000, 0x90160000)
  from space 21824K,   0% used [0x916b0000, 0x916b1800, 0x92c00000)
  to   space 21824K,   0% used [0x90160000, 0x90160000, 0x916b0000)
 concurrent mark-sweep generation total 393216K, used 12170K [0x92c00000, 0xaac00000, 0xaac00000)
 concurrent-mark-sweep perm gen total 35404K, used 21240K [0xaac00000, 0xace93000, 0xb2c00000)
2015-02-20T15:49:03.278-0600: 1671.733: [GC2015-02-20T15:49:03.278-0600: 1671.733: [ParNew
Desired survivor size 20112996 bytes, new threshold 8 (max 8)
- age   1:       1336 bytes,       1336 total
- age   2:        328 bytes,       1664 total
- age   3:        200 bytes,       1864 total
- age   4:        384 bytes,       2248 total
- age   5:        176 bytes,       2424 total
- age   6:        328 bytes,       2752 total
- age   7:        328 bytes,       3080 total
- age   8:        200 bytes,       3280 total
: 87430K->10K(109248K), 0.0058840 secs] 99600K->12180K(502464K), 0.0060720 secs] [Times: user=0.01 sys=0.01, real=0.00 secs] 
Heap after GC invocations=131 (full 1):
 par new generation   total 109248K, used 10K [0x8ac00000, 0x92c00000, 0x92c00000)
  eden space 87424K,   0% used [0x8ac00000, 0x8ac00000, 0x90160000)
  from space 21824K,   0% used [0x90160000, 0x90162800, 0x916b0000)
  to   space 21824K,   0% used [0x916b0000, 0x916b0000, 0x92c00000)
 concurrent mark-sweep generation total 393216K, used 12170K [0x92c00000, 0xaac00000, 0xaac00000)
 concurrent-mark-sweep perm gen total 35404K, used 21240K [0xaac00000, 0xace93000, 0xb2c00000)
}
2015-02-20T15:49:03.284-0600: 1671.739: Total time for which application threads were stopped: 0.0087770 seconds
{Heap before GC invocations=131 (full 1):
 par new generation   total 109248K, used 87434K [0x8ac00000, 0x92c00000, 0x92c00000)
  eden space 87424K, 100% used [0x8ac00000, 0x90160000, 0x90160000)
  from space 21824K,   0% used [0x90160000, 0x90162800, 0x916b0000)
  to   space 21824K,   0% used [0x916b0000, 0x916b0000, 0x92c00000)
 concurrent mark-sweep generation total 393216K, used 12170K [0x92c00000, 0xaac00000, 0xaac00000)
 concurrent-mark-sweep perm gen total 35404K, used 21240K [0xaac00000, 0xace93000, 0xb2c00000)
2015-02-20T15:49:04.906-0600: 1673.361: [GC2015-02-20T15:49:04.906-0600: 1673.361: [ParNew
Desired survivor size 20112996 bytes, new threshold 8 (max 8)
- age   1:        960 bytes,        960 total
- age   2:        352 bytes,       1312 total
- age   3:        328 bytes,       1640 total
- age   4:        200 bytes,       1840 total
- age   5:        384 bytes,       2224 total
- age   6:        176 bytes,       2400 total
- age   7:        328 bytes,       2728 total
- age   8:        328 bytes,       3056 total
: 87434K->6K(109248K), 0.0116380 secs] 99604K->12176K(502464K), 0.0118430 secs] [Times: user=0.02 sys=0.01, real=0.02 secs] 
Heap after GC invocations=132 (full 1):
 par new generation   total 109248K, used 6K [0x8ac00000, 0x92c00000, 0x92c00000)
  eden space 87424K,   0% used [0x8ac00000, 0x8ac00000, 0x90160000)
  from space 21824K,   0% used [0x916b0000, 0x916b1800, 0x92c00000)
  to   space 21824K,   0% used [0x90160000, 0x90160000, 0x916b0000)
 concurrent mark-sweep generation total 393216K, used 12170K [0x92c00000, 0xaac00000, 0xaac00000)
 concurrent-mark-sweep perm gen total 35404K, used 21240K [0xaac00000, 0xace93000, 0xb2c00000)
}
2015-02-20T15:49:04.918-0600: 1673.373: Total time for which application threads were stopped: 0.0144630 seconds
{Heap before GC invocations=132 (full 1):
 par new generation   total 109248K, used 87430K [0x8ac00000, 0x92c00000, 0x92c00000)
  eden space 87424K, 100% used [0x8ac00000, 0x90160000, 0x90160000)
  from space 21824K,   0% used [0x916b0000, 0x916b1800, 0x92c00000)
  to   space 21824K,   0% used [0x90160000, 0x90160000, 0x916b0000)
 concurrent mark-sweep generation total 393216K, used 12170K [0x92c00000, 0xaac00000, 0xaac00000)
 concurrent-mark-sweep perm gen total 35404K, used 21240K [0xaac00000, 0xace93000, 0xb2c00000)
2015-02-20T15:49:06.722-0600: 1675.177: [GC2015-02-20T15:49:06.722-0600: 1675.177: [ParNew
Desired survivor size 20112996 bytes, new threshold 8 (max 8)
- age   1:       1336 bytes,       1336 total
- age   2:        128 bytes,       1464 total
- age   3:        328 bytes,       1792 total
- age   4:        328 bytes,       2120 total
- age   5:        200 bytes,       2320 total
- age   6:        384 bytes,       2704 total
- age   7:        176 bytes,       2880 total
- age   8:        328 bytes,       3208 total
: 87430K->8K(109248K), 0.0087020 secs] 99600K->12179K(502464K), 0.0088900 secs] [Times: user=0.01 sys=0.00, real=0.01 secs] 
Heap after GC invocations=133 (full 1):
 par new generation   total 109248K, used 8K [0x8ac00000, 0x92c00000, 0x92c00000)
  eden space 87424K,   0% used [0x8ac00000, 0x8ac00000, 0x90160000)
  from space 21824K,   0% used [0x90160000, 0x90162000, 0x916b0000)
  to   space 21824K,   0% used [0x916b0000, 0x916b0000, 0x92c00000)
 concurrent mark-sweep generation total 393216K, used 12171K [0x92c00000, 0xaac00000, 0xaac00000)
 concurrent-mark-sweep perm gen total 35404K, used 21240K [0xaac00000, 0xace93000, 0xb2c00000)
}
2015-02-20T15:49:06.731-0600: 1675.186: Total time for which application threads were stopped: 0.0115310 seconds
{Heap before GC invocations=133 (full 1):
 par new generation   total 109248K, used 87432K [0x8ac00000, 0x92c00000, 0x92c00000)
  eden space 87424K, 100% used [0x8ac00000, 0x90160000, 0x90160000)
  from space 21824K,   0% used [0x90160000, 0x90162000, 0x916b0000)
  to   space 21824K,   0% used [0x916b0000, 0x916b0000, 0x92c00000)
 concurrent mark-sweep generation total 393216K, used 12171K [0x92c00000, 0xaac00000, 0xaac00000)
 concurrent-mark-sweep perm gen total 35404K, used 21240K [0xaac00000, 0xace93000, 0xb2c00000)
2015-02-20T15:49:08.639-0600: 1677.095: [GC2015-02-20T15:49:08.640-0600: 1677.095: [ParNew
Desired survivor size 20112996 bytes, new threshold 8 (max 8)
- age   1:        952 bytes,        952 total
- age   2:        328 bytes,       1280 total
- age   3:        128 bytes,       1408 total
- age   4:        328 bytes,       1736 total
- age   5:        328 bytes,       2064 total
- age   6:        200 bytes,       2264 total
- age   7:        384 bytes,       2648 total
- age   8:        176 bytes,       2824 total
: 87432K->4K(109248K), 0.0169510 secs] 99603K->12175K(502464K), 0.0171290 secs] [Times: user=0.03 sys=0.00, real=0.01 secs] 
Heap after GC invocations=134 (full 1):
 par new generation   total 109248K, used 4K [0x8ac00000, 0x92c00000, 0x92c00000)
  eden space 87424K,   0% used [0x8ac00000, 0x8ac00000, 0x90160000)
  from space 21824K,   0% used [0x916b0000, 0x916b1000, 0x92c00000)
  to   space 21824K,   0% used [0x90160000, 0x90160000, 0x916b0000)
 concurrent mark-sweep generation total 393216K, used 12171K [0x92c00000, 0xaac00000, 0xaac00000)
 concurrent-mark-sweep perm gen total 35404K, used 21240K [0xaac00000, 0xace93000, 0xb2c00000)
}
2015-02-20T15:49:08.657-0600: 1677.112: Total time for which application threads were stopped: 0.0197720 seconds
{Heap before GC invocations=134 (full 1):
 par new generation   total 109248K, used 87428K [0x8ac00000, 0x92c00000, 0x92c00000)
  eden space 87424K, 100% used [0x8ac00000, 0x90160000, 0x90160000)
  from space 21824K,   0% used [0x916b0000, 0x916b1000, 0x92c00000)
  to   space 21824K,   0% used [0x90160000, 0x90160000, 0x916b0000)
 concurrent mark-sweep generation total 393216K, used 12171K [0x92c00000, 0xaac00000, 0xaac00000)
 concurrent-mark-sweep perm gen total 35404K, used 21240K [0xaac00000, 0xace93000, 0xb2c00000)
2015-02-20T15:49:10.271-0600: 1678.726: [GC2015-02-20T15:49:10.272-0600: 1678.727: [ParNew
Desired survivor size 20112996 bytes, new threshold 8 (max 8)
- age   1:       1128 bytes,       1128 total
- age   2:        352 bytes,       1480 total
- age   3:        328 bytes,       1808 total
- age   4:        128 bytes,       1936 total
- age   5:        328 bytes,       2264 total
- age   6:        328 bytes,       2592 total
- age   7:        200 bytes,       2792 total
- age   8:        384 bytes,       3176 total
: 87428K->8K(109248K), 0.0057650 secs] 99599K->12179K(502464K), 0.0060260 secs] [Times: user=0.01 sys=0.00, real=0.01 secs] 
Heap after GC invocations=135 (full 1):
 par new generation   total 109248K, used 8K [0x8ac00000, 0x92c00000, 0x92c00000)
  eden space 87424K,   0% used [0x8ac00000, 0x8ac00000, 0x90160000)
  from space 21824K,   0% used [0x90160000, 0x90162000, 0x916b0000)
  to   space 21824K,   0% used [0x916b0000, 0x916b0000, 0x92c00000)
 concurrent mark-sweep generation total 393216K, used 12171K [0x92c00000, 0xaac00000, 0xaac00000)
 concurrent-mark-sweep perm gen total 35404K, used 21240K [0xaac00000, 0xace93000, 0xb2c00000)
}
2015-02-20T15:49:10.278-0600: 1678.733: Total time for which application threads were stopped: 0.0087060 seconds
{Heap before GC invocations=135 (full 1):
 par new generation   total 109248K, used 87432K [0x8ac00000, 0x92c00000, 0x92c00000)
  eden space 87424K, 100% used [0x8ac00000, 0x90160000, 0x90160000)
  from space 21824K,   0% used [0x90160000, 0x90162000, 0x916b0000)
  to   space 21824K,   0% used [0x916b0000, 0x916b0000, 0x92c00000)
 concurrent mark-sweep generation total 393216K, used 12171K [0x92c00000, 0xaac00000, 0xaac00000)
 concurrent-mark-sweep perm gen total 35404K, used 21240K [0xaac00000, 0xace93000, 0xb2c00000)
2015-02-20T15:49:11.895-0600: 1680.350: [GC2015-02-20T15:49:11.895-0600: 1680.350: [ParNew
Desired survivor size 20112996 bytes, new threshold 8 (max 8)
- age   1:        672 bytes,        672 total
- age   2:        576 bytes,       1248 total
- age   3:        352 bytes,       1600 total
- age   4:        328 bytes,       1928 total
- age   5:        128 bytes,       2056 total
- age   6:        328 bytes,       2384 total
- age   7:        328 bytes,       2712 total
- age   8:        200 bytes,       2912 total
: 87432K->8K(109248K), 0.0178170 secs] 99603K->12179K(502464K), 0.0180020 secs] [Times: user=0.03 sys=0.00, real=0.02 secs] 
Heap after GC invocations=136 (full 1):
 par new generation   total 109248K, used 8K [0x8ac00000, 0x92c00000, 0x92c00000)
  eden space 87424K,   0% used [0x8ac00000, 0x8ac00000, 0x90160000)
  from space 21824K,   0% used [0x916b0000, 0x916b2000, 0x92c00000)
  to   space 21824K,   0% used [0x90160000, 0x90160000, 0x916b0000)
 concurrent mark-sweep generation total 393216K, used 12171K [0x92c00000, 0xaac00000, 0xaac00000)
 concurrent-mark-sweep perm gen total 35404K, used 21240K [0xaac00000, 0xace93000, 0xb2c00000)
}
2015-02-20T15:49:11.913-0600: 1680.368: Total time for which application threads were stopped: 0.0210230 seconds
{Heap before GC invocations=136 (full 1):
 par new generation   total 109248K, used 87432K [0x8ac00000, 0x92c00000, 0x92c00000)
  eden space 87424K, 100% used [0x8ac00000, 0x90160000, 0x90160000)
  from space 21824K,   0% used [0x916b0000, 0x916b2000, 0x92c00000)
  to   space 21824K,   0% used [0x90160000, 0x90160000, 0x916b0000)
 concurrent mark-sweep generation total 393216K, used 12171K [0x92c00000, 0xaac00000, 0xaac00000)
 concurrent-mark-sweep perm gen total 35404K, used 21240K [0xaac00000, 0xace93000, 0xb2c00000)
2015-02-20T15:49:13.447-0600: 1681.903: [GC2015-02-20T15:49:13.448-0600: 1681.903: [ParNew
Desired survivor size 20112996 bytes, new threshold 8 (max 8)
- age   1:       1272 bytes,       1272 total
- age   2:        200 bytes,       1472 total
- age   3:        448 bytes,       1920 total
- age   4:        352 bytes,       2272 total
- age   5:        328 bytes,       2600 total
- age   6:        128 bytes,       2728 total
- age   7:        328 bytes,       3056 total
- age   8:        328 bytes,       3384 total
: 87432K->6K(109248K), 0.0137120 secs] 99603K->12178K(502464K), 0.0139390 secs] [Times: user=0.03 sys=0.00, real=0.01 secs] 
Heap after GC invocations=137 (full 1):
 par new generation   total 109248K, used 6K [0x8ac00000, 0x92c00000, 0x92c00000)
  eden space 87424K,   0% used [0x8ac00000, 0x8ac00000, 0x90160000)
  from space 21824K,   0% used [0x90160000, 0x90161800, 0x916b0000)
  to   space 21824K,   0% used [0x916b0000, 0x916b0000, 0x92c00000)
 concurrent mark-sweep generation total 393216K, used 12172K [0x92c00000, 0xaac00000, 0xaac00000)
 concurrent-mark-sweep perm gen total 35404K, used 21240K [0xaac00000, 0xace93000, 0xb2c00000)
}
2015-02-20T15:49:13.462-0600: 1681.917: Total time for which application threads were stopped: 0.0165210 seconds
{Heap before GC invocations=137 (full 1):
 par new generation   total 109248K, used 87430K [0x8ac00000, 0x92c00000, 0x92c00000)
  eden space 87424K, 100% used [0x8ac00000, 0x90160000, 0x90160000)
  from space 21824K,   0% used [0x90160000, 0x90161800, 0x916b0000)
  to   space 21824K,   0% used [0x916b0000, 0x916b0000, 0x92c00000)
 concurrent mark-sweep generation total 393216K, used 12172K [0x92c00000, 0xaac00000, 0xaac00000)
 concurrent-mark-sweep perm gen total 35404K, used 21240K [0xaac00000, 0xace93000, 0xb2c00000)
2015-02-20T15:49:15.103-0600: 1683.558: [GC2015-02-20T15:49:15.103-0600: 1683.558: [ParNew
Desired survivor size 20112996 bytes, new threshold 8 (max 8)
- age   1:       1104 bytes,       1104 total
- age   2:        496 bytes,       1600 total
- age   3:        200 bytes,       1800 total
- age   4:        448 bytes,       2248 total
- age   5:        352 bytes,       2600 total
- age   6:        328 bytes,       2928 total
- age   7:        128 bytes,       3056 total
- age   8:        328 bytes,       3384 total
: 87430K->8K(109248K), 0.0069100 secs] 99602K->12180K(502464K), 0.0071140 secs] [Times: user=0.02 sys=0.00, real=0.01 secs] 
Heap after GC invocations=138 (full 1):
 par new generation   total 109248K, used 8K [0x8ac00000, 0x92c00000, 0x92c00000)
  eden space 87424K,   0% used [0x8ac00000, 0x8ac00000, 0x90160000)
  from space 21824K,   0% used [0x916b0000, 0x916b2000, 0x92c00000)
  to   space 21824K,   0% used [0x90160000, 0x90160000, 0x916b0000)
 concurrent mark-sweep generation total 393216K, used 12172K [0x92c00000, 0xaac00000, 0xaac00000)
 concurrent-mark-sweep perm gen total 35404K, used 21240K [0xaac00000, 0xace93000, 0xb2c00000)
}
2015-02-20T15:49:15.110-0600: 1683.565: Total time for which application threads were stopped: 0.0098620 seconds
{Heap before GC invocations=138 (full 1):
 par new generation   total 109248K, used 87432K [0x8ac00000, 0x92c00000, 0x92c00000)
  eden space 87424K, 100% used [0x8ac00000, 0x90160000, 0x90160000)
  from space 21824K,   0% used [0x916b0000, 0x916b2000, 0x92c00000)
  to   space 21824K,   0% used [0x90160000, 0x90160000, 0x916b0000)
 concurrent mark-sweep generation total 393216K, used 12172K [0x92c00000, 0xaac00000, 0xaac00000)
 concurrent-mark-sweep perm gen total 35404K, used 21240K [0xaac00000, 0xace93000, 0xb2c00000)
2015-02-20T15:49:16.636-0600: 1685.091: [GC2015-02-20T15:49:16.636-0600: 1685.091: [ParNew
Desired survivor size 20112996 bytes, new threshold 8 (max 8)
- age   1:        952 bytes,        952 total
- age   2:        352 bytes,       1304 total
- age   3:        496 bytes,       1800 total
- age   4:        200 bytes,       2000 total
- age   5:        448 bytes,       2448 total
- age   6:        352 bytes,       2800 total
- age   7:        328 bytes,       3128 total
- age   8:        128 bytes,       3256 total
: 87432K->8K(109248K), 0.0089070 secs] 99604K->12180K(502464K), 0.0091500 secs] [Times: user=0.02 sys=0.00, real=0.01 secs] 
Heap after GC invocations=139 (full 1):
 par new generation   total 109248K, used 8K [0x8ac00000, 0x92c00000, 0x92c00000)
  eden space 87424K,   0% used [0x8ac00000, 0x8ac00000, 0x90160000)
  from space 21824K,   0% used [0x90160000, 0x90162000, 0x916b0000)
  to   space 21824K,   0% used [0x916b0000, 0x916b0000, 0x92c00000)
 concurrent mark-sweep generation total 393216K, used 12172K [0x92c00000, 0xaac00000, 0xaac00000)
 concurrent-mark-sweep perm gen total 35404K, used 21240K [0xaac00000, 0xace93000, 0xb2c00000)
}
2015-02-20T15:49:16.645-0600: 1685.100: Total time for which application threads were stopped: 0.0117950 seconds
{Heap before GC invocations=139 (full 1):
 par new generation   total 109248K, used 87432K [0x8ac00000, 0x92c00000, 0x92c00000)
  eden space 87424K, 100% used [0x8ac00000, 0x90160000, 0x90160000)
  from space 21824K,   0% used [0x90160000, 0x90162000, 0x916b0000)
  to   space 21824K,   0% used [0x916b0000, 0x916b0000, 0x92c00000)
 concurrent mark-sweep generation total 393216K, used 12172K [0x92c00000, 0xaac00000, 0xaac00000)
 concurrent-mark-sweep perm gen total 35404K, used 21240K [0xaac00000, 0xace93000, 0xb2c00000)
2015-02-20T15:49:18.121-0600: 1686.576: [GC2015-02-20T15:49:18.121-0600: 1686.576: [ParNew
Desired survivor size 20112996 bytes, new threshold 8 (max 8)
- age   1:        944 bytes,        944 total
- age   2:        200 bytes,       1144 total
- age   3:        328 bytes,       1472 total
- age   4:        496 bytes,       1968 total
- age   5:        200 bytes,       2168 total
- age   6:        448 bytes,       2616 total
- age   7:        352 bytes,       2968 total
- age   8:        328 bytes,       3296 total
: 87432K->6K(109248K), 0.0169120 secs] 99604K->12178K(502464K), 0.0171360 secs] [Times: user=0.03 sys=0.00, real=0.02 secs] 
Heap after GC invocations=140 (full 1):
 par new generation   total 109248K, used 6K [0x8ac00000, 0x92c00000, 0x92c00000)
  eden space 87424K,   0% used [0x8ac00000, 0x8ac00000, 0x90160000)
  from space 21824K,   0% used [0x916b0000, 0x916b1800, 0x92c00000)
  to   space 21824K,   0% used [0x90160000, 0x90160000, 0x916b0000)
 concurrent mark-sweep generation total 393216K, used 12172K [0x92c00000, 0xaac00000, 0xaac00000)
 concurrent-mark-sweep perm gen total 35404K, used 21240K [0xaac00000, 0xace93000, 0xb2c00000)
}
2015-02-20T15:49:18.138-0600: 1686.593: Total time for which application threads were stopped: 0.0198550 seconds
{Heap before GC invocations=140 (full 1):
 par new generation   total 109248K, used 87430K [0x8ac00000, 0x92c00000, 0x92c00000)
  eden space 87424K, 100% used [0x8ac00000, 0x90160000, 0x90160000)
  from space 21824K,   0% used [0x916b0000, 0x916b1800, 0x92c00000)
  to   space 21824K,   0% used [0x90160000, 0x90160000, 0x916b0000)
 concurrent mark-sweep generation total 393216K, used 12172K [0x92c00000, 0xaac00000, 0xaac00000)
 concurrent-mark-sweep perm gen total 35404K, used 21240K [0xaac00000, 0xace93000, 0xb2c00000)
2015-02-20T15:49:19.646-0600: 1688.101: [GC2015-02-20T15:49:19.646-0600: 1688.101: [ParNew
Desired survivor size 20112996 bytes, new threshold 8 (max 8)
- age   1:        848 bytes,        848 total
- age   2:        504 bytes,       1352 total
- age   3:        200 bytes,       1552 total
- age   4:        328 bytes,       1880 total
- age   5:        496 bytes,       2376 total
- age   6:        200 bytes,       2576 total
- age   7:        448 bytes,       3024 total
- age   8:        352 bytes,       3376 total
: 87430K->8K(109248K), 0.0061460 secs] 99602K->12181K(502464K), 0.0063890 secs] [Times: user=0.01 sys=0.00, real=0.01 secs] 
Heap after GC invocations=141 (full 1):
 par new generation   total 109248K, used 8K [0x8ac00000, 0x92c00000, 0x92c00000)
  eden space 87424K,   0% used [0x8ac00000, 0x8ac00000, 0x90160000)
  from space 21824K,   0% used [0x90160000, 0x90162000, 0x916b0000)
  to   space 21824K,   0% used [0x916b0000, 0x916b0000, 0x92c00000)
 concurrent mark-sweep generation total 393216K, used 12173K [0x92c00000, 0xaac00000, 0xaac00000)
 concurrent-mark-sweep perm gen total 35404K, used 21240K [0xaac00000, 0xace93000, 0xb2c00000)
}
2015-02-20T15:49:19.652-0600: 1688.107: Total time for which application threads were stopped: 0.0090690 seconds
{Heap before GC invocations=141 (full 1):
 par new generation   total 109248K, used 87432K [0x8ac00000, 0x92c00000, 0x92c00000)
  eden space 87424K, 100% used [0x8ac00000, 0x90160000, 0x90160000)
  from space 21824K,   0% used [0x90160000, 0x90162000, 0x916b0000)
  to   space 21824K,   0% used [0x916b0000, 0x916b0000, 0x92c00000)
 concurrent mark-sweep generation total 393216K, used 12173K [0x92c00000, 0xaac00000, 0xaac00000)
 concurrent-mark-sweep perm gen total 35404K, used 21240K [0xaac00000, 0xace93000, 0xb2c00000)
2015-02-20T15:49:21.193-0600: 1689.648: [GC2015-02-20T15:49:21.193-0600: 1689.648: [ParNew
Desired survivor size 20112996 bytes, new threshold 8 (max 8)
- age   1:       1152 bytes,       1152 total
- age   2:        200 bytes,       1352 total
- age   3:        376 bytes,       1728 total
- age   4:        200 bytes,       1928 total
- age   5:        328 bytes,       2256 total
- age   6:        496 bytes,       2752 total
- age   7:        200 bytes,       2952 total
- age   8:        448 bytes,       3400 total
: 87432K->8K(109248K), 0.0071280 secs] 99605K->12181K(502464K), 0.0073090 secs] [Times: user=0.01 sys=0.00, real=0.01 secs] 
Heap after GC invocations=142 (full 1):
 par new generation   total 109248K, used 8K [0x8ac00000, 0x92c00000, 0x92c00000)
  eden space 87424K,   0% used [0x8ac00000, 0x8ac00000, 0x90160000)
  from space 21824K,   0% used [0x916b0000, 0x916b2000, 0x92c00000)
  to   space 21824K,   0% used [0x90160000, 0x90160000, 0x916b0000)
 concurrent mark-sweep generation total 393216K, used 12173K [0x92c00000, 0xaac00000, 0xaac00000)
 concurrent-mark-sweep perm gen total 35404K, used 21240K [0xaac00000, 0xace93000, 0xb2c00000)
}
2015-02-20T15:49:21.200-0600: 1689.655: Total time for which application threads were stopped: 0.0099570 seconds
{Heap before GC invocations=142 (full 1):
 par new generation   total 109248K, used 87432K [0x8ac00000, 0x92c00000, 0x92c00000)
  eden space 87424K, 100% used [0x8ac00000, 0x90160000, 0x90160000)
  from space 21824K,   0% used [0x916b0000, 0x916b2000, 0x92c00000)
  to   space 21824K,   0% used [0x90160000, 0x90160000, 0x916b0000)
 concurrent mark-sweep generation total 393216K, used 12173K [0x92c00000, 0xaac00000, 0xaac00000)
 concurrent-mark-sweep perm gen total 35404K, used 21240K [0xaac00000, 0xace93000, 0xb2c00000)
2015-02-20T15:49:22.709-0600: 1691.164: [GC2015-02-20T15:49:22.709-0600: 1691.164: [ParNew
Desired survivor size 20112996 bytes, new threshold 8 (max 8)
- age   1:        904 bytes,        904 total
- age   2:        400 bytes,       1304 total
- age   3:        200 bytes,       1504 total
- age   4:        376 bytes,       1880 total
- age   5:        200 bytes,       2080 total
- age   6:        328 bytes,       2408 total
- age   7:        496 bytes,       2904 total
- age   8:        200 bytes,       3104 total
: 87432K->6K(109248K), 0.0268680 secs] 99605K->12180K(502464K), 0.0270490 secs] [Times: user=0.02 sys=0.00, real=0.02 secs] 
Heap after GC invocations=143 (full 1):
 par new generation   total 109248K, used 6K [0x8ac00000, 0x92c00000, 0x92c00000)
  eden space 87424K,   0% used [0x8ac00000, 0x8ac00000, 0x90160000)
  from space 21824K,   0% used [0x90160000, 0x90161800, 0x916b0000)
  to   space 21824K,   0% used [0x916b0000, 0x916b0000, 0x92c00000)
 concurrent mark-sweep generation total 393216K, used 12174K [0x92c00000, 0xaac00000, 0xaac00000)
 concurrent-mark-sweep perm gen total 35404K, used 21240K [0xaac00000, 0xace93000, 0xb2c00000)
}
2015-02-20T15:49:22.736-0600: 1691.191: Total time for which application threads were stopped: 0.0297150 seconds
{Heap before GC invocations=143 (full 1):
 par new generation   total 109248K, used 87430K [0x8ac00000, 0x92c00000, 0x92c00000)
  eden space 87424K, 100% used [0x8ac00000, 0x90160000, 0x90160000)
  from space 21824K,   0% used [0x90160000, 0x90161800, 0x916b0000)
  to   space 21824K,   0% used [0x916b0000, 0x916b0000, 0x92c00000)
 concurrent mark-sweep generation total 393216K, used 12174K [0x92c00000, 0xaac00000, 0xaac00000)
 concurrent-mark-sweep perm gen total 35404K, used 21240K [0xaac00000, 0xace93000, 0xb2c00000)
2015-02-20T15:49:24.203-0600: 1692.658: [GC2015-02-20T15:49:24.203-0600: 1692.658: [ParNew
Desired survivor size 20112996 bytes, new threshold 8 (max 8)
- age   1:       1104 bytes,       1104 total
- age   2:        152 bytes,       1256 total
- age   3:        376 bytes,       1632 total
- age   4:        200 bytes,       1832 total
- age   5:        376 bytes,       2208 total
- age   6:        200 bytes,       2408 total
- age   7:        328 bytes,       2736 total
- age   8:        496 bytes,       3232 total
: 87430K->8K(109248K), 0.0085000 secs] 99604K->12182K(502464K), 0.0087430 secs] [Times: user=0.02 sys=0.00, real=0.01 secs] 
Heap after GC invocations=144 (full 1):
 par new generation   total 109248K, used 8K [0x8ac00000, 0x92c00000, 0x92c00000)
  eden space 87424K,   0% used [0x8ac00000, 0x8ac00000, 0x90160000)
  from space 21824K,   0% used [0x916b0000, 0x916b2000, 0x92c00000)
  to   space 21824K,   0% used [0x90160000, 0x90160000, 0x916b0000)
 concurrent mark-sweep generation total 393216K, used 12174K [0x92c00000, 0xaac00000, 0xaac00000)
 concurrent-mark-sweep perm gen total 35404K, used 21240K [0xaac00000, 0xace93000, 0xb2c00000)
}
2015-02-20T15:49:24.212-0600: 1692.667: Total time for which application threads were stopped: 0.0114120 seconds
{Heap before GC invocations=144 (full 1):
 par new generation   total 109248K, used 87432K [0x8ac00000, 0x92c00000, 0x92c00000)
  eden space 87424K, 100% used [0x8ac00000, 0x90160000, 0x90160000)
  from space 21824K,   0% used [0x916b0000, 0x916b2000, 0x92c00000)
  to   space 21824K,   0% used [0x90160000, 0x90160000, 0x916b0000)
 concurrent mark-sweep generation total 393216K, used 12174K [0x92c00000, 0xaac00000, 0xaac00000)
 concurrent-mark-sweep perm gen total 35404K, used 21240K [0xaac00000, 0xace93000, 0xb2c00000)
2015-02-20T15:49:25.696-0600: 1694.151: [GC2015-02-20T15:49:25.696-0600: 1694.151: [ParNew
Desired survivor size 20112996 bytes, new threshold 8 (max 8)
- age   1:        672 bytes,        672 total
- age   2:        456 bytes,       1128 total
- age   3:        152 bytes,       1280 total
- age   4:        376 bytes,       1656 total
- age   5:        200 bytes,       1856 total
- age   6:        376 bytes,       2232 total
- age   7:        200 bytes,       2432 total
- age   8:        328 bytes,       2760 total
: 87432K->8K(109248K), 0.0059190 secs] 99606K->12182K(502464K), 0.0061360 secs] [Times: user=0.01 sys=0.00, real=0.01 secs] 
Heap after GC invocations=145 (full 1):
 par new generation   total 109248K, used 8K [0x8ac00000, 0x92c00000, 0x92c00000)
  eden space 87424K,   0% used [0x8ac00000, 0x8ac00000, 0x90160000)
  from space 21824K,   0% used [0x90160000, 0x90162000, 0x916b0000)
  to   space 21824K,   0% used [0x916b0000, 0x916b0000, 0x92c00000)
 concurrent mark-sweep generation total 393216K, used 12174K [0x92c00000, 0xaac00000, 0xaac00000)
 concurrent-mark-sweep perm gen total 35404K, used 21240K [0xaac00000, 0xace93000, 0xb2c00000)
}
2015-02-20T15:49:25.702-0600: 1694.157: Total time for which application threads were stopped: 0.0088120 seconds
{Heap before GC invocations=145 (full 1):
 par new generation   total 109248K, used 87432K [0x8ac00000, 0x92c00000, 0x92c00000)
  eden space 87424K, 100% used [0x8ac00000, 0x90160000, 0x90160000)
  from space 21824K,   0% used [0x90160000, 0x90162000, 0x916b0000)
  to   space 21824K,   0% used [0x916b0000, 0x916b0000, 0x92c00000)
 concurrent mark-sweep generation total 393216K, used 12174K [0x92c00000, 0xaac00000, 0xaac00000)
 concurrent-mark-sweep perm gen total 35404K, used 21240K [0xaac00000, 0xace93000, 0xb2c00000)
2015-02-20T15:49:27.171-0600: 1695.626: [GC2015-02-20T15:49:27.171-0600: 1695.626: [ParNew
Desired survivor size 20112996 bytes, new threshold 8 (max 8)
- age   1:       1128 bytes,       1128 total
- age   2:        200 bytes,       1328 total
- age   3:        328 bytes,       1656 total
- age   4:        152 bytes,       1808 total
- age   5:        376 bytes,       2184 total
- age   6:        200 bytes,       2384 total
- age   7:        376 bytes,       2760 total
- age   8:        200 bytes,       2960 total
: 87432K->8K(109248K), 0.0113490 secs] 99606K->12183K(502464K), 0.0115720 secs] [Times: user=0.02 sys=0.00, real=0.01 secs] 
Heap after GC invocations=146 (full 1):
 par new generation   total 109248K, used 8K [0x8ac00000, 0x92c00000, 0x92c00000)
  eden space 87424K,   0% used [0x8ac00000, 0x8ac00000, 0x90160000)
  from space 21824K,   0% used [0x916b0000, 0x916b2000, 0x92c00000)
  to   space 21824K,   0% used [0x90160000, 0x90160000, 0x916b0000)
 concurrent mark-sweep generation total 393216K, used 12175K [0x92c00000, 0xaac00000, 0xaac00000)
 concurrent-mark-sweep perm gen total 35404K, used 21240K [0xaac00000, 0xace93000, 0xb2c00000)
}
2015-02-20T15:49:27.183-0600: 1695.638: Total time for which application threads were stopped: 0.0142580 seconds
{Heap before GC invocations=146 (full 1):
 par new generation   total 109248K, used 87432K [0x8ac00000, 0x92c00000, 0x92c00000)
  eden space 87424K, 100% used [0x8ac00000, 0x90160000, 0x90160000)
  from space 21824K,   0% used [0x916b0000, 0x916b2000, 0x92c00000)
  to   space 21824K,   0% used [0x90160000, 0x90160000, 0x916b0000)
 concurrent mark-sweep generation total 393216K, used 12175K [0x92c00000, 0xaac00000, 0xaac00000)
 concurrent-mark-sweep perm gen total 35404K, used 21240K [0xaac00000, 0xace93000, 0xb2c00000)
2015-02-20T15:49:28.633-0600: 1697.088: [GC2015-02-20T15:49:28.633-0600: 1697.088: [ParNew
Desired survivor size 20112996 bytes, new threshold 8 (max 8)
- age   1:       1400 bytes,       1400 total
- age   2:        376 bytes,       1776 total
- age   3:        200 bytes,       1976 total
- age   4:        328 bytes,       2304 total
- age   5:        152 bytes,       2456 total
- age   6:        376 bytes,       2832 total
- age   7:        200 bytes,       3032 total
- age   8:        376 bytes,       3408 total
: 87432K->10K(109248K), 0.0067330 secs] 99607K->12185K(502464K), 0.0069270 secs] [Times: user=0.01 sys=0.00, real=0.01 secs] 
Heap after GC invocations=147 (full 1):
 par new generation   total 109248K, used 10K [0x8ac00000, 0x92c00000, 0x92c00000)
  eden space 87424K,   0% used [0x8ac00000, 0x8ac00000, 0x90160000)
  from space 21824K,   0% used [0x90160000, 0x90162800, 0x916b0000)
  to   space 21824K,   0% used [0x916b0000, 0x916b0000, 0x92c00000)
 concurrent mark-sweep generation total 393216K, used 12175K [0x92c00000, 0xaac00000, 0xaac00000)
 concurrent-mark-sweep perm gen total 35404K, used 21240K [0xaac00000, 0xace93000, 0xb2c00000)
}
2015-02-20T15:49:28.640-0600: 1697.095: Total time for which application threads were stopped: 0.0095560 seconds
{Heap before GC invocations=147 (full 1):
 par new generation   total 109248K, used 87434K [0x8ac00000, 0x92c00000, 0x92c00000)
  eden space 87424K, 100% used [0x8ac00000, 0x90160000, 0x90160000)
  from space 21824K,   0% used [0x90160000, 0x90162800, 0x916b0000)
  to   space 21824K,   0% used [0x916b0000, 0x916b0000, 0x92c00000)
 concurrent mark-sweep generation total 393216K, used 12175K [0x92c00000, 0xaac00000, 0xaac00000)
 concurrent-mark-sweep perm gen total 35404K, used 21240K [0xaac00000, 0xace93000, 0xb2c00000)
2015-02-20T15:49:30.482-0600: 1698.937: [GC2015-02-20T15:49:30.482-0600: 1698.937: [ParNew
Desired survivor size 20112996 bytes, new threshold 8 (max 8)
- age   1:        712 bytes,        712 total
- age   2:        416 bytes,       1128 total
- age   3:        352 bytes,       1480 total
- age   4:        200 bytes,       1680 total
- age   5:        328 bytes,       2008 total
- age   6:        152 bytes,       2160 total
- age   7:        376 bytes,       2536 total
- age   8:        200 bytes,       2736 total
: 87434K->8K(109248K), 0.0059430 secs] 99609K->12183K(502464K), 0.0061810 secs] [Times: user=0.01 sys=0.00, real=0.01 secs] 
Heap after GC invocations=148 (full 1):
 par new generation   total 109248K, used 8K [0x8ac00000, 0x92c00000, 0x92c00000)
  eden space 87424K,   0% used [0x8ac00000, 0x8ac00000, 0x90160000)
  from space 21824K,   0% used [0x916b0000, 0x916b2000, 0x92c00000)
  to   space 21824K,   0% used [0x90160000, 0x90160000, 0x916b0000)
 concurrent mark-sweep generation total 393216K, used 12175K [0x92c00000, 0xaac00000, 0xaac00000)
 concurrent-mark-sweep perm gen total 35404K, used 21240K [0xaac00000, 0xace93000, 0xb2c00000)
}
2015-02-20T15:49:30.488-0600: 1698.943: Total time for which application threads were stopped: 0.0088520 seconds
{Heap before GC invocations=148 (full 1):
 par new generation   total 109248K, used 87432K [0x8ac00000, 0x92c00000, 0x92c00000)
  eden space 87424K, 100% used [0x8ac00000, 0x90160000, 0x90160000)
  from space 21824K,   0% used [0x916b0000, 0x916b2000, 0x92c00000)
  to   space 21824K,   0% used [0x90160000, 0x90160000, 0x916b0000)
 concurrent mark-sweep generation total 393216K, used 12175K [0x92c00000, 0xaac00000, 0xaac00000)
 concurrent-mark-sweep perm gen total 35404K, used 21240K [0xaac00000, 0xace93000, 0xb2c00000)
2015-02-20T15:49:32.173-0600: 1700.628: [GC2015-02-20T15:49:32.173-0600: 1700.628: [ParNew
Desired survivor size 20112996 bytes, new threshold 8 (max 8)
- age   1:       1184 bytes,       1184 total
- age   2:        328 bytes,       1512 total
- age   3:        416 bytes,       1928 total
- age   4:        352 bytes,       2280 total
- age   5:        200 bytes,       2480 total
- age   6:        328 bytes,       2808 total
- age   7:        152 bytes,       2960 total
- age   8:        376 bytes,       3336 total
: 87432K->8K(109248K), 0.0065880 secs] 99607K->12183K(502464K), 0.0067690 secs] [Times: user=0.01 sys=0.00, real=0.01 secs] 
Heap after GC invocations=149 (full 1):
 par new generation   total 109248K, used 8K [0x8ac00000, 0x92c00000, 0x92c00000)
  eden space 87424K,   0% used [0x8ac00000, 0x8ac00000, 0x90160000)
  from space 21824K,   0% used [0x90160000, 0x90162000, 0x916b0000)
  to   space 21824K,   0% used [0x916b0000, 0x916b0000, 0x92c00000)
 concurrent mark-sweep generation total 393216K, used 12175K [0x92c00000, 0xaac00000, 0xaac00000)
 concurrent-mark-sweep perm gen total 35404K, used 21240K [0xaac00000, 0xace93000, 0xb2c00000)
}
2015-02-20T15:49:32.180-0600: 1700.635: Total time for which application threads were stopped: 0.0094960 seconds
{Heap before GC invocations=149 (full 1):
 par new generation   total 109248K, used 87432K [0x8ac00000, 0x92c00000, 0x92c00000)
  eden space 87424K, 100% used [0x8ac00000, 0x90160000, 0x90160000)
  from space 21824K,   0% used [0x90160000, 0x90162000, 0x916b0000)
  to   space 21824K,   0% used [0x916b0000, 0x916b0000, 0x92c00000)
 concurrent mark-sweep generation total 393216K, used 12175K [0x92c00000, 0xaac00000, 0xaac00000)
 concurrent-mark-sweep perm gen total 35404K, used 21240K [0xaac00000, 0xace93000, 0xb2c00000)
2015-02-20T15:49:33.789-0600: 1702.244: [GC2015-02-20T15:49:33.789-0600: 1702.244: [ParNew
Desired survivor size 20112996 bytes, new threshold 8 (max 8)
- age   1:        848 bytes,        848 total
- age   2:        456 bytes,       1304 total
- age   3:        328 bytes,       1632 total
- age   4:        416 bytes,       2048 total
- age   5:        352 bytes,       2400 total
- age   6:        200 bytes,       2600 total
- age   7:        328 bytes,       2928 total
- age   8:        152 bytes,       3080 total
: 87432K->6K(109248K), 0.0139550 secs] 99607K->12182K(502464K), 0.0141630 secs] [Times: user=0.03 sys=0.00, real=0.01 secs] 
Heap after GC invocations=150 (full 1):
 par new generation   total 109248K, used 6K [0x8ac00000, 0x92c00000, 0x92c00000)
  eden space 87424K,   0% used [0x8ac00000, 0x8ac00000, 0x90160000)
  from space 21824K,   0% used [0x916b0000, 0x916b1800, 0x92c00000)
  to   space 21824K,   0% used [0x90160000, 0x90160000, 0x916b0000)
 concurrent mark-sweep generation total 393216K, used 12176K [0x92c00000, 0xaac00000, 0xaac00000)
 concurrent-mark-sweep perm gen total 35404K, used 21240K [0xaac00000, 0xace93000, 0xb2c00000)
}
2015-02-20T15:49:33.803-0600: 1702.258: Total time for which application threads were stopped: 0.0169280 seconds
{Heap before GC invocations=150 (full 1):
 par new generation   total 109248K, used 87430K [0x8ac00000, 0x92c00000, 0x92c00000)
  eden space 87424K, 100% used [0x8ac00000, 0x90160000, 0x90160000)
  from space 21824K,   0% used [0x916b0000, 0x916b1800, 0x92c00000)
  to   space 21824K,   0% used [0x90160000, 0x90160000, 0x916b0000)
 concurrent mark-sweep generation total 393216K, used 12176K [0x92c00000, 0xaac00000, 0xaac00000)
 concurrent-mark-sweep perm gen total 35404K, used 21240K [0xaac00000, 0xace93000, 0xb2c00000)
2015-02-20T15:49:35.407-0600: 1703.862: [GC2015-02-20T15:49:35.407-0600: 1703.862: [ParNew
Desired survivor size 20112996 bytes, new threshold 8 (max 8)
- age   1:       1200 bytes,       1200 total
- age   2:        200 bytes,       1400 total
- age   3:        328 bytes,       1728 total
- age   4:        328 bytes,       2056 total
- age   5:        416 bytes,       2472 total
- age   6:        352 bytes,       2824 total
- age   7:        200 bytes,       3024 total
- age   8:        328 bytes,       3352 total
: 87430K->8K(109248K), 0.0068080 secs] 99606K->12184K(502464K), 0.0070110 secs] [Times: user=0.02 sys=0.00, real=0.01 secs] 
Heap after GC invocations=151 (full 1):
 par new generation   total 109248K, used 8K [0x8ac00000, 0x92c00000, 0x92c00000)
  eden space 87424K,   0% used [0x8ac00000, 0x8ac00000, 0x90160000)
  from space 21824K,   0% used [0x90160000, 0x90162000, 0x916b0000)
  to   space 21824K,   0% used [0x916b0000, 0x916b0000, 0x92c00000)
 concurrent mark-sweep generation total 393216K, used 12176K [0x92c00000, 0xaac00000, 0xaac00000)
 concurrent-mark-sweep perm gen total 35404K, used 21240K [0xaac00000, 0xace93000, 0xb2c00000)
}
2015-02-20T15:49:35.414-0600: 1703.869: Total time for which application threads were stopped: 0.0096470 seconds
{Heap before GC invocations=151 (full 1):
 par new generation   total 109248K, used 87432K [0x8ac00000, 0x92c00000, 0x92c00000)
  eden space 87424K, 100% used [0x8ac00000, 0x90160000, 0x90160000)
  from space 21824K,   0% used [0x90160000, 0x90162000, 0x916b0000)
  to   space 21824K,   0% used [0x916b0000, 0x916b0000, 0x92c00000)
 concurrent mark-sweep generation total 393216K, used 12176K [0x92c00000, 0xaac00000, 0xaac00000)
 concurrent-mark-sweep perm gen total 35404K, used 21240K [0xaac00000, 0xace93000, 0xb2c00000)
2015-02-20T15:49:36.970-0600: 1705.425: [GC2015-02-20T15:49:36.970-0600: 1705.425: [ParNew
Desired survivor size 20112996 bytes, new threshold 8 (max 8)
- age   1:        776 bytes,        776 total
- age   2:        424 bytes,       1200 total
- age   3:        200 bytes,       1400 total
- age   4:        328 bytes,       1728 total
- age   5:        328 bytes,       2056 total
- age   6:        416 bytes,       2472 total
- age   7:        352 bytes,       2824 total
- age   8:        200 bytes,       3024 total
: 87432K->6K(109248K), 0.0115610 secs] 99608K->12182K(502464K), 0.0117630 secs] [Times: user=0.02 sys=0.00, real=0.01 secs] 
Heap after GC invocations=152 (full 1):
 par new generation   total 109248K, used 6K [0x8ac00000, 0x92c00000, 0x92c00000)
  eden space 87424K,   0% used [0x8ac00000, 0x8ac00000, 0x90160000)
  from space 21824K,   0% used [0x916b0000, 0x916b1800, 0x92c00000)
  to   space 21824K,   0% used [0x90160000, 0x90160000, 0x916b0000)
 concurrent mark-sweep generation total 393216K, used 12176K [0x92c00000, 0xaac00000, 0xaac00000)
 concurrent-mark-sweep perm gen total 35404K, used 21240K [0xaac00000, 0xace93000, 0xb2c00000)
}
2015-02-20T15:49:36.982-0600: 1705.437: Total time for which application threads were stopped: 0.0144490 seconds
{Heap before GC invocations=152 (full 1):
 par new generation   total 109248K, used 87430K [0x8ac00000, 0x92c00000, 0x92c00000)
  eden space 87424K, 100% used [0x8ac00000, 0x90160000, 0x90160000)
  from space 21824K,   0% used [0x916b0000, 0x916b1800, 0x92c00000)
  to   space 21824K,   0% used [0x90160000, 0x90160000, 0x916b0000)
 concurrent mark-sweep generation total 393216K, used 12176K [0x92c00000, 0xaac00000, 0xaac00000)
 concurrent-mark-sweep perm gen total 35404K, used 21240K [0xaac00000, 0xace93000, 0xb2c00000)
2015-02-20T15:49:38.562-0600: 1707.017: [GC2015-02-20T15:49:38.562-0600: 1707.017: [ParNew
Desired survivor size 20112996 bytes, new threshold 8 (max 8)
- age   1:       1072 bytes,       1072 total
- age   2:        128 bytes,       1200 total
- age   3:        400 bytes,       1600 total
- age   4:        200 bytes,       1800 total
- age   5:        328 bytes,       2128 total
- age   6:        328 bytes,       2456 total
- age   7:        416 bytes,       2872 total
- age   8:        352 bytes,       3224 total
: 87430K->8K(109248K), 0.0057520 secs] 99606K->12184K(502464K), 0.0060000 secs] [Times: user=0.01 sys=0.00, real=0.01 secs] 
Heap after GC invocations=153 (full 1):
 par new generation   total 109248K, used 8K [0x8ac00000, 0x92c00000, 0x92c00000)
  eden space 87424K,   0% used [0x8ac00000, 0x8ac00000, 0x90160000)
  from space 21824K,   0% used [0x90160000, 0x90162000, 0x916b0000)
  to   space 21824K,   0% used [0x916b0000, 0x916b0000, 0x92c00000)
 concurrent mark-sweep generation total 393216K, used 12176K [0x92c00000, 0xaac00000, 0xaac00000)
 concurrent-mark-sweep perm gen total 35404K, used 21240K [0xaac00000, 0xace93000, 0xb2c00000)
}
2015-02-20T15:49:38.568-0600: 1707.023: Total time for which application threads were stopped: 0.0086200 seconds
{Heap before GC invocations=153 (full 1):
 par new generation   total 109248K, used 87432K [0x8ac00000, 0x92c00000, 0x92c00000)
  eden space 87424K, 100% used [0x8ac00000, 0x90160000, 0x90160000)
  from space 21824K,   0% used [0x90160000, 0x90162000, 0x916b0000)
  to   space 21824K,   0% used [0x916b0000, 0x916b0000, 0x92c00000)
 concurrent mark-sweep generation total 393216K, used 12176K [0x92c00000, 0xaac00000, 0xaac00000)
 concurrent-mark-sweep perm gen total 35404K, used 21240K [0xaac00000, 0xace93000, 0xb2c00000)
2015-02-20T15:49:40.148-0600: 1708.603: [GC2015-02-20T15:49:40.148-0600: 1708.603: [ParNew
Desired survivor size 20112996 bytes, new threshold 8 (max 8)
- age   1:       1256 bytes,       1256 total
- age   2:        328 bytes,       1584 total
- age   3:        128 bytes,       1712 total
- age   4:        400 bytes,       2112 total
- age   5:        200 bytes,       2312 total
- age   6:        328 bytes,       2640 total
- age   7:        328 bytes,       2968 total
- age   8:        416 bytes,       3384 total
: 87432K->6K(109248K), 0.0073710 secs] 99608K->12183K(502464K), 0.0075720 secs] [Times: user=0.02 sys=0.00, real=0.00 secs] 
Heap after GC invocations=154 (full 1):
 par new generation   total 109248K, used 6K [0x8ac00000, 0x92c00000, 0x92c00000)
  eden space 87424K,   0% used [0x8ac00000, 0x8ac00000, 0x90160000)
  from space 21824K,   0% used [0x916b0000, 0x916b1800, 0x92c00000)
  to   space 21824K,   0% used [0x90160000, 0x90160000, 0x916b0000)
 concurrent mark-sweep generation total 393216K, used 12177K [0x92c00000, 0xaac00000, 0xaac00000)
 concurrent-mark-sweep perm gen total 35404K, used 21240K [0xaac00000, 0xace93000, 0xb2c00000)
}
2015-02-20T15:49:40.155-0600: 1708.610: Total time for which application threads were stopped: 0.0104160 seconds
{Heap before GC invocations=154 (full 1):
 par new generation   total 109248K, used 87430K [0x8ac00000, 0x92c00000, 0x92c00000)
  eden space 87424K, 100% used [0x8ac00000, 0x90160000, 0x90160000)
  from space 21824K,   0% used [0x916b0000, 0x916b1800, 0x92c00000)
  to   space 21824K,   0% used [0x90160000, 0x90160000, 0x916b0000)
 concurrent mark-sweep generation total 393216K, used 12177K [0x92c00000, 0xaac00000, 0xaac00000)
 concurrent-mark-sweep perm gen total 35404K, used 21240K [0xaac00000, 0xace93000, 0xb2c00000)
2015-02-20T15:49:41.763-0600: 1710.218: [GC2015-02-20T15:49:41.763-0600: 1710.218: [ParNew
Desired survivor size 20112996 bytes, new threshold 8 (max 8)
- age   1:        816 bytes,        816 total
- age   2:        456 bytes,       1272 total
- age   3:        328 bytes,       1600 total
- age   4:        128 bytes,       1728 total
- age   5:        400 bytes,       2128 total
- age   6:        200 bytes,       2328 total
- age   7:        328 bytes,       2656 total
- age   8:        328 bytes,       2984 total
: 87430K->8K(109248K), 0.0069330 secs] 99607K->12185K(502464K), 0.0071800 secs] [Times: user=0.01 sys=0.00, real=0.01 secs] 
Heap after GC invocations=155 (full 1):
 par new generation   total 109248K, used 8K [0x8ac00000, 0x92c00000, 0x92c00000)
  eden space 87424K,   0% used [0x8ac00000, 0x8ac00000, 0x90160000)
  from space 21824K,   0% used [0x90160000, 0x90162000, 0x916b0000)
  to   space 21824K,   0% used [0x916b0000, 0x916b0000, 0x92c00000)
 concurrent mark-sweep generation total 393216K, used 12177K [0x92c00000, 0xaac00000, 0xaac00000)
 concurrent-mark-sweep perm gen total 35404K, used 21240K [0xaac00000, 0xace93000, 0xb2c00000)
}
2015-02-20T15:49:41.770-0600: 1710.225: Total time for which application threads were stopped: 0.0100360 seconds
{Heap before GC invocations=155 (full 1):
 par new generation   total 109248K, used 87432K [0x8ac00000, 0x92c00000, 0x92c00000)
  eden space 87424K, 100% used [0x8ac00000, 0x90160000, 0x90160000)
  from space 21824K,   0% used [0x90160000, 0x90162000, 0x916b0000)
  to   space 21824K,   0% used [0x916b0000, 0x916b0000, 0x92c00000)
 concurrent mark-sweep generation total 393216K, used 12177K [0x92c00000, 0xaac00000, 0xaac00000)
 concurrent-mark-sweep perm gen total 35404K, used 21240K [0xaac00000, 0xace93000, 0xb2c00000)
2015-02-20T15:49:43.345-0600: 1711.800: [GC2015-02-20T15:49:43.345-0600: 1711.800: [ParNew
Desired survivor size 20112996 bytes, new threshold 8 (max 8)
- age   1:       1024 bytes,       1024 total
- age   2:        200 bytes,       1224 total
- age   3:        328 bytes,       1552 total
- age   4:        328 bytes,       1880 total
- age   5:        128 bytes,       2008 total
- age   6:        400 bytes,       2408 total
- age   7:        200 bytes,       2608 total
- age   8:        328 bytes,       2936 total
: 87432K->10K(109248K), 0.0066500 secs] 99609K->12187K(502464K), 0.0068630 secs] [Times: user=0.01 sys=0.00, real=0.01 secs] 
Heap after GC invocations=156 (full 1):
 par new generation   total 109248K, used 10K [0x8ac00000, 0x92c00000, 0x92c00000)
  eden space 87424K,   0% used [0x8ac00000, 0x8ac00000, 0x90160000)
  from space 21824K,   0% used [0x916b0000, 0x916b2800, 0x92c00000)
  to   space 21824K,   0% used [0x90160000, 0x90160000, 0x916b0000)
 concurrent mark-sweep generation total 393216K, used 12177K [0x92c00000, 0xaac00000, 0xaac00000)
 concurrent-mark-sweep perm gen total 35404K, used 21240K [0xaac00000, 0xace93000, 0xb2c00000)
}
2015-02-20T15:49:43.352-0600: 1711.807: Total time for which application threads were stopped: 0.0096290 seconds
{Heap before GC invocations=156 (full 1):
 par new generation   total 109248K, used 87434K [0x8ac00000, 0x92c00000, 0x92c00000)
  eden space 87424K, 100% used [0x8ac00000, 0x90160000, 0x90160000)
  from space 21824K,   0% used [0x916b0000, 0x916b2800, 0x92c00000)
  to   space 21824K,   0% used [0x90160000, 0x90160000, 0x916b0000)
 concurrent mark-sweep generation total 393216K, used 12177K [0x92c00000, 0xaac00000, 0xaac00000)
 concurrent-mark-sweep perm gen total 35404K, used 21240K [0xaac00000, 0xace93000, 0xb2c00000)
2015-02-20T15:49:44.926-0600: 1713.381: [GC2015-02-20T15:49:44.926-0600: 1713.381: [ParNew
Desired survivor size 20112996 bytes, new threshold 8 (max 8)
- age   1:        848 bytes,        848 total
- age   2:        352 bytes,       1200 total
- age   3:        200 bytes,       1400 total
- age   4:        328 bytes,       1728 total
- age   5:        328 bytes,       2056 total
- age   6:        128 bytes,       2184 total
- age   7:        400 bytes,       2584 total
- age   8:        200 bytes,       2784 total
: 87434K->10K(109248K), 0.0058320 secs] 99611K->12188K(502464K), 0.0060680 secs] [Times: user=0.01 sys=0.00, real=0.01 secs] 
Heap after GC invocations=157 (full 1):
 par new generation   total 109248K, used 10K [0x8ac00000, 0x92c00000, 0x92c00000)
  eden space 87424K,   0% used [0x8ac00000, 0x8ac00000, 0x90160000)
  from space 21824K,   0% used [0x90160000, 0x90162800, 0x916b0000)
  to   space 21824K,   0% used [0x916b0000, 0x916b0000, 0x92c00000)
 concurrent mark-sweep generation total 393216K, used 12178K [0x92c00000, 0xaac00000, 0xaac00000)
 concurrent-mark-sweep perm gen total 35404K, used 21240K [0xaac00000, 0xace93000, 0xb2c00000)
}
2015-02-20T15:49:44.932-0600: 1713.387: Total time for which application threads were stopped: 0.0088570 seconds
{Heap before GC invocations=157 (full 1):
 par new generation   total 109248K, used 87434K [0x8ac00000, 0x92c00000, 0x92c00000)
  eden space 87424K, 100% used [0x8ac00000, 0x90160000, 0x90160000)
  from space 21824K,   0% used [0x90160000, 0x90162800, 0x916b0000)
  to   space 21824K,   0% used [0x916b0000, 0x916b0000, 0x92c00000)
 concurrent mark-sweep generation total 393216K, used 12178K [0x92c00000, 0xaac00000, 0xaac00000)
 concurrent-mark-sweep perm gen total 35404K, used 21240K [0xaac00000, 0xace93000, 0xb2c00000)
2015-02-20T15:49:46.509-0600: 1714.964: [GC2015-02-20T15:49:46.509-0600: 1714.964: [ParNew
Desired survivor size 20112996 bytes, new threshold 8 (max 8)
- age   1:       1072 bytes,       1072 total
- age   2:        128 bytes,       1200 total
- age   3:        328 bytes,       1528 total
- age   4:        200 bytes,       1728 total
- age   5:        328 bytes,       2056 total
- age   6:        328 bytes,       2384 total
- age   7:        128 bytes,       2512 total
- age   8:        400 bytes,       2912 total
: 87434K->6K(109248K), 0.0073090 secs] 99612K->12184K(502464K), 0.0075110 secs] [Times: user=0.01 sys=0.00, real=0.00 secs] 
Heap after GC invocations=158 (full 1):
 par new generation   total 109248K, used 6K [0x8ac00000, 0x92c00000, 0x92c00000)
  eden space 87424K,   0% used [0x8ac00000, 0x8ac00000, 0x90160000)
  from space 21824K,   0% used [0x916b0000, 0x916b1800, 0x92c00000)
  to   space 21824K,   0% used [0x90160000, 0x90160000, 0x916b0000)
 concurrent mark-sweep generation total 393216K, used 12178K [0x92c00000, 0xaac00000, 0xaac00000)
 concurrent-mark-sweep perm gen total 35404K, used 21240K [0xaac00000, 0xace93000, 0xb2c00000)
}
2015-02-20T15:49:46.517-0600: 1714.972: Total time for which application threads were stopped: 0.0101270 seconds
{Heap before GC invocations=158 (full 1):
 par new generation   total 109248K, used 87430K [0x8ac00000, 0x92c00000, 0x92c00000)
  eden space 87424K, 100% used [0x8ac00000, 0x90160000, 0x90160000)
  from space 21824K,   0% used [0x916b0000, 0x916b1800, 0x92c00000)
  to   space 21824K,   0% used [0x90160000, 0x90160000, 0x916b0000)
 concurrent mark-sweep generation total 393216K, used 12178K [0x92c00000, 0xaac00000, 0xaac00000)
 concurrent-mark-sweep perm gen total 35404K, used 21240K [0xaac00000, 0xace93000, 0xb2c00000)
2015-02-20T15:49:48.098-0600: 1716.553: [GC2015-02-20T15:49:48.098-0600: 1716.553: [ParNew
Desired survivor size 20112996 bytes, new threshold 8 (max 8)
- age   1:       1176 bytes,       1176 total
- age   2:        376 bytes,       1552 total
- age   3:        128 bytes,       1680 total
- age   4:        328 bytes,       2008 total
- age   5:        200 bytes,       2208 total
- age   6:        328 bytes,       2536 total
- age   7:        328 bytes,       2864 total
- age   8:        128 bytes,       2992 total
: 87430K->6K(109248K), 0.0068880 secs] 99608K->12184K(502464K), 0.0070840 secs] [Times: user=0.00 sys=0.00, real=0.00 secs] 
Heap after GC invocations=159 (full 1):
 par new generation   total 109248K, used 6K [0x8ac00000, 0x92c00000, 0x92c00000)
  eden space 87424K,   0% used [0x8ac00000, 0x8ac00000, 0x90160000)
  from space 21824K,   0% used [0x90160000, 0x90161800, 0x916b0000)
  to   space 21824K,   0% used [0x916b0000, 0x916b0000, 0x92c00000)
 concurrent mark-sweep generation total 393216K, used 12178K [0x92c00000, 0xaac00000, 0xaac00000)
 concurrent-mark-sweep perm gen total 35404K, used 21240K [0xaac00000, 0xace93000, 0xb2c00000)
}
2015-02-20T15:49:48.105-0600: 1716.560: Total time for which application threads were stopped: 0.0098060 seconds
{Heap before GC invocations=159 (full 1):
 par new generation   total 109248K, used 87430K [0x8ac00000, 0x92c00000, 0x92c00000)
  eden space 87424K, 100% used [0x8ac00000, 0x90160000, 0x90160000)
  from space 21824K,   0% used [0x90160000, 0x90161800, 0x916b0000)
  to   space 21824K,   0% used [0x916b0000, 0x916b0000, 0x92c00000)
 concurrent mark-sweep generation total 393216K, used 12178K [0x92c00000, 0xaac00000, 0xaac00000)
 concurrent-mark-sweep perm gen total 35404K, used 21240K [0xaac00000, 0xace93000, 0xb2c00000)
2015-02-20T15:49:49.646-0600: 1718.101: [GC2015-02-20T15:49:49.646-0600: 1718.101: [ParNew
Desired survivor size 20112996 bytes, new threshold 8 (max 8)
- age   1:        752 bytes,        752 total
- age   2:        456 bytes,       1208 total
- age   3:        376 bytes,       1584 total
- age   4:        128 bytes,       1712 total
- age   5:        328 bytes,       2040 total
- age   6:        200 bytes,       2240 total
- age   7:        328 bytes,       2568 total
- age   8:        328 bytes,       2896 total
: 87430K->6K(109248K), 0.0077200 secs] 99608K->12184K(502464K), 0.0079200 secs] [Times: user=0.02 sys=0.00, real=0.01 secs] 
Heap after GC invocations=160 (full 1):
 par new generation   total 109248K, used 6K [0x8ac00000, 0x92c00000, 0x92c00000)
  eden space 87424K,   0% used [0x8ac00000, 0x8ac00000, 0x90160000)
  from space 21824K,   0% used [0x916b0000, 0x916b1800, 0x92c00000)
  to   space 21824K,   0% used [0x90160000, 0x90160000, 0x916b0000)
 concurrent mark-sweep generation total 393216K, used 12178K [0x92c00000, 0xaac00000, 0xaac00000)
 concurrent-mark-sweep perm gen total 35404K, used 21240K [0xaac00000, 0xace93000, 0xb2c00000)
}
2015-02-20T15:49:49.654-0600: 1718.109: Total time for which application threads were stopped: 0.0105730 seconds
{Heap before GC invocations=160 (full 1):
 par new generation   total 109248K, used 87430K [0x8ac00000, 0x92c00000, 0x92c00000)
  eden space 87424K, 100% used [0x8ac00000, 0x90160000, 0x90160000)
  from space 21824K,   0% used [0x916b0000, 0x916b1800, 0x92c00000)
  to   space 21824K,   0% used [0x90160000, 0x90160000, 0x916b0000)
 concurrent mark-sweep generation total 393216K, used 12178K [0x92c00000, 0xaac00000, 0xaac00000)
 concurrent-mark-sweep perm gen total 35404K, used 21240K [0xaac00000, 0xace93000, 0xb2c00000)
2015-02-20T15:49:51.161-0600: 1719.616: [GC2015-02-20T15:49:51.161-0600: 1719.616: [ParNew
Desired survivor size 20112996 bytes, new threshold 8 (max 8)
- age   1:       1160 bytes,       1160 total
- age   2:        200 bytes,       1360 total
- age   3:        328 bytes,       1688 total
- age   4:        376 bytes,       2064 total
- age   5:        128 bytes,       2192 total
- age   6:        328 bytes,       2520 total
- age   7:        200 bytes,       2720 total
- age   8:        328 bytes,       3048 total
: 87430K->6K(109248K), 0.0074130 secs] 99608K->12185K(502464K), 0.0076380 secs] [Times: user=0.01 sys=0.00, real=0.01 secs] 
Heap after GC invocations=161 (full 1):
 par new generation   total 109248K, used 6K [0x8ac00000, 0x92c00000, 0x92c00000)
  eden space 87424K,   0% used [0x8ac00000, 0x8ac00000, 0x90160000)
  from space 21824K,   0% used [0x90160000, 0x90161800, 0x916b0000)
  to   space 21824K,   0% used [0x916b0000, 0x916b0000, 0x92c00000)
 concurrent mark-sweep generation total 393216K, used 12179K [0x92c00000, 0xaac00000, 0xaac00000)
 concurrent-mark-sweep perm gen total 35404K, used 21240K [0xaac00000, 0xace93000, 0xb2c00000)
}
2015-02-20T15:49:51.168-0600: 1719.623: Total time for which application threads were stopped: 0.0103040 seconds
{Heap before GC invocations=161 (full 1):
 par new generation   total 109248K, used 87430K [0x8ac00000, 0x92c00000, 0x92c00000)
  eden space 87424K, 100% used [0x8ac00000, 0x90160000, 0x90160000)
  from space 21824K,   0% used [0x90160000, 0x90161800, 0x916b0000)
  to   space 21824K,   0% used [0x916b0000, 0x916b0000, 0x92c00000)
 concurrent mark-sweep generation total 393216K, used 12179K [0x92c00000, 0xaac00000, 0xaac00000)
 concurrent-mark-sweep perm gen total 35404K, used 21240K [0xaac00000, 0xace93000, 0xb2c00000)
2015-02-20T15:49:52.667-0600: 1721.122: [GC2015-02-20T15:49:52.667-0600: 1721.122: [ParNew
Desired survivor size 20112996 bytes, new threshold 8 (max 8)
- age   1:        832 bytes,        832 total
- age   2:        352 bytes,       1184 total
- age   3:        200 bytes,       1384 total
- age   4:        328 bytes,       1712 total
- age   5:        376 bytes,       2088 total
- age   6:        128 bytes,       2216 total
- age   7:        328 bytes,       2544 total
- age   8:        200 bytes,       2744 total
: 87430K->6K(109248K), 0.0074230 secs] 99609K->12185K(502464K), 0.0076510 secs] [Times: user=0.01 sys=0.00, real=0.01 secs] 
Heap after GC invocations=162 (full 1):
 par new generation   total 109248K, used 6K [0x8ac00000, 0x92c00000, 0x92c00000)
  eden space 87424K,   0% used [0x8ac00000, 0x8ac00000, 0x90160000)
  from space 21824K,   0% used [0x916b0000, 0x916b1800, 0x92c00000)
  to   space 21824K,   0% used [0x90160000, 0x90160000, 0x916b0000)
 concurrent mark-sweep generation total 393216K, used 12179K [0x92c00000, 0xaac00000, 0xaac00000)
 concurrent-mark-sweep perm gen total 35404K, used 21240K [0xaac00000, 0xace93000, 0xb2c00000)
}
2015-02-20T15:49:52.674-0600: 1721.129: Total time for which application threads were stopped: 0.0109870 seconds
{Heap before GC invocations=162 (full 1):
 par new generation   total 109248K, used 87430K [0x8ac00000, 0x92c00000, 0x92c00000)
  eden space 87424K, 100% used [0x8ac00000, 0x90160000, 0x90160000)
  from space 21824K,   0% used [0x916b0000, 0x916b1800, 0x92c00000)
  to   space 21824K,   0% used [0x90160000, 0x90160000, 0x916b0000)
 concurrent mark-sweep generation total 393216K, used 12179K [0x92c00000, 0xaac00000, 0xaac00000)
 concurrent-mark-sweep perm gen total 35404K, used 21240K [0xaac00000, 0xace93000, 0xb2c00000)
2015-02-20T15:49:54.174-0600: 1722.629: [GC2015-02-20T15:49:54.174-0600: 1722.629: [ParNew
Desired survivor size 20112996 bytes, new threshold 8 (max 8)
- age   1:        952 bytes,        952 total
- age   2:        200 bytes,       1152 total
- age   3:        328 bytes,       1480 total
- age   4:        200 bytes,       1680 total
- age   5:        328 bytes,       2008 total
- age   6:        376 bytes,       2384 total
- age   7:        128 bytes,       2512 total
- age   8:        328 bytes,       2840 total
: 87430K->6K(109248K), 0.0098340 secs] 99609K->12185K(502464K), 0.0100220 secs] [Times: user=0.01 sys=0.01, real=0.01 secs] 
Heap after GC invocations=163 (full 1):
 par new generation   total 109248K, used 6K [0x8ac00000, 0x92c00000, 0x92c00000)
  eden space 87424K,   0% used [0x8ac00000, 0x8ac00000, 0x90160000)
  from space 21824K,   0% used [0x90160000, 0x90161800, 0x916b0000)
  to   space 21824K,   0% used [0x916b0000, 0x916b0000, 0x92c00000)
 concurrent mark-sweep generation total 393216K, used 12179K [0x92c00000, 0xaac00000, 0xaac00000)
 concurrent-mark-sweep perm gen total 35404K, used 21240K [0xaac00000, 0xace93000, 0xb2c00000)
}
2015-02-20T15:49:54.184-0600: 1722.639: Total time for which application threads were stopped: 0.0126220 seconds
{Heap before GC invocations=163 (full 1):
 par new generation   total 109248K, used 87430K [0x8ac00000, 0x92c00000, 0x92c00000)
  eden space 87424K, 100% used [0x8ac00000, 0x90160000, 0x90160000)
  from space 21824K,   0% used [0x90160000, 0x90161800, 0x916b0000)
  to   space 21824K,   0% used [0x916b0000, 0x916b0000, 0x92c00000)
 concurrent mark-sweep generation total 393216K, used 12179K [0x92c00000, 0xaac00000, 0xaac00000)
 concurrent-mark-sweep perm gen total 35404K, used 21240K [0xaac00000, 0xace93000, 0xb2c00000)
2015-02-20T15:49:55.714-0600: 1724.170: [GC2015-02-20T15:49:55.715-0600: 1724.170: [ParNew
Desired survivor size 20112996 bytes, new threshold 8 (max 8)
- age   1:        704 bytes,        704 total
- age   2:        480 bytes,       1184 total
- age   3:        200 bytes,       1384 total
- age   4:        328 bytes,       1712 total
- age   5:        200 bytes,       1912 total
- age   6:        328 bytes,       2240 total
- age   7:        376 bytes,       2616 total
- age   8:        128 bytes,       2744 total
: 87430K->6K(109248K), 0.0076540 secs] 99609K->12186K(502464K), 0.0078860 secs] [Times: user=0.02 sys=0.01, real=0.01 secs] 
Heap after GC invocations=164 (full 1):
 par new generation   total 109248K, used 6K [0x8ac00000, 0x92c00000, 0x92c00000)
  eden space 87424K,   0% used [0x8ac00000, 0x8ac00000, 0x90160000)
  from space 21824K,   0% used [0x916b0000, 0x916b1800, 0x92c00000)
  to   space 21824K,   0% used [0x90160000, 0x90160000, 0x916b0000)
 concurrent mark-sweep generation total 393216K, used 12180K [0x92c00000, 0xaac00000, 0xaac00000)
 concurrent-mark-sweep perm gen total 35404K, used 21240K [0xaac00000, 0xace93000, 0xb2c00000)
}
2015-02-20T15:49:55.722-0600: 1724.178: Total time for which application threads were stopped: 0.0109000 seconds
{Heap before GC invocations=164 (full 1):
 par new generation   total 109248K, used 87430K [0x8ac00000, 0x92c00000, 0x92c00000)
  eden space 87424K, 100% used [0x8ac00000, 0x90160000, 0x90160000)
  from space 21824K,   0% used [0x916b0000, 0x916b1800, 0x92c00000)
  to   space 21824K,   0% used [0x90160000, 0x90160000, 0x916b0000)
 concurrent mark-sweep generation total 393216K, used 12180K [0x92c00000, 0xaac00000, 0xaac00000)
 concurrent-mark-sweep perm gen total 35404K, used 21240K [0xaac00000, 0xace93000, 0xb2c00000)
2015-02-20T15:49:57.252-0600: 1725.707: [GC2015-02-20T15:49:57.252-0600: 1725.707: [ParNew
Desired survivor size 20112996 bytes, new threshold 8 (max 8)
- age   1:       1040 bytes,       1040 total
- age   2:        200 bytes,       1240 total
- age   3:        352 bytes,       1592 total
- age   4:        200 bytes,       1792 total
- age   5:        328 bytes,       2120 total
- age   6:        200 bytes,       2320 total
- age   7:        328 bytes,       2648 total
- age   8:        376 bytes,       3024 total
: 87430K->6K(109248K), 0.0072520 secs] 99610K->12186K(502464K), 0.0074420 secs] [Times: user=0.01 sys=0.00, real=0.01 secs] 
Heap after GC invocations=165 (full 1):
 par new generation   total 109248K, used 6K [0x8ac00000, 0x92c00000, 0x92c00000)
  eden space 87424K,   0% used [0x8ac00000, 0x8ac00000, 0x90160000)
  from space 21824K,   0% used [0x90160000, 0x90161800, 0x916b0000)
  to   space 21824K,   0% used [0x916b0000, 0x916b0000, 0x92c00000)
 concurrent mark-sweep generation total 393216K, used 12180K [0x92c00000, 0xaac00000, 0xaac00000)
 concurrent-mark-sweep perm gen total 35404K, used 21240K [0xaac00000, 0xace93000, 0xb2c00000)
}
2015-02-20T15:49:57.260-0600: 1725.715: Total time for which application threads were stopped: 0.0102180 seconds
{Heap before GC invocations=165 (full 1):
 par new generation   total 109248K, used 87430K [0x8ac00000, 0x92c00000, 0x92c00000)
  eden space 87424K, 100% used [0x8ac00000, 0x90160000, 0x90160000)
  from space 21824K,   0% used [0x90160000, 0x90161800, 0x916b0000)
  to   space 21824K,   0% used [0x916b0000, 0x916b0000, 0x92c00000)
 concurrent mark-sweep generation total 393216K, used 12180K [0x92c00000, 0xaac00000, 0xaac00000)
 concurrent-mark-sweep perm gen total 35404K, used 21240K [0xaac00000, 0xace93000, 0xb2c00000)
2015-02-20T15:49:58.767-0600: 1727.222: [GC2015-02-20T15:49:58.767-0600: 1727.222: [ParNew
Desired survivor size 20112996 bytes, new threshold 8 (max 8)
- age   1:       1056 bytes,       1056 total
- age   2:        432 bytes,       1488 total
- age   3:        200 bytes,       1688 total
- age   4:        352 bytes,       2040 total
- age   5:        200 bytes,       2240 total
- age   6:        328 bytes,       2568 total
- age   7:        200 bytes,       2768 total
- age   8:        328 bytes,       3096 total
: 87430K->6K(109248K), 0.0221240 secs] 99610K->12186K(502464K), 0.0223530 secs] [Times: user=0.03 sys=0.00, real=0.03 secs] 
Heap after GC invocations=166 (full 1):
 par new generation   total 109248K, used 6K [0x8ac00000, 0x92c00000, 0x92c00000)
  eden space 87424K,   0% used [0x8ac00000, 0x8ac00000, 0x90160000)
  from space 21824K,   0% used [0x916b0000, 0x916b1800, 0x92c00000)
  to   space 21824K,   0% used [0x90160000, 0x90160000, 0x916b0000)
 concurrent mark-sweep generation total 393216K, used 12180K [0x92c00000, 0xaac00000, 0xaac00000)
 concurrent-mark-sweep perm gen total 35404K, used 21240K [0xaac00000, 0xace93000, 0xb2c00000)
}
2015-02-20T15:49:58.789-0600: 1727.244: Total time for which application threads were stopped: 0.0249810 seconds
{Heap before GC invocations=166 (full 1):
 par new generation   total 109248K, used 87430K [0x8ac00000, 0x92c00000, 0x92c00000)
  eden space 87424K, 100% used [0x8ac00000, 0x90160000, 0x90160000)
  from space 21824K,   0% used [0x916b0000, 0x916b1800, 0x92c00000)
  to   space 21824K,   0% used [0x90160000, 0x90160000, 0x916b0000)
 concurrent mark-sweep generation total 393216K, used 12180K [0x92c00000, 0xaac00000, 0xaac00000)
 concurrent-mark-sweep perm gen total 35404K, used 21240K [0xaac00000, 0xace93000, 0xb2c00000)
2015-02-20T15:50:00.331-0600: 1728.786: [GC2015-02-20T15:50:00.331-0600: 1728.786: [ParNew
Desired survivor size 20112996 bytes, new threshold 8 (max 8)
- age   1:       1104 bytes,       1104 total
- age   2:        152 bytes,       1256 total
- age   3:        408 bytes,       1664 total
- age   4:        200 bytes,       1864 total
- age   5:        352 bytes,       2216 total
- age   6:        200 bytes,       2416 total
- age   7:        328 bytes,       2744 total
- age   8:        200 bytes,       2944 total
: 87430K->8K(109248K), 0.0064750 secs] 99610K->12188K(502464K), 0.0066620 secs] [Times: user=0.01 sys=0.00, real=0.01 secs] 
Heap after GC invocations=167 (full 1):
 par new generation   total 109248K, used 8K [0x8ac00000, 0x92c00000, 0x92c00000)
  eden space 87424K,   0% used [0x8ac00000, 0x8ac00000, 0x90160000)
  from space 21824K,   0% used [0x90160000, 0x90162000, 0x916b0000)
  to   space 21824K,   0% used [0x916b0000, 0x916b0000, 0x92c00000)
 concurrent mark-sweep generation total 393216K, used 12180K [0x92c00000, 0xaac00000, 0xaac00000)
 concurrent-mark-sweep perm gen total 35404K, used 21240K [0xaac00000, 0xace93000, 0xb2c00000)
}
2015-02-20T15:50:00.338-0600: 1728.793: Total time for which application threads were stopped: 0.0093450 seconds
{Heap before GC invocations=167 (full 1):
 par new generation   total 109248K, used 87432K [0x8ac00000, 0x92c00000, 0x92c00000)
  eden space 87424K, 100% used [0x8ac00000, 0x90160000, 0x90160000)
  from space 21824K,   0% used [0x90160000, 0x90162000, 0x916b0000)
  to   space 21824K,   0% used [0x916b0000, 0x916b0000, 0x92c00000)
 concurrent mark-sweep generation total 393216K, used 12180K [0x92c00000, 0xaac00000, 0xaac00000)
 concurrent-mark-sweep perm gen total 35404K, used 21240K [0xaac00000, 0xace93000, 0xb2c00000)
2015-02-20T15:50:01.881-0600: 1730.336: [GC2015-02-20T15:50:01.881-0600: 1730.336: [ParNew
Desired survivor size 20112996 bytes, new threshold 8 (max 8)
- age   1:       1008 bytes,       1008 total
- age   2:        456 bytes,       1464 total
- age   3:        152 bytes,       1616 total
- age   4:        408 bytes,       2024 total
- age   5:        200 bytes,       2224 total
- age   6:        352 bytes,       2576 total
- age   7:        200 bytes,       2776 total
- age   8:        328 bytes,       3104 total
: 87432K->8K(109248K), 0.0055240 secs] 99612K->12189K(502464K), 0.0057350 secs] [Times: user=0.01 sys=0.00, real=0.00 secs] 
Heap after GC invocations=168 (full 1):
 par new generation   total 109248K, used 8K [0x8ac00000, 0x92c00000, 0x92c00000)
  eden space 87424K,   0% used [0x8ac00000, 0x8ac00000, 0x90160000)
  from space 21824K,   0% used [0x916b0000, 0x916b2000, 0x92c00000)
  to   space 21824K,   0% used [0x90160000, 0x90160000, 0x916b0000)
 concurrent mark-sweep generation total 393216K, used 12181K [0x92c00000, 0xaac00000, 0xaac00000)
 concurrent-mark-sweep perm gen total 35404K, used 21240K [0xaac00000, 0xace93000, 0xb2c00000)
}
2015-02-20T15:50:01.887-0600: 1730.342: Total time for which application threads were stopped: 0.0084010 seconds
{Heap before GC invocations=168 (full 1):
 par new generation   total 109248K, used 87432K [0x8ac00000, 0x92c00000, 0x92c00000)
  eden space 87424K, 100% used [0x8ac00000, 0x90160000, 0x90160000)
  from space 21824K,   0% used [0x916b0000, 0x916b2000, 0x92c00000)
  to   space 21824K,   0% used [0x90160000, 0x90160000, 0x916b0000)
 concurrent mark-sweep generation total 393216K, used 12181K [0x92c00000, 0xaac00000, 0xaac00000)
 concurrent-mark-sweep perm gen total 35404K, used 21240K [0xaac00000, 0xace93000, 0xb2c00000)
2015-02-20T15:50:03.450-0600: 1731.905: [GC2015-02-20T15:50:03.450-0600: 1731.905: [ParNew
Desired survivor size 20112996 bytes, new threshold 8 (max 8)
- age   1:       1104 bytes,       1104 total
- age   2:        200 bytes,       1304 total
- age   3:        328 bytes,       1632 total
- age   4:        152 bytes,       1784 total
- age   5:        408 bytes,       2192 total
- age   6:        200 bytes,       2392 total
- age   7:        352 bytes,       2744 total
- age   8:        200 bytes,       2944 total
: 87432K->10K(109248K), 0.0107630 secs] 99613K->12191K(502464K), 0.0109990 secs] [Times: user=0.02 sys=0.00, real=0.01 secs] 
Heap after GC invocations=169 (full 1):
 par new generation   total 109248K, used 10K [0x8ac00000, 0x92c00000, 0x92c00000)
  eden space 87424K,   0% used [0x8ac00000, 0x8ac00000, 0x90160000)
  from space 21824K,   0% used [0x90160000, 0x90162800, 0x916b0000)
  to   space 21824K,   0% used [0x916b0000, 0x916b0000, 0x92c00000)
 concurrent mark-sweep generation total 393216K, used 12181K [0x92c00000, 0xaac00000, 0xaac00000)
 concurrent-mark-sweep perm gen total 35404K, used 21240K [0xaac00000, 0xace93000, 0xb2c00000)
}
2015-02-20T15:50:03.461-0600: 1731.916: Total time for which application threads were stopped: 0.0135870 seconds
{Heap before GC invocations=169 (full 1):
 par new generation   total 109248K, used 87434K [0x8ac00000, 0x92c00000, 0x92c00000)
  eden space 87424K, 100% used [0x8ac00000, 0x90160000, 0x90160000)
  from space 21824K,   0% used [0x90160000, 0x90162800, 0x916b0000)
  to   space 21824K,   0% used [0x916b0000, 0x916b0000, 0x92c00000)
 concurrent mark-sweep generation total 393216K, used 12181K [0x92c00000, 0xaac00000, 0xaac00000)
 concurrent-mark-sweep perm gen total 35404K, used 21240K [0xaac00000, 0xace93000, 0xb2c00000)
2015-02-20T15:50:05.333-0600: 1733.788: [GC2015-02-20T15:50:05.333-0600: 1733.789: [ParNew
Desired survivor size 20112996 bytes, new threshold 8 (max 8)
- age   1:       1152 bytes,       1152 total
- age   2:        328 bytes,       1480 total
- age   3:        200 bytes,       1680 total
- age   4:        328 bytes,       2008 total
- age   5:        152 bytes,       2160 total
- age   6:        408 bytes,       2568 total
- age   7:        200 bytes,       2768 total
- age   8:        352 bytes,       3120 total
: 87434K->6K(109248K), 0.0088860 secs] 99615K->12187K(502464K), 0.0090970 secs] [Times: user=0.02 sys=0.00, real=0.01 secs] 
Heap after GC invocations=170 (full 1):
 par new generation   total 109248K, used 6K [0x8ac00000, 0x92c00000, 0x92c00000)
  eden space 87424K,   0% used [0x8ac00000, 0x8ac00000, 0x90160000)
  from space 21824K,   0% used [0x916b0000, 0x916b1800, 0x92c00000)
  to   space 21824K,   0% used [0x90160000, 0x90160000, 0x916b0000)
 concurrent mark-sweep generation total 393216K, used 12181K [0x92c00000, 0xaac00000, 0xaac00000)
 concurrent-mark-sweep perm gen total 35404K, used 21240K [0xaac00000, 0xace93000, 0xb2c00000)
}
2015-02-20T15:50:05.343-0600: 1733.798: Total time for which application threads were stopped: 0.0116590 seconds
{Heap before GC invocations=170 (full 1):
 par new generation   total 109248K, used 87430K [0x8ac00000, 0x92c00000, 0x92c00000)
  eden space 87424K, 100% used [0x8ac00000, 0x90160000, 0x90160000)
  from space 21824K,   0% used [0x916b0000, 0x916b1800, 0x92c00000)
  to   space 21824K,   0% used [0x90160000, 0x90160000, 0x916b0000)
 concurrent mark-sweep generation total 393216K, used 12181K [0x92c00000, 0xaac00000, 0xaac00000)
 concurrent-mark-sweep perm gen total 35404K, used 21240K [0xaac00000, 0xace93000, 0xb2c00000)
2015-02-20T15:50:07.322-0600: 1735.777: [GC2015-02-20T15:50:07.322-0600: 1735.777: [ParNew
Desired survivor size 20112996 bytes, new threshold 8 (max 8)
- age   1:       1456 bytes,       1456 total
- age   2:        352 bytes,       1808 total
- age   3:        328 bytes,       2136 total
- age   4:        200 bytes,       2336 total
- age   5:        328 bytes,       2664 total
- age   6:        152 bytes,       2816 total
- age   7:        408 bytes,       3224 total
- age   8:        200 bytes,       3424 total
: 87430K->10K(109248K), 0.0103270 secs] 99611K->12191K(502464K), 0.0105660 secs] [Times: user=0.01 sys=0.00, real=0.01 secs] 
Heap after GC invocations=171 (full 1):
 par new generation   total 109248K, used 10K [0x8ac00000, 0x92c00000, 0x92c00000)
  eden space 87424K,   0% used [0x8ac00000, 0x8ac00000, 0x90160000)
  from space 21824K,   0% used [0x90160000, 0x90162800, 0x916b0000)
  to   space 21824K,   0% used [0x916b0000, 0x916b0000, 0x92c00000)
 concurrent mark-sweep generation total 393216K, used 12181K [0x92c00000, 0xaac00000, 0xaac00000)
 concurrent-mark-sweep perm gen total 35404K, used 21240K [0xaac00000, 0xace93000, 0xb2c00000)
}
2015-02-20T15:50:07.333-0600: 1735.788: Total time for which application threads were stopped: 0.0135730 seconds
{Heap before GC invocations=171 (full 1):
 par new generation   total 109248K, used 87434K [0x8ac00000, 0x92c00000, 0x92c00000)
  eden space 87424K, 100% used [0x8ac00000, 0x90160000, 0x90160000)
  from space 21824K,   0% used [0x90160000, 0x90162800, 0x916b0000)
  to   space 21824K,   0% used [0x916b0000, 0x916b0000, 0x92c00000)
 concurrent mark-sweep generation total 393216K, used 12181K [0x92c00000, 0xaac00000, 0xaac00000)
 concurrent-mark-sweep perm gen total 35404K, used 21240K [0xaac00000, 0xace93000, 0xb2c00000)
2015-02-20T15:50:08.954-0600: 1737.409: [GC2015-02-20T15:50:08.954-0600: 1737.409: [ParNew
Desired survivor size 20112996 bytes, new threshold 8 (max 8)
- age   1:       1128 bytes,       1128 total
- age   2:        352 bytes,       1480 total
- age   3:        352 bytes,       1832 total
- age   4:        328 bytes,       2160 total
- age   5:        200 bytes,       2360 total
- age   6:        328 bytes,       2688 total
- age   7:        152 bytes,       2840 total
- age   8:        408 bytes,       3248 total
: 87434K->8K(109248K), 0.0075930 secs] 99615K->12190K(502464K), 0.0078030 secs] [Times: user=0.02 sys=0.00, real=0.01 secs] 
Heap after GC invocations=172 (full 1):
 par new generation   total 109248K, used 8K [0x8ac00000, 0x92c00000, 0x92c00000)
  eden space 87424K,   0% used [0x8ac00000, 0x8ac00000, 0x90160000)
  from space 21824K,   0% used [0x916b0000, 0x916b2000, 0x92c00000)
  to   space 21824K,   0% used [0x90160000, 0x90160000, 0x916b0000)
 concurrent mark-sweep generation total 393216K, used 12182K [0x92c00000, 0xaac00000, 0xaac00000)
 concurrent-mark-sweep perm gen total 35404K, used 21240K [0xaac00000, 0xace93000, 0xb2c00000)
}
2015-02-20T15:50:08.961-0600: 1737.417: Total time for which application threads were stopped: 0.0104970 seconds
{Heap before GC invocations=172 (full 1):
 par new generation   total 109248K, used 87432K [0x8ac00000, 0x92c00000, 0x92c00000)
  eden space 87424K, 100% used [0x8ac00000, 0x90160000, 0x90160000)
  from space 21824K,   0% used [0x916b0000, 0x916b2000, 0x92c00000)
  to   space 21824K,   0% used [0x90160000, 0x90160000, 0x916b0000)
 concurrent mark-sweep generation total 393216K, used 12182K [0x92c00000, 0xaac00000, 0xaac00000)
 concurrent-mark-sweep perm gen total 35404K, used 21240K [0xaac00000, 0xace93000, 0xb2c00000)
2015-02-20T15:50:10.585-0600: 1739.040: [GC2015-02-20T15:50:10.585-0600: 1739.040: [ParNew
Desired survivor size 20112996 bytes, new threshold 8 (max 8)
- age   1:       1352 bytes,       1352 total
- age   2:        224 bytes,       1576 total
- age   3:        328 bytes,       1904 total
- age   4:        352 bytes,       2256 total
- age   5:        328 bytes,       2584 total
- age   6:        200 bytes,       2784 total
- age   7:        328 bytes,       3112 total
- age   8:        152 bytes,       3264 total
: 87432K->8K(109248K), 0.0065410 secs] 99614K->12190K(502464K), 0.0067990 secs] [Times: user=0.01 sys=0.00, real=0.01 secs] 
Heap after GC invocations=173 (full 1):
 par new generation   total 109248K, used 8K [0x8ac00000, 0x92c00000, 0x92c00000)
  eden space 87424K,   0% used [0x8ac00000, 0x8ac00000, 0x90160000)
  from space 21824K,   0% used [0x90160000, 0x90162000, 0x916b0000)
  to   space 21824K,   0% used [0x916b0000, 0x916b0000, 0x92c00000)
 concurrent mark-sweep generation total 393216K, used 12182K [0x92c00000, 0xaac00000, 0xaac00000)
 concurrent-mark-sweep perm gen total 35404K, used 21240K [0xaac00000, 0xace93000, 0xb2c00000)
}
2015-02-20T15:50:10.592-0600: 1739.047: Total time for which application threads were stopped: 0.0095730 seconds
{Heap before GC invocations=173 (full 1):
 par new generation   total 109248K, used 87432K [0x8ac00000, 0x92c00000, 0x92c00000)
  eden space 87424K, 100% used [0x8ac00000, 0x90160000, 0x90160000)
  from space 21824K,   0% used [0x90160000, 0x90162000, 0x916b0000)
  to   space 21824K,   0% used [0x916b0000, 0x916b0000, 0x92c00000)
 concurrent mark-sweep generation total 393216K, used 12182K [0x92c00000, 0xaac00000, 0xaac00000)
 concurrent-mark-sweep perm gen total 35404K, used 21240K [0xaac00000, 0xace93000, 0xb2c00000)
2015-02-20T15:50:12.201-0600: 1740.656: [GC2015-02-20T15:50:12.201-0600: 1740.656: [ParNew
Desired survivor size 20112996 bytes, new threshold 8 (max 8)
- age   1:       1024 bytes,       1024 total
- age   2:        424 bytes,       1448 total
- age   3:        224 bytes,       1672 total
- age   4:        328 bytes,       2000 total
- age   5:        352 bytes,       2352 total
- age   6:        328 bytes,       2680 total
- age   7:        200 bytes,       2880 total
- age   8:        328 bytes,       3208 total
: 87432K->6K(109248K), 0.0072560 secs] 99614K->12188K(502464K), 0.0074410 secs] [Times: user=0.01 sys=0.00, real=0.01 secs] 
Heap after GC invocations=174 (full 1):
 par new generation   total 109248K, used 6K [0x8ac00000, 0x92c00000, 0x92c00000)
  eden space 87424K,   0% used [0x8ac00000, 0x8ac00000, 0x90160000)
  from space 21824K,   0% used [0x916b0000, 0x916b1800, 0x92c00000)
  to   space 21824K,   0% used [0x90160000, 0x90160000, 0x916b0000)
 concurrent mark-sweep generation total 393216K, used 12182K [0x92c00000, 0xaac00000, 0xaac00000)
 concurrent-mark-sweep perm gen total 35404K, used 21240K [0xaac00000, 0xace93000, 0xb2c00000)
}
2015-02-20T15:50:12.208-0600: 1740.663: Total time for which application threads were stopped: 0.0100210 seconds
{Heap before GC invocations=174 (full 1):
 par new generation   total 109248K, used 87430K [0x8ac00000, 0x92c00000, 0x92c00000)
  eden space 87424K, 100% used [0x8ac00000, 0x90160000, 0x90160000)
  from space 21824K,   0% used [0x916b0000, 0x916b1800, 0x92c00000)
  to   space 21824K,   0% used [0x90160000, 0x90160000, 0x916b0000)
 concurrent mark-sweep generation total 393216K, used 12182K [0x92c00000, 0xaac00000, 0xaac00000)
 concurrent-mark-sweep perm gen total 35404K, used 21240K [0xaac00000, 0xace93000, 0xb2c00000)
2015-02-20T15:50:13.840-0600: 1742.295: [GC2015-02-20T15:50:13.841-0600: 1742.296: [ParNew
Desired survivor size 20112996 bytes, new threshold 8 (max 8)
- age   1:        768 bytes,        768 total
- age   2:        456 bytes,       1224 total
- age   3:        424 bytes,       1648 total
- age   4:        224 bytes,       1872 total
- age   5:        328 bytes,       2200 total
- age   6:        352 bytes,       2552 total
- age   7:        328 bytes,       2880 total
- age   8:        200 bytes,       3080 total
: 87430K->8K(109248K), 0.0066030 secs] 99612K->12191K(502464K), 0.0068390 secs] [Times: user=0.02 sys=0.00, real=0.00 secs] 
Heap after GC invocations=175 (full 1):
 par new generation   total 109248K, used 8K [0x8ac00000, 0x92c00000, 0x92c00000)
  eden space 87424K,   0% used [0x8ac00000, 0x8ac00000, 0x90160000)
  from space 21824K,   0% used [0x90160000, 0x90162000, 0x916b0000)
  to   space 21824K,   0% used [0x916b0000, 0x916b0000, 0x92c00000)
 concurrent mark-sweep generation total 393216K, used 12183K [0x92c00000, 0xaac00000, 0xaac00000)
 concurrent-mark-sweep perm gen total 35404K, used 21240K [0xaac00000, 0xace93000, 0xb2c00000)
}
2015-02-20T15:50:13.847-0600: 1742.302: Total time for which application threads were stopped: 0.0095360 seconds
{Heap before GC invocations=175 (full 1):
 par new generation   total 109248K, used 87432K [0x8ac00000, 0x92c00000, 0x92c00000)
  eden space 87424K, 100% used [0x8ac00000, 0x90160000, 0x90160000)
  from space 21824K,   0% used [0x90160000, 0x90162000, 0x916b0000)
  to   space 21824K,   0% used [0x916b0000, 0x916b0000, 0x92c00000)
 concurrent mark-sweep generation total 393216K, used 12183K [0x92c00000, 0xaac00000, 0xaac00000)
 concurrent-mark-sweep perm gen total 35404K, used 21240K [0xaac00000, 0xace93000, 0xb2c00000)
2015-02-20T15:50:15.095-0600: 1743.550: [GC2015-02-20T15:50:15.095-0600: 1743.550: [ParNew
Desired survivor size 20112996 bytes, new threshold 8 (max 8)
- age   1:        976 bytes,        976 total
- age   2:        200 bytes,       1176 total
- age   3:        328 bytes,       1504 total
- age   4:        424 bytes,       1928 total
- age   5:        224 bytes,       2152 total
- age   6:        328 bytes,       2480 total
- age   7:        352 bytes,       2832 total
- age   8:        328 bytes,       3160 total
: 87432K->8K(109248K), 0.0262290 secs] 99615K->12191K(502464K), 0.0264650 secs] [Times: user=0.03 sys=0.00, real=0.03 secs] 
Heap after GC invocations=176 (full 1):
 par new generation   total 109248K, used 8K [0x8ac00000, 0x92c00000, 0x92c00000)
  eden space 87424K,   0% used [0x8ac00000, 0x8ac00000, 0x90160000)
  from space 21824K,   0% used [0x916b0000, 0x916b2000, 0x92c00000)
  to   space 21824K,   0% used [0x90160000, 0x90160000, 0x916b0000)
 concurrent mark-sweep generation total 393216K, used 12183K [0x92c00000, 0xaac00000, 0xaac00000)
 concurrent-mark-sweep perm gen total 35404K, used 21240K [0xaac00000, 0xace93000, 0xb2c00000)
}
2015-02-20T15:50:15.121-0600: 1743.576: Total time for which application threads were stopped: 0.0368290 seconds
{Heap before GC invocations=176 (full 1):
 par new generation   total 109248K, used 87432K [0x8ac00000, 0x92c00000, 0x92c00000)
  eden space 87424K, 100% used [0x8ac00000, 0x90160000, 0x90160000)
  from space 21824K,   0% used [0x916b0000, 0x916b2000, 0x92c00000)
  to   space 21824K,   0% used [0x90160000, 0x90160000, 0x916b0000)
 concurrent mark-sweep generation total 393216K, used 12183K [0x92c00000, 0xaac00000, 0xaac00000)
 concurrent-mark-sweep perm gen total 35404K, used 21240K [0xaac00000, 0xace93000, 0xb2c00000)
2015-02-20T15:50:16.544-0600: 1744.999: [GC2015-02-20T15:50:16.544-0600: 1744.999: [ParNew
Desired survivor size 20112996 bytes, new threshold 8 (max 8)
- age   1:        856 bytes,        856 total
- age   2:        352 bytes,       1208 total
- age   3:        200 bytes,       1408 total
- age   4:        328 bytes,       1736 total
- age   5:        424 bytes,       2160 total
- age   6:        224 bytes,       2384 total
- age   7:        328 bytes,       2712 total
- age   8:        352 bytes,       3064 total
: 87432K->10K(109248K), 0.0247740 secs] 99615K->12193K(502464K), 0.0254870 secs] [Times: user=0.03 sys=0.00, real=0.03 secs] 
Heap after GC invocations=177 (full 1):
 par new generation   total 109248K, used 10K [0x8ac00000, 0x92c00000, 0x92c00000)
  eden space 87424K,   0% used [0x8ac00000, 0x8ac00000, 0x90160000)
  from space 21824K,   0% used [0x90160000, 0x90162800, 0x916b0000)
  to   space 21824K,   0% used [0x916b0000, 0x916b0000, 0x92c00000)
 concurrent mark-sweep generation total 393216K, used 12183K [0x92c00000, 0xaac00000, 0xaac00000)
 concurrent-mark-sweep perm gen total 35404K, used 21240K [0xaac00000, 0xace93000, 0xb2c00000)
}
2015-02-20T15:50:16.569-0600: 1745.024: Total time for which application threads were stopped: 0.0313400 seconds
{Heap before GC invocations=177 (full 1):
 par new generation   total 109248K, used 87434K [0x8ac00000, 0x92c00000, 0x92c00000)
  eden space 87424K, 100% used [0x8ac00000, 0x90160000, 0x90160000)
  from space 21824K,   0% used [0x90160000, 0x90162800, 0x916b0000)
  to   space 21824K,   0% used [0x916b0000, 0x916b0000, 0x92c00000)
 concurrent mark-sweep generation total 393216K, used 12183K [0x92c00000, 0xaac00000, 0xaac00000)
 concurrent-mark-sweep perm gen total 35404K, used 21240K [0xaac00000, 0xace93000, 0xb2c00000)
2015-02-20T15:50:17.899-0600: 1746.354: [GC2015-02-20T15:50:17.899-0600: 1746.354: [ParNew
Desired survivor size 20112996 bytes, new threshold 8 (max 8)
- age   1:        848 bytes,        848 total
- age   2:        352 bytes,       1200 total
- age   3:        328 bytes,       1528 total
- age   4:        200 bytes,       1728 total
- age   5:        328 bytes,       2056 total
- age   6:        424 bytes,       2480 total
- age   7:        224 bytes,       2704 total
- age   8:        328 bytes,       3032 total
: 87434K->6K(109248K), 0.0147230 secs] 99617K->12189K(502464K), 0.0149470 secs] [Times: user=0.02 sys=0.00, real=0.01 secs] 
Heap after GC invocations=178 (full 1):
 par new generation   total 109248K, used 6K [0x8ac00000, 0x92c00000, 0x92c00000)
  eden space 87424K,   0% used [0x8ac00000, 0x8ac00000, 0x90160000)
  from space 21824K,   0% used [0x916b0000, 0x916b1800, 0x92c00000)
  to   space 21824K,   0% used [0x90160000, 0x90160000, 0x916b0000)
 concurrent mark-sweep generation total 393216K, used 12183K [0x92c00000, 0xaac00000, 0xaac00000)
 concurrent-mark-sweep perm gen total 35404K, used 21240K [0xaac00000, 0xace93000, 0xb2c00000)
}
2015-02-20T15:50:17.914-0600: 1746.369: Total time for which application threads were stopped: 0.0177020 seconds
{Heap before GC invocations=178 (full 1):
 par new generation   total 109248K, used 87430K [0x8ac00000, 0x92c00000, 0x92c00000)
  eden space 87424K, 100% used [0x8ac00000, 0x90160000, 0x90160000)
  from space 21824K,   0% used [0x916b0000, 0x916b1800, 0x92c00000)
  to   space 21824K,   0% used [0x90160000, 0x90160000, 0x916b0000)
 concurrent mark-sweep generation total 393216K, used 12183K [0x92c00000, 0xaac00000, 0xaac00000)
 concurrent-mark-sweep perm gen total 35404K, used 21240K [0xaac00000, 0xace93000, 0xb2c00000)
2015-02-20T15:50:19.593-0600: 1748.048: [GC2015-02-20T15:50:19.594-0600: 1748.049: [ParNew
Desired survivor size 20112996 bytes, new threshold 8 (max 8)
- age   1:       1232 bytes,       1232 total
- age   2:        200 bytes,       1432 total
- age   3:        224 bytes,       1656 total
- age   4:        328 bytes,       1984 total
- age   5:        200 bytes,       2184 total
- age   6:        328 bytes,       2512 total
- age   7:        424 bytes,       2936 total
- age   8:        224 bytes,       3160 total
: 87430K->8K(109248K), 0.0252690 secs] 99613K->12192K(502464K), 0.0257920 secs] [Times: user=0.03 sys=0.00, real=0.03 secs] 
Heap after GC invocations=179 (full 1):
 par new generation   total 109248K, used 8K [0x8ac00000, 0x92c00000, 0x92c00000)
  eden space 87424K,   0% used [0x8ac00000, 0x8ac00000, 0x90160000)
  from space 21824K,   0% used [0x90160000, 0x90162000, 0x916b0000)
  to   space 21824K,   0% used [0x916b0000, 0x916b0000, 0x92c00000)
 concurrent mark-sweep generation total 393216K, used 12184K [0x92c00000, 0xaac00000, 0xaac00000)
 concurrent-mark-sweep perm gen total 35404K, used 21240K [0xaac00000, 0xace93000, 0xb2c00000)
}
2015-02-20T15:50:19.620-0600: 1748.075: Total time for which application threads were stopped: 0.0305610 seconds
{Heap before GC invocations=179 (full 1):
 par new generation   total 109248K, used 87432K [0x8ac00000, 0x92c00000, 0x92c00000)
  eden space 87424K, 100% used [0x8ac00000, 0x90160000, 0x90160000)
  from space 21824K,   0% used [0x90160000, 0x90162000, 0x916b0000)
  to   space 21824K,   0% used [0x916b0000, 0x916b0000, 0x92c00000)
 concurrent mark-sweep generation total 393216K, used 12184K [0x92c00000, 0xaac00000, 0xaac00000)
 concurrent-mark-sweep perm gen total 35404K, used 21240K [0xaac00000, 0xace93000, 0xb2c00000)
2015-02-20T15:50:20.785-0600: 1749.240: [GC2015-02-20T15:50:20.786-0600: 1749.241: [ParNew
Desired survivor size 20112996 bytes, new threshold 8 (max 8)
- age   1:        752 bytes,        752 total
- age   2:        352 bytes,       1104 total
- age   3:        200 bytes,       1304 total
- age   4:        224 bytes,       1528 total
- age   5:        328 bytes,       1856 total
- age   6:        200 bytes,       2056 total
- age   7:        328 bytes,       2384 total
- age   8:        424 bytes,       2808 total
: 87432K->8K(109248K), 0.0193050 secs] 99616K->12192K(502464K), 0.0201090 secs] [Times: user=0.02 sys=0.00, real=0.02 secs] 
Heap after GC invocations=180 (full 1):
 par new generation   total 109248K, used 8K [0x8ac00000, 0x92c00000, 0x92c00000)
  eden space 87424K,   0% used [0x8ac00000, 0x8ac00000, 0x90160000)
  from space 21824K,   0% used [0x916b0000, 0x916b2000, 0x92c00000)
  to   space 21824K,   0% used [0x90160000, 0x90160000, 0x916b0000)
 concurrent mark-sweep generation total 393216K, used 12184K [0x92c00000, 0xaac00000, 0xaac00000)
 concurrent-mark-sweep perm gen total 35404K, used 21240K [0xaac00000, 0xace93000, 0xb2c00000)
}
2015-02-20T15:50:20.806-0600: 1749.261: Total time for which application threads were stopped: 0.0309620 seconds
{Heap before GC invocations=180 (full 1):
 par new generation   total 109248K, used 87432K [0x8ac00000, 0x92c00000, 0x92c00000)
  eden space 87424K, 100% used [0x8ac00000, 0x90160000, 0x90160000)
  from space 21824K,   0% used [0x916b0000, 0x916b2000, 0x92c00000)
  to   space 21824K,   0% used [0x90160000, 0x90160000, 0x916b0000)
 concurrent mark-sweep generation total 393216K, used 12184K [0x92c00000, 0xaac00000, 0xaac00000)
 concurrent-mark-sweep perm gen total 35404K, used 21240K [0xaac00000, 0xace93000, 0xb2c00000)
2015-02-20T15:50:22.379-0600: 1750.834: [GC2015-02-20T15:50:22.379-0600: 1750.834: [ParNew
Desired survivor size 20112996 bytes, new threshold 8 (max 8)
- age   1:       1456 bytes,       1456 total
- age   2:        128 bytes,       1584 total
- age   3:        328 bytes,       1912 total
- age   4:        200 bytes,       2112 total
- age   5:        224 bytes,       2336 total
- age   6:        328 bytes,       2664 total
- age   7:        200 bytes,       2864 total
- age   8:        328 bytes,       3192 total
: 87432K->6K(109248K), 0.0135620 secs] 99616K->12190K(502464K), 0.0137710 secs] [Times: user=0.03 sys=0.00, real=0.01 secs] 
Heap after GC invocations=181 (full 1):
 par new generation   total 109248K, used 6K [0x8ac00000, 0x92c00000, 0x92c00000)
  eden space 87424K,   0% used [0x8ac00000, 0x8ac00000, 0x90160000)
  from space 21824K,   0% used [0x90160000, 0x90161800, 0x916b0000)
  to   space 21824K,   0% used [0x916b0000, 0x916b0000, 0x92c00000)
 concurrent mark-sweep generation total 393216K, used 12184K [0x92c00000, 0xaac00000, 0xaac00000)
 concurrent-mark-sweep perm gen total 35404K, used 21240K [0xaac00000, 0xace93000, 0xb2c00000)
}
2015-02-20T15:50:22.393-0600: 1750.848: Total time for which application threads were stopped: 0.0165950 seconds
{Heap before GC invocations=181 (full 1):
 par new generation   total 109248K, used 87430K [0x8ac00000, 0x92c00000, 0x92c00000)
  eden space 87424K, 100% used [0x8ac00000, 0x90160000, 0x90160000)
  from space 21824K,   0% used [0x90160000, 0x90161800, 0x916b0000)
  to   space 21824K,   0% used [0x916b0000, 0x916b0000, 0x92c00000)
 concurrent mark-sweep generation total 393216K, used 12184K [0x92c00000, 0xaac00000, 0xaac00000)
 concurrent-mark-sweep perm gen total 35404K, used 21240K [0xaac00000, 0xace93000, 0xb2c00000)
2015-02-20T15:50:23.731-0600: 1752.186: [GC2015-02-20T15:50:23.731-0600: 1752.186: [ParNew
Desired survivor size 20112996 bytes, new threshold 8 (max 8)
- age   1:        584 bytes,        584 total
- age   2:        456 bytes,       1040 total
- age   3:        128 bytes,       1168 total
- age   4:        328 bytes,       1496 total
- age   5:        200 bytes,       1696 total
- age   6:        224 bytes,       1920 total
- age   7:        328 bytes,       2248 total
- age   8:        200 bytes,       2448 total
: 87430K->8K(109248K), 0.0061560 secs] 99614K->12193K(502464K), 0.0063380 secs] [Times: user=0.00 sys=0.00, real=0.01 secs] 
Heap after GC invocations=182 (full 1):
 par new generation   total 109248K, used 8K [0x8ac00000, 0x92c00000, 0x92c00000)
  eden space 87424K,   0% used [0x8ac00000, 0x8ac00000, 0x90160000)
  from space 21824K,   0% used [0x916b0000, 0x916b2000, 0x92c00000)
  to   space 21824K,   0% used [0x90160000, 0x90160000, 0x916b0000)
 concurrent mark-sweep generation total 393216K, used 12185K [0x92c00000, 0xaac00000, 0xaac00000)
 concurrent-mark-sweep perm gen total 35404K, used 21240K [0xaac00000, 0xace93000, 0xb2c00000)
}
2015-02-20T15:50:23.738-0600: 1752.193: Total time for which application threads were stopped: 0.0089650 seconds
{Heap before GC invocations=182 (full 1):
 par new generation   total 109248K, used 87432K [0x8ac00000, 0x92c00000, 0x92c00000)
  eden space 87424K, 100% used [0x8ac00000, 0x90160000, 0x90160000)
  from space 21824K,   0% used [0x916b0000, 0x916b2000, 0x92c00000)
  to   space 21824K,   0% used [0x90160000, 0x90160000, 0x916b0000)
 concurrent mark-sweep generation total 393216K, used 12185K [0x92c00000, 0xaac00000, 0xaac00000)
 concurrent-mark-sweep perm gen total 35404K, used 21240K [0xaac00000, 0xace93000, 0xb2c00000)
2015-02-20T15:50:25.470-0600: 1753.925: [GC2015-02-20T15:50:25.470-0600: 1753.925: [ParNew
Desired survivor size 20112996 bytes, new threshold 8 (max 8)
- age   1:        952 bytes,        952 total
- age   2:        200 bytes,       1152 total
- age   3:        328 bytes,       1480 total
- age   4:        128 bytes,       1608 total
- age   5:        328 bytes,       1936 total
- age   6:        200 bytes,       2136 total
- age   7:        224 bytes,       2360 total
- age   8:        328 bytes,       2688 total
: 87432K->6K(109248K), 0.0137140 secs] 99617K->12191K(502464K), 0.0138950 secs] [Times: user=0.03 sys=0.00, real=0.01 secs] 
Heap after GC invocations=183 (full 1):
 par new generation   total 109248K, used 6K [0x8ac00000, 0x92c00000, 0x92c00000)
  eden space 87424K,   0% used [0x8ac00000, 0x8ac00000, 0x90160000)
  from space 21824K,   0% used [0x90160000, 0x90161800, 0x916b0000)
  to   space 21824K,   0% used [0x916b0000, 0x916b0000, 0x92c00000)
 concurrent mark-sweep generation total 393216K, used 12185K [0x92c00000, 0xaac00000, 0xaac00000)
 concurrent-mark-sweep perm gen total 35404K, used 21240K [0xaac00000, 0xace93000, 0xb2c00000)
}
2015-02-20T15:50:25.484-0600: 1753.939: Total time for which application threads were stopped: 0.0165370 seconds
{Heap before GC invocations=183 (full 1):
 par new generation   total 109248K, used 87430K [0x8ac00000, 0x92c00000, 0x92c00000)
  eden space 87424K, 100% used [0x8ac00000, 0x90160000, 0x90160000)
  from space 21824K,   0% used [0x90160000, 0x90161800, 0x916b0000)
  to   space 21824K,   0% used [0x916b0000, 0x916b0000, 0x92c00000)
 concurrent mark-sweep generation total 393216K, used 12185K [0x92c00000, 0xaac00000, 0xaac00000)
 concurrent-mark-sweep perm gen total 35404K, used 21240K [0xaac00000, 0xace93000, 0xb2c00000)
2015-02-20T15:50:27.518-0600: 1755.973: [GC2015-02-20T15:50:27.518-0600: 1755.973: [ParNew
Desired survivor size 20112996 bytes, new threshold 8 (max 8)
- age   1:       1472 bytes,       1472 total
- age   2:        352 bytes,       1824 total
- age   3:        200 bytes,       2024 total
- age   4:        328 bytes,       2352 total
- age   5:        128 bytes,       2480 total
- age   6:        328 bytes,       2808 total
- age   7:        200 bytes,       3008 total
- age   8:        224 bytes,       3232 total
: 87430K->10K(109248K), 0.0060130 secs] 99615K->12195K(502464K), 0.0062480 secs] [Times: user=0.00 sys=0.00, real=0.00 secs] 
Heap after GC invocations=184 (full 1):
 par new generation   total 109248K, used 10K [0x8ac00000, 0x92c00000, 0x92c00000)
  eden space 87424K,   0% used [0x8ac00000, 0x8ac00000, 0x90160000)
  from space 21824K,   0% used [0x916b0000, 0x916b2800, 0x92c00000)
  to   space 21824K,   0% used [0x90160000, 0x90160000, 0x916b0000)
 concurrent mark-sweep generation total 393216K, used 12185K [0x92c00000, 0xaac00000, 0xaac00000)
 concurrent-mark-sweep perm gen total 35404K, used 21240K [0xaac00000, 0xace93000, 0xb2c00000)
}
2015-02-20T15:50:27.525-0600: 1755.980: Total time for which application threads were stopped: 0.0089730 seconds
{Heap before GC invocations=184 (full 1):
 par new generation   total 109248K, used 87434K [0x8ac00000, 0x92c00000, 0x92c00000)
  eden space 87424K, 100% used [0x8ac00000, 0x90160000, 0x90160000)
  from space 21824K,   0% used [0x916b0000, 0x916b2800, 0x92c00000)
  to   space 21824K,   0% used [0x90160000, 0x90160000, 0x916b0000)
 concurrent mark-sweep generation total 393216K, used 12185K [0x92c00000, 0xaac00000, 0xaac00000)
 concurrent-mark-sweep perm gen total 35404K, used 21240K [0xaac00000, 0xace93000, 0xb2c00000)
2015-02-20T15:50:29.350-0600: 1757.805: [GC2015-02-20T15:50:29.350-0600: 1757.805: [ParNew
Desired survivor size 20112996 bytes, new threshold 8 (max 8)
- age   1:       1000 bytes,       1000 total
- age   2:        704 bytes,       1704 total
- age   3:        352 bytes,       2056 total
- age   4:        200 bytes,       2256 total
- age   5:        328 bytes,       2584 total
- age   6:        128 bytes,       2712 total
- age   7:        328 bytes,       3040 total
- age   8:        200 bytes,       3240 total
: 87434K->8K(109248K), 0.0328160 secs] 99619K->12193K(502464K), 0.0330770 secs] [Times: user=0.04 sys=0.00, real=0.03 secs] 
Heap after GC invocations=185 (full 1):
 par new generation   total 109248K, used 8K [0x8ac00000, 0x92c00000, 0x92c00000)
  eden space 87424K,   0% used [0x8ac00000, 0x8ac00000, 0x90160000)
  from space 21824K,   0% used [0x90160000, 0x90162000, 0x916b0000)
  to   space 21824K,   0% used [0x916b0000, 0x916b0000, 0x92c00000)
 concurrent mark-sweep generation total 393216K, used 12185K [0x92c00000, 0xaac00000, 0xaac00000)
 concurrent-mark-sweep perm gen total 35404K, used 21240K [0xaac00000, 0xace93000, 0xb2c00000)
}
2015-02-20T15:50:29.383-0600: 1757.838: Total time for which application threads were stopped: 0.0358920 seconds
{Heap before GC invocations=185 (full 1):
 par new generation   total 109248K, used 87432K [0x8ac00000, 0x92c00000, 0x92c00000)
  eden space 87424K, 100% used [0x8ac00000, 0x90160000, 0x90160000)
  from space 21824K,   0% used [0x90160000, 0x90162000, 0x916b0000)
  to   space 21824K,   0% used [0x916b0000, 0x916b0000, 0x92c00000)
 concurrent mark-sweep generation total 393216K, used 12185K [0x92c00000, 0xaac00000, 0xaac00000)
 concurrent-mark-sweep perm gen total 35404K, used 21240K [0xaac00000, 0xace93000, 0xb2c00000)
2015-02-20T15:50:30.664-0600: 1759.120: [GC2015-02-20T15:50:30.665-0600: 1759.120: [ParNew
Desired survivor size 20112996 bytes, new threshold 8 (max 8)
- age   1:       1016 bytes,       1016 total
- age   2:        352 bytes,       1368 total
- age   3:        704 bytes,       2072 total
- age   4:        352 bytes,       2424 total
- age   5:        200 bytes,       2624 total
- age   6:        328 bytes,       2952 total
- age   7:        128 bytes,       3080 total
- age   8:        328 bytes,       3408 total
: 87432K->8K(109248K), 0.0277650 secs] 99617K->12194K(502464K), 0.0282210 secs] [Times: user=0.03 sys=0.00, real=0.03 secs] 
Heap after GC invocations=186 (full 1):
 par new generation   total 109248K, used 8K [0x8ac00000, 0x92c00000, 0x92c00000)
  eden space 87424K,   0% used [0x8ac00000, 0x8ac00000, 0x90160000)
  from space 21824K,   0% used [0x916b0000, 0x916b2000, 0x92c00000)
  to   space 21824K,   0% used [0x90160000, 0x90160000, 0x916b0000)
 concurrent mark-sweep generation total 393216K, used 12186K [0x92c00000, 0xaac00000, 0xaac00000)
 concurrent-mark-sweep perm gen total 35404K, used 21240K [0xaac00000, 0xace93000, 0xb2c00000)
}
2015-02-20T15:50:30.693-0600: 1759.148: Total time for which application threads were stopped: 0.0331220 seconds
{Heap before GC invocations=186 (full 1):
 par new generation   total 109248K, used 87432K [0x8ac00000, 0x92c00000, 0x92c00000)
  eden space 87424K, 100% used [0x8ac00000, 0x90160000, 0x90160000)
  from space 21824K,   0% used [0x916b0000, 0x916b2000, 0x92c00000)
  to   space 21824K,   0% used [0x90160000, 0x90160000, 0x916b0000)
 concurrent mark-sweep generation total 393216K, used 12186K [0x92c00000, 0xaac00000, 0xaac00000)
 concurrent-mark-sweep perm gen total 35404K, used 21240K [0xaac00000, 0xace93000, 0xb2c00000)
2015-02-20T15:50:32.031-0600: 1760.486: [GC2015-02-20T15:50:32.031-0600: 1760.486: [ParNew
Desired survivor size 20112996 bytes, new threshold 8 (max 8)
- age   1:       1256 bytes,       1256 total
- age   2:        128 bytes,       1384 total
- age   3:        328 bytes,       1712 total
- age   4:        704 bytes,       2416 total
- age   5:        352 bytes,       2768 total
- age   6:        200 bytes,       2968 total
- age   7:        328 bytes,       3296 total
- age   8:        128 bytes,       3424 total
: 87432K->8K(109248K), 0.0092360 secs] 99618K->12194K(502464K), 0.0094770 secs] [Times: user=0.01 sys=0.00, real=0.01 secs] 
Heap after GC invocations=187 (full 1):
 par new generation   total 109248K, used 8K [0x8ac00000, 0x92c00000, 0x92c00000)
  eden space 87424K,   0% used [0x8ac00000, 0x8ac00000, 0x90160000)
  from space 21824K,   0% used [0x90160000, 0x90162000, 0x916b0000)
  to   space 21824K,   0% used [0x916b0000, 0x916b0000, 0x92c00000)
 concurrent mark-sweep generation total 393216K, used 12186K [0x92c00000, 0xaac00000, 0xaac00000)
 concurrent-mark-sweep perm gen total 35404K, used 21240K [0xaac00000, 0xace93000, 0xb2c00000)
}
2015-02-20T15:50:32.041-0600: 1760.496: Total time for which application threads were stopped: 0.0120940 seconds
{Heap before GC invocations=187 (full 1):
 par new generation   total 109248K, used 87432K [0x8ac00000, 0x92c00000, 0x92c00000)
  eden space 87424K, 100% used [0x8ac00000, 0x90160000, 0x90160000)
  from space 21824K,   0% used [0x90160000, 0x90162000, 0x916b0000)
  to   space 21824K,   0% used [0x916b0000, 0x916b0000, 0x92c00000)
 concurrent mark-sweep generation total 393216K, used 12186K [0x92c00000, 0xaac00000, 0xaac00000)
 concurrent-mark-sweep perm gen total 35404K, used 21240K [0xaac00000, 0xace93000, 0xb2c00000)
2015-02-20T15:50:34.003-0600: 1762.458: [GC2015-02-20T15:50:34.003-0600: 1762.458: [ParNew
Desired survivor size 20112996 bytes, new threshold 8 (max 8)
- age   1:       1272 bytes,       1272 total
- age   2:        400 bytes,       1672 total
- age   3:        128 bytes,       1800 total
- age   4:        328 bytes,       2128 total
- age   5:        704 bytes,       2832 total
- age   6:        352 bytes,       3184 total
- age   7:        200 bytes,       3384 total
- age   8:        328 bytes,       3712 total
: 87432K->8K(109248K), 0.0068120 secs] 99618K->12194K(502464K), 0.0070390 secs] [Times: user=0.01 sys=0.00, real=0.01 secs] 
Heap after GC invocations=188 (full 1):
 par new generation   total 109248K, used 8K [0x8ac00000, 0x92c00000, 0x92c00000)
  eden space 87424K,   0% used [0x8ac00000, 0x8ac00000, 0x90160000)
  from space 21824K,   0% used [0x916b0000, 0x916b2000, 0x92c00000)
  to   space 21824K,   0% used [0x90160000, 0x90160000, 0x916b0000)
 concurrent mark-sweep generation total 393216K, used 12186K [0x92c00000, 0xaac00000, 0xaac00000)
 concurrent-mark-sweep perm gen total 35404K, used 21240K [0xaac00000, 0xace93000, 0xb2c00000)
}
2015-02-20T15:50:34.010-0600: 1762.465: Total time for which application threads were stopped: 0.0100300 seconds
{Heap before GC invocations=188 (full 1):
 par new generation   total 109248K, used 87432K [0x8ac00000, 0x92c00000, 0x92c00000)
  eden space 87424K, 100% used [0x8ac00000, 0x90160000, 0x90160000)
  from space 21824K,   0% used [0x916b0000, 0x916b2000, 0x92c00000)
  to   space 21824K,   0% used [0x90160000, 0x90160000, 0x916b0000)
 concurrent mark-sweep generation total 393216K, used 12186K [0x92c00000, 0xaac00000, 0xaac00000)
 concurrent-mark-sweep perm gen total 35404K, used 21240K [0xaac00000, 0xace93000, 0xb2c00000)
2015-02-20T15:50:35.963-0600: 1764.418: [GC2015-02-20T15:50:35.963-0600: 1764.418: [ParNew
Desired survivor size 20112996 bytes, new threshold 8 (max 8)
- age   1:        720 bytes,        720 total
- age   2:        464 bytes,       1184 total
- age   3:        400 bytes,       1584 total
- age   4:        128 bytes,       1712 total
- age   5:        328 bytes,       2040 total
- age   6:        704 bytes,       2744 total
- age   7:        352 bytes,       3096 total
- age   8:        200 bytes,       3296 total
: 87432K->6K(109248K), 0.0122370 secs] 99618K->12192K(502464K), 0.0124810 secs] [Times: user=0.01 sys=0.00, real=0.01 secs] 
Heap after GC invocations=189 (full 1):
 par new generation   total 109248K, used 6K [0x8ac00000, 0x92c00000, 0x92c00000)
  eden space 87424K,   0% used [0x8ac00000, 0x8ac00000, 0x90160000)
  from space 21824K,   0% used [0x90160000, 0x90161800, 0x916b0000)
  to   space 21824K,   0% used [0x916b0000, 0x916b0000, 0x92c00000)
 concurrent mark-sweep generation total 393216K, used 12186K [0x92c00000, 0xaac00000, 0xaac00000)
 concurrent-mark-sweep perm gen total 35404K, used 21240K [0xaac00000, 0xace93000, 0xb2c00000)
}
2015-02-20T15:50:35.976-0600: 1764.431: Total time for which application threads were stopped: 0.0151910 seconds
{Heap before GC invocations=189 (full 1):
 par new generation   total 109248K, used 87430K [0x8ac00000, 0x92c00000, 0x92c00000)
  eden space 87424K, 100% used [0x8ac00000, 0x90160000, 0x90160000)
  from space 21824K,   0% used [0x90160000, 0x90161800, 0x916b0000)
  to   space 21824K,   0% used [0x916b0000, 0x916b0000, 0x92c00000)
 concurrent mark-sweep generation total 393216K, used 12186K [0x92c00000, 0xaac00000, 0xaac00000)
 concurrent-mark-sweep perm gen total 35404K, used 21240K [0xaac00000, 0xace93000, 0xb2c00000)
2015-02-20T15:50:37.746-0600: 1766.201: [GC2015-02-20T15:50:37.747-0600: 1766.202: [ParNew
Desired survivor size 20112996 bytes, new threshold 8 (max 8)
- age   1:       1184 bytes,       1184 total
- age   2:        216 bytes,       1400 total
- age   3:        336 bytes,       1736 total
- age   4:        400 bytes,       2136 total
- age   5:        128 bytes,       2264 total
- age   6:        328 bytes,       2592 total
- age   7:        704 bytes,       3296 total
- age   8:        352 bytes,       3648 total
: 87430K->6K(109248K), 0.0260650 secs] 99616K->12193K(502464K), 0.0270890 secs] [Times: user=0.03 sys=0.00, real=0.03 secs] 
Heap after GC invocations=190 (full 1):
 par new generation   total 109248K, used 6K [0x8ac00000, 0x92c00000, 0x92c00000)
  eden space 87424K,   0% used [0x8ac00000, 0x8ac00000, 0x90160000)
  from space 21824K,   0% used [0x916b0000, 0x916b1800, 0x92c00000)
  to   space 21824K,   0% used [0x90160000, 0x90160000, 0x916b0000)
 concurrent mark-sweep generation total 393216K, used 12187K [0x92c00000, 0xaac00000, 0xaac00000)
 concurrent-mark-sweep perm gen total 35404K, used 21240K [0xaac00000, 0xace93000, 0xb2c00000)
}
2015-02-20T15:50:37.773-0600: 1766.228: Total time for which application threads were stopped: 0.0305520 seconds
{Heap before GC invocations=190 (full 1):
 par new generation   total 109248K, used 87430K [0x8ac00000, 0x92c00000, 0x92c00000)
  eden space 87424K, 100% used [0x8ac00000, 0x90160000, 0x90160000)
  from space 21824K,   0% used [0x916b0000, 0x916b1800, 0x92c00000)
  to   space 21824K,   0% used [0x90160000, 0x90160000, 0x916b0000)
 concurrent mark-sweep generation total 393216K, used 12187K [0x92c00000, 0xaac00000, 0xaac00000)
 concurrent-mark-sweep perm gen total 35404K, used 21240K [0xaac00000, 0xace93000, 0xb2c00000)
2015-02-20T15:50:39.312-0600: 1767.767: [GC2015-02-20T15:50:39.312-0600: 1767.767: [ParNew
Desired survivor size 20112996 bytes, new threshold 8 (max 8)
- age   1:        928 bytes,        928 total
- age   2:        352 bytes,       1280 total
- age   3:        216 bytes,       1496 total
- age   4:        336 bytes,       1832 total
- age   5:        400 bytes,       2232 total
- age   6:        128 bytes,       2360 total
- age   7:        328 bytes,       2688 total
- age   8:        704 bytes,       3392 total
: 87430K->8K(109248K), 0.0112840 secs] 99617K->12195K(502464K), 0.0115130 secs] [Times: user=0.03 sys=0.00, real=0.01 secs] 
Heap after GC invocations=191 (full 1):
 par new generation   total 109248K, used 8K [0x8ac00000, 0x92c00000, 0x92c00000)
  eden space 87424K,   0% used [0x8ac00000, 0x8ac00000, 0x90160000)
  from space 21824K,   0% used [0x90160000, 0x90162000, 0x916b0000)
  to   space 21824K,   0% used [0x916b0000, 0x916b0000, 0x92c00000)
 concurrent mark-sweep generation total 393216K, used 12187K [0x92c00000, 0xaac00000, 0xaac00000)
 concurrent-mark-sweep perm gen total 35404K, used 21240K [0xaac00000, 0xace93000, 0xb2c00000)
}
2015-02-20T15:50:39.323-0600: 1767.778: Total time for which application threads were stopped: 0.0142600 seconds
{Heap before GC invocations=191 (full 1):
 par new generation   total 109248K, used 87432K [0x8ac00000, 0x92c00000, 0x92c00000)
  eden space 87424K, 100% used [0x8ac00000, 0x90160000, 0x90160000)
  from space 21824K,   0% used [0x90160000, 0x90162000, 0x916b0000)
  to   space 21824K,   0% used [0x916b0000, 0x916b0000, 0x92c00000)
 concurrent mark-sweep generation total 393216K, used 12187K [0x92c00000, 0xaac00000, 0xaac00000)
 concurrent-mark-sweep perm gen total 35404K, used 21240K [0xaac00000, 0xace93000, 0xb2c00000)
2015-02-20T15:50:40.933-0600: 1769.388: [GC2015-02-20T15:50:40.933-0600: 1769.388: [ParNew
Desired survivor size 20112996 bytes, new threshold 8 (max 8)
- age   1:        808 bytes,        808 total
- age   2:        352 bytes,       1160 total
- age   3:        352 bytes,       1512 total
- age   4:        216 bytes,       1728 total
- age   5:        336 bytes,       2064 total
- age   6:        400 bytes,       2464 total
- age   7:        128 bytes,       2592 total
- age   8:        328 bytes,       2920 total
: 87432K->6K(109248K), 0.0078920 secs] 99619K->12194K(502464K), 0.0080980 secs] [Times: user=0.01 sys=0.00, real=0.01 secs] 
Heap after GC invocations=192 (full 1):
 par new generation   total 109248K, used 6K [0x8ac00000, 0x92c00000, 0x92c00000)
  eden space 87424K,   0% used [0x8ac00000, 0x8ac00000, 0x90160000)
  from space 21824K,   0% used [0x916b0000, 0x916b1800, 0x92c00000)
  to   space 21824K,   0% used [0x90160000, 0x90160000, 0x916b0000)
 concurrent mark-sweep generation total 393216K, used 12188K [0x92c00000, 0xaac00000, 0xaac00000)
 concurrent-mark-sweep perm gen total 35404K, used 21240K [0xaac00000, 0xace93000, 0xb2c00000)
}
2015-02-20T15:50:40.941-0600: 1769.396: Total time for which application threads were stopped: 0.0107360 seconds
{Heap before GC invocations=192 (full 1):
 par new generation   total 109248K, used 87430K [0x8ac00000, 0x92c00000, 0x92c00000)
  eden space 87424K, 100% used [0x8ac00000, 0x90160000, 0x90160000)
  from space 21824K,   0% used [0x916b0000, 0x916b1800, 0x92c00000)
  to   space 21824K,   0% used [0x90160000, 0x90160000, 0x916b0000)
 concurrent mark-sweep generation total 393216K, used 12188K [0x92c00000, 0xaac00000, 0xaac00000)
 concurrent-mark-sweep perm gen total 35404K, used 21240K [0xaac00000, 0xace93000, 0xb2c00000)
2015-02-20T15:50:42.582-0600: 1771.037: [GC2015-02-20T15:50:42.582-0600: 1771.037: [ParNew
Desired survivor size 20112996 bytes, new threshold 8 (max 8)
- age   1:       1328 bytes,       1328 total
- age   2:        176 bytes,       1504 total
- age   3:        328 bytes,       1832 total
- age   4:        352 bytes,       2184 total
- age   5:        216 bytes,       2400 total
- age   6:        336 bytes,       2736 total
- age   7:        400 bytes,       3136 total
- age   8:        128 bytes,       3264 total
: 87430K->8K(109248K), 0.0071950 secs] 99618K->12196K(502464K), 0.0073660 secs] [Times: user=0.02 sys=0.00, real=0.01 secs] 
Heap after GC invocations=193 (full 1):
 par new generation   total 109248K, used 8K [0x8ac00000, 0x92c00000, 0x92c00000)
  eden space 87424K,   0% used [0x8ac00000, 0x8ac00000, 0x90160000)
  from space 21824K,   0% used [0x90160000, 0x90162000, 0x916b0000)
  to   space 21824K,   0% used [0x916b0000, 0x916b0000, 0x92c00000)
 concurrent mark-sweep generation total 393216K, used 12188K [0x92c00000, 0xaac00000, 0xaac00000)
 concurrent-mark-sweep perm gen total 35404K, used 21240K [0xaac00000, 0xace93000, 0xb2c00000)
}
2015-02-20T15:50:42.590-0600: 1771.045: Total time for which application threads were stopped: 0.0100260 seconds
{Heap before GC invocations=193 (full 1):
 par new generation   total 109248K, used 87432K [0x8ac00000, 0x92c00000, 0x92c00000)
  eden space 87424K, 100% used [0x8ac00000, 0x90160000, 0x90160000)
  from space 21824K,   0% used [0x90160000, 0x90162000, 0x916b0000)
  to   space 21824K,   0% used [0x916b0000, 0x916b0000, 0x92c00000)
 concurrent mark-sweep generation total 393216K, used 12188K [0x92c00000, 0xaac00000, 0xaac00000)
 concurrent-mark-sweep perm gen total 35404K, used 21240K [0xaac00000, 0xace93000, 0xb2c00000)
2015-02-20T15:50:44.293-0600: 1772.748: [GC2015-02-20T15:50:44.293-0600: 1772.748: [ParNew
Desired survivor size 20112996 bytes, new threshold 8 (max 8)
- age   1:       1256 bytes,       1256 total
- age   2:        400 bytes,       1656 total
- age   3:        176 bytes,       1832 total
- age   4:        328 bytes,       2160 total
- age   5:        352 bytes,       2512 total
- age   6:        216 bytes,       2728 total
- age   7:        336 bytes,       3064 total
- age   8:        400 bytes,       3464 total
: 87432K->6K(109248K), 0.0219430 secs] 99620K->12194K(502464K), 0.0221710 secs] [Times: user=0.02 sys=0.00, real=0.02 secs] 
Heap after GC invocations=194 (full 1):
 par new generation   total 109248K, used 6K [0x8ac00000, 0x92c00000, 0x92c00000)
  eden space 87424K,   0% used [0x8ac00000, 0x8ac00000, 0x90160000)
  from space 21824K,   0% used [0x916b0000, 0x916b1800, 0x92c00000)
  to   space 21824K,   0% used [0x90160000, 0x90160000, 0x916b0000)
 concurrent mark-sweep generation total 393216K, used 12188K [0x92c00000, 0xaac00000, 0xaac00000)
 concurrent-mark-sweep perm gen total 35404K, used 21240K [0xaac00000, 0xace93000, 0xb2c00000)
}
2015-02-20T15:50:44.315-0600: 1772.770: Total time for which application threads were stopped: 0.0248510 seconds
{Heap before GC invocations=194 (full 1):
 par new generation   total 109248K, used 87430K [0x8ac00000, 0x92c00000, 0x92c00000)
  eden space 87424K, 100% used [0x8ac00000, 0x90160000, 0x90160000)
  from space 21824K,   0% used [0x916b0000, 0x916b1800, 0x92c00000)
  to   space 21824K,   0% used [0x90160000, 0x90160000, 0x916b0000)
 concurrent mark-sweep generation total 393216K, used 12188K [0x92c00000, 0xaac00000, 0xaac00000)
 concurrent-mark-sweep perm gen total 35404K, used 21240K [0xaac00000, 0xace93000, 0xb2c00000)
2015-02-20T15:50:46.079-0600: 1774.534: [GC2015-02-20T15:50:46.079-0600: 1774.534: [ParNew
Desired survivor size 20112996 bytes, new threshold 8 (max 8)
- age   1:       1104 bytes,       1104 total
- age   2:        328 bytes,       1432 total
- age   3:        400 bytes,       1832 total
- age   4:        176 bytes,       2008 total
- age   5:        328 bytes,       2336 total
- age   6:        352 bytes,       2688 total
- age   7:        216 bytes,       2904 total
- age   8:        336 bytes,       3240 total
: 87430K->6K(109248K), 0.0095610 secs] 99618K->12194K(502464K), 0.0097720 secs] [Times: user=0.02 sys=0.01, real=0.01 secs] 
Heap after GC invocations=195 (full 1):
 par new generation   total 109248K, used 6K [0x8ac00000, 0x92c00000, 0x92c00000)
  eden space 87424K,   0% used [0x8ac00000, 0x8ac00000, 0x90160000)
  from space 21824K,   0% used [0x90160000, 0x90161800, 0x916b0000)
  to   space 21824K,   0% used [0x916b0000, 0x916b0000, 0x92c00000)
 concurrent mark-sweep generation total 393216K, used 12188K [0x92c00000, 0xaac00000, 0xaac00000)
 concurrent-mark-sweep perm gen total 35404K, used 21240K [0xaac00000, 0xace93000, 0xb2c00000)
}
2015-02-20T15:50:46.089-0600: 1774.544: Total time for which application threads were stopped: 0.0125660 seconds
{Heap before GC invocations=195 (full 1):
 par new generation   total 109248K, used 87430K [0x8ac00000, 0x92c00000, 0x92c00000)
  eden space 87424K, 100% used [0x8ac00000, 0x90160000, 0x90160000)
  from space 21824K,   0% used [0x90160000, 0x90161800, 0x916b0000)
  to   space 21824K,   0% used [0x916b0000, 0x916b0000, 0x92c00000)
 concurrent mark-sweep generation total 393216K, used 12188K [0x92c00000, 0xaac00000, 0xaac00000)
 concurrent-mark-sweep perm gen total 35404K, used 21240K [0xaac00000, 0xace93000, 0xb2c00000)
2015-02-20T15:50:47.817-0600: 1776.272: [GC2015-02-20T15:50:47.817-0600: 1776.272: [ParNew
Desired survivor size 20112996 bytes, new threshold 8 (max 8)
- age   1:        640 bytes,        640 total
- age   2:        456 bytes,       1096 total
- age   3:        328 bytes,       1424 total
- age   4:        400 bytes,       1824 total
- age   5:        176 bytes,       2000 total
- age   6:        328 bytes,       2328 total
- age   7:        352 bytes,       2680 total
- age   8:        216 bytes,       2896 total
: 87430K->8K(109248K), 0.0162690 secs] 99618K->12197K(502464K), 0.0165190 secs] [Times: user=0.03 sys=0.00, real=0.02 secs] 
Heap after GC invocations=196 (full 1):
 par new generation   total 109248K, used 8K [0x8ac00000, 0x92c00000, 0x92c00000)
  eden space 87424K,   0% used [0x8ac00000, 0x8ac00000, 0x90160000)
  from space 21824K,   0% used [0x916b0000, 0x916b2000, 0x92c00000)
  to   space 21824K,   0% used [0x90160000, 0x90160000, 0x916b0000)
 concurrent mark-sweep generation total 393216K, used 12189K [0x92c00000, 0xaac00000, 0xaac00000)
 concurrent-mark-sweep perm gen total 35404K, used 21240K [0xaac00000, 0xace93000, 0xb2c00000)
}
2015-02-20T15:50:47.833-0600: 1776.288: Total time for which application threads were stopped: 0.0191080 seconds
{Heap before GC invocations=196 (full 1):
 par new generation   total 109248K, used 87432K [0x8ac00000, 0x92c00000, 0x92c00000)
  eden space 87424K, 100% used [0x8ac00000, 0x90160000, 0x90160000)
  from space 21824K,   0% used [0x916b0000, 0x916b2000, 0x92c00000)
  to   space 21824K,   0% used [0x90160000, 0x90160000, 0x916b0000)
 concurrent mark-sweep generation total 393216K, used 12189K [0x92c00000, 0xaac00000, 0xaac00000)
 concurrent-mark-sweep perm gen total 35404K, used 21240K [0xaac00000, 0xace93000, 0xb2c00000)
2015-02-20T15:50:49.674-0600: 1778.129: [GC2015-02-20T15:50:49.674-0600: 1778.129: [ParNew
Desired survivor size 20112996 bytes, new threshold 8 (max 8)
- age   1:       1256 bytes,       1256 total
- age   2:        200 bytes,       1456 total
- age   3:        328 bytes,       1784 total
- age   4:        328 bytes,       2112 total
- age   5:        400 bytes,       2512 total
- age   6:        176 bytes,       2688 total
- age   7:        328 bytes,       3016 total
- age   8:        352 bytes,       3368 total
: 87432K->8K(109248K), 0.0071200 secs] 99621K->12197K(502464K), 0.0073130 secs] [Times: user=0.02 sys=0.00, real=0.01 secs] 
Heap after GC invocations=197 (full 1):
 par new generation   total 109248K, used 8K [0x8ac00000, 0x92c00000, 0x92c00000)
  eden space 87424K,   0% used [0x8ac00000, 0x8ac00000, 0x90160000)
  from space 21824K,   0% used [0x90160000, 0x90162000, 0x916b0000)
  to   space 21824K,   0% used [0x916b0000, 0x916b0000, 0x92c00000)
 concurrent mark-sweep generation total 393216K, used 12189K [0x92c00000, 0xaac00000, 0xaac00000)
 concurrent-mark-sweep perm gen total 35404K, used 21240K [0xaac00000, 0xace93000, 0xb2c00000)
}
2015-02-20T15:50:49.681-0600: 1778.136: Total time for which application threads were stopped: 0.0099220 seconds
{Heap before GC invocations=197 (full 1):
 par new generation   total 109248K, used 87432K [0x8ac00000, 0x92c00000, 0x92c00000)
  eden space 87424K, 100% used [0x8ac00000, 0x90160000, 0x90160000)
  from space 21824K,   0% used [0x90160000, 0x90162000, 0x916b0000)
  to   space 21824K,   0% used [0x916b0000, 0x916b0000, 0x92c00000)
 concurrent mark-sweep generation total 393216K, used 12189K [0x92c00000, 0xaac00000, 0xaac00000)
 concurrent-mark-sweep perm gen total 35404K, used 21240K [0xaac00000, 0xace93000, 0xb2c00000)
2015-02-20T15:50:51.446-0600: 1779.901: [GC2015-02-20T15:50:51.446-0600: 1779.901: [ParNew
Desired survivor size 20112996 bytes, new threshold 8 (max 8)
- age   1:       1264 bytes,       1264 total
- age   2:        328 bytes,       1592 total
- age   3:        200 bytes,       1792 total
- age   4:        328 bytes,       2120 total
- age   5:        328 bytes,       2448 total
- age   6:        400 bytes,       2848 total
- age   7:        176 bytes,       3024 total
- age   8:        328 bytes,       3352 total
: 87432K->6K(109248K), 0.0076830 secs] 99621K->12195K(502464K), 0.0079410 secs] [Times: user=0.02 sys=0.00, real=0.01 secs] 
Heap after GC invocations=198 (full 1):
 par new generation   total 109248K, used 6K [0x8ac00000, 0x92c00000, 0x92c00000)
  eden space 87424K,   0% used [0x8ac00000, 0x8ac00000, 0x90160000)
  from space 21824K,   0% used [0x916b0000, 0x916b1800, 0x92c00000)
  to   space 21824K,   0% used [0x90160000, 0x90160000, 0x916b0000)
 concurrent mark-sweep generation total 393216K, used 12189K [0x92c00000, 0xaac00000, 0xaac00000)
 concurrent-mark-sweep perm gen total 35404K, used 21240K [0xaac00000, 0xace93000, 0xb2c00000)
}
2015-02-20T15:50:51.454-0600: 1779.909: Total time for which application threads were stopped: 0.0107570 seconds
{Heap before GC invocations=198 (full 1):
 par new generation   total 109248K, used 87430K [0x8ac00000, 0x92c00000, 0x92c00000)
  eden space 87424K, 100% used [0x8ac00000, 0x90160000, 0x90160000)
  from space 21824K,   0% used [0x916b0000, 0x916b1800, 0x92c00000)
  to   space 21824K,   0% used [0x90160000, 0x90160000, 0x916b0000)
 concurrent mark-sweep generation total 393216K, used 12189K [0x92c00000, 0xaac00000, 0xaac00000)
 concurrent-mark-sweep perm gen total 35404K, used 21240K [0xaac00000, 0xace93000, 0xb2c00000)
2015-02-20T15:50:53.018-0600: 1781.473: [GC2015-02-20T15:50:53.018-0600: 1781.473: [ParNew
Desired survivor size 20112996 bytes, new threshold 8 (max 8)
- age   1:        960 bytes,        960 total
- age   2:        328 bytes,       1288 total
- age   3:        328 bytes,       1616 total
- age   4:        200 bytes,       1816 total
- age   5:        328 bytes,       2144 total
- age   6:        328 bytes,       2472 total
- age   7:        400 bytes,       2872 total
- age   8:        176 bytes,       3048 total
: 87430K->6K(109248K), 0.0182980 secs] 99619K->12196K(502464K), 0.0184880 secs] [Times: user=0.02 sys=0.00, real=0.01 secs] 
Heap after GC invocations=199 (full 1):
 par new generation   total 109248K, used 6K [0x8ac00000, 0x92c00000, 0x92c00000)
  eden space 87424K,   0% used [0x8ac00000, 0x8ac00000, 0x90160000)
  from space 21824K,   0% used [0x90160000, 0x90161800, 0x916b0000)
  to   space 21824K,   0% used [0x916b0000, 0x916b0000, 0x92c00000)
 concurrent mark-sweep generation total 393216K, used 12190K [0x92c00000, 0xaac00000, 0xaac00000)
 concurrent-mark-sweep perm gen total 35404K, used 21240K [0xaac00000, 0xace93000, 0xb2c00000)
}
2015-02-20T15:50:53.036-0600: 1781.491: Total time for which application threads were stopped: 0.0217240 seconds
{Heap before GC invocations=199 (full 1):
 par new generation   total 109248K, used 87430K [0x8ac00000, 0x92c00000, 0x92c00000)
  eden space 87424K, 100% used [0x8ac00000, 0x90160000, 0x90160000)
  from space 21824K,   0% used [0x90160000, 0x90161800, 0x916b0000)
  to   space 21824K,   0% used [0x916b0000, 0x916b0000, 0x92c00000)
 concurrent mark-sweep generation total 393216K, used 12190K [0x92c00000, 0xaac00000, 0xaac00000)
 concurrent-mark-sweep perm gen total 35404K, used 21240K [0xaac00000, 0xace93000, 0xb2c00000)
2015-02-20T15:50:54.672-0600: 1783.127: [GC2015-02-20T15:50:54.672-0600: 1783.127: [ParNew
Desired survivor size 20112996 bytes, new threshold 8 (max 8)
- age   1:        736 bytes,        736 total
- age   2:        352 bytes,       1088 total
- age   3:        328 bytes,       1416 total
- age   4:        328 bytes,       1744 total
- age   5:        200 bytes,       1944 total
- age   6:        328 bytes,       2272 total
- age   7:        328 bytes,       2600 total
- age   8:        400 bytes,       3000 total
: 87430K->10K(109248K), 0.0059790 secs] 99620K->12200K(502464K), 0.0062150 secs] [Times: user=0.02 sys=0.00, real=0.01 secs] 
Heap after GC invocations=200 (full 1):
 par new generation   total 109248K, used 10K [0x8ac00000, 0x92c00000, 0x92c00000)
  eden space 87424K,   0% used [0x8ac00000, 0x8ac00000, 0x90160000)
  from space 21824K,   0% used [0x916b0000, 0x916b2800, 0x92c00000)
  to   space 21824K,   0% used [0x90160000, 0x90160000, 0x916b0000)
 concurrent mark-sweep generation total 393216K, used 12190K [0x92c00000, 0xaac00000, 0xaac00000)
 concurrent-mark-sweep perm gen total 35404K, used 21240K [0xaac00000, 0xace93000, 0xb2c00000)
}
2015-02-20T15:50:54.678-0600: 1783.133: Total time for which application threads were stopped: 0.0088910 seconds
{Heap before GC invocations=200 (full 1):
 par new generation   total 109248K, used 87434K [0x8ac00000, 0x92c00000, 0x92c00000)
  eden space 87424K, 100% used [0x8ac00000, 0x90160000, 0x90160000)
  from space 21824K,   0% used [0x916b0000, 0x916b2800, 0x92c00000)
  to   space 21824K,   0% used [0x90160000, 0x90160000, 0x916b0000)
 concurrent mark-sweep generation total 393216K, used 12190K [0x92c00000, 0xaac00000, 0xaac00000)
 concurrent-mark-sweep perm gen total 35404K, used 21240K [0xaac00000, 0xace93000, 0xb2c00000)
2015-02-20T15:50:56.244-0600: 1784.699: [GC2015-02-20T15:50:56.244-0600: 1784.699: [ParNew
Desired survivor size 20112996 bytes, new threshold 8 (max 8)
- age   1:       1032 bytes,       1032 total
- age   2:        128 bytes,       1160 total
- age   3:        328 bytes,       1488 total
- age   4:        328 bytes,       1816 total
- age   5:        328 bytes,       2144 total
- age   6:        200 bytes,       2344 total
- age   7:        328 bytes,       2672 total
- age   8:        328 bytes,       3000 total
: 87434K->6K(109248K), 0.0211690 secs] 99624K->12196K(502464K), 0.0213570 secs] [Times: user=0.03 sys=0.00, real=0.02 secs] 
Heap after GC invocations=201 (full 1):
 par new generation   total 109248K, used 6K [0x8ac00000, 0x92c00000, 0x92c00000)
  eden space 87424K,   0% used [0x8ac00000, 0x8ac00000, 0x90160000)
  from space 21824K,   0% used [0x90160000, 0x90161800, 0x916b0000)
  to   space 21824K,   0% used [0x916b0000, 0x916b0000, 0x92c00000)
 concurrent mark-sweep generation total 393216K, used 12190K [0x92c00000, 0xaac00000, 0xaac00000)
 concurrent-mark-sweep perm gen total 35404K, used 21240K [0xaac00000, 0xace93000, 0xb2c00000)
}
2015-02-20T15:50:56.265-0600: 1784.720: Total time for which application threads were stopped: 0.0241710 seconds
{Heap before GC invocations=201 (full 1):
 par new generation   total 109248K, used 87430K [0x8ac00000, 0x92c00000, 0x92c00000)
  eden space 87424K, 100% used [0x8ac00000, 0x90160000, 0x90160000)
  from space 21824K,   0% used [0x90160000, 0x90161800, 0x916b0000)
  to   space 21824K,   0% used [0x916b0000, 0x916b0000, 0x92c00000)
 concurrent mark-sweep generation total 393216K, used 12190K [0x92c00000, 0xaac00000, 0xaac00000)
 concurrent-mark-sweep perm gen total 35404K, used 21240K [0xaac00000, 0xace93000, 0xb2c00000)
2015-02-20T15:50:57.797-0600: 1786.252: [GC2015-02-20T15:50:57.798-0600: 1786.253: [ParNew
Desired survivor size 20112996 bytes, new threshold 8 (max 8)
- age   1:        880 bytes,        880 total
- age   2:        504 bytes,       1384 total
- age   3:        128 bytes,       1512 total
- age   4:        328 bytes,       1840 total
- age   5:        328 bytes,       2168 total
- age   6:        328 bytes,       2496 total
- age   7:        200 bytes,       2696 total
- age   8:        328 bytes,       3024 total
: 87430K->6K(109248K), 0.0075800 secs] 99620K->12196K(502464K), 0.0078680 secs] [Times: user=0.02 sys=0.00, real=0.01 secs] 
Heap after GC invocations=202 (full 1):
 par new generation   total 109248K, used 6K [0x8ac00000, 0x92c00000, 0x92c00000)
  eden space 87424K,   0% used [0x8ac00000, 0x8ac00000, 0x90160000)
  from space 21824K,   0% used [0x916b0000, 0x916b1800, 0x92c00000)
  to   space 21824K,   0% used [0x90160000, 0x90160000, 0x916b0000)
 concurrent mark-sweep generation total 393216K, used 12190K [0x92c00000, 0xaac00000, 0xaac00000)
 concurrent-mark-sweep perm gen total 35404K, used 21240K [0xaac00000, 0xace93000, 0xb2c00000)
}
2015-02-20T15:50:57.805-0600: 1786.260: Total time for which application threads were stopped: 0.0104930 seconds
{Heap before GC invocations=202 (full 1):
 par new generation   total 109248K, used 87430K [0x8ac00000, 0x92c00000, 0x92c00000)
  eden space 87424K, 100% used [0x8ac00000, 0x90160000, 0x90160000)
  from space 21824K,   0% used [0x916b0000, 0x916b1800, 0x92c00000)
  to   space 21824K,   0% used [0x90160000, 0x90160000, 0x916b0000)
 concurrent mark-sweep generation total 393216K, used 12190K [0x92c00000, 0xaac00000, 0xaac00000)
 concurrent-mark-sweep perm gen total 35404K, used 21240K [0xaac00000, 0xace93000, 0xb2c00000)
2015-02-20T15:50:59.376-0600: 1787.831: [GC2015-02-20T15:50:59.376-0600: 1787.831: [ParNew
Desired survivor size 20112996 bytes, new threshold 8 (max 8)
- age   1:       1480 bytes,       1480 total
- age   2:        232 bytes,       1712 total
- age   3:        376 bytes,       2088 total
- age   4:        128 bytes,       2216 total
- age   5:        328 bytes,       2544 total
- age   6:        328 bytes,       2872 total
- age   7:        328 bytes,       3200 total
- age   8:        200 bytes,       3400 total
: 87430K->6K(109248K), 0.0112470 secs] 99620K->12197K(502464K), 0.0114970 secs] [Times: user=0.02 sys=0.00, real=0.01 secs] 
Heap after GC invocations=203 (full 1):
 par new generation   total 109248K, used 6K [0x8ac00000, 0x92c00000, 0x92c00000)
  eden space 87424K,   0% used [0x8ac00000, 0x8ac00000, 0x90160000)
  from space 21824K,   0% used [0x90160000, 0x90161800, 0x916b0000)
  to   space 21824K,   0% used [0x916b0000, 0x916b0000, 0x92c00000)
 concurrent mark-sweep generation total 393216K, used 12191K [0x92c00000, 0xaac00000, 0xaac00000)
 concurrent-mark-sweep perm gen total 35404K, used 21240K [0xaac00000, 0xace93000, 0xb2c00000)
}
2015-02-20T15:50:59.387-0600: 1787.842: Total time for which application threads were stopped: 0.0143140 seconds
{Heap before GC invocations=203 (full 1):
 par new generation   total 109248K, used 87430K [0x8ac00000, 0x92c00000, 0x92c00000)
  eden space 87424K, 100% used [0x8ac00000, 0x90160000, 0x90160000)
  from space 21824K,   0% used [0x90160000, 0x90161800, 0x916b0000)
  to   space 21824K,   0% used [0x916b0000, 0x916b0000, 0x92c00000)
 concurrent mark-sweep generation total 393216K, used 12191K [0x92c00000, 0xaac00000, 0xaac00000)
 concurrent-mark-sweep perm gen total 35404K, used 21240K [0xaac00000, 0xace93000, 0xb2c00000)
2015-02-20T15:51:00.951-0600: 1789.406: [GC2015-02-20T15:51:00.951-0600: 1789.406: [ParNew
Desired survivor size 20112996 bytes, new threshold 8 (max 8)
- age   1:       1024 bytes,       1024 total
- age   2:        376 bytes,       1400 total
- age   3:        232 bytes,       1632 total
- age   4:        376 bytes,       2008 total
- age   5:        128 bytes,       2136 total
- age   6:        328 bytes,       2464 total
- age   7:        328 bytes,       2792 total
- age   8:        328 bytes,       3120 total
: 87430K->10K(109248K), 0.0054880 secs] 99621K->12201K(502464K), 0.0056930 secs] [Times: user=0.01 sys=0.00, real=0.00 secs] 
Heap after GC invocations=204 (full 1):
 par new generation   total 109248K, used 10K [0x8ac00000, 0x92c00000, 0x92c00000)
  eden space 87424K,   0% used [0x8ac00000, 0x8ac00000, 0x90160000)
  from space 21824K,   0% used [0x916b0000, 0x916b2800, 0x92c00000)
  to   space 21824K,   0% used [0x90160000, 0x90160000, 0x916b0000)
 concurrent mark-sweep generation total 393216K, used 12191K [0x92c00000, 0xaac00000, 0xaac00000)
 concurrent-mark-sweep perm gen total 35404K, used 21240K [0xaac00000, 0xace93000, 0xb2c00000)
}
2015-02-20T15:51:00.957-0600: 1789.412: Total time for which application threads were stopped: 0.0083520 seconds
{Heap before GC invocations=204 (full 1):
 par new generation   total 109248K, used 87434K [0x8ac00000, 0x92c00000, 0x92c00000)
  eden space 87424K, 100% used [0x8ac00000, 0x90160000, 0x90160000)
  from space 21824K,   0% used [0x916b0000, 0x916b2800, 0x92c00000)
  to   space 21824K,   0% used [0x90160000, 0x90160000, 0x916b0000)
 concurrent mark-sweep generation total 393216K, used 12191K [0x92c00000, 0xaac00000, 0xaac00000)
 concurrent-mark-sweep perm gen total 35404K, used 21240K [0xaac00000, 0xace93000, 0xb2c00000)
2015-02-20T15:51:02.696-0600: 1791.151: [GC2015-02-20T15:51:02.696-0600: 1791.151: [ParNew
Desired survivor size 20112996 bytes, new threshold 8 (max 8)
- age   1:       1176 bytes,       1176 total
- age   2:        248 bytes,       1424 total
- age   3:        352 bytes,       1776 total
- age   4:        232 bytes,       2008 total
- age   5:        376 bytes,       2384 total
- age   6:        128 bytes,       2512 total
- age   7:        328 bytes,       2840 total
- age   8:        328 bytes,       3168 total
: 87434K->6K(109248K), 0.0071230 secs] 99625K->12197K(502464K), 0.0073780 secs] [Times: user=0.02 sys=0.00, real=0.01 secs] 
Heap after GC invocations=205 (full 1):
 par new generation   total 109248K, used 6K [0x8ac00000, 0x92c00000, 0x92c00000)
  eden space 87424K,   0% used [0x8ac00000, 0x8ac00000, 0x90160000)
  from space 21824K,   0% used [0x90160000, 0x90161800, 0x916b0000)
  to   space 21824K,   0% used [0x916b0000, 0x916b0000, 0x92c00000)
 concurrent mark-sweep generation total 393216K, used 12191K [0x92c00000, 0xaac00000, 0xaac00000)
 concurrent-mark-sweep perm gen total 35404K, used 21240K [0xaac00000, 0xace93000, 0xb2c00000)
}
2015-02-20T15:51:02.703-0600: 1791.158: Total time for which application threads were stopped: 0.0102090 seconds
{Heap before GC invocations=205 (full 1):
 par new generation   total 109248K, used 87430K [0x8ac00000, 0x92c00000, 0x92c00000)
  eden space 87424K, 100% used [0x8ac00000, 0x90160000, 0x90160000)
  from space 21824K,   0% used [0x90160000, 0x90161800, 0x916b0000)
  to   space 21824K,   0% used [0x916b0000, 0x916b0000, 0x92c00000)
 concurrent mark-sweep generation total 393216K, used 12191K [0x92c00000, 0xaac00000, 0xaac00000)
 concurrent-mark-sweep perm gen total 35404K, used 21240K [0xaac00000, 0xace93000, 0xb2c00000)
2015-02-20T15:51:04.489-0600: 1792.944: [GC2015-02-20T15:51:04.489-0600: 1792.944: [ParNew
Desired survivor size 20112996 bytes, new threshold 8 (max 8)
- age   1:        960 bytes,        960 total
- age   2:        400 bytes,       1360 total
- age   3:        248 bytes,       1608 total
- age   4:        352 bytes,       1960 total
- age   5:        232 bytes,       2192 total
- age   6:        376 bytes,       2568 total
- age   7:        128 bytes,       2696 total
- age   8:        328 bytes,       3024 total
: 87430K->8K(109248K), 0.0067500 secs] 99621K->12200K(502464K), 0.0069360 secs] [Times: user=0.01 sys=0.00, real=0.00 secs] 
Heap after GC invocations=206 (full 1):
 par new generation   total 109248K, used 8K [0x8ac00000, 0x92c00000, 0x92c00000)
  eden space 87424K,   0% used [0x8ac00000, 0x8ac00000, 0x90160000)
  from space 21824K,   0% used [0x916b0000, 0x916b2000, 0x92c00000)
  to   space 21824K,   0% used [0x90160000, 0x90160000, 0x916b0000)
 concurrent mark-sweep generation total 393216K, used 12192K [0x92c00000, 0xaac00000, 0xaac00000)
 concurrent-mark-sweep perm gen total 35404K, used 21240K [0xaac00000, 0xace93000, 0xb2c00000)
}
2015-02-20T15:51:04.496-0600: 1792.951: Total time for which application threads were stopped: 0.0096580 seconds
{Heap before GC invocations=206 (full 1):
 par new generation   total 109248K, used 87432K [0x8ac00000, 0x92c00000, 0x92c00000)
  eden space 87424K, 100% used [0x8ac00000, 0x90160000, 0x90160000)
  from space 21824K,   0% used [0x916b0000, 0x916b2000, 0x92c00000)
  to   space 21824K,   0% used [0x90160000, 0x90160000, 0x916b0000)
 concurrent mark-sweep generation total 393216K, used 12192K [0x92c00000, 0xaac00000, 0xaac00000)
 concurrent-mark-sweep perm gen total 35404K, used 21240K [0xaac00000, 0xace93000, 0xb2c00000)
2015-02-20T15:51:06.181-0600: 1794.636: [GC2015-02-20T15:51:06.181-0600: 1794.636: [ParNew
Desired survivor size 20112996 bytes, new threshold 8 (max 8)
- age   1:       1160 bytes,       1160 total
- age   2:        328 bytes,       1488 total
- age   3:        400 bytes,       1888 total
- age   4:        248 bytes,       2136 total
- age   5:        352 bytes,       2488 total
- age   6:        232 bytes,       2720 total
- age   7:        376 bytes,       3096 total
- age   8:        128 bytes,       3224 total
: 87432K->8K(109248K), 0.0057550 secs] 99624K->12200K(502464K), 0.0059730 secs] [Times: user=0.01 sys=0.01, real=0.00 secs] 
Heap after GC invocations=207 (full 1):
 par new generation   total 109248K, used 8K [0x8ac00000, 0x92c00000, 0x92c00000)
  eden space 87424K,   0% used [0x8ac00000, 0x8ac00000, 0x90160000)
  from space 21824K,   0% used [0x90160000, 0x90162000, 0x916b0000)
  to   space 21824K,   0% used [0x916b0000, 0x916b0000, 0x92c00000)
 concurrent mark-sweep generation total 393216K, used 12192K [0x92c00000, 0xaac00000, 0xaac00000)
 concurrent-mark-sweep perm gen total 35404K, used 21240K [0xaac00000, 0xace93000, 0xb2c00000)
}
2015-02-20T15:51:06.187-0600: 1794.642: Total time for which application threads were stopped: 0.0087040 seconds
{Heap before GC invocations=207 (full 1):
 par new generation   total 109248K, used 87432K [0x8ac00000, 0x92c00000, 0x92c00000)
  eden space 87424K, 100% used [0x8ac00000, 0x90160000, 0x90160000)
  from space 21824K,   0% used [0x90160000, 0x90162000, 0x916b0000)
  to   space 21824K,   0% used [0x916b0000, 0x916b0000, 0x92c00000)
 concurrent mark-sweep generation total 393216K, used 12192K [0x92c00000, 0xaac00000, 0xaac00000)
 concurrent-mark-sweep perm gen total 35404K, used 21240K [0xaac00000, 0xace93000, 0xb2c00000)
2015-02-20T15:51:07.960-0600: 1796.415: [GC2015-02-20T15:51:07.960-0600: 1796.415: [ParNew
Desired survivor size 20112996 bytes, new threshold 8 (max 8)
- age   1:        848 bytes,        848 total
- age   2:        456 bytes,       1304 total
- age   3:        328 bytes,       1632 total
- age   4:        400 bytes,       2032 total
- age   5:        248 bytes,       2280 total
- age   6:        352 bytes,       2632 total
- age   7:        232 bytes,       2864 total
- age   8:        376 bytes,       3240 total
: 87432K->6K(109248K), 0.0078960 secs] 99624K->12198K(502464K), 0.0080680 secs] [Times: user=0.02 sys=0.01, real=0.01 secs] 
Heap after GC invocations=208 (full 1):
 par new generation   total 109248K, used 6K [0x8ac00000, 0x92c00000, 0x92c00000)
  eden space 87424K,   0% used [0x8ac00000, 0x8ac00000, 0x90160000)
  from space 21824K,   0% used [0x916b0000, 0x916b1800, 0x92c00000)
  to   space 21824K,   0% used [0x90160000, 0x90160000, 0x916b0000)
 concurrent mark-sweep generation total 393216K, used 12192K [0x92c00000, 0xaac00000, 0xaac00000)
 concurrent-mark-sweep perm gen total 35404K, used 21240K [0xaac00000, 0xace93000, 0xb2c00000)
}
2015-02-20T15:51:07.968-0600: 1796.423: Total time for which application threads were stopped: 0.0106540 seconds
{Heap before GC invocations=208 (full 1):
 par new generation   total 109248K, used 87430K [0x8ac00000, 0x92c00000, 0x92c00000)
  eden space 87424K, 100% used [0x8ac00000, 0x90160000, 0x90160000)
  from space 21824K,   0% used [0x916b0000, 0x916b1800, 0x92c00000)
  to   space 21824K,   0% used [0x90160000, 0x90160000, 0x916b0000)
 concurrent mark-sweep generation total 393216K, used 12192K [0x92c00000, 0xaac00000, 0xaac00000)
 concurrent-mark-sweep perm gen total 35404K, used 21240K [0xaac00000, 0xace93000, 0xb2c00000)
2015-02-20T15:51:09.521-0600: 1797.976: [GC2015-02-20T15:51:09.522-0600: 1797.977: [ParNew
Desired survivor size 20112996 bytes, new threshold 8 (max 8)
- age   1:       1256 bytes,       1256 total
- age   2:        200 bytes,       1456 total
- age   3:        328 bytes,       1784 total
- age   4:        328 bytes,       2112 total
- age   5:        400 bytes,       2512 total
- age   6:        248 bytes,       2760 total
- age   7:        352 bytes,       3112 total
- age   8:        232 bytes,       3344 total
: 87430K->10K(109248K), 0.0055110 secs] 99622K->12202K(502464K), 0.0057140 secs] [Times: user=0.01 sys=0.00, real=0.00 secs] 
Heap after GC invocations=209 (full 1):
 par new generation   total 109248K, used 10K [0x8ac00000, 0x92c00000, 0x92c00000)
  eden space 87424K,   0% used [0x8ac00000, 0x8ac00000, 0x90160000)
  from space 21824K,   0% used [0x90160000, 0x90162800, 0x916b0000)
  to   space 21824K,   0% used [0x916b0000, 0x916b0000, 0x92c00000)
 concurrent mark-sweep generation total 393216K, used 12192K [0x92c00000, 0xaac00000, 0xaac00000)
 concurrent-mark-sweep perm gen total 35404K, used 21240K [0xaac00000, 0xace93000, 0xb2c00000)
}
2015-02-20T15:51:09.527-0600: 1797.982: Total time for which application threads were stopped: 0.0085180 seconds
{Heap before GC invocations=209 (full 1):
 par new generation   total 109248K, used 87434K [0x8ac00000, 0x92c00000, 0x92c00000)
  eden space 87424K, 100% used [0x8ac00000, 0x90160000, 0x90160000)
  from space 21824K,   0% used [0x90160000, 0x90162800, 0x916b0000)
  to   space 21824K,   0% used [0x916b0000, 0x916b0000, 0x92c00000)
 concurrent mark-sweep generation total 393216K, used 12192K [0x92c00000, 0xaac00000, 0xaac00000)
 concurrent-mark-sweep perm gen total 35404K, used 21240K [0xaac00000, 0xace93000, 0xb2c00000)
2015-02-20T15:51:11.130-0600: 1799.585: [GC2015-02-20T15:51:11.130-0600: 1799.585: [ParNew
Desired survivor size 20112996 bytes, new threshold 8 (max 8)
- age   1:       1200 bytes,       1200 total
- age   2:        328 bytes,       1528 total
- age   3:        200 bytes,       1728 total
- age   4:        328 bytes,       2056 total
- age   5:        328 bytes,       2384 total
- age   6:        400 bytes,       2784 total
- age   7:        248 bytes,       3032 total
- age   8:        352 bytes,       3384 total
: 87434K->6K(109248K), 0.0075570 secs] 99626K->12199K(502464K), 0.0077850 secs] [Times: user=0.02 sys=0.00, real=0.01 secs] 
Heap after GC invocations=210 (full 1):
 par new generation   total 109248K, used 6K [0x8ac00000, 0x92c00000, 0x92c00000)
  eden space 87424K,   0% used [0x8ac00000, 0x8ac00000, 0x90160000)
  from space 21824K,   0% used [0x916b0000, 0x916b1800, 0x92c00000)
  to   space 21824K,   0% used [0x90160000, 0x90160000, 0x916b0000)
 concurrent mark-sweep generation total 393216K, used 12193K [0x92c00000, 0xaac00000, 0xaac00000)
 concurrent-mark-sweep perm gen total 35404K, used 21240K [0xaac00000, 0xace93000, 0xb2c00000)
}
2015-02-20T15:51:11.138-0600: 1799.593: Total time for which application threads were stopped: 0.0106820 seconds
{Heap before GC invocations=210 (full 1):
 par new generation   total 109248K, used 87430K [0x8ac00000, 0x92c00000, 0x92c00000)
  eden space 87424K, 100% used [0x8ac00000, 0x90160000, 0x90160000)
  from space 21824K,   0% used [0x916b0000, 0x916b1800, 0x92c00000)
  to   space 21824K,   0% used [0x90160000, 0x90160000, 0x916b0000)
 concurrent mark-sweep generation total 393216K, used 12193K [0x92c00000, 0xaac00000, 0xaac00000)
 concurrent-mark-sweep perm gen total 35404K, used 21240K [0xaac00000, 0xace93000, 0xb2c00000)
2015-02-20T15:51:12.860-0600: 1801.315: [GC2015-02-20T15:51:12.860-0600: 1801.315: [ParNew
Desired survivor size 20112996 bytes, new threshold 8 (max 8)
- age   1:        880 bytes,        880 total
- age   2:        376 bytes,       1256 total
- age   3:        328 bytes,       1584 total
- age   4:        200 bytes,       1784 total
- age   5:        328 bytes,       2112 total
- age   6:        328 bytes,       2440 total
- age   7:        400 bytes,       2840 total
- age   8:        248 bytes,       3088 total
: 87430K->6K(109248K), 0.0114820 secs] 99623K->12199K(502464K), 0.0117180 secs] [Times: user=0.03 sys=0.00, real=0.01 secs] 
Heap after GC invocations=211 (full 1):
 par new generation   total 109248K, used 6K [0x8ac00000, 0x92c00000, 0x92c00000)
  eden space 87424K,   0% used [0x8ac00000, 0x8ac00000, 0x90160000)
  from space 21824K,   0% used [0x90160000, 0x90161800, 0x916b0000)
  to   space 21824K,   0% used [0x916b0000, 0x916b0000, 0x92c00000)
 concurrent mark-sweep generation total 393216K, used 12193K [0x92c00000, 0xaac00000, 0xaac00000)
 concurrent-mark-sweep perm gen total 35404K, used 21240K [0xaac00000, 0xace93000, 0xb2c00000)
}
2015-02-20T15:51:12.872-0600: 1801.327: Total time for which application threads were stopped: 0.0144140 seconds
{Heap before GC invocations=211 (full 1):
 par new generation   total 109248K, used 87430K [0x8ac00000, 0x92c00000, 0x92c00000)
  eden space 87424K, 100% used [0x8ac00000, 0x90160000, 0x90160000)
  from space 21824K,   0% used [0x90160000, 0x90161800, 0x916b0000)
  to   space 21824K,   0% used [0x916b0000, 0x916b0000, 0x92c00000)
 concurrent mark-sweep generation total 393216K, used 12193K [0x92c00000, 0xaac00000, 0xaac00000)
 concurrent-mark-sweep perm gen total 35404K, used 21240K [0xaac00000, 0xace93000, 0xb2c00000)
2015-02-20T15:51:14.575-0600: 1803.030: [GC2015-02-20T15:51:14.575-0600: 1803.030: [ParNew
Desired survivor size 20112996 bytes, new threshold 8 (max 8)
- age   1:       1280 bytes,       1280 total
- age   2:        128 bytes,       1408 total
- age   3:        352 bytes,       1760 total
- age   4:        328 bytes,       2088 total
- age   5:        200 bytes,       2288 total
- age   6:        328 bytes,       2616 total
- age   7:        328 bytes,       2944 total
- age   8:        400 bytes,       3344 total
: 87430K->6K(109248K), 0.0076210 secs] 99623K->12199K(502464K), 0.0078350 secs] [Times: user=0.01 sys=0.00, real=0.01 secs] 
Heap after GC invocations=212 (full 1):
 par new generation   total 109248K, used 6K [0x8ac00000, 0x92c00000, 0x92c00000)
  eden space 87424K,   0% used [0x8ac00000, 0x8ac00000, 0x90160000)
  from space 21824K,   0% used [0x916b0000, 0x916b1800, 0x92c00000)
  to   space 21824K,   0% used [0x90160000, 0x90160000, 0x916b0000)
 concurrent mark-sweep generation total 393216K, used 12193K [0x92c00000, 0xaac00000, 0xaac00000)
 concurrent-mark-sweep perm gen total 35404K, used 21240K [0xaac00000, 0xace93000, 0xb2c00000)
}
2015-02-20T15:51:14.583-0600: 1803.038: Total time for which application threads were stopped: 0.0105270 seconds
{Heap before GC invocations=212 (full 1):
 par new generation   total 109248K, used 87430K [0x8ac00000, 0x92c00000, 0x92c00000)
  eden space 87424K, 100% used [0x8ac00000, 0x90160000, 0x90160000)
  from space 21824K,   0% used [0x916b0000, 0x916b1800, 0x92c00000)
  to   space 21824K,   0% used [0x90160000, 0x90160000, 0x916b0000)
 concurrent mark-sweep generation total 393216K, used 12193K [0x92c00000, 0xaac00000, 0xaac00000)
 concurrent-mark-sweep perm gen total 35404K, used 21240K [0xaac00000, 0xace93000, 0xb2c00000)
2015-02-20T15:51:16.325-0600: 1804.780: [GC2015-02-20T15:51:16.325-0600: 1804.780: [ParNew
Desired survivor size 20112996 bytes, new threshold 8 (max 8)
- age   1:       1176 bytes,       1176 total
- age   2:        352 bytes,       1528 total
- age   3:        128 bytes,       1656 total
- age   4:        352 bytes,       2008 total
- age   5:        328 bytes,       2336 total
- age   6:        200 bytes,       2536 total
- age   7:        328 bytes,       2864 total
- age   8:        328 bytes,       3192 total
: 87430K->8K(109248K), 0.0097200 secs] 99623K->12202K(502464K), 0.0099840 secs] [Times: user=0.01 sys=0.00, real=0.01 secs] 
Heap after GC invocations=213 (full 1):
 par new generation   total 109248K, used 8K [0x8ac00000, 0x92c00000, 0x92c00000)
  eden space 87424K,   0% used [0x8ac00000, 0x8ac00000, 0x90160000)
  from space 21824K,   0% used [0x90160000, 0x90162000, 0x916b0000)
  to   space 21824K,   0% used [0x916b0000, 0x916b0000, 0x92c00000)
 concurrent mark-sweep generation total 393216K, used 12194K [0x92c00000, 0xaac00000, 0xaac00000)
 concurrent-mark-sweep perm gen total 35404K, used 21240K [0xaac00000, 0xace93000, 0xb2c00000)
}
2015-02-20T15:51:16.335-0600: 1804.790: Total time for which application threads were stopped: 0.0129730 seconds
{Heap before GC invocations=213 (full 1):
 par new generation   total 109248K, used 87432K [0x8ac00000, 0x92c00000, 0x92c00000)
  eden space 87424K, 100% used [0x8ac00000, 0x90160000, 0x90160000)
  from space 21824K,   0% used [0x90160000, 0x90162000, 0x916b0000)
  to   space 21824K,   0% used [0x916b0000, 0x916b0000, 0x92c00000)
 concurrent mark-sweep generation total 393216K, used 12194K [0x92c00000, 0xaac00000, 0xaac00000)
 concurrent-mark-sweep perm gen total 35404K, used 21240K [0xaac00000, 0xace93000, 0xb2c00000)
2015-02-20T15:51:18.299-0600: 1806.754: [GC2015-02-20T15:51:18.299-0600: 1806.754: [ParNew
Desired survivor size 20112996 bytes, new threshold 8 (max 8)
- age   1:       1160 bytes,       1160 total
- age   2:        376 bytes,       1536 total
- age   3:        352 bytes,       1888 total
- age   4:        128 bytes,       2016 total
- age   5:        352 bytes,       2368 total
- age   6:        328 bytes,       2696 total
- age   7:        200 bytes,       2896 total
- age   8:        328 bytes,       3224 total
: 87432K->6K(109248K), 0.0076380 secs] 99626K->12200K(502464K), 0.0078730 secs] [Times: user=0.02 sys=0.00, real=0.00 secs] 
Heap after GC invocations=214 (full 1):
 par new generation   total 109248K, used 6K [0x8ac00000, 0x92c00000, 0x92c00000)
  eden space 87424K,   0% used [0x8ac00000, 0x8ac00000, 0x90160000)
  from space 21824K,   0% used [0x916b0000, 0x916b1800, 0x92c00000)
  to   space 21824K,   0% used [0x90160000, 0x90160000, 0x916b0000)
 concurrent mark-sweep generation total 393216K, used 12194K [0x92c00000, 0xaac00000, 0xaac00000)
 concurrent-mark-sweep perm gen total 35404K, used 21240K [0xaac00000, 0xace93000, 0xb2c00000)
}
2015-02-20T15:51:18.307-0600: 1806.762: Total time for which application threads were stopped: 0.0105030 seconds
{Heap before GC invocations=214 (full 1):
 par new generation   total 109248K, used 87430K [0x8ac00000, 0x92c00000, 0x92c00000)
  eden space 87424K, 100% used [0x8ac00000, 0x90160000, 0x90160000)
  from space 21824K,   0% used [0x916b0000, 0x916b1800, 0x92c00000)
  to   space 21824K,   0% used [0x90160000, 0x90160000, 0x916b0000)
 concurrent mark-sweep generation total 393216K, used 12194K [0x92c00000, 0xaac00000, 0xaac00000)
 concurrent-mark-sweep perm gen total 35404K, used 21240K [0xaac00000, 0xace93000, 0xb2c00000)
2015-02-20T15:51:19.730-0600: 1808.185: [GC2015-02-20T15:51:19.730-0600: 1808.185: [ParNew
Desired survivor size 20112996 bytes, new threshold 8 (max 8)
- age   1:        672 bytes,        672 total
- age   2:        456 bytes,       1128 total
- age   3:        376 bytes,       1504 total
- age   4:        352 bytes,       1856 total
- age   5:        128 bytes,       1984 total
- age   6:        352 bytes,       2336 total
- age   7:        328 bytes,       2664 total
- age   8:        200 bytes,       2864 total
: 87430K->6K(109248K), 0.0075830 secs] 99624K->12200K(502464K), 0.0078000 secs] [Times: user=0.02 sys=0.00, real=0.01 secs] 
Heap after GC invocations=215 (full 1):
 par new generation   total 109248K, used 6K [0x8ac00000, 0x92c00000, 0x92c00000)
  eden space 87424K,   0% used [0x8ac00000, 0x8ac00000, 0x90160000)
  from space 21824K,   0% used [0x90160000, 0x90161800, 0x916b0000)
  to   space 21824K,   0% used [0x916b0000, 0x916b0000, 0x92c00000)
 concurrent mark-sweep generation total 393216K, used 12194K [0x92c00000, 0xaac00000, 0xaac00000)
 concurrent-mark-sweep perm gen total 35404K, used 21240K [0xaac00000, 0xace93000, 0xb2c00000)
}
2015-02-20T15:51:19.738-0600: 1808.193: Total time for which application threads were stopped: 0.0103980 seconds
{Heap before GC invocations=215 (full 1):
 par new generation   total 109248K, used 87430K [0x8ac00000, 0x92c00000, 0x92c00000)
  eden space 87424K, 100% used [0x8ac00000, 0x90160000, 0x90160000)
  from space 21824K,   0% used [0x90160000, 0x90161800, 0x916b0000)
  to   space 21824K,   0% used [0x916b0000, 0x916b0000, 0x92c00000)
 concurrent mark-sweep generation total 393216K, used 12194K [0x92c00000, 0xaac00000, 0xaac00000)
 concurrent-mark-sweep perm gen total 35404K, used 21240K [0xaac00000, 0xace93000, 0xb2c00000)
2015-02-20T15:51:21.258-0600: 1809.713: [GC2015-02-20T15:51:21.258-0600: 1809.713: [ParNew
Desired survivor size 20112996 bytes, new threshold 8 (max 8)
- age   1:       1160 bytes,       1160 total
- age   2:        200 bytes,       1360 total
- age   3:        328 bytes,       1688 total
- age   4:        376 bytes,       2064 total
- age   5:        352 bytes,       2416 total
- age   6:        128 bytes,       2544 total
- age   7:        352 bytes,       2896 total
- age   8:        328 bytes,       3224 total
: 87430K->6K(109248K), 0.0119830 secs] 99624K->12200K(502464K), 0.0121940 secs] [Times: user=0.02 sys=0.01, real=0.01 secs] 
Heap after GC invocations=216 (full 1):
 par new generation   total 109248K, used 6K [0x8ac00000, 0x92c00000, 0x92c00000)
  eden space 87424K,   0% used [0x8ac00000, 0x8ac00000, 0x90160000)
  from space 21824K,   0% used [0x916b0000, 0x916b1800, 0x92c00000)
  to   space 21824K,   0% used [0x90160000, 0x90160000, 0x916b0000)
 concurrent mark-sweep generation total 393216K, used 12194K [0x92c00000, 0xaac00000, 0xaac00000)
 concurrent-mark-sweep perm gen total 35404K, used 21240K [0xaac00000, 0xace93000, 0xb2c00000)
}
2015-02-20T15:51:21.270-0600: 1809.725: Total time for which application threads were stopped: 0.0149940 seconds
2015-02-20T15:51:21.394-0600: 1809.849: Total time for which application threads were stopped: 0.0012190 seconds
2015-02-20T15:51:21.396-0600: 1809.851: Total time for which application threads were stopped: 0.0008750 seconds
2015-02-20T15:51:21.457-0600: 1809.912: Total time for which application threads were stopped: 0.0009440 seconds
2015-02-20T15:51:21.461-0600: 1809.916: Total time for which application threads were stopped: 0.0020210 seconds
2015-02-20T15:51:21.581-0600: 1810.036: Total time for which application threads were stopped: 0.0009340 seconds
2015-02-20T15:51:21.776-0600: 1810.231: Total time for which application threads were stopped: 0.0010690 seconds
2015-02-20T15:51:22.017-0600: 1810.472: Total time for which application threads were stopped: 0.0009360 seconds
2015-02-20T15:51:22.018-0600: 1810.473: Total time for which application threads were stopped: 0.0009010 seconds
2015-02-20T15:51:22.019-0600: 1810.474: Total time for which application threads were stopped: 0.0007150 seconds
2015-02-20T15:51:22.073-0600: 1810.528: Total time for which application threads were stopped: 0.0007870 seconds
2015-02-20T15:51:22.138-0600: 1810.593: Total time for which application threads were stopped: 0.0044520 seconds
2015-02-20T15:51:22.154-0600: 1810.609: Total time for which application threads were stopped: 0.0008930 seconds
2015-02-20T15:51:22.216-0600: 1810.671: Total time for which application threads were stopped: 0.0008350 seconds
2015-02-20T15:51:22.302-0600: 1810.757: Total time for which application threads were stopped: 0.0008980 seconds
2015-02-20T15:51:22.830-0600: 1811.285: Total time for which application threads were stopped: 0.0012850 seconds
2015-02-20T15:51:22.921-0600: 1811.376: Total time for which application threads were stopped: 0.0010030 seconds
2015-02-20T15:51:22.996-0600: 1811.451: Total time for which application threads were stopped: 0.0009280 seconds
2015-02-20T15:51:22.997-0600: 1811.452: Total time for which application threads were stopped: 0.0007170 seconds
2015-02-20T15:51:23.005-0600: 1811.460: Total time for which application threads were stopped: 0.0008810 seconds
2015-02-20T15:51:23.178-0600: 1811.633: Total time for which application threads were stopped: 0.0016700 seconds
2015-02-20T15:51:23.179-0600: 1811.634: Total time for which application threads were stopped: 0.0008370 seconds
2015-02-20T15:51:23.185-0600: 1811.640: Total time for which application threads were stopped: 0.0024140 seconds
2015-02-20T15:51:23.186-0600: 1811.641: Total time for which application threads were stopped: 0.0008280 seconds
{Heap before GC invocations=216 (full 1):
 par new generation   total 109248K, used 87430K [0x8ac00000, 0x92c00000, 0x92c00000)
  eden space 87424K, 100% used [0x8ac00000, 0x90160000, 0x90160000)
  from space 21824K,   0% used [0x916b0000, 0x916b1800, 0x92c00000)
  to   space 21824K,   0% used [0x90160000, 0x90160000, 0x916b0000)
 concurrent mark-sweep generation total 393216K, used 12194K [0x92c00000, 0xaac00000, 0xaac00000)
 concurrent-mark-sweep perm gen total 35404K, used 22515K [0xaac00000, 0xace93000, 0xb2c00000)
2015-02-20T15:51:23.211-0600: 1811.666: [GC2015-02-20T15:51:23.211-0600: 1811.666: [ParNew
Desired survivor size 20112996 bytes, new threshold 8 (max 8)
- age   1:    4262792 bytes,    4262792 total
- age   2:        328 bytes,    4263120 total
- age   3:        200 bytes,    4263320 total
- age   4:        328 bytes,    4263648 total
- age   5:        376 bytes,    4264024 total
- age   6:        352 bytes,    4264376 total
- age   7:        128 bytes,    4264504 total
- age   8:        352 bytes,    4264856 total
: 87430K->4178K(109248K), 0.0414970 secs] 99624K->16374K(502464K), 0.0417890 secs] [Times: user=0.04 sys=0.01, real=0.04 secs] 
Heap after GC invocations=217 (full 1):
 par new generation   total 109248K, used 4178K [0x8ac00000, 0x92c00000, 0x92c00000)
  eden space 87424K,   0% used [0x8ac00000, 0x8ac00000, 0x90160000)
  from space 21824K,  19% used [0x90160000, 0x90574b38, 0x916b0000)
  to   space 21824K,   0% used [0x916b0000, 0x916b0000, 0x92c00000)
 concurrent mark-sweep generation total 393216K, used 12195K [0x92c00000, 0xaac00000, 0xaac00000)
 concurrent-mark-sweep perm gen total 35404K, used 22515K [0xaac00000, 0xace93000, 0xb2c00000)
}
2015-02-20T15:51:23.253-0600: 1811.708: Total time for which application threads were stopped: 0.0430080 seconds
2015-02-20T15:51:23.255-0600: 1811.710: Total time for which application threads were stopped: 0.0010100 seconds
2015-02-20T15:51:23.256-0600: 1811.711: Total time for which application threads were stopped: 0.0007280 seconds
2015-02-20T15:51:23.257-0600: 1811.712: Total time for which application threads were stopped: 0.0007540 seconds
2015-02-20T15:51:23.258-0600: 1811.713: Total time for which application threads were stopped: 0.0008180 seconds
2015-02-20T15:51:23.261-0600: 1811.716: Total time for which application threads were stopped: 0.0008960 seconds
2015-02-20T15:51:23.263-0600: 1811.718: Total time for which application threads were stopped: 0.0007400 seconds
2015-02-20T15:51:23.264-0600: 1811.719: Total time for which application threads were stopped: 0.0007410 seconds
2015-02-20T15:51:24.266-0600: 1812.722: Total time for which application threads were stopped: 0.0025990 seconds
{Heap before GC invocations=217 (full 1):
 par new generation   total 109248K, used 91602K [0x8ac00000, 0x92c00000, 0x92c00000)
  eden space 87424K, 100% used [0x8ac00000, 0x90160000, 0x90160000)
  from space 21824K,  19% used [0x90160000, 0x90574b38, 0x916b0000)
  to   space 21824K,   0% used [0x916b0000, 0x916b0000, 0x92c00000)
 concurrent mark-sweep generation total 393216K, used 12195K [0x92c00000, 0xaac00000, 0xaac00000)
 concurrent-mark-sweep perm gen total 35404K, used 22529K [0xaac00000, 0xace93000, 0xb2c00000)
2015-02-20T15:51:25.289-0600: 1813.744: [GC2015-02-20T15:51:25.289-0600: 1813.744: [ParNew
Desired survivor size 20112996 bytes, new threshold 8 (max 8)
- age   1:      52128 bytes,      52128 total
- age   2:     403096 bytes,     455224 total
- age   3:        328 bytes,     455552 total
- age   4:        200 bytes,     455752 total
- age   5:        328 bytes,     456080 total
- age   6:        376 bytes,     456456 total
- age   7:        352 bytes,     456808 total
- age   8:        128 bytes,     456936 total
: 91602K->700K(109248K), 0.0165490 secs] 103798K->12896K(502464K), 0.0167230 secs] [Times: user=0.03 sys=0.00, real=0.01 secs] 
Heap after GC invocations=218 (full 1):
 par new generation   total 109248K, used 700K [0x8ac00000, 0x92c00000, 0x92c00000)
  eden space 87424K,   0% used [0x8ac00000, 0x8ac00000, 0x90160000)
  from space 21824K,   3% used [0x916b0000, 0x9175f300, 0x92c00000)
  to   space 21824K,   0% used [0x90160000, 0x90160000, 0x916b0000)
 concurrent mark-sweep generation total 393216K, used 12195K [0x92c00000, 0xaac00000, 0xaac00000)
 concurrent-mark-sweep perm gen total 35404K, used 22529K [0xaac00000, 0xace93000, 0xb2c00000)
}
2015-02-20T15:51:25.306-0600: 1813.761: Total time for which application threads were stopped: 0.0188410 seconds
2015-02-20T15:51:26.308-0600: 1814.763: Total time for which application threads were stopped: 0.0020530 seconds
{Heap before GC invocations=218 (full 1):
 par new generation   total 109248K, used 88124K [0x8ac00000, 0x92c00000, 0x92c00000)
  eden space 87424K, 100% used [0x8ac00000, 0x90160000, 0x90160000)
  from space 21824K,   3% used [0x916b0000, 0x9175f300, 0x92c00000)
  to   space 21824K,   0% used [0x90160000, 0x90160000, 0x916b0000)
 concurrent mark-sweep generation total 393216K, used 12195K [0x92c00000, 0xaac00000, 0xaac00000)
 concurrent-mark-sweep perm gen total 35404K, used 22529K [0xaac00000, 0xace93000, 0xb2c00000)
2015-02-20T15:51:27.010-0600: 1815.465: [GC2015-02-20T15:51:27.010-0600: 1815.465: [ParNew
Desired survivor size 20112996 bytes, new threshold 8 (max 8)
- age   1:        864 bytes,        864 total
- age   2:      47632 bytes,      48496 total
- age   3:     382864 bytes,     431360 total
- age   4:        328 bytes,     431688 total
- age   5:        200 bytes,     431888 total
- age   6:        328 bytes,     432216 total
- age   7:        376 bytes,     432592 total
- age   8:        352 bytes,     432944 total
: 88124K->605K(109248K), 0.0088660 secs] 100320K->12801K(502464K), 0.0091110 secs] [Times: user=0.02 sys=0.00, real=0.01 secs] 
Heap after GC invocations=219 (full 1):
 par new generation   total 109248K, used 605K [0x8ac00000, 0x92c00000, 0x92c00000)
  eden space 87424K,   0% used [0x8ac00000, 0x8ac00000, 0x90160000)
  from space 21824K,   2% used [0x90160000, 0x901f7610, 0x916b0000)
  to   space 21824K,   0% used [0x916b0000, 0x916b0000, 0x92c00000)
 concurrent mark-sweep generation total 393216K, used 12195K [0x92c00000, 0xaac00000, 0xaac00000)
 concurrent-mark-sweep perm gen total 35404K, used 22529K [0xaac00000, 0xace93000, 0xb2c00000)
}
2015-02-20T15:51:27.019-0600: 1815.474: Total time for which application threads were stopped: 0.0110110 seconds
{Heap before GC invocations=219 (full 1):
 par new generation   total 109248K, used 88029K [0x8ac00000, 0x92c00000, 0x92c00000)
  eden space 87424K, 100% used [0x8ac00000, 0x90160000, 0x90160000)
  from space 21824K,   2% used [0x90160000, 0x901f7610, 0x916b0000)
  to   space 21824K,   0% used [0x916b0000, 0x916b0000, 0x92c00000)
 concurrent mark-sweep generation total 393216K, used 12195K [0x92c00000, 0xaac00000, 0xaac00000)
 concurrent-mark-sweep perm gen total 35404K, used 22529K [0xaac00000, 0xace93000, 0xb2c00000)
2015-02-20T15:51:28.584-0600: 1817.039: [GC2015-02-20T15:51:28.584-0600: 1817.039: [ParNew
Desired survivor size 20112996 bytes, new threshold 8 (max 8)
- age   1:       1016 bytes,       1016 total
- age   2:        352 bytes,       1368 total
- age   3:      47632 bytes,      49000 total
- age   4:     382864 bytes,     431864 total
- age   5:        328 bytes,     432192 total
- age   6:        200 bytes,     432392 total
- age   7:        328 bytes,     432720 total
- age   8:        376 bytes,     433096 total
: 88029K->523K(109248K), 0.0315310 secs] 100225K->12719K(502464K), 0.0319660 secs] [Times: user=0.03 sys=0.00, real=0.03 secs] 
Heap after GC invocations=220 (full 1):
 par new generation   total 109248K, used 523K [0x8ac00000, 0x92c00000, 0x92c00000)
  eden space 87424K,   0% used [0x8ac00000, 0x8ac00000, 0x90160000)
  from space 21824K,   2% used [0x916b0000, 0x91732c08, 0x92c00000)
  to   space 21824K,   0% used [0x90160000, 0x90160000, 0x916b0000)
 concurrent mark-sweep generation total 393216K, used 12196K [0x92c00000, 0xaac00000, 0xaac00000)
 concurrent-mark-sweep perm gen total 35404K, used 22529K [0xaac00000, 0xace93000, 0xb2c00000)
}
2015-02-20T15:51:28.616-0600: 1817.071: Total time for which application threads were stopped: 0.0357830 seconds
{Heap before GC invocations=220 (full 1):
 par new generation   total 109248K, used 87947K [0x8ac00000, 0x92c00000, 0x92c00000)
  eden space 87424K, 100% used [0x8ac00000, 0x90160000, 0x90160000)
  from space 21824K,   2% used [0x916b0000, 0x91732c08, 0x92c00000)
  to   space 21824K,   0% used [0x90160000, 0x90160000, 0x916b0000)
 concurrent mark-sweep generation total 393216K, used 12196K [0x92c00000, 0xaac00000, 0xaac00000)
 concurrent-mark-sweep perm gen total 35404K, used 22529K [0xaac00000, 0xace93000, 0xb2c00000)
2015-02-20T15:51:30.268-0600: 1818.723: [GC2015-02-20T15:51:30.269-0600: 1818.724: [ParNew
Desired survivor size 20112996 bytes, new threshold 8 (max 8)
- age   1:        864 bytes,        864 total
- age   2:        288 bytes,       1152 total
- age   3:        328 bytes,       1480 total
- age   4:      47632 bytes,      49112 total
- age   5:     382864 bytes,     431976 total
- age   6:        328 bytes,     432304 total
- age   7:        200 bytes,     432504 total
- age   8:        328 bytes,     432832 total
: 87947K->553K(109248K), 0.0220000 secs] 100143K->12750K(502464K), 0.0222280 secs] [Times: user=0.03 sys=0.00, real=0.02 secs] 
Heap after GC invocations=221 (full 1):
 par new generation   total 109248K, used 553K [0x8ac00000, 0x92c00000, 0x92c00000)
  eden space 87424K,   0% used [0x8ac00000, 0x8ac00000, 0x90160000)
  from space 21824K,   2% used [0x90160000, 0x901ea690, 0x916b0000)
  to   space 21824K,   0% used [0x916b0000, 0x916b0000, 0x92c00000)
 concurrent mark-sweep generation total 393216K, used 12196K [0x92c00000, 0xaac00000, 0xaac00000)
 concurrent-mark-sweep perm gen total 35404K, used 22529K [0xaac00000, 0xace93000, 0xb2c00000)
}
2015-02-20T15:51:30.291-0600: 1818.746: Total time for which application threads were stopped: 0.0258260 seconds
{Heap before GC invocations=221 (full 1):
 par new generation   total 109248K, used 87977K [0x8ac00000, 0x92c00000, 0x92c00000)
  eden space 87424K, 100% used [0x8ac00000, 0x90160000, 0x90160000)
  from space 21824K,   2% used [0x90160000, 0x901ea690, 0x916b0000)
  to   space 21824K,   0% used [0x916b0000, 0x916b0000, 0x92c00000)
 concurrent mark-sweep generation total 393216K, used 12196K [0x92c00000, 0xaac00000, 0xaac00000)
 concurrent-mark-sweep perm gen total 35404K, used 22529K [0xaac00000, 0xace93000, 0xb2c00000)
2015-02-20T15:51:32.539-0600: 1820.994: [GC2015-02-20T15:51:32.540-0600: 1820.995: [ParNew
Desired survivor size 20112996 bytes, new threshold 8 (max 8)
- age   1:       1104 bytes,       1104 total
- age   2:        328 bytes,       1432 total
- age   3:        288 bytes,       1720 total
- age   4:        328 bytes,       2048 total
- age   5:      47632 bytes,      49680 total
- age   6:     382864 bytes,     432544 total
- age   7:        328 bytes,     432872 total
- age   8:        200 bytes,     433072 total
: 87977K->583K(109248K), 0.0101460 secs] 100174K->12780K(502464K), 0.0104120 secs] [Times: user=0.01 sys=0.00, real=0.01 secs] 
Heap after GC invocations=222 (full 1):
 par new generation   total 109248K, used 583K [0x8ac00000, 0x92c00000, 0x92c00000)
  eden space 87424K,   0% used [0x8ac00000, 0x8ac00000, 0x90160000)
  from space 21824K,   2% used [0x916b0000, 0x91741e60, 0x92c00000)
  to   space 21824K,   0% used [0x90160000, 0x90160000, 0x916b0000)
 concurrent mark-sweep generation total 393216K, used 12196K [0x92c00000, 0xaac00000, 0xaac00000)
 concurrent-mark-sweep perm gen total 35404K, used 22529K [0xaac00000, 0xace93000, 0xb2c00000)
}
2015-02-20T15:51:32.550-0600: 1821.005: Total time for which application threads were stopped: 0.0132180 seconds
{Heap before GC invocations=222 (full 1):
 par new generation   total 109248K, used 88007K [0x8ac00000, 0x92c00000, 0x92c00000)
  eden space 87424K, 100% used [0x8ac00000, 0x90160000, 0x90160000)
  from space 21824K,   2% used [0x916b0000, 0x91741e60, 0x92c00000)
  to   space 21824K,   0% used [0x90160000, 0x90160000, 0x916b0000)
 concurrent mark-sweep generation total 393216K, used 12196K [0x92c00000, 0xaac00000, 0xaac00000)
 concurrent-mark-sweep perm gen total 35404K, used 22529K [0xaac00000, 0xace93000, 0xb2c00000)
2015-02-20T15:51:34.380-0600: 1822.835: [GC2015-02-20T15:51:34.380-0600: 1822.835: [ParNew
Desired survivor size 20112996 bytes, new threshold 8 (max 8)
- age   1:       1152 bytes,       1152 total
- age   2:        328 bytes,       1480 total
- age   3:        328 bytes,       1808 total
- age   4:        288 bytes,       2096 total
- age   5:        328 bytes,       2424 total
- age   6:      47632 bytes,      50056 total
- age   7:     382864 bytes,     432920 total
- age   8:        328 bytes,     433248 total
: 88007K->465K(109248K), 0.0079510 secs] 100204K->12662K(502464K), 0.0082170 secs] [Times: user=0.01 sys=0.00, real=0.01 secs] 
Heap after GC invocations=223 (full 1):
 par new generation   total 109248K, used 465K [0x8ac00000, 0x92c00000, 0x92c00000)
  eden space 87424K,   0% used [0x8ac00000, 0x8ac00000, 0x90160000)
  from space 21824K,   2% used [0x90160000, 0x901d4790, 0x916b0000)
  to   space 21824K,   0% used [0x916b0000, 0x916b0000, 0x92c00000)
 concurrent mark-sweep generation total 393216K, used 12197K [0x92c00000, 0xaac00000, 0xaac00000)
 concurrent-mark-sweep perm gen total 35404K, used 22529K [0xaac00000, 0xace93000, 0xb2c00000)
}
2015-02-20T15:51:34.388-0600: 1822.843: Total time for which application threads were stopped: 0.0109020 seconds
{Heap before GC invocations=223 (full 1):
 par new generation   total 109248K, used 87889K [0x8ac00000, 0x92c00000, 0x92c00000)
  eden space 87424K, 100% used [0x8ac00000, 0x90160000, 0x90160000)
  from space 21824K,   2% used [0x90160000, 0x901d4790, 0x916b0000)
  to   space 21824K,   0% used [0x916b0000, 0x916b0000, 0x92c00000)
 concurrent mark-sweep generation total 393216K, used 12197K [0x92c00000, 0xaac00000, 0xaac00000)
 concurrent-mark-sweep perm gen total 35404K, used 22529K [0xaac00000, 0xace93000, 0xb2c00000)
2015-02-20T15:51:35.881-0600: 1824.336: [GC2015-02-20T15:51:35.881-0600: 1824.336: [ParNew
Desired survivor size 20112996 bytes, new threshold 8 (max 8)
- age   1:        928 bytes,        928 total
- age   2:        504 bytes,       1432 total
- age   3:        328 bytes,       1760 total
- age   4:        328 bytes,       2088 total
- age   5:        288 bytes,       2376 total
- age   6:        328 bytes,       2704 total
- age   7:      47632 bytes,      50336 total
- age   8:     382864 bytes,     433200 total
: 87889K->553K(109248K), 0.0075640 secs] 100086K->12750K(502464K), 0.0078430 secs] [Times: user=0.00 sys=0.01, real=0.01 secs] 
Heap after GC invocations=224 (full 1):
 par new generation   total 109248K, used 553K [0x8ac00000, 0x92c00000, 0x92c00000)
  eden space 87424K,   0% used [0x8ac00000, 0x8ac00000, 0x90160000)
  from space 21824K,   2% used [0x916b0000, 0x9173a540, 0x92c00000)
  to   space 21824K,   0% used [0x90160000, 0x90160000, 0x916b0000)
 concurrent mark-sweep generation total 393216K, used 12197K [0x92c00000, 0xaac00000, 0xaac00000)
 concurrent-mark-sweep perm gen total 35404K, used 22529K [0xaac00000, 0xace93000, 0xb2c00000)
}
2015-02-20T15:51:35.889-0600: 1824.344: Total time for which application threads were stopped: 0.0107060 seconds
{Heap before GC invocations=224 (full 1):
 par new generation   total 109248K, used 87977K [0x8ac00000, 0x92c00000, 0x92c00000)
  eden space 87424K, 100% used [0x8ac00000, 0x90160000, 0x90160000)
  from space 21824K,   2% used [0x916b0000, 0x9173a540, 0x92c00000)
  to   space 21824K,   0% used [0x90160000, 0x90160000, 0x916b0000)
 concurrent mark-sweep generation total 393216K, used 12197K [0x92c00000, 0xaac00000, 0xaac00000)
 concurrent-mark-sweep perm gen total 35404K, used 22529K [0xaac00000, 0xace93000, 0xb2c00000)
2015-02-20T15:51:37.471-0600: 1825.926: [GC2015-02-20T15:51:37.471-0600: 1825.926: [ParNew
Desired survivor size 20112996 bytes, new threshold 8 (max 8)
- age   1:       1232 bytes,       1232 total
- age   2:        200 bytes,       1432 total
- age   3:        376 bytes,       1808 total
- age   4:        328 bytes,       2136 total
- age   5:        328 bytes,       2464 total
- age   6:        288 bytes,       2752 total
- age   7:        328 bytes,       3080 total
- age   8:      47632 bytes,      50712 total
: 87977K->233K(109248K), 0.0148590 secs] 100174K->12813K(502464K), 0.0152140 secs] [Times: user=0.02 sys=0.00, real=0.01 secs] 
Heap after GC invocations=225 (full 1):
 par new generation   total 109248K, used 233K [0x8ac00000, 0x92c00000, 0x92c00000)
  eden space 87424K,   0% used [0x8ac00000, 0x8ac00000, 0x90160000)
  from space 21824K,   1% used [0x90160000, 0x9019a620, 0x916b0000)
  to   space 21824K,   0% used [0x916b0000, 0x916b0000, 0x92c00000)
 concurrent mark-sweep generation total 393216K, used 12579K [0x92c00000, 0xaac00000, 0xaac00000)
 concurrent-mark-sweep perm gen total 35404K, used 22529K [0xaac00000, 0xace93000, 0xb2c00000)
}
2015-02-20T15:51:37.487-0600: 1825.942: Total time for which application threads were stopped: 0.0184190 seconds
{Heap before GC invocations=225 (full 1):
 par new generation   total 109248K, used 87657K [0x8ac00000, 0x92c00000, 0x92c00000)
  eden space 87424K, 100% used [0x8ac00000, 0x90160000, 0x90160000)
  from space 21824K,   1% used [0x90160000, 0x9019a620, 0x916b0000)
  to   space 21824K,   0% used [0x916b0000, 0x916b0000, 0x92c00000)
 concurrent mark-sweep generation total 393216K, used 12579K [0x92c00000, 0xaac00000, 0xaac00000)
 concurrent-mark-sweep perm gen total 35404K, used 22529K [0xaac00000, 0xace93000, 0xb2c00000)
2015-02-20T15:51:39.370-0600: 1827.825: [GC2015-02-20T15:51:39.370-0600: 1827.825: [ParNew
Desired survivor size 20112996 bytes, new threshold 8 (max 8)
- age   1:       1256 bytes,       1256 total
- age   2:        400 bytes,       1656 total
- age   3:        200 bytes,       1856 total
- age   4:        376 bytes,       2232 total
- age   5:        328 bytes,       2560 total
- age   6:        328 bytes,       2888 total
- age   7:        288 bytes,       3176 total
- age   8:        328 bytes,       3504 total
: 87657K->63K(109248K), 0.0082540 secs] 100237K->12689K(502464K), 0.0084720 secs] [Times: user=0.02 sys=0.00, real=0.01 secs] 
Heap after GC invocations=226 (full 1):
 par new generation   total 109248K, used 63K [0x8ac00000, 0x92c00000, 0x92c00000)
  eden space 87424K,   0% used [0x8ac00000, 0x8ac00000, 0x90160000)
  from space 21824K,   0% used [0x916b0000, 0x916bfec0, 0x92c00000)
  to   space 21824K,   0% used [0x90160000, 0x90160000, 0x916b0000)
 concurrent mark-sweep generation total 393216K, used 12626K [0x92c00000, 0xaac00000, 0xaac00000)
 concurrent-mark-sweep perm gen total 35404K, used 22529K [0xaac00000, 0xace93000, 0xb2c00000)
}
2015-02-20T15:51:39.378-0600: 1827.834: Total time for which application threads were stopped: 0.0110510 seconds
{Heap before GC invocations=226 (full 1):
 par new generation   total 109248K, used 87487K [0x8ac00000, 0x92c00000, 0x92c00000)
  eden space 87424K, 100% used [0x8ac00000, 0x90160000, 0x90160000)
  from space 21824K,   0% used [0x916b0000, 0x916bfec0, 0x92c00000)
  to   space 21824K,   0% used [0x90160000, 0x90160000, 0x916b0000)
 concurrent mark-sweep generation total 393216K, used 12626K [0x92c00000, 0xaac00000, 0xaac00000)
 concurrent-mark-sweep perm gen total 35404K, used 22529K [0xaac00000, 0xace93000, 0xb2c00000)
2015-02-20T15:51:41.141-0600: 1829.596: [GC2015-02-20T15:51:41.141-0600: 1829.596: [ParNew
Desired survivor size 20112996 bytes, new threshold 8 (max 8)
- age   1:       1288 bytes,       1288 total
- age   2:        328 bytes,       1616 total
- age   3:        400 bytes,       2016 total
- age   4:        200 bytes,       2216 total
- age   5:        376 bytes,       2592 total
- age   6:        328 bytes,       2920 total
- age   7:        328 bytes,       3248 total
- age   8:        288 bytes,       3536 total
: 87487K->16K(109248K), 0.0057140 secs] 100113K->12642K(502464K), 0.0059330 secs] [Times: user=0.00 sys=0.00, real=0.00 secs] 
Heap after GC invocations=227 (full 1):
 par new generation   total 109248K, used 16K [0x8ac00000, 0x92c00000, 0x92c00000)
  eden space 87424K,   0% used [0x8ac00000, 0x8ac00000, 0x90160000)
  from space 21824K,   0% used [0x90160000, 0x90164100, 0x916b0000)
  to   space 21824K,   0% used [0x916b0000, 0x916b0000, 0x92c00000)
 concurrent mark-sweep generation total 393216K, used 12626K [0x92c00000, 0xaac00000, 0xaac00000)
 concurrent-mark-sweep perm gen total 35404K, used 22529K [0xaac00000, 0xace93000, 0xb2c00000)
}
2015-02-20T15:51:41.147-0600: 1829.602: Total time for which application threads were stopped: 0.0087020 seconds
{Heap before GC invocations=227 (full 1):
 par new generation   total 109248K, used 87440K [0x8ac00000, 0x92c00000, 0x92c00000)
  eden space 87424K, 100% used [0x8ac00000, 0x90160000, 0x90160000)
  from space 21824K,   0% used [0x90160000, 0x90164100, 0x916b0000)
  to   space 21824K,   0% used [0x916b0000, 0x916b0000, 0x92c00000)
 concurrent mark-sweep generation total 393216K, used 12626K [0x92c00000, 0xaac00000, 0xaac00000)
 concurrent-mark-sweep perm gen total 35404K, used 22529K [0xaac00000, 0xace93000, 0xb2c00000)
2015-02-20T15:51:42.999-0600: 1831.454: [GC2015-02-20T15:51:42.999-0600: 1831.454: [ParNew
Desired survivor size 20112996 bytes, new threshold 8 (max 8)
- age   1:        872 bytes,        872 total
- age   2:        376 bytes,       1248 total
- age   3:        328 bytes,       1576 total
- age   4:        400 bytes,       1976 total
- age   5:        200 bytes,       2176 total
- age   6:        376 bytes,       2552 total
- age   7:        328 bytes,       2880 total
- age   8:        328 bytes,       3208 total
: 87440K->8K(109248K), 0.0108780 secs] 100066K->12634K(502464K), 0.0110950 secs] [Times: user=0.02 sys=0.00, real=0.01 secs] 
Heap after GC invocations=228 (full 1):
 par new generation   total 109248K, used 8K [0x8ac00000, 0x92c00000, 0x92c00000)
  eden space 87424K,   0% used [0x8ac00000, 0x8ac00000, 0x90160000)
  from space 21824K,   0% used [0x916b0000, 0x916b2000, 0x92c00000)
  to   space 21824K,   0% used [0x90160000, 0x90160000, 0x916b0000)
 concurrent mark-sweep generation total 393216K, used 12626K [0x92c00000, 0xaac00000, 0xaac00000)
 concurrent-mark-sweep perm gen total 35404K, used 22529K [0xaac00000, 0xace93000, 0xb2c00000)
}
2015-02-20T15:51:43.010-0600: 1831.465: Total time for which application threads were stopped: 0.0139510 seconds
{Heap before GC invocations=228 (full 1):
 par new generation   total 109248K, used 87432K [0x8ac00000, 0x92c00000, 0x92c00000)
  eden space 87424K, 100% used [0x8ac00000, 0x90160000, 0x90160000)
  from space 21824K,   0% used [0x916b0000, 0x916b2000, 0x92c00000)
  to   space 21824K,   0% used [0x90160000, 0x90160000, 0x916b0000)
 concurrent mark-sweep generation total 393216K, used 12626K [0x92c00000, 0xaac00000, 0xaac00000)
 concurrent-mark-sweep perm gen total 35404K, used 22529K [0xaac00000, 0xace93000, 0xb2c00000)
2015-02-20T15:51:44.745-0600: 1833.200: [GC2015-02-20T15:51:44.745-0600: 1833.201: [ParNew
Desired survivor size 20112996 bytes, new threshold 8 (max 8)
- age   1:        928 bytes,        928 total
- age   2:        128 bytes,       1056 total
- age   3:        352 bytes,       1408 total
- age   4:        328 bytes,       1736 total
- age   5:        400 bytes,       2136 total
- age   6:        200 bytes,       2336 total
- age   7:        376 bytes,       2712 total
- age   8:        328 bytes,       3040 total
: 87432K->6K(109248K), 0.0132890 secs] 100058K->12633K(502464K), 0.0134940 secs] [Times: user=0.03 sys=0.00, real=0.02 secs] 
Heap after GC invocations=229 (full 1):
 par new generation   total 109248K, used 6K [0x8ac00000, 0x92c00000, 0x92c00000)
  eden space 87424K,   0% used [0x8ac00000, 0x8ac00000, 0x90160000)
  from space 21824K,   0% used [0x90160000, 0x90161800, 0x916b0000)
  to   space 21824K,   0% used [0x916b0000, 0x916b0000, 0x92c00000)
 concurrent mark-sweep generation total 393216K, used 12627K [0x92c00000, 0xaac00000, 0xaac00000)
 concurrent-mark-sweep perm gen total 35404K, used 22529K [0xaac00000, 0xace93000, 0xb2c00000)
}
2015-02-20T15:51:44.759-0600: 1833.214: Total time for which application threads were stopped: 0.0161990 seconds
{Heap before GC invocations=229 (full 1):
 par new generation   total 109248K, used 87430K [0x8ac00000, 0x92c00000, 0x92c00000)
  eden space 87424K, 100% used [0x8ac00000, 0x90160000, 0x90160000)
  from space 21824K,   0% used [0x90160000, 0x90161800, 0x916b0000)
  to   space 21824K,   0% used [0x916b0000, 0x916b0000, 0x92c00000)
 concurrent mark-sweep generation total 393216K, used 12627K [0x92c00000, 0xaac00000, 0xaac00000)
 concurrent-mark-sweep perm gen total 35404K, used 22529K [0xaac00000, 0xace93000, 0xb2c00000)
2015-02-20T15:51:46.295-0600: 1834.750: [GC2015-02-20T15:51:46.296-0600: 1834.751: [ParNew
Desired survivor size 20112996 bytes, new threshold 8 (max 8)
- age   1:       1456 bytes,       1456 total
- age   2:        328 bytes,       1784 total
- age   3:        128 bytes,       1912 total
- age   4:        352 bytes,       2264 total
- age   5:        328 bytes,       2592 total
- age   6:        400 bytes,       2992 total
- age   7:        200 bytes,       3192 total
- age   8:        376 bytes,       3568 total
: 87430K->8K(109248K), 0.0058440 secs] 100057K->12635K(502464K), 0.0060840 secs] [Times: user=0.00 sys=0.00, real=0.01 secs] 
Heap after GC invocations=230 (full 1):
 par new generation   total 109248K, used 8K [0x8ac00000, 0x92c00000, 0x92c00000)
  eden space 87424K,   0% used [0x8ac00000, 0x8ac00000, 0x90160000)
  from space 21824K,   0% used [0x916b0000, 0x916b2000, 0x92c00000)
  to   space 21824K,   0% used [0x90160000, 0x90160000, 0x916b0000)
 concurrent mark-sweep generation total 393216K, used 12627K [0x92c00000, 0xaac00000, 0xaac00000)
 concurrent-mark-sweep perm gen total 35404K, used 22529K [0xaac00000, 0xace93000, 0xb2c00000)
}
2015-02-20T15:51:46.302-0600: 1834.757: Total time for which application threads were stopped: 0.0087300 seconds
{Heap before GC invocations=230 (full 1):
 par new generation   total 109248K, used 87432K [0x8ac00000, 0x92c00000, 0x92c00000)
  eden space 87424K, 100% used [0x8ac00000, 0x90160000, 0x90160000)
  from space 21824K,   0% used [0x916b0000, 0x916b2000, 0x92c00000)
  to   space 21824K,   0% used [0x90160000, 0x90160000, 0x916b0000)
 concurrent mark-sweep generation total 393216K, used 12627K [0x92c00000, 0xaac00000, 0xaac00000)
 concurrent-mark-sweep perm gen total 35404K, used 22529K [0xaac00000, 0xace93000, 0xb2c00000)
2015-02-20T15:51:47.750-0600: 1836.205: [GC2015-02-20T15:51:47.750-0600: 1836.205: [ParNew
Desired survivor size 20112996 bytes, new threshold 8 (max 8)
- age   1:        848 bytes,        848 total
- age   2:        456 bytes,       1304 total
- age   3:        328 bytes,       1632 total
- age   4:        128 bytes,       1760 total
- age   5:        352 bytes,       2112 total
- age   6:        328 bytes,       2440 total
- age   7:        400 bytes,       2840 total
- age   8:        200 bytes,       3040 total
: 87432K->8K(109248K), 0.0068900 secs] 100059K->12635K(502464K), 0.0070930 secs] [Times: user=0.02 sys=0.00, real=0.01 secs] 
Heap after GC invocations=231 (full 1):
 par new generation   total 109248K, used 8K [0x8ac00000, 0x92c00000, 0x92c00000)
  eden space 87424K,   0% used [0x8ac00000, 0x8ac00000, 0x90160000)
  from space 21824K,   0% used [0x90160000, 0x90162000, 0x916b0000)
  to   space 21824K,   0% used [0x916b0000, 0x916b0000, 0x92c00000)
 concurrent mark-sweep generation total 393216K, used 12627K [0x92c00000, 0xaac00000, 0xaac00000)
 concurrent-mark-sweep perm gen total 35404K, used 22529K [0xaac00000, 0xace93000, 0xb2c00000)
}
2015-02-20T15:51:47.757-0600: 1836.213: Total time for which application threads were stopped: 0.0101930 seconds
{Heap before GC invocations=231 (full 1):
 par new generation   total 109248K, used 87432K [0x8ac00000, 0x92c00000, 0x92c00000)
  eden space 87424K, 100% used [0x8ac00000, 0x90160000, 0x90160000)
  from space 21824K,   0% used [0x90160000, 0x90162000, 0x916b0000)
  to   space 21824K,   0% used [0x916b0000, 0x916b0000, 0x92c00000)
 concurrent mark-sweep generation total 393216K, used 12627K [0x92c00000, 0xaac00000, 0xaac00000)
 concurrent-mark-sweep perm gen total 35404K, used 22529K [0xaac00000, 0xace93000, 0xb2c00000)
2015-02-20T15:51:49.456-0600: 1837.911: [GC2015-02-20T15:51:49.456-0600: 1837.911: [ParNew
Desired survivor size 20112996 bytes, new threshold 8 (max 8)
- age   1:       1328 bytes,       1328 total
- age   2:        200 bytes,       1528 total
- age   3:        328 bytes,       1856 total
- age   4:        328 bytes,       2184 total
- age   5:        128 bytes,       2312 total
- age   6:        352 bytes,       2664 total
- age   7:        328 bytes,       2992 total
- age   8:        400 bytes,       3392 total
: 87432K->8K(109248K), 0.0101290 secs] 100059K->12636K(502464K), 0.0103350 secs] [Times: user=0.02 sys=0.00, real=0.01 secs] 
Heap after GC invocations=232 (full 1):
 par new generation   total 109248K, used 8K [0x8ac00000, 0x92c00000, 0x92c00000)
  eden space 87424K,   0% used [0x8ac00000, 0x8ac00000, 0x90160000)
  from space 21824K,   0% used [0x916b0000, 0x916b2000, 0x92c00000)
  to   space 21824K,   0% used [0x90160000, 0x90160000, 0x916b0000)
 concurrent mark-sweep generation total 393216K, used 12628K [0x92c00000, 0xaac00000, 0xaac00000)
 concurrent-mark-sweep perm gen total 35404K, used 22529K [0xaac00000, 0xace93000, 0xb2c00000)
}
2015-02-20T15:51:49.466-0600: 1837.921: Total time for which application threads were stopped: 0.0130270 seconds
{Heap before GC invocations=232 (full 1):
 par new generation   total 109248K, used 87432K [0x8ac00000, 0x92c00000, 0x92c00000)
  eden space 87424K, 100% used [0x8ac00000, 0x90160000, 0x90160000)
  from space 21824K,   0% used [0x916b0000, 0x916b2000, 0x92c00000)
  to   space 21824K,   0% used [0x90160000, 0x90160000, 0x916b0000)
 concurrent mark-sweep generation total 393216K, used 12628K [0x92c00000, 0xaac00000, 0xaac00000)
 concurrent-mark-sweep perm gen total 35404K, used 22529K [0xaac00000, 0xace93000, 0xb2c00000)
2015-02-20T15:51:51.202-0600: 1839.657: [GC2015-02-20T15:51:51.202-0600: 1839.657: [ParNew
Desired survivor size 20112996 bytes, new threshold 8 (max 8)
- age   1:       1048 bytes,       1048 total
- age   2:        400 bytes,       1448 total
- age   3:        200 bytes,       1648 total
- age   4:        328 bytes,       1976 total
- age   5:        328 bytes,       2304 total
- age   6:        128 bytes,       2432 total
- age   7:        352 bytes,       2784 total
- age   8:        328 bytes,       3112 total
: 87432K->10K(109248K), 0.0084670 secs] 100060K->12638K(502464K), 0.0086750 secs] [Times: user=0.01 sys=0.00, real=0.01 secs] 
Heap after GC invocations=233 (full 1):
 par new generation   total 109248K, used 10K [0x8ac00000, 0x92c00000, 0x92c00000)
  eden space 87424K,   0% used [0x8ac00000, 0x8ac00000, 0x90160000)
  from space 21824K,   0% used [0x90160000, 0x90162800, 0x916b0000)
  to   space 21824K,   0% used [0x916b0000, 0x916b0000, 0x92c00000)
 concurrent mark-sweep generation total 393216K, used 12628K [0x92c00000, 0xaac00000, 0xaac00000)
 concurrent-mark-sweep perm gen total 35404K, used 22529K [0xaac00000, 0xace93000, 0xb2c00000)
}
2015-02-20T15:51:51.211-0600: 1839.666: Total time for which application threads were stopped: 0.0114710 seconds
{Heap before GC invocations=233 (full 1):
 par new generation   total 109248K, used 87434K [0x8ac00000, 0x92c00000, 0x92c00000)
  eden space 87424K, 100% used [0x8ac00000, 0x90160000, 0x90160000)
  from space 21824K,   0% used [0x90160000, 0x90162800, 0x916b0000)
  to   space 21824K,   0% used [0x916b0000, 0x916b0000, 0x92c00000)
 concurrent mark-sweep generation total 393216K, used 12628K [0x92c00000, 0xaac00000, 0xaac00000)
 concurrent-mark-sweep perm gen total 35404K, used 22529K [0xaac00000, 0xace93000, 0xb2c00000)
2015-02-20T15:51:52.989-0600: 1841.444: [GC2015-02-20T15:51:52.990-0600: 1841.445: [ParNew
Desired survivor size 20112996 bytes, new threshold 8 (max 8)
- age   1:        784 bytes,        784 total
- age   2:        376 bytes,       1160 total
- age   3:        400 bytes,       1560 total
- age   4:        200 bytes,       1760 total
- age   5:        328 bytes,       2088 total
- age   6:        328 bytes,       2416 total
- age   7:        128 bytes,       2544 total
- age   8:        352 bytes,       2896 total
: 87434K->6K(109248K), 0.0076600 secs] 100062K->12634K(502464K), 0.0078320 secs] [Times: user=0.01 sys=0.00, real=0.00 secs] 
Heap after GC invocations=234 (full 1):
 par new generation   total 109248K, used 6K [0x8ac00000, 0x92c00000, 0x92c00000)
  eden space 87424K,   0% used [0x8ac00000, 0x8ac00000, 0x90160000)
  from space 21824K,   0% used [0x916b0000, 0x916b1800, 0x92c00000)
  to   space 21824K,   0% used [0x90160000, 0x90160000, 0x916b0000)
 concurrent mark-sweep generation total 393216K, used 12628K [0x92c00000, 0xaac00000, 0xaac00000)
 concurrent-mark-sweep perm gen total 35404K, used 22529K [0xaac00000, 0xace93000, 0xb2c00000)
}
2015-02-20T15:51:52.997-0600: 1841.452: Total time for which application threads were stopped: 0.0105130 seconds
{Heap before GC invocations=234 (full 1):
 par new generation   total 109248K, used 87430K [0x8ac00000, 0x92c00000, 0x92c00000)
  eden space 87424K, 100% used [0x8ac00000, 0x90160000, 0x90160000)
  from space 21824K,   0% used [0x916b0000, 0x916b1800, 0x92c00000)
  to   space 21824K,   0% used [0x90160000, 0x90160000, 0x916b0000)
 concurrent mark-sweep generation total 393216K, used 12628K [0x92c00000, 0xaac00000, 0xaac00000)
 concurrent-mark-sweep perm gen total 35404K, used 22529K [0xaac00000, 0xace93000, 0xb2c00000)
2015-02-20T15:51:54.718-0600: 1843.173: [GC2015-02-20T15:51:54.718-0600: 1843.173: [ParNew
Desired survivor size 20112996 bytes, new threshold 8 (max 8)
- age   1:       1024 bytes,       1024 total
- age   2:        152 bytes,       1176 total
- age   3:        352 bytes,       1528 total
- age   4:        400 bytes,       1928 total
- age   5:        200 bytes,       2128 total
- age   6:        328 bytes,       2456 total
- age   7:        328 bytes,       2784 total
- age   8:        128 bytes,       2912 total
: 87430K->8K(109248K), 0.0058330 secs] 100058K->12637K(502464K), 0.0060500 secs] [Times: user=0.01 sys=0.00, real=0.00 secs] 
Heap after GC invocations=235 (full 1):
 par new generation   total 109248K, used 8K [0x8ac00000, 0x92c00000, 0x92c00000)
  eden space 87424K,   0% used [0x8ac00000, 0x8ac00000, 0x90160000)
  from space 21824K,   0% used [0x90160000, 0x90162000, 0x916b0000)
  to   space 21824K,   0% used [0x916b0000, 0x916b0000, 0x92c00000)
 concurrent mark-sweep generation total 393216K, used 12629K [0x92c00000, 0xaac00000, 0xaac00000)
 concurrent-mark-sweep perm gen total 35404K, used 22529K [0xaac00000, 0xace93000, 0xb2c00000)
}
2015-02-20T15:51:54.724-0600: 1843.179: Total time for which application threads were stopped: 0.0088680 seconds
{Heap before GC invocations=235 (full 1):
 par new generation   total 109248K, used 87432K [0x8ac00000, 0x92c00000, 0x92c00000)
  eden space 87424K, 100% used [0x8ac00000, 0x90160000, 0x90160000)
  from space 21824K,   0% used [0x90160000, 0x90162000, 0x916b0000)
  to   space 21824K,   0% used [0x916b0000, 0x916b0000, 0x92c00000)
 concurrent mark-sweep generation total 393216K, used 12629K [0x92c00000, 0xaac00000, 0xaac00000)
 concurrent-mark-sweep perm gen total 35404K, used 22529K [0xaac00000, 0xace93000, 0xb2c00000)
2015-02-20T15:51:56.465-0600: 1844.920: [GC2015-02-20T15:51:56.465-0600: 1844.920: [ParNew
Desired survivor size 20112996 bytes, new threshold 8 (max 8)
- age   1:       1224 bytes,       1224 total
- age   2:        328 bytes,       1552 total
- age   3:        152 bytes,       1704 total
- age   4:        352 bytes,       2056 total
- age   5:        400 bytes,       2456 total
- age   6:        200 bytes,       2656 total
- age   7:        328 bytes,       2984 total
- age   8:        328 bytes,       3312 total
: 87432K->6K(109248K), 0.0078790 secs] 100061K->12635K(502464K), 0.0080820 secs] [Times: user=0.01 sys=0.00, real=0.01 secs] 
Heap after GC invocations=236 (full 1):
 par new generation   total 109248K, used 6K [0x8ac00000, 0x92c00000, 0x92c00000)
  eden space 87424K,   0% used [0x8ac00000, 0x8ac00000, 0x90160000)
  from space 21824K,   0% used [0x916b0000, 0x916b1800, 0x92c00000)
  to   space 21824K,   0% used [0x90160000, 0x90160000, 0x916b0000)
 concurrent mark-sweep generation total 393216K, used 12629K [0x92c00000, 0xaac00000, 0xaac00000)
 concurrent-mark-sweep perm gen total 35404K, used 22529K [0xaac00000, 0xace93000, 0xb2c00000)
}
2015-02-20T15:51:56.473-0600: 1844.928: Total time for which application threads were stopped: 0.0108020 seconds
{Heap before GC invocations=236 (full 1):
 par new generation   total 109248K, used 87430K [0x8ac00000, 0x92c00000, 0x92c00000)
  eden space 87424K, 100% used [0x8ac00000, 0x90160000, 0x90160000)
  from space 21824K,   0% used [0x916b0000, 0x916b1800, 0x92c00000)
  to   space 21824K,   0% used [0x90160000, 0x90160000, 0x916b0000)
 concurrent mark-sweep generation total 393216K, used 12629K [0x92c00000, 0xaac00000, 0xaac00000)
 concurrent-mark-sweep perm gen total 35404K, used 22529K [0xaac00000, 0xace93000, 0xb2c00000)
2015-02-20T15:51:58.169-0600: 1846.624: [GC2015-02-20T15:51:58.170-0600: 1846.625: [ParNew
Desired survivor size 20112996 bytes, new threshold 8 (max 8)
- age   1:        928 bytes,        928 total
- age   2:        376 bytes,       1304 total
- age   3:        328 bytes,       1632 total
- age   4:        152 bytes,       1784 total
- age   5:        352 bytes,       2136 total
- age   6:        400 bytes,       2536 total
- age   7:        200 bytes,       2736 total
- age   8:        328 bytes,       3064 total
: 87430K->8K(109248K), 0.0147460 secs] 100059K->12637K(502464K), 0.0149760 secs] [Times: user=0.02 sys=0.00, real=0.01 secs] 
Heap after GC invocations=237 (full 1):
 par new generation   total 109248K, used 8K [0x8ac00000, 0x92c00000, 0x92c00000)
  eden space 87424K,   0% used [0x8ac00000, 0x8ac00000, 0x90160000)
  from space 21824K,   0% used [0x90160000, 0x90162000, 0x916b0000)
  to   space 21824K,   0% used [0x916b0000, 0x916b0000, 0x92c00000)
 concurrent mark-sweep generation total 393216K, used 12629K [0x92c00000, 0xaac00000, 0xaac00000)
 concurrent-mark-sweep perm gen total 35404K, used 22529K [0xaac00000, 0xace93000, 0xb2c00000)
}
2015-02-20T15:51:58.184-0600: 1846.640: Total time for which application threads were stopped: 0.0176310 seconds
{Heap before GC invocations=237 (full 1):
 par new generation   total 109248K, used 87432K [0x8ac00000, 0x92c00000, 0x92c00000)
  eden space 87424K, 100% used [0x8ac00000, 0x90160000, 0x90160000)
  from space 21824K,   0% used [0x90160000, 0x90162000, 0x916b0000)
  to   space 21824K,   0% used [0x916b0000, 0x916b0000, 0x92c00000)
 concurrent mark-sweep generation total 393216K, used 12629K [0x92c00000, 0xaac00000, 0xaac00000)
 concurrent-mark-sweep perm gen total 35404K, used 22529K [0xaac00000, 0xace93000, 0xb2c00000)
2015-02-20T15:51:59.780-0600: 1848.235: [GC2015-02-20T15:51:59.780-0600: 1848.235: [ParNew
Desired survivor size 20112996 bytes, new threshold 8 (max 8)
- age   1:        672 bytes,        672 total
- age   2:        488 bytes,       1160 total
- age   3:        376 bytes,       1536 total
- age   4:        328 bytes,       1864 total
- age   5:        152 bytes,       2016 total
- age   6:        352 bytes,       2368 total
- age   7:        400 bytes,       2768 total
- age   8:        200 bytes,       2968 total
: 87432K->8K(109248K), 0.0112920 secs] 100061K->12637K(502464K), 0.0115000 secs] [Times: user=0.02 sys=0.00, real=0.01 secs] 
Heap after GC invocations=238 (full 1):
 par new generation   total 109248K, used 8K [0x8ac00000, 0x92c00000, 0x92c00000)
  eden space 87424K,   0% used [0x8ac00000, 0x8ac00000, 0x90160000)
  from space 21824K,   0% used [0x916b0000, 0x916b2000, 0x92c00000)
  to   space 21824K,   0% used [0x90160000, 0x90160000, 0x916b0000)
 concurrent mark-sweep generation total 393216K, used 12629K [0x92c00000, 0xaac00000, 0xaac00000)
 concurrent-mark-sweep perm gen total 35404K, used 22529K [0xaac00000, 0xace93000, 0xb2c00000)
}
2015-02-20T15:51:59.792-0600: 1848.247: Total time for which application threads were stopped: 0.0141270 seconds
{Heap before GC invocations=238 (full 1):
 par new generation   total 109248K, used 87432K [0x8ac00000, 0x92c00000, 0x92c00000)
  eden space 87424K, 100% used [0x8ac00000, 0x90160000, 0x90160000)
  from space 21824K,   0% used [0x916b0000, 0x916b2000, 0x92c00000)
  to   space 21824K,   0% used [0x90160000, 0x90160000, 0x916b0000)
 concurrent mark-sweep generation total 393216K, used 12629K [0x92c00000, 0xaac00000, 0xaac00000)
 concurrent-mark-sweep perm gen total 35404K, used 22529K [0xaac00000, 0xace93000, 0xb2c00000)
2015-02-20T15:52:01.400-0600: 1849.855: [GC2015-02-20T15:52:01.401-0600: 1849.856: [ParNew
Desired survivor size 20112996 bytes, new threshold 8 (max 8)
- age   1:       1256 bytes,       1256 total
- age   2:        200 bytes,       1456 total
- age   3:        360 bytes,       1816 total
- age   4:        376 bytes,       2192 total
- age   5:        328 bytes,       2520 total
- age   6:        152 bytes,       2672 total
- age   7:        352 bytes,       3024 total
- age   8:        400 bytes,       3424 total
: 87432K->10K(109248K), 0.0113790 secs] 100061K->12640K(502464K), 0.0116220 secs] [Times: user=0.02 sys=0.00, real=0.01 secs] 
Heap after GC invocations=239 (full 1):
 par new generation   total 109248K, used 10K [0x8ac00000, 0x92c00000, 0x92c00000)
  eden space 87424K,   0% used [0x8ac00000, 0x8ac00000, 0x90160000)
  from space 21824K,   0% used [0x90160000, 0x90162800, 0x916b0000)
  to   space 21824K,   0% used [0x916b0000, 0x916b0000, 0x92c00000)
 concurrent mark-sweep generation total 393216K, used 12630K [0x92c00000, 0xaac00000, 0xaac00000)
 concurrent-mark-sweep perm gen total 35404K, used 22529K [0xaac00000, 0xace93000, 0xb2c00000)
}
2015-02-20T15:52:01.412-0600: 1849.867: Total time for which application threads were stopped: 0.0143810 seconds
{Heap before GC invocations=239 (full 1):
 par new generation   total 109248K, used 87434K [0x8ac00000, 0x92c00000, 0x92c00000)
  eden space 87424K, 100% used [0x8ac00000, 0x90160000, 0x90160000)
  from space 21824K,   0% used [0x90160000, 0x90162800, 0x916b0000)
  to   space 21824K,   0% used [0x916b0000, 0x916b0000, 0x92c00000)
 concurrent mark-sweep generation total 393216K, used 12630K [0x92c00000, 0xaac00000, 0xaac00000)
 concurrent-mark-sweep perm gen total 35404K, used 22529K [0xaac00000, 0xace93000, 0xb2c00000)
2015-02-20T15:52:03.043-0600: 1851.498: [GC2015-02-20T15:52:03.043-0600: 1851.498: [ParNew
Desired survivor size 20112996 bytes, new threshold 8 (max 8)
- age   1:       1264 bytes,       1264 total
- age   2:        328 bytes,       1592 total
- age   3:        200 bytes,       1792 total
- age   4:        360 bytes,       2152 total
- age   5:        376 bytes,       2528 total
- age   6:        328 bytes,       2856 total
- age   7:        152 bytes,       3008 total
- age   8:        352 bytes,       3360 total
: 87434K->10K(109248K), 0.0062120 secs] 100064K->12640K(502464K), 0.0064570 secs] [Times: user=0.02 sys=0.00, real=0.01 secs] 
Heap after GC invocations=240 (full 1):
 par new generation   total 109248K, used 10K [0x8ac00000, 0x92c00000, 0x92c00000)
  eden space 87424K,   0% used [0x8ac00000, 0x8ac00000, 0x90160000)
  from space 21824K,   0% used [0x916b0000, 0x916b2800, 0x92c00000)
  to   space 21824K,   0% used [0x90160000, 0x90160000, 0x916b0000)
 concurrent mark-sweep generation total 393216K, used 12630K [0x92c00000, 0xaac00000, 0xaac00000)
 concurrent-mark-sweep perm gen total 35404K, used 22529K [0xaac00000, 0xace93000, 0xb2c00000)
}
2015-02-20T15:52:03.050-0600: 1851.505: Total time for which application threads were stopped: 0.0091340 seconds
{Heap before GC invocations=240 (full 1):
 par new generation   total 109248K, used 87434K [0x8ac00000, 0x92c00000, 0x92c00000)
  eden space 87424K, 100% used [0x8ac00000, 0x90160000, 0x90160000)
  from space 21824K,   0% used [0x916b0000, 0x916b2800, 0x92c00000)
  to   space 21824K,   0% used [0x90160000, 0x90160000, 0x916b0000)
 concurrent mark-sweep generation total 393216K, used 12630K [0x92c00000, 0xaac00000, 0xaac00000)
 concurrent-mark-sweep perm gen total 35404K, used 22529K [0xaac00000, 0xace93000, 0xb2c00000)
2015-02-20T15:52:04.787-0600: 1853.242: [GC2015-02-20T15:52:04.787-0600: 1853.242: [ParNew
Desired survivor size 20112996 bytes, new threshold 8 (max 8)
- age   1:        928 bytes,        928 total
- age   2:        544 bytes,       1472 total
- age   3:        328 bytes,       1800 total
- age   4:        200 bytes,       2000 total
- age   5:        360 bytes,       2360 total
- age   6:        376 bytes,       2736 total
- age   7:        328 bytes,       3064 total
- age   8:        152 bytes,       3216 total
: 87434K->6K(109248K), 0.0077800 secs] 100064K->12636K(502464K), 0.0080180 secs] [Times: user=0.01 sys=0.00, real=0.01 secs] 
Heap after GC invocations=241 (full 1):
 par new generation   total 109248K, used 6K [0x8ac00000, 0x92c00000, 0x92c00000)
  eden space 87424K,   0% used [0x8ac00000, 0x8ac00000, 0x90160000)
  from space 21824K,   0% used [0x90160000, 0x90161800, 0x916b0000)
  to   space 21824K,   0% used [0x916b0000, 0x916b0000, 0x92c00000)
 concurrent mark-sweep generation total 393216K, used 12630K [0x92c00000, 0xaac00000, 0xaac00000)
 concurrent-mark-sweep perm gen total 35404K, used 22529K [0xaac00000, 0xace93000, 0xb2c00000)
}
2015-02-20T15:52:04.795-0600: 1853.250: Total time for which application threads were stopped: 0.0106660 seconds
{Heap before GC invocations=241 (full 1):
 par new generation   total 109248K, used 87430K [0x8ac00000, 0x92c00000, 0x92c00000)
  eden space 87424K, 100% used [0x8ac00000, 0x90160000, 0x90160000)
  from space 21824K,   0% used [0x90160000, 0x90161800, 0x916b0000)
  to   space 21824K,   0% used [0x916b0000, 0x916b0000, 0x92c00000)
 concurrent mark-sweep generation total 393216K, used 12630K [0x92c00000, 0xaac00000, 0xaac00000)
 concurrent-mark-sweep perm gen total 35404K, used 22529K [0xaac00000, 0xace93000, 0xb2c00000)
2015-02-20T15:52:06.525-0600: 1854.980: [GC2015-02-20T15:52:06.525-0600: 1854.980: [ParNew
Desired survivor size 20112996 bytes, new threshold 8 (max 8)
- age   1:       1136 bytes,       1136 total
- age   2:        152 bytes,       1288 total
- age   3:        520 bytes,       1808 total
- age   4:        328 bytes,       2136 total
- age   5:        200 bytes,       2336 total
- age   6:        360 bytes,       2696 total
- age   7:        376 bytes,       3072 total
- age   8:        328 bytes,       3400 total
: 87430K->4K(109248K), 0.0288730 secs] 100060K->12634K(502464K), 0.0290550 secs] [Times: user=0.02 sys=0.00, real=0.03 secs] 
Heap after GC invocations=242 (full 1):
 par new generation   total 109248K, used 4K [0x8ac00000, 0x92c00000, 0x92c00000)
  eden space 87424K,   0% used [0x8ac00000, 0x8ac00000, 0x90160000)
  from space 21824K,   0% used [0x916b0000, 0x916b1000, 0x92c00000)
  to   space 21824K,   0% used [0x90160000, 0x90160000, 0x916b0000)
 concurrent mark-sweep generation total 393216K, used 12630K [0x92c00000, 0xaac00000, 0xaac00000)
 concurrent-mark-sweep perm gen total 35404K, used 22529K [0xaac00000, 0xace93000, 0xb2c00000)
}
2015-02-20T15:52:06.554-0600: 1855.009: Total time for which application threads were stopped: 0.0325740 seconds
{Heap before GC invocations=242 (full 1):
 par new generation   total 109248K, used 87428K [0x8ac00000, 0x92c00000, 0x92c00000)
  eden space 87424K, 100% used [0x8ac00000, 0x90160000, 0x90160000)
  from space 21824K,   0% used [0x916b0000, 0x916b1000, 0x92c00000)
  to   space 21824K,   0% used [0x90160000, 0x90160000, 0x916b0000)
 concurrent mark-sweep generation total 393216K, used 12630K [0x92c00000, 0xaac00000, 0xaac00000)
 concurrent-mark-sweep perm gen total 35404K, used 22529K [0xaac00000, 0xace93000, 0xb2c00000)
2015-02-20T15:52:08.206-0600: 1856.661: [GC2015-02-20T15:52:08.206-0600: 1856.661: [ParNew
Desired survivor size 20112996 bytes, new threshold 8 (max 8)
- age   1:       1056 bytes,       1056 total
- age   2:        352 bytes,       1408 total
- age   3:        152 bytes,       1560 total
- age   4:        520 bytes,       2080 total
- age   5:        328 bytes,       2408 total
- age   6:        200 bytes,       2608 total
- age   7:        360 bytes,       2968 total
- age   8:        376 bytes,       3344 total
: 87428K->10K(109248K), 0.0111450 secs] 100058K->12641K(502464K), 0.0113500 secs] [Times: user=0.01 sys=0.00, real=0.01 secs] 
Heap after GC invocations=243 (full 1):
 par new generation   total 109248K, used 10K [0x8ac00000, 0x92c00000, 0x92c00000)
  eden space 87424K,   0% used [0x8ac00000, 0x8ac00000, 0x90160000)
  from space 21824K,   0% used [0x90160000, 0x90162800, 0x916b0000)
  to   space 21824K,   0% used [0x916b0000, 0x916b0000, 0x92c00000)
 concurrent mark-sweep generation total 393216K, used 12631K [0x92c00000, 0xaac00000, 0xaac00000)
 concurrent-mark-sweep perm gen total 35404K, used 22529K [0xaac00000, 0xace93000, 0xb2c00000)
}
2015-02-20T15:52:08.217-0600: 1856.672: Total time for which application threads were stopped: 0.0141010 seconds
{Heap before GC invocations=243 (full 1):
 par new generation   total 109248K, used 87434K [0x8ac00000, 0x92c00000, 0x92c00000)
  eden space 87424K, 100% used [0x8ac00000, 0x90160000, 0x90160000)
  from space 21824K,   0% used [0x90160000, 0x90162800, 0x916b0000)
  to   space 21824K,   0% used [0x916b0000, 0x916b0000, 0x92c00000)
 concurrent mark-sweep generation total 393216K, used 12631K [0x92c00000, 0xaac00000, 0xaac00000)
 concurrent-mark-sweep perm gen total 35404K, used 22529K [0xaac00000, 0xace93000, 0xb2c00000)
2015-02-20T15:52:09.785-0600: 1858.240: [GC2015-02-20T15:52:09.785-0600: 1858.240: [ParNew
Desired survivor size 20112996 bytes, new threshold 8 (max 8)
- age   1:        768 bytes,        768 total
- age   2:        552 bytes,       1320 total
- age   3:        352 bytes,       1672 total
- age   4:        152 bytes,       1824 total
- age   5:        520 bytes,       2344 total
- age   6:        328 bytes,       2672 total
- age   7:        200 bytes,       2872 total
- age   8:        360 bytes,       3232 total
: 87434K->10K(109248K), 0.0061130 secs] 100065K->12641K(502464K), 0.0063370 secs] [Times: user=0.02 sys=0.00, real=0.01 secs] 
Heap after GC invocations=244 (full 1):
 par new generation   total 109248K, used 10K [0x8ac00000, 0x92c00000, 0x92c00000)
  eden space 87424K,   0% used [0x8ac00000, 0x8ac00000, 0x90160000)
  from space 21824K,   0% used [0x916b0000, 0x916b2800, 0x92c00000)
  to   space 21824K,   0% used [0x90160000, 0x90160000, 0x916b0000)
 concurrent mark-sweep generation total 393216K, used 12631K [0x92c00000, 0xaac00000, 0xaac00000)
 concurrent-mark-sweep perm gen total 35404K, used 22529K [0xaac00000, 0xace93000, 0xb2c00000)
}
2015-02-20T15:52:09.792-0600: 1858.247: Total time for which application threads were stopped: 0.0090680 seconds
{Heap before GC invocations=244 (full 1):
 par new generation   total 109248K, used 87434K [0x8ac00000, 0x92c00000, 0x92c00000)
  eden space 87424K, 100% used [0x8ac00000, 0x90160000, 0x90160000)
  from space 21824K,   0% used [0x916b0000, 0x916b2800, 0x92c00000)
  to   space 21824K,   0% used [0x90160000, 0x90160000, 0x916b0000)
 concurrent mark-sweep generation total 393216K, used 12631K [0x92c00000, 0xaac00000, 0xaac00000)
 concurrent-mark-sweep perm gen total 35404K, used 22529K [0xaac00000, 0xace93000, 0xb2c00000)
2015-02-20T15:52:11.470-0600: 1859.925: [GC2015-02-20T15:52:11.470-0600: 1859.925: [ParNew
Desired survivor size 20112996 bytes, new threshold 8 (max 8)
- age   1:       1104 bytes,       1104 total
- age   2:        200 bytes,       1304 total
- age   3:        424 bytes,       1728 total
- age   4:        352 bytes,       2080 total
- age   5:        152 bytes,       2232 total
- age   6:        520 bytes,       2752 total
- age   7:        328 bytes,       3080 total
- age   8:        200 bytes,       3280 total
: 87434K->8K(109248K), 0.0076920 secs] 100065K->12639K(502464K), 0.0078980 secs] [Times: user=0.02 sys=0.00, real=0.01 secs] 
Heap after GC invocations=245 (full 1):
 par new generation   total 109248K, used 8K [0x8ac00000, 0x92c00000, 0x92c00000)
  eden space 87424K,   0% used [0x8ac00000, 0x8ac00000, 0x90160000)
  from space 21824K,   0% used [0x90160000, 0x90162000, 0x916b0000)
  to   space 21824K,   0% used [0x916b0000, 0x916b0000, 0x92c00000)
 concurrent mark-sweep generation total 393216K, used 12631K [0x92c00000, 0xaac00000, 0xaac00000)
 concurrent-mark-sweep perm gen total 35404K, used 22529K [0xaac00000, 0xace93000, 0xb2c00000)
}
2015-02-20T15:52:11.478-0600: 1859.933: Total time for which application threads were stopped: 0.0105860 seconds
{Heap before GC invocations=245 (full 1):
 par new generation   total 109248K, used 87432K [0x8ac00000, 0x92c00000, 0x92c00000)
  eden space 87424K, 100% used [0x8ac00000, 0x90160000, 0x90160000)
  from space 21824K,   0% used [0x90160000, 0x90162000, 0x916b0000)
  to   space 21824K,   0% used [0x916b0000, 0x916b0000, 0x92c00000)
 concurrent mark-sweep generation total 393216K, used 12631K [0x92c00000, 0xaac00000, 0xaac00000)
 concurrent-mark-sweep perm gen total 35404K, used 22529K [0xaac00000, 0xace93000, 0xb2c00000)
2015-02-20T15:52:13.088-0600: 1861.543: [GC2015-02-20T15:52:13.088-0600: 1861.543: [ParNew
Desired survivor size 20112996 bytes, new threshold 8 (max 8)
- age   1:        984 bytes,        984 total
- age   2:        328 bytes,       1312 total
- age   3:        200 bytes,       1512 total
- age   4:        424 bytes,       1936 total
- age   5:        352 bytes,       2288 total
- age   6:        152 bytes,       2440 total
- age   7:        520 bytes,       2960 total
- age   8:        328 bytes,       3288 total
: 87432K->10K(109248K), 0.0200680 secs] 100063K->12642K(502464K), 0.0203210 secs] [Times: user=0.02 sys=0.00, real=0.02 secs] 
Heap after GC invocations=246 (full 1):
 par new generation   total 109248K, used 10K [0x8ac00000, 0x92c00000, 0x92c00000)
  eden space 87424K,   0% used [0x8ac00000, 0x8ac00000, 0x90160000)
  from space 21824K,   0% used [0x916b0000, 0x916b2800, 0x92c00000)
  to   space 21824K,   0% used [0x90160000, 0x90160000, 0x916b0000)
 concurrent mark-sweep generation total 393216K, used 12632K [0x92c00000, 0xaac00000, 0xaac00000)
 concurrent-mark-sweep perm gen total 35404K, used 22529K [0xaac00000, 0xace93000, 0xb2c00000)
}
2015-02-20T15:52:13.109-0600: 1861.564: Total time for which application threads were stopped: 0.0230020 seconds
2015-02-20T15:52:13.319-0600: 1861.774: Total time for which application threads were stopped: 0.0009350 seconds
2015-02-20T15:52:13.320-0600: 1861.775: Total time for which application threads were stopped: 0.0008110 seconds
2015-02-20T15:52:13.525-0600: 1861.980: Total time for which application threads were stopped: 0.0010870 seconds
{Heap before GC invocations=246 (full 1):
 par new generation   total 109248K, used 87434K [0x8ac00000, 0x92c00000, 0x92c00000)
  eden space 87424K, 100% used [0x8ac00000, 0x90160000, 0x90160000)
  from space 21824K,   0% used [0x916b0000, 0x916b2800, 0x92c00000)
  to   space 21824K,   0% used [0x90160000, 0x90160000, 0x916b0000)
 concurrent mark-sweep generation total 393216K, used 12632K [0x92c00000, 0xaac00000, 0xaac00000)
 concurrent-mark-sweep perm gen total 35404K, used 22529K [0xaac00000, 0xace93000, 0xb2c00000)
2015-02-20T15:52:14.800-0600: 1863.255: [GC2015-02-20T15:52:14.800-0600: 1863.255: [ParNew
Desired survivor size 20112996 bytes, new threshold 8 (max 8)
- age   1:       1256 bytes,       1256 total
- age   2:        376 bytes,       1632 total
- age   3:        328 bytes,       1960 total
- age   4:        200 bytes,       2160 total
- age   5:        424 bytes,       2584 total
- age   6:        352 bytes,       2936 total
- age   7:        152 bytes,       3088 total
- age   8:        520 bytes,       3608 total
: 87434K->6K(109248K), 0.0157600 secs] 100066K->12638K(502464K), 0.0159610 secs] [Times: user=0.03 sys=0.00, real=0.01 secs] 
Heap after GC invocations=247 (full 1):
 par new generation   total 109248K, used 6K [0x8ac00000, 0x92c00000, 0x92c00000)
  eden space 87424K,   0% used [0x8ac00000, 0x8ac00000, 0x90160000)
  from space 21824K,   0% used [0x90160000, 0x90161800, 0x916b0000)
  to   space 21824K,   0% used [0x916b0000, 0x916b0000, 0x92c00000)
 concurrent mark-sweep generation total 393216K, used 12632K [0x92c00000, 0xaac00000, 0xaac00000)
 concurrent-mark-sweep perm gen total 35404K, used 22529K [0xaac00000, 0xace93000, 0xb2c00000)
}
2015-02-20T15:52:14.816-0600: 1863.271: Total time for which application threads were stopped: 0.0183700 seconds
{Heap before GC invocations=247 (full 1):
 par new generation   total 109248K, used 87430K [0x8ac00000, 0x92c00000, 0x92c00000)
  eden space 87424K, 100% used [0x8ac00000, 0x90160000, 0x90160000)
  from space 21824K,   0% used [0x90160000, 0x90161800, 0x916b0000)
  to   space 21824K,   0% used [0x916b0000, 0x916b0000, 0x92c00000)
 concurrent mark-sweep generation total 393216K, used 12632K [0x92c00000, 0xaac00000, 0xaac00000)
 concurrent-mark-sweep perm gen total 35404K, used 22529K [0xaac00000, 0xace93000, 0xb2c00000)
2015-02-20T15:52:16.532-0600: 1864.988: [GC2015-02-20T15:52:16.533-0600: 1864.988: [ParNew
Desired survivor size 20112996 bytes, new threshold 8 (max 8)
- age   1:       1160 bytes,       1160 total
- age   2:        272 bytes,       1432 total
- age   3:        352 bytes,       1784 total
- age   4:        328 bytes,       2112 total
- age   5:        200 bytes,       2312 total
- age   6:        424 bytes,       2736 total
- age   7:        352 bytes,       3088 total
- age   8:        152 bytes,       3240 total
: 87430K->8K(109248K), 0.0067470 secs] 100062K->12640K(502464K), 0.0069740 secs] [Times: user=0.01 sys=0.00, real=0.01 secs] 
Heap after GC invocations=248 (full 1):
 par new generation   total 109248K, used 8K [0x8ac00000, 0x92c00000, 0x92c00000)
  eden space 87424K,   0% used [0x8ac00000, 0x8ac00000, 0x90160000)
  from space 21824K,   0% used [0x916b0000, 0x916b2000, 0x92c00000)
  to   space 21824K,   0% used [0x90160000, 0x90160000, 0x916b0000)
 concurrent mark-sweep generation total 393216K, used 12632K [0x92c00000, 0xaac00000, 0xaac00000)
 concurrent-mark-sweep perm gen total 35404K, used 22529K [0xaac00000, 0xace93000, 0xb2c00000)
}
2015-02-20T15:52:16.540-0600: 1864.995: Total time for which application threads were stopped: 0.0096520 seconds
{Heap before GC invocations=248 (full 1):
 par new generation   total 109248K, used 87432K [0x8ac00000, 0x92c00000, 0x92c00000)
  eden space 87424K, 100% used [0x8ac00000, 0x90160000, 0x90160000)
  from space 21824K,   0% used [0x916b0000, 0x916b2000, 0x92c00000)
  to   space 21824K,   0% used [0x90160000, 0x90160000, 0x916b0000)
 concurrent mark-sweep generation total 393216K, used 12632K [0x92c00000, 0xaac00000, 0xaac00000)
 concurrent-mark-sweep perm gen total 35404K, used 22529K [0xaac00000, 0xace93000, 0xb2c00000)
2015-02-20T15:52:18.293-0600: 1866.748: [GC2015-02-20T15:52:18.293-0600: 1866.748: [ParNew
Desired survivor size 20112996 bytes, new threshold 8 (max 8)
- age   1:       1160 bytes,       1160 total
- age   2:        328 bytes,       1488 total
- age   3:        272 bytes,       1760 total
- age   4:        352 bytes,       2112 total
- age   5:        328 bytes,       2440 total
- age   6:        200 bytes,       2640 total
- age   7:        424 bytes,       3064 total
- age   8:        352 bytes,       3416 total
: 87432K->8K(109248K), 0.0067020 secs] 100064K->12641K(502464K), 0.0069020 secs] [Times: user=0.01 sys=0.00, real=0.01 secs] 
Heap after GC invocations=249 (full 1):
 par new generation   total 109248K, used 8K [0x8ac00000, 0x92c00000, 0x92c00000)
  eden space 87424K,   0% used [0x8ac00000, 0x8ac00000, 0x90160000)
  from space 21824K,   0% used [0x90160000, 0x90162000, 0x916b0000)
  to   space 21824K,   0% used [0x916b0000, 0x916b0000, 0x92c00000)
 concurrent mark-sweep generation total 393216K, used 12633K [0x92c00000, 0xaac00000, 0xaac00000)
 concurrent-mark-sweep perm gen total 35404K, used 22529K [0xaac00000, 0xace93000, 0xb2c00000)
}
2015-02-20T15:52:18.300-0600: 1866.755: Total time for which application threads were stopped: 0.0095490 seconds
{Heap before GC invocations=249 (full 1):
 par new generation   total 109248K, used 87432K [0x8ac00000, 0x92c00000, 0x92c00000)
  eden space 87424K, 100% used [0x8ac00000, 0x90160000, 0x90160000)
  from space 21824K,   0% used [0x90160000, 0x90162000, 0x916b0000)
  to   space 21824K,   0% used [0x916b0000, 0x916b0000, 0x92c00000)
 concurrent mark-sweep generation total 393216K, used 12633K [0x92c00000, 0xaac00000, 0xaac00000)
 concurrent-mark-sweep perm gen total 35404K, used 22529K [0xaac00000, 0xace93000, 0xb2c00000)
2015-02-20T15:52:19.914-0600: 1868.369: [GC2015-02-20T15:52:19.914-0600: 1868.369: [ParNew
Desired survivor size 20112996 bytes, new threshold 8 (max 8)
- age   1:        848 bytes,        848 total
- age   2:        456 bytes,       1304 total
- age   3:        328 bytes,       1632 total
- age   4:        272 bytes,       1904 total
- age   5:        352 bytes,       2256 total
- age   6:        328 bytes,       2584 total
- age   7:        200 bytes,       2784 total
- age   8:        424 bytes,       3208 total
: 87432K->8K(109248K), 0.0066610 secs] 100065K->12641K(502464K), 0.0069680 secs] [Times: user=0.01 sys=0.00, real=0.01 secs] 
Heap after GC invocations=250 (full 1):
 par new generation   total 109248K, used 8K [0x8ac00000, 0x92c00000, 0x92c00000)
  eden space 87424K,   0% used [0x8ac00000, 0x8ac00000, 0x90160000)
  from space 21824K,   0% used [0x916b0000, 0x916b2000, 0x92c00000)
  to   space 21824K,   0% used [0x90160000, 0x90160000, 0x916b0000)
 concurrent mark-sweep generation total 393216K, used 12633K [0x92c00000, 0xaac00000, 0xaac00000)
 concurrent-mark-sweep perm gen total 35404K, used 22529K [0xaac00000, 0xace93000, 0xb2c00000)
}
2015-02-20T15:52:19.921-0600: 1868.376: Total time for which application threads were stopped: 0.0097670 seconds
{Heap before GC invocations=250 (full 1):
 par new generation   total 109248K, used 87432K [0x8ac00000, 0x92c00000, 0x92c00000)
  eden space 87424K, 100% used [0x8ac00000, 0x90160000, 0x90160000)
  from space 21824K,   0% used [0x916b0000, 0x916b2000, 0x92c00000)
  to   space 21824K,   0% used [0x90160000, 0x90160000, 0x916b0000)
 concurrent mark-sweep generation total 393216K, used 12633K [0x92c00000, 0xaac00000, 0xaac00000)
 concurrent-mark-sweep perm gen total 35404K, used 22529K [0xaac00000, 0xace93000, 0xb2c00000)
2015-02-20T15:52:21.773-0600: 1870.228: [GC2015-02-20T15:52:21.773-0600: 1870.229: [ParNew
Desired survivor size 20112996 bytes, new threshold 8 (max 8)
- age   1:       1280 bytes,       1280 total
- age   2:        200 bytes,       1480 total
- age   3:        328 bytes,       1808 total
- age   4:        328 bytes,       2136 total
- age   5:        272 bytes,       2408 total
- age   6:        352 bytes,       2760 total
- age   7:        328 bytes,       3088 total
- age   8:        200 bytes,       3288 total
: 87432K->10K(109248K), 0.0069560 secs] 100065K->12643K(502464K), 0.0071710 secs] [Times: user=0.01 sys=0.01, real=0.01 secs] 
Heap after GC invocations=251 (full 1):
 par new generation   total 109248K, used 10K [0x8ac00000, 0x92c00000, 0x92c00000)
  eden space 87424K,   0% used [0x8ac00000, 0x8ac00000, 0x90160000)
  from space 21824K,   0% used [0x90160000, 0x90162800, 0x916b0000)
  to   space 21824K,   0% used [0x916b0000, 0x916b0000, 0x92c00000)
 concurrent mark-sweep generation total 393216K, used 12633K [0x92c00000, 0xaac00000, 0xaac00000)
 concurrent-mark-sweep perm gen total 35404K, used 22529K [0xaac00000, 0xace93000, 0xb2c00000)
}
2015-02-20T15:52:21.781-0600: 1870.236: Total time for which application threads were stopped: 0.0098330 seconds
{Heap before GC invocations=251 (full 1):
 par new generation   total 109248K, used 87434K [0x8ac00000, 0x92c00000, 0x92c00000)
  eden space 87424K, 100% used [0x8ac00000, 0x90160000, 0x90160000)
  from space 21824K,   0% used [0x90160000, 0x90162800, 0x916b0000)
  to   space 21824K,   0% used [0x916b0000, 0x916b0000, 0x92c00000)
 concurrent mark-sweep generation total 393216K, used 12633K [0x92c00000, 0xaac00000, 0xaac00000)
 concurrent-mark-sweep perm gen total 35404K, used 22529K [0xaac00000, 0xace93000, 0xb2c00000)
2015-02-20T15:52:23.542-0600: 1871.997: [GC2015-02-20T15:52:23.542-0600: 1871.997: [ParNew
Desired survivor size 20112996 bytes, new threshold 8 (max 8)
- age   1:       1184 bytes,       1184 total
- age   2:        352 bytes,       1536 total
- age   3:        200 bytes,       1736 total
- age   4:        328 bytes,       2064 total
- age   5:        328 bytes,       2392 total
- age   6:        272 bytes,       2664 total
- age   7:        352 bytes,       3016 total
- age   8:        328 bytes,       3344 total
: 87434K->8K(109248K), 0.0223000 secs] 100067K->12642K(502464K), 0.0224730 secs] [Times: user=0.02 sys=0.00, real=0.02 secs] 
Heap after GC invocations=252 (full 1):
 par new generation   total 109248K, used 8K [0x8ac00000, 0x92c00000, 0x92c00000)
  eden space 87424K,   0% used [0x8ac00000, 0x8ac00000, 0x90160000)
  from space 21824K,   0% used [0x916b0000, 0x916b2000, 0x92c00000)
  to   space 21824K,   0% used [0x90160000, 0x90160000, 0x916b0000)
 concurrent mark-sweep generation total 393216K, used 12634K [0x92c00000, 0xaac00000, 0xaac00000)
 concurrent-mark-sweep perm gen total 35404K, used 22529K [0xaac00000, 0xace93000, 0xb2c00000)
}
2015-02-20T15:52:23.565-0600: 1872.020: Total time for which application threads were stopped: 0.0291860 seconds
{Heap before GC invocations=252 (full 1):
 par new generation   total 109248K, used 87432K [0x8ac00000, 0x92c00000, 0x92c00000)
  eden space 87424K, 100% used [0x8ac00000, 0x90160000, 0x90160000)
  from space 21824K,   0% used [0x916b0000, 0x916b2000, 0x92c00000)
  to   space 21824K,   0% used [0x90160000, 0x90160000, 0x916b0000)
 concurrent mark-sweep generation total 393216K, used 12634K [0x92c00000, 0xaac00000, 0xaac00000)
 concurrent-mark-sweep perm gen total 35404K, used 22529K [0xaac00000, 0xace93000, 0xb2c00000)
2015-02-20T15:52:25.137-0600: 1873.592: [GC2015-02-20T15:52:25.138-0600: 1873.593: [ParNew
Desired survivor size 20112996 bytes, new threshold 8 (max 8)
- age   1:        928 bytes,        928 total
- age   2:        352 bytes,       1280 total
- age   3:        352 bytes,       1632 total
- age   4:        200 bytes,       1832 total
- age   5:        328 bytes,       2160 total
- age   6:        328 bytes,       2488 total
- age   7:        272 bytes,       2760 total
- age   8:        352 bytes,       3112 total
: 87432K->6K(109248K), 0.0174030 secs] 100066K->12640K(502464K), 0.0177580 secs] [Times: user=0.04 sys=0.00, real=0.02 secs] 
Heap after GC invocations=253 (full 1):
 par new generation   total 109248K, used 6K [0x8ac00000, 0x92c00000, 0x92c00000)
  eden space 87424K,   0% used [0x8ac00000, 0x8ac00000, 0x90160000)
  from space 21824K,   0% used [0x90160000, 0x90161800, 0x916b0000)
  to   space 21824K,   0% used [0x916b0000, 0x916b0000, 0x92c00000)
 concurrent mark-sweep generation total 393216K, used 12634K [0x92c00000, 0xaac00000, 0xaac00000)
 concurrent-mark-sweep perm gen total 35404K, used 22529K [0xaac00000, 0xace93000, 0xb2c00000)
}
2015-02-20T15:52:25.155-0600: 1873.610: Total time for which application threads were stopped: 0.0204130 seconds
{Heap before GC invocations=253 (full 1):
 par new generation   total 109248K, used 87430K [0x8ac00000, 0x92c00000, 0x92c00000)
  eden space 87424K, 100% used [0x8ac00000, 0x90160000, 0x90160000)
  from space 21824K,   0% used [0x90160000, 0x90161800, 0x916b0000)
  to   space 21824K,   0% used [0x916b0000, 0x916b0000, 0x92c00000)
 concurrent mark-sweep generation total 393216K, used 12634K [0x92c00000, 0xaac00000, 0xaac00000)
 concurrent-mark-sweep perm gen total 35404K, used 22529K [0xaac00000, 0xace93000, 0xb2c00000)
2015-02-20T15:52:26.666-0600: 1875.121: [GC2015-02-20T15:52:26.666-0600: 1875.121: [ParNew
Desired survivor size 20112996 bytes, new threshold 8 (max 8)
- age   1:        736 bytes,        736 total
- age   2:        352 bytes,       1088 total
- age   3:        352 bytes,       1440 total
- age   4:        352 bytes,       1792 total
- age   5:        200 bytes,       1992 total
- age   6:        328 bytes,       2320 total
- age   7:        328 bytes,       2648 total
- age   8:        272 bytes,       2920 total
: 87430K->8K(109248K), 0.0060390 secs] 100064K->12642K(502464K), 0.0062450 secs] [Times: user=0.01 sys=0.00, real=0.01 secs] 
Heap after GC invocations=254 (full 1):
 par new generation   total 109248K, used 8K [0x8ac00000, 0x92c00000, 0x92c00000)
  eden space 87424K,   0% used [0x8ac00000, 0x8ac00000, 0x90160000)
  from space 21824K,   0% used [0x916b0000, 0x916b2000, 0x92c00000)
  to   space 21824K,   0% used [0x90160000, 0x90160000, 0x916b0000)
 concurrent mark-sweep generation total 393216K, used 12634K [0x92c00000, 0xaac00000, 0xaac00000)
 concurrent-mark-sweep perm gen total 35404K, used 22529K [0xaac00000, 0xace93000, 0xb2c00000)
}
2015-02-20T15:52:26.673-0600: 1875.128: Total time for which application threads were stopped: 0.0089910 seconds
{Heap before GC invocations=254 (full 1):
 par new generation   total 109248K, used 87432K [0x8ac00000, 0x92c00000, 0x92c00000)
  eden space 87424K, 100% used [0x8ac00000, 0x90160000, 0x90160000)
  from space 21824K,   0% used [0x916b0000, 0x916b2000, 0x92c00000)
  to   space 21824K,   0% used [0x90160000, 0x90160000, 0x916b0000)
 concurrent mark-sweep generation total 393216K, used 12634K [0x92c00000, 0xaac00000, 0xaac00000)
 concurrent-mark-sweep perm gen total 35404K, used 22529K [0xaac00000, 0xace93000, 0xb2c00000)
2015-02-20T15:52:28.046-0600: 1876.501: [GC2015-02-20T15:52:28.046-0600: 1876.501: [ParNew
Desired survivor size 20112996 bytes, new threshold 8 (max 8)
- age   1:        888 bytes,        888 total
- age   2:        256 bytes,       1144 total
- age   3:        328 bytes,       1472 total
- age   4:        352 bytes,       1824 total
- age   5:        352 bytes,       2176 total
- age   6:        200 bytes,       2376 total
- age   7:        328 bytes,       2704 total
- age   8:        328 bytes,       3032 total
: 87432K->8K(109248K), 0.0221800 secs] 100066K->12643K(502464K), 0.0225270 secs] [Times: user=0.02 sys=0.00, real=0.03 secs] 
Heap after GC invocations=255 (full 1):
 par new generation   total 109248K, used 8K [0x8ac00000, 0x92c00000, 0x92c00000)
  eden space 87424K,   0% used [0x8ac00000, 0x8ac00000, 0x90160000)
  from space 21824K,   0% used [0x90160000, 0x90162000, 0x916b0000)
  to   space 21824K,   0% used [0x916b0000, 0x916b0000, 0x92c00000)
 concurrent mark-sweep generation total 393216K, used 12635K [0x92c00000, 0xaac00000, 0xaac00000)
 concurrent-mark-sweep perm gen total 35404K, used 22529K [0xaac00000, 0xace93000, 0xb2c00000)
}
2015-02-20T15:52:28.068-0600: 1876.523: Total time for which application threads were stopped: 0.0276380 seconds
{Heap before GC invocations=255 (full 1):
 par new generation   total 109248K, used 87432K [0x8ac00000, 0x92c00000, 0x92c00000)
  eden space 87424K, 100% used [0x8ac00000, 0x90160000, 0x90160000)
  from space 21824K,   0% used [0x90160000, 0x90162000, 0x916b0000)
  to   space 21824K,   0% used [0x916b0000, 0x916b0000, 0x92c00000)
 concurrent mark-sweep generation total 393216K, used 12635K [0x92c00000, 0xaac00000, 0xaac00000)
 concurrent-mark-sweep perm gen total 35404K, used 22529K [0xaac00000, 0xace93000, 0xb2c00000)
2015-02-20T15:52:29.492-0600: 1877.947: [GC2015-02-20T15:52:29.492-0600: 1877.947: [ParNew
Desired survivor size 20112996 bytes, new threshold 8 (max 8)
- age   1:       1152 bytes,       1152 total
- age   2:        376 bytes,       1528 total
- age   3:        128 bytes,       1656 total
- age   4:        328 bytes,       1984 total
- age   5:        352 bytes,       2336 total
- age   6:        352 bytes,       2688 total
- age   7:        200 bytes,       2888 total
- age   8:        328 bytes,       3216 total
: 87432K->10K(109248K), 0.0067930 secs] 100067K->12645K(502464K), 0.0069980 secs] [Times: user=0.00 sys=0.01, real=0.01 secs] 
Heap after GC invocations=256 (full 1):
 par new generation   total 109248K, used 10K [0x8ac00000, 0x92c00000, 0x92c00000)
  eden space 87424K,   0% used [0x8ac00000, 0x8ac00000, 0x90160000)
  from space 21824K,   0% used [0x916b0000, 0x916b2800, 0x92c00000)
  to   space 21824K,   0% used [0x90160000, 0x90160000, 0x916b0000)
 concurrent mark-sweep generation total 393216K, used 12635K [0x92c00000, 0xaac00000, 0xaac00000)
 concurrent-mark-sweep perm gen total 35404K, used 22529K [0xaac00000, 0xace93000, 0xb2c00000)
}
2015-02-20T15:52:29.499-0600: 1877.954: Total time for which application threads were stopped: 0.0098350 seconds
{Heap before GC invocations=256 (full 1):
 par new generation   total 109248K, used 87434K [0x8ac00000, 0x92c00000, 0x92c00000)
  eden space 87424K, 100% used [0x8ac00000, 0x90160000, 0x90160000)
  from space 21824K,   0% used [0x916b0000, 0x916b2800, 0x92c00000)
  to   space 21824K,   0% used [0x90160000, 0x90160000, 0x916b0000)
 concurrent mark-sweep generation total 393216K, used 12635K [0x92c00000, 0xaac00000, 0xaac00000)
 concurrent-mark-sweep perm gen total 35404K, used 22529K [0xaac00000, 0xace93000, 0xb2c00000)
2015-02-20T15:52:31.048-0600: 1879.503: [GC2015-02-20T15:52:31.048-0600: 1879.503: [ParNew
Desired survivor size 20112996 bytes, new threshold 8 (max 8)
- age   1:        928 bytes,        928 total
- age   2:        312 bytes,       1240 total
- age   3:        376 bytes,       1616 total
- age   4:        128 bytes,       1744 total
- age   5:        328 bytes,       2072 total
- age   6:        352 bytes,       2424 total
- age   7:        352 bytes,       2776 total
- age   8:        200 bytes,       2976 total
: 87434K->6K(109248K), 0.0174390 secs] 100069K->12641K(502464K), 0.0176670 secs] [Times: user=0.04 sys=0.00, real=0.01 secs] 
Heap after GC invocations=257 (full 1):
 par new generation   total 109248K, used 6K [0x8ac00000, 0x92c00000, 0x92c00000)
  eden space 87424K,   0% used [0x8ac00000, 0x8ac00000, 0x90160000)
  from space 21824K,   0% used [0x90160000, 0x90161800, 0x916b0000)
  to   space 21824K,   0% used [0x916b0000, 0x916b0000, 0x92c00000)
 concurrent mark-sweep generation total 393216K, used 12635K [0x92c00000, 0xaac00000, 0xaac00000)
 concurrent-mark-sweep perm gen total 35404K, used 22529K [0xaac00000, 0xace93000, 0xb2c00000)
}
2015-02-20T15:52:31.066-0600: 1879.521: Total time for which application threads were stopped: 0.0206840 seconds
{Heap before GC invocations=257 (full 1):
 par new generation   total 109248K, used 87430K [0x8ac00000, 0x92c00000, 0x92c00000)
  eden space 87424K, 100% used [0x8ac00000, 0x90160000, 0x90160000)
  from space 21824K,   0% used [0x90160000, 0x90161800, 0x916b0000)
  to   space 21824K,   0% used [0x916b0000, 0x916b0000, 0x92c00000)
 concurrent mark-sweep generation total 393216K, used 12635K [0x92c00000, 0xaac00000, 0xaac00000)
 concurrent-mark-sweep perm gen total 35404K, used 22529K [0xaac00000, 0xace93000, 0xb2c00000)
2015-02-20T15:52:32.593-0600: 1881.048: [GC2015-02-20T15:52:32.593-0600: 1881.048: [ParNew
Desired survivor size 20112996 bytes, new threshold 8 (max 8)
- age   1:        872 bytes,        872 total
- age   2:        352 bytes,       1224 total
- age   3:        312 bytes,       1536 total
- age   4:        376 bytes,       1912 total
- age   5:        128 bytes,       2040 total
- age   6:        328 bytes,       2368 total
- age   7:        352 bytes,       2720 total
- age   8:        352 bytes,       3072 total
: 87430K->8K(109248K), 0.0071870 secs] 100065K->12643K(502464K), 0.0073910 secs] [Times: user=0.01 sys=0.00, real=0.01 secs] 
Heap after GC invocations=258 (full 1):
 par new generation   total 109248K, used 8K [0x8ac00000, 0x92c00000, 0x92c00000)
  eden space 87424K,   0% used [0x8ac00000, 0x8ac00000, 0x90160000)
  from space 21824K,   0% used [0x916b0000, 0x916b2000, 0x92c00000)
  to   space 21824K,   0% used [0x90160000, 0x90160000, 0x916b0000)
 concurrent mark-sweep generation total 393216K, used 12635K [0x92c00000, 0xaac00000, 0xaac00000)
 concurrent-mark-sweep perm gen total 35404K, used 22529K [0xaac00000, 0xace93000, 0xb2c00000)
}
2015-02-20T15:52:32.600-0600: 1881.055: Total time for which application threads were stopped: 0.0101860 seconds
{Heap before GC invocations=258 (full 1):
 par new generation   total 109248K, used 87432K [0x8ac00000, 0x92c00000, 0x92c00000)
  eden space 87424K, 100% used [0x8ac00000, 0x90160000, 0x90160000)
  from space 21824K,   0% used [0x916b0000, 0x916b2000, 0x92c00000)
  to   space 21824K,   0% used [0x90160000, 0x90160000, 0x916b0000)
 concurrent mark-sweep generation total 393216K, used 12635K [0x92c00000, 0xaac00000, 0xaac00000)
 concurrent-mark-sweep perm gen total 35404K, used 22529K [0xaac00000, 0xace93000, 0xb2c00000)
2015-02-20T15:52:34.202-0600: 1882.657: [GC2015-02-20T15:52:34.202-0600: 1882.657: [ParNew
Desired survivor size 20112996 bytes, new threshold 8 (max 8)
- age   1:       1104 bytes,       1104 total
- age   2:        128 bytes,       1232 total
- age   3:        328 bytes,       1560 total
- age   4:        312 bytes,       1872 total
- age   5:        376 bytes,       2248 total
- age   6:        128 bytes,       2376 total
- age   7:        328 bytes,       2704 total
- age   8:        352 bytes,       3056 total
: 87432K->6K(109248K), 0.0073720 secs] 100067K->12642K(502464K), 0.0076050 secs] [Times: user=0.02 sys=0.00, real=0.01 secs] 
Heap after GC invocations=259 (full 1):
 par new generation   total 109248K, used 6K [0x8ac00000, 0x92c00000, 0x92c00000)
  eden space 87424K,   0% used [0x8ac00000, 0x8ac00000, 0x90160000)
  from space 21824K,   0% used [0x90160000, 0x90161800, 0x916b0000)
  to   space 21824K,   0% used [0x916b0000, 0x916b0000, 0x92c00000)
 concurrent mark-sweep generation total 393216K, used 12636K [0x92c00000, 0xaac00000, 0xaac00000)
 concurrent-mark-sweep perm gen total 35404K, used 22529K [0xaac00000, 0xace93000, 0xb2c00000)
}
2015-02-20T15:52:34.210-0600: 1882.665: Total time for which application threads were stopped: 0.0103310 seconds
{Heap before GC invocations=259 (full 1):
 par new generation   total 109248K, used 87430K [0x8ac00000, 0x92c00000, 0x92c00000)
  eden space 87424K, 100% used [0x8ac00000, 0x90160000, 0x90160000)
  from space 21824K,   0% used [0x90160000, 0x90161800, 0x916b0000)
  to   space 21824K,   0% used [0x916b0000, 0x916b0000, 0x92c00000)
 concurrent mark-sweep generation total 393216K, used 12636K [0x92c00000, 0xaac00000, 0xaac00000)
 concurrent-mark-sweep perm gen total 35404K, used 22529K [0xaac00000, 0xace93000, 0xb2c00000)
2015-02-20T15:52:35.817-0600: 1884.272: [GC2015-02-20T15:52:35.817-0600: 1884.272: [ParNew
Desired survivor size 20112996 bytes, new threshold 8 (max 8)
- age   1:        848 bytes,        848 total
- age   2:        456 bytes,       1304 total
- age   3:        128 bytes,       1432 total
- age   4:        328 bytes,       1760 total
- age   5:        312 bytes,       2072 total
- age   6:        376 bytes,       2448 total
- age   7:        128 bytes,       2576 total
- age   8:        328 bytes,       2904 total
: 87430K->6K(109248K), 0.0124180 secs] 100066K->12642K(502464K), 0.0126110 secs] [Times: user=0.02 sys=0.00, real=0.02 secs] 
Heap after GC invocations=260 (full 1):
 par new generation   total 109248K, used 6K [0x8ac00000, 0x92c00000, 0x92c00000)
  eden space 87424K,   0% used [0x8ac00000, 0x8ac00000, 0x90160000)
  from space 21824K,   0% used [0x916b0000, 0x916b1800, 0x92c00000)
  to   space 21824K,   0% used [0x90160000, 0x90160000, 0x916b0000)
 concurrent mark-sweep generation total 393216K, used 12636K [0x92c00000, 0xaac00000, 0xaac00000)
 concurrent-mark-sweep perm gen total 35404K, used 22529K [0xaac00000, 0xace93000, 0xb2c00000)
}
2015-02-20T15:52:35.830-0600: 1884.285: Total time for which application threads were stopped: 0.0157630 seconds
{Heap before GC invocations=260 (full 1):
 par new generation   total 109248K, used 87430K [0x8ac00000, 0x92c00000, 0x92c00000)
  eden space 87424K, 100% used [0x8ac00000, 0x90160000, 0x90160000)
  from space 21824K,   0% used [0x916b0000, 0x916b1800, 0x92c00000)
  to   space 21824K,   0% used [0x90160000, 0x90160000, 0x916b0000)
 concurrent mark-sweep generation total 393216K, used 12636K [0x92c00000, 0xaac00000, 0xaac00000)
 concurrent-mark-sweep perm gen total 35404K, used 22529K [0xaac00000, 0xace93000, 0xb2c00000)
2015-02-20T15:52:37.185-0600: 1885.640: [GC2015-02-20T15:52:37.186-0600: 1885.641: [ParNew
Desired survivor size 20112996 bytes, new threshold 8 (max 8)
- age   1:       1080 bytes,       1080 total
- age   2:        200 bytes,       1280 total
- age   3:        328 bytes,       1608 total
- age   4:        128 bytes,       1736 total
- age   5:        328 bytes,       2064 total
- age   6:        312 bytes,       2376 total
- age   7:        376 bytes,       2752 total
- age   8:        128 bytes,       2880 total
: 87430K->6K(109248K), 0.0255620 secs] 100066K->12642K(502464K), 0.0257710 secs] [Times: user=0.03 sys=0.00, real=0.03 secs] 
Heap after GC invocations=261 (full 1):
 par new generation   total 109248K, used 6K [0x8ac00000, 0x92c00000, 0x92c00000)
  eden space 87424K,   0% used [0x8ac00000, 0x8ac00000, 0x90160000)
  from space 21824K,   0% used [0x90160000, 0x90161800, 0x916b0000)
  to   space 21824K,   0% used [0x916b0000, 0x916b0000, 0x92c00000)
 concurrent mark-sweep generation total 393216K, used 12636K [0x92c00000, 0xaac00000, 0xaac00000)
 concurrent-mark-sweep perm gen total 35404K, used 22529K [0xaac00000, 0xace93000, 0xb2c00000)
}
2015-02-20T15:52:37.211-0600: 1885.666: Total time for which application threads were stopped: 0.0327710 seconds
{Heap before GC invocations=261 (full 1):
 par new generation   total 109248K, used 87430K [0x8ac00000, 0x92c00000, 0x92c00000)
  eden space 87424K, 100% used [0x8ac00000, 0x90160000, 0x90160000)
  from space 21824K,   0% used [0x90160000, 0x90161800, 0x916b0000)
  to   space 21824K,   0% used [0x916b0000, 0x916b0000, 0x92c00000)
 concurrent mark-sweep generation total 393216K, used 12636K [0x92c00000, 0xaac00000, 0xaac00000)
 concurrent-mark-sweep perm gen total 35404K, used 22529K [0xaac00000, 0xace93000, 0xb2c00000)
2015-02-20T15:52:38.519-0600: 1886.974: [GC2015-02-20T15:52:38.519-0600: 1886.974: [ParNew
Desired survivor size 20112996 bytes, new threshold 8 (max 8)
- age   1:        560 bytes,        560 total
- age   2:        448 bytes,       1008 total
- age   3:        200 bytes,       1208 total
- age   4:        328 bytes,       1536 total
- age   5:        128 bytes,       1664 total
- age   6:        328 bytes,       1992 total
- age   7:        312 bytes,       2304 total
- age   8:        376 bytes,       2680 total
: 87430K->8K(109248K), 0.0171090 secs] 100066K->12644K(502464K), 0.0173740 secs] [Times: user=0.02 sys=0.00, real=0.01 secs] 
Heap after GC invocations=262 (full 1):
 par new generation   total 109248K, used 8K [0x8ac00000, 0x92c00000, 0x92c00000)
  eden space 87424K,   0% used [0x8ac00000, 0x8ac00000, 0x90160000)
  from space 21824K,   0% used [0x916b0000, 0x916b2000, 0x92c00000)
  to   space 21824K,   0% used [0x90160000, 0x90160000, 0x916b0000)
 concurrent mark-sweep generation total 393216K, used 12636K [0x92c00000, 0xaac00000, 0xaac00000)
 concurrent-mark-sweep perm gen total 35404K, used 22529K [0xaac00000, 0xace93000, 0xb2c00000)
}
2015-02-20T15:52:38.536-0600: 1886.991: Total time for which application threads were stopped: 0.0201190 seconds
{Heap before GC invocations=262 (full 1):
 par new generation   total 109248K, used 87432K [0x8ac00000, 0x92c00000, 0x92c00000)
  eden space 87424K, 100% used [0x8ac00000, 0x90160000, 0x90160000)
  from space 21824K,   0% used [0x916b0000, 0x916b2000, 0x92c00000)
  to   space 21824K,   0% used [0x90160000, 0x90160000, 0x916b0000)
 concurrent mark-sweep generation total 393216K, used 12636K [0x92c00000, 0xaac00000, 0xaac00000)
 concurrent-mark-sweep perm gen total 35404K, used 22529K [0xaac00000, 0xace93000, 0xb2c00000)
2015-02-20T15:52:40.463-0600: 1888.918: [GC2015-02-20T15:52:40.463-0600: 1888.918: [ParNew
Desired survivor size 20112996 bytes, new threshold 8 (max 8)
- age   1:       1248 bytes,       1248 total
- age   2:        128 bytes,       1376 total
- age   3:        424 bytes,       1800 total
- age   4:        200 bytes,       2000 total
- age   5:        328 bytes,       2328 total
- age   6:        128 bytes,       2456 total
- age   7:        328 bytes,       2784 total
- age   8:        312 bytes,       3096 total
: 87432K->6K(109248K), 0.0282810 secs] 100068K->12643K(502464K), 0.0287210 secs] [Times: user=0.03 sys=0.01, real=0.03 secs] 
Heap after GC invocations=263 (full 1):
 par new generation   total 109248K, used 6K [0x8ac00000, 0x92c00000, 0x92c00000)
  eden space 87424K,   0% used [0x8ac00000, 0x8ac00000, 0x90160000)
  from space 21824K,   0% used [0x90160000, 0x90161800, 0x916b0000)
  to   space 21824K,   0% used [0x916b0000, 0x916b0000, 0x92c00000)
 concurrent mark-sweep generation total 393216K, used 12637K [0x92c00000, 0xaac00000, 0xaac00000)
 concurrent-mark-sweep perm gen total 35404K, used 22529K [0xaac00000, 0xace93000, 0xb2c00000)
}
2015-02-20T15:52:40.492-0600: 1888.947: Total time for which application threads were stopped: 0.0322550 seconds
{Heap before GC invocations=263 (full 1):
 par new generation   total 109248K, used 87430K [0x8ac00000, 0x92c00000, 0x92c00000)
  eden space 87424K, 100% used [0x8ac00000, 0x90160000, 0x90160000)
  from space 21824K,   0% used [0x90160000, 0x90161800, 0x916b0000)
  to   space 21824K,   0% used [0x916b0000, 0x916b0000, 0x92c00000)
 concurrent mark-sweep generation total 393216K, used 12637K [0x92c00000, 0xaac00000, 0xaac00000)
 concurrent-mark-sweep perm gen total 35404K, used 22529K [0xaac00000, 0xace93000, 0xb2c00000)
2015-02-20T15:52:42.274-0600: 1890.729: [GC2015-02-20T15:52:42.274-0600: 1890.729: [ParNew
Desired survivor size 20112996 bytes, new threshold 8 (max 8)
- age   1:        920 bytes,        920 total
- age   2:        400 bytes,       1320 total
- age   3:        128 bytes,       1448 total
- age   4:        424 bytes,       1872 total
- age   5:        200 bytes,       2072 total
- age   6:        328 bytes,       2400 total
- age   7:        128 bytes,       2528 total
- age   8:        328 bytes,       2856 total
: 87430K->8K(109248K), 0.0139140 secs] 100067K->12645K(502464K), 0.0145310 secs] [Times: user=0.02 sys=0.00, real=0.02 secs] 
Heap after GC invocations=264 (full 1):
 par new generation   total 109248K, used 8K [0x8ac00000, 0x92c00000, 0x92c00000)
  eden space 87424K,   0% used [0x8ac00000, 0x8ac00000, 0x90160000)
  from space 21824K,   0% used [0x916b0000, 0x916b2000, 0x92c00000)
  to   space 21824K,   0% used [0x90160000, 0x90160000, 0x916b0000)
 concurrent mark-sweep generation total 393216K, used 12637K [0x92c00000, 0xaac00000, 0xaac00000)
 concurrent-mark-sweep perm gen total 35404K, used 22529K [0xaac00000, 0xace93000, 0xb2c00000)
}
2015-02-20T15:52:42.288-0600: 1890.744: Total time for which application threads were stopped: 0.0255240 seconds
{Heap before GC invocations=264 (full 1):
 par new generation   total 109248K, used 87432K [0x8ac00000, 0x92c00000, 0x92c00000)
  eden space 87424K, 100% used [0x8ac00000, 0x90160000, 0x90160000)
  from space 21824K,   0% used [0x916b0000, 0x916b2000, 0x92c00000)
  to   space 21824K,   0% used [0x90160000, 0x90160000, 0x916b0000)
 concurrent mark-sweep generation total 393216K, used 12637K [0x92c00000, 0xaac00000, 0xaac00000)
 concurrent-mark-sweep perm gen total 35404K, used 22529K [0xaac00000, 0xace93000, 0xb2c00000)
2015-02-20T15:52:44.084-0600: 1892.539: [GC2015-02-20T15:52:44.084-0600: 1892.539: [ParNew
Desired survivor size 20112996 bytes, new threshold 8 (max 8)
- age   1:        688 bytes,        688 total
- age   2:        456 bytes,       1144 total
- age   3:        400 bytes,       1544 total
- age   4:        128 bytes,       1672 total
- age   5:        424 bytes,       2096 total
- age   6:        200 bytes,       2296 total
- age   7:        328 bytes,       2624 total
- age   8:        128 bytes,       2752 total
: 87432K->6K(109248K), 0.0150200 secs] 100069K->12643K(502464K), 0.0152320 secs] [Times: user=0.03 sys=0.00, real=0.02 secs] 
Heap after GC invocations=265 (full 1):
 par new generation   total 109248K, used 6K [0x8ac00000, 0x92c00000, 0x92c00000)
  eden space 87424K,   0% used [0x8ac00000, 0x8ac00000, 0x90160000)
  from space 21824K,   0% used [0x90160000, 0x90161800, 0x916b0000)
  to   space 21824K,   0% used [0x916b0000, 0x916b0000, 0x92c00000)
 concurrent mark-sweep generation total 393216K, used 12637K [0x92c00000, 0xaac00000, 0xaac00000)
 concurrent-mark-sweep perm gen total 35404K, used 22529K [0xaac00000, 0xace93000, 0xb2c00000)
}
2015-02-20T15:52:44.099-0600: 1892.554: Total time for which application threads were stopped: 0.0219750 seconds
{Heap before GC invocations=265 (full 1):
 par new generation   total 109248K, used 87430K [0x8ac00000, 0x92c00000, 0x92c00000)
  eden space 87424K, 100% used [0x8ac00000, 0x90160000, 0x90160000)
  from space 21824K,   0% used [0x90160000, 0x90161800, 0x916b0000)
  to   space 21824K,   0% used [0x916b0000, 0x916b0000, 0x92c00000)
 concurrent mark-sweep generation total 393216K, used 12637K [0x92c00000, 0xaac00000, 0xaac00000)
 concurrent-mark-sweep perm gen total 35404K, used 22529K [0xaac00000, 0xace93000, 0xb2c00000)
2015-02-20T15:52:45.760-0600: 1894.215: [GC2015-02-20T15:52:45.760-0600: 1894.215: [ParNew
Desired survivor size 20112996 bytes, new threshold 8 (max 8)
- age   1:       1088 bytes,       1088 total
- age   2:        216 bytes,       1304 total
- age   3:        328 bytes,       1632 total
- age   4:        400 bytes,       2032 total
- age   5:        128 bytes,       2160 total
- age   6:        424 bytes,       2584 total
- age   7:        200 bytes,       2784 total
- age   8:        328 bytes,       3112 total
: 87430K->8K(109248K), 0.0069300 secs] 100067K->12646K(502464K), 0.0072140 secs] [Times: user=0.02 sys=0.00, real=0.00 secs] 
Heap after GC invocations=266 (full 1):
 par new generation   total 109248K, used 8K [0x8ac00000, 0x92c00000, 0x92c00000)
  eden space 87424K,   0% used [0x8ac00000, 0x8ac00000, 0x90160000)
  from space 21824K,   0% used [0x916b0000, 0x916b2000, 0x92c00000)
  to   space 21824K,   0% used [0x90160000, 0x90160000, 0x916b0000)
 concurrent mark-sweep generation total 393216K, used 12638K [0x92c00000, 0xaac00000, 0xaac00000)
 concurrent-mark-sweep perm gen total 35404K, used 22529K [0xaac00000, 0xace93000, 0xb2c00000)
}
2015-02-20T15:52:45.767-0600: 1894.222: Total time for which application threads were stopped: 0.0098800 seconds
{Heap before GC invocations=266 (full 1):
 par new generation   total 109248K, used 87432K [0x8ac00000, 0x92c00000, 0x92c00000)
  eden space 87424K, 100% used [0x8ac00000, 0x90160000, 0x90160000)
  from space 21824K,   0% used [0x916b0000, 0x916b2000, 0x92c00000)
  to   space 21824K,   0% used [0x90160000, 0x90160000, 0x916b0000)
 concurrent mark-sweep generation total 393216K, used 12638K [0x92c00000, 0xaac00000, 0xaac00000)
 concurrent-mark-sweep perm gen total 35404K, used 22529K [0xaac00000, 0xace93000, 0xb2c00000)
2015-02-20T15:52:47.673-0600: 1896.128: [GC2015-02-20T15:52:47.673-0600: 1896.128: [ParNew
Desired survivor size 20112996 bytes, new threshold 8 (max 8)
- age   1:       1304 bytes,       1304 total
- age   2:        312 bytes,       1616 total
- age   3:        216 bytes,       1832 total
- age   4:        328 bytes,       2160 total
- age   5:        400 bytes,       2560 total
- age   6:        128 bytes,       2688 total
- age   7:        424 bytes,       3112 total
- age   8:        200 bytes,       3312 total
: 87432K->8K(109248K), 0.0071650 secs] 100070K->12646K(502464K), 0.0073610 secs] [Times: user=0.01 sys=0.00, real=0.01 secs] 
Heap after GC invocations=267 (full 1):
 par new generation   total 109248K, used 8K [0x8ac00000, 0x92c00000, 0x92c00000)
  eden space 87424K,   0% used [0x8ac00000, 0x8ac00000, 0x90160000)
  from space 21824K,   0% used [0x90160000, 0x90162000, 0x916b0000)
  to   space 21824K,   0% used [0x916b0000, 0x916b0000, 0x92c00000)
 concurrent mark-sweep generation total 393216K, used 12638K [0x92c00000, 0xaac00000, 0xaac00000)
 concurrent-mark-sweep perm gen total 35404K, used 22529K [0xaac00000, 0xace93000, 0xb2c00000)
}
2015-02-20T15:52:47.681-0600: 1896.136: Total time for which application threads were stopped: 0.0101500 seconds
{Heap before GC invocations=267 (full 1):
 par new generation   total 109248K, used 87432K [0x8ac00000, 0x92c00000, 0x92c00000)
  eden space 87424K, 100% used [0x8ac00000, 0x90160000, 0x90160000)
  from space 21824K,   0% used [0x90160000, 0x90162000, 0x916b0000)
  to   space 21824K,   0% used [0x916b0000, 0x916b0000, 0x92c00000)
 concurrent mark-sweep generation total 393216K, used 12638K [0x92c00000, 0xaac00000, 0xaac00000)
 concurrent-mark-sweep perm gen total 35404K, used 22529K [0xaac00000, 0xace93000, 0xb2c00000)
2015-02-20T15:52:49.149-0600: 1897.604: [GC2015-02-20T15:52:49.149-0600: 1897.604: [ParNew
Desired survivor size 20112996 bytes, new threshold 8 (max 8)
- age   1:       1160 bytes,       1160 total
- age   2:        376 bytes,       1536 total
- age   3:        312 bytes,       1848 total
- age   4:        216 bytes,       2064 total
- age   5:        328 bytes,       2392 total
- age   6:        400 bytes,       2792 total
- age   7:        128 bytes,       2920 total
- age   8:        424 bytes,       3344 total
: 87432K->10K(109248K), 0.0197320 secs] 100070K->12648K(502464K), 0.0200430 secs] [Times: user=0.02 sys=0.00, real=0.02 secs] 
Heap after GC invocations=268 (full 1):
 par new generation   total 109248K, used 10K [0x8ac00000, 0x92c00000, 0x92c00000)
  eden space 87424K,   0% used [0x8ac00000, 0x8ac00000, 0x90160000)
  from space 21824K,   0% used [0x916b0000, 0x916b2800, 0x92c00000)
  to   space 21824K,   0% used [0x90160000, 0x90160000, 0x916b0000)
 concurrent mark-sweep generation total 393216K, used 12638K [0x92c00000, 0xaac00000, 0xaac00000)
 concurrent-mark-sweep perm gen total 35404K, used 22529K [0xaac00000, 0xace93000, 0xb2c00000)
}
2015-02-20T15:52:49.169-0600: 1897.624: Total time for which application threads were stopped: 0.0246140 seconds
{Heap before GC invocations=268 (full 1):
 par new generation   total 109248K, used 87434K [0x8ac00000, 0x92c00000, 0x92c00000)
  eden space 87424K, 100% used [0x8ac00000, 0x90160000, 0x90160000)
  from space 21824K,   0% used [0x916b0000, 0x916b2800, 0x92c00000)
  to   space 21824K,   0% used [0x90160000, 0x90160000, 0x916b0000)
 concurrent mark-sweep generation total 393216K, used 12638K [0x92c00000, 0xaac00000, 0xaac00000)
 concurrent-mark-sweep perm gen total 35404K, used 22529K [0xaac00000, 0xace93000, 0xb2c00000)
2015-02-20T15:52:50.510-0600: 1898.965: [GC2015-02-20T15:52:50.510-0600: 1898.965: [ParNew
Desired survivor size 20112996 bytes, new threshold 8 (max 8)
- age   1:        560 bytes,        560 total
- age   2:        352 bytes,        912 total
- age   3:        376 bytes,       1288 total
- age   4:        312 bytes,       1600 total
- age   5:        216 bytes,       1816 total
- age   6:        328 bytes,       2144 total
- age   7:        400 bytes,       2544 total
- age   8:        128 bytes,       2672 total
: 87434K->6K(109248K), 0.0177500 secs] 100072K->12645K(502464K), 0.0179580 secs] [Times: user=0.04 sys=0.00, real=0.02 secs] 
Heap after GC invocations=269 (full 1):
 par new generation   total 109248K, used 6K [0x8ac00000, 0x92c00000, 0x92c00000)
  eden space 87424K,   0% used [0x8ac00000, 0x8ac00000, 0x90160000)
  from space 21824K,   0% used [0x90160000, 0x90161800, 0x916b0000)
  to   space 21824K,   0% used [0x916b0000, 0x916b0000, 0x92c00000)
 concurrent mark-sweep generation total 393216K, used 12639K [0x92c00000, 0xaac00000, 0xaac00000)
 concurrent-mark-sweep perm gen total 35404K, used 22529K [0xaac00000, 0xace93000, 0xb2c00000)
}
2015-02-20T15:52:50.528-0600: 1898.983: Total time for which application threads were stopped: 0.0206260 seconds
{Heap before GC invocations=269 (full 1):
 par new generation   total 109248K, used 87430K [0x8ac00000, 0x92c00000, 0x92c00000)
  eden space 87424K, 100% used [0x8ac00000, 0x90160000, 0x90160000)
  from space 21824K,   0% used [0x90160000, 0x90161800, 0x916b0000)
  to   space 21824K,   0% used [0x916b0000, 0x916b0000, 0x92c00000)
 concurrent mark-sweep generation total 393216K, used 12639K [0x92c00000, 0xaac00000, 0xaac00000)
 concurrent-mark-sweep perm gen total 35404K, used 22529K [0xaac00000, 0xace93000, 0xb2c00000)
2015-02-20T15:52:51.936-0600: 1900.391: [GC2015-02-20T15:52:51.936-0600: 1900.391: [ParNew
Desired survivor size 20112996 bytes, new threshold 8 (max 8)
- age   1:        728 bytes,        728 total
- age   2:        256 bytes,        984 total
- age   3:        328 bytes,       1312 total
- age   4:        376 bytes,       1688 total
- age   5:        312 bytes,       2000 total
- age   6:        216 bytes,       2216 total
- age   7:        328 bytes,       2544 total
- age   8:        400 bytes,       2944 total
: 87430K->8K(109248K), 0.0169940 secs] 100069K->12647K(502464K), 0.0176000 secs] [Times: user=0.01 sys=0.00, real=0.02 secs] 
Heap after GC invocations=270 (full 1):
 par new generation   total 109248K, used 8K [0x8ac00000, 0x92c00000, 0x92c00000)
  eden space 87424K,   0% used [0x8ac00000, 0x8ac00000, 0x90160000)
  from space 21824K,   0% used [0x916b0000, 0x916b2000, 0x92c00000)
  to   space 21824K,   0% used [0x90160000, 0x90160000, 0x916b0000)
 concurrent mark-sweep generation total 393216K, used 12639K [0x92c00000, 0xaac00000, 0xaac00000)
 concurrent-mark-sweep perm gen total 35404K, used 22529K [0xaac00000, 0xace93000, 0xb2c00000)
}
2015-02-20T15:52:51.954-0600: 1900.409: Total time for which application threads were stopped: 0.0242390 seconds
{Heap before GC invocations=270 (full 1):
 par new generation   total 109248K, used 87432K [0x8ac00000, 0x92c00000, 0x92c00000)
  eden space 87424K, 100% used [0x8ac00000, 0x90160000, 0x90160000)
  from space 21824K,   0% used [0x916b0000, 0x916b2000, 0x92c00000)
  to   space 21824K,   0% used [0x90160000, 0x90160000, 0x916b0000)
 concurrent mark-sweep generation total 393216K, used 12639K [0x92c00000, 0xaac00000, 0xaac00000)
 concurrent-mark-sweep perm gen total 35404K, used 22529K [0xaac00000, 0xace93000, 0xb2c00000)
2015-02-20T15:52:53.312-0600: 1901.767: [GC2015-02-20T15:52:53.313-0600: 1901.768: [ParNew
Desired survivor size 20112996 bytes, new threshold 8 (max 8)
- age   1:        984 bytes,        984 total
- age   2:        200 bytes,       1184 total
- age   3:        128 bytes,       1312 total
- age   4:        328 bytes,       1640 total
- age   5:        376 bytes,       2016 total
- age   6:        312 bytes,       2328 total
- age   7:        216 bytes,       2544 total
- age   8:        328 bytes,       2872 total
: 87432K->10K(109248K), 0.0087900 secs] 100071K->12649K(502464K), 0.0090090 secs] [Times: user=0.02 sys=0.00, real=0.01 secs] 
Heap after GC invocations=271 (full 1):
 par new generation   total 109248K, used 10K [0x8ac00000, 0x92c00000, 0x92c00000)
  eden space 87424K,   0% used [0x8ac00000, 0x8ac00000, 0x90160000)
  from space 21824K,   0% used [0x90160000, 0x90162800, 0x916b0000)
  to   space 21824K,   0% used [0x916b0000, 0x916b0000, 0x92c00000)
 concurrent mark-sweep generation total 393216K, used 12639K [0x92c00000, 0xaac00000, 0xaac00000)
 concurrent-mark-sweep perm gen total 35404K, used 22529K [0xaac00000, 0xace93000, 0xb2c00000)
}
2015-02-20T15:52:53.322-0600: 1901.777: Total time for which application threads were stopped: 0.0157200 seconds
{Heap before GC invocations=271 (full 1):
 par new generation   total 109248K, used 87434K [0x8ac00000, 0x92c00000, 0x92c00000)
  eden space 87424K, 100% used [0x8ac00000, 0x90160000, 0x90160000)
  from space 21824K,   0% used [0x90160000, 0x90162800, 0x916b0000)
  to   space 21824K,   0% used [0x916b0000, 0x916b0000, 0x92c00000)
 concurrent mark-sweep generation total 393216K, used 12639K [0x92c00000, 0xaac00000, 0xaac00000)
 concurrent-mark-sweep perm gen total 35404K, used 22529K [0xaac00000, 0xace93000, 0xb2c00000)
2015-02-20T15:52:54.561-0600: 1903.016: [GC2015-02-20T15:52:54.561-0600: 1903.016: [ParNew
Desired survivor size 20112996 bytes, new threshold 8 (max 8)
- age   1:        696 bytes,        696 total
- age   2:        352 bytes,       1048 total
- age   3:        200 bytes,       1248 total
- age   4:        128 bytes,       1376 total
- age   5:        328 bytes,       1704 total
- age   6:        376 bytes,       2080 total
- age   7:        312 bytes,       2392 total
- age   8:        216 bytes,       2608 total
: 87434K->6K(109248K), 0.0146070 secs] 100073K->12645K(502464K), 0.0150310 secs] [Times: user=0.01 sys=0.00, real=0.01 secs] 
Heap after GC invocations=272 (full 1):
 par new generation   total 109248K, used 6K [0x8ac00000, 0x92c00000, 0x92c00000)
  eden space 87424K,   0% used [0x8ac00000, 0x8ac00000, 0x90160000)
  from space 21824K,   0% used [0x916b0000, 0x916b1800, 0x92c00000)
  to   space 21824K,   0% used [0x90160000, 0x90160000, 0x916b0000)
 concurrent mark-sweep generation total 393216K, used 12639K [0x92c00000, 0xaac00000, 0xaac00000)
 concurrent-mark-sweep perm gen total 35404K, used 22529K [0xaac00000, 0xace93000, 0xb2c00000)
}
2015-02-20T15:52:54.576-0600: 1903.031: Total time for which application threads were stopped: 0.0230170 seconds
{Heap before GC invocations=272 (full 1):
 par new generation   total 109248K, used 87430K [0x8ac00000, 0x92c00000, 0x92c00000)
  eden space 87424K, 100% used [0x8ac00000, 0x90160000, 0x90160000)
  from space 21824K,   0% used [0x916b0000, 0x916b1800, 0x92c00000)
  to   space 21824K,   0% used [0x90160000, 0x90160000, 0x916b0000)
 concurrent mark-sweep generation total 393216K, used 12639K [0x92c00000, 0xaac00000, 0xaac00000)
 concurrent-mark-sweep perm gen total 35404K, used 22529K [0xaac00000, 0xace93000, 0xb2c00000)
2015-02-20T15:52:55.958-0600: 1904.413: [GC2015-02-20T15:52:55.958-0600: 1904.413: [ParNew
Desired survivor size 20112996 bytes, new threshold 8 (max 8)
- age   1:        904 bytes,        904 total
- age   2:        256 bytes,       1160 total
- age   3:        328 bytes,       1488 total
- age   4:        200 bytes,       1688 total
- age   5:        128 bytes,       1816 total
- age   6:        328 bytes,       2144 total
- age   7:        376 bytes,       2520 total
- age   8:        312 bytes,       2832 total
: 87430K->8K(109248K), 0.0191780 secs] 100069K->12648K(502464K), 0.0195110 secs] [Times: user=0.02 sys=0.01, real=0.02 secs] 
Heap after GC invocations=273 (full 1):
 par new generation   total 109248K, used 8K [0x8ac00000, 0x92c00000, 0x92c00000)
  eden space 87424K,   0% used [0x8ac00000, 0x8ac00000, 0x90160000)
  from space 21824K,   0% used [0x90160000, 0x90162000, 0x916b0000)
  to   space 21824K,   0% used [0x916b0000, 0x916b0000, 0x92c00000)
 concurrent mark-sweep generation total 393216K, used 12640K [0x92c00000, 0xaac00000, 0xaac00000)
 concurrent-mark-sweep perm gen total 35404K, used 22529K [0xaac00000, 0xace93000, 0xb2c00000)
}
2015-02-20T15:52:55.978-0600: 1904.433: Total time for which application threads were stopped: 0.0241270 seconds
{Heap before GC invocations=273 (full 1):
 par new generation   total 109248K, used 87432K [0x8ac00000, 0x92c00000, 0x92c00000)
  eden space 87424K, 100% used [0x8ac00000, 0x90160000, 0x90160000)
  from space 21824K,   0% used [0x90160000, 0x90162000, 0x916b0000)
  to   space 21824K,   0% used [0x916b0000, 0x916b0000, 0x92c00000)
 concurrent mark-sweep generation total 393216K, used 12640K [0x92c00000, 0xaac00000, 0xaac00000)
 concurrent-mark-sweep perm gen total 35404K, used 22529K [0xaac00000, 0xace93000, 0xb2c00000)
2015-02-20T15:52:57.292-0600: 1905.748: [GC2015-02-20T15:52:57.294-0600: 1905.749: [ParNew
Desired survivor size 20112996 bytes, new threshold 8 (max 8)
- age   1:       1216 bytes,       1216 total
- age   2:        200 bytes,       1416 total
- age   3:        128 bytes,       1544 total
- age   4:        328 bytes,       1872 total
- age   5:        200 bytes,       2072 total
- age   6:        128 bytes,       2200 total
- age   7:        328 bytes,       2528 total
- age   8:        376 bytes,       2904 total
: 87432K->10K(109248K), 0.0176060 secs] 100072K->12650K(502464K), 0.0191060 secs] [Times: user=0.02 sys=0.00, real=0.02 secs] 
Heap after GC invocations=274 (full 1):
 par new generation   total 109248K, used 10K [0x8ac00000, 0x92c00000, 0x92c00000)
  eden space 87424K,   0% used [0x8ac00000, 0x8ac00000, 0x90160000)
  from space 21824K,   0% used [0x916b0000, 0x916b2800, 0x92c00000)
  to   space 21824K,   0% used [0x90160000, 0x90160000, 0x916b0000)
 concurrent mark-sweep generation total 393216K, used 12640K [0x92c00000, 0xaac00000, 0xaac00000)
 concurrent-mark-sweep perm gen total 35404K, used 22529K [0xaac00000, 0xace93000, 0xb2c00000)
}
2015-02-20T15:52:57.312-0600: 1905.767: Total time for which application threads were stopped: 0.0263060 seconds
{Heap before GC invocations=274 (full 1):
 par new generation   total 109248K, used 87434K [0x8ac00000, 0x92c00000, 0x92c00000)
  eden space 87424K, 100% used [0x8ac00000, 0x90160000, 0x90160000)
  from space 21824K,   0% used [0x916b0000, 0x916b2800, 0x92c00000)
  to   space 21824K,   0% used [0x90160000, 0x90160000, 0x916b0000)
 concurrent mark-sweep generation total 393216K, used 12640K [0x92c00000, 0xaac00000, 0xaac00000)
 concurrent-mark-sweep perm gen total 35404K, used 22529K [0xaac00000, 0xace93000, 0xb2c00000)
2015-02-20T15:52:58.882-0600: 1907.337: [GC2015-02-20T15:52:58.882-0600: 1907.337: [ParNew
Desired survivor size 20112996 bytes, new threshold 8 (max 8)
- age   1:        800 bytes,        800 total
- age   2:        408 bytes,       1208 total
- age   3:        200 bytes,       1408 total
- age   4:        128 bytes,       1536 total
- age   5:        328 bytes,       1864 total
- age   6:        200 bytes,       2064 total
- age   7:        128 bytes,       2192 total
- age   8:        328 bytes,       2520 total
: 87434K->6K(109248K), 0.0097240 secs] 100074K->12646K(502464K), 0.0099530 secs] [Times: user=0.01 sys=0.00, real=0.01 secs] 
Heap after GC invocations=275 (full 1):
 par new generation   total 109248K, used 6K [0x8ac00000, 0x92c00000, 0x92c00000)
  eden space 87424K,   0% used [0x8ac00000, 0x8ac00000, 0x90160000)
  from space 21824K,   0% used [0x90160000, 0x90161800, 0x916b0000)
  to   space 21824K,   0% used [0x916b0000, 0x916b0000, 0x92c00000)
 concurrent mark-sweep generation total 393216K, used 12640K [0x92c00000, 0xaac00000, 0xaac00000)
 concurrent-mark-sweep perm gen total 35404K, used 22529K [0xaac00000, 0xace93000, 0xb2c00000)
}
2015-02-20T15:52:58.892-0600: 1907.347: Total time for which application threads were stopped: 0.0128280 seconds
{Heap before GC invocations=275 (full 1):
 par new generation   total 109248K, used 87430K [0x8ac00000, 0x92c00000, 0x92c00000)
  eden space 87424K, 100% used [0x8ac00000, 0x90160000, 0x90160000)
  from space 21824K,   0% used [0x90160000, 0x90161800, 0x916b0000)
  to   space 21824K,   0% used [0x916b0000, 0x916b0000, 0x92c00000)
 concurrent mark-sweep generation total 393216K, used 12640K [0x92c00000, 0xaac00000, 0xaac00000)
 concurrent-mark-sweep perm gen total 35404K, used 22529K [0xaac00000, 0xace93000, 0xb2c00000)
2015-02-20T15:53:00.581-0600: 1909.036: [GC2015-02-20T15:53:00.582-0600: 1909.037: [ParNew
Desired survivor size 20112996 bytes, new threshold 8 (max 8)
- age   1:       1256 bytes,       1256 total
- age   2:        128 bytes,       1384 total
- age   3:        384 bytes,       1768 total
- age   4:        200 bytes,       1968 total
- age   5:        128 bytes,       2096 total
- age   6:        328 bytes,       2424 total
- age   7:        200 bytes,       2624 total
- age   8:        128 bytes,       2752 total
: 87430K->8K(109248K), 0.0059880 secs] 100070K->12649K(502464K), 0.0061830 secs] [Times: user=0.00 sys=0.01, real=0.01 secs] 
Heap after GC invocations=276 (full 1):
 par new generation   total 109248K, used 8K [0x8ac00000, 0x92c00000, 0x92c00000)
  eden space 87424K,   0% used [0x8ac00000, 0x8ac00000, 0x90160000)
  from space 21824K,   0% used [0x916b0000, 0x916b2000, 0x92c00000)
  to   space 21824K,   0% used [0x90160000, 0x90160000, 0x916b0000)
 concurrent mark-sweep generation total 393216K, used 12641K [0x92c00000, 0xaac00000, 0xaac00000)
 concurrent-mark-sweep perm gen total 35404K, used 22529K [0xaac00000, 0xace93000, 0xb2c00000)
}
2015-02-20T15:53:00.588-0600: 1909.043: Total time for which application threads were stopped: 0.0089290 seconds
{Heap before GC invocations=276 (full 1):
 par new generation   total 109248K, used 87432K [0x8ac00000, 0x92c00000, 0x92c00000)
  eden space 87424K, 100% used [0x8ac00000, 0x90160000, 0x90160000)
  from space 21824K,   0% used [0x916b0000, 0x916b2000, 0x92c00000)
  to   space 21824K,   0% used [0x90160000, 0x90160000, 0x916b0000)
 concurrent mark-sweep generation total 393216K, used 12641K [0x92c00000, 0xaac00000, 0xaac00000)
 concurrent-mark-sweep perm gen total 35404K, used 22529K [0xaac00000, 0xace93000, 0xb2c00000)
2015-02-20T15:53:02.289-0600: 1910.744: [GC2015-02-20T15:53:02.289-0600: 1910.744: [ParNew
Desired survivor size 20112996 bytes, new threshold 8 (max 8)
- age   1:        896 bytes,        896 total
- age   2:        328 bytes,       1224 total
- age   3:        128 bytes,       1352 total
- age   4:        384 bytes,       1736 total
- age   5:        200 bytes,       1936 total
- age   6:        128 bytes,       2064 total
- age   7:        328 bytes,       2392 total
- age   8:        200 bytes,       2592 total
: 87432K->6K(109248K), 0.0176970 secs] 100073K->12647K(502464K), 0.0179560 secs] [Times: user=0.03 sys=0.00, real=0.01 secs] 
Heap after GC invocations=277 (full 1):
 par new generation   total 109248K, used 6K [0x8ac00000, 0x92c00000, 0x92c00000)
  eden space 87424K,   0% used [0x8ac00000, 0x8ac00000, 0x90160000)
  from space 21824K,   0% used [0x90160000, 0x90161800, 0x916b0000)
  to   space 21824K,   0% used [0x916b0000, 0x916b0000, 0x92c00000)
 concurrent mark-sweep generation total 393216K, used 12641K [0x92c00000, 0xaac00000, 0xaac00000)
 concurrent-mark-sweep perm gen total 35404K, used 22529K [0xaac00000, 0xace93000, 0xb2c00000)
}
2015-02-20T15:53:02.307-0600: 1910.762: Total time for which application threads were stopped: 0.0211010 seconds
{Heap before GC invocations=277 (full 1):
 par new generation   total 109248K, used 87430K [0x8ac00000, 0x92c00000, 0x92c00000)
  eden space 87424K, 100% used [0x8ac00000, 0x90160000, 0x90160000)
  from space 21824K,   0% used [0x90160000, 0x90161800, 0x916b0000)
  to   space 21824K,   0% used [0x916b0000, 0x916b0000, 0x92c00000)
 concurrent mark-sweep generation total 393216K, used 12641K [0x92c00000, 0xaac00000, 0xaac00000)
 concurrent-mark-sweep perm gen total 35404K, used 22529K [0xaac00000, 0xace93000, 0xb2c00000)
2015-02-20T15:53:04.020-0600: 1912.475: [GC2015-02-20T15:53:04.020-0600: 1912.475: [ParNew
Desired survivor size 20112996 bytes, new threshold 8 (max 8)
- age   1:        920 bytes,        920 total
- age   2:        456 bytes,       1376 total
- age   3:        328 bytes,       1704 total
- age   4:        128 bytes,       1832 total
- age   5:        384 bytes,       2216 total
- age   6:        200 bytes,       2416 total
- age   7:        128 bytes,       2544 total
- age   8:        328 bytes,       2872 total
: 87430K->8K(109248K), 0.0077830 secs] 100071K->12649K(502464K), 0.0079620 secs] [Times: user=0.02 sys=0.00, real=0.01 secs] 
Heap after GC invocations=278 (full 1):
 par new generation   total 109248K, used 8K [0x8ac00000, 0x92c00000, 0x92c00000)
  eden space 87424K,   0% used [0x8ac00000, 0x8ac00000, 0x90160000)
  from space 21824K,   0% used [0x916b0000, 0x916b2000, 0x92c00000)
  to   space 21824K,   0% used [0x90160000, 0x90160000, 0x916b0000)
 concurrent mark-sweep generation total 393216K, used 12641K [0x92c00000, 0xaac00000, 0xaac00000)
 concurrent-mark-sweep perm gen total 35404K, used 22529K [0xaac00000, 0xace93000, 0xb2c00000)
}
2015-02-20T15:53:04.028-0600: 1912.483: Total time for which application threads were stopped: 0.0109780 seconds
{Heap before GC invocations=278 (full 1):
 par new generation   total 109248K, used 87432K [0x8ac00000, 0x92c00000, 0x92c00000)
  eden space 87424K, 100% used [0x8ac00000, 0x90160000, 0x90160000)
  from space 21824K,   0% used [0x916b0000, 0x916b2000, 0x92c00000)
  to   space 21824K,   0% used [0x90160000, 0x90160000, 0x916b0000)
 concurrent mark-sweep generation total 393216K, used 12641K [0x92c00000, 0xaac00000, 0xaac00000)
 concurrent-mark-sweep perm gen total 35404K, used 22529K [0xaac00000, 0xace93000, 0xb2c00000)
2015-02-20T15:53:05.551-0600: 1914.006: [GC2015-02-20T15:53:05.551-0600: 1914.006: [ParNew
Desired survivor size 20112996 bytes, new threshold 8 (max 8)
- age   1:       1240 bytes,       1240 total
- age   2:        216 bytes,       1456 total
- age   3:        328 bytes,       1784 total
- age   4:        328 bytes,       2112 total
- age   5:        128 bytes,       2240 total
- age   6:        384 bytes,       2624 total
- age   7:        200 bytes,       2824 total
- age   8:        128 bytes,       2952 total
: 87432K->8K(109248K), 0.0114250 secs] 100073K->12649K(502464K), 0.0116020 secs] [Times: user=0.02 sys=0.00, real=0.01 secs] 
Heap after GC invocations=279 (full 1):
 par new generation   total 109248K, used 8K [0x8ac00000, 0x92c00000, 0x92c00000)
  eden space 87424K,   0% used [0x8ac00000, 0x8ac00000, 0x90160000)
  from space 21824K,   0% used [0x90160000, 0x90162000, 0x916b0000)
  to   space 21824K,   0% used [0x916b0000, 0x916b0000, 0x92c00000)
 concurrent mark-sweep generation total 393216K, used 12641K [0x92c00000, 0xaac00000, 0xaac00000)
 concurrent-mark-sweep perm gen total 35404K, used 22529K [0xaac00000, 0xace93000, 0xb2c00000)
}
2015-02-20T15:53:05.563-0600: 1914.018: Total time for which application threads were stopped: 0.0145360 seconds
{Heap before GC invocations=279 (full 1):
 par new generation   total 109248K, used 87432K [0x8ac00000, 0x92c00000, 0x92c00000)
  eden space 87424K, 100% used [0x8ac00000, 0x90160000, 0x90160000)
  from space 21824K,   0% used [0x90160000, 0x90162000, 0x916b0000)
  to   space 21824K,   0% used [0x916b0000, 0x916b0000, 0x92c00000)
 concurrent mark-sweep generation total 393216K, used 12641K [0x92c00000, 0xaac00000, 0xaac00000)
 concurrent-mark-sweep perm gen total 35404K, used 22529K [0xaac00000, 0xace93000, 0xb2c00000)
2015-02-20T15:53:07.136-0600: 1915.591: [GC2015-02-20T15:53:07.136-0600: 1915.591: [ParNew
Desired survivor size 20112996 bytes, new threshold 8 (max 8)
- age   1:        928 bytes,        928 total
- age   2:        312 bytes,       1240 total
- age   3:        216 bytes,       1456 total
- age   4:        328 bytes,       1784 total
- age   5:        328 bytes,       2112 total
- age   6:        128 bytes,       2240 total
- age   7:        384 bytes,       2624 total
- age   8:        200 bytes,       2824 total
: 87432K->6K(109248K), 0.0082140 secs] 100073K->12647K(502464K), 0.0084490 secs] [Times: user=0.01 sys=0.00, real=0.01 secs] 
Heap after GC invocations=280 (full 1):
 par new generation   total 109248K, used 6K [0x8ac00000, 0x92c00000, 0x92c00000)
  eden space 87424K,   0% used [0x8ac00000, 0x8ac00000, 0x90160000)
  from space 21824K,   0% used [0x916b0000, 0x916b1800, 0x92c00000)
  to   space 21824K,   0% used [0x90160000, 0x90160000, 0x916b0000)
 concurrent mark-sweep generation total 393216K, used 12641K [0x92c00000, 0xaac00000, 0xaac00000)
 concurrent-mark-sweep perm gen total 35404K, used 22529K [0xaac00000, 0xace93000, 0xb2c00000)
}
2015-02-20T15:53:07.144-0600: 1915.599: Total time for which application threads were stopped: 0.0113010 seconds
{Heap before GC invocations=280 (full 1):
 par new generation   total 109248K, used 87430K [0x8ac00000, 0x92c00000, 0x92c00000)
  eden space 87424K, 100% used [0x8ac00000, 0x90160000, 0x90160000)
  from space 21824K,   0% used [0x916b0000, 0x916b1800, 0x92c00000)
  to   space 21824K,   0% used [0x90160000, 0x90160000, 0x916b0000)
 concurrent mark-sweep generation total 393216K, used 12641K [0x92c00000, 0xaac00000, 0xaac00000)
 concurrent-mark-sweep perm gen total 35404K, used 22529K [0xaac00000, 0xace93000, 0xb2c00000)
2015-02-20T15:53:08.766-0600: 1917.221: [GC2015-02-20T15:53:08.766-0600: 1917.221: [ParNew
Desired survivor size 20112996 bytes, new threshold 8 (max 8)
- age   1:        952 bytes,        952 total
- age   2:        352 bytes,       1304 total
- age   3:        312 bytes,       1616 total
- age   4:        216 bytes,       1832 total
- age   5:        328 bytes,       2160 total
- age   6:        328 bytes,       2488 total
- age   7:        128 bytes,       2616 total
- age   8:        384 bytes,       3000 total
: 87430K->8K(109248K), 0.0163850 secs] 100071K->12650K(502464K), 0.0168620 secs] [Times: user=0.02 sys=0.00, real=0.02 secs] 
Heap after GC invocations=281 (full 1):
 par new generation   total 109248K, used 8K [0x8ac00000, 0x92c00000, 0x92c00000)
  eden space 87424K,   0% used [0x8ac00000, 0x8ac00000, 0x90160000)
  from space 21824K,   0% used [0x90160000, 0x90162000, 0x916b0000)
  to   space 21824K,   0% used [0x916b0000, 0x916b0000, 0x92c00000)
 concurrent mark-sweep generation total 393216K, used 12642K [0x92c00000, 0xaac00000, 0xaac00000)
 concurrent-mark-sweep perm gen total 35404K, used 22529K [0xaac00000, 0xace93000, 0xb2c00000)
}
2015-02-20T15:53:08.783-0600: 1917.238: Total time for which application threads were stopped: 0.0248370 seconds
{Heap before GC invocations=281 (full 1):
 par new generation   total 109248K, used 87432K [0x8ac00000, 0x92c00000, 0x92c00000)
  eden space 87424K, 100% used [0x8ac00000, 0x90160000, 0x90160000)
  from space 21824K,   0% used [0x90160000, 0x90162000, 0x916b0000)
  to   space 21824K,   0% used [0x916b0000, 0x916b0000, 0x92c00000)
 concurrent mark-sweep generation total 393216K, used 12642K [0x92c00000, 0xaac00000, 0xaac00000)
 concurrent-mark-sweep perm gen total 35404K, used 22529K [0xaac00000, 0xace93000, 0xb2c00000)
2015-02-20T15:53:10.003-0600: 1918.458: [GC2015-02-20T15:53:10.003-0600: 1918.458: [ParNew
Desired survivor size 20112996 bytes, new threshold 8 (max 8)
- age   1:        704 bytes,        704 total
- age   2:        328 bytes,       1032 total
- age   3:        328 bytes,       1360 total
- age   4:        312 bytes,       1672 total
- age   5:        216 bytes,       1888 total
- age   6:        328 bytes,       2216 total
- age   7:        328 bytes,       2544 total
- age   8:        128 bytes,       2672 total
: 87432K->8K(109248K), 0.0120150 secs] 100074K->12650K(502464K), 0.0122560 secs] [Times: user=0.03 sys=0.00, real=0.01 secs] 
Heap after GC invocations=282 (full 1):
 par new generation   total 109248K, used 8K [0x8ac00000, 0x92c00000, 0x92c00000)
  eden space 87424K,   0% used [0x8ac00000, 0x8ac00000, 0x90160000)
  from space 21824K,   0% used [0x916b0000, 0x916b2000, 0x92c00000)
  to   space 21824K,   0% used [0x90160000, 0x90160000, 0x916b0000)
 concurrent mark-sweep generation total 393216K, used 12642K [0x92c00000, 0xaac00000, 0xaac00000)
 concurrent-mark-sweep perm gen total 35404K, used 22529K [0xaac00000, 0xace93000, 0xb2c00000)
}
2015-02-20T15:53:10.016-0600: 1918.471: Total time for which application threads were stopped: 0.0151850 seconds
{Heap before GC invocations=282 (full 1):
 par new generation   total 109248K, used 87432K [0x8ac00000, 0x92c00000, 0x92c00000)
  eden space 87424K, 100% used [0x8ac00000, 0x90160000, 0x90160000)
  from space 21824K,   0% used [0x916b0000, 0x916b2000, 0x92c00000)
  to   space 21824K,   0% used [0x90160000, 0x90160000, 0x916b0000)
 concurrent mark-sweep generation total 393216K, used 12642K [0x92c00000, 0xaac00000, 0xaac00000)
 concurrent-mark-sweep perm gen total 35404K, used 22529K [0xaac00000, 0xace93000, 0xb2c00000)
2015-02-20T15:53:11.323-0600: 1919.779: [GC2015-02-20T15:53:11.324-0600: 1919.779: [ParNew
Desired survivor size 20112996 bytes, new threshold 8 (max 8)
- age   1:        920 bytes,        920 total
- age   2:        200 bytes,       1120 total
- age   3:        200 bytes,       1320 total
- age   4:        328 bytes,       1648 total
- age   5:        312 bytes,       1960 total
- age   6:        216 bytes,       2176 total
- age   7:        328 bytes,       2504 total
- age   8:        328 bytes,       2832 total
: 87432K->10K(109248K), 0.0269300 secs] 100074K->12652K(502464K), 0.0272220 secs] [Times: user=0.03 sys=0.00, real=0.03 secs] 
Heap after GC invocations=283 (full 1):
 par new generation   total 109248K, used 10K [0x8ac00000, 0x92c00000, 0x92c00000)
  eden space 87424K,   0% used [0x8ac00000, 0x8ac00000, 0x90160000)
  from space 21824K,   0% used [0x90160000, 0x90162800, 0x916b0000)
  to   space 21824K,   0% used [0x916b0000, 0x916b0000, 0x92c00000)
 concurrent mark-sweep generation total 393216K, used 12642K [0x92c00000, 0xaac00000, 0xaac00000)
 concurrent-mark-sweep perm gen total 35404K, used 22529K [0xaac00000, 0xace93000, 0xb2c00000)
}
2015-02-20T15:53:11.351-0600: 1919.806: Total time for which application threads were stopped: 0.0354480 seconds
{Heap before GC invocations=283 (full 1):
 par new generation   total 109248K, used 87434K [0x8ac00000, 0x92c00000, 0x92c00000)
  eden space 87424K, 100% used [0x8ac00000, 0x90160000, 0x90160000)
  from space 21824K,   0% used [0x90160000, 0x90162800, 0x916b0000)
  to   space 21824K,   0% used [0x916b0000, 0x916b0000, 0x92c00000)
 concurrent mark-sweep generation total 393216K, used 12642K [0x92c00000, 0xaac00000, 0xaac00000)
 concurrent-mark-sweep perm gen total 35404K, used 22529K [0xaac00000, 0xace93000, 0xb2c00000)
2015-02-20T15:53:12.685-0600: 1921.140: [GC2015-02-20T15:53:12.685-0600: 1921.140: [ParNew
Desired survivor size 20112996 bytes, new threshold 8 (max 8)
- age   1:        696 bytes,        696 total
- age   2:        352 bytes,       1048 total
- age   3:        200 bytes,       1248 total
- age   4:        200 bytes,       1448 total
- age   5:        328 bytes,       1776 total
- age   6:        312 bytes,       2088 total
- age   7:        216 bytes,       2304 total
- age   8:        328 bytes,       2632 total
: 87434K->6K(109248K), 0.0105940 secs] 100076K->12648K(502464K), 0.0107860 secs] [Times: user=0.01 sys=0.01, real=0.01 secs] 
Heap after GC invocations=284 (full 1):
 par new generation   total 109248K, used 6K [0x8ac00000, 0x92c00000, 0x92c00000)
  eden space 87424K,   0% used [0x8ac00000, 0x8ac00000, 0x90160000)
  from space 21824K,   0% used [0x916b0000, 0x916b1800, 0x92c00000)
  to   space 21824K,   0% used [0x90160000, 0x90160000, 0x916b0000)
 concurrent mark-sweep generation total 393216K, used 12642K [0x92c00000, 0xaac00000, 0xaac00000)
 concurrent-mark-sweep perm gen total 35404K, used 22529K [0xaac00000, 0xace93000, 0xb2c00000)
}
2015-02-20T15:53:12.696-0600: 1921.151: Total time for which application threads were stopped: 0.0136320 seconds
{Heap before GC invocations=284 (full 1):
 par new generation   total 109248K, used 87430K [0x8ac00000, 0x92c00000, 0x92c00000)
  eden space 87424K, 100% used [0x8ac00000, 0x90160000, 0x90160000)
  from space 21824K,   0% used [0x916b0000, 0x916b1800, 0x92c00000)
  to   space 21824K,   0% used [0x90160000, 0x90160000, 0x916b0000)
 concurrent mark-sweep generation total 393216K, used 12642K [0x92c00000, 0xaac00000, 0xaac00000)
 concurrent-mark-sweep perm gen total 35404K, used 22529K [0xaac00000, 0xace93000, 0xb2c00000)
2015-02-20T15:53:14.164-0600: 1922.619: [GC2015-02-20T15:53:14.164-0600: 1922.619: [ParNew
Desired survivor size 20112996 bytes, new threshold 8 (max 8)
- age   1:       1112 bytes,       1112 total
- age   2:        152 bytes,       1264 total
- age   3:        328 bytes,       1592 total
- age   4:        200 bytes,       1792 total
- age   5:        200 bytes,       1992 total
- age   6:        328 bytes,       2320 total
- age   7:        312 bytes,       2632 total
- age   8:        216 bytes,       2848 total
: 87430K->8K(109248K), 0.0059000 secs] 100072K->12651K(502464K), 0.0061900 secs] [Times: user=0.01 sys=0.01, real=0.01 secs] 
Heap after GC invocations=285 (full 1):
 par new generation   total 109248K, used 8K [0x8ac00000, 0x92c00000, 0x92c00000)
  eden space 87424K,   0% used [0x8ac00000, 0x8ac00000, 0x90160000)
  from space 21824K,   0% used [0x90160000, 0x90162000, 0x916b0000)
  to   space 21824K,   0% used [0x916b0000, 0x916b0000, 0x92c00000)
 concurrent mark-sweep generation total 393216K, used 12643K [0x92c00000, 0xaac00000, 0xaac00000)
 concurrent-mark-sweep perm gen total 35404K, used 22529K [0xaac00000, 0xace93000, 0xb2c00000)
}
2015-02-20T15:53:14.170-0600: 1922.625: Total time for which application threads were stopped: 0.0088270 seconds
{Heap before GC invocations=285 (full 1):
 par new generation   total 109248K, used 87432K [0x8ac00000, 0x92c00000, 0x92c00000)
  eden space 87424K, 100% used [0x8ac00000, 0x90160000, 0x90160000)
  from space 21824K,   0% used [0x90160000, 0x90162000, 0x916b0000)
  to   space 21824K,   0% used [0x916b0000, 0x916b0000, 0x92c00000)
 concurrent mark-sweep generation total 393216K, used 12643K [0x92c00000, 0xaac00000, 0xaac00000)
 concurrent-mark-sweep perm gen total 35404K, used 22529K [0xaac00000, 0xace93000, 0xb2c00000)
2015-02-20T15:53:15.493-0600: 1923.948: [GC2015-02-20T15:53:15.493-0600: 1923.948: [ParNew
Desired survivor size 20112996 bytes, new threshold 8 (max 8)
- age   1:        664 bytes,        664 total
- age   2:        552 bytes,       1216 total
- age   3:        152 bytes,       1368 total
- age   4:        328 bytes,       1696 total
- age   5:        200 bytes,       1896 total
- age   6:        200 bytes,       2096 total
- age   7:        328 bytes,       2424 total
- age   8:        312 bytes,       2736 total
: 87432K->8K(109248K), 0.0201500 secs] 100075K->12651K(502464K), 0.0209020 secs] [Times: user=0.02 sys=0.00, real=0.02 secs] 
Heap after GC invocations=286 (full 1):
 par new generation   total 109248K, used 8K [0x8ac00000, 0x92c00000, 0x92c00000)
  eden space 87424K,   0% used [0x8ac00000, 0x8ac00000, 0x90160000)
  from space 21824K,   0% used [0x916b0000, 0x916b2000, 0x92c00000)
  to   space 21824K,   0% used [0x90160000, 0x90160000, 0x916b0000)
 concurrent mark-sweep generation total 393216K, used 12643K [0x92c00000, 0xaac00000, 0xaac00000)
 concurrent-mark-sweep perm gen total 35404K, used 22529K [0xaac00000, 0xace93000, 0xb2c00000)
}
2015-02-20T15:53:15.514-0600: 1923.969: Total time for which application threads were stopped: 0.0309170 seconds
{Heap before GC invocations=286 (full 1):
 par new generation   total 109248K, used 87432K [0x8ac00000, 0x92c00000, 0x92c00000)
  eden space 87424K, 100% used [0x8ac00000, 0x90160000, 0x90160000)
  from space 21824K,   0% used [0x916b0000, 0x916b2000, 0x92c00000)
  to   space 21824K,   0% used [0x90160000, 0x90160000, 0x916b0000)
 concurrent mark-sweep generation total 393216K, used 12643K [0x92c00000, 0xaac00000, 0xaac00000)
 concurrent-mark-sweep perm gen total 35404K, used 22529K [0xaac00000, 0xace93000, 0xb2c00000)
2015-02-20T15:53:17.217-0600: 1925.672: [GC2015-02-20T15:53:17.217-0600: 1925.672: [ParNew
Desired survivor size 20112996 bytes, new threshold 8 (max 8)
- age   1:       1000 bytes,       1000 total
- age   2:        200 bytes,       1200 total
- age   3:        424 bytes,       1624 total
- age   4:        152 bytes,       1776 total
- age   5:        328 bytes,       2104 total
- age   6:        200 bytes,       2304 total
- age   7:        200 bytes,       2504 total
- age   8:        328 bytes,       2832 total
: 87432K->6K(109248K), 0.0110590 secs] 100075K->12649K(502464K), 0.0112900 secs] [Times: user=0.03 sys=0.00, real=0.02 secs] 
Heap after GC invocations=287 (full 1):
 par new generation   total 109248K, used 6K [0x8ac00000, 0x92c00000, 0x92c00000)
  eden space 87424K,   0% used [0x8ac00000, 0x8ac00000, 0x90160000)
  from space 21824K,   0% used [0x90160000, 0x90161800, 0x916b0000)
  to   space 21824K,   0% used [0x916b0000, 0x916b0000, 0x92c00000)
 concurrent mark-sweep generation total 393216K, used 12643K [0x92c00000, 0xaac00000, 0xaac00000)
 concurrent-mark-sweep perm gen total 35404K, used 22529K [0xaac00000, 0xace93000, 0xb2c00000)
}
2015-02-20T15:53:17.228-0600: 1925.683: Total time for which application threads were stopped: 0.0139540 seconds
{Heap before GC invocations=287 (full 1):
 par new generation   total 109248K, used 87430K [0x8ac00000, 0x92c00000, 0x92c00000)
  eden space 87424K, 100% used [0x8ac00000, 0x90160000, 0x90160000)
  from space 21824K,   0% used [0x90160000, 0x90161800, 0x916b0000)
  to   space 21824K,   0% used [0x916b0000, 0x916b0000, 0x92c00000)
 concurrent mark-sweep generation total 393216K, used 12643K [0x92c00000, 0xaac00000, 0xaac00000)
 concurrent-mark-sweep perm gen total 35404K, used 22529K [0xaac00000, 0xace93000, 0xb2c00000)
2015-02-20T15:53:19.155-0600: 1927.610: [GC2015-02-20T15:53:19.155-0600: 1927.610: [ParNew
Desired survivor size 20112996 bytes, new threshold 8 (max 8)
- age   1:       1120 bytes,       1120 total
- age   2:        400 bytes,       1520 total
- age   3:        200 bytes,       1720 total
- age   4:        424 bytes,       2144 total
- age   5:        152 bytes,       2296 total
- age   6:        328 bytes,       2624 total
- age   7:        200 bytes,       2824 total
- age   8:        200 bytes,       3024 total
: 87430K->8K(109248K), 0.0058730 secs] 100073K->12652K(502464K), 0.0060510 secs] [Times: user=0.01 sys=0.01, real=0.01 secs] 
Heap after GC invocations=288 (full 1):
 par new generation   total 109248K, used 8K [0x8ac00000, 0x92c00000, 0x92c00000)
  eden space 87424K,   0% used [0x8ac00000, 0x8ac00000, 0x90160000)
  from space 21824K,   0% used [0x916b0000, 0x916b2000, 0x92c00000)
  to   space 21824K,   0% used [0x90160000, 0x90160000, 0x916b0000)
 concurrent mark-sweep generation total 393216K, used 12644K [0x92c00000, 0xaac00000, 0xaac00000)
 concurrent-mark-sweep perm gen total 35404K, used 22529K [0xaac00000, 0xace93000, 0xb2c00000)
}
2015-02-20T15:53:19.161-0600: 1927.616: Total time for which application threads were stopped: 0.0089620 seconds
{Heap before GC invocations=288 (full 1):
 par new generation   total 109248K, used 87432K [0x8ac00000, 0x92c00000, 0x92c00000)
  eden space 87424K, 100% used [0x8ac00000, 0x90160000, 0x90160000)
  from space 21824K,   0% used [0x916b0000, 0x916b2000, 0x92c00000)
  to   space 21824K,   0% used [0x90160000, 0x90160000, 0x916b0000)
 concurrent mark-sweep generation total 393216K, used 12644K [0x92c00000, 0xaac00000, 0xaac00000)
 concurrent-mark-sweep perm gen total 35404K, used 22529K [0xaac00000, 0xace93000, 0xb2c00000)
2015-02-20T15:53:20.672-0600: 1929.127: [GC2015-02-20T15:53:20.672-0600: 1929.127: [ParNew
Desired survivor size 20112996 bytes, new threshold 8 (max 8)
- age   1:       1080 bytes,       1080 total
- age   2:        400 bytes,       1480 total
- age   3:        400 bytes,       1880 total
- age   4:        200 bytes,       2080 total
- age   5:        424 bytes,       2504 total
- age   6:        152 bytes,       2656 total
- age   7:        328 bytes,       2984 total
- age   8:        200 bytes,       3184 total
: 87432K->6K(109248K), 0.0072710 secs] 100076K->12650K(502464K), 0.0074970 secs] [Times: user=0.01 sys=0.00, real=0.01 secs] 
Heap after GC invocations=289 (full 1):
 par new generation   total 109248K, used 6K [0x8ac00000, 0x92c00000, 0x92c00000)
  eden space 87424K,   0% used [0x8ac00000, 0x8ac00000, 0x90160000)
  from space 21824K,   0% used [0x90160000, 0x90161800, 0x916b0000)
  to   space 21824K,   0% used [0x916b0000, 0x916b0000, 0x92c00000)
 concurrent mark-sweep generation total 393216K, used 12644K [0x92c00000, 0xaac00000, 0xaac00000)
 concurrent-mark-sweep perm gen total 35404K, used 22529K [0xaac00000, 0xace93000, 0xb2c00000)
}
2015-02-20T15:53:20.680-0600: 1929.135: Total time for which application threads were stopped: 0.0102250 seconds
{Heap before GC invocations=289 (full 1):
 par new generation   total 109248K, used 87430K [0x8ac00000, 0x92c00000, 0x92c00000)
  eden space 87424K, 100% used [0x8ac00000, 0x90160000, 0x90160000)
  from space 21824K,   0% used [0x90160000, 0x90161800, 0x916b0000)
  to   space 21824K,   0% used [0x916b0000, 0x916b0000, 0x92c00000)
 concurrent mark-sweep generation total 393216K, used 12644K [0x92c00000, 0xaac00000, 0xaac00000)
 concurrent-mark-sweep perm gen total 35404K, used 22529K [0xaac00000, 0xace93000, 0xb2c00000)
2015-02-20T15:53:22.206-0600: 1930.661: [GC2015-02-20T15:53:22.206-0600: 1930.661: [ParNew
Desired survivor size 20112996 bytes, new threshold 8 (max 8)
- age   1:        928 bytes,        928 total
- age   2:        176 bytes,       1104 total
- age   3:        376 bytes,       1480 total
- age   4:        400 bytes,       1880 total
- age   5:        200 bytes,       2080 total
- age   6:        424 bytes,       2504 total
- age   7:        152 bytes,       2656 total
- age   8:        328 bytes,       2984 total
: 87430K->8K(109248K), 0.0107780 secs] 100074K->12652K(502464K), 0.0110200 secs] [Times: user=0.02 sys=0.00, real=0.01 secs] 
Heap after GC invocations=290 (full 1):
 par new generation   total 109248K, used 8K [0x8ac00000, 0x92c00000, 0x92c00000)
  eden space 87424K,   0% used [0x8ac00000, 0x8ac00000, 0x90160000)
  from space 21824K,   0% used [0x916b0000, 0x916b2000, 0x92c00000)
  to   space 21824K,   0% used [0x90160000, 0x90160000, 0x916b0000)
 concurrent mark-sweep generation total 393216K, used 12644K [0x92c00000, 0xaac00000, 0xaac00000)
 concurrent-mark-sweep perm gen total 35404K, used 22529K [0xaac00000, 0xace93000, 0xb2c00000)
}
2015-02-20T15:53:22.217-0600: 1930.672: Total time for which application threads were stopped: 0.0137010 seconds
{Heap before GC invocations=290 (full 1):
 par new generation   total 109248K, used 87432K [0x8ac00000, 0x92c00000, 0x92c00000)
  eden space 87424K, 100% used [0x8ac00000, 0x90160000, 0x90160000)
  from space 21824K,   0% used [0x916b0000, 0x916b2000, 0x92c00000)
  to   space 21824K,   0% used [0x90160000, 0x90160000, 0x916b0000)
 concurrent mark-sweep generation total 393216K, used 12644K [0x92c00000, 0xaac00000, 0xaac00000)
 concurrent-mark-sweep perm gen total 35404K, used 22529K [0xaac00000, 0xace93000, 0xb2c00000)
2015-02-20T15:53:24.004-0600: 1932.459: [GC2015-02-20T15:53:24.004-0600: 1932.459: [ParNew
Desired survivor size 20112996 bytes, new threshold 8 (max 8)
- age   1:       1008 bytes,       1008 total
- age   2:        456 bytes,       1464 total
- age   3:        176 bytes,       1640 total
- age   4:        376 bytes,       2016 total
- age   5:        400 bytes,       2416 total
- age   6:        200 bytes,       2616 total
- age   7:        424 bytes,       3040 total
- age   8:        152 bytes,       3192 total
: 87432K->10K(109248K), 0.0085100 secs] 100076K->12654K(502464K), 0.0087510 secs] [Times: user=0.02 sys=0.00, real=0.01 secs] 
Heap after GC invocations=291 (full 1):
 par new generation   total 109248K, used 10K [0x8ac00000, 0x92c00000, 0x92c00000)
  eden space 87424K,   0% used [0x8ac00000, 0x8ac00000, 0x90160000)
  from space 21824K,   0% used [0x90160000, 0x90162800, 0x916b0000)
  to   space 21824K,   0% used [0x916b0000, 0x916b0000, 0x92c00000)
 concurrent mark-sweep generation total 393216K, used 12644K [0x92c00000, 0xaac00000, 0xaac00000)
 concurrent-mark-sweep perm gen total 35404K, used 22529K [0xaac00000, 0xace93000, 0xb2c00000)
}
2015-02-20T15:53:24.012-0600: 1932.467: Total time for which application threads were stopped: 0.0123280 seconds
{Heap before GC invocations=291 (full 1):
 par new generation   total 109248K, used 87434K [0x8ac00000, 0x92c00000, 0x92c00000)
  eden space 87424K, 100% used [0x8ac00000, 0x90160000, 0x90160000)
  from space 21824K,   0% used [0x90160000, 0x90162800, 0x916b0000)
  to   space 21824K,   0% used [0x916b0000, 0x916b0000, 0x92c00000)
 concurrent mark-sweep generation total 393216K, used 12644K [0x92c00000, 0xaac00000, 0xaac00000)
 concurrent-mark-sweep perm gen total 35404K, used 22529K [0xaac00000, 0xace93000, 0xb2c00000)
2015-02-20T15:53:25.743-0600: 1934.198: [GC2015-02-20T15:53:25.743-0600: 1934.198: [ParNew
Desired survivor size 20112996 bytes, new threshold 8 (max 8)
- age   1:       1256 bytes,       1256 total
- age   2:        200 bytes,       1456 total
- age   3:        328 bytes,       1784 total
- age   4:        176 bytes,       1960 total
- age   5:        376 bytes,       2336 total
- age   6:        400 bytes,       2736 total
- age   7:        200 bytes,       2936 total
- age   8:        424 bytes,       3360 total
: 87434K->10K(109248K), 0.0058960 secs] 100078K->12654K(502464K), 0.0060950 secs] [Times: user=0.02 sys=0.00, real=0.01 secs] 
Heap after GC invocations=292 (full 1):
 par new generation   total 109248K, used 10K [0x8ac00000, 0x92c00000, 0x92c00000)
  eden space 87424K,   0% used [0x8ac00000, 0x8ac00000, 0x90160000)
  from space 21824K,   0% used [0x916b0000, 0x916b2800, 0x92c00000)
  to   space 21824K,   0% used [0x90160000, 0x90160000, 0x916b0000)
 concurrent mark-sweep generation total 393216K, used 12644K [0x92c00000, 0xaac00000, 0xaac00000)
 concurrent-mark-sweep perm gen total 35404K, used 22529K [0xaac00000, 0xace93000, 0xb2c00000)
}
2015-02-20T15:53:25.749-0600: 1934.204: Total time for which application threads were stopped: 0.0087380 seconds
{Heap before GC invocations=292 (full 1):
 par new generation   total 109248K, used 87434K [0x8ac00000, 0x92c00000, 0x92c00000)
  eden space 87424K, 100% used [0x8ac00000, 0x90160000, 0x90160000)
  from space 21824K,   0% used [0x916b0000, 0x916b2800, 0x92c00000)
  to   space 21824K,   0% used [0x90160000, 0x90160000, 0x916b0000)
 concurrent mark-sweep generation total 393216K, used 12644K [0x92c00000, 0xaac00000, 0xaac00000)
 concurrent-mark-sweep perm gen total 35404K, used 22529K [0xaac00000, 0xace93000, 0xb2c00000)
2015-02-20T15:53:27.336-0600: 1935.791: [GC2015-02-20T15:53:27.336-0600: 1935.791: [ParNew
Desired survivor size 20112996 bytes, new threshold 8 (max 8)
- age   1:        920 bytes,        920 total
- age   2:        328 bytes,       1248 total
- age   3:        200 bytes,       1448 total
- age   4:        328 bytes,       1776 total
- age   5:        176 bytes,       1952 total
- age   6:        376 bytes,       2328 total
- age   7:        400 bytes,       2728 total
- age   8:        200 bytes,       2928 total
: 87434K->6K(109248K), 0.0079080 secs] 100078K->12651K(502464K), 0.0081020 secs] [Times: user=0.01 sys=0.00, real=0.01 secs] 
Heap after GC invocations=293 (full 1):
 par new generation   total 109248K, used 6K [0x8ac00000, 0x92c00000, 0x92c00000)
  eden space 87424K,   0% used [0x8ac00000, 0x8ac00000, 0x90160000)
  from space 21824K,   0% used [0x90160000, 0x90161800, 0x916b0000)
  to   space 21824K,   0% used [0x916b0000, 0x916b0000, 0x92c00000)
 concurrent mark-sweep generation total 393216K, used 12645K [0x92c00000, 0xaac00000, 0xaac00000)
 concurrent-mark-sweep perm gen total 35404K, used 22529K [0xaac00000, 0xace93000, 0xb2c00000)
}
2015-02-20T15:53:27.344-0600: 1935.799: Total time for which application threads were stopped: 0.0109760 seconds
{Heap before GC invocations=293 (full 1):
 par new generation   total 109248K, used 87430K [0x8ac00000, 0x92c00000, 0x92c00000)
  eden space 87424K, 100% used [0x8ac00000, 0x90160000, 0x90160000)
  from space 21824K,   0% used [0x90160000, 0x90161800, 0x916b0000)
  to   space 21824K,   0% used [0x916b0000, 0x916b0000, 0x92c00000)
 concurrent mark-sweep generation total 393216K, used 12645K [0x92c00000, 0xaac00000, 0xaac00000)
 concurrent-mark-sweep perm gen total 35404K, used 22529K [0xaac00000, 0xace93000, 0xb2c00000)
2015-02-20T15:53:29.096-0600: 1937.551: [GC2015-02-20T15:53:29.097-0600: 1937.552: [ParNew
Desired survivor size 20112996 bytes, new threshold 8 (max 8)
- age   1:       1344 bytes,       1344 total
- age   2:        352 bytes,       1696 total
- age   3:        328 bytes,       2024 total
- age   4:        200 bytes,       2224 total
- age   5:        328 bytes,       2552 total
- age   6:        176 bytes,       2728 total
- age   7:        376 bytes,       3104 total
- age   8:        400 bytes,       3504 total
: 87430K->10K(109248K), 0.0065320 secs] 100075K->12655K(502464K), 0.0067750 secs] [Times: user=0.01 sys=0.00, real=0.01 secs] 
Heap after GC invocations=294 (full 1):
 par new generation   total 109248K, used 10K [0x8ac00000, 0x92c00000, 0x92c00000)
  eden space 87424K,   0% used [0x8ac00000, 0x8ac00000, 0x90160000)
  from space 21824K,   0% used [0x916b0000, 0x916b2800, 0x92c00000)
  to   space 21824K,   0% used [0x90160000, 0x90160000, 0x916b0000)
 concurrent mark-sweep generation total 393216K, used 12645K [0x92c00000, 0xaac00000, 0xaac00000)
 concurrent-mark-sweep perm gen total 35404K, used 22529K [0xaac00000, 0xace93000, 0xb2c00000)
}
2015-02-20T15:53:29.103-0600: 1937.558: Total time for which application threads were stopped: 0.0096530 seconds
{Heap before GC invocations=294 (full 1):
 par new generation   total 109248K, used 87434K [0x8ac00000, 0x92c00000, 0x92c00000)
  eden space 87424K, 100% used [0x8ac00000, 0x90160000, 0x90160000)
  from space 21824K,   0% used [0x916b0000, 0x916b2800, 0x92c00000)
  to   space 21824K,   0% used [0x90160000, 0x90160000, 0x916b0000)
 concurrent mark-sweep generation total 393216K, used 12645K [0x92c00000, 0xaac00000, 0xaac00000)
 concurrent-mark-sweep perm gen total 35404K, used 22529K [0xaac00000, 0xace93000, 0xb2c00000)
2015-02-20T15:53:30.881-0600: 1939.336: [GC2015-02-20T15:53:30.881-0600: 1939.336: [ParNew
Desired survivor size 20112996 bytes, new threshold 8 (max 8)
- age   1:        736 bytes,        736 total
- age   2:        512 bytes,       1248 total
- age   3:        352 bytes,       1600 total
- age   4:        328 bytes,       1928 total
- age   5:        200 bytes,       2128 total
- age   6:        328 bytes,       2456 total
- age   7:        176 bytes,       2632 total
- age   8:        376 bytes,       3008 total
: 87434K->8K(109248K), 0.0059610 secs] 100079K->12653K(502464K), 0.0061550 secs] [Times: user=0.01 sys=0.00, real=0.00 secs] 
Heap after GC invocations=295 (full 1):
 par new generation   total 109248K, used 8K [0x8ac00000, 0x92c00000, 0x92c00000)
  eden space 87424K,   0% used [0x8ac00000, 0x8ac00000, 0x90160000)
  from space 21824K,   0% used [0x90160000, 0x90162000, 0x916b0000)
  to   space 21824K,   0% used [0x916b0000, 0x916b0000, 0x92c00000)
 concurrent mark-sweep generation total 393216K, used 12645K [0x92c00000, 0xaac00000, 0xaac00000)
 concurrent-mark-sweep perm gen total 35404K, used 22529K [0xaac00000, 0xace93000, 0xb2c00000)
}
2015-02-20T15:53:30.887-0600: 1939.342: Total time for which application threads were stopped: 0.0089320 seconds
{Heap before GC invocations=295 (full 1):
 par new generation   total 109248K, used 87432K [0x8ac00000, 0x92c00000, 0x92c00000)
  eden space 87424K, 100% used [0x8ac00000, 0x90160000, 0x90160000)
  from space 21824K,   0% used [0x90160000, 0x90162000, 0x916b0000)
  to   space 21824K,   0% used [0x916b0000, 0x916b0000, 0x92c00000)
 concurrent mark-sweep generation total 393216K, used 12645K [0x92c00000, 0xaac00000, 0xaac00000)
 concurrent-mark-sweep perm gen total 35404K, used 22529K [0xaac00000, 0xace93000, 0xb2c00000)
2015-02-20T15:53:32.653-0600: 1941.108: [GC2015-02-20T15:53:32.653-0600: 1941.108: [ParNew
Desired survivor size 20112996 bytes, new threshold 8 (max 8)
- age   1:       1176 bytes,       1176 total
- age   2:        128 bytes,       1304 total
- age   3:        488 bytes,       1792 total
- age   4:        352 bytes,       2144 total
- age   5:        328 bytes,       2472 total
- age   6:        200 bytes,       2672 total
- age   7:        328 bytes,       3000 total
- age   8:        176 bytes,       3176 total
: 87432K->8K(109248K), 0.0081210 secs] 100077K->12654K(502464K), 0.0083620 secs] [Times: user=0.02 sys=0.00, real=0.01 secs] 
Heap after GC invocations=296 (full 1):
 par new generation   total 109248K, used 8K [0x8ac00000, 0x92c00000, 0x92c00000)
  eden space 87424K,   0% used [0x8ac00000, 0x8ac00000, 0x90160000)
  from space 21824K,   0% used [0x916b0000, 0x916b2000, 0x92c00000)
  to   space 21824K,   0% used [0x90160000, 0x90160000, 0x916b0000)
 concurrent mark-sweep generation total 393216K, used 12646K [0x92c00000, 0xaac00000, 0xaac00000)
 concurrent-mark-sweep perm gen total 35404K, used 22529K [0xaac00000, 0xace93000, 0xb2c00000)
}
2015-02-20T15:53:32.661-0600: 1941.116: Total time for which application threads were stopped: 0.0111650 seconds
{Heap before GC invocations=296 (full 1):
 par new generation   total 109248K, used 87432K [0x8ac00000, 0x92c00000, 0x92c00000)
  eden space 87424K, 100% used [0x8ac00000, 0x90160000, 0x90160000)
  from space 21824K,   0% used [0x916b0000, 0x916b2000, 0x92c00000)
  to   space 21824K,   0% used [0x90160000, 0x90160000, 0x916b0000)
 concurrent mark-sweep generation total 393216K, used 12646K [0x92c00000, 0xaac00000, 0xaac00000)
 concurrent-mark-sweep perm gen total 35404K, used 22529K [0xaac00000, 0xace93000, 0xb2c00000)
2015-02-20T15:53:34.432-0600: 1942.887: [GC2015-02-20T15:53:34.432-0600: 1942.887: [ParNew
Desired survivor size 20112996 bytes, new threshold 8 (max 8)
- age   1:       1024 bytes,       1024 total
- age   2:        328 bytes,       1352 total
- age   3:        128 bytes,       1480 total
- age   4:        488 bytes,       1968 total
- age   5:        352 bytes,       2320 total
- age   6:        328 bytes,       2648 total
- age   7:        200 bytes,       2848 total
- age   8:        328 bytes,       3176 total
: 87432K->6K(109248K), 0.0073360 secs] 100078K->12652K(502464K), 0.0075760 secs] [Times: user=0.02 sys=0.00, real=0.01 secs] 
Heap after GC invocations=297 (full 1):
 par new generation   total 109248K, used 6K [0x8ac00000, 0x92c00000, 0x92c00000)
  eden space 87424K,   0% used [0x8ac00000, 0x8ac00000, 0x90160000)
  from space 21824K,   0% used [0x90160000, 0x90161800, 0x916b0000)
  to   space 21824K,   0% used [0x916b0000, 0x916b0000, 0x92c00000)
 concurrent mark-sweep generation total 393216K, used 12646K [0x92c00000, 0xaac00000, 0xaac00000)
 concurrent-mark-sweep perm gen total 35404K, used 22529K [0xaac00000, 0xace93000, 0xb2c00000)
}
2015-02-20T15:53:34.439-0600: 1942.894: Total time for which application threads were stopped: 0.0103520 seconds
{Heap before GC invocations=297 (full 1):
 par new generation   total 109248K, used 87430K [0x8ac00000, 0x92c00000, 0x92c00000)
  eden space 87424K, 100% used [0x8ac00000, 0x90160000, 0x90160000)
  from space 21824K,   0% used [0x90160000, 0x90161800, 0x916b0000)
  to   space 21824K,   0% used [0x916b0000, 0x916b0000, 0x92c00000)
 concurrent mark-sweep generation total 393216K, used 12646K [0x92c00000, 0xaac00000, 0xaac00000)
 concurrent-mark-sweep perm gen total 35404K, used 22529K [0xaac00000, 0xace93000, 0xb2c00000)
2015-02-20T15:53:36.136-0600: 1944.591: [GC2015-02-20T15:53:36.136-0600: 1944.591: [ParNew
Desired survivor size 20112996 bytes, new threshold 8 (max 8)
- age   1:       1016 bytes,       1016 total
- age   2:        456 bytes,       1472 total
- age   3:        328 bytes,       1800 total
- age   4:        128 bytes,       1928 total
- age   5:        488 bytes,       2416 total
- age   6:        352 bytes,       2768 total
- age   7:        328 bytes,       3096 total
- age   8:        200 bytes,       3296 total
: 87430K->6K(109248K), 0.0078440 secs] 100076K->12652K(502464K), 0.0080560 secs] [Times: user=0.01 sys=0.00, real=0.01 secs] 
Heap after GC invocations=298 (full 1):
 par new generation   total 109248K, used 6K [0x8ac00000, 0x92c00000, 0x92c00000)
  eden space 87424K,   0% used [0x8ac00000, 0x8ac00000, 0x90160000)
  from space 21824K,   0% used [0x916b0000, 0x916b1800, 0x92c00000)
  to   space 21824K,   0% used [0x90160000, 0x90160000, 0x916b0000)
 concurrent mark-sweep generation total 393216K, used 12646K [0x92c00000, 0xaac00000, 0xaac00000)
 concurrent-mark-sweep perm gen total 35404K, used 22529K [0xaac00000, 0xace93000, 0xb2c00000)
}
2015-02-20T15:53:36.144-0600: 1944.599: Total time for which application threads were stopped: 0.0110140 seconds
{Heap before GC invocations=298 (full 1):
 par new generation   total 109248K, used 87430K [0x8ac00000, 0x92c00000, 0x92c00000)
  eden space 87424K, 100% used [0x8ac00000, 0x90160000, 0x90160000)
  from space 21824K,   0% used [0x916b0000, 0x916b1800, 0x92c00000)
  to   space 21824K,   0% used [0x90160000, 0x90160000, 0x916b0000)
 concurrent mark-sweep generation total 393216K, used 12646K [0x92c00000, 0xaac00000, 0xaac00000)
 concurrent-mark-sweep perm gen total 35404K, used 22529K [0xaac00000, 0xace93000, 0xb2c00000)
2015-02-20T15:53:37.697-0600: 1946.152: [GC2015-02-20T15:53:37.697-0600: 1946.152: [ParNew
Desired survivor size 20112996 bytes, new threshold 8 (max 8)
- age   1:       1088 bytes,       1088 total
- age   2:        216 bytes,       1304 total
- age   3:        328 bytes,       1632 total
- age   4:        328 bytes,       1960 total
- age   5:        128 bytes,       2088 total
- age   6:        488 bytes,       2576 total
- age   7:        352 bytes,       2928 total
- age   8:        328 bytes,       3256 total
: 87430K->6K(109248K), 0.0080980 secs] 100076K->12652K(502464K), 0.0082820 secs] [Times: user=0.02 sys=0.00, real=0.01 secs] 
Heap after GC invocations=299 (full 1):
 par new generation   total 109248K, used 6K [0x8ac00000, 0x92c00000, 0x92c00000)
  eden space 87424K,   0% used [0x8ac00000, 0x8ac00000, 0x90160000)
  from space 21824K,   0% used [0x90160000, 0x90161800, 0x916b0000)
  to   space 21824K,   0% used [0x916b0000, 0x916b0000, 0x92c00000)
 concurrent mark-sweep generation total 393216K, used 12646K [0x92c00000, 0xaac00000, 0xaac00000)
 concurrent-mark-sweep perm gen total 35404K, used 22529K [0xaac00000, 0xace93000, 0xb2c00000)
}
2015-02-20T15:53:37.705-0600: 1946.160: Total time for which application threads were stopped: 0.0109280 seconds
{Heap before GC invocations=299 (full 1):
 par new generation   total 109248K, used 87430K [0x8ac00000, 0x92c00000, 0x92c00000)
  eden space 87424K, 100% used [0x8ac00000, 0x90160000, 0x90160000)
  from space 21824K,   0% used [0x90160000, 0x90161800, 0x916b0000)
  to   space 21824K,   0% used [0x916b0000, 0x916b0000, 0x92c00000)
 concurrent mark-sweep generation total 393216K, used 12646K [0x92c00000, 0xaac00000, 0xaac00000)
 concurrent-mark-sweep perm gen total 35404K, used 22529K [0xaac00000, 0xace93000, 0xb2c00000)
2015-02-20T15:53:39.303-0600: 1947.758: [GC2015-02-20T15:53:39.303-0600: 1947.758: [ParNew
Desired survivor size 20112996 bytes, new threshold 8 (max 8)
- age   1:       1160 bytes,       1160 total
- age   2:        312 bytes,       1472 total
- age   3:        216 bytes,       1688 total
- age   4:        328 bytes,       2016 total
- age   5:        328 bytes,       2344 total
- age   6:        128 bytes,       2472 total
- age   7:        488 bytes,       2960 total
- age   8:        352 bytes,       3312 total
: 87430K->10K(109248K), 0.0060160 secs] 100076K->12657K(502464K), 0.0062610 secs] [Times: user=0.01 sys=0.00, real=0.01 secs] 
Heap after GC invocations=300 (full 1):
 par new generation   total 109248K, used 10K [0x8ac00000, 0x92c00000, 0x92c00000)
  eden space 87424K,   0% used [0x8ac00000, 0x8ac00000, 0x90160000)
  from space 21824K,   0% used [0x916b0000, 0x916b2800, 0x92c00000)
  to   space 21824K,   0% used [0x90160000, 0x90160000, 0x916b0000)
 concurrent mark-sweep generation total 393216K, used 12647K [0x92c00000, 0xaac00000, 0xaac00000)
 concurrent-mark-sweep perm gen total 35404K, used 22529K [0xaac00000, 0xace93000, 0xb2c00000)
}
2015-02-20T15:53:39.309-0600: 1947.764: Total time for which application threads were stopped: 0.0090000 seconds
{Heap before GC invocations=300 (full 1):
 par new generation   total 109248K, used 87434K [0x8ac00000, 0x92c00000, 0x92c00000)
  eden space 87424K, 100% used [0x8ac00000, 0x90160000, 0x90160000)
  from space 21824K,   0% used [0x916b0000, 0x916b2800, 0x92c00000)
  to   space 21824K,   0% used [0x90160000, 0x90160000, 0x916b0000)
 concurrent mark-sweep generation total 393216K, used 12647K [0x92c00000, 0xaac00000, 0xaac00000)
 concurrent-mark-sweep perm gen total 35404K, used 22529K [0xaac00000, 0xace93000, 0xb2c00000)
2015-02-20T15:53:40.954-0600: 1949.409: [GC2015-02-20T15:53:40.954-0600: 1949.409: [ParNew
Desired survivor size 20112996 bytes, new threshold 8 (max 8)
- age   1:        984 bytes,        984 total
- age   2:        352 bytes,       1336 total
- age   3:        312 bytes,       1648 total
- age   4:        216 bytes,       1864 total
- age   5:        328 bytes,       2192 total
- age   6:        328 bytes,       2520 total
- age   7:        128 bytes,       2648 total
- age   8:        488 bytes,       3136 total
: 87434K->6K(109248K), 0.0191580 secs] 100081K->12653K(502464K), 0.0193750 secs] [Times: user=0.04 sys=0.00, real=0.02 secs] 
Heap after GC invocations=301 (full 1):
 par new generation   total 109248K, used 6K [0x8ac00000, 0x92c00000, 0x92c00000)
  eden space 87424K,   0% used [0x8ac00000, 0x8ac00000, 0x90160000)
  from space 21824K,   0% used [0x90160000, 0x90161800, 0x916b0000)
  to   space 21824K,   0% used [0x916b0000, 0x916b0000, 0x92c00000)
 concurrent mark-sweep generation total 393216K, used 12647K [0x92c00000, 0xaac00000, 0xaac00000)
 concurrent-mark-sweep perm gen total 35404K, used 22529K [0xaac00000, 0xace93000, 0xb2c00000)
}
2015-02-20T15:53:40.973-0600: 1949.428: Total time for which application threads were stopped: 0.0220360 seconds
{Heap before GC invocations=301 (full 1):
 par new generation   total 109248K, used 87430K [0x8ac00000, 0x92c00000, 0x92c00000)
  eden space 87424K, 100% used [0x8ac00000, 0x90160000, 0x90160000)
  from space 21824K,   0% used [0x90160000, 0x90161800, 0x916b0000)
  to   space 21824K,   0% used [0x916b0000, 0x916b0000, 0x92c00000)
 concurrent mark-sweep generation total 393216K, used 12647K [0x92c00000, 0xaac00000, 0xaac00000)
 concurrent-mark-sweep perm gen total 35404K, used 22529K [0xaac00000, 0xace93000, 0xb2c00000)
2015-02-20T15:53:42.574-0600: 1951.029: [GC2015-02-20T15:53:42.575-0600: 1951.030: [ParNew
Desired survivor size 20112996 bytes, new threshold 8 (max 8)
- age   1:       1032 bytes,       1032 total
- age   2:        176 bytes,       1208 total
- age   3:        328 bytes,       1536 total
- age   4:        312 bytes,       1848 total
- age   5:        216 bytes,       2064 total
- age   6:        328 bytes,       2392 total
- age   7:        328 bytes,       2720 total
- age   8:        128 bytes,       2848 total
: 87430K->4K(109248K), 0.0137620 secs] 100077K->12652K(502464K), 0.0139700 secs] [Times: user=0.03 sys=0.00, real=0.02 secs] 
Heap after GC invocations=302 (full 1):
 par new generation   total 109248K, used 4K [0x8ac00000, 0x92c00000, 0x92c00000)
  eden space 87424K,   0% used [0x8ac00000, 0x8ac00000, 0x90160000)
  from space 21824K,   0% used [0x916b0000, 0x916b1000, 0x92c00000)
  to   space 21824K,   0% used [0x90160000, 0x90160000, 0x916b0000)
 concurrent mark-sweep generation total 393216K, used 12648K [0x92c00000, 0xaac00000, 0xaac00000)
 concurrent-mark-sweep perm gen total 35404K, used 22529K [0xaac00000, 0xace93000, 0xb2c00000)
}
2015-02-20T15:53:42.588-0600: 1951.044: Total time for which application threads were stopped: 0.0168120 seconds
{Heap before GC invocations=302 (full 1):
 par new generation   total 109248K, used 87428K [0x8ac00000, 0x92c00000, 0x92c00000)
  eden space 87424K, 100% used [0x8ac00000, 0x90160000, 0x90160000)
  from space 21824K,   0% used [0x916b0000, 0x916b1000, 0x92c00000)
  to   space 21824K,   0% used [0x90160000, 0x90160000, 0x916b0000)
 concurrent mark-sweep generation total 393216K, used 12648K [0x92c00000, 0xaac00000, 0xaac00000)
 concurrent-mark-sweep perm gen total 35404K, used 22529K [0xaac00000, 0xace93000, 0xb2c00000)
2015-02-20T15:53:44.216-0600: 1952.671: [GC2015-02-20T15:53:44.216-0600: 1952.671: [ParNew
Desired survivor size 20112996 bytes, new threshold 8 (max 8)
- age   1:        928 bytes,        928 total
- age   2:        352 bytes,       1280 total
- age   3:        176 bytes,       1456 total
- age   4:        328 bytes,       1784 total
- age   5:        312 bytes,       2096 total
- age   6:        216 bytes,       2312 total
- age   7:        328 bytes,       2640 total
- age   8:        328 bytes,       2968 total
: 87428K->6K(109248K), 0.0182330 secs] 100076K->12654K(502464K), 0.0184070 secs] [Times: user=0.02 sys=0.00, real=0.02 secs] 
Heap after GC invocations=303 (full 1):
 par new generation   total 109248K, used 6K [0x8ac00000, 0x92c00000, 0x92c00000)
  eden space 87424K,   0% used [0x8ac00000, 0x8ac00000, 0x90160000)
  from space 21824K,   0% used [0x90160000, 0x90161800, 0x916b0000)
  to   space 21824K,   0% used [0x916b0000, 0x916b0000, 0x92c00000)
 concurrent mark-sweep generation total 393216K, used 12648K [0x92c00000, 0xaac00000, 0xaac00000)
 concurrent-mark-sweep perm gen total 35404K, used 22529K [0xaac00000, 0xace93000, 0xb2c00000)
}
2015-02-20T15:53:44.235-0600: 1952.690: Total time for which application threads were stopped: 0.0213210 seconds
{Heap before GC invocations=303 (full 1):
 par new generation   total 109248K, used 87430K [0x8ac00000, 0x92c00000, 0x92c00000)
  eden space 87424K, 100% used [0x8ac00000, 0x90160000, 0x90160000)
  from space 21824K,   0% used [0x90160000, 0x90161800, 0x916b0000)
  to   space 21824K,   0% used [0x916b0000, 0x916b0000, 0x92c00000)
 concurrent mark-sweep generation total 393216K, used 12648K [0x92c00000, 0xaac00000, 0xaac00000)
 concurrent-mark-sweep perm gen total 35404K, used 22529K [0xaac00000, 0xace93000, 0xb2c00000)
2015-02-20T15:53:45.902-0600: 1954.357: [GC2015-02-20T15:53:45.902-0600: 1954.357: [ParNew
Desired survivor size 20112996 bytes, new threshold 8 (max 8)
- age   1:        848 bytes,        848 total
- age   2:        456 bytes,       1304 total
- age   3:        352 bytes,       1656 total
- age   4:        176 bytes,       1832 total
- age   5:        328 bytes,       2160 total
- age   6:        312 bytes,       2472 total
- age   7:        216 bytes,       2688 total
- age   8:        328 bytes,       3016 total
: 87430K->8K(109248K), 0.0085870 secs] 100078K->12656K(502464K), 0.0087840 secs] [Times: user=0.01 sys=0.00, real=0.01 secs] 
Heap after GC invocations=304 (full 1):
 par new generation   total 109248K, used 8K [0x8ac00000, 0x92c00000, 0x92c00000)
  eden space 87424K,   0% used [0x8ac00000, 0x8ac00000, 0x90160000)
  from space 21824K,   0% used [0x916b0000, 0x916b2000, 0x92c00000)
  to   space 21824K,   0% used [0x90160000, 0x90160000, 0x916b0000)
 concurrent mark-sweep generation total 393216K, used 12648K [0x92c00000, 0xaac00000, 0xaac00000)
 concurrent-mark-sweep perm gen total 35404K, used 22529K [0xaac00000, 0xace93000, 0xb2c00000)
}
2015-02-20T15:53:45.911-0600: 1954.366: Total time for which application threads were stopped: 0.0117240 seconds
{Heap before GC invocations=304 (full 1):
 par new generation   total 109248K, used 87432K [0x8ac00000, 0x92c00000, 0x92c00000)
  eden space 87424K, 100% used [0x8ac00000, 0x90160000, 0x90160000)
  from space 21824K,   0% used [0x916b0000, 0x916b2000, 0x92c00000)
  to   space 21824K,   0% used [0x90160000, 0x90160000, 0x916b0000)
 concurrent mark-sweep generation total 393216K, used 12648K [0x92c00000, 0xaac00000, 0xaac00000)
 concurrent-mark-sweep perm gen total 35404K, used 22529K [0xaac00000, 0xace93000, 0xb2c00000)
2015-02-20T15:53:47.517-0600: 1955.973: [GC2015-02-20T15:53:47.518-0600: 1955.973: [ParNew
Desired survivor size 20112996 bytes, new threshold 8 (max 8)
- age   1:        928 bytes,        928 total
- age   2:        200 bytes,       1128 total
- age   3:        328 bytes,       1456 total
- age   4:        352 bytes,       1808 total
- age   5:        176 bytes,       1984 total
- age   6:        328 bytes,       2312 total
- age   7:        312 bytes,       2624 total
- age   8:        216 bytes,       2840 total
: 87432K->6K(109248K), 0.0082270 secs] 100080K->12654K(502464K), 0.0084440 secs] [Times: user=0.01 sys=0.00, real=0.00 secs] 
Heap after GC invocations=305 (full 1):
 par new generation   total 109248K, used 6K [0x8ac00000, 0x92c00000, 0x92c00000)
  eden space 87424K,   0% used [0x8ac00000, 0x8ac00000, 0x90160000)
  from space 21824K,   0% used [0x90160000, 0x90161800, 0x916b0000)
  to   space 21824K,   0% used [0x916b0000, 0x916b0000, 0x92c00000)
 concurrent mark-sweep generation total 393216K, used 12648K [0x92c00000, 0xaac00000, 0xaac00000)
 concurrent-mark-sweep perm gen total 35404K, used 22529K [0xaac00000, 0xace93000, 0xb2c00000)
}
2015-02-20T15:53:47.526-0600: 1955.981: Total time for which application threads were stopped: 0.0112460 seconds
{Heap before GC invocations=305 (full 1):
 par new generation   total 109248K, used 87430K [0x8ac00000, 0x92c00000, 0x92c00000)
  eden space 87424K, 100% used [0x8ac00000, 0x90160000, 0x90160000)
  from space 21824K,   0% used [0x90160000, 0x90161800, 0x916b0000)
  to   space 21824K,   0% used [0x916b0000, 0x916b0000, 0x92c00000)
 concurrent mark-sweep generation total 393216K, used 12648K [0x92c00000, 0xaac00000, 0xaac00000)
 concurrent-mark-sweep perm gen total 35404K, used 22529K [0xaac00000, 0xace93000, 0xb2c00000)
2015-02-20T15:53:49.265-0600: 1957.720: [GC2015-02-20T15:53:49.265-0600: 1957.720: [ParNew
Desired survivor size 20112996 bytes, new threshold 8 (max 8)
- age   1:       1200 bytes,       1200 total
- age   2:        328 bytes,       1528 total
- age   3:        200 bytes,       1728 total
- age   4:        328 bytes,       2056 total
- age   5:        352 bytes,       2408 total
- age   6:        176 bytes,       2584 total
- age   7:        328 bytes,       2912 total
- age   8:        312 bytes,       3224 total
: 87430K->10K(109248K), 0.0068160 secs] 100078K->12659K(502464K), 0.0070660 secs] [Times: user=0.01 sys=0.00, real=0.01 secs] 
Heap after GC invocations=306 (full 1):
 par new generation   total 109248K, used 10K [0x8ac00000, 0x92c00000, 0x92c00000)
  eden space 87424K,   0% used [0x8ac00000, 0x8ac00000, 0x90160000)
  from space 21824K,   0% used [0x916b0000, 0x916b2800, 0x92c00000)
  to   space 21824K,   0% used [0x90160000, 0x90160000, 0x916b0000)
 concurrent mark-sweep generation total 393216K, used 12649K [0x92c00000, 0xaac00000, 0xaac00000)
 concurrent-mark-sweep perm gen total 35404K, used 22529K [0xaac00000, 0xace93000, 0xb2c00000)
}
2015-02-20T15:53:49.272-0600: 1957.727: Total time for which application threads were stopped: 0.0097910 seconds
{Heap before GC invocations=306 (full 1):
 par new generation   total 109248K, used 87434K [0x8ac00000, 0x92c00000, 0x92c00000)
  eden space 87424K, 100% used [0x8ac00000, 0x90160000, 0x90160000)
  from space 21824K,   0% used [0x916b0000, 0x916b2800, 0x92c00000)
  to   space 21824K,   0% used [0x90160000, 0x90160000, 0x916b0000)
 concurrent mark-sweep generation total 393216K, used 12649K [0x92c00000, 0xaac00000, 0xaac00000)
 concurrent-mark-sweep perm gen total 35404K, used 22529K [0xaac00000, 0xace93000, 0xb2c00000)
2015-02-20T15:53:50.866-0600: 1959.321: [GC2015-02-20T15:53:50.867-0600: 1959.322: [ParNew
Desired survivor size 20112996 bytes, new threshold 8 (max 8)
- age   1:       1232 bytes,       1232 total
- age   2:        448 bytes,       1680 total
- age   3:        328 bytes,       2008 total
- age   4:        200 bytes,       2208 total
- age   5:        328 bytes,       2536 total
- age   6:        352 bytes,       2888 total
- age   7:        176 bytes,       3064 total
- age   8:        328 bytes,       3392 total
: 87434K->8K(109248K), 0.0068220 secs] 100083K->12657K(502464K), 0.0070680 secs] [Times: user=0.02 sys=0.00, real=0.01 secs] 
Heap after GC invocations=307 (full 1):
 par new generation   total 109248K, used 8K [0x8ac00000, 0x92c00000, 0x92c00000)
  eden space 87424K,   0% used [0x8ac00000, 0x8ac00000, 0x90160000)
  from space 21824K,   0% used [0x90160000, 0x90162000, 0x916b0000)
  to   space 21824K,   0% used [0x916b0000, 0x916b0000, 0x92c00000)
 concurrent mark-sweep generation total 393216K, used 12649K [0x92c00000, 0xaac00000, 0xaac00000)
 concurrent-mark-sweep perm gen total 35404K, used 22529K [0xaac00000, 0xace93000, 0xb2c00000)
}
2015-02-20T15:53:50.874-0600: 1959.329: Total time for which application threads were stopped: 0.0097340 seconds
{Heap before GC invocations=307 (full 1):
 par new generation   total 109248K, used 87432K [0x8ac00000, 0x92c00000, 0x92c00000)
  eden space 87424K, 100% used [0x8ac00000, 0x90160000, 0x90160000)
  from space 21824K,   0% used [0x90160000, 0x90162000, 0x916b0000)
  to   space 21824K,   0% used [0x916b0000, 0x916b0000, 0x92c00000)
 concurrent mark-sweep generation total 393216K, used 12649K [0x92c00000, 0xaac00000, 0xaac00000)
 concurrent-mark-sweep perm gen total 35404K, used 22529K [0xaac00000, 0xace93000, 0xb2c00000)
2015-02-20T15:53:52.446-0600: 1960.901: [GC2015-02-20T15:53:52.446-0600: 1960.901: [ParNew
Desired survivor size 20112996 bytes, new threshold 8 (max 8)
- age   1:       1160 bytes,       1160 total
- age   2:        128 bytes,       1288 total
- age   3:        424 bytes,       1712 total
- age   4:        328 bytes,       2040 total
- age   5:        200 bytes,       2240 total
- age   6:        328 bytes,       2568 total
- age   7:        352 bytes,       2920 total
- age   8:        176 bytes,       3096 total
: 87432K->6K(109248K), 0.0157480 secs] 100081K->12655K(502464K), 0.0159400 secs] [Times: user=0.04 sys=0.00, real=0.02 secs] 
Heap after GC invocations=308 (full 1):
 par new generation   total 109248K, used 6K [0x8ac00000, 0x92c00000, 0x92c00000)
  eden space 87424K,   0% used [0x8ac00000, 0x8ac00000, 0x90160000)
  from space 21824K,   0% used [0x916b0000, 0x916b1800, 0x92c00000)
  to   space 21824K,   0% used [0x90160000, 0x90160000, 0x916b0000)
 concurrent mark-sweep generation total 393216K, used 12649K [0x92c00000, 0xaac00000, 0xaac00000)
 concurrent-mark-sweep perm gen total 35404K, used 22529K [0xaac00000, 0xace93000, 0xb2c00000)
}
2015-02-20T15:53:52.462-0600: 1960.917: Total time for which application threads were stopped: 0.0186900 seconds
{Heap before GC invocations=308 (full 1):
 par new generation   total 109248K, used 87430K [0x8ac00000, 0x92c00000, 0x92c00000)
  eden space 87424K, 100% used [0x8ac00000, 0x90160000, 0x90160000)
  from space 21824K,   0% used [0x916b0000, 0x916b1800, 0x92c00000)
  to   space 21824K,   0% used [0x90160000, 0x90160000, 0x916b0000)
 concurrent mark-sweep generation total 393216K, used 12649K [0x92c00000, 0xaac00000, 0xaac00000)
 concurrent-mark-sweep perm gen total 35404K, used 22529K [0xaac00000, 0xace93000, 0xb2c00000)
2015-02-20T15:53:54.003-0600: 1962.458: [GC2015-02-20T15:53:54.003-0600: 1962.458: [ParNew
Desired survivor size 20112996 bytes, new threshold 8 (max 8)
- age   1:        896 bytes,        896 total
- age   2:        456 bytes,       1352 total
- age   3:        128 bytes,       1480 total
- age   4:        424 bytes,       1904 total
- age   5:        328 bytes,       2232 total
- age   6:        200 bytes,       2432 total
- age   7:        328 bytes,       2760 total
- age   8:        352 bytes,       3112 total
: 87430K->6K(109248K), 0.0135010 secs] 100079K->12655K(502464K), 0.0137130 secs] [Times: user=0.02 sys=0.01, real=0.01 secs] 
Heap after GC invocations=309 (full 1):
 par new generation   total 109248K, used 6K [0x8ac00000, 0x92c00000, 0x92c00000)
  eden space 87424K,   0% used [0x8ac00000, 0x8ac00000, 0x90160000)
  from space 21824K,   0% used [0x90160000, 0x90161800, 0x916b0000)
  to   space 21824K,   0% used [0x916b0000, 0x916b0000, 0x92c00000)
 concurrent mark-sweep generation total 393216K, used 12649K [0x92c00000, 0xaac00000, 0xaac00000)
 concurrent-mark-sweep perm gen total 35404K, used 22529K [0xaac00000, 0xace93000, 0xb2c00000)
}
2015-02-20T15:53:54.016-0600: 1962.472: Total time for which application threads were stopped: 0.0165960 seconds
{Heap before GC invocations=309 (full 1):
 par new generation   total 109248K, used 87430K [0x8ac00000, 0x92c00000, 0x92c00000)
  eden space 87424K, 100% used [0x8ac00000, 0x90160000, 0x90160000)
  from space 21824K,   0% used [0x90160000, 0x90161800, 0x916b0000)
  to   space 21824K,   0% used [0x916b0000, 0x916b0000, 0x92c00000)
 concurrent mark-sweep generation total 393216K, used 12649K [0x92c00000, 0xaac00000, 0xaac00000)
 concurrent-mark-sweep perm gen total 35404K, used 22529K [0xaac00000, 0xace93000, 0xb2c00000)
2015-02-20T15:53:55.679-0600: 1964.135: [GC2015-02-20T15:53:55.680-0600: 1964.135: [ParNew
Desired survivor size 20112996 bytes, new threshold 8 (max 8)
- age   1:       1104 bytes,       1104 total
- age   2:        200 bytes,       1304 total
- age   3:        328 bytes,       1632 total
- age   4:        128 bytes,       1760 total
- age   5:        424 bytes,       2184 total
- age   6:        328 bytes,       2512 total
- age   7:        200 bytes,       2712 total
- age   8:        328 bytes,       3040 total
: 87430K->6K(109248K), 0.0077650 secs] 100079K->12656K(502464K), 0.0080000 secs] [Times: user=0.01 sys=0.00, real=0.01 secs] 
Heap after GC invocations=310 (full 1):
 par new generation   total 109248K, used 6K [0x8ac00000, 0x92c00000, 0x92c00000)
  eden space 87424K,   0% used [0x8ac00000, 0x8ac00000, 0x90160000)
  from space 21824K,   0% used [0x916b0000, 0x916b1800, 0x92c00000)
  to   space 21824K,   0% used [0x90160000, 0x90160000, 0x916b0000)
 concurrent mark-sweep generation total 393216K, used 12650K [0x92c00000, 0xaac00000, 0xaac00000)
 concurrent-mark-sweep perm gen total 35404K, used 22529K [0xaac00000, 0xace93000, 0xb2c00000)
}
2015-02-20T15:53:55.688-0600: 1964.143: Total time for which application threads were stopped: 0.0108050 seconds
{Heap before GC invocations=310 (full 1):
 par new generation   total 109248K, used 87430K [0x8ac00000, 0x92c00000, 0x92c00000)
  eden space 87424K, 100% used [0x8ac00000, 0x90160000, 0x90160000)
  from space 21824K,   0% used [0x916b0000, 0x916b1800, 0x92c00000)
  to   space 21824K,   0% used [0x90160000, 0x90160000, 0x916b0000)
 concurrent mark-sweep generation total 393216K, used 12650K [0x92c00000, 0xaac00000, 0xaac00000)
 concurrent-mark-sweep perm gen total 35404K, used 22529K [0xaac00000, 0xace93000, 0xb2c00000)
2015-02-20T15:53:57.353-0600: 1965.808: [GC2015-02-20T15:53:57.353-0600: 1965.808: [ParNew
Desired survivor size 20112996 bytes, new threshold 8 (max 8)
- age   1:       1288 bytes,       1288 total
- age   2:        328 bytes,       1616 total
- age   3:        200 bytes,       1816 total
- age   4:        328 bytes,       2144 total
- age   5:        128 bytes,       2272 total
- age   6:        424 bytes,       2696 total
- age   7:        328 bytes,       3024 total
- age   8:        200 bytes,       3224 total
: 87430K->8K(109248K), 0.0119570 secs] 100080K->12658K(502464K), 0.0121390 secs] [Times: user=0.03 sys=0.00, real=0.01 secs] 
Heap after GC invocations=311 (full 1):
 par new generation   total 109248K, used 8K [0x8ac00000, 0x92c00000, 0x92c00000)
  eden space 87424K,   0% used [0x8ac00000, 0x8ac00000, 0x90160000)
  from space 21824K,   0% used [0x90160000, 0x90162000, 0x916b0000)
  to   space 21824K,   0% used [0x916b0000, 0x916b0000, 0x92c00000)
 concurrent mark-sweep generation total 393216K, used 12650K [0x92c00000, 0xaac00000, 0xaac00000)
 concurrent-mark-sweep perm gen total 35404K, used 22529K [0xaac00000, 0xace93000, 0xb2c00000)
}
2015-02-20T15:53:57.365-0600: 1965.820: Total time for which application threads were stopped: 0.0151350 seconds
{Heap before GC invocations=311 (full 1):
 par new generation   total 109248K, used 87432K [0x8ac00000, 0x92c00000, 0x92c00000)
  eden space 87424K, 100% used [0x8ac00000, 0x90160000, 0x90160000)
  from space 21824K,   0% used [0x90160000, 0x90162000, 0x916b0000)
  to   space 21824K,   0% used [0x916b0000, 0x916b0000, 0x92c00000)
 concurrent mark-sweep generation total 393216K, used 12650K [0x92c00000, 0xaac00000, 0xaac00000)
 concurrent-mark-sweep perm gen total 35404K, used 22529K [0xaac00000, 0xace93000, 0xb2c00000)
2015-02-20T15:53:59.036-0600: 1967.491: [GC2015-02-20T15:53:59.037-0600: 1967.492: [ParNew
Desired survivor size 20112996 bytes, new threshold 8 (max 8)
- age   1:        800 bytes,        800 total
- age   2:        360 bytes,       1160 total
- age   3:        328 bytes,       1488 total
- age   4:        200 bytes,       1688 total
- age   5:        328 bytes,       2016 total
- age   6:        128 bytes,       2144 total
- age   7:        424 bytes,       2568 total
- age   8:        328 bytes,       2896 total
: 87432K->8K(109248K), 0.0079200 secs] 100082K->12658K(502464K), 0.0081290 secs] [Times: user=0.02 sys=0.00, real=0.01 secs] 
Heap after GC invocations=312 (full 1):
 par new generation   total 109248K, used 8K [0x8ac00000, 0x92c00000, 0x92c00000)
  eden space 87424K,   0% used [0x8ac00000, 0x8ac00000, 0x90160000)
  from space 21824K,   0% used [0x916b0000, 0x916b2000, 0x92c00000)
  to   space 21824K,   0% used [0x90160000, 0x90160000, 0x916b0000)
 concurrent mark-sweep generation total 393216K, used 12650K [0x92c00000, 0xaac00000, 0xaac00000)
 concurrent-mark-sweep perm gen total 35404K, used 22529K [0xaac00000, 0xace93000, 0xb2c00000)
}
2015-02-20T15:53:59.045-0600: 1967.500: Total time for which application threads were stopped: 0.0108930 seconds
{Heap before GC invocations=312 (full 1):
 par new generation   total 109248K, used 87432K [0x8ac00000, 0x92c00000, 0x92c00000)
  eden space 87424K, 100% used [0x8ac00000, 0x90160000, 0x90160000)
  from space 21824K,   0% used [0x916b0000, 0x916b2000, 0x92c00000)
  to   space 21824K,   0% used [0x90160000, 0x90160000, 0x916b0000)
 concurrent mark-sweep generation total 393216K, used 12650K [0x92c00000, 0xaac00000, 0xaac00000)
 concurrent-mark-sweep perm gen total 35404K, used 22529K [0xaac00000, 0xace93000, 0xb2c00000)
2015-02-20T15:54:00.831-0600: 1969.286: [GC2015-02-20T15:54:00.831-0600: 1969.286: [ParNew
Desired survivor size 20112996 bytes, new threshold 8 (max 8)
- age   1:        800 bytes,        800 total
- age   2:        352 bytes,       1152 total
- age   3:        360 bytes,       1512 total
- age   4:        328 bytes,       1840 total
- age   5:        200 bytes,       2040 total
- age   6:        328 bytes,       2368 total
- age   7:        128 bytes,       2496 total
- age   8:        424 bytes,       2920 total
: 87432K->8K(109248K), 0.0071070 secs] 100082K->12659K(502464K), 0.0073190 secs] [Times: user=0.01 sys=0.00, real=0.01 secs] 
Heap after GC invocations=313 (full 1):
 par new generation   total 109248K, used 8K [0x8ac00000, 0x92c00000, 0x92c00000)
  eden space 87424K,   0% used [0x8ac00000, 0x8ac00000, 0x90160000)
  from space 21824K,   0% used [0x90160000, 0x90162000, 0x916b0000)
  to   space 21824K,   0% used [0x916b0000, 0x916b0000, 0x92c00000)
 concurrent mark-sweep generation total 393216K, used 12651K [0x92c00000, 0xaac00000, 0xaac00000)
 concurrent-mark-sweep perm gen total 35404K, used 22529K [0xaac00000, 0xace93000, 0xb2c00000)
}
2015-02-20T15:54:00.838-0600: 1969.293: Total time for which application threads were stopped: 0.0099910 seconds
{Heap before GC invocations=313 (full 1):
 par new generation   total 109248K, used 87432K [0x8ac00000, 0x92c00000, 0x92c00000)
  eden space 87424K, 100% used [0x8ac00000, 0x90160000, 0x90160000)
  from space 21824K,   0% used [0x90160000, 0x90162000, 0x916b0000)
  to   space 21824K,   0% used [0x916b0000, 0x916b0000, 0x92c00000)
 concurrent mark-sweep generation total 393216K, used 12651K [0x92c00000, 0xaac00000, 0xaac00000)
 concurrent-mark-sweep perm gen total 35404K, used 22529K [0xaac00000, 0xace93000, 0xb2c00000)
2015-02-20T15:54:02.430-0600: 1970.886: [GC2015-02-20T15:54:02.431-0600: 1970.886: [ParNew
Desired survivor size 20112996 bytes, new threshold 8 (max 8)
- age   1:       1152 bytes,       1152 total
- age   2:        152 bytes,       1304 total
- age   3:        328 bytes,       1632 total
- age   4:        360 bytes,       1992 total
- age   5:        328 bytes,       2320 total
- age   6:        200 bytes,       2520 total
- age   7:        328 bytes,       2848 total
- age   8:        128 bytes,       2976 total
: 87432K->8K(109248K), 0.0070290 secs] 100083K->12659K(502464K), 0.0072510 secs] [Times: user=0.01 sys=0.00, real=0.01 secs] 
Heap after GC invocations=314 (full 1):
 par new generation   total 109248K, used 8K [0x8ac00000, 0x92c00000, 0x92c00000)
  eden space 87424K,   0% used [0x8ac00000, 0x8ac00000, 0x90160000)
  from space 21824K,   0% used [0x916b0000, 0x916b2000, 0x92c00000)
  to   space 21824K,   0% used [0x90160000, 0x90160000, 0x916b0000)
 concurrent mark-sweep generation total 393216K, used 12651K [0x92c00000, 0xaac00000, 0xaac00000)
 concurrent-mark-sweep perm gen total 35404K, used 22529K [0xaac00000, 0xace93000, 0xb2c00000)
}
2015-02-20T15:54:02.438-0600: 1970.893: Total time for which application threads were stopped: 0.0099060 seconds
{Heap before GC invocations=314 (full 1):
 par new generation   total 109248K, used 87432K [0x8ac00000, 0x92c00000, 0x92c00000)
  eden space 87424K, 100% used [0x8ac00000, 0x90160000, 0x90160000)
  from space 21824K,   0% used [0x916b0000, 0x916b2000, 0x92c00000)
  to   space 21824K,   0% used [0x90160000, 0x90160000, 0x916b0000)
 concurrent mark-sweep generation total 393216K, used 12651K [0x92c00000, 0xaac00000, 0xaac00000)
 concurrent-mark-sweep perm gen total 35404K, used 22529K [0xaac00000, 0xace93000, 0xb2c00000)
2015-02-20T15:54:04.003-0600: 1972.458: [GC2015-02-20T15:54:04.003-0600: 1972.458: [ParNew
Desired survivor size 20112996 bytes, new threshold 8 (max 8)
- age   1:        848 bytes,        848 total
- age   2:        504 bytes,       1352 total
- age   3:        152 bytes,       1504 total
- age   4:        328 bytes,       1832 total
- age   5:        360 bytes,       2192 total
- age   6:        328 bytes,       2520 total
- age   7:        200 bytes,       2720 total
- age   8:        328 bytes,       3048 total
: 87432K->10K(109248K), 0.0058500 secs] 100083K->12661K(502464K), 0.0060820 secs] [Times: user=0.01 sys=0.00, real=0.01 secs] 
Heap after GC invocations=315 (full 1):
 par new generation   total 109248K, used 10K [0x8ac00000, 0x92c00000, 0x92c00000)
  eden space 87424K,   0% used [0x8ac00000, 0x8ac00000, 0x90160000)
  from space 21824K,   0% used [0x90160000, 0x90162800, 0x916b0000)
  to   space 21824K,   0% used [0x916b0000, 0x916b0000, 0x92c00000)
 concurrent mark-sweep generation total 393216K, used 12651K [0x92c00000, 0xaac00000, 0xaac00000)
 concurrent-mark-sweep perm gen total 35404K, used 22529K [0xaac00000, 0xace93000, 0xb2c00000)
}
2015-02-20T15:54:04.009-0600: 1972.464: Total time for which application threads were stopped: 0.0088300 seconds
{Heap before GC invocations=315 (full 1):
 par new generation   total 109248K, used 87434K [0x8ac00000, 0x92c00000, 0x92c00000)
  eden space 87424K, 100% used [0x8ac00000, 0x90160000, 0x90160000)
  from space 21824K,   0% used [0x90160000, 0x90162800, 0x916b0000)
  to   space 21824K,   0% used [0x916b0000, 0x916b0000, 0x92c00000)
 concurrent mark-sweep generation total 393216K, used 12651K [0x92c00000, 0xaac00000, 0xaac00000)
 concurrent-mark-sweep perm gen total 35404K, used 22529K [0xaac00000, 0xace93000, 0xb2c00000)
2015-02-20T15:54:05.678-0600: 1974.133: [GC2015-02-20T15:54:05.678-0600: 1974.133: [ParNew
Desired survivor size 20112996 bytes, new threshold 8 (max 8)
- age   1:       1272 bytes,       1272 total
- age   2:        200 bytes,       1472 total
- age   3:        376 bytes,       1848 total
- age   4:        152 bytes,       2000 total
- age   5:        328 bytes,       2328 total
- age   6:        360 bytes,       2688 total
- age   7:        328 bytes,       3016 total
- age   8:        200 bytes,       3216 total
: 87434K->6K(109248K), 0.0075970 secs] 100085K->12657K(502464K), 0.0078670 secs] [Times: user=0.01 sys=0.00, real=0.00 secs] 
Heap after GC invocations=316 (full 1):
 par new generation   total 109248K, used 6K [0x8ac00000, 0x92c00000, 0x92c00000)
  eden space 87424K,   0% used [0x8ac00000, 0x8ac00000, 0x90160000)
  from space 21824K,   0% used [0x916b0000, 0x916b1800, 0x92c00000)
  to   space 21824K,   0% used [0x90160000, 0x90160000, 0x916b0000)
 concurrent mark-sweep generation total 393216K, used 12651K [0x92c00000, 0xaac00000, 0xaac00000)
 concurrent-mark-sweep perm gen total 35404K, used 22529K [0xaac00000, 0xace93000, 0xb2c00000)
}
2015-02-20T15:54:05.686-0600: 1974.141: Total time for which application threads were stopped: 0.0107170 seconds
{Heap before GC invocations=316 (full 1):
 par new generation   total 109248K, used 87430K [0x8ac00000, 0x92c00000, 0x92c00000)
  eden space 87424K, 100% used [0x8ac00000, 0x90160000, 0x90160000)
  from space 21824K,   0% used [0x916b0000, 0x916b1800, 0x92c00000)
  to   space 21824K,   0% used [0x90160000, 0x90160000, 0x916b0000)
 concurrent mark-sweep generation total 393216K, used 12651K [0x92c00000, 0xaac00000, 0xaac00000)
 concurrent-mark-sweep perm gen total 35404K, used 22529K [0xaac00000, 0xace93000, 0xb2c00000)
2015-02-20T15:54:07.272-0600: 1975.727: [GC2015-02-20T15:54:07.272-0600: 1975.728: [ParNew
Desired survivor size 20112996 bytes, new threshold 8 (max 8)
- age   1:        800 bytes,        800 total
- age   2:        424 bytes,       1224 total
- age   3:        200 bytes,       1424 total
- age   4:        376 bytes,       1800 total
- age   5:        152 bytes,       1952 total
- age   6:        328 bytes,       2280 total
- age   7:        360 bytes,       2640 total
- age   8:        328 bytes,       2968 total
: 87430K->8K(109248K), 0.0087990 secs] 100081K->12660K(502464K), 0.0090230 secs] [Times: user=0.02 sys=0.00, real=0.01 secs] 
Heap after GC invocations=317 (full 1):
 par new generation   total 109248K, used 8K [0x8ac00000, 0x92c00000, 0x92c00000)
  eden space 87424K,   0% used [0x8ac00000, 0x8ac00000, 0x90160000)
  from space 21824K,   0% used [0x90160000, 0x90162000, 0x916b0000)
  to   space 21824K,   0% used [0x916b0000, 0x916b0000, 0x92c00000)
 concurrent mark-sweep generation total 393216K, used 12652K [0x92c00000, 0xaac00000, 0xaac00000)
 concurrent-mark-sweep perm gen total 35404K, used 22529K [0xaac00000, 0xace93000, 0xb2c00000)
}
2015-02-20T15:54:07.281-0600: 1975.737: Total time for which application threads were stopped: 0.0117670 seconds
{Heap before GC invocations=317 (full 1):
 par new generation   total 109248K, used 87432K [0x8ac00000, 0x92c00000, 0x92c00000)
  eden space 87424K, 100% used [0x8ac00000, 0x90160000, 0x90160000)
  from space 21824K,   0% used [0x90160000, 0x90162000, 0x916b0000)
  to   space 21824K,   0% used [0x916b0000, 0x916b0000, 0x92c00000)
 concurrent mark-sweep generation total 393216K, used 12652K [0x92c00000, 0xaac00000, 0xaac00000)
 concurrent-mark-sweep perm gen total 35404K, used 22529K [0xaac00000, 0xace93000, 0xb2c00000)
2015-02-20T15:54:08.831-0600: 1977.286: [GC2015-02-20T15:54:08.831-0600: 1977.286: [ParNew
Desired survivor size 20112996 bytes, new threshold 8 (max 8)
- age   1:        880 bytes,        880 total
- age   2:        352 bytes,       1232 total
- age   3:        424 bytes,       1656 total
- age   4:        200 bytes,       1856 total
- age   5:        376 bytes,       2232 total
- age   6:        152 bytes,       2384 total
- age   7:        328 bytes,       2712 total
- age   8:        360 bytes,       3072 total
: 87432K->10K(109248K), 0.0139720 secs] 100084K->12662K(502464K), 0.0142050 secs] [Times: user=0.03 sys=0.00, real=0.01 secs] 
Heap after GC invocations=318 (full 1):
 par new generation   total 109248K, used 10K [0x8ac00000, 0x92c00000, 0x92c00000)
  eden space 87424K,   0% used [0x8ac00000, 0x8ac00000, 0x90160000)
  from space 21824K,   0% used [0x916b0000, 0x916b2800, 0x92c00000)
  to   space 21824K,   0% used [0x90160000, 0x90160000, 0x916b0000)
 concurrent mark-sweep generation total 393216K, used 12652K [0x92c00000, 0xaac00000, 0xaac00000)
 concurrent-mark-sweep perm gen total 35404K, used 22529K [0xaac00000, 0xace93000, 0xb2c00000)
}
2015-02-20T15:54:08.845-0600: 1977.300: Total time for which application threads were stopped: 0.0172160 seconds
{Heap before GC invocations=318 (full 1):
 par new generation   total 109248K, used 87434K [0x8ac00000, 0x92c00000, 0x92c00000)
  eden space 87424K, 100% used [0x8ac00000, 0x90160000, 0x90160000)
  from space 21824K,   0% used [0x916b0000, 0x916b2800, 0x92c00000)
  to   space 21824K,   0% used [0x90160000, 0x90160000, 0x916b0000)
 concurrent mark-sweep generation total 393216K, used 12652K [0x92c00000, 0xaac00000, 0xaac00000)
 concurrent-mark-sweep perm gen total 35404K, used 22529K [0xaac00000, 0xace93000, 0xb2c00000)
2015-02-20T15:54:10.400-0600: 1978.855: [GC2015-02-20T15:54:10.400-0600: 1978.855: [ParNew
Desired survivor size 20112996 bytes, new threshold 8 (max 8)
- age   1:       1104 bytes,       1104 total
- age   2:        128 bytes,       1232 total
- age   3:        328 bytes,       1560 total
- age   4:        424 bytes,       1984 total
- age   5:        200 bytes,       2184 total
- age   6:        376 bytes,       2560 total
- age   7:        152 bytes,       2712 total
- age   8:        328 bytes,       3040 total
: 87434K->8K(109248K), 0.0113750 secs] 100086K->12660K(502464K), 0.0115900 secs] [Times: user=0.02 sys=0.00, real=0.01 secs] 
Heap after GC invocations=319 (full 1):
 par new generation   total 109248K, used 8K [0x8ac00000, 0x92c00000, 0x92c00000)
  eden space 87424K,   0% used [0x8ac00000, 0x8ac00000, 0x90160000)
  from space 21824K,   0% used [0x90160000, 0x90162000, 0x916b0000)
  to   space 21824K,   0% used [0x916b0000, 0x916b0000, 0x92c00000)
 concurrent mark-sweep generation total 393216K, used 12652K [0x92c00000, 0xaac00000, 0xaac00000)
 concurrent-mark-sweep perm gen total 35404K, used 22529K [0xaac00000, 0xace93000, 0xb2c00000)
}
2015-02-20T15:54:10.412-0600: 1978.867: Total time for which application threads were stopped: 0.0143350 seconds
{Heap before GC invocations=319 (full 1):
 par new generation   total 109248K, used 87432K [0x8ac00000, 0x92c00000, 0x92c00000)
  eden space 87424K, 100% used [0x8ac00000, 0x90160000, 0x90160000)
  from space 21824K,   0% used [0x90160000, 0x90162000, 0x916b0000)
  to   space 21824K,   0% used [0x916b0000, 0x916b0000, 0x92c00000)
 concurrent mark-sweep generation total 393216K, used 12652K [0x92c00000, 0xaac00000, 0xaac00000)
 concurrent-mark-sweep perm gen total 35404K, used 22529K [0xaac00000, 0xace93000, 0xb2c00000)
2015-02-20T15:54:11.951-0600: 1980.406: [GC2015-02-20T15:54:11.951-0600: 1980.406: [ParNew
Desired survivor size 20112996 bytes, new threshold 8 (max 8)
- age   1:        744 bytes,        744 total
- age   2:        456 bytes,       1200 total
- age   3:        128 bytes,       1328 total
- age   4:        328 bytes,       1656 total
- age   5:        424 bytes,       2080 total
- age   6:        200 bytes,       2280 total
- age   7:        376 bytes,       2656 total
- age   8:        152 bytes,       2808 total
: 87432K->8K(109248K), 0.0054880 secs] 100084K->12661K(502464K), 0.0056980 secs] [Times: user=0.01 sys=0.00, real=0.00 secs] 
Heap after GC invocations=320 (full 1):
 par new generation   total 109248K, used 8K [0x8ac00000, 0x92c00000, 0x92c00000)
  eden space 87424K,   0% used [0x8ac00000, 0x8ac00000, 0x90160000)
  from space 21824K,   0% used [0x916b0000, 0x916b2000, 0x92c00000)
  to   space 21824K,   0% used [0x90160000, 0x90160000, 0x916b0000)
 concurrent mark-sweep generation total 393216K, used 12653K [0x92c00000, 0xaac00000, 0xaac00000)
 concurrent-mark-sweep perm gen total 35404K, used 22529K [0xaac00000, 0xace93000, 0xb2c00000)
}
2015-02-20T15:54:11.957-0600: 1980.412: Total time for which application threads were stopped: 0.0085170 seconds
{Heap before GC invocations=320 (full 1):
 par new generation   total 109248K, used 87432K [0x8ac00000, 0x92c00000, 0x92c00000)
  eden space 87424K, 100% used [0x8ac00000, 0x90160000, 0x90160000)
  from space 21824K,   0% used [0x916b0000, 0x916b2000, 0x92c00000)
  to   space 21824K,   0% used [0x90160000, 0x90160000, 0x916b0000)
 concurrent mark-sweep generation total 393216K, used 12653K [0x92c00000, 0xaac00000, 0xaac00000)
 concurrent-mark-sweep perm gen total 35404K, used 22529K [0xaac00000, 0xace93000, 0xb2c00000)
2015-02-20T15:54:13.403-0600: 1981.858: [GC2015-02-20T15:54:13.403-0600: 1981.858: [ParNew
Desired survivor size 20112996 bytes, new threshold 8 (max 8)
- age   1:       1168 bytes,       1168 total
- age   2:        200 bytes,       1368 total
- age   3:        328 bytes,       1696 total
- age   4:        128 bytes,       1824 total
- age   5:        328 bytes,       2152 total
- age   6:        424 bytes,       2576 total
- age   7:        200 bytes,       2776 total
- age   8:        376 bytes,       3152 total
: 87432K->8K(109248K), 0.0078060 secs] 100085K->12661K(502464K), 0.0080410 secs] [Times: user=0.01 sys=0.00, real=0.01 secs] 
Heap after GC invocations=321 (full 1):
 par new generation   total 109248K, used 8K [0x8ac00000, 0x92c00000, 0x92c00000)
  eden space 87424K,   0% used [0x8ac00000, 0x8ac00000, 0x90160000)
  from space 21824K,   0% used [0x90160000, 0x90162000, 0x916b0000)
  to   space 21824K,   0% used [0x916b0000, 0x916b0000, 0x92c00000)
 concurrent mark-sweep generation total 393216K, used 12653K [0x92c00000, 0xaac00000, 0xaac00000)
 concurrent-mark-sweep perm gen total 35404K, used 22529K [0xaac00000, 0xace93000, 0xb2c00000)
}
2015-02-20T15:54:13.411-0600: 1981.866: Total time for which application threads were stopped: 0.0108730 seconds
{Heap before GC invocations=321 (full 1):
 par new generation   total 109248K, used 87432K [0x8ac00000, 0x92c00000, 0x92c00000)
  eden space 87424K, 100% used [0x8ac00000, 0x90160000, 0x90160000)
  from space 21824K,   0% used [0x90160000, 0x90162000, 0x916b0000)
  to   space 21824K,   0% used [0x916b0000, 0x916b0000, 0x92c00000)
 concurrent mark-sweep generation total 393216K, used 12653K [0x92c00000, 0xaac00000, 0xaac00000)
 concurrent-mark-sweep perm gen total 35404K, used 22529K [0xaac00000, 0xace93000, 0xb2c00000)
2015-02-20T15:54:14.892-0600: 1983.347: [GC2015-02-20T15:54:14.892-0600: 1983.347: [ParNew
Desired survivor size 20112996 bytes, new threshold 8 (max 8)
- age   1:        968 bytes,        968 total
- age   2:        416 bytes,       1384 total
- age   3:        200 bytes,       1584 total
- age   4:        328 bytes,       1912 total
- age   5:        128 bytes,       2040 total
- age   6:        328 bytes,       2368 total
- age   7:        424 bytes,       2792 total
- age   8:        200 bytes,       2992 total
: 87432K->8K(109248K), 0.0058660 secs] 100085K->12661K(502464K), 0.0060710 secs] [Times: user=0.01 sys=0.00, real=0.01 secs] 
Heap after GC invocations=322 (full 1):
 par new generation   total 109248K, used 8K [0x8ac00000, 0x92c00000, 0x92c00000)
  eden space 87424K,   0% used [0x8ac00000, 0x8ac00000, 0x90160000)
  from space 21824K,   0% used [0x916b0000, 0x916b2000, 0x92c00000)
  to   space 21824K,   0% used [0x90160000, 0x90160000, 0x916b0000)
 concurrent mark-sweep generation total 393216K, used 12653K [0x92c00000, 0xaac00000, 0xaac00000)
 concurrent-mark-sweep perm gen total 35404K, used 22529K [0xaac00000, 0xace93000, 0xb2c00000)
}
2015-02-20T15:54:14.899-0600: 1983.354: Total time for which application threads were stopped: 0.0088970 seconds
{Heap before GC invocations=322 (full 1):
 par new generation   total 109248K, used 87432K [0x8ac00000, 0x92c00000, 0x92c00000)
  eden space 87424K, 100% used [0x8ac00000, 0x90160000, 0x90160000)
  from space 21824K,   0% used [0x916b0000, 0x916b2000, 0x92c00000)
  to   space 21824K,   0% used [0x90160000, 0x90160000, 0x916b0000)
 concurrent mark-sweep generation total 393216K, used 12653K [0x92c00000, 0xaac00000, 0xaac00000)
 concurrent-mark-sweep perm gen total 35404K, used 22529K [0xaac00000, 0xace93000, 0xb2c00000)
2015-02-20T15:54:16.430-0600: 1984.885: [GC2015-02-20T15:54:16.430-0600: 1984.886: [ParNew
Desired survivor size 20112996 bytes, new threshold 8 (max 8)
- age   1:       1256 bytes,       1256 total
- age   2:        160 bytes,       1416 total
- age   3:        392 bytes,       1808 total
- age   4:        200 bytes,       2008 total
- age   5:        328 bytes,       2336 total
- age   6:        128 bytes,       2464 total
- age   7:        328 bytes,       2792 total
- age   8:        424 bytes,       3216 total
: 87432K->10K(109248K), 0.0077060 secs] 100085K->12663K(502464K), 0.0079840 secs] [Times: user=0.01 sys=0.00, real=0.01 secs] 
Heap after GC invocations=323 (full 1):
 par new generation   total 109248K, used 10K [0x8ac00000, 0x92c00000, 0x92c00000)
  eden space 87424K,   0% used [0x8ac00000, 0x8ac00000, 0x90160000)
  from space 21824K,   0% used [0x90160000, 0x90162800, 0x916b0000)
  to   space 21824K,   0% used [0x916b0000, 0x916b0000, 0x92c00000)
 concurrent mark-sweep generation total 393216K, used 12653K [0x92c00000, 0xaac00000, 0xaac00000)
 concurrent-mark-sweep perm gen total 35404K, used 22529K [0xaac00000, 0xace93000, 0xb2c00000)
}
2015-02-20T15:54:16.438-0600: 1984.893: Total time for which application threads were stopped: 0.0109480 seconds
{Heap before GC invocations=323 (full 1):
 par new generation   total 109248K, used 87434K [0x8ac00000, 0x92c00000, 0x92c00000)
  eden space 87424K, 100% used [0x8ac00000, 0x90160000, 0x90160000)
  from space 21824K,   0% used [0x90160000, 0x90162800, 0x916b0000)
  to   space 21824K,   0% used [0x916b0000, 0x916b0000, 0x92c00000)
 concurrent mark-sweep generation total 393216K, used 12653K [0x92c00000, 0xaac00000, 0xaac00000)
 concurrent-mark-sweep perm gen total 35404K, used 22529K [0xaac00000, 0xace93000, 0xb2c00000)
2015-02-20T15:54:17.886-0600: 1986.341: [GC2015-02-20T15:54:17.886-0600: 1986.341: [ParNew
Desired survivor size 20112996 bytes, new threshold 8 (max 8)
- age   1:        672 bytes,        672 total
- age   2:        456 bytes,       1128 total
- age   3:        160 bytes,       1288 total
- age   4:        392 bytes,       1680 total
- age   5:        200 bytes,       1880 total
- age   6:        328 bytes,       2208 total
- age   7:        128 bytes,       2336 total
- age   8:        328 bytes,       2664 total
: 87434K->4K(109248K), 0.0150810 secs] 100087K->12658K(502464K), 0.0152760 secs] [Times: user=0.03 sys=0.00, real=0.02 secs] 
Heap after GC invocations=324 (full 1):
 par new generation   total 109248K, used 4K [0x8ac00000, 0x92c00000, 0x92c00000)
  eden space 87424K,   0% used [0x8ac00000, 0x8ac00000, 0x90160000)
  from space 21824K,   0% used [0x916b0000, 0x916b1000, 0x92c00000)
  to   space 21824K,   0% used [0x90160000, 0x90160000, 0x916b0000)
 concurrent mark-sweep generation total 393216K, used 12654K [0x92c00000, 0xaac00000, 0xaac00000)
 concurrent-mark-sweep perm gen total 35404K, used 22529K [0xaac00000, 0xace93000, 0xb2c00000)
}
2015-02-20T15:54:17.901-0600: 1986.356: Total time for which application threads were stopped: 0.0181340 seconds
{Heap before GC invocations=324 (full 1):
 par new generation   total 109248K, used 87428K [0x8ac00000, 0x92c00000, 0x92c00000)
  eden space 87424K, 100% used [0x8ac00000, 0x90160000, 0x90160000)
  from space 21824K,   0% used [0x916b0000, 0x916b1000, 0x92c00000)
  to   space 21824K,   0% used [0x90160000, 0x90160000, 0x916b0000)
 concurrent mark-sweep generation total 393216K, used 12654K [0x92c00000, 0xaac00000, 0xaac00000)
 concurrent-mark-sweep perm gen total 35404K, used 22529K [0xaac00000, 0xace93000, 0xb2c00000)
2015-02-20T15:54:19.613-0600: 1988.068: [GC2015-02-20T15:54:19.613-0600: 1988.068: [ParNew
Desired survivor size 20112996 bytes, new threshold 8 (max 8)
- age   1:        960 bytes,        960 total
- age   2:        200 bytes,       1160 total
- age   3:        328 bytes,       1488 total
- age   4:        160 bytes,       1648 total
- age   5:        392 bytes,       2040 total
- age   6:        200 bytes,       2240 total
- age   7:        328 bytes,       2568 total
- age   8:        128 bytes,       2696 total
: 87428K->6K(109248K), 0.0080020 secs] 100082K->12660K(502464K), 0.0082290 secs] [Times: user=0.02 sys=0.00, real=0.01 secs] 
Heap after GC invocations=325 (full 1):
 par new generation   total 109248K, used 6K [0x8ac00000, 0x92c00000, 0x92c00000)
  eden space 87424K,   0% used [0x8ac00000, 0x8ac00000, 0x90160000)
  from space 21824K,   0% used [0x90160000, 0x90161800, 0x916b0000)
  to   space 21824K,   0% used [0x916b0000, 0x916b0000, 0x92c00000)
 concurrent mark-sweep generation total 393216K, used 12654K [0x92c00000, 0xaac00000, 0xaac00000)
 concurrent-mark-sweep perm gen total 35404K, used 22529K [0xaac00000, 0xace93000, 0xb2c00000)
}
2015-02-20T15:54:19.622-0600: 1988.077: Total time for which application threads were stopped: 0.0109110 seconds
{Heap before GC invocations=325 (full 1):
 par new generation   total 109248K, used 87430K [0x8ac00000, 0x92c00000, 0x92c00000)
  eden space 87424K, 100% used [0x8ac00000, 0x90160000, 0x90160000)
  from space 21824K,   0% used [0x90160000, 0x90161800, 0x916b0000)
  to   space 21824K,   0% used [0x916b0000, 0x916b0000, 0x92c00000)
 concurrent mark-sweep generation total 393216K, used 12654K [0x92c00000, 0xaac00000, 0xaac00000)
 concurrent-mark-sweep perm gen total 35404K, used 22529K [0xaac00000, 0xace93000, 0xb2c00000)
2015-02-20T15:54:21.325-0600: 1989.780: [GC2015-02-20T15:54:21.325-0600: 1989.780: [ParNew
Desired survivor size 20112996 bytes, new threshold 8 (max 8)
- age   1:       1136 bytes,       1136 total
- age   2:        328 bytes,       1464 total
- age   3:        200 bytes,       1664 total
- age   4:        328 bytes,       1992 total
- age   5:        160 bytes,       2152 total
- age   6:        392 bytes,       2544 total
- age   7:        200 bytes,       2744 total
- age   8:        328 bytes,       3072 total
: 87430K->10K(109248K), 0.0070200 secs] 100084K->12664K(502464K), 0.0072460 secs] [Times: user=0.01 sys=0.00, real=0.01 secs] 
Heap after GC invocations=326 (full 1):
 par new generation   total 109248K, used 10K [0x8ac00000, 0x92c00000, 0x92c00000)
  eden space 87424K,   0% used [0x8ac00000, 0x8ac00000, 0x90160000)
  from space 21824K,   0% used [0x916b0000, 0x916b2800, 0x92c00000)
  to   space 21824K,   0% used [0x90160000, 0x90160000, 0x916b0000)
 concurrent mark-sweep generation total 393216K, used 12654K [0x92c00000, 0xaac00000, 0xaac00000)
 concurrent-mark-sweep perm gen total 35404K, used 22529K [0xaac00000, 0xace93000, 0xb2c00000)
}
2015-02-20T15:54:21.332-0600: 1989.787: Total time for which application threads were stopped: 0.0100490 seconds
{Heap before GC invocations=326 (full 1):
 par new generation   total 109248K, used 87434K [0x8ac00000, 0x92c00000, 0x92c00000)
  eden space 87424K, 100% used [0x8ac00000, 0x90160000, 0x90160000)
  from space 21824K,   0% used [0x916b0000, 0x916b2800, 0x92c00000)
  to   space 21824K,   0% used [0x90160000, 0x90160000, 0x916b0000)
 concurrent mark-sweep generation total 393216K, used 12654K [0x92c00000, 0xaac00000, 0xaac00000)
 concurrent-mark-sweep perm gen total 35404K, used 22529K [0xaac00000, 0xace93000, 0xb2c00000)
2015-02-20T15:54:22.983-0600: 1991.438: [GC2015-02-20T15:54:22.983-0600: 1991.438: [ParNew
Desired survivor size 20112996 bytes, new threshold 8 (max 8)
- age   1:        936 bytes,        936 total
- age   2:        376 bytes,       1312 total
- age   3:        328 bytes,       1640 total
- age   4:        200 bytes,       1840 total
- age   5:        328 bytes,       2168 total
- age   6:        160 bytes,       2328 total
- age   7:        392 bytes,       2720 total
- age   8:        200 bytes,       2920 total
: 87434K->6K(109248K), 0.0080900 secs] 100088K->12660K(502464K), 0.0083330 secs] [Times: user=0.01 sys=0.00, real=0.01 secs] 
Heap after GC invocations=327 (full 1):
 par new generation   total 109248K, used 6K [0x8ac00000, 0x92c00000, 0x92c00000)
  eden space 87424K,   0% used [0x8ac00000, 0x8ac00000, 0x90160000)
  from space 21824K,   0% used [0x90160000, 0x90161800, 0x916b0000)
  to   space 21824K,   0% used [0x916b0000, 0x916b0000, 0x92c00000)
 concurrent mark-sweep generation total 393216K, used 12654K [0x92c00000, 0xaac00000, 0xaac00000)
 concurrent-mark-sweep perm gen total 35404K, used 22529K [0xaac00000, 0xace93000, 0xb2c00000)
}
2015-02-20T15:54:22.992-0600: 1991.447: Total time for which application threads were stopped: 0.0110180 seconds
{Heap before GC invocations=327 (full 1):
 par new generation   total 109248K, used 87430K [0x8ac00000, 0x92c00000, 0x92c00000)
  eden space 87424K, 100% used [0x8ac00000, 0x90160000, 0x90160000)
  from space 21824K,   0% used [0x90160000, 0x90161800, 0x916b0000)
  to   space 21824K,   0% used [0x916b0000, 0x916b0000, 0x92c00000)
 concurrent mark-sweep generation total 393216K, used 12654K [0x92c00000, 0xaac00000, 0xaac00000)
 concurrent-mark-sweep perm gen total 35404K, used 22529K [0xaac00000, 0xace93000, 0xb2c00000)
2015-02-20T15:54:25.107-0600: 1993.562: [GC2015-02-20T15:54:25.107-0600: 1993.562: [ParNew
Desired survivor size 20112996 bytes, new threshold 8 (max 8)
- age   1:       1224 bytes,       1224 total
- age   2:        128 bytes,       1352 total
- age   3:        352 bytes,       1704 total
- age   4:        328 bytes,       2032 total
- age   5:        200 bytes,       2232 total
- age   6:        328 bytes,       2560 total
- age   7:        160 bytes,       2720 total
- age   8:        392 bytes,       3112 total
: 87430K->6K(109248K), 0.0080470 secs] 100084K->12661K(502464K), 0.0082610 secs] [Times: user=0.01 sys=0.01, real=0.01 secs] 
Heap after GC invocations=328 (full 1):
 par new generation   total 109248K, used 6K [0x8ac00000, 0x92c00000, 0x92c00000)
  eden space 87424K,   0% used [0x8ac00000, 0x8ac00000, 0x90160000)
  from space 21824K,   0% used [0x916b0000, 0x916b1800, 0x92c00000)
  to   space 21824K,   0% used [0x90160000, 0x90160000, 0x916b0000)
 concurrent mark-sweep generation total 393216K, used 12655K [0x92c00000, 0xaac00000, 0xaac00000)
 concurrent-mark-sweep perm gen total 35404K, used 22529K [0xaac00000, 0xace93000, 0xb2c00000)
}
2015-02-20T15:54:25.115-0600: 1993.570: Total time for which application threads were stopped: 0.0110170 seconds
{Heap before GC invocations=328 (full 1):
 par new generation   total 109248K, used 87430K [0x8ac00000, 0x92c00000, 0x92c00000)
  eden space 87424K, 100% used [0x8ac00000, 0x90160000, 0x90160000)
  from space 21824K,   0% used [0x916b0000, 0x916b1800, 0x92c00000)
  to   space 21824K,   0% used [0x90160000, 0x90160000, 0x916b0000)
 concurrent mark-sweep generation total 393216K, used 12655K [0x92c00000, 0xaac00000, 0xaac00000)
 concurrent-mark-sweep perm gen total 35404K, used 22529K [0xaac00000, 0xace93000, 0xb2c00000)
2015-02-20T15:54:27.038-0600: 1995.493: [GC2015-02-20T15:54:27.038-0600: 1995.493: [ParNew
Desired survivor size 20112996 bytes, new threshold 8 (max 8)
- age   1:       1104 bytes,       1104 total
- age   2:        528 bytes,       1632 total
- age   3:        128 bytes,       1760 total
- age   4:        352 bytes,       2112 total
- age   5:        328 bytes,       2440 total
- age   6:        200 bytes,       2640 total
- age   7:        328 bytes,       2968 total
- age   8:        160 bytes,       3128 total
: 87430K->6K(109248K), 0.0094880 secs] 100085K->12661K(502464K), 0.0097380 secs] [Times: user=0.01 sys=0.00, real=0.01 secs] 
Heap after GC invocations=329 (full 1):
 par new generation   total 109248K, used 6K [0x8ac00000, 0x92c00000, 0x92c00000)
  eden space 87424K,   0% used [0x8ac00000, 0x8ac00000, 0x90160000)
  from space 21824K,   0% used [0x90160000, 0x90161800, 0x916b0000)
  to   space 21824K,   0% used [0x916b0000, 0x916b0000, 0x92c00000)
 concurrent mark-sweep generation total 393216K, used 12655K [0x92c00000, 0xaac00000, 0xaac00000)
 concurrent-mark-sweep perm gen total 35404K, used 22529K [0xaac00000, 0xace93000, 0xb2c00000)
}
2015-02-20T15:54:27.048-0600: 1995.503: Total time for which application threads were stopped: 0.0129040 seconds
{Heap before GC invocations=329 (full 1):
 par new generation   total 109248K, used 87430K [0x8ac00000, 0x92c00000, 0x92c00000)
  eden space 87424K, 100% used [0x8ac00000, 0x90160000, 0x90160000)
  from space 21824K,   0% used [0x90160000, 0x90161800, 0x916b0000)
  to   space 21824K,   0% used [0x916b0000, 0x916b0000, 0x92c00000)
 concurrent mark-sweep generation total 393216K, used 12655K [0x92c00000, 0xaac00000, 0xaac00000)
 concurrent-mark-sweep perm gen total 35404K, used 22529K [0xaac00000, 0xace93000, 0xb2c00000)
2015-02-20T15:54:29.012-0600: 1997.467: [GC2015-02-20T15:54:29.013-0600: 1997.468: [ParNew
Desired survivor size 20112996 bytes, new threshold 8 (max 8)
- age   1:       1440 bytes,       1440 total
- age   2:        328 bytes,       1768 total
- age   3:        528 bytes,       2296 total
- age   4:        128 bytes,       2424 total
- age   5:        352 bytes,       2776 total
- age   6:        328 bytes,       3104 total
- age   7:        200 bytes,       3304 total
- age   8:        328 bytes,       3632 total
: 87430K->8K(109248K), 0.0097480 secs] 100085K->12663K(502464K), 0.0100190 secs] [Times: user=0.01 sys=0.01, real=0.01 secs] 
Heap after GC invocations=330 (full 1):
 par new generation   total 109248K, used 8K [0x8ac00000, 0x92c00000, 0x92c00000)
  eden space 87424K,   0% used [0x8ac00000, 0x8ac00000, 0x90160000)
  from space 21824K,   0% used [0x916b0000, 0x916b2000, 0x92c00000)
  to   space 21824K,   0% used [0x90160000, 0x90160000, 0x916b0000)
 concurrent mark-sweep generation total 393216K, used 12655K [0x92c00000, 0xaac00000, 0xaac00000)
 concurrent-mark-sweep perm gen total 35404K, used 22529K [0xaac00000, 0xace93000, 0xb2c00000)
}
2015-02-20T15:54:29.023-0600: 1997.478: Total time for which application threads were stopped: 0.0129160 seconds
{Heap before GC invocations=330 (full 1):
 par new generation   total 109248K, used 87432K [0x8ac00000, 0x92c00000, 0x92c00000)
  eden space 87424K, 100% used [0x8ac00000, 0x90160000, 0x90160000)
  from space 21824K,   0% used [0x916b0000, 0x916b2000, 0x92c00000)
  to   space 21824K,   0% used [0x90160000, 0x90160000, 0x916b0000)
 concurrent mark-sweep generation total 393216K, used 12655K [0x92c00000, 0xaac00000, 0xaac00000)
 concurrent-mark-sweep perm gen total 35404K, used 22529K [0xaac00000, 0xace93000, 0xb2c00000)
2015-02-20T15:54:30.988-0600: 1999.443: [GC2015-02-20T15:54:30.988-0600: 1999.443: [ParNew
Desired survivor size 20112996 bytes, new threshold 8 (max 8)
- age   1:        800 bytes,        800 total
- age   2:        512 bytes,       1312 total
- age   3:        328 bytes,       1640 total
- age   4:        528 bytes,       2168 total
- age   5:        128 bytes,       2296 total
- age   6:        352 bytes,       2648 total
- age   7:        328 bytes,       2976 total
- age   8:        200 bytes,       3176 total
: 87432K->6K(109248K), 0.0068640 secs] 100087K->12662K(502464K), 0.0070680 secs] [Times: user=0.01 sys=0.00, real=0.00 secs] 
Heap after GC invocations=331 (full 1):
 par new generation   total 109248K, used 6K [0x8ac00000, 0x92c00000, 0x92c00000)
  eden space 87424K,   0% used [0x8ac00000, 0x8ac00000, 0x90160000)
  from space 21824K,   0% used [0x90160000, 0x90161800, 0x916b0000)
  to   space 21824K,   0% used [0x916b0000, 0x916b0000, 0x92c00000)
 concurrent mark-sweep generation total 393216K, used 12656K [0x92c00000, 0xaac00000, 0xaac00000)
 concurrent-mark-sweep perm gen total 35404K, used 22529K [0xaac00000, 0xace93000, 0xb2c00000)
}
2015-02-20T15:54:30.995-0600: 1999.450: Total time for which application threads were stopped: 0.0099510 seconds
{Heap before GC invocations=331 (full 1):
 par new generation   total 109248K, used 87430K [0x8ac00000, 0x92c00000, 0x92c00000)
  eden space 87424K, 100% used [0x8ac00000, 0x90160000, 0x90160000)
  from space 21824K,   0% used [0x90160000, 0x90161800, 0x916b0000)
  to   space 21824K,   0% used [0x916b0000, 0x916b0000, 0x92c00000)
 concurrent mark-sweep generation total 393216K, used 12656K [0x92c00000, 0xaac00000, 0xaac00000)
 concurrent-mark-sweep perm gen total 35404K, used 22529K [0xaac00000, 0xace93000, 0xb2c00000)
2015-02-20T15:54:32.938-0600: 2001.393: [GC2015-02-20T15:54:32.938-0600: 2001.394: [ParNew
Desired survivor size 20112996 bytes, new threshold 8 (max 8)
- age   1:       1096 bytes,       1096 total
- age   2:        128 bytes,       1224 total
- age   3:        488 bytes,       1712 total
- age   4:        328 bytes,       2040 total
- age   5:        528 bytes,       2568 total
- age   6:        128 bytes,       2696 total
- age   7:        352 bytes,       3048 total
- age   8:        328 bytes,       3376 total
: 87430K->10K(109248K), 0.0065220 secs] 100086K->12666K(502464K), 0.0067530 secs] [Times: user=0.01 sys=0.00, real=0.00 secs] 
Heap after GC invocations=332 (full 1):
 par new generation   total 109248K, used 10K [0x8ac00000, 0x92c00000, 0x92c00000)
  eden space 87424K,   0% used [0x8ac00000, 0x8ac00000, 0x90160000)
  from space 21824K,   0% used [0x916b0000, 0x916b2800, 0x92c00000)
  to   space 21824K,   0% used [0x90160000, 0x90160000, 0x916b0000)
 concurrent mark-sweep generation total 393216K, used 12656K [0x92c00000, 0xaac00000, 0xaac00000)
 concurrent-mark-sweep perm gen total 35404K, used 22529K [0xaac00000, 0xace93000, 0xb2c00000)
}
2015-02-20T15:54:32.945-0600: 2001.400: Total time for which application threads were stopped: 0.0095200 seconds
{Heap before GC invocations=332 (full 1):
 par new generation   total 109248K, used 87434K [0x8ac00000, 0x92c00000, 0x92c00000)
  eden space 87424K, 100% used [0x8ac00000, 0x90160000, 0x90160000)
  from space 21824K,   0% used [0x916b0000, 0x916b2800, 0x92c00000)
  to   space 21824K,   0% used [0x90160000, 0x90160000, 0x916b0000)
 concurrent mark-sweep generation total 393216K, used 12656K [0x92c00000, 0xaac00000, 0xaac00000)
 concurrent-mark-sweep perm gen total 35404K, used 22529K [0xaac00000, 0xace93000, 0xb2c00000)
2015-02-20T15:54:34.442-0600: 2002.897: [GC2015-02-20T15:54:34.443-0600: 2002.898: [ParNew
Desired survivor size 20112996 bytes, new threshold 8 (max 8)
- age   1:       1160 bytes,       1160 total
- age   2:        352 bytes,       1512 total
- age   3:        128 bytes,       1640 total
- age   4:        488 bytes,       2128 total
- age   5:        328 bytes,       2456 total
- age   6:        528 bytes,       2984 total
- age   7:        128 bytes,       3112 total
- age   8:        352 bytes,       3464 total
: 87434K->10K(109248K), 0.0184240 secs] 100090K->12666K(502464K), 0.0187830 secs] [Times: user=0.02 sys=0.00, real=0.02 secs] 
Heap after GC invocations=333 (full 1):
 par new generation   total 109248K, used 10K [0x8ac00000, 0x92c00000, 0x92c00000)
  eden space 87424K,   0% used [0x8ac00000, 0x8ac00000, 0x90160000)
  from space 21824K,   0% used [0x90160000, 0x90162800, 0x916b0000)
  to   space 21824K,   0% used [0x916b0000, 0x916b0000, 0x92c00000)
 concurrent mark-sweep generation total 393216K, used 12656K [0x92c00000, 0xaac00000, 0xaac00000)
 concurrent-mark-sweep perm gen total 35404K, used 22529K [0xaac00000, 0xace93000, 0xb2c00000)
}
2015-02-20T15:54:34.461-0600: 2002.916: Total time for which application threads were stopped: 0.0232240 seconds
{Heap before GC invocations=333 (full 1):
 par new generation   total 109248K, used 87434K [0x8ac00000, 0x92c00000, 0x92c00000)
  eden space 87424K, 100% used [0x8ac00000, 0x90160000, 0x90160000)
  from space 21824K,   0% used [0x90160000, 0x90162800, 0x916b0000)
  to   space 21824K,   0% used [0x916b0000, 0x916b0000, 0x92c00000)
 concurrent mark-sweep generation total 393216K, used 12656K [0x92c00000, 0xaac00000, 0xaac00000)
 concurrent-mark-sweep perm gen total 35404K, used 22529K [0xaac00000, 0xace93000, 0xb2c00000)
2015-02-20T15:54:35.590-0600: 2004.045: [GC2015-02-20T15:54:35.591-0600: 2004.046: [ParNew
Desired survivor size 20112996 bytes, new threshold 8 (max 8)
- age   1:        664 bytes,        664 total
- age   2:        456 bytes,       1120 total
- age   3:        352 bytes,       1472 total
- age   4:        128 bytes,       1600 total
- age   5:        488 bytes,       2088 total
- age   6:        328 bytes,       2416 total
- age   7:        528 bytes,       2944 total
- age   8:        128 bytes,       3072 total
: 87434K->8K(109248K), 0.0184740 secs] 100090K->12664K(502464K), 0.0197460 secs] [Times: user=0.02 sys=0.00, real=0.02 secs] 
Heap after GC invocations=334 (full 1):
 par new generation   total 109248K, used 8K [0x8ac00000, 0x92c00000, 0x92c00000)
  eden space 87424K,   0% used [0x8ac00000, 0x8ac00000, 0x90160000)
  from space 21824K,   0% used [0x916b0000, 0x916b2000, 0x92c00000)
  to   space 21824K,   0% used [0x90160000, 0x90160000, 0x916b0000)
 concurrent mark-sweep generation total 393216K, used 12656K [0x92c00000, 0xaac00000, 0xaac00000)
 concurrent-mark-sweep perm gen total 35404K, used 22529K [0xaac00000, 0xace93000, 0xb2c00000)
}
2015-02-20T15:54:35.610-0600: 2004.065: Total time for which application threads were stopped: 0.0307160 seconds
{Heap before GC invocations=334 (full 1):
 par new generation   total 109248K, used 87432K [0x8ac00000, 0x92c00000, 0x92c00000)
  eden space 87424K, 100% used [0x8ac00000, 0x90160000, 0x90160000)
  from space 21824K,   0% used [0x916b0000, 0x916b2000, 0x92c00000)
  to   space 21824K,   0% used [0x90160000, 0x90160000, 0x916b0000)
 concurrent mark-sweep generation total 393216K, used 12656K [0x92c00000, 0xaac00000, 0xaac00000)
 concurrent-mark-sweep perm gen total 35404K, used 22529K [0xaac00000, 0xace93000, 0xb2c00000)
2015-02-20T15:54:37.019-0600: 2005.474: [GC2015-02-20T15:54:37.019-0600: 2005.474: [ParNew
Desired survivor size 20112996 bytes, new threshold 8 (max 8)
- age   1:        984 bytes,        984 total
- age   2:        200 bytes,       1184 total
- age   3:        328 bytes,       1512 total
- age   4:        352 bytes,       1864 total
- age   5:        128 bytes,       1992 total
- age   6:        488 bytes,       2480 total
- age   7:        328 bytes,       2808 total
- age   8:        528 bytes,       3336 total
: 87432K->10K(109248K), 0.0155270 secs] 100088K->12666K(502464K), 0.0159700 secs] [Times: user=0.01 sys=0.00, real=0.01 secs] 
Heap after GC invocations=335 (full 1):
 par new generation   total 109248K, used 10K [0x8ac00000, 0x92c00000, 0x92c00000)
  eden space 87424K,   0% used [0x8ac00000, 0x8ac00000, 0x90160000)
  from space 21824K,   0% used [0x90160000, 0x90162800, 0x916b0000)
  to   space 21824K,   0% used [0x916b0000, 0x916b0000, 0x92c00000)
 concurrent mark-sweep generation total 393216K, used 12656K [0x92c00000, 0xaac00000, 0xaac00000)
 concurrent-mark-sweep perm gen total 35404K, used 22529K [0xaac00000, 0xace93000, 0xb2c00000)
}
2015-02-20T15:54:37.035-0600: 2005.490: Total time for which application threads were stopped: 0.0228240 seconds
{Heap before GC invocations=335 (full 1):
 par new generation   total 109248K, used 87434K [0x8ac00000, 0x92c00000, 0x92c00000)
  eden space 87424K, 100% used [0x8ac00000, 0x90160000, 0x90160000)
  from space 21824K,   0% used [0x90160000, 0x90162800, 0x916b0000)
  to   space 21824K,   0% used [0x916b0000, 0x916b0000, 0x92c00000)
 concurrent mark-sweep generation total 393216K, used 12656K [0x92c00000, 0xaac00000, 0xaac00000)
 concurrent-mark-sweep perm gen total 35404K, used 22529K [0xaac00000, 0xace93000, 0xb2c00000)
2015-02-20T15:54:38.440-0600: 2006.895: [GC2015-02-20T15:54:38.440-0600: 2006.895: [ParNew
Desired survivor size 20112996 bytes, new threshold 8 (max 8)
- age   1:        880 bytes,        880 total
- age   2:        352 bytes,       1232 total
- age   3:        200 bytes,       1432 total
- age   4:        328 bytes,       1760 total
- age   5:        352 bytes,       2112 total
- age   6:        128 bytes,       2240 total
- age   7:        488 bytes,       2728 total
- age   8:        328 bytes,       3056 total
: 87434K->6K(109248K), 0.0132880 secs] 100090K->12663K(502464K), 0.0135200 secs] [Times: user=0.03 sys=0.00, real=0.01 secs] 
Heap after GC invocations=336 (full 1):
 par new generation   total 109248K, used 6K [0x8ac00000, 0x92c00000, 0x92c00000)
  eden space 87424K,   0% used [0x8ac00000, 0x8ac00000, 0x90160000)
  from space 21824K,   0% used [0x916b0000, 0x916b1800, 0x92c00000)
  to   space 21824K,   0% used [0x90160000, 0x90160000, 0x916b0000)
 concurrent mark-sweep generation total 393216K, used 12657K [0x92c00000, 0xaac00000, 0xaac00000)
 concurrent-mark-sweep perm gen total 35404K, used 22529K [0xaac00000, 0xace93000, 0xb2c00000)
}
2015-02-20T15:54:38.454-0600: 2006.909: Total time for which application threads were stopped: 0.0163850 seconds
{Heap before GC invocations=336 (full 1):
 par new generation   total 109248K, used 87430K [0x8ac00000, 0x92c00000, 0x92c00000)
  eden space 87424K, 100% used [0x8ac00000, 0x90160000, 0x90160000)
  from space 21824K,   0% used [0x916b0000, 0x916b1800, 0x92c00000)
  to   space 21824K,   0% used [0x90160000, 0x90160000, 0x916b0000)
 concurrent mark-sweep generation total 393216K, used 12657K [0x92c00000, 0xaac00000, 0xaac00000)
 concurrent-mark-sweep perm gen total 35404K, used 22529K [0xaac00000, 0xace93000, 0xb2c00000)
2015-02-20T15:54:39.918-0600: 2008.373: [GC2015-02-20T15:54:39.918-0600: 2008.373: [ParNew
Desired survivor size 20112996 bytes, new threshold 8 (max 8)
- age   1:        752 bytes,        752 total
- age   2:        256 bytes,       1008 total
- age   3:        328 bytes,       1336 total
- age   4:        200 bytes,       1536 total
- age   5:        328 bytes,       1864 total
- age   6:        352 bytes,       2216 total
- age   7:        128 bytes,       2344 total
- age   8:        488 bytes,       2832 total
: 87430K->6K(109248K), 0.0135420 secs] 100087K->12663K(502464K), 0.0137510 secs] [Times: user=0.03 sys=0.00, real=0.01 secs] 
Heap after GC invocations=337 (full 1):
 par new generation   total 109248K, used 6K [0x8ac00000, 0x92c00000, 0x92c00000)
  eden space 87424K,   0% used [0x8ac00000, 0x8ac00000, 0x90160000)
  from space 21824K,   0% used [0x90160000, 0x90161800, 0x916b0000)
  to   space 21824K,   0% used [0x916b0000, 0x916b0000, 0x92c00000)
 concurrent mark-sweep generation total 393216K, used 12657K [0x92c00000, 0xaac00000, 0xaac00000)
 concurrent-mark-sweep perm gen total 35404K, used 22529K [0xaac00000, 0xace93000, 0xb2c00000)
}
2015-02-20T15:54:39.932-0600: 2008.387: Total time for which application threads were stopped: 0.0164450 seconds
{Heap before GC invocations=337 (full 1):
 par new generation   total 109248K, used 87430K [0x8ac00000, 0x92c00000, 0x92c00000)
  eden space 87424K, 100% used [0x8ac00000, 0x90160000, 0x90160000)
  from space 21824K,   0% used [0x90160000, 0x90161800, 0x916b0000)
  to   space 21824K,   0% used [0x916b0000, 0x916b0000, 0x92c00000)
 concurrent mark-sweep generation total 393216K, used 12657K [0x92c00000, 0xaac00000, 0xaac00000)
 concurrent-mark-sweep perm gen total 35404K, used 22529K [0xaac00000, 0xace93000, 0xb2c00000)
2015-02-20T15:54:41.393-0600: 2009.848: [GC2015-02-20T15:54:41.393-0600: 2009.848: [ParNew
Desired survivor size 20112996 bytes, new threshold 8 (max 8)
- age   1:        928 bytes,        928 total
- age   2:        200 bytes,       1128 total
- age   3:        128 bytes,       1256 total
- age   4:        328 bytes,       1584 total
- age   5:        200 bytes,       1784 total
- age   6:        328 bytes,       2112 total
- age   7:        352 bytes,       2464 total
- age   8:        128 bytes,       2592 total
: 87430K->8K(109248K), 0.0065190 secs] 100087K->12666K(502464K), 0.0067280 secs] [Times: user=0.02 sys=0.00, real=0.01 secs] 
Heap after GC invocations=338 (full 1):
 par new generation   total 109248K, used 8K [0x8ac00000, 0x92c00000, 0x92c00000)
  eden space 87424K,   0% used [0x8ac00000, 0x8ac00000, 0x90160000)
  from space 21824K,   0% used [0x916b0000, 0x916b2000, 0x92c00000)
  to   space 21824K,   0% used [0x90160000, 0x90160000, 0x916b0000)
 concurrent mark-sweep generation total 393216K, used 12658K [0x92c00000, 0xaac00000, 0xaac00000)
 concurrent-mark-sweep perm gen total 35404K, used 22529K [0xaac00000, 0xace93000, 0xb2c00000)
}
2015-02-20T15:54:41.400-0600: 2009.855: Total time for which application threads were stopped: 0.0096540 seconds
{Heap before GC invocations=338 (full 1):
 par new generation   total 109248K, used 87432K [0x8ac00000, 0x92c00000, 0x92c00000)
  eden space 87424K, 100% used [0x8ac00000, 0x90160000, 0x90160000)
  from space 21824K,   0% used [0x916b0000, 0x916b2000, 0x92c00000)
  to   space 21824K,   0% used [0x90160000, 0x90160000, 0x916b0000)
 concurrent mark-sweep generation total 393216K, used 12658K [0x92c00000, 0xaac00000, 0xaac00000)
 concurrent-mark-sweep perm gen total 35404K, used 22529K [0xaac00000, 0xace93000, 0xb2c00000)
2015-02-20T15:54:42.864-0600: 2011.319: [GC2015-02-20T15:54:42.864-0600: 2011.319: [ParNew
Desired survivor size 20112996 bytes, new threshold 8 (max 8)
- age   1:        672 bytes,        672 total
- age   2:        352 bytes,       1024 total
- age   3:        200 bytes,       1224 total
- age   4:        128 bytes,       1352 total
- age   5:        328 bytes,       1680 total
- age   6:        200 bytes,       1880 total
- age   7:        328 bytes,       2208 total
- age   8:        352 bytes,       2560 total
: 87432K->6K(109248K), 0.0119930 secs] 100090K->12664K(502464K), 0.0122370 secs] [Times: user=0.02 sys=0.00, real=0.01 secs] 
Heap after GC invocations=339 (full 1):
 par new generation   total 109248K, used 6K [0x8ac00000, 0x92c00000, 0x92c00000)
  eden space 87424K,   0% used [0x8ac00000, 0x8ac00000, 0x90160000)
  from space 21824K,   0% used [0x90160000, 0x90161800, 0x916b0000)
  to   space 21824K,   0% used [0x916b0000, 0x916b0000, 0x92c00000)
 concurrent mark-sweep generation total 393216K, used 12658K [0x92c00000, 0xaac00000, 0xaac00000)
 concurrent-mark-sweep perm gen total 35404K, used 22529K [0xaac00000, 0xace93000, 0xb2c00000)
}
2015-02-20T15:54:42.876-0600: 2011.331: Total time for which application threads were stopped: 0.0149310 seconds
{Heap before GC invocations=339 (full 1):
 par new generation   total 109248K, used 87430K [0x8ac00000, 0x92c00000, 0x92c00000)
  eden space 87424K, 100% used [0x8ac00000, 0x90160000, 0x90160000)
  from space 21824K,   0% used [0x90160000, 0x90161800, 0x916b0000)
  to   space 21824K,   0% used [0x916b0000, 0x916b0000, 0x92c00000)
 concurrent mark-sweep generation total 393216K, used 12658K [0x92c00000, 0xaac00000, 0xaac00000)
 concurrent-mark-sweep perm gen total 35404K, used 22529K [0xaac00000, 0xace93000, 0xb2c00000)
2015-02-20T15:54:44.833-0600: 2013.288: [GC2015-02-20T15:54:44.833-0600: 2013.289: [ParNew
Desired survivor size 20112996 bytes, new threshold 8 (max 8)
- age   1:       1024 bytes,       1024 total
- age   2:        128 bytes,       1152 total
- age   3:        328 bytes,       1480 total
- age   4:        200 bytes,       1680 total
- age   5:        128 bytes,       1808 total
- age   6:        328 bytes,       2136 total
- age   7:        200 bytes,       2336 total
- age   8:        328 bytes,       2664 total
: 87430K->6K(109248K), 0.0436880 secs] 100088K->12664K(502464K), 0.0439220 secs] [Times: user=0.04 sys=0.01, real=0.04 secs] 
Heap after GC invocations=340 (full 1):
 par new generation   total 109248K, used 6K [0x8ac00000, 0x92c00000, 0x92c00000)
  eden space 87424K,   0% used [0x8ac00000, 0x8ac00000, 0x90160000)
  from space 21824K,   0% used [0x916b0000, 0x916b1800, 0x92c00000)
  to   space 21824K,   0% used [0x90160000, 0x90160000, 0x916b0000)
 concurrent mark-sweep generation total 393216K, used 12658K [0x92c00000, 0xaac00000, 0xaac00000)
 concurrent-mark-sweep perm gen total 35404K, used 22529K [0xaac00000, 0xace93000, 0xb2c00000)
}
2015-02-20T15:54:44.877-0600: 2013.332: Total time for which application threads were stopped: 0.0468030 seconds
{Heap before GC invocations=340 (full 1):
 par new generation   total 109248K, used 87430K [0x8ac00000, 0x92c00000, 0x92c00000)
  eden space 87424K, 100% used [0x8ac00000, 0x90160000, 0x90160000)
  from space 21824K,   0% used [0x916b0000, 0x916b1800, 0x92c00000)
  to   space 21824K,   0% used [0x90160000, 0x90160000, 0x916b0000)
 concurrent mark-sweep generation total 393216K, used 12658K [0x92c00000, 0xaac00000, 0xaac00000)
 concurrent-mark-sweep perm gen total 35404K, used 22529K [0xaac00000, 0xace93000, 0xb2c00000)
2015-02-20T15:54:46.776-0600: 2015.231: [GC2015-02-20T15:54:46.776-0600: 2015.231: [ParNew
Desired survivor size 20112996 bytes, new threshold 8 (max 8)
- age   1:       1480 bytes,       1480 total
- age   2:        328 bytes,       1808 total
- age   3:        128 bytes,       1936 total
- age   4:        328 bytes,       2264 total
- age   5:        200 bytes,       2464 total
- age   6:        128 bytes,       2592 total
- age   7:        328 bytes,       2920 total
- age   8:        200 bytes,       3120 total
: 87430K->6K(109248K), 0.0077880 secs] 100088K->12665K(502464K), 0.0080020 secs] [Times: user=0.01 sys=0.00, real=0.01 secs] 
Heap after GC invocations=341 (full 1):
 par new generation   total 109248K, used 6K [0x8ac00000, 0x92c00000, 0x92c00000)
  eden space 87424K,   0% used [0x8ac00000, 0x8ac00000, 0x90160000)
  from space 21824K,   0% used [0x90160000, 0x90161800, 0x916b0000)
  to   space 21824K,   0% used [0x916b0000, 0x916b0000, 0x92c00000)
 concurrent mark-sweep generation total 393216K, used 12659K [0x92c00000, 0xaac00000, 0xaac00000)
 concurrent-mark-sweep perm gen total 35404K, used 22529K [0xaac00000, 0xace93000, 0xb2c00000)
}
2015-02-20T15:54:46.784-0600: 2015.239: Total time for which application threads were stopped: 0.0107360 seconds
{Heap before GC invocations=341 (full 1):
 par new generation   total 109248K, used 87430K [0x8ac00000, 0x92c00000, 0x92c00000)
  eden space 87424K, 100% used [0x8ac00000, 0x90160000, 0x90160000)
  from space 21824K,   0% used [0x90160000, 0x90161800, 0x916b0000)
  to   space 21824K,   0% used [0x916b0000, 0x916b0000, 0x92c00000)
 concurrent mark-sweep generation total 393216K, used 12659K [0x92c00000, 0xaac00000, 0xaac00000)
 concurrent-mark-sweep perm gen total 35404K, used 22529K [0xaac00000, 0xace93000, 0xb2c00000)
2015-02-20T15:54:48.448-0600: 2016.903: [GC2015-02-20T15:54:48.448-0600: 2016.903: [ParNew
Desired survivor size 20112996 bytes, new threshold 8 (max 8)
- age   1:       1096 bytes,       1096 total
- age   2:        376 bytes,       1472 total
- age   3:        328 bytes,       1800 total
- age   4:        128 bytes,       1928 total
- age   5:        328 bytes,       2256 total
- age   6:        200 bytes,       2456 total
- age   7:        128 bytes,       2584 total
- age   8:        328 bytes,       2912 total
: 87430K->8K(109248K), 0.0076440 secs] 100089K->12667K(502464K), 0.0078470 secs] [Times: user=0.01 sys=0.01, real=0.00 secs] 
Heap after GC invocations=342 (full 1):
 par new generation   total 109248K, used 8K [0x8ac00000, 0x92c00000, 0x92c00000)
  eden space 87424K,   0% used [0x8ac00000, 0x8ac00000, 0x90160000)
  from space 21824K,   0% used [0x916b0000, 0x916b2000, 0x92c00000)
  to   space 21824K,   0% used [0x90160000, 0x90160000, 0x916b0000)
 concurrent mark-sweep generation total 393216K, used 12659K [0x92c00000, 0xaac00000, 0xaac00000)
 concurrent-mark-sweep perm gen total 35404K, used 22529K [0xaac00000, 0xace93000, 0xb2c00000)
}
2015-02-20T15:54:48.456-0600: 2016.911: Total time for which application threads were stopped: 0.0105540 seconds
{Heap before GC invocations=342 (full 1):
 par new generation   total 109248K, used 87432K [0x8ac00000, 0x92c00000, 0x92c00000)
  eden space 87424K, 100% used [0x8ac00000, 0x90160000, 0x90160000)
  from space 21824K,   0% used [0x916b0000, 0x916b2000, 0x92c00000)
  to   space 21824K,   0% used [0x90160000, 0x90160000, 0x916b0000)
 concurrent mark-sweep generation total 393216K, used 12659K [0x92c00000, 0xaac00000, 0xaac00000)
 concurrent-mark-sweep perm gen total 35404K, used 22529K [0xaac00000, 0xace93000, 0xb2c00000)
2015-02-20T15:54:49.963-0600: 2018.418: [GC2015-02-20T15:54:49.963-0600: 2018.418: [ParNew
Desired survivor size 20112996 bytes, new threshold 8 (max 8)
- age   1:        664 bytes,        664 total
- age   2:        456 bytes,       1120 total
- age   3:        376 bytes,       1496 total
- age   4:        328 bytes,       1824 total
- age   5:        128 bytes,       1952 total
- age   6:        328 bytes,       2280 total
- age   7:        200 bytes,       2480 total
- age   8:        128 bytes,       2608 total
: 87432K->6K(109248K), 0.0225110 secs] 100091K->12665K(502464K), 0.0227080 secs] [Times: user=0.02 sys=0.00, real=0.02 secs] 
Heap after GC invocations=343 (full 1):
 par new generation   total 109248K, used 6K [0x8ac00000, 0x92c00000, 0x92c00000)
  eden space 87424K,   0% used [0x8ac00000, 0x8ac00000, 0x90160000)
  from space 21824K,   0% used [0x90160000, 0x90161800, 0x916b0000)
  to   space 21824K,   0% used [0x916b0000, 0x916b0000, 0x92c00000)
 concurrent mark-sweep generation total 393216K, used 12659K [0x92c00000, 0xaac00000, 0xaac00000)
 concurrent-mark-sweep perm gen total 35404K, used 22529K [0xaac00000, 0xace93000, 0xb2c00000)
}
2015-02-20T15:54:49.986-0600: 2018.441: Total time for which application threads were stopped: 0.0258440 seconds
{Heap before GC invocations=343 (full 1):
 par new generation   total 109248K, used 87430K [0x8ac00000, 0x92c00000, 0x92c00000)
  eden space 87424K, 100% used [0x8ac00000, 0x90160000, 0x90160000)
  from space 21824K,   0% used [0x90160000, 0x90161800, 0x916b0000)
  to   space 21824K,   0% used [0x916b0000, 0x916b0000, 0x92c00000)
 concurrent mark-sweep generation total 393216K, used 12659K [0x92c00000, 0xaac00000, 0xaac00000)
 concurrent-mark-sweep perm gen total 35404K, used 22529K [0xaac00000, 0xace93000, 0xb2c00000)
2015-02-20T15:54:51.858-0600: 2020.313: [GC2015-02-20T15:54:51.858-0600: 2020.313: [ParNew
Desired survivor size 20112996 bytes, new threshold 8 (max 8)
- age   1:       1272 bytes,       1272 total
- age   2:        200 bytes,       1472 total
- age   3:        328 bytes,       1800 total
- age   4:        376 bytes,       2176 total
- age   5:        328 bytes,       2504 total
- age   6:        128 bytes,       2632 total
- age   7:        328 bytes,       2960 total
- age   8:        200 bytes,       3160 total
: 87430K->8K(109248K), 0.0107000 secs] 100089K->12667K(502464K), 0.0109110 secs] [Times: user=0.02 sys=0.00, real=0.01 secs] 
Heap after GC invocations=344 (full 1):
 par new generation   total 109248K, used 8K [0x8ac00000, 0x92c00000, 0x92c00000)
  eden space 87424K,   0% used [0x8ac00000, 0x8ac00000, 0x90160000)
  from space 21824K,   0% used [0x916b0000, 0x916b2000, 0x92c00000)
  to   space 21824K,   0% used [0x90160000, 0x90160000, 0x916b0000)
 concurrent mark-sweep generation total 393216K, used 12659K [0x92c00000, 0xaac00000, 0xaac00000)
 concurrent-mark-sweep perm gen total 35404K, used 22529K [0xaac00000, 0xace93000, 0xb2c00000)
}
2015-02-20T15:54:51.869-0600: 2020.324: Total time for which application threads were stopped: 0.0136570 seconds
{Heap before GC invocations=344 (full 1):
 par new generation   total 109248K, used 87432K [0x8ac00000, 0x92c00000, 0x92c00000)
  eden space 87424K, 100% used [0x8ac00000, 0x90160000, 0x90160000)
  from space 21824K,   0% used [0x916b0000, 0x916b2000, 0x92c00000)
  to   space 21824K,   0% used [0x90160000, 0x90160000, 0x916b0000)
 concurrent mark-sweep generation total 393216K, used 12659K [0x92c00000, 0xaac00000, 0xaac00000)
 concurrent-mark-sweep perm gen total 35404K, used 22529K [0xaac00000, 0xace93000, 0xb2c00000)
2015-02-20T15:54:53.410-0600: 2021.865: [GC2015-02-20T15:54:53.410-0600: 2021.865: [ParNew
Desired survivor size 20112996 bytes, new threshold 8 (max 8)
- age   1:       1176 bytes,       1176 total
- age   2:        424 bytes,       1600 total
- age   3:        200 bytes,       1800 total
- age   4:        328 bytes,       2128 total
- age   5:        376 bytes,       2504 total
- age   6:        328 bytes,       2832 total
- age   7:        128 bytes,       2960 total
- age   8:        328 bytes,       3288 total
: 87432K->8K(109248K), 0.0089870 secs] 100091K->12667K(502464K), 0.0091970 secs] [Times: user=0.02 sys=0.00, real=0.01 secs] 
Heap after GC invocations=345 (full 1):
 par new generation   total 109248K, used 8K [0x8ac00000, 0x92c00000, 0x92c00000)
  eden space 87424K,   0% used [0x8ac00000, 0x8ac00000, 0x90160000)
  from space 21824K,   0% used [0x90160000, 0x90162000, 0x916b0000)
  to   space 21824K,   0% used [0x916b0000, 0x916b0000, 0x92c00000)
 concurrent mark-sweep generation total 393216K, used 12659K [0x92c00000, 0xaac00000, 0xaac00000)
 concurrent-mark-sweep perm gen total 35404K, used 22529K [0xaac00000, 0xace93000, 0xb2c00000)
}
2015-02-20T15:54:53.419-0600: 2021.874: Total time for which application threads were stopped: 0.0118150 seconds
{Heap before GC invocations=345 (full 1):
 par new generation   total 109248K, used 87432K [0x8ac00000, 0x92c00000, 0x92c00000)
  eden space 87424K, 100% used [0x8ac00000, 0x90160000, 0x90160000)
  from space 21824K,   0% used [0x90160000, 0x90162000, 0x916b0000)
  to   space 21824K,   0% used [0x916b0000, 0x916b0000, 0x92c00000)
 concurrent mark-sweep generation total 393216K, used 12659K [0x92c00000, 0xaac00000, 0xaac00000)
 concurrent-mark-sweep perm gen total 35404K, used 22529K [0xaac00000, 0xace93000, 0xb2c00000)
2015-02-20T15:54:55.174-0600: 2023.629: [GC2015-02-20T15:54:55.174-0600: 2023.629: [ParNew
Desired survivor size 20112996 bytes, new threshold 8 (max 8)
- age   1:       1096 bytes,       1096 total
- age   2:        400 bytes,       1496 total
- age   3:        424 bytes,       1920 total
- age   4:        200 bytes,       2120 total
- age   5:        328 bytes,       2448 total
- age   6:        376 bytes,       2824 total
- age   7:        328 bytes,       3152 total
- age   8:        128 bytes,       3280 total
: 87432K->8K(109248K), 0.0062730 secs] 100091K->12668K(502464K), 0.0065170 secs] [Times: user=0.02 sys=0.00, real=0.01 secs] 
Heap after GC invocations=346 (full 1):
 par new generation   total 109248K, used 8K [0x8ac00000, 0x92c00000, 0x92c00000)
  eden space 87424K,   0% used [0x8ac00000, 0x8ac00000, 0x90160000)
  from space 21824K,   0% used [0x916b0000, 0x916b2000, 0x92c00000)
  to   space 21824K,   0% used [0x90160000, 0x90160000, 0x916b0000)
 concurrent mark-sweep generation total 393216K, used 12660K [0x92c00000, 0xaac00000, 0xaac00000)
 concurrent-mark-sweep perm gen total 35404K, used 22529K [0xaac00000, 0xace93000, 0xb2c00000)
}
2015-02-20T15:54:55.180-0600: 2023.635: Total time for which application threads were stopped: 0.0094310 seconds
{Heap before GC invocations=346 (full 1):
 par new generation   total 109248K, used 87432K [0x8ac00000, 0x92c00000, 0x92c00000)
  eden space 87424K, 100% used [0x8ac00000, 0x90160000, 0x90160000)
  from space 21824K,   0% used [0x916b0000, 0x916b2000, 0x92c00000)
  to   space 21824K,   0% used [0x90160000, 0x90160000, 0x916b0000)
 concurrent mark-sweep generation total 393216K, used 12660K [0x92c00000, 0xaac00000, 0xaac00000)
 concurrent-mark-sweep perm gen total 35404K, used 22529K [0xaac00000, 0xace93000, 0xb2c00000)
2015-02-20T15:54:56.731-0600: 2025.186: [GC2015-02-20T15:54:56.731-0600: 2025.186: [ParNew
Desired survivor size 20112996 bytes, new threshold 8 (max 8)
- age   1:        952 bytes,        952 total
- age   2:        448 bytes,       1400 total
- age   3:        400 bytes,       1800 total
- age   4:        424 bytes,       2224 total
- age   5:        200 bytes,       2424 total
- age   6:        328 bytes,       2752 total
- age   7:        376 bytes,       3128 total
- age   8:        328 bytes,       3456 total
: 87432K->10K(109248K), 0.0071470 secs] 100092K->12670K(502464K), 0.0073330 secs] [Times: user=0.02 sys=0.00, real=0.01 secs] 
Heap after GC invocations=347 (full 1):
 par new generation   total 109248K, used 10K [0x8ac00000, 0x92c00000, 0x92c00000)
  eden space 87424K,   0% used [0x8ac00000, 0x8ac00000, 0x90160000)
  from space 21824K,   0% used [0x90160000, 0x90162800, 0x916b0000)
  to   space 21824K,   0% used [0x916b0000, 0x916b0000, 0x92c00000)
 concurrent mark-sweep generation total 393216K, used 12660K [0x92c00000, 0xaac00000, 0xaac00000)
 concurrent-mark-sweep perm gen total 35404K, used 22529K [0xaac00000, 0xace93000, 0xb2c00000)
}
2015-02-20T15:54:56.738-0600: 2025.193: Total time for which application threads were stopped: 0.0099540 seconds
{Heap before GC invocations=347 (full 1):
 par new generation   total 109248K, used 87434K [0x8ac00000, 0x92c00000, 0x92c00000)
  eden space 87424K, 100% used [0x8ac00000, 0x90160000, 0x90160000)
  from space 21824K,   0% used [0x90160000, 0x90162800, 0x916b0000)
  to   space 21824K,   0% used [0x916b0000, 0x916b0000, 0x92c00000)
 concurrent mark-sweep generation total 393216K, used 12660K [0x92c00000, 0xaac00000, 0xaac00000)
 concurrent-mark-sweep perm gen total 35404K, used 22529K [0xaac00000, 0xace93000, 0xb2c00000)
2015-02-20T15:54:58.287-0600: 2026.742: [GC2015-02-20T15:54:58.288-0600: 2026.743: [ParNew
Desired survivor size 20112996 bytes, new threshold 8 (max 8)
- age   1:        960 bytes,        960 total
- age   2:        128 bytes,       1088 total
- age   3:        424 bytes,       1512 total
- age   4:        400 bytes,       1912 total
- age   5:        424 bytes,       2336 total
- age   6:        200 bytes,       2536 total
- age   7:        328 bytes,       2864 total
- age   8:        376 bytes,       3240 total
: 87434K->6K(109248K), 0.0139150 secs] 100094K->12666K(502464K), 0.0142080 secs] [Times: user=0.02 sys=0.00, real=0.02 secs] 
Heap after GC invocations=348 (full 1):
 par new generation   total 109248K, used 6K [0x8ac00000, 0x92c00000, 0x92c00000)
  eden space 87424K,   0% used [0x8ac00000, 0x8ac00000, 0x90160000)
  from space 21824K,   0% used [0x916b0000, 0x916b1800, 0x92c00000)
  to   space 21824K,   0% used [0x90160000, 0x90160000, 0x916b0000)
 concurrent mark-sweep generation total 393216K, used 12660K [0x92c00000, 0xaac00000, 0xaac00000)
 concurrent-mark-sweep perm gen total 35404K, used 22529K [0xaac00000, 0xace93000, 0xb2c00000)
}
2015-02-20T15:54:58.302-0600: 2026.757: Total time for which application threads were stopped: 0.0169780 seconds
{Heap before GC invocations=348 (full 1):
 par new generation   total 109248K, used 87430K [0x8ac00000, 0x92c00000, 0x92c00000)
  eden space 87424K, 100% used [0x8ac00000, 0x90160000, 0x90160000)
  from space 21824K,   0% used [0x916b0000, 0x916b1800, 0x92c00000)
  to   space 21824K,   0% used [0x90160000, 0x90160000, 0x916b0000)
 concurrent mark-sweep generation total 393216K, used 12660K [0x92c00000, 0xaac00000, 0xaac00000)
 concurrent-mark-sweep perm gen total 35404K, used 22529K [0xaac00000, 0xace93000, 0xb2c00000)
2015-02-20T15:54:59.941-0600: 2028.396: [GC2015-02-20T15:54:59.941-0600: 2028.396: [ParNew
Desired survivor size 20112996 bytes, new threshold 8 (max 8)
- age   1:        904 bytes,        904 total
- age   2:        488 bytes,       1392 total
- age   3:        128 bytes,       1520 total
- age   4:        424 bytes,       1944 total
- age   5:        400 bytes,       2344 total
- age   6:        424 bytes,       2768 total
- age   7:        200 bytes,       2968 total
- age   8:        328 bytes,       3296 total
: 87430K->10K(109248K), 0.0062290 secs] 100090K->12671K(502464K), 0.0064070 secs] [Times: user=0.01 sys=0.00, real=0.01 secs] 
Heap after GC invocations=349 (full 1):
 par new generation   total 109248K, used 10K [0x8ac00000, 0x92c00000, 0x92c00000)
  eden space 87424K,   0% used [0x8ac00000, 0x8ac00000, 0x90160000)
  from space 21824K,   0% used [0x90160000, 0x90162800, 0x916b0000)
  to   space 21824K,   0% used [0x916b0000, 0x916b0000, 0x92c00000)
 concurrent mark-sweep generation total 393216K, used 12661K [0x92c00000, 0xaac00000, 0xaac00000)
 concurrent-mark-sweep perm gen total 35404K, used 22529K [0xaac00000, 0xace93000, 0xb2c00000)
}
2015-02-20T15:54:59.948-0600: 2028.403: Total time for which application threads were stopped: 0.0091100 seconds
{Heap before GC invocations=349 (full 1):
 par new generation   total 109248K, used 87434K [0x8ac00000, 0x92c00000, 0x92c00000)
  eden space 87424K, 100% used [0x8ac00000, 0x90160000, 0x90160000)
  from space 21824K,   0% used [0x90160000, 0x90162800, 0x916b0000)
  to   space 21824K,   0% used [0x916b0000, 0x916b0000, 0x92c00000)
 concurrent mark-sweep generation total 393216K, used 12661K [0x92c00000, 0xaac00000, 0xaac00000)
 concurrent-mark-sweep perm gen total 35404K, used 22529K [0xaac00000, 0xace93000, 0xb2c00000)
2015-02-20T15:55:01.607-0600: 2030.062: [GC2015-02-20T15:55:01.607-0600: 2030.062: [ParNew
Desired survivor size 20112996 bytes, new threshold 8 (max 8)
- age   1:       1224 bytes,       1224 total
- age   2:        200 bytes,       1424 total
- age   3:        360 bytes,       1784 total
- age   4:        128 bytes,       1912 total
- age   5:        424 bytes,       2336 total
- age   6:        400 bytes,       2736 total
- age   7:        424 bytes,       3160 total
- age   8:        200 bytes,       3360 total
: 87434K->10K(109248K), 0.0120030 secs] 100095K->12671K(502464K), 0.0122480 secs] [Times: user=0.02 sys=0.00, real=0.02 secs] 
Heap after GC invocations=350 (full 1):
 par new generation   total 109248K, used 10K [0x8ac00000, 0x92c00000, 0x92c00000)
  eden space 87424K,   0% used [0x8ac00000, 0x8ac00000, 0x90160000)
  from space 21824K,   0% used [0x916b0000, 0x916b2800, 0x92c00000)
  to   space 21824K,   0% used [0x90160000, 0x90160000, 0x916b0000)
 concurrent mark-sweep generation total 393216K, used 12661K [0x92c00000, 0xaac00000, 0xaac00000)
 concurrent-mark-sweep perm gen total 35404K, used 22529K [0xaac00000, 0xace93000, 0xb2c00000)
}
2015-02-20T15:55:01.619-0600: 2030.074: Total time for which application threads were stopped: 0.0149170 seconds
{Heap before GC invocations=350 (full 1):
 par new generation   total 109248K, used 87434K [0x8ac00000, 0x92c00000, 0x92c00000)
  eden space 87424K, 100% used [0x8ac00000, 0x90160000, 0x90160000)
  from space 21824K,   0% used [0x916b0000, 0x916b2800, 0x92c00000)
  to   space 21824K,   0% used [0x90160000, 0x90160000, 0x916b0000)
 concurrent mark-sweep generation total 393216K, used 12661K [0x92c00000, 0xaac00000, 0xaac00000)
 concurrent-mark-sweep perm gen total 35404K, used 22529K [0xaac00000, 0xace93000, 0xb2c00000)
2015-02-20T15:55:03.165-0600: 2031.620: [GC2015-02-20T15:55:03.165-0600: 2031.620: [ParNew
Desired survivor size 20112996 bytes, new threshold 8 (max 8)
- age   1:        928 bytes,        928 total
- age   2:        376 bytes,       1304 total
- age   3:        200 bytes,       1504 total
- age   4:        360 bytes,       1864 total
- age   5:        128 bytes,       1992 total
- age   6:        424 bytes,       2416 total
- age   7:        400 bytes,       2816 total
- age   8:        424 bytes,       3240 total
: 87434K->10K(109248K), 0.0060860 secs] 100095K->12671K(502464K), 0.0063010 secs] [Times: user=0.01 sys=0.00, real=0.01 secs] 
Heap after GC invocations=351 (full 1):
 par new generation   total 109248K, used 10K [0x8ac00000, 0x92c00000, 0x92c00000)
  eden space 87424K,   0% used [0x8ac00000, 0x8ac00000, 0x90160000)
  from space 21824K,   0% used [0x90160000, 0x90162800, 0x916b0000)
  to   space 21824K,   0% used [0x916b0000, 0x916b0000, 0x92c00000)
 concurrent mark-sweep generation total 393216K, used 12661K [0x92c00000, 0xaac00000, 0xaac00000)
 concurrent-mark-sweep perm gen total 35404K, used 22529K [0xaac00000, 0xace93000, 0xb2c00000)
}
2015-02-20T15:55:03.171-0600: 2031.626: Total time for which application threads were stopped: 0.0090410 seconds
{Heap before GC invocations=351 (full 1):
 par new generation   total 109248K, used 87434K [0x8ac00000, 0x92c00000, 0x92c00000)
  eden space 87424K, 100% used [0x8ac00000, 0x90160000, 0x90160000)
  from space 21824K,   0% used [0x90160000, 0x90162800, 0x916b0000)
  to   space 21824K,   0% used [0x916b0000, 0x916b0000, 0x92c00000)
 concurrent mark-sweep generation total 393216K, used 12661K [0x92c00000, 0xaac00000, 0xaac00000)
 concurrent-mark-sweep perm gen total 35404K, used 22529K [0xaac00000, 0xace93000, 0xb2c00000)
2015-02-20T15:55:04.766-0600: 2033.221: [GC2015-02-20T15:55:04.766-0600: 2033.221: [ParNew
Desired survivor size 20112996 bytes, new threshold 8 (max 8)
- age   1:        752 bytes,        752 total
- age   2:        352 bytes,       1104 total
- age   3:        376 bytes,       1480 total
- age   4:        200 bytes,       1680 total
- age   5:        360 bytes,       2040 total
- age   6:        128 bytes,       2168 total
- age   7:        424 bytes,       2592 total
- age   8:        400 bytes,       2992 total
: 87434K->8K(109248K), 0.0071340 secs] 100095K->12669K(502464K), 0.0073760 secs] [Times: user=0.01 sys=0.00, real=0.01 secs] 
Heap after GC invocations=352 (full 1):
 par new generation   total 109248K, used 8K [0x8ac00000, 0x92c00000, 0x92c00000)
  eden space 87424K,   0% used [0x8ac00000, 0x8ac00000, 0x90160000)
  from space 21824K,   0% used [0x916b0000, 0x916b2000, 0x92c00000)
  to   space 21824K,   0% used [0x90160000, 0x90160000, 0x916b0000)
 concurrent mark-sweep generation total 393216K, used 12661K [0x92c00000, 0xaac00000, 0xaac00000)
 concurrent-mark-sweep perm gen total 35404K, used 22529K [0xaac00000, 0xace93000, 0xb2c00000)
}
2015-02-20T15:55:04.774-0600: 2033.229: Total time for which application threads were stopped: 0.0100830 seconds
{Heap before GC invocations=352 (full 1):
 par new generation   total 109248K, used 87432K [0x8ac00000, 0x92c00000, 0x92c00000)
  eden space 87424K, 100% used [0x8ac00000, 0x90160000, 0x90160000)
  from space 21824K,   0% used [0x916b0000, 0x916b2000, 0x92c00000)
  to   space 21824K,   0% used [0x90160000, 0x90160000, 0x916b0000)
 concurrent mark-sweep generation total 393216K, used 12661K [0x92c00000, 0xaac00000, 0xaac00000)
 concurrent-mark-sweep perm gen total 35404K, used 22529K [0xaac00000, 0xace93000, 0xb2c00000)
2015-02-20T15:55:06.541-0600: 2034.996: [GC2015-02-20T15:55:06.541-0600: 2034.996: [ParNew
Desired survivor size 20112996 bytes, new threshold 8 (max 8)
- age   1:       1104 bytes,       1104 total
- age   2:        176 bytes,       1280 total
- age   3:        328 bytes,       1608 total
- age   4:        376 bytes,       1984 total
- age   5:        200 bytes,       2184 total
- age   6:        360 bytes,       2544 total
- age   7:        128 bytes,       2672 total
- age   8:        424 bytes,       3096 total
: 87432K->8K(109248K), 0.0065300 secs] 100093K->12670K(502464K), 0.0067170 secs] [Times: user=0.01 sys=0.00, real=0.01 secs] 
Heap after GC invocations=353 (full 1):
 par new generation   total 109248K, used 8K [0x8ac00000, 0x92c00000, 0x92c00000)
  eden space 87424K,   0% used [0x8ac00000, 0x8ac00000, 0x90160000)
  from space 21824K,   0% used [0x90160000, 0x90162000, 0x916b0000)
  to   space 21824K,   0% used [0x916b0000, 0x916b0000, 0x92c00000)
 concurrent mark-sweep generation total 393216K, used 12662K [0x92c00000, 0xaac00000, 0xaac00000)
 concurrent-mark-sweep perm gen total 35404K, used 22529K [0xaac00000, 0xace93000, 0xb2c00000)
}
2015-02-20T15:55:06.548-0600: 2035.003: Total time for which application threads were stopped: 0.0095160 seconds
{Heap before GC invocations=353 (full 1):
 par new generation   total 109248K, used 87432K [0x8ac00000, 0x92c00000, 0x92c00000)
  eden space 87424K, 100% used [0x8ac00000, 0x90160000, 0x90160000)
  from space 21824K,   0% used [0x90160000, 0x90162000, 0x916b0000)
  to   space 21824K,   0% used [0x916b0000, 0x916b0000, 0x92c00000)
 concurrent mark-sweep generation total 393216K, used 12662K [0x92c00000, 0xaac00000, 0xaac00000)
 concurrent-mark-sweep perm gen total 35404K, used 22529K [0xaac00000, 0xace93000, 0xb2c00000)
2015-02-20T15:55:08.098-0600: 2036.553: [GC2015-02-20T15:55:08.098-0600: 2036.553: [ParNew
Desired survivor size 20112996 bytes, new threshold 8 (max 8)
- age   1:        920 bytes,        920 total
- age   2:        456 bytes,       1376 total
- age   3:        176 bytes,       1552 total
- age   4:        328 bytes,       1880 total
- age   5:        376 bytes,       2256 total
- age   6:        200 bytes,       2456 total
- age   7:        360 bytes,       2816 total
- age   8:        128 bytes,       2944 total
: 87432K->8K(109248K), 0.0254290 secs] 100094K->12670K(502464K), 0.0256820 secs] [Times: user=0.03 sys=0.00, real=0.02 secs] 
Heap after GC invocations=354 (full 1):
 par new generation   total 109248K, used 8K [0x8ac00000, 0x92c00000, 0x92c00000)
  eden space 87424K,   0% used [0x8ac00000, 0x8ac00000, 0x90160000)
  from space 21824K,   0% used [0x916b0000, 0x916b2000, 0x92c00000)
  to   space 21824K,   0% used [0x90160000, 0x90160000, 0x916b0000)
 concurrent mark-sweep generation total 393216K, used 12662K [0x92c00000, 0xaac00000, 0xaac00000)
 concurrent-mark-sweep perm gen total 35404K, used 22529K [0xaac00000, 0xace93000, 0xb2c00000)
}
2015-02-20T15:55:08.124-0600: 2036.579: Total time for which application threads were stopped: 0.0329360 seconds
{Heap before GC invocations=354 (full 1):
 par new generation   total 109248K, used 87432K [0x8ac00000, 0x92c00000, 0x92c00000)
  eden space 87424K, 100% used [0x8ac00000, 0x90160000, 0x90160000)
  from space 21824K,   0% used [0x916b0000, 0x916b2000, 0x92c00000)
  to   space 21824K,   0% used [0x90160000, 0x90160000, 0x916b0000)
 concurrent mark-sweep generation total 393216K, used 12662K [0x92c00000, 0xaac00000, 0xaac00000)
 concurrent-mark-sweep perm gen total 35404K, used 22529K [0xaac00000, 0xace93000, 0xb2c00000)
2015-02-20T15:55:09.267-0600: 2037.722: [GC2015-02-20T15:55:09.268-0600: 2037.723: [ParNew
Desired survivor size 20112996 bytes, new threshold 8 (max 8)
- age   1:        928 bytes,        928 total
- age   2:        216 bytes,       1144 total
- age   3:        328 bytes,       1472 total
- age   4:        176 bytes,       1648 total
- age   5:        328 bytes,       1976 total
- age   6:        376 bytes,       2352 total
- age   7:        200 bytes,       2552 total
- age   8:        360 bytes,       2912 total
: 87432K->8K(109248K), 0.0292040 secs] 100094K->12670K(502464K), 0.0297360 secs] [Times: user=0.03 sys=0.00, real=0.03 secs] 
Heap after GC invocations=355 (full 1):
 par new generation   total 109248K, used 8K [0x8ac00000, 0x92c00000, 0x92c00000)
  eden space 87424K,   0% used [0x8ac00000, 0x8ac00000, 0x90160000)
  from space 21824K,   0% used [0x90160000, 0x90162000, 0x916b0000)
  to   space 21824K,   0% used [0x916b0000, 0x916b0000, 0x92c00000)
 concurrent mark-sweep generation total 393216K, used 12662K [0x92c00000, 0xaac00000, 0xaac00000)
 concurrent-mark-sweep perm gen total 35404K, used 22529K [0xaac00000, 0xace93000, 0xb2c00000)
}
2015-02-20T15:55:09.298-0600: 2037.753: Total time for which application threads were stopped: 0.0390260 seconds
{Heap before GC invocations=355 (full 1):
 par new generation   total 109248K, used 87432K [0x8ac00000, 0x92c00000, 0x92c00000)
  eden space 87424K, 100% used [0x8ac00000, 0x90160000, 0x90160000)
  from space 21824K,   0% used [0x90160000, 0x90162000, 0x916b0000)
  to   space 21824K,   0% used [0x916b0000, 0x916b0000, 0x92c00000)
 concurrent mark-sweep generation total 393216K, used 12662K [0x92c00000, 0xaac00000, 0xaac00000)
 concurrent-mark-sweep perm gen total 35404K, used 22529K [0xaac00000, 0xace93000, 0xb2c00000)
2015-02-20T15:55:11.133-0600: 2039.588: [GC2015-02-20T15:55:11.134-0600: 2039.589: [ParNew
Desired survivor size 20112996 bytes, new threshold 8 (max 8)
- age   1:       1256 bytes,       1256 total
- age   2:        336 bytes,       1592 total
- age   3:        216 bytes,       1808 total
- age   4:        328 bytes,       2136 total
- age   5:        176 bytes,       2312 total
- age   6:        328 bytes,       2640 total
- age   7:        376 bytes,       3016 total
- age   8:        200 bytes,       3216 total
: 87432K->10K(109248K), 0.0112020 secs] 100094K->12673K(502464K), 0.0113950 secs] [Times: user=0.03 sys=0.00, real=0.01 secs] 
Heap after GC invocations=356 (full 1):
 par new generation   total 109248K, used 10K [0x8ac00000, 0x92c00000, 0x92c00000)
  eden space 87424K,   0% used [0x8ac00000, 0x8ac00000, 0x90160000)
  from space 21824K,   0% used [0x916b0000, 0x916b2800, 0x92c00000)
  to   space 21824K,   0% used [0x90160000, 0x90160000, 0x916b0000)
 concurrent mark-sweep generation total 393216K, used 12663K [0x92c00000, 0xaac00000, 0xaac00000)
 concurrent-mark-sweep perm gen total 35404K, used 22529K [0xaac00000, 0xace93000, 0xb2c00000)
}
2015-02-20T15:55:11.145-0600: 2039.600: Total time for which application threads were stopped: 0.0141500 seconds
{Heap before GC invocations=356 (full 1):
 par new generation   total 109248K, used 87434K [0x8ac00000, 0x92c00000, 0x92c00000)
  eden space 87424K, 100% used [0x8ac00000, 0x90160000, 0x90160000)
  from space 21824K,   0% used [0x916b0000, 0x916b2800, 0x92c00000)
  to   space 21824K,   0% used [0x90160000, 0x90160000, 0x916b0000)
 concurrent mark-sweep generation total 393216K, used 12663K [0x92c00000, 0xaac00000, 0xaac00000)
 concurrent-mark-sweep perm gen total 35404K, used 22529K [0xaac00000, 0xace93000, 0xb2c00000)
2015-02-20T15:55:12.854-0600: 2041.309: [GC2015-02-20T15:55:12.854-0600: 2041.310: [ParNew
Desired survivor size 20112996 bytes, new threshold 8 (max 8)
- age   1:        904 bytes,        904 total
- age   2:        352 bytes,       1256 total
- age   3:        336 bytes,       1592 total
- age   4:        216 bytes,       1808 total
- age   5:        328 bytes,       2136 total
- age   6:        176 bytes,       2312 total
- age   7:        328 bytes,       2640 total
- age   8:        376 bytes,       3016 total
: 87434K->10K(109248K), 0.0061080 secs] 100097K->12673K(502464K), 0.0063540 secs] [Times: user=0.01 sys=0.00, real=0.01 secs] 
Heap after GC invocations=357 (full 1):
 par new generation   total 109248K, used 10K [0x8ac00000, 0x92c00000, 0x92c00000)
  eden space 87424K,   0% used [0x8ac00000, 0x8ac00000, 0x90160000)
  from space 21824K,   0% used [0x90160000, 0x90162800, 0x916b0000)
  to   space 21824K,   0% used [0x916b0000, 0x916b0000, 0x92c00000)
 concurrent mark-sweep generation total 393216K, used 12663K [0x92c00000, 0xaac00000, 0xaac00000)
 concurrent-mark-sweep perm gen total 35404K, used 22529K [0xaac00000, 0xace93000, 0xb2c00000)
}
2015-02-20T15:55:12.861-0600: 2041.316: Total time for which application threads were stopped: 0.0091960 seconds
{Heap before GC invocations=357 (full 1):
 par new generation   total 109248K, used 87434K [0x8ac00000, 0x92c00000, 0x92c00000)
  eden space 87424K, 100% used [0x8ac00000, 0x90160000, 0x90160000)
  from space 21824K,   0% used [0x90160000, 0x90162800, 0x916b0000)
  to   space 21824K,   0% used [0x916b0000, 0x916b0000, 0x92c00000)
 concurrent mark-sweep generation total 393216K, used 12663K [0x92c00000, 0xaac00000, 0xaac00000)
 concurrent-mark-sweep perm gen total 35404K, used 22529K [0xaac00000, 0xace93000, 0xb2c00000)
2015-02-20T15:55:14.698-0600: 2043.153: [GC2015-02-20T15:55:14.698-0600: 2043.153: [ParNew
Desired survivor size 20112996 bytes, new threshold 8 (max 8)
- age   1:       1368 bytes,       1368 total
- age   2:        152 bytes,       1520 total
- age   3:        328 bytes,       1848 total
- age   4:        336 bytes,       2184 total
- age   5:        216 bytes,       2400 total
- age   6:        328 bytes,       2728 total
- age   7:        176 bytes,       2904 total
- age   8:        328 bytes,       3232 total
: 87434K->6K(109248K), 0.0075420 secs] 100097K->12669K(502464K), 0.0077240 secs] [Times: user=0.01 sys=0.00, real=0.00 secs] 
Heap after GC invocations=358 (full 1):
 par new generation   total 109248K, used 6K [0x8ac00000, 0x92c00000, 0x92c00000)
  eden space 87424K,   0% used [0x8ac00000, 0x8ac00000, 0x90160000)
  from space 21824K,   0% used [0x916b0000, 0x916b1800, 0x92c00000)
  to   space 21824K,   0% used [0x90160000, 0x90160000, 0x916b0000)
 concurrent mark-sweep generation total 393216K, used 12663K [0x92c00000, 0xaac00000, 0xaac00000)
 concurrent-mark-sweep perm gen total 35404K, used 22529K [0xaac00000, 0xace93000, 0xb2c00000)
}
2015-02-20T15:55:14.706-0600: 2043.161: Total time for which application threads were stopped: 0.0105550 seconds
{Heap before GC invocations=358 (full 1):
 par new generation   total 109248K, used 87430K [0x8ac00000, 0x92c00000, 0x92c00000)
  eden space 87424K, 100% used [0x8ac00000, 0x90160000, 0x90160000)
  from space 21824K,   0% used [0x916b0000, 0x916b1800, 0x92c00000)
  to   space 21824K,   0% used [0x90160000, 0x90160000, 0x916b0000)
 concurrent mark-sweep generation total 393216K, used 12663K [0x92c00000, 0xaac00000, 0xaac00000)
 concurrent-mark-sweep perm gen total 35404K, used 22529K [0xaac00000, 0xace93000, 0xb2c00000)
2015-02-20T15:55:16.327-0600: 2044.782: [GC2015-02-20T15:55:16.327-0600: 2044.782: [ParNew
Desired survivor size 20112996 bytes, new threshold 8 (max 8)
- age   1:        952 bytes,        952 total
- age   2:        448 bytes,       1400 total
- age   3:        152 bytes,       1552 total
- age   4:        328 bytes,       1880 total
- age   5:        336 bytes,       2216 total
- age   6:        216 bytes,       2432 total
- age   7:        328 bytes,       2760 total
- age   8:        176 bytes,       2936 total
: 87430K->8K(109248K), 0.0068300 secs] 100093K->12672K(502464K), 0.0070690 secs] [Times: user=0.01 sys=0.00, real=0.01 secs] 
Heap after GC invocations=359 (full 1):
 par new generation   total 109248K, used 8K [0x8ac00000, 0x92c00000, 0x92c00000)
  eden space 87424K,   0% used [0x8ac00000, 0x8ac00000, 0x90160000)
  from space 21824K,   0% used [0x90160000, 0x90162000, 0x916b0000)
  to   space 21824K,   0% used [0x916b0000, 0x916b0000, 0x92c00000)
 concurrent mark-sweep generation total 393216K, used 12664K [0x92c00000, 0xaac00000, 0xaac00000)
 concurrent-mark-sweep perm gen total 35404K, used 22529K [0xaac00000, 0xace93000, 0xb2c00000)
}
2015-02-20T15:55:16.334-0600: 2044.789: Total time for which application threads were stopped: 0.0098170 seconds
{Heap before GC invocations=359 (full 1):
 par new generation   total 109248K, used 87432K [0x8ac00000, 0x92c00000, 0x92c00000)
  eden space 87424K, 100% used [0x8ac00000, 0x90160000, 0x90160000)
  from space 21824K,   0% used [0x90160000, 0x90162000, 0x916b0000)
  to   space 21824K,   0% used [0x916b0000, 0x916b0000, 0x92c00000)
 concurrent mark-sweep generation total 393216K, used 12664K [0x92c00000, 0xaac00000, 0xaac00000)
 concurrent-mark-sweep perm gen total 35404K, used 22529K [0xaac00000, 0xace93000, 0xb2c00000)
2015-02-20T15:55:17.998-0600: 2046.454: [GC2015-02-20T15:55:17.999-0600: 2046.454: [ParNew
Desired survivor size 20112996 bytes, new threshold 8 (max 8)
- age   1:        672 bytes,        672 total
- age   2:        480 bytes,       1152 total
- age   3:        448 bytes,       1600 total
- age   4:        152 bytes,       1752 total
- age   5:        328 bytes,       2080 total
- age   6:        336 bytes,       2416 total
- age   7:        216 bytes,       2632 total
- age   8:        328 bytes,       2960 total
: 87432K->6K(109248K), 0.0116030 secs] 100096K->12670K(502464K), 0.0118100 secs] [Times: user=0.02 sys=0.00, real=0.01 secs] 
Heap after GC invocations=360 (full 1):
 par new generation   total 109248K, used 6K [0x8ac00000, 0x92c00000, 0x92c00000)
  eden space 87424K,   0% used [0x8ac00000, 0x8ac00000, 0x90160000)
  from space 21824K,   0% used [0x916b0000, 0x916b1800, 0x92c00000)
  to   space 21824K,   0% used [0x90160000, 0x90160000, 0x916b0000)
 concurrent mark-sweep generation total 393216K, used 12664K [0x92c00000, 0xaac00000, 0xaac00000)
 concurrent-mark-sweep perm gen total 35404K, used 22529K [0xaac00000, 0xace93000, 0xb2c00000)
}
2015-02-20T15:55:18.010-0600: 2046.465: Total time for which application threads were stopped: 0.0146740 seconds
{Heap before GC invocations=360 (full 1):
 par new generation   total 109248K, used 87430K [0x8ac00000, 0x92c00000, 0x92c00000)
  eden space 87424K, 100% used [0x8ac00000, 0x90160000, 0x90160000)
  from space 21824K,   0% used [0x916b0000, 0x916b1800, 0x92c00000)
  to   space 21824K,   0% used [0x90160000, 0x90160000, 0x916b0000)
 concurrent mark-sweep generation total 393216K, used 12664K [0x92c00000, 0xaac00000, 0xaac00000)
 concurrent-mark-sweep perm gen total 35404K, used 22529K [0xaac00000, 0xace93000, 0xb2c00000)
2015-02-20T15:55:19.635-0600: 2048.090: [GC2015-02-20T15:55:19.635-0600: 2048.090: [ParNew
Desired survivor size 20112996 bytes, new threshold 8 (max 8)
- age   1:       1256 bytes,       1256 total
- age   2:        200 bytes,       1456 total
- age   3:        352 bytes,       1808 total
- age   4:        448 bytes,       2256 total
- age   5:        152 bytes,       2408 total
- age   6:        328 bytes,       2736 total
- age   7:        336 bytes,       3072 total
- age   8:        216 bytes,       3288 total
: 87430K->8K(109248K), 0.0083980 secs] 100094K->12672K(502464K), 0.0085980 secs] [Times: user=0.01 sys=0.00, real=0.01 secs] 
Heap after GC invocations=361 (full 1):
 par new generation   total 109248K, used 8K [0x8ac00000, 0x92c00000, 0x92c00000)
  eden space 87424K,   0% used [0x8ac00000, 0x8ac00000, 0x90160000)
  from space 21824K,   0% used [0x90160000, 0x90162000, 0x916b0000)
  to   space 21824K,   0% used [0x916b0000, 0x916b0000, 0x92c00000)
 concurrent mark-sweep generation total 393216K, used 12664K [0x92c00000, 0xaac00000, 0xaac00000)
 concurrent-mark-sweep perm gen total 35404K, used 22529K [0xaac00000, 0xace93000, 0xb2c00000)
}
2015-02-20T15:55:19.644-0600: 2048.099: Total time for which application threads were stopped: 0.0113720 seconds
{Heap before GC invocations=361 (full 1):
 par new generation   total 109248K, used 87432K [0x8ac00000, 0x92c00000, 0x92c00000)
  eden space 87424K, 100% used [0x8ac00000, 0x90160000, 0x90160000)
  from space 21824K,   0% used [0x90160000, 0x90162000, 0x916b0000)
  to   space 21824K,   0% used [0x916b0000, 0x916b0000, 0x92c00000)
 concurrent mark-sweep generation total 393216K, used 12664K [0x92c00000, 0xaac00000, 0xaac00000)
 concurrent-mark-sweep perm gen total 35404K, used 22529K [0xaac00000, 0xace93000, 0xb2c00000)
2015-02-20T15:55:21.273-0600: 2049.728: [GC2015-02-20T15:55:21.274-0600: 2049.729: [ParNew
Desired survivor size 20112996 bytes, new threshold 8 (max 8)
- age   1:       1304 bytes,       1304 total
- age   2:        328 bytes,       1632 total
- age   3:        200 bytes,       1832 total
- age   4:        352 bytes,       2184 total
- age   5:        448 bytes,       2632 total
- age   6:        152 bytes,       2784 total
- age   7:        328 bytes,       3112 total
- age   8:        336 bytes,       3448 total
: 87432K->10K(109248K), 0.0066100 secs] 100096K->12674K(502464K), 0.0068050 secs] [Times: user=0.01 sys=0.00, real=0.01 secs] 
Heap after GC invocations=362 (full 1):
 par new generation   total 109248K, used 10K [0x8ac00000, 0x92c00000, 0x92c00000)
  eden space 87424K,   0% used [0x8ac00000, 0x8ac00000, 0x90160000)
  from space 21824K,   0% used [0x916b0000, 0x916b2800, 0x92c00000)
  to   space 21824K,   0% used [0x90160000, 0x90160000, 0x916b0000)
 concurrent mark-sweep generation total 393216K, used 12664K [0x92c00000, 0xaac00000, 0xaac00000)
 concurrent-mark-sweep perm gen total 35404K, used 22529K [0xaac00000, 0xace93000, 0xb2c00000)
}
2015-02-20T15:55:21.280-0600: 2049.735: Total time for which application threads were stopped: 0.0094710 seconds
{Heap before GC invocations=362 (full 1):
 par new generation   total 109248K, used 87434K [0x8ac00000, 0x92c00000, 0x92c00000)
  eden space 87424K, 100% used [0x8ac00000, 0x90160000, 0x90160000)
  from space 21824K,   0% used [0x916b0000, 0x916b2800, 0x92c00000)
  to   space 21824K,   0% used [0x90160000, 0x90160000, 0x916b0000)
 concurrent mark-sweep generation total 393216K, used 12664K [0x92c00000, 0xaac00000, 0xaac00000)
 concurrent-mark-sweep perm gen total 35404K, used 22529K [0xaac00000, 0xace93000, 0xb2c00000)
2015-02-20T15:55:22.849-0600: 2051.304: [GC2015-02-20T15:55:22.849-0600: 2051.304: [ParNew
Desired survivor size 20112996 bytes, new threshold 8 (max 8)
- age   1:        936 bytes,        936 total
- age   2:        400 bytes,       1336 total
- age   3:        328 bytes,       1664 total
- age   4:        200 bytes,       1864 total
- age   5:        352 bytes,       2216 total
- age   6:        448 bytes,       2664 total
- age   7:        152 bytes,       2816 total
- age   8:        328 bytes,       3144 total
: 87434K->6K(109248K), 0.0075990 secs] 100098K->12671K(502464K), 0.0077860 secs] [Times: user=0.02 sys=0.00, real=0.00 secs] 
Heap after GC invocations=363 (full 1):
 par new generation   total 109248K, used 6K [0x8ac00000, 0x92c00000, 0x92c00000)
  eden space 87424K,   0% used [0x8ac00000, 0x8ac00000, 0x90160000)
  from space 21824K,   0% used [0x90160000, 0x90161800, 0x916b0000)
  to   space 21824K,   0% used [0x916b0000, 0x916b0000, 0x92c00000)
 concurrent mark-sweep generation total 393216K, used 12665K [0x92c00000, 0xaac00000, 0xaac00000)
 concurrent-mark-sweep perm gen total 35404K, used 22529K [0xaac00000, 0xace93000, 0xb2c00000)
}
2015-02-20T15:55:22.857-0600: 2051.312: Total time for which application threads were stopped: 0.0105220 seconds
{Heap before GC invocations=363 (full 1):
 par new generation   total 109248K, used 87430K [0x8ac00000, 0x92c00000, 0x92c00000)
  eden space 87424K, 100% used [0x8ac00000, 0x90160000, 0x90160000)
  from space 21824K,   0% used [0x90160000, 0x90161800, 0x916b0000)
  to   space 21824K,   0% used [0x916b0000, 0x916b0000, 0x92c00000)
 concurrent mark-sweep generation total 393216K, used 12665K [0x92c00000, 0xaac00000, 0xaac00000)
 concurrent-mark-sweep perm gen total 35404K, used 22529K [0xaac00000, 0xace93000, 0xb2c00000)
2015-02-20T15:55:24.389-0600: 2052.844: [GC2015-02-20T15:55:24.389-0600: 2052.844: [ParNew
Desired survivor size 20112996 bytes, new threshold 8 (max 8)
- age   1:       1024 bytes,       1024 total
- age   2:        128 bytes,       1152 total
- age   3:        376 bytes,       1528 total
- age   4:        328 bytes,       1856 total
- age   5:        200 bytes,       2056 total
- age   6:        352 bytes,       2408 total
- age   7:        448 bytes,       2856 total
- age   8:        152 bytes,       3008 total
: 87430K->6K(109248K), 0.0078010 secs] 100095K->12671K(502464K), 0.0080320 secs] [Times: user=0.02 sys=0.00, real=0.00 secs] 
Heap after GC invocations=364 (full 1):
 par new generation   total 109248K, used 6K [0x8ac00000, 0x92c00000, 0x92c00000)
  eden space 87424K,   0% used [0x8ac00000, 0x8ac00000, 0x90160000)
  from space 21824K,   0% used [0x916b0000, 0x916b1800, 0x92c00000)
  to   space 21824K,   0% used [0x90160000, 0x90160000, 0x916b0000)
 concurrent mark-sweep generation total 393216K, used 12665K [0x92c00000, 0xaac00000, 0xaac00000)
 concurrent-mark-sweep perm gen total 35404K, used 22529K [0xaac00000, 0xace93000, 0xb2c00000)
}
2015-02-20T15:55:24.397-0600: 2052.852: Total time for which application threads were stopped: 0.0108200 seconds
{Heap before GC invocations=364 (full 1):
 par new generation   total 109248K, used 87430K [0x8ac00000, 0x92c00000, 0x92c00000)
  eden space 87424K, 100% used [0x8ac00000, 0x90160000, 0x90160000)
  from space 21824K,   0% used [0x916b0000, 0x916b1800, 0x92c00000)
  to   space 21824K,   0% used [0x90160000, 0x90160000, 0x916b0000)
 concurrent mark-sweep generation total 393216K, used 12665K [0x92c00000, 0xaac00000, 0xaac00000)
 concurrent-mark-sweep perm gen total 35404K, used 22529K [0xaac00000, 0xace93000, 0xb2c00000)
2015-02-20T15:55:25.977-0600: 2054.432: [GC2015-02-20T15:55:25.977-0600: 2054.432: [ParNew
Desired survivor size 20112996 bytes, new threshold 8 (max 8)
- age   1:        704 bytes,        704 total
- age   2:        456 bytes,       1160 total
- age   3:        128 bytes,       1288 total
- age   4:        376 bytes,       1664 total
- age   5:        328 bytes,       1992 total
- age   6:        200 bytes,       2192 total
- age   7:        352 bytes,       2544 total
- age   8:        448 bytes,       2992 total
: 87430K->8K(109248K), 0.0059470 secs] 100095K->12673K(502464K), 0.0061610 secs] [Times: user=0.02 sys=0.00, real=0.01 secs] 
Heap after GC invocations=365 (full 1):
 par new generation   total 109248K, used 8K [0x8ac00000, 0x92c00000, 0x92c00000)
  eden space 87424K,   0% used [0x8ac00000, 0x8ac00000, 0x90160000)
  from space 21824K,   0% used [0x90160000, 0x90162000, 0x916b0000)
  to   space 21824K,   0% used [0x916b0000, 0x916b0000, 0x92c00000)
 concurrent mark-sweep generation total 393216K, used 12665K [0x92c00000, 0xaac00000, 0xaac00000)
 concurrent-mark-sweep perm gen total 35404K, used 22529K [0xaac00000, 0xace93000, 0xb2c00000)
}
2015-02-20T15:55:25.983-0600: 2054.438: Total time for which application threads were stopped: 0.0088450 seconds
{Heap before GC invocations=365 (full 1):
 par new generation   total 109248K, used 87432K [0x8ac00000, 0x92c00000, 0x92c00000)
  eden space 87424K, 100% used [0x8ac00000, 0x90160000, 0x90160000)
  from space 21824K,   0% used [0x90160000, 0x90162000, 0x916b0000)
  to   space 21824K,   0% used [0x916b0000, 0x916b0000, 0x92c00000)
 concurrent mark-sweep generation total 393216K, used 12665K [0x92c00000, 0xaac00000, 0xaac00000)
 concurrent-mark-sweep perm gen total 35404K, used 22529K [0xaac00000, 0xace93000, 0xb2c00000)
2015-02-20T15:55:27.542-0600: 2055.997: [GC2015-02-20T15:55:27.542-0600: 2055.997: [ParNew
Desired survivor size 20112996 bytes, new threshold 8 (max 8)
- age   1:       1288 bytes,       1288 total
- age   2:        200 bytes,       1488 total
- age   3:        328 bytes,       1816 total
- age   4:        128 bytes,       1944 total
- age   5:        376 bytes,       2320 total
- age   6:        328 bytes,       2648 total
- age   7:        200 bytes,       2848 total
- age   8:        352 bytes,       3200 total
: 87432K->8K(109248K), 0.0058700 secs] 100097K->12674K(502464K), 0.0060950 secs] [Times: user=0.01 sys=0.00, real=0.01 secs] 
Heap after GC invocations=366 (full 1):
 par new generation   total 109248K, used 8K [0x8ac00000, 0x92c00000, 0x92c00000)
  eden space 87424K,   0% used [0x8ac00000, 0x8ac00000, 0x90160000)
  from space 21824K,   0% used [0x916b0000, 0x916b2000, 0x92c00000)
  to   space 21824K,   0% used [0x90160000, 0x90160000, 0x916b0000)
 concurrent mark-sweep generation total 393216K, used 12666K [0x92c00000, 0xaac00000, 0xaac00000)
 concurrent-mark-sweep perm gen total 35404K, used 22529K [0xaac00000, 0xace93000, 0xb2c00000)
}
2015-02-20T15:55:27.548-0600: 2056.003: Total time for which application threads were stopped: 0.0089780 seconds
{Heap before GC invocations=366 (full 1):
 par new generation   total 109248K, used 87432K [0x8ac00000, 0x92c00000, 0x92c00000)
  eden space 87424K, 100% used [0x8ac00000, 0x90160000, 0x90160000)
  from space 21824K,   0% used [0x916b0000, 0x916b2000, 0x92c00000)
  to   space 21824K,   0% used [0x90160000, 0x90160000, 0x916b0000)
 concurrent mark-sweep generation total 393216K, used 12666K [0x92c00000, 0xaac00000, 0xaac00000)
 concurrent-mark-sweep perm gen total 35404K, used 22529K [0xaac00000, 0xace93000, 0xb2c00000)
2015-02-20T15:55:29.172-0600: 2057.627: [GC2015-02-20T15:55:29.172-0600: 2057.627: [ParNew
Desired survivor size 20112996 bytes, new threshold 8 (max 8)
- age   1:       1304 bytes,       1304 total
- age   2:        488 bytes,       1792 total
- age   3:        200 bytes,       1992 total
- age   4:        328 bytes,       2320 total
- age   5:        128 bytes,       2448 total
- age   6:        376 bytes,       2824 total
- age   7:        328 bytes,       3152 total
- age   8:        200 bytes,       3352 total
: 87432K->8K(109248K), 0.0074950 secs] 100098K->12674K(502464K), 0.0077160 secs] [Times: user=0.01 sys=0.00, real=0.01 secs] 
Heap after GC invocations=367 (full 1):
 par new generation   total 109248K, used 8K [0x8ac00000, 0x92c00000, 0x92c00000)
  eden space 87424K,   0% used [0x8ac00000, 0x8ac00000, 0x90160000)
  from space 21824K,   0% used [0x90160000, 0x90162000, 0x916b0000)
  to   space 21824K,   0% used [0x916b0000, 0x916b0000, 0x92c00000)
 concurrent mark-sweep generation total 393216K, used 12666K [0x92c00000, 0xaac00000, 0xaac00000)
 concurrent-mark-sweep perm gen total 35404K, used 22529K [0xaac00000, 0xace93000, 0xb2c00000)
}
2015-02-20T15:55:29.180-0600: 2057.635: Total time for which application threads were stopped: 0.0105220 seconds
{Heap before GC invocations=367 (full 1):
 par new generation   total 109248K, used 87432K [0x8ac00000, 0x92c00000, 0x92c00000)
  eden space 87424K, 100% used [0x8ac00000, 0x90160000, 0x90160000)
  from space 21824K,   0% used [0x90160000, 0x90162000, 0x916b0000)
  to   space 21824K,   0% used [0x916b0000, 0x916b0000, 0x92c00000)
 concurrent mark-sweep generation total 393216K, used 12666K [0x92c00000, 0xaac00000, 0xaac00000)
 concurrent-mark-sweep perm gen total 35404K, used 22529K [0xaac00000, 0xace93000, 0xb2c00000)
2015-02-20T15:55:30.792-0600: 2059.247: [GC2015-02-20T15:55:30.792-0600: 2059.247: [ParNew
Desired survivor size 20112996 bytes, new threshold 8 (max 8)
- age   1:       1032 bytes,       1032 total
- age   2:        400 bytes,       1432 total
- age   3:        488 bytes,       1920 total
- age   4:        200 bytes,       2120 total
- age   5:        328 bytes,       2448 total
- age   6:        128 bytes,       2576 total
- age   7:        376 bytes,       2952 total
- age   8:        328 bytes,       3280 total
: 87432K->10K(109248K), 0.0061030 secs] 100098K->12676K(502464K), 0.0063140 secs] [Times: user=0.01 sys=0.00, real=0.01 secs] 
Heap after GC invocations=368 (full 1):
 par new generation   total 109248K, used 10K [0x8ac00000, 0x92c00000, 0x92c00000)
  eden space 87424K,   0% used [0x8ac00000, 0x8ac00000, 0x90160000)
  from space 21824K,   0% used [0x916b0000, 0x916b2800, 0x92c00000)
  to   space 21824K,   0% used [0x90160000, 0x90160000, 0x916b0000)
 concurrent mark-sweep generation total 393216K, used 12666K [0x92c00000, 0xaac00000, 0xaac00000)
 concurrent-mark-sweep perm gen total 35404K, used 22529K [0xaac00000, 0xace93000, 0xb2c00000)
}
2015-02-20T15:55:30.799-0600: 2059.254: Total time for which application threads were stopped: 0.0090630 seconds
{Heap before GC invocations=368 (full 1):
 par new generation   total 109248K, used 87434K [0x8ac00000, 0x92c00000, 0x92c00000)
  eden space 87424K, 100% used [0x8ac00000, 0x90160000, 0x90160000)
  from space 21824K,   0% used [0x916b0000, 0x916b2800, 0x92c00000)
  to   space 21824K,   0% used [0x90160000, 0x90160000, 0x916b0000)
 concurrent mark-sweep generation total 393216K, used 12666K [0x92c00000, 0xaac00000, 0xaac00000)
 concurrent-mark-sweep perm gen total 35404K, used 22529K [0xaac00000, 0xace93000, 0xb2c00000)
2015-02-20T15:55:32.487-0600: 2060.942: [GC2015-02-20T15:55:32.487-0600: 2060.942: [ParNew
Desired survivor size 20112996 bytes, new threshold 8 (max 8)
- age   1:       1160 bytes,       1160 total
- age   2:        128 bytes,       1288 total
- age   3:        376 bytes,       1664 total
- age   4:        488 bytes,       2152 total
- age   5:        200 bytes,       2352 total
- age   6:        328 bytes,       2680 total
- age   7:        128 bytes,       2808 total
- age   8:        376 bytes,       3184 total
: 87434K->6K(109248K), 0.0077340 secs] 100100K->12672K(502464K), 0.0079080 secs] [Times: user=0.01 sys=0.00, real=0.01 secs] 
Heap after GC invocations=369 (full 1):
 par new generation   total 109248K, used 6K [0x8ac00000, 0x92c00000, 0x92c00000)
  eden space 87424K,   0% used [0x8ac00000, 0x8ac00000, 0x90160000)
  from space 21824K,   0% used [0x90160000, 0x90161800, 0x916b0000)
  to   space 21824K,   0% used [0x916b0000, 0x916b0000, 0x92c00000)
 concurrent mark-sweep generation total 393216K, used 12666K [0x92c00000, 0xaac00000, 0xaac00000)
 concurrent-mark-sweep perm gen total 35404K, used 22529K [0xaac00000, 0xace93000, 0xb2c00000)
}
2015-02-20T15:55:32.495-0600: 2060.950: Total time for which application threads were stopped: 0.0108180 seconds
{Heap before GC invocations=369 (full 1):
 par new generation   total 109248K, used 87430K [0x8ac00000, 0x92c00000, 0x92c00000)
  eden space 87424K, 100% used [0x8ac00000, 0x90160000, 0x90160000)
  from space 21824K,   0% used [0x90160000, 0x90161800, 0x916b0000)
  to   space 21824K,   0% used [0x916b0000, 0x916b0000, 0x92c00000)
 concurrent mark-sweep generation total 393216K, used 12666K [0x92c00000, 0xaac00000, 0xaac00000)
 concurrent-mark-sweep perm gen total 35404K, used 22529K [0xaac00000, 0xace93000, 0xb2c00000)
2015-02-20T15:55:34.128-0600: 2062.583: [GC2015-02-20T15:55:34.128-0600: 2062.583: [ParNew
Desired survivor size 20112996 bytes, new threshold 8 (max 8)
- age   1:        864 bytes,        864 total
- age   2:        456 bytes,       1320 total
- age   3:        128 bytes,       1448 total
- age   4:        376 bytes,       1824 total
- age   5:        488 bytes,       2312 total
- age   6:        200 bytes,       2512 total
- age   7:        328 bytes,       2840 total
- age   8:        128 bytes,       2968 total
: 87430K->6K(109248K), 0.0076320 secs] 100096K->12673K(502464K), 0.0078380 secs] [Times: user=0.01 sys=0.00, real=0.00 secs] 
Heap after GC invocations=370 (full 1):
 par new generation   total 109248K, used 6K [0x8ac00000, 0x92c00000, 0x92c00000)
  eden space 87424K,   0% used [0x8ac00000, 0x8ac00000, 0x90160000)
  from space 21824K,   0% used [0x916b0000, 0x916b1800, 0x92c00000)
  to   space 21824K,   0% used [0x90160000, 0x90160000, 0x916b0000)
 concurrent mark-sweep generation total 393216K, used 12667K [0x92c00000, 0xaac00000, 0xaac00000)
 concurrent-mark-sweep perm gen total 35404K, used 22529K [0xaac00000, 0xace93000, 0xb2c00000)
}
2015-02-20T15:55:34.136-0600: 2062.591: Total time for which application threads were stopped: 0.0106530 seconds
{Heap before GC invocations=370 (full 1):
 par new generation   total 109248K, used 87430K [0x8ac00000, 0x92c00000, 0x92c00000)
  eden space 87424K, 100% used [0x8ac00000, 0x90160000, 0x90160000)
  from space 21824K,   0% used [0x916b0000, 0x916b1800, 0x92c00000)
  to   space 21824K,   0% used [0x90160000, 0x90160000, 0x916b0000)
 concurrent mark-sweep generation total 393216K, used 12667K [0x92c00000, 0xaac00000, 0xaac00000)
 concurrent-mark-sweep perm gen total 35404K, used 22529K [0xaac00000, 0xace93000, 0xb2c00000)
2015-02-20T15:55:35.764-0600: 2064.219: [GC2015-02-20T15:55:35.764-0600: 2064.219: [ParNew
Desired survivor size 20112996 bytes, new threshold 8 (max 8)
- age   1:       1112 bytes,       1112 total
- age   2:        216 bytes,       1328 total
- age   3:        328 bytes,       1656 total
- age   4:        128 bytes,       1784 total
- age   5:        376 bytes,       2160 total
- age   6:        488 bytes,       2648 total
- age   7:        200 bytes,       2848 total
- age   8:        328 bytes,       3176 total
: 87430K->6K(109248K), 0.0117230 secs] 100097K->12673K(502464K), 0.0120120 secs] [Times: user=0.02 sys=0.00, real=0.01 secs] 
Heap after GC invocations=371 (full 1):
 par new generation   total 109248K, used 6K [0x8ac00000, 0x92c00000, 0x92c00000)
  eden space 87424K,   0% used [0x8ac00000, 0x8ac00000, 0x90160000)
  from space 21824K,   0% used [0x90160000, 0x90161800, 0x916b0000)
  to   space 21824K,   0% used [0x916b0000, 0x916b0000, 0x92c00000)
 concurrent mark-sweep generation total 393216K, used 12667K [0x92c00000, 0xaac00000, 0xaac00000)
 concurrent-mark-sweep perm gen total 35404K, used 22529K [0xaac00000, 0xace93000, 0xb2c00000)
}
2015-02-20T15:55:35.776-0600: 2064.231: Total time for which application threads were stopped: 0.0148550 seconds
{Heap before GC invocations=371 (full 1):
 par new generation   total 109248K, used 87430K [0x8ac00000, 0x92c00000, 0x92c00000)
  eden space 87424K, 100% used [0x8ac00000, 0x90160000, 0x90160000)
  from space 21824K,   0% used [0x90160000, 0x90161800, 0x916b0000)
  to   space 21824K,   0% used [0x916b0000, 0x916b0000, 0x92c00000)
 concurrent mark-sweep generation total 393216K, used 12667K [0x92c00000, 0xaac00000, 0xaac00000)
 concurrent-mark-sweep perm gen total 35404K, used 22529K [0xaac00000, 0xace93000, 0xb2c00000)
2015-02-20T15:55:37.352-0600: 2065.808: [GC2015-02-20T15:55:37.353-0600: 2065.808: [ParNew
Desired survivor size 20112996 bytes, new threshold 8 (max 8)
- age   1:       1056 bytes,       1056 total
- age   2:        336 bytes,       1392 total
- age   3:        216 bytes,       1608 total
- age   4:        328 bytes,       1936 total
- age   5:        128 bytes,       2064 total
- age   6:        376 bytes,       2440 total
- age   7:        488 bytes,       2928 total
- age   8:        200 bytes,       3128 total
: 87430K->10K(109248K), 0.0056160 secs] 100097K->12677K(502464K), 0.0058410 secs] [Times: user=0.01 sys=0.00, real=0.01 secs] 
Heap after GC invocations=372 (full 1):
 par new generation   total 109248K, used 10K [0x8ac00000, 0x92c00000, 0x92c00000)
  eden space 87424K,   0% used [0x8ac00000, 0x8ac00000, 0x90160000)
  from space 21824K,   0% used [0x916b0000, 0x916b2800, 0x92c00000)
  to   space 21824K,   0% used [0x90160000, 0x90160000, 0x916b0000)
 concurrent mark-sweep generation total 393216K, used 12667K [0x92c00000, 0xaac00000, 0xaac00000)
 concurrent-mark-sweep perm gen total 35404K, used 22529K [0xaac00000, 0xace93000, 0xb2c00000)
}
2015-02-20T15:55:37.358-0600: 2065.813: Total time for which application threads were stopped: 0.0088440 seconds
{Heap before GC invocations=372 (full 1):
 par new generation   total 109248K, used 87434K [0x8ac00000, 0x92c00000, 0x92c00000)
  eden space 87424K, 100% used [0x8ac00000, 0x90160000, 0x90160000)
  from space 21824K,   0% used [0x916b0000, 0x916b2800, 0x92c00000)
  to   space 21824K,   0% used [0x90160000, 0x90160000, 0x916b0000)
 concurrent mark-sweep generation total 393216K, used 12667K [0x92c00000, 0xaac00000, 0xaac00000)
 concurrent-mark-sweep perm gen total 35404K, used 22529K [0xaac00000, 0xace93000, 0xb2c00000)
2015-02-20T15:55:38.874-0600: 2067.330: [GC2015-02-20T15:55:38.875-0600: 2067.330: [ParNew
Desired survivor size 20112996 bytes, new threshold 8 (max 8)
- age   1:        904 bytes,        904 total
- age   2:        400 bytes,       1304 total
- age   3:        336 bytes,       1640 total
- age   4:        216 bytes,       1856 total
- age   5:        328 bytes,       2184 total
- age   6:        128 bytes,       2312 total
- age   7:        376 bytes,       2688 total
- age   8:        488 bytes,       3176 total
: 87434K->8K(109248K), 0.0055650 secs] 100101K->12675K(502464K), 0.0057990 secs] [Times: user=0.01 sys=0.01, real=0.01 secs] 
Heap after GC invocations=373 (full 1):
 par new generation   total 109248K, used 8K [0x8ac00000, 0x92c00000, 0x92c00000)
  eden space 87424K,   0% used [0x8ac00000, 0x8ac00000, 0x90160000)
  from space 21824K,   0% used [0x90160000, 0x90162000, 0x916b0000)
  to   space 21824K,   0% used [0x916b0000, 0x916b0000, 0x92c00000)
 concurrent mark-sweep generation total 393216K, used 12667K [0x92c00000, 0xaac00000, 0xaac00000)
 concurrent-mark-sweep perm gen total 35404K, used 22529K [0xaac00000, 0xace93000, 0xb2c00000)
}
2015-02-20T15:55:38.880-0600: 2067.335: Total time for which application threads were stopped: 0.0085640 seconds
{Heap before GC invocations=373 (full 1):
 par new generation   total 109248K, used 87432K [0x8ac00000, 0x92c00000, 0x92c00000)
  eden space 87424K, 100% used [0x8ac00000, 0x90160000, 0x90160000)
  from space 21824K,   0% used [0x90160000, 0x90162000, 0x916b0000)
  to   space 21824K,   0% used [0x916b0000, 0x916b0000, 0x92c00000)
 concurrent mark-sweep generation total 393216K, used 12667K [0x92c00000, 0xaac00000, 0xaac00000)
 concurrent-mark-sweep perm gen total 35404K, used 22529K [0xaac00000, 0xace93000, 0xb2c00000)
2015-02-20T15:55:40.393-0600: 2068.848: [GC2015-02-20T15:55:40.393-0600: 2068.848: [ParNew
Desired survivor size 20112996 bytes, new threshold 8 (max 8)
- age   1:       1480 bytes,       1480 total
- age   2:        152 bytes,       1632 total
- age   3:        376 bytes,       2008 total
- age   4:        336 bytes,       2344 total
- age   5:        216 bytes,       2560 total
- age   6:        328 bytes,       2888 total
- age   7:        128 bytes,       3016 total
- age   8:        376 bytes,       3392 total
: 87432K->8K(109248K), 0.0061960 secs] 100099K->12676K(502464K), 0.0063920 secs] [Times: user=0.01 sys=0.00, real=0.01 secs] 
Heap after GC invocations=374 (full 1):
 par new generation   total 109248K, used 8K [0x8ac00000, 0x92c00000, 0x92c00000)
  eden space 87424K,   0% used [0x8ac00000, 0x8ac00000, 0x90160000)
  from space 21824K,   0% used [0x916b0000, 0x916b2000, 0x92c00000)
  to   space 21824K,   0% used [0x90160000, 0x90160000, 0x916b0000)
 concurrent mark-sweep generation total 393216K, used 12668K [0x92c00000, 0xaac00000, 0xaac00000)
 concurrent-mark-sweep perm gen total 35404K, used 22529K [0xaac00000, 0xace93000, 0xb2c00000)
}
2015-02-20T15:55:40.400-0600: 2068.855: Total time for which application threads were stopped: 0.0091880 seconds
{Heap before GC invocations=374 (full 1):
 par new generation   total 109248K, used 87432K [0x8ac00000, 0x92c00000, 0x92c00000)
  eden space 87424K, 100% used [0x8ac00000, 0x90160000, 0x90160000)
  from space 21824K,   0% used [0x916b0000, 0x916b2000, 0x92c00000)
  to   space 21824K,   0% used [0x90160000, 0x90160000, 0x916b0000)
 concurrent mark-sweep generation total 393216K, used 12668K [0x92c00000, 0xaac00000, 0xaac00000)
 concurrent-mark-sweep perm gen total 35404K, used 22529K [0xaac00000, 0xace93000, 0xb2c00000)
2015-02-20T15:55:41.900-0600: 2070.355: [GC2015-02-20T15:55:41.900-0600: 2070.355: [ParNew
Desired survivor size 20112996 bytes, new threshold 8 (max 8)
- age   1:        672 bytes,        672 total
- age   2:        504 bytes,       1176 total
- age   3:        152 bytes,       1328 total
- age   4:        376 bytes,       1704 total
- age   5:        336 bytes,       2040 total
- age   6:        216 bytes,       2256 total
- age   7:        328 bytes,       2584 total
- age   8:        128 bytes,       2712 total
: 87432K->6K(109248K), 0.0075820 secs] 100100K->12674K(502464K), 0.0078670 secs] [Times: user=0.01 sys=0.00, real=0.01 secs] 
Heap after GC invocations=375 (full 1):
 par new generation   total 109248K, used 6K [0x8ac00000, 0x92c00000, 0x92c00000)
  eden space 87424K,   0% used [0x8ac00000, 0x8ac00000, 0x90160000)
  from space 21824K,   0% used [0x90160000, 0x90161800, 0x916b0000)
  to   space 21824K,   0% used [0x916b0000, 0x916b0000, 0x92c00000)
 concurrent mark-sweep generation total 393216K, used 12668K [0x92c00000, 0xaac00000, 0xaac00000)
 concurrent-mark-sweep perm gen total 35404K, used 22529K [0xaac00000, 0xace93000, 0xb2c00000)
}
2015-02-20T15:55:41.908-0600: 2070.363: Total time for which application threads were stopped: 0.0106350 seconds
{Heap before GC invocations=375 (full 1):
 par new generation   total 109248K, used 87430K [0x8ac00000, 0x92c00000, 0x92c00000)
  eden space 87424K, 100% used [0x8ac00000, 0x90160000, 0x90160000)
  from space 21824K,   0% used [0x90160000, 0x90161800, 0x916b0000)
  to   space 21824K,   0% used [0x916b0000, 0x916b0000, 0x92c00000)
 concurrent mark-sweep generation total 393216K, used 12668K [0x92c00000, 0xaac00000, 0xaac00000)
 concurrent-mark-sweep perm gen total 35404K, used 22529K [0xaac00000, 0xace93000, 0xb2c00000)
2015-02-20T15:55:43.426-0600: 2071.881: [GC2015-02-20T15:55:43.426-0600: 2071.881: [ParNew
Desired survivor size 20112996 bytes, new threshold 8 (max 8)
- age   1:       1104 bytes,       1104 total
- age   2:        200 bytes,       1304 total
- age   3:        376 bytes,       1680 total
- age   4:        152 bytes,       1832 total
- age   5:        376 bytes,       2208 total
- age   6:        336 bytes,       2544 total
- age   7:        216 bytes,       2760 total
- age   8:        328 bytes,       3088 total
: 87430K->6K(109248K), 0.0079070 secs] 100098K->12674K(502464K), 0.0081820 secs] [Times: user=0.01 sys=0.00, real=0.01 secs] 
Heap after GC invocations=376 (full 1):
 par new generation   total 109248K, used 6K [0x8ac00000, 0x92c00000, 0x92c00000)
  eden space 87424K,   0% used [0x8ac00000, 0x8ac00000, 0x90160000)
  from space 21824K,   0% used [0x916b0000, 0x916b1800, 0x92c00000)
  to   space 21824K,   0% used [0x90160000, 0x90160000, 0x916b0000)
 concurrent mark-sweep generation total 393216K, used 12668K [0x92c00000, 0xaac00000, 0xaac00000)
 concurrent-mark-sweep perm gen total 35404K, used 22529K [0xaac00000, 0xace93000, 0xb2c00000)
}
2015-02-20T15:55:43.434-0600: 2071.889: Total time for which application threads were stopped: 0.0110200 seconds
{Heap before GC invocations=376 (full 1):
 par new generation   total 109248K, used 87430K [0x8ac00000, 0x92c00000, 0x92c00000)
  eden space 87424K, 100% used [0x8ac00000, 0x90160000, 0x90160000)
  from space 21824K,   0% used [0x916b0000, 0x916b1800, 0x92c00000)
  to   space 21824K,   0% used [0x90160000, 0x90160000, 0x916b0000)
 concurrent mark-sweep generation total 393216K, used 12668K [0x92c00000, 0xaac00000, 0xaac00000)
 concurrent-mark-sweep perm gen total 35404K, used 22529K [0xaac00000, 0xace93000, 0xb2c00000)
2015-02-20T15:55:44.962-0600: 2073.417: [GC2015-02-20T15:55:44.962-0600: 2073.418: [ParNew
Desired survivor size 20112996 bytes, new threshold 8 (max 8)
- age   1:        904 bytes,        904 total
- age   2:        352 bytes,       1256 total
- age   3:        200 bytes,       1456 total
- age   4:        376 bytes,       1832 total
- age   5:        152 bytes,       1984 total
- age   6:        376 bytes,       2360 total
- age   7:        336 bytes,       2696 total
- age   8:        216 bytes,       2912 total
: 87430K->6K(109248K), 0.0074070 secs] 100098K->12675K(502464K), 0.0076270 secs] [Times: user=0.01 sys=0.00, real=0.01 secs] 
Heap after GC invocations=377 (full 1):
 par new generation   total 109248K, used 6K [0x8ac00000, 0x92c00000, 0x92c00000)
  eden space 87424K,   0% used [0x8ac00000, 0x8ac00000, 0x90160000)
  from space 21824K,   0% used [0x90160000, 0x90161800, 0x916b0000)
  to   space 21824K,   0% used [0x916b0000, 0x916b0000, 0x92c00000)
 concurrent mark-sweep generation total 393216K, used 12669K [0x92c00000, 0xaac00000, 0xaac00000)
 concurrent-mark-sweep perm gen total 35404K, used 22529K [0xaac00000, 0xace93000, 0xb2c00000)
}
2015-02-20T15:55:44.970-0600: 2073.425: Total time for which application threads were stopped: 0.0104280 seconds
{Heap before GC invocations=377 (full 1):
 par new generation   total 109248K, used 87430K [0x8ac00000, 0x92c00000, 0x92c00000)
  eden space 87424K, 100% used [0x8ac00000, 0x90160000, 0x90160000)
  from space 21824K,   0% used [0x90160000, 0x90161800, 0x916b0000)
  to   space 21824K,   0% used [0x916b0000, 0x916b0000, 0x92c00000)
 concurrent mark-sweep generation total 393216K, used 12669K [0x92c00000, 0xaac00000, 0xaac00000)
 concurrent-mark-sweep perm gen total 35404K, used 22529K [0xaac00000, 0xace93000, 0xb2c00000)
2015-02-20T15:55:46.474-0600: 2074.929: [GC2015-02-20T15:55:46.474-0600: 2074.929: [ParNew
Desired survivor size 20112996 bytes, new threshold 8 (max 8)
- age   1:       1104 bytes,       1104 total
- age   2:        152 bytes,       1256 total
- age   3:        328 bytes,       1584 total
- age   4:        200 bytes,       1784 total
- age   5:        376 bytes,       2160 total
- age   6:        152 bytes,       2312 total
- age   7:        376 bytes,       2688 total
- age   8:        336 bytes,       3024 total
: 87430K->6K(109248K), 0.0121230 secs] 100099K->12675K(502464K), 0.0123040 secs] [Times: user=0.03 sys=0.00, real=0.01 secs] 
Heap after GC invocations=378 (full 1):
 par new generation   total 109248K, used 6K [0x8ac00000, 0x92c00000, 0x92c00000)
  eden space 87424K,   0% used [0x8ac00000, 0x8ac00000, 0x90160000)
  from space 21824K,   0% used [0x916b0000, 0x916b1800, 0x92c00000)
  to   space 21824K,   0% used [0x90160000, 0x90160000, 0x916b0000)
 concurrent mark-sweep generation total 393216K, used 12669K [0x92c00000, 0xaac00000, 0xaac00000)
 concurrent-mark-sweep perm gen total 35404K, used 22529K [0xaac00000, 0xace93000, 0xb2c00000)
}
2015-02-20T15:55:46.486-0600: 2074.941: Total time for which application threads were stopped: 0.0151530 seconds
{Heap before GC invocations=378 (full 1):
 par new generation   total 109248K, used 87430K [0x8ac00000, 0x92c00000, 0x92c00000)
  eden space 87424K, 100% used [0x8ac00000, 0x90160000, 0x90160000)
  from space 21824K,   0% used [0x916b0000, 0x916b1800, 0x92c00000)
  to   space 21824K,   0% used [0x90160000, 0x90160000, 0x916b0000)
 concurrent mark-sweep generation total 393216K, used 12669K [0x92c00000, 0xaac00000, 0xaac00000)
 concurrent-mark-sweep perm gen total 35404K, used 22529K [0xaac00000, 0xace93000, 0xb2c00000)
2015-02-20T15:55:47.980-0600: 2076.435: [GC2015-02-20T15:55:47.980-0600: 2076.435: [ParNew
Desired survivor size 20112996 bytes, new threshold 8 (max 8)
- age   1:        848 bytes,        848 total
- age   2:        456 bytes,       1304 total
- age   3:        152 bytes,       1456 total
- age   4:        328 bytes,       1784 total
- age   5:        200 bytes,       1984 total
- age   6:        376 bytes,       2360 total
- age   7:        152 bytes,       2512 total
- age   8:        376 bytes,       2888 total
: 87430K->8K(109248K), 0.0112080 secs] 100099K->12677K(502464K), 0.0113910 secs] [Times: user=0.02 sys=0.00, real=0.01 secs] 
Heap after GC invocations=379 (full 1):
 par new generation   total 109248K, used 8K [0x8ac00000, 0x92c00000, 0x92c00000)
  eden space 87424K,   0% used [0x8ac00000, 0x8ac00000, 0x90160000)
  from space 21824K,   0% used [0x90160000, 0x90162000, 0x916b0000)
  to   space 21824K,   0% used [0x916b0000, 0x916b0000, 0x92c00000)
 concurrent mark-sweep generation total 393216K, used 12669K [0x92c00000, 0xaac00000, 0xaac00000)
 concurrent-mark-sweep perm gen total 35404K, used 22529K [0xaac00000, 0xace93000, 0xb2c00000)
}
2015-02-20T15:55:47.992-0600: 2076.447: Total time for which application threads were stopped: 0.0142040 seconds
{Heap before GC invocations=379 (full 1):
 par new generation   total 109248K, used 87432K [0x8ac00000, 0x92c00000, 0x92c00000)
  eden space 87424K, 100% used [0x8ac00000, 0x90160000, 0x90160000)
  from space 21824K,   0% used [0x90160000, 0x90162000, 0x916b0000)
  to   space 21824K,   0% used [0x916b0000, 0x916b0000, 0x92c00000)
 concurrent mark-sweep generation total 393216K, used 12669K [0x92c00000, 0xaac00000, 0xaac00000)
 concurrent-mark-sweep perm gen total 35404K, used 22529K [0xaac00000, 0xace93000, 0xb2c00000)
2015-02-20T15:55:49.515-0600: 2077.970: [GC2015-02-20T15:55:49.515-0600: 2077.970: [ParNew
Desired survivor size 20112996 bytes, new threshold 8 (max 8)
- age   1:       1104 bytes,       1104 total
- age   2:        200 bytes,       1304 total
- age   3:        328 bytes,       1632 total
- age   4:        152 bytes,       1784 total
- age   5:        328 bytes,       2112 total
- age   6:        200 bytes,       2312 total
- age   7:        376 bytes,       2688 total
- age   8:        152 bytes,       2840 total
: 87432K->6K(109248K), 0.0078180 secs] 100101K->12676K(502464K), 0.0080400 secs] [Times: user=0.02 sys=0.00, real=0.01 secs] 
Heap after GC invocations=380 (full 1):
 par new generation   total 109248K, used 6K [0x8ac00000, 0x92c00000, 0x92c00000)
  eden space 87424K,   0% used [0x8ac00000, 0x8ac00000, 0x90160000)
  from space 21824K,   0% used [0x916b0000, 0x916b1800, 0x92c00000)
  to   space 21824K,   0% used [0x90160000, 0x90160000, 0x916b0000)
 concurrent mark-sweep generation total 393216K, used 12670K [0x92c00000, 0xaac00000, 0xaac00000)
 concurrent-mark-sweep perm gen total 35404K, used 22529K [0xaac00000, 0xace93000, 0xb2c00000)
}
2015-02-20T15:55:49.523-0600: 2077.978: Total time for which application threads were stopped: 0.0108190 seconds
{Heap before GC invocations=380 (full 1):
 par new generation   total 109248K, used 87430K [0x8ac00000, 0x92c00000, 0x92c00000)
  eden space 87424K, 100% used [0x8ac00000, 0x90160000, 0x90160000)
  from space 21824K,   0% used [0x916b0000, 0x916b1800, 0x92c00000)
  to   space 21824K,   0% used [0x90160000, 0x90160000, 0x916b0000)
 concurrent mark-sweep generation total 393216K, used 12670K [0x92c00000, 0xaac00000, 0xaac00000)
 concurrent-mark-sweep perm gen total 35404K, used 22529K [0xaac00000, 0xace93000, 0xb2c00000)
2015-02-20T15:55:51.407-0600: 2079.862: [GC2015-02-20T15:55:51.407-0600: 2079.862: [ParNew
Desired survivor size 20112996 bytes, new threshold 8 (max 8)
- age   1:       1328 bytes,       1328 total
- age   2:        328 bytes,       1656 total
- age   3:        200 bytes,       1856 total
- age   4:        328 bytes,       2184 total
- age   5:        152 bytes,       2336 total
- age   6:        328 bytes,       2664 total
- age   7:        200 bytes,       2864 total
- age   8:        376 bytes,       3240 total
: 87430K->8K(109248K), 0.0109520 secs] 100100K->12678K(502464K), 0.0112660 secs] [Times: user=0.01 sys=0.01, real=0.02 secs] 
Heap after GC invocations=381 (full 1):
 par new generation   total 109248K, used 8K [0x8ac00000, 0x92c00000, 0x92c00000)
  eden space 87424K,   0% used [0x8ac00000, 0x8ac00000, 0x90160000)
  from space 21824K,   0% used [0x90160000, 0x90162000, 0x916b0000)
  to   space 21824K,   0% used [0x916b0000, 0x916b0000, 0x92c00000)
 concurrent mark-sweep generation total 393216K, used 12670K [0x92c00000, 0xaac00000, 0xaac00000)
 concurrent-mark-sweep perm gen total 35404K, used 22529K [0xaac00000, 0xace93000, 0xb2c00000)
}
2015-02-20T15:55:51.418-0600: 2079.873: Total time for which application threads were stopped: 0.0139160 seconds
{Heap before GC invocations=381 (full 1):
 par new generation   total 109248K, used 87432K [0x8ac00000, 0x92c00000, 0x92c00000)
  eden space 87424K, 100% used [0x8ac00000, 0x90160000, 0x90160000)
  from space 21824K,   0% used [0x90160000, 0x90162000, 0x916b0000)
  to   space 21824K,   0% used [0x916b0000, 0x916b0000, 0x92c00000)
 concurrent mark-sweep generation total 393216K, used 12670K [0x92c00000, 0xaac00000, 0xaac00000)
 concurrent-mark-sweep perm gen total 35404K, used 22529K [0xaac00000, 0xace93000, 0xb2c00000)
2015-02-20T15:55:53.081-0600: 2081.536: [GC2015-02-20T15:55:53.081-0600: 2081.536: [ParNew
Desired survivor size 20112996 bytes, new threshold 8 (max 8)
- age   1:       1304 bytes,       1304 total
- age   2:        400 bytes,       1704 total
- age   3:        328 bytes,       2032 total
- age   4:        200 bytes,       2232 total
- age   5:        328 bytes,       2560 total
- age   6:        152 bytes,       2712 total
- age   7:        328 bytes,       3040 total
- age   8:        200 bytes,       3240 total
: 87432K->10K(109248K), 0.0057580 secs] 100102K->12680K(502464K), 0.0060490 secs] [Times: user=0.00 sys=0.00, real=0.00 secs] 
Heap after GC invocations=382 (full 1):
 par new generation   total 109248K, used 10K [0x8ac00000, 0x92c00000, 0x92c00000)
  eden space 87424K,   0% used [0x8ac00000, 0x8ac00000, 0x90160000)
  from space 21824K,   0% used [0x916b0000, 0x916b2800, 0x92c00000)
  to   space 21824K,   0% used [0x90160000, 0x90160000, 0x916b0000)
 concurrent mark-sweep generation total 393216K, used 12670K [0x92c00000, 0xaac00000, 0xaac00000)
 concurrent-mark-sweep perm gen total 35404K, used 22529K [0xaac00000, 0xace93000, 0xb2c00000)
}
2015-02-20T15:55:53.087-0600: 2081.542: Total time for which application threads were stopped: 0.0087230 seconds
{Heap before GC invocations=382 (full 1):
 par new generation   total 109248K, used 87434K [0x8ac00000, 0x92c00000, 0x92c00000)
  eden space 87424K, 100% used [0x8ac00000, 0x90160000, 0x90160000)
  from space 21824K,   0% used [0x916b0000, 0x916b2800, 0x92c00000)
  to   space 21824K,   0% used [0x90160000, 0x90160000, 0x916b0000)
 concurrent mark-sweep generation total 393216K, used 12670K [0x92c00000, 0xaac00000, 0xaac00000)
 concurrent-mark-sweep perm gen total 35404K, used 22529K [0xaac00000, 0xace93000, 0xb2c00000)
2015-02-20T15:55:54.799-0600: 2083.254: [GC2015-02-20T15:55:54.799-0600: 2083.254: [ParNew
Desired survivor size 20112996 bytes, new threshold 8 (max 8)
- age   1:        720 bytes,        720 total
- age   2:        400 bytes,       1120 total
- age   3:        400 bytes,       1520 total
- age   4:        328 bytes,       1848 total
- age   5:        200 bytes,       2048 total
- age   6:        328 bytes,       2376 total
- age   7:        152 bytes,       2528 total
- age   8:        328 bytes,       2856 total
: 87434K->6K(109248K), 0.0122640 secs] 100104K->12676K(502464K), 0.0124460 secs] [Times: user=0.01 sys=0.00, real=0.01 secs] 
Heap after GC invocations=383 (full 1):
 par new generation   total 109248K, used 6K [0x8ac00000, 0x92c00000, 0x92c00000)
  eden space 87424K,   0% used [0x8ac00000, 0x8ac00000, 0x90160000)
  from space 21824K,   0% used [0x90160000, 0x90161800, 0x916b0000)
  to   space 21824K,   0% used [0x916b0000, 0x916b0000, 0x92c00000)
 concurrent mark-sweep generation total 393216K, used 12670K [0x92c00000, 0xaac00000, 0xaac00000)
 concurrent-mark-sweep perm gen total 35404K, used 22529K [0xaac00000, 0xace93000, 0xb2c00000)
}
2015-02-20T15:55:54.811-0600: 2083.266: Total time for which application threads were stopped: 0.0198410 seconds
{Heap before GC invocations=383 (full 1):
 par new generation   total 109248K, used 87430K [0x8ac00000, 0x92c00000, 0x92c00000)
  eden space 87424K, 100% used [0x8ac00000, 0x90160000, 0x90160000)
  from space 21824K,   0% used [0x90160000, 0x90161800, 0x916b0000)
  to   space 21824K,   0% used [0x916b0000, 0x916b0000, 0x92c00000)
 concurrent mark-sweep generation total 393216K, used 12670K [0x92c00000, 0xaac00000, 0xaac00000)
 concurrent-mark-sweep perm gen total 35404K, used 22529K [0xaac00000, 0xace93000, 0xb2c00000)
2015-02-20T15:55:56.181-0600: 2084.636: [GC2015-02-20T15:55:56.181-0600: 2084.636: [ParNew
Desired survivor size 20112996 bytes, new threshold 8 (max 8)
- age   1:        656 bytes,        656 total
- age   2:        280 bytes,        936 total
- age   3:        376 bytes,       1312 total
- age   4:        400 bytes,       1712 total
- age   5:        328 bytes,       2040 total
- age   6:        200 bytes,       2240 total
- age   7:        328 bytes,       2568 total
- age   8:        152 bytes,       2720 total
: 87430K->8K(109248K), 0.0089300 secs] 100100K->12679K(502464K), 0.0091580 secs] [Times: user=0.01 sys=0.01, real=0.01 secs] 
Heap after GC invocations=384 (full 1):
 par new generation   total 109248K, used 8K [0x8ac00000, 0x92c00000, 0x92c00000)
  eden space 87424K,   0% used [0x8ac00000, 0x8ac00000, 0x90160000)
  from space 21824K,   0% used [0x916b0000, 0x916b2000, 0x92c00000)
  to   space 21824K,   0% used [0x90160000, 0x90160000, 0x916b0000)
 concurrent mark-sweep generation total 393216K, used 12671K [0x92c00000, 0xaac00000, 0xaac00000)
 concurrent-mark-sweep perm gen total 35404K, used 22529K [0xaac00000, 0xace93000, 0xb2c00000)
}
2015-02-20T15:55:56.190-0600: 2084.645: Total time for which application threads were stopped: 0.0165000 seconds
{Heap before GC invocations=384 (full 1):
 par new generation   total 109248K, used 87432K [0x8ac00000, 0x92c00000, 0x92c00000)
  eden space 87424K, 100% used [0x8ac00000, 0x90160000, 0x90160000)
  from space 21824K,   0% used [0x916b0000, 0x916b2000, 0x92c00000)
  to   space 21824K,   0% used [0x90160000, 0x90160000, 0x916b0000)
 concurrent mark-sweep generation total 393216K, used 12671K [0x92c00000, 0xaac00000, 0xaac00000)
 concurrent-mark-sweep perm gen total 35404K, used 22529K [0xaac00000, 0xace93000, 0xb2c00000)
2015-02-20T15:55:57.451-0600: 2085.906: [GC2015-02-20T15:55:57.451-0600: 2085.906: [ParNew
Desired survivor size 20112996 bytes, new threshold 8 (max 8)
- age   1:       1176 bytes,       1176 total
- age   2:        216 bytes,       1392 total
- age   3:        152 bytes,       1544 total
- age   4:        376 bytes,       1920 total
- age   5:        400 bytes,       2320 total
- age   6:        328 bytes,       2648 total
- age   7:        200 bytes,       2848 total
- age   8:        328 bytes,       3176 total
: 87432K->6K(109248K), 0.0312240 secs] 100103K->12677K(502464K), 0.0316960 secs] [Times: user=0.03 sys=0.01, real=0.03 secs] 
Heap after GC invocations=385 (full 1):
 par new generation   total 109248K, used 6K [0x8ac00000, 0x92c00000, 0x92c00000)
  eden space 87424K,   0% used [0x8ac00000, 0x8ac00000, 0x90160000)
  from space 21824K,   0% used [0x90160000, 0x90161800, 0x916b0000)
  to   space 21824K,   0% used [0x916b0000, 0x916b0000, 0x92c00000)
 concurrent mark-sweep generation total 393216K, used 12671K [0x92c00000, 0xaac00000, 0xaac00000)
 concurrent-mark-sweep perm gen total 35404K, used 22529K [0xaac00000, 0xace93000, 0xb2c00000)
}
2015-02-20T15:55:57.483-0600: 2085.938: Total time for which application threads were stopped: 0.0346910 seconds
{Heap before GC invocations=385 (full 1):
 par new generation   total 109248K, used 87430K [0x8ac00000, 0x92c00000, 0x92c00000)
  eden space 87424K, 100% used [0x8ac00000, 0x90160000, 0x90160000)
  from space 21824K,   0% used [0x90160000, 0x90161800, 0x916b0000)
  to   space 21824K,   0% used [0x916b0000, 0x916b0000, 0x92c00000)
 concurrent mark-sweep generation total 393216K, used 12671K [0x92c00000, 0xaac00000, 0xaac00000)
 concurrent-mark-sweep perm gen total 35404K, used 22529K [0xaac00000, 0xace93000, 0xb2c00000)
2015-02-20T15:55:58.996-0600: 2087.451: [GC2015-02-20T15:55:58.996-0600: 2087.451: [ParNew
Desired survivor size 20112996 bytes, new threshold 8 (max 8)
- age   1:        608 bytes,        608 total
- age   2:        512 bytes,       1120 total
- age   3:        216 bytes,       1336 total
- age   4:        152 bytes,       1488 total
- age   5:        376 bytes,       1864 total
- age   6:        400 bytes,       2264 total
- age   7:        328 bytes,       2592 total
- age   8:        200 bytes,       2792 total
: 87430K->4K(109248K), 0.0119510 secs] 100101K->12675K(502464K), 0.0121550 secs] [Times: user=0.01 sys=0.00, real=0.02 secs] 
Heap after GC invocations=386 (full 1):
 par new generation   total 109248K, used 4K [0x8ac00000, 0x92c00000, 0x92c00000)
  eden space 87424K,   0% used [0x8ac00000, 0x8ac00000, 0x90160000)
  from space 21824K,   0% used [0x916b0000, 0x916b1000, 0x92c00000)
  to   space 21824K,   0% used [0x90160000, 0x90160000, 0x916b0000)
 concurrent mark-sweep generation total 393216K, used 12671K [0x92c00000, 0xaac00000, 0xaac00000)
 concurrent-mark-sweep perm gen total 35404K, used 22529K [0xaac00000, 0xace93000, 0xb2c00000)
}
2015-02-20T15:55:59.008-0600: 2087.463: Total time for which application threads were stopped: 0.0149380 seconds
{Heap before GC invocations=386 (full 1):
 par new generation   total 109248K, used 87428K [0x8ac00000, 0x92c00000, 0x92c00000)
  eden space 87424K, 100% used [0x8ac00000, 0x90160000, 0x90160000)
  from space 21824K,   0% used [0x916b0000, 0x916b1000, 0x92c00000)
  to   space 21824K,   0% used [0x90160000, 0x90160000, 0x916b0000)
 concurrent mark-sweep generation total 393216K, used 12671K [0x92c00000, 0xaac00000, 0xaac00000)
 concurrent-mark-sweep perm gen total 35404K, used 22529K [0xaac00000, 0xace93000, 0xb2c00000)
2015-02-20T15:56:00.486-0600: 2088.941: [GC2015-02-20T15:56:00.486-0600: 2088.941: [ParNew
Desired survivor size 20112996 bytes, new threshold 8 (max 8)
- age   1:       1232 bytes,       1232 total
- age   2:        176 bytes,       1408 total
- age   3:        488 bytes,       1896 total
- age   4:        216 bytes,       2112 total
- age   5:        152 bytes,       2264 total
- age   6:        376 bytes,       2640 total
- age   7:        400 bytes,       3040 total
- age   8:        328 bytes,       3368 total
: 87428K->8K(109248K), 0.0106290 secs] 100099K->12679K(502464K), 0.0108170 secs] [Times: user=0.01 sys=0.00, real=0.01 secs] 
Heap after GC invocations=387 (full 1):
 par new generation   total 109248K, used 8K [0x8ac00000, 0x92c00000, 0x92c00000)
  eden space 87424K,   0% used [0x8ac00000, 0x8ac00000, 0x90160000)
  from space 21824K,   0% used [0x90160000, 0x90162000, 0x916b0000)
  to   space 21824K,   0% used [0x916b0000, 0x916b0000, 0x92c00000)
 concurrent mark-sweep generation total 393216K, used 12671K [0x92c00000, 0xaac00000, 0xaac00000)
 concurrent-mark-sweep perm gen total 35404K, used 22529K [0xaac00000, 0xace93000, 0xb2c00000)
}
2015-02-20T15:56:00.497-0600: 2088.952: Total time for which application threads were stopped: 0.0144030 seconds
{Heap before GC invocations=387 (full 1):
 par new generation   total 109248K, used 87432K [0x8ac00000, 0x92c00000, 0x92c00000)
  eden space 87424K, 100% used [0x8ac00000, 0x90160000, 0x90160000)
  from space 21824K,   0% used [0x90160000, 0x90162000, 0x916b0000)
  to   space 21824K,   0% used [0x916b0000, 0x916b0000, 0x92c00000)
 concurrent mark-sweep generation total 393216K, used 12671K [0x92c00000, 0xaac00000, 0xaac00000)
 concurrent-mark-sweep perm gen total 35404K, used 22529K [0xaac00000, 0xace93000, 0xb2c00000)
2015-02-20T15:56:02.339-0600: 2090.794: [GC2015-02-20T15:56:02.339-0600: 2090.794: [ParNew
Desired survivor size 20112996 bytes, new threshold 8 (max 8)
- age   1:       1328 bytes,       1328 total
- age   2:        400 bytes,       1728 total
- age   3:        176 bytes,       1904 total
- age   4:        488 bytes,       2392 total
- age   5:        216 bytes,       2608 total
- age   6:        152 bytes,       2760 total
- age   7:        376 bytes,       3136 total
- age   8:        400 bytes,       3536 total
: 87432K->10K(109248K), 0.0096050 secs] 100103K->12682K(502464K), 0.0098180 secs] [Times: user=0.02 sys=0.00, real=0.01 secs] 
Heap after GC invocations=388 (full 1):
 par new generation   total 109248K, used 10K [0x8ac00000, 0x92c00000, 0x92c00000)
  eden space 87424K,   0% used [0x8ac00000, 0x8ac00000, 0x90160000)
  from space 21824K,   0% used [0x916b0000, 0x916b2800, 0x92c00000)
  to   space 21824K,   0% used [0x90160000, 0x90160000, 0x916b0000)
 concurrent mark-sweep generation total 393216K, used 12672K [0x92c00000, 0xaac00000, 0xaac00000)
 concurrent-mark-sweep perm gen total 35404K, used 22529K [0xaac00000, 0xace93000, 0xb2c00000)
}
2015-02-20T15:56:02.349-0600: 2090.804: Total time for which application threads were stopped: 0.0125090 seconds
{Heap before GC invocations=388 (full 1):
 par new generation   total 109248K, used 87434K [0x8ac00000, 0x92c00000, 0x92c00000)
  eden space 87424K, 100% used [0x8ac00000, 0x90160000, 0x90160000)
  from space 21824K,   0% used [0x916b0000, 0x916b2800, 0x92c00000)
  to   space 21824K,   0% used [0x90160000, 0x90160000, 0x916b0000)
 concurrent mark-sweep generation total 393216K, used 12672K [0x92c00000, 0xaac00000, 0xaac00000)
 concurrent-mark-sweep perm gen total 35404K, used 22529K [0xaac00000, 0xace93000, 0xb2c00000)
2015-02-20T15:56:04.122-0600: 2092.577: [GC2015-02-20T15:56:04.122-0600: 2092.577: [ParNew
Desired survivor size 20112996 bytes, new threshold 8 (max 8)
- age   1:        688 bytes,        688 total
- age   2:        528 bytes,       1216 total
- age   3:        400 bytes,       1616 total
- age   4:        176 bytes,       1792 total
- age   5:        488 bytes,       2280 total
- age   6:        216 bytes,       2496 total
- age   7:        152 bytes,       2648 total
- age   8:        376 bytes,       3024 total
: 87434K->10K(109248K), 0.0300580 secs] 100106K->12682K(502464K), 0.0302770 secs] [Times: user=0.03 sys=0.00, real=0.03 secs] 
Heap after GC invocations=389 (full 1):
 par new generation   total 109248K, used 10K [0x8ac00000, 0x92c00000, 0x92c00000)
  eden space 87424K,   0% used [0x8ac00000, 0x8ac00000, 0x90160000)
  from space 21824K,   0% used [0x90160000, 0x90162800, 0x916b0000)
  to   space 21824K,   0% used [0x916b0000, 0x916b0000, 0x92c00000)
 concurrent mark-sweep generation total 393216K, used 12672K [0x92c00000, 0xaac00000, 0xaac00000)
 concurrent-mark-sweep perm gen total 35404K, used 22529K [0xaac00000, 0xace93000, 0xb2c00000)
}
2015-02-20T15:56:04.152-0600: 2092.607: Total time for which application threads were stopped: 0.0330650 seconds
{Heap before GC invocations=389 (full 1):
 par new generation   total 109248K, used 87434K [0x8ac00000, 0x92c00000, 0x92c00000)
  eden space 87424K, 100% used [0x8ac00000, 0x90160000, 0x90160000)
  from space 21824K,   0% used [0x90160000, 0x90162800, 0x916b0000)
  to   space 21824K,   0% used [0x916b0000, 0x916b0000, 0x92c00000)
 concurrent mark-sweep generation total 393216K, used 12672K [0x92c00000, 0xaac00000, 0xaac00000)
 concurrent-mark-sweep perm gen total 35404K, used 22529K [0xaac00000, 0xace93000, 0xb2c00000)
2015-02-20T15:56:05.581-0600: 2094.036: [GC2015-02-20T15:56:05.581-0600: 2094.036: [ParNew
Desired survivor size 20112996 bytes, new threshold 8 (max 8)
- age   1:        888 bytes,        888 total
- age   2:        216 bytes,       1104 total
- age   3:        400 bytes,       1504 total
- age   4:        400 bytes,       1904 total
- age   5:        176 bytes,       2080 total
- age   6:        488 bytes,       2568 total
- age   7:        216 bytes,       2784 total
- age   8:        152 bytes,       2936 total
: 87434K->10K(109248K), 0.0166740 secs] 100106K->12682K(502464K), 0.0168920 secs] [Times: user=0.03 sys=0.01, real=0.02 secs] 
Heap after GC invocations=390 (full 1):
 par new generation   total 109248K, used 10K [0x8ac00000, 0x92c00000, 0x92c00000)
  eden space 87424K,   0% used [0x8ac00000, 0x8ac00000, 0x90160000)
  from space 21824K,   0% used [0x916b0000, 0x916b2800, 0x92c00000)
  to   space 21824K,   0% used [0x90160000, 0x90160000, 0x916b0000)
 concurrent mark-sweep generation total 393216K, used 12672K [0x92c00000, 0xaac00000, 0xaac00000)
 concurrent-mark-sweep perm gen total 35404K, used 22529K [0xaac00000, 0xace93000, 0xb2c00000)
}
2015-02-20T15:56:05.598-0600: 2094.053: Total time for which application threads were stopped: 0.0195830 seconds
{Heap before GC invocations=390 (full 1):
 par new generation   total 109248K, used 87434K [0x8ac00000, 0x92c00000, 0x92c00000)
  eden space 87424K, 100% used [0x8ac00000, 0x90160000, 0x90160000)
  from space 21824K,   0% used [0x916b0000, 0x916b2800, 0x92c00000)
  to   space 21824K,   0% used [0x90160000, 0x90160000, 0x916b0000)
 concurrent mark-sweep generation total 393216K, used 12672K [0x92c00000, 0xaac00000, 0xaac00000)
 concurrent-mark-sweep perm gen total 35404K, used 22529K [0xaac00000, 0xace93000, 0xb2c00000)
2015-02-20T15:56:07.146-0600: 2095.601: [GC2015-02-20T15:56:07.146-0600: 2095.601: [ParNew
Desired survivor size 20112996 bytes, new threshold 8 (max 8)
- age   1:        920 bytes,        920 total
- age   2:        432 bytes,       1352 total
- age   3:        216 bytes,       1568 total
- age   4:        400 bytes,       1968 total
- age   5:        400 bytes,       2368 total
- age   6:        176 bytes,       2544 total
- age   7:        488 bytes,       3032 total
- age   8:        216 bytes,       3248 total
: 87434K->8K(109248K), 0.0127440 secs] 100106K->12681K(502464K), 0.0129650 secs] [Times: user=0.01 sys=0.01, real=0.02 secs] 
Heap after GC invocations=391 (full 1):
 par new generation   total 109248K, used 8K [0x8ac00000, 0x92c00000, 0x92c00000)
  eden space 87424K,   0% used [0x8ac00000, 0x8ac00000, 0x90160000)
  from space 21824K,   0% used [0x90160000, 0x90162000, 0x916b0000)
  to   space 21824K,   0% used [0x916b0000, 0x916b0000, 0x92c00000)
 concurrent mark-sweep generation total 393216K, used 12673K [0x92c00000, 0xaac00000, 0xaac00000)
 concurrent-mark-sweep perm gen total 35404K, used 22529K [0xaac00000, 0xace93000, 0xb2c00000)
}
2015-02-20T15:56:07.159-0600: 2095.614: Total time for which application threads were stopped: 0.0197410 seconds
{Heap before GC invocations=391 (full 1):
 par new generation   total 109248K, used 87432K [0x8ac00000, 0x92c00000, 0x92c00000)
  eden space 87424K, 100% used [0x8ac00000, 0x90160000, 0x90160000)
  from space 21824K,   0% used [0x90160000, 0x90162000, 0x916b0000)
  to   space 21824K,   0% used [0x916b0000, 0x916b0000, 0x92c00000)
 concurrent mark-sweep generation total 393216K, used 12673K [0x92c00000, 0xaac00000, 0xaac00000)
 concurrent-mark-sweep perm gen total 35404K, used 22529K [0xaac00000, 0xace93000, 0xb2c00000)
2015-02-20T15:56:08.887-0600: 2097.342: [GC2015-02-20T15:56:08.887-0600: 2097.342: [ParNew
Desired survivor size 20112996 bytes, new threshold 8 (max 8)
- age   1:        968 bytes,        968 total
- age   2:        400 bytes,       1368 total
- age   3:        432 bytes,       1800 total
- age   4:        216 bytes,       2016 total
- age   5:        400 bytes,       2416 total
- age   6:        400 bytes,       2816 total
- age   7:        176 bytes,       2992 total
- age   8:        488 bytes,       3480 total
: 87432K->6K(109248K), 0.0078130 secs] 100105K->12679K(502464K), 0.0079960 secs] [Times: user=0.01 sys=0.00, real=0.01 secs] 
Heap after GC invocations=392 (full 1):
 par new generation   total 109248K, used 6K [0x8ac00000, 0x92c00000, 0x92c00000)
  eden space 87424K,   0% used [0x8ac00000, 0x8ac00000, 0x90160000)
  from space 21824K,   0% used [0x916b0000, 0x916b1800, 0x92c00000)
  to   space 21824K,   0% used [0x90160000, 0x90160000, 0x916b0000)
 concurrent mark-sweep generation total 393216K, used 12673K [0x92c00000, 0xaac00000, 0xaac00000)
 concurrent-mark-sweep perm gen total 35404K, used 22529K [0xaac00000, 0xace93000, 0xb2c00000)
}
2015-02-20T15:56:08.895-0600: 2097.350: Total time for which application threads were stopped: 0.0107100 seconds
{Heap before GC invocations=392 (full 1):
 par new generation   total 109248K, used 87430K [0x8ac00000, 0x92c00000, 0x92c00000)
  eden space 87424K, 100% used [0x8ac00000, 0x90160000, 0x90160000)
  from space 21824K,   0% used [0x916b0000, 0x916b1800, 0x92c00000)
  to   space 21824K,   0% used [0x90160000, 0x90160000, 0x916b0000)
 concurrent mark-sweep generation total 393216K, used 12673K [0x92c00000, 0xaac00000, 0xaac00000)
 concurrent-mark-sweep perm gen total 35404K, used 22529K [0xaac00000, 0xace93000, 0xb2c00000)
2015-02-20T15:56:10.382-0600: 2098.837: [GC2015-02-20T15:56:10.382-0600: 2098.837: [ParNew
Desired survivor size 20112996 bytes, new threshold 8 (max 8)
- age   1:       1000 bytes,       1000 total
- age   2:        224 bytes,       1224 total
- age   3:        376 bytes,       1600 total
- age   4:        432 bytes,       2032 total
- age   5:        216 bytes,       2248 total
- age   6:        400 bytes,       2648 total
- age   7:        400 bytes,       3048 total
- age   8:        176 bytes,       3224 total
: 87430K->6K(109248K), 0.0060780 secs] 100103K->12679K(502464K), 0.0063040 secs] [Times: user=0.01 sys=0.00, real=0.01 secs] 
Heap after GC invocations=393 (full 1):
 par new generation   total 109248K, used 6K [0x8ac00000, 0x92c00000, 0x92c00000)
  eden space 87424K,   0% used [0x8ac00000, 0x8ac00000, 0x90160000)
  from space 21824K,   0% used [0x90160000, 0x90161800, 0x916b0000)
  to   space 21824K,   0% used [0x916b0000, 0x916b0000, 0x92c00000)
 concurrent mark-sweep generation total 393216K, used 12673K [0x92c00000, 0xaac00000, 0xaac00000)
 concurrent-mark-sweep perm gen total 35404K, used 22529K [0xaac00000, 0xace93000, 0xb2c00000)
}
2015-02-20T15:56:10.389-0600: 2098.844: Total time for which application threads were stopped: 0.0090120 seconds
{Heap before GC invocations=393 (full 1):
 par new generation   total 109248K, used 87430K [0x8ac00000, 0x92c00000, 0x92c00000)
  eden space 87424K, 100% used [0x8ac00000, 0x90160000, 0x90160000)
  from space 21824K,   0% used [0x90160000, 0x90161800, 0x916b0000)
  to   space 21824K,   0% used [0x916b0000, 0x916b0000, 0x92c00000)
 concurrent mark-sweep generation total 393216K, used 12673K [0x92c00000, 0xaac00000, 0xaac00000)
 concurrent-mark-sweep perm gen total 35404K, used 22529K [0xaac00000, 0xace93000, 0xb2c00000)
2015-02-20T15:56:12.056-0600: 2100.511: [GC2015-02-20T15:56:12.056-0600: 2100.511: [ParNew
Desired survivor size 20112996 bytes, new threshold 8 (max 8)
- age   1:        856 bytes,        856 total
- age   2:        528 bytes,       1384 total
- age   3:        224 bytes,       1608 total
- age   4:        376 bytes,       1984 total
- age   5:        432 bytes,       2416 total
- age   6:        216 bytes,       2632 total
- age   7:        400 bytes,       3032 total
- age   8:        400 bytes,       3432 total
: 87430K->10K(109248K), 0.0060630 secs] 100103K->12683K(502464K), 0.0062510 secs] [Times: user=0.01 sys=0.00, real=0.01 secs] 
Heap after GC invocations=394 (full 1):
 par new generation   total 109248K, used 10K [0x8ac00000, 0x92c00000, 0x92c00000)
  eden space 87424K,   0% used [0x8ac00000, 0x8ac00000, 0x90160000)
  from space 21824K,   0% used [0x916b0000, 0x916b2800, 0x92c00000)
  to   space 21824K,   0% used [0x90160000, 0x90160000, 0x916b0000)
 concurrent mark-sweep generation total 393216K, used 12673K [0x92c00000, 0xaac00000, 0xaac00000)
 concurrent-mark-sweep perm gen total 35404K, used 22529K [0xaac00000, 0xace93000, 0xb2c00000)
}
2015-02-20T15:56:12.062-0600: 2100.517: Total time for which application threads were stopped: 0.0090590 seconds
{Heap before GC invocations=394 (full 1):
 par new generation   total 109248K, used 87434K [0x8ac00000, 0x92c00000, 0x92c00000)
  eden space 87424K, 100% used [0x8ac00000, 0x90160000, 0x90160000)
  from space 21824K,   0% used [0x916b0000, 0x916b2800, 0x92c00000)
  to   space 21824K,   0% used [0x90160000, 0x90160000, 0x916b0000)
 concurrent mark-sweep generation total 393216K, used 12673K [0x92c00000, 0xaac00000, 0xaac00000)
 concurrent-mark-sweep perm gen total 35404K, used 22529K [0xaac00000, 0xace93000, 0xb2c00000)
2015-02-20T15:56:13.855-0600: 2102.310: [GC2015-02-20T15:56:13.855-0600: 2102.310: [ParNew
Desired survivor size 20112996 bytes, new threshold 8 (max 8)
- age   1:       1248 bytes,       1248 total
- age   2:        216 bytes,       1464 total
- age   3:        400 bytes,       1864 total
- age   4:        224 bytes,       2088 total
- age   5:        376 bytes,       2464 total
- age   6:        432 bytes,       2896 total
- age   7:        216 bytes,       3112 total
- age   8:        400 bytes,       3512 total
: 87434K->10K(109248K), 0.0071650 secs] 100107K->12684K(502464K), 0.0073750 secs] [Times: user=0.01 sys=0.00, real=0.01 secs] 
Heap after GC invocations=395 (full 1):
 par new generation   total 109248K, used 10K [0x8ac00000, 0x92c00000, 0x92c00000)
  eden space 87424K,   0% used [0x8ac00000, 0x8ac00000, 0x90160000)
  from space 21824K,   0% used [0x90160000, 0x90162800, 0x916b0000)
  to   space 21824K,   0% used [0x916b0000, 0x916b0000, 0x92c00000)
 concurrent mark-sweep generation total 393216K, used 12674K [0x92c00000, 0xaac00000, 0xaac00000)
 concurrent-mark-sweep perm gen total 35404K, used 22529K [0xaac00000, 0xace93000, 0xb2c00000)
}
2015-02-20T15:56:13.863-0600: 2102.318: Total time for which application threads were stopped: 0.0101170 seconds
{Heap before GC invocations=395 (full 1):
 par new generation   total 109248K, used 87434K [0x8ac00000, 0x92c00000, 0x92c00000)
  eden space 87424K, 100% used [0x8ac00000, 0x90160000, 0x90160000)
  from space 21824K,   0% used [0x90160000, 0x90162800, 0x916b0000)
  to   space 21824K,   0% used [0x916b0000, 0x916b0000, 0x92c00000)
 concurrent mark-sweep generation total 393216K, used 12674K [0x92c00000, 0xaac00000, 0xaac00000)
 concurrent-mark-sweep perm gen total 35404K, used 22529K [0xaac00000, 0xace93000, 0xb2c00000)
2015-02-20T15:56:15.524-0600: 2103.979: [GC2015-02-20T15:56:15.525-0600: 2103.980: [ParNew
Desired survivor size 20112996 bytes, new threshold 8 (max 8)
- age   1:       1328 bytes,       1328 total
- age   2:        480 bytes,       1808 total
- age   3:        216 bytes,       2024 total
- age   4:        400 bytes,       2424 total
- age   5:        224 bytes,       2648 total
- age   6:        376 bytes,       3024 total
- age   7:        432 bytes,       3456 total
- age   8:        216 bytes,       3672 total
: 87434K->6K(109248K), 0.0339960 secs] 100108K->12680K(502464K), 0.0356400 secs] [Times: user=0.04 sys=0.00, real=0.04 secs] 
Heap after GC invocations=396 (full 1):
 par new generation   total 109248K, used 6K [0x8ac00000, 0x92c00000, 0x92c00000)
  eden space 87424K,   0% used [0x8ac00000, 0x8ac00000, 0x90160000)
  from space 21824K,   0% used [0x916b0000, 0x916b1800, 0x92c00000)
  to   space 21824K,   0% used [0x90160000, 0x90160000, 0x916b0000)
 concurrent mark-sweep generation total 393216K, used 12674K [0x92c00000, 0xaac00000, 0xaac00000)
 concurrent-mark-sweep perm gen total 35404K, used 22529K [0xaac00000, 0xace93000, 0xb2c00000)
}
2015-02-20T15:56:15.560-0600: 2104.015: Total time for which application threads were stopped: 0.0390470 seconds
{Heap before GC invocations=396 (full 1):
 par new generation   total 109248K, used 87430K [0x8ac00000, 0x92c00000, 0x92c00000)
  eden space 87424K, 100% used [0x8ac00000, 0x90160000, 0x90160000)
  from space 21824K,   0% used [0x916b0000, 0x916b1800, 0x92c00000)
  to   space 21824K,   0% used [0x90160000, 0x90160000, 0x916b0000)
 concurrent mark-sweep generation total 393216K, used 12674K [0x92c00000, 0xaac00000, 0xaac00000)
 concurrent-mark-sweep perm gen total 35404K, used 22529K [0xaac00000, 0xace93000, 0xb2c00000)
2015-02-20T15:56:17.224-0600: 2105.679: [GC2015-02-20T15:56:17.224-0600: 2105.679: [ParNew
Desired survivor size 20112996 bytes, new threshold 8 (max 8)
- age   1:       1208 bytes,       1208 total
- age   2:        496 bytes,       1704 total
- age   3:        480 bytes,       2184 total
- age   4:        216 bytes,       2400 total
- age   5:        400 bytes,       2800 total
- age   6:        224 bytes,       3024 total
- age   7:        376 bytes,       3400 total
- age   8:        432 bytes,       3832 total
: 87430K->8K(109248K), 0.0314920 secs] 100104K->12682K(502464K), 0.0319160 secs] [Times: user=0.03 sys=0.00, real=0.03 secs] 
Heap after GC invocations=397 (full 1):
 par new generation   total 109248K, used 8K [0x8ac00000, 0x92c00000, 0x92c00000)
  eden space 87424K,   0% used [0x8ac00000, 0x8ac00000, 0x90160000)
  from space 21824K,   0% used [0x90160000, 0x90162000, 0x916b0000)
  to   space 21824K,   0% used [0x916b0000, 0x916b0000, 0x92c00000)
 concurrent mark-sweep generation total 393216K, used 12674K [0x92c00000, 0xaac00000, 0xaac00000)
 concurrent-mark-sweep perm gen total 35404K, used 22529K [0xaac00000, 0xace93000, 0xb2c00000)
}
2015-02-20T15:56:17.256-0600: 2105.711: Total time for which application threads were stopped: 0.0384850 seconds
{Heap before GC invocations=397 (full 1):
 par new generation   total 109248K, used 87432K [0x8ac00000, 0x92c00000, 0x92c00000)
  eden space 87424K, 100% used [0x8ac00000, 0x90160000, 0x90160000)
  from space 21824K,   0% used [0x90160000, 0x90162000, 0x916b0000)
  to   space 21824K,   0% used [0x916b0000, 0x916b0000, 0x92c00000)
 concurrent mark-sweep generation total 393216K, used 12674K [0x92c00000, 0xaac00000, 0xaac00000)
 concurrent-mark-sweep perm gen total 35404K, used 22529K [0xaac00000, 0xace93000, 0xb2c00000)
2015-02-20T15:56:18.778-0600: 2107.233: [GC2015-02-20T15:56:18.778-0600: 2107.233: [ParNew
Desired survivor size 20112996 bytes, new threshold 8 (max 8)
- age   1:        928 bytes,        928 total
- age   2:        400 bytes,       1328 total
- age   3:        496 bytes,       1824 total
- age   4:        480 bytes,       2304 total
- age   5:        216 bytes,       2520 total
- age   6:        400 bytes,       2920 total
- age   7:        224 bytes,       3144 total
- age   8:        376 bytes,       3520 total
: 87432K->6K(109248K), 0.0115190 secs] 100106K->12681K(502464K), 0.0117800 secs] [Times: user=0.01 sys=0.01, real=0.01 secs] 
Heap after GC invocations=398 (full 1):
 par new generation   total 109248K, used 6K [0x8ac00000, 0x92c00000, 0x92c00000)
  eden space 87424K,   0% used [0x8ac00000, 0x8ac00000, 0x90160000)
  from space 21824K,   0% used [0x916b0000, 0x916b1800, 0x92c00000)
  to   space 21824K,   0% used [0x90160000, 0x90160000, 0x916b0000)
 concurrent mark-sweep generation total 393216K, used 12675K [0x92c00000, 0xaac00000, 0xaac00000)
 concurrent-mark-sweep perm gen total 35404K, used 22529K [0xaac00000, 0xace93000, 0xb2c00000)
}
2015-02-20T15:56:18.790-0600: 2107.245: Total time for which application threads were stopped: 0.0145330 seconds
{Heap before GC invocations=398 (full 1):
 par new generation   total 109248K, used 87430K [0x8ac00000, 0x92c00000, 0x92c00000)
  eden space 87424K, 100% used [0x8ac00000, 0x90160000, 0x90160000)
  from space 21824K,   0% used [0x916b0000, 0x916b1800, 0x92c00000)
  to   space 21824K,   0% used [0x90160000, 0x90160000, 0x916b0000)
 concurrent mark-sweep generation total 393216K, used 12675K [0x92c00000, 0xaac00000, 0xaac00000)
 concurrent-mark-sweep perm gen total 35404K, used 22529K [0xaac00000, 0xace93000, 0xb2c00000)
2015-02-20T15:56:20.431-0600: 2108.886: [GC2015-02-20T15:56:20.431-0600: 2108.887: [ParNew
Desired survivor size 20112996 bytes, new threshold 8 (max 8)
- age   1:       1176 bytes,       1176 total
- age   2:        176 bytes,       1352 total
- age   3:        376 bytes,       1728 total
- age   4:        496 bytes,       2224 total
- age   5:        480 bytes,       2704 total
- age   6:        216 bytes,       2920 total
- age   7:        400 bytes,       3320 total
- age   8:        224 bytes,       3544 total
: 87430K->8K(109248K), 0.0131790 secs] 100105K->12683K(502464K), 0.0133500 secs] [Times: user=0.02 sys=0.00, real=0.01 secs] 
Heap after GC invocations=399 (full 1):
 par new generation   total 109248K, used 8K [0x8ac00000, 0x92c00000, 0x92c00000)
  eden space 87424K,   0% used [0x8ac00000, 0x8ac00000, 0x90160000)
  from space 21824K,   0% used [0x90160000, 0x90162000, 0x916b0000)
  to   space 21824K,   0% used [0x916b0000, 0x916b0000, 0x92c00000)
 concurrent mark-sweep generation total 393216K, used 12675K [0x92c00000, 0xaac00000, 0xaac00000)
 concurrent-mark-sweep perm gen total 35404K, used 22529K [0xaac00000, 0xace93000, 0xb2c00000)
}
2015-02-20T15:56:20.445-0600: 2108.900: Total time for which application threads were stopped: 0.0161890 seconds
{Heap before GC invocations=399 (full 1):
 par new generation   total 109248K, used 87432K [0x8ac00000, 0x92c00000, 0x92c00000)
  eden space 87424K, 100% used [0x8ac00000, 0x90160000, 0x90160000)
  from space 21824K,   0% used [0x90160000, 0x90162000, 0x916b0000)
  to   space 21824K,   0% used [0x916b0000, 0x916b0000, 0x92c00000)
 concurrent mark-sweep generation total 393216K, used 12675K [0x92c00000, 0xaac00000, 0xaac00000)
 concurrent-mark-sweep perm gen total 35404K, used 22529K [0xaac00000, 0xace93000, 0xb2c00000)
2015-02-20T15:56:22.585-0600: 2111.040: [GC2015-02-20T15:56:22.585-0600: 2111.040: [ParNew
Desired survivor size 20112996 bytes, new threshold 8 (max 8)
- age   1:       1304 bytes,       1304 total
- age   2:        400 bytes,       1704 total
- age   3:        176 bytes,       1880 total
- age   4:        376 bytes,       2256 total
- age   5:        496 bytes,       2752 total
- age   6:        480 bytes,       3232 total
- age   7:        216 bytes,       3448 total
- age   8:        400 bytes,       3848 total
: 87432K->8K(109248K), 0.0093520 secs] 100107K->12683K(502464K), 0.0095810 secs] [Times: user=0.01 sys=0.00, real=0.01 secs] 
Heap after GC invocations=400 (full 1):
 par new generation   total 109248K, used 8K [0x8ac00000, 0x92c00000, 0x92c00000)
  eden space 87424K,   0% used [0x8ac00000, 0x8ac00000, 0x90160000)
  from space 21824K,   0% used [0x916b0000, 0x916b2000, 0x92c00000)
  to   space 21824K,   0% used [0x90160000, 0x90160000, 0x916b0000)
 concurrent mark-sweep generation total 393216K, used 12675K [0x92c00000, 0xaac00000, 0xaac00000)
 concurrent-mark-sweep perm gen total 35404K, used 22529K [0xaac00000, 0xace93000, 0xb2c00000)
}
2015-02-20T15:56:22.595-0600: 2111.050: Total time for which application threads were stopped: 0.0124970 seconds
{Heap before GC invocations=400 (full 1):
 par new generation   total 109248K, used 87432K [0x8ac00000, 0x92c00000, 0x92c00000)
  eden space 87424K, 100% used [0x8ac00000, 0x90160000, 0x90160000)
  from space 21824K,   0% used [0x916b0000, 0x916b2000, 0x92c00000)
  to   space 21824K,   0% used [0x90160000, 0x90160000, 0x916b0000)
 concurrent mark-sweep generation total 393216K, used 12675K [0x92c00000, 0xaac00000, 0xaac00000)
 concurrent-mark-sweep perm gen total 35404K, used 22529K [0xaac00000, 0xace93000, 0xb2c00000)
2015-02-20T15:56:24.338-0600: 2112.793: [GC2015-02-20T15:56:24.338-0600: 2112.793: [ParNew
Desired survivor size 20112996 bytes, new threshold 8 (max 8)
- age   1:       1080 bytes,       1080 total
- age   2:        472 bytes,       1552 total
- age   3:        400 bytes,       1952 total
- age   4:        176 bytes,       2128 total
- age   5:        376 bytes,       2504 total
- age   6:        496 bytes,       3000 total
- age   7:        480 bytes,       3480 total
- age   8:        216 bytes,       3696 total
: 87432K->10K(109248K), 0.0059330 secs] 100107K->12686K(502464K), 0.0061010 secs] [Times: user=0.01 sys=0.00, real=0.00 secs] 
Heap after GC invocations=401 (full 1):
 par new generation   total 109248K, used 10K [0x8ac00000, 0x92c00000, 0x92c00000)
  eden space 87424K,   0% used [0x8ac00000, 0x8ac00000, 0x90160000)
  from space 21824K,   0% used [0x90160000, 0x90162800, 0x916b0000)
  to   space 21824K,   0% used [0x916b0000, 0x916b0000, 0x92c00000)
 concurrent mark-sweep generation total 393216K, used 12676K [0x92c00000, 0xaac00000, 0xaac00000)
 concurrent-mark-sweep perm gen total 35404K, used 22529K [0xaac00000, 0xace93000, 0xb2c00000)
}
2015-02-20T15:56:24.344-0600: 2112.799: Total time for which application threads were stopped: 0.0089510 seconds
{Heap before GC invocations=401 (full 1):
 par new generation   total 109248K, used 87434K [0x8ac00000, 0x92c00000, 0x92c00000)
  eden space 87424K, 100% used [0x8ac00000, 0x90160000, 0x90160000)
  from space 21824K,   0% used [0x90160000, 0x90162800, 0x916b0000)
  to   space 21824K,   0% used [0x916b0000, 0x916b0000, 0x92c00000)
 concurrent mark-sweep generation total 393216K, used 12676K [0x92c00000, 0xaac00000, 0xaac00000)
 concurrent-mark-sweep perm gen total 35404K, used 22529K [0xaac00000, 0xace93000, 0xb2c00000)
2015-02-20T15:56:25.992-0600: 2114.447: [GC2015-02-20T15:56:25.992-0600: 2114.447: [ParNew
Desired survivor size 20112996 bytes, new threshold 8 (max 8)
- age   1:        816 bytes,        816 total
- age   2:        552 bytes,       1368 total
- age   3:        472 bytes,       1840 total
- age   4:        400 bytes,       2240 total
- age   5:        176 bytes,       2416 total
- age   6:        376 bytes,       2792 total
- age   7:        496 bytes,       3288 total
- age   8:        480 bytes,       3768 total
: 87434K->10K(109248K), 0.0060150 secs] 100110K->12686K(502464K), 0.0062500 secs] [Times: user=0.01 sys=0.01, real=0.01 secs] 
Heap after GC invocations=402 (full 1):
 par new generation   total 109248K, used 10K [0x8ac00000, 0x92c00000, 0x92c00000)
  eden space 87424K,   0% used [0x8ac00000, 0x8ac00000, 0x90160000)
  from space 21824K,   0% used [0x916b0000, 0x916b2800, 0x92c00000)
  to   space 21824K,   0% used [0x90160000, 0x90160000, 0x916b0000)
 concurrent mark-sweep generation total 393216K, used 12676K [0x92c00000, 0xaac00000, 0xaac00000)
 concurrent-mark-sweep perm gen total 35404K, used 22529K [0xaac00000, 0xace93000, 0xb2c00000)
}
2015-02-20T15:56:25.998-0600: 2114.453: Total time for which application threads were stopped: 0.0089840 seconds
{Heap before GC invocations=402 (full 1):
 par new generation   total 109248K, used 87434K [0x8ac00000, 0x92c00000, 0x92c00000)
  eden space 87424K, 100% used [0x8ac00000, 0x90160000, 0x90160000)
  from space 21824K,   0% used [0x916b0000, 0x916b2800, 0x92c00000)
  to   space 21824K,   0% used [0x90160000, 0x90160000, 0x916b0000)
 concurrent mark-sweep generation total 393216K, used 12676K [0x92c00000, 0xaac00000, 0xaac00000)
 concurrent-mark-sweep perm gen total 35404K, used 22529K [0xaac00000, 0xace93000, 0xb2c00000)
2015-02-20T15:56:27.573-0600: 2116.028: [GC2015-02-20T15:56:27.573-0600: 2116.028: [ParNew
Desired survivor size 20112996 bytes, new threshold 8 (max 8)
- age   1:       1136 bytes,       1136 total
- age   2:        200 bytes,       1336 total
- age   3:        424 bytes,       1760 total
- age   4:        472 bytes,       2232 total
- age   5:        400 bytes,       2632 total
- age   6:        176 bytes,       2808 total
- age   7:        376 bytes,       3184 total
- age   8:        496 bytes,       3680 total
: 87434K->8K(109248K), 0.0070410 secs] 100110K->12685K(502464K), 0.0072280 secs] [Times: user=0.01 sys=0.00, real=0.01 secs] 
Heap after GC invocations=403 (full 1):
 par new generation   total 109248K, used 8K [0x8ac00000, 0x92c00000, 0x92c00000)
  eden space 87424K,   0% used [0x8ac00000, 0x8ac00000, 0x90160000)
  from space 21824K,   0% used [0x90160000, 0x90162000, 0x916b0000)
  to   space 21824K,   0% used [0x916b0000, 0x916b0000, 0x92c00000)
 concurrent mark-sweep generation total 393216K, used 12677K [0x92c00000, 0xaac00000, 0xaac00000)
 concurrent-mark-sweep perm gen total 35404K, used 22529K [0xaac00000, 0xace93000, 0xb2c00000)
}
2015-02-20T15:56:27.580-0600: 2116.035: Total time for which application threads were stopped: 0.0099490 seconds
{Heap before GC invocations=403 (full 1):
 par new generation   total 109248K, used 87432K [0x8ac00000, 0x92c00000, 0x92c00000)
  eden space 87424K, 100% used [0x8ac00000, 0x90160000, 0x90160000)
  from space 21824K,   0% used [0x90160000, 0x90162000, 0x916b0000)
  to   space 21824K,   0% used [0x916b0000, 0x916b0000, 0x92c00000)
 concurrent mark-sweep generation total 393216K, used 12677K [0x92c00000, 0xaac00000, 0xaac00000)
 concurrent-mark-sweep perm gen total 35404K, used 22529K [0xaac00000, 0xace93000, 0xb2c00000)
2015-02-20T15:56:29.191-0600: 2117.646: [GC2015-02-20T15:56:29.192-0600: 2117.647: [ParNew
Desired survivor size 20112996 bytes, new threshold 8 (max 8)
- age   1:       1048 bytes,       1048 total
- age   2:        536 bytes,       1584 total
- age   3:        200 bytes,       1784 total
- age   4:        424 bytes,       2208 total
- age   5:        472 bytes,       2680 total
- age   6:        400 bytes,       3080 total
- age   7:        176 bytes,       3256 total
- age   8:        376 bytes,       3632 total
: 87432K->10K(109248K), 0.0056940 secs] 100109K->12687K(502464K), 0.0058780 secs] [Times: user=0.01 sys=0.00, real=0.01 secs] 
Heap after GC invocations=404 (full 1):
 par new generation   total 109248K, used 10K [0x8ac00000, 0x92c00000, 0x92c00000)
  eden space 87424K,   0% used [0x8ac00000, 0x8ac00000, 0x90160000)
  from space 21824K,   0% used [0x916b0000, 0x916b2800, 0x92c00000)
  to   space 21824K,   0% used [0x90160000, 0x90160000, 0x916b0000)
 concurrent mark-sweep generation total 393216K, used 12677K [0x92c00000, 0xaac00000, 0xaac00000)
 concurrent-mark-sweep perm gen total 35404K, used 22529K [0xaac00000, 0xace93000, 0xb2c00000)
}
2015-02-20T15:56:29.197-0600: 2117.653: Total time for which application threads were stopped: 0.0086510 seconds
{Heap before GC invocations=404 (full 1):
 par new generation   total 109248K, used 87434K [0x8ac00000, 0x92c00000, 0x92c00000)
  eden space 87424K, 100% used [0x8ac00000, 0x90160000, 0x90160000)
  from space 21824K,   0% used [0x916b0000, 0x916b2800, 0x92c00000)
  to   space 21824K,   0% used [0x90160000, 0x90160000, 0x916b0000)
 concurrent mark-sweep generation total 393216K, used 12677K [0x92c00000, 0xaac00000, 0xaac00000)
 concurrent-mark-sweep perm gen total 35404K, used 22529K [0xaac00000, 0xace93000, 0xb2c00000)
2015-02-20T15:56:30.829-0600: 2119.284: [GC2015-02-20T15:56:30.829-0600: 2119.285: [ParNew
Desired survivor size 20112996 bytes, new threshold 8 (max 8)
- age   1:       1016 bytes,       1016 total
- age   2:        400 bytes,       1416 total
- age   3:        536 bytes,       1952 total
- age   4:        200 bytes,       2152 total
- age   5:        424 bytes,       2576 total
- age   6:        472 bytes,       3048 total
- age   7:        400 bytes,       3448 total
- age   8:        176 bytes,       3624 total
: 87434K->8K(109248K), 0.0077310 secs] 100111K->12685K(502464K), 0.0079020 secs] [Times: user=0.01 sys=0.01, real=0.00 secs] 
Heap after GC invocations=405 (full 1):
 par new generation   total 109248K, used 8K [0x8ac00000, 0x92c00000, 0x92c00000)
  eden space 87424K,   0% used [0x8ac00000, 0x8ac00000, 0x90160000)
  from space 21824K,   0% used [0x90160000, 0x90162000, 0x916b0000)
  to   space 21824K,   0% used [0x916b0000, 0x916b0000, 0x92c00000)
 concurrent mark-sweep generation total 393216K, used 12677K [0x92c00000, 0xaac00000, 0xaac00000)
 concurrent-mark-sweep perm gen total 35404K, used 22529K [0xaac00000, 0xace93000, 0xb2c00000)
}
2015-02-20T15:56:30.837-0600: 2119.292: Total time for which application threads were stopped: 0.0105920 seconds
{Heap before GC invocations=405 (full 1):
 par new generation   total 109248K, used 87432K [0x8ac00000, 0x92c00000, 0x92c00000)
  eden space 87424K, 100% used [0x8ac00000, 0x90160000, 0x90160000)
  from space 21824K,   0% used [0x90160000, 0x90162000, 0x916b0000)
  to   space 21824K,   0% used [0x916b0000, 0x916b0000, 0x92c00000)
 concurrent mark-sweep generation total 393216K, used 12677K [0x92c00000, 0xaac00000, 0xaac00000)
 concurrent-mark-sweep perm gen total 35404K, used 22529K [0xaac00000, 0xace93000, 0xb2c00000)
2015-02-20T15:56:32.417-0600: 2120.872: [GC2015-02-20T15:56:32.417-0600: 2120.872: [ParNew
Desired survivor size 20112996 bytes, new threshold 8 (max 8)
- age   1:       1176 bytes,       1176 total
- age   2:        296 bytes,       1472 total
- age   3:        376 bytes,       1848 total
- age   4:        536 bytes,       2384 total
- age   5:        200 bytes,       2584 total
- age   6:        424 bytes,       3008 total
- age   7:        472 bytes,       3480 total
- age   8:        400 bytes,       3880 total
: 87432K->6K(109248K), 0.0075070 secs] 100109K->12684K(502464K), 0.0077920 secs] [Times: user=0.01 sys=0.00, real=0.01 secs] 
Heap after GC invocations=406 (full 1):
 par new generation   total 109248K, used 6K [0x8ac00000, 0x92c00000, 0x92c00000)
  eden space 87424K,   0% used [0x8ac00000, 0x8ac00000, 0x90160000)
  from space 21824K,   0% used [0x916b0000, 0x916b1800, 0x92c00000)
  to   space 21824K,   0% used [0x90160000, 0x90160000, 0x916b0000)
 concurrent mark-sweep generation total 393216K, used 12678K [0x92c00000, 0xaac00000, 0xaac00000)
 concurrent-mark-sweep perm gen total 35404K, used 22529K [0xaac00000, 0xace93000, 0xb2c00000)
}
2015-02-20T15:56:32.425-0600: 2120.880: Total time for which application threads were stopped: 0.0104550 seconds
{Heap before GC invocations=406 (full 1):
 par new generation   total 109248K, used 87430K [0x8ac00000, 0x92c00000, 0x92c00000)
  eden space 87424K, 100% used [0x8ac00000, 0x90160000, 0x90160000)
  from space 21824K,   0% used [0x916b0000, 0x916b1800, 0x92c00000)
  to   space 21824K,   0% used [0x90160000, 0x90160000, 0x916b0000)
 concurrent mark-sweep generation total 393216K, used 12678K [0x92c00000, 0xaac00000, 0xaac00000)
 concurrent-mark-sweep perm gen total 35404K, used 22529K [0xaac00000, 0xace93000, 0xb2c00000)
2015-02-20T15:56:33.967-0600: 2122.422: [GC2015-02-20T15:56:33.967-0600: 2122.422: [ParNew
Desired survivor size 20112996 bytes, new threshold 8 (max 8)
- age   1:        672 bytes,        672 total
- age   2:        528 bytes,       1200 total
- age   3:        296 bytes,       1496 total
- age   4:        376 bytes,       1872 total
- age   5:        536 bytes,       2408 total
- age   6:        200 bytes,       2608 total
- age   7:        424 bytes,       3032 total
- age   8:        472 bytes,       3504 total
: 87430K->8K(109248K), 0.0062770 secs] 100108K->12686K(502464K), 0.0065770 secs] [Times: user=0.01 sys=0.00, real=0.01 secs] 
Heap after GC invocations=407 (full 1):
 par new generation   total 109248K, used 8K [0x8ac00000, 0x92c00000, 0x92c00000)
  eden space 87424K,   0% used [0x8ac00000, 0x8ac00000, 0x90160000)
  from space 21824K,   0% used [0x90160000, 0x90162000, 0x916b0000)
  to   space 21824K,   0% used [0x916b0000, 0x916b0000, 0x92c00000)
 concurrent mark-sweep generation total 393216K, used 12678K [0x92c00000, 0xaac00000, 0xaac00000)
 concurrent-mark-sweep perm gen total 35404K, used 22529K [0xaac00000, 0xace93000, 0xb2c00000)
}
2015-02-20T15:56:33.974-0600: 2122.429: Total time for which application threads were stopped: 0.0098450 seconds
{Heap before GC invocations=407 (full 1):
 par new generation   total 109248K, used 87432K [0x8ac00000, 0x92c00000, 0x92c00000)
  eden space 87424K, 100% used [0x8ac00000, 0x90160000, 0x90160000)
  from space 21824K,   0% used [0x90160000, 0x90162000, 0x916b0000)
  to   space 21824K,   0% used [0x916b0000, 0x916b0000, 0x92c00000)
 concurrent mark-sweep generation total 393216K, used 12678K [0x92c00000, 0xaac00000, 0xaac00000)
 concurrent-mark-sweep perm gen total 35404K, used 22529K [0xaac00000, 0xace93000, 0xb2c00000)
2015-02-20T15:56:35.636-0600: 2124.091: [GC2015-02-20T15:56:35.636-0600: 2124.091: [ParNew
Desired survivor size 20112996 bytes, new threshold 8 (max 8)
- age   1:       1176 bytes,       1176 total
- age   2:        200 bytes,       1376 total
- age   3:        400 bytes,       1776 total
- age   4:        296 bytes,       2072 total
- age   5:        376 bytes,       2448 total
- age   6:        536 bytes,       2984 total
- age   7:        200 bytes,       3184 total
- age   8:        424 bytes,       3608 total
: 87432K->10K(109248K), 0.0065210 secs] 100110K->12688K(502464K), 0.0067420 secs] [Times: user=0.01 sys=0.00, real=0.01 secs] 
Heap after GC invocations=408 (full 1):
 par new generation   total 109248K, used 10K [0x8ac00000, 0x92c00000, 0x92c00000)
  eden space 87424K,   0% used [0x8ac00000, 0x8ac00000, 0x90160000)
  from space 21824K,   0% used [0x916b0000, 0x916b2800, 0x92c00000)
  to   space 21824K,   0% used [0x90160000, 0x90160000, 0x916b0000)
 concurrent mark-sweep generation total 393216K, used 12678K [0x92c00000, 0xaac00000, 0xaac00000)
 concurrent-mark-sweep perm gen total 35404K, used 22529K [0xaac00000, 0xace93000, 0xb2c00000)
}
2015-02-20T15:56:35.643-0600: 2124.098: Total time for which application threads were stopped: 0.0094410 seconds
{Heap before GC invocations=408 (full 1):
 par new generation   total 109248K, used 87434K [0x8ac00000, 0x92c00000, 0x92c00000)
  eden space 87424K, 100% used [0x8ac00000, 0x90160000, 0x90160000)
  from space 21824K,   0% used [0x916b0000, 0x916b2800, 0x92c00000)
  to   space 21824K,   0% used [0x90160000, 0x90160000, 0x916b0000)
 concurrent mark-sweep generation total 393216K, used 12678K [0x92c00000, 0xaac00000, 0xaac00000)
 concurrent-mark-sweep perm gen total 35404K, used 22529K [0xaac00000, 0xace93000, 0xb2c00000)
2015-02-20T15:56:37.376-0600: 2125.831: [GC2015-02-20T15:56:37.376-0600: 2125.831: [ParNew
Desired survivor size 20112996 bytes, new threshold 8 (max 8)
- age   1:       1032 bytes,       1032 total
- age   2:        400 bytes,       1432 total
- age   3:        200 bytes,       1632 total
- age   4:        400 bytes,       2032 total
- age   5:        296 bytes,       2328 total
- age   6:        376 bytes,       2704 total
- age   7:        536 bytes,       3240 total
- age   8:        200 bytes,       3440 total
: 87434K->8K(109248K), 0.0077160 secs] 100112K->12687K(502464K), 0.0079330 secs] [Times: user=0.01 sys=0.00, real=0.01 secs] 
Heap after GC invocations=409 (full 1):
 par new generation   total 109248K, used 8K [0x8ac00000, 0x92c00000, 0x92c00000)
  eden space 87424K,   0% used [0x8ac00000, 0x8ac00000, 0x90160000)
  from space 21824K,   0% used [0x90160000, 0x90162000, 0x916b0000)
  to   space 21824K,   0% used [0x916b0000, 0x916b0000, 0x92c00000)
 concurrent mark-sweep generation total 393216K, used 12679K [0x92c00000, 0xaac00000, 0xaac00000)
 concurrent-mark-sweep perm gen total 35404K, used 22529K [0xaac00000, 0xace93000, 0xb2c00000)
}
2015-02-20T15:56:37.384-0600: 2125.839: Total time for which application threads were stopped: 0.0107240 seconds
{Heap before GC invocations=409 (full 1):
 par new generation   total 109248K, used 87432K [0x8ac00000, 0x92c00000, 0x92c00000)
  eden space 87424K, 100% used [0x8ac00000, 0x90160000, 0x90160000)
  from space 21824K,   0% used [0x90160000, 0x90162000, 0x916b0000)
  to   space 21824K,   0% used [0x916b0000, 0x916b0000, 0x92c00000)
 concurrent mark-sweep generation total 393216K, used 12679K [0x92c00000, 0xaac00000, 0xaac00000)
 concurrent-mark-sweep perm gen total 35404K, used 22529K [0xaac00000, 0xace93000, 0xb2c00000)
2015-02-20T15:56:39.097-0600: 2127.552: [GC2015-02-20T15:56:39.097-0600: 2127.552: [ParNew
Desired survivor size 20112996 bytes, new threshold 8 (max 8)
- age   1:       1152 bytes,       1152 total
- age   2:        376 bytes,       1528 total
- age   3:        400 bytes,       1928 total
- age   4:        200 bytes,       2128 total
- age   5:        400 bytes,       2528 total
- age   6:        296 bytes,       2824 total
- age   7:        376 bytes,       3200 total
- age   8:        536 bytes,       3736 total
: 87432K->8K(109248K), 0.0089920 secs] 100111K->12687K(502464K), 0.0092060 secs] [Times: user=0.01 sys=0.01, real=0.01 secs] 
Heap after GC invocations=410 (full 1):
 par new generation   total 109248K, used 8K [0x8ac00000, 0x92c00000, 0x92c00000)
  eden space 87424K,   0% used [0x8ac00000, 0x8ac00000, 0x90160000)
  from space 21824K,   0% used [0x916b0000, 0x916b2000, 0x92c00000)
  to   space 21824K,   0% used [0x90160000, 0x90160000, 0x916b0000)
 concurrent mark-sweep generation total 393216K, used 12679K [0x92c00000, 0xaac00000, 0xaac00000)
 concurrent-mark-sweep perm gen total 35404K, used 22529K [0xaac00000, 0xace93000, 0xb2c00000)
}
2015-02-20T15:56:39.106-0600: 2127.561: Total time for which application threads were stopped: 0.0120470 seconds
{Heap before GC invocations=410 (full 1):
 par new generation   total 109248K, used 87432K [0x8ac00000, 0x92c00000, 0x92c00000)
  eden space 87424K, 100% used [0x8ac00000, 0x90160000, 0x90160000)
  from space 21824K,   0% used [0x916b0000, 0x916b2000, 0x92c00000)
  to   space 21824K,   0% used [0x90160000, 0x90160000, 0x916b0000)
 concurrent mark-sweep generation total 393216K, used 12679K [0x92c00000, 0xaac00000, 0xaac00000)
 concurrent-mark-sweep perm gen total 35404K, used 22529K [0xaac00000, 0xace93000, 0xb2c00000)
2015-02-20T15:56:40.785-0600: 2129.240: [GC2015-02-20T15:56:40.785-0600: 2129.240: [ParNew
Desired survivor size 20112996 bytes, new threshold 8 (max 8)
- age   1:        784 bytes,        784 total
- age   2:        400 bytes,       1184 total
- age   3:        376 bytes,       1560 total
- age   4:        400 bytes,       1960 total
- age   5:        200 bytes,       2160 total
- age   6:        400 bytes,       2560 total
- age   7:        296 bytes,       2856 total
- age   8:        376 bytes,       3232 total
: 87432K->8K(109248K), 0.0062600 secs] 100111K->12688K(502464K), 0.0064990 secs] [Times: user=0.01 sys=0.00, real=0.01 secs] 
Heap after GC invocations=411 (full 1):
 par new generation   total 109248K, used 8K [0x8ac00000, 0x92c00000, 0x92c00000)
  eden space 87424K,   0% used [0x8ac00000, 0x8ac00000, 0x90160000)
  from space 21824K,   0% used [0x90160000, 0x90162000, 0x916b0000)
  to   space 21824K,   0% used [0x916b0000, 0x916b0000, 0x92c00000)
 concurrent mark-sweep generation total 393216K, used 12680K [0x92c00000, 0xaac00000, 0xaac00000)
 concurrent-mark-sweep perm gen total 35404K, used 22529K [0xaac00000, 0xace93000, 0xb2c00000)
}
2015-02-20T15:56:40.792-0600: 2129.247: Total time for which application threads were stopped: 0.0094040 seconds
{Heap before GC invocations=411 (full 1):
 par new generation   total 109248K, used 87432K [0x8ac00000, 0x92c00000, 0x92c00000)
  eden space 87424K, 100% used [0x8ac00000, 0x90160000, 0x90160000)
  from space 21824K,   0% used [0x90160000, 0x90162000, 0x916b0000)
  to   space 21824K,   0% used [0x916b0000, 0x916b0000, 0x92c00000)
 concurrent mark-sweep generation total 393216K, used 12680K [0x92c00000, 0xaac00000, 0xaac00000)
 concurrent-mark-sweep perm gen total 35404K, used 22529K [0xaac00000, 0xace93000, 0xb2c00000)
2015-02-20T15:56:42.398-0600: 2130.853: [GC2015-02-20T15:56:42.398-0600: 2130.853: [ParNew
Desired survivor size 20112996 bytes, new threshold 8 (max 8)
- age   1:       1072 bytes,       1072 total
- age   2:        176 bytes,       1248 total
- age   3:        376 bytes,       1624 total
- age   4:        376 bytes,       2000 total
- age   5:        400 bytes,       2400 total
- age   6:        200 bytes,       2600 total
- age   7:        400 bytes,       3000 total
- age   8:        296 bytes,       3296 total
: 87432K->6K(109248K), 0.0076230 secs] 100112K->12686K(502464K), 0.0078180 secs] [Times: user=0.01 sys=0.00, real=0.00 secs] 
Heap after GC invocations=412 (full 1):
 par new generation   total 109248K, used 6K [0x8ac00000, 0x92c00000, 0x92c00000)
  eden space 87424K,   0% used [0x8ac00000, 0x8ac00000, 0x90160000)
  from space 21824K,   0% used [0x916b0000, 0x916b1800, 0x92c00000)
  to   space 21824K,   0% used [0x90160000, 0x90160000, 0x916b0000)
 concurrent mark-sweep generation total 393216K, used 12680K [0x92c00000, 0xaac00000, 0xaac00000)
 concurrent-mark-sweep perm gen total 35404K, used 22529K [0xaac00000, 0xace93000, 0xb2c00000)
}
2015-02-20T15:56:42.406-0600: 2130.861: Total time for which application threads were stopped: 0.0105940 seconds
{Heap before GC invocations=412 (full 1):
 par new generation   total 109248K, used 87430K [0x8ac00000, 0x92c00000, 0x92c00000)
  eden space 87424K, 100% used [0x8ac00000, 0x90160000, 0x90160000)
  from space 21824K,   0% used [0x916b0000, 0x916b1800, 0x92c00000)
  to   space 21824K,   0% used [0x90160000, 0x90160000, 0x916b0000)
 concurrent mark-sweep generation total 393216K, used 12680K [0x92c00000, 0xaac00000, 0xaac00000)
 concurrent-mark-sweep perm gen total 35404K, used 22529K [0xaac00000, 0xace93000, 0xb2c00000)
2015-02-20T15:56:44.051-0600: 2132.506: [GC2015-02-20T15:56:44.051-0600: 2132.506: [ParNew
Desired survivor size 20112996 bytes, new threshold 8 (max 8)
- age   1:        920 bytes,        920 total
- age   2:        528 bytes,       1448 total
- age   3:        176 bytes,       1624 total
- age   4:        376 bytes,       2000 total
- age   5:        376 bytes,       2376 total
- age   6:        400 bytes,       2776 total
- age   7:        200 bytes,       2976 total
- age   8:        400 bytes,       3376 total
: 87430K->10K(109248K), 0.0056550 secs] 100110K->12690K(502464K), 0.0058890 secs] [Times: user=0.01 sys=0.01, real=0.00 secs] 
Heap after GC invocations=413 (full 1):
 par new generation   total 109248K, used 10K [0x8ac00000, 0x92c00000, 0x92c00000)
  eden space 87424K,   0% used [0x8ac00000, 0x8ac00000, 0x90160000)
  from space 21824K,   0% used [0x90160000, 0x90162800, 0x916b0000)
  to   space 21824K,   0% used [0x916b0000, 0x916b0000, 0x92c00000)
 concurrent mark-sweep generation total 393216K, used 12680K [0x92c00000, 0xaac00000, 0xaac00000)
 concurrent-mark-sweep perm gen total 35404K, used 22529K [0xaac00000, 0xace93000, 0xb2c00000)
}
2015-02-20T15:56:44.057-0600: 2132.512: Total time for which application threads were stopped: 0.0087000 seconds
{Heap before GC invocations=413 (full 1):
 par new generation   total 109248K, used 87434K [0x8ac00000, 0x92c00000, 0x92c00000)
  eden space 87424K, 100% used [0x8ac00000, 0x90160000, 0x90160000)
  from space 21824K,   0% used [0x90160000, 0x90162800, 0x916b0000)
  to   space 21824K,   0% used [0x916b0000, 0x916b0000, 0x92c00000)
 concurrent mark-sweep generation total 393216K, used 12680K [0x92c00000, 0xaac00000, 0xaac00000)
 concurrent-mark-sweep perm gen total 35404K, used 22529K [0xaac00000, 0xace93000, 0xb2c00000)
2015-02-20T15:56:45.673-0600: 2134.128: [GC2015-02-20T15:56:45.673-0600: 2134.128: [ParNew
Desired survivor size 20112996 bytes, new threshold 8 (max 8)
- age   1:       1160 bytes,       1160 total
- age   2:        216 bytes,       1376 total
- age   3:        400 bytes,       1776 total
- age   4:        176 bytes,       1952 total
- age   5:        376 bytes,       2328 total
- age   6:        376 bytes,       2704 total
- age   7:        400 bytes,       3104 total
- age   8:        200 bytes,       3304 total
: 87434K->10K(109248K), 0.0062060 secs] 100114K->12691K(502464K), 0.0064450 secs] [Times: user=0.01 sys=0.00, real=0.01 secs] 
Heap after GC invocations=414 (full 1):
 par new generation   total 109248K, used 10K [0x8ac00000, 0x92c00000, 0x92c00000)
  eden space 87424K,   0% used [0x8ac00000, 0x8ac00000, 0x90160000)
  from space 21824K,   0% used [0x916b0000, 0x916b2800, 0x92c00000)
  to   space 21824K,   0% used [0x90160000, 0x90160000, 0x916b0000)
 concurrent mark-sweep generation total 393216K, used 12681K [0x92c00000, 0xaac00000, 0xaac00000)
 concurrent-mark-sweep perm gen total 35404K, used 22529K [0xaac00000, 0xace93000, 0xb2c00000)
}
2015-02-20T15:56:45.679-0600: 2134.134: Total time for which application threads were stopped: 0.0093160 seconds
{Heap before GC invocations=414 (full 1):
 par new generation   total 109248K, used 87434K [0x8ac00000, 0x92c00000, 0x92c00000)
  eden space 87424K, 100% used [0x8ac00000, 0x90160000, 0x90160000)
  from space 21824K,   0% used [0x916b0000, 0x916b2800, 0x92c00000)
  to   space 21824K,   0% used [0x90160000, 0x90160000, 0x916b0000)
 concurrent mark-sweep generation total 393216K, used 12681K [0x92c00000, 0xaac00000, 0xaac00000)
 concurrent-mark-sweep perm gen total 35404K, used 22529K [0xaac00000, 0xace93000, 0xb2c00000)
2015-02-20T15:56:47.392-0600: 2135.847: [GC2015-02-20T15:56:47.392-0600: 2135.848: [ParNew
Desired survivor size 20112996 bytes, new threshold 8 (max 8)
- age   1:       1328 bytes,       1328 total
- age   2:        384 bytes,       1712 total
- age   3:        216 bytes,       1928 total
- age   4:        400 bytes,       2328 total
- age   5:        176 bytes,       2504 total
- age   6:        376 bytes,       2880 total
- age   7:        376 bytes,       3256 total
- age   8:        400 bytes,       3656 total
: 87434K->8K(109248K), 0.0075490 secs] 100115K->12689K(502464K), 0.0077340 secs] [Times: user=0.01 sys=0.00, real=0.01 secs] 
Heap after GC invocations=415 (full 1):
 par new generation   total 109248K, used 8K [0x8ac00000, 0x92c00000, 0x92c00000)
  eden space 87424K,   0% used [0x8ac00000, 0x8ac00000, 0x90160000)
  from space 21824K,   0% used [0x90160000, 0x90162000, 0x916b0000)
  to   space 21824K,   0% used [0x916b0000, 0x916b0000, 0x92c00000)
 concurrent mark-sweep generation total 393216K, used 12681K [0x92c00000, 0xaac00000, 0xaac00000)
 concurrent-mark-sweep perm gen total 35404K, used 22529K [0xaac00000, 0xace93000, 0xb2c00000)
}
2015-02-20T15:56:47.400-0600: 2135.855: Total time for which application threads were stopped: 0.0105090 seconds
{Heap before GC invocations=415 (full 1):
 par new generation   total 109248K, used 87432K [0x8ac00000, 0x92c00000, 0x92c00000)
  eden space 87424K, 100% used [0x8ac00000, 0x90160000, 0x90160000)
  from space 21824K,   0% used [0x90160000, 0x90162000, 0x916b0000)
  to   space 21824K,   0% used [0x916b0000, 0x916b0000, 0x92c00000)
 concurrent mark-sweep generation total 393216K, used 12681K [0x92c00000, 0xaac00000, 0xaac00000)
 concurrent-mark-sweep perm gen total 35404K, used 22529K [0xaac00000, 0xace93000, 0xb2c00000)
2015-02-20T15:56:49.062-0600: 2137.517: [GC2015-02-20T15:56:49.062-0600: 2137.517: [ParNew
Desired survivor size 20112996 bytes, new threshold 8 (max 8)
- age   1:       1072 bytes,       1072 total
- age   2:        400 bytes,       1472 total
- age   3:        384 bytes,       1856 total
- age   4:        216 bytes,       2072 total
- age   5:        400 bytes,       2472 total
- age   6:        176 bytes,       2648 total
- age   7:        376 bytes,       3024 total
- age   8:        376 bytes,       3400 total
: 87432K->10K(109248K), 0.0057900 secs] 100113K->12691K(502464K), 0.0060300 secs] [Times: user=0.01 sys=0.00, real=0.01 secs] 
Heap after GC invocations=416 (full 1):
 par new generation   total 109248K, used 10K [0x8ac00000, 0x92c00000, 0x92c00000)
  eden space 87424K,   0% used [0x8ac00000, 0x8ac00000, 0x90160000)
  from space 21824K,   0% used [0x916b0000, 0x916b2800, 0x92c00000)
  to   space 21824K,   0% used [0x90160000, 0x90160000, 0x916b0000)
 concurrent mark-sweep generation total 393216K, used 12681K [0x92c00000, 0xaac00000, 0xaac00000)
 concurrent-mark-sweep perm gen total 35404K, used 22529K [0xaac00000, 0xace93000, 0xb2c00000)
}
2015-02-20T15:56:49.068-0600: 2137.523: Total time for which application threads were stopped: 0.0088730 seconds
{Heap before GC invocations=416 (full 1):
 par new generation   total 109248K, used 87434K [0x8ac00000, 0x92c00000, 0x92c00000)
  eden space 87424K, 100% used [0x8ac00000, 0x90160000, 0x90160000)
  from space 21824K,   0% used [0x916b0000, 0x916b2800, 0x92c00000)
  to   space 21824K,   0% used [0x90160000, 0x90160000, 0x916b0000)
 concurrent mark-sweep generation total 393216K, used 12681K [0x92c00000, 0xaac00000, 0xaac00000)
 concurrent-mark-sweep perm gen total 35404K, used 22529K [0xaac00000, 0xace93000, 0xb2c00000)
2015-02-20T15:56:50.846-0600: 2139.301: [GC2015-02-20T15:56:50.846-0600: 2139.301: [ParNew
Desired survivor size 20112996 bytes, new threshold 8 (max 8)
- age   1:        896 bytes,        896 total
- age   2:        400 bytes,       1296 total
- age   3:        400 bytes,       1696 total
- age   4:        384 bytes,       2080 total
- age   5:        216 bytes,       2296 total
- age   6:        400 bytes,       2696 total
- age   7:        176 bytes,       2872 total
- age   8:        376 bytes,       3248 total
: 87434K->8K(109248K), 0.0065380 secs] 100115K->12690K(502464K), 0.0067520 secs] [Times: user=0.02 sys=0.00, real=0.01 secs] 
Heap after GC invocations=417 (full 1):
 par new generation   total 109248K, used 8K [0x8ac00000, 0x92c00000, 0x92c00000)
  eden space 87424K,   0% used [0x8ac00000, 0x8ac00000, 0x90160000)
  from space 21824K,   0% used [0x90160000, 0x90162000, 0x916b0000)
  to   space 21824K,   0% used [0x916b0000, 0x916b0000, 0x92c00000)
 concurrent mark-sweep generation total 393216K, used 12682K [0x92c00000, 0xaac00000, 0xaac00000)
 concurrent-mark-sweep perm gen total 35404K, used 22529K [0xaac00000, 0xace93000, 0xb2c00000)
}
2015-02-20T15:56:50.853-0600: 2139.308: Total time for which application threads were stopped: 0.0094730 seconds
{Heap before GC invocations=417 (full 1):
 par new generation   total 109248K, used 87432K [0x8ac00000, 0x92c00000, 0x92c00000)
  eden space 87424K, 100% used [0x8ac00000, 0x90160000, 0x90160000)
  from space 21824K,   0% used [0x90160000, 0x90162000, 0x916b0000)
  to   space 21824K,   0% used [0x916b0000, 0x916b0000, 0x92c00000)
 concurrent mark-sweep generation total 393216K, used 12682K [0x92c00000, 0xaac00000, 0xaac00000)
 concurrent-mark-sweep perm gen total 35404K, used 22529K [0xaac00000, 0xace93000, 0xb2c00000)
2015-02-20T15:56:52.380-0600: 2140.835: [GC2015-02-20T15:56:52.380-0600: 2140.835: [ParNew
Desired survivor size 20112996 bytes, new threshold 8 (max 8)
- age   1:       1208 bytes,       1208 total
- age   2:        224 bytes,       1432 total
- age   3:        376 bytes,       1808 total
- age   4:        400 bytes,       2208 total
- age   5:        384 bytes,       2592 total
- age   6:        216 bytes,       2808 total
- age   7:        400 bytes,       3208 total
- age   8:        176 bytes,       3384 total
: 87432K->6K(109248K), 0.0077150 secs] 100114K->12688K(502464K), 0.0079330 secs] [Times: user=0.02 sys=0.00, real=0.01 secs] 
Heap after GC invocations=418 (full 1):
 par new generation   total 109248K, used 6K [0x8ac00000, 0x92c00000, 0x92c00000)
  eden space 87424K,   0% used [0x8ac00000, 0x8ac00000, 0x90160000)
  from space 21824K,   0% used [0x916b0000, 0x916b1800, 0x92c00000)
  to   space 21824K,   0% used [0x90160000, 0x90160000, 0x916b0000)
 concurrent mark-sweep generation total 393216K, used 12682K [0x92c00000, 0xaac00000, 0xaac00000)
 concurrent-mark-sweep perm gen total 35404K, used 22529K [0xaac00000, 0xace93000, 0xb2c00000)
}
2015-02-20T15:56:52.388-0600: 2140.843: Total time for which application threads were stopped: 0.0106930 seconds
{Heap before GC invocations=418 (full 1):
 par new generation   total 109248K, used 87430K [0x8ac00000, 0x92c00000, 0x92c00000)
  eden space 87424K, 100% used [0x8ac00000, 0x90160000, 0x90160000)
  from space 21824K,   0% used [0x916b0000, 0x916b1800, 0x92c00000)
  to   space 21824K,   0% used [0x90160000, 0x90160000, 0x916b0000)
 concurrent mark-sweep generation total 393216K, used 12682K [0x92c00000, 0xaac00000, 0xaac00000)
 concurrent-mark-sweep perm gen total 35404K, used 22529K [0xaac00000, 0xace93000, 0xb2c00000)
2015-02-20T15:56:53.906-0600: 2142.361: [GC2015-02-20T15:56:53.907-0600: 2142.362: [ParNew
Desired survivor size 20112996 bytes, new threshold 8 (max 8)
- age   1:        848 bytes,        848 total
- age   2:        504 bytes,       1352 total
- age   3:        224 bytes,       1576 total
- age   4:        376 bytes,       1952 total
- age   5:        400 bytes,       2352 total
- age   6:        384 bytes,       2736 total
- age   7:        216 bytes,       2952 total
- age   8:        400 bytes,       3352 total
: 87430K->6K(109248K), 0.0063150 secs] 100112K->12688K(502464K), 0.0065190 secs] [Times: user=0.01 sys=0.00, real=0.01 secs] 
Heap after GC invocations=419 (full 1):
 par new generation   total 109248K, used 6K [0x8ac00000, 0x92c00000, 0x92c00000)
  eden space 87424K,   0% used [0x8ac00000, 0x8ac00000, 0x90160000)
  from space 21824K,   0% used [0x90160000, 0x90161800, 0x916b0000)
  to   space 21824K,   0% used [0x916b0000, 0x916b0000, 0x92c00000)
 concurrent mark-sweep generation total 393216K, used 12682K [0x92c00000, 0xaac00000, 0xaac00000)
 concurrent-mark-sweep perm gen total 35404K, used 22529K [0xaac00000, 0xace93000, 0xb2c00000)
}
2015-02-20T15:56:53.913-0600: 2142.368: Total time for which application threads were stopped: 0.0092450 seconds
{Heap before GC invocations=419 (full 1):
 par new generation   total 109248K, used 87430K [0x8ac00000, 0x92c00000, 0x92c00000)
  eden space 87424K, 100% used [0x8ac00000, 0x90160000, 0x90160000)
  from space 21824K,   0% used [0x90160000, 0x90161800, 0x916b0000)
  to   space 21824K,   0% used [0x916b0000, 0x916b0000, 0x92c00000)
 concurrent mark-sweep generation total 393216K, used 12682K [0x92c00000, 0xaac00000, 0xaac00000)
 concurrent-mark-sweep perm gen total 35404K, used 22529K [0xaac00000, 0xace93000, 0xb2c00000)
2015-02-20T15:56:55.522-0600: 2143.977: [GC2015-02-20T15:56:55.522-0600: 2143.977: [ParNew
Desired survivor size 20112996 bytes, new threshold 8 (max 8)
- age   1:        976 bytes,        976 total
- age   2:        200 bytes,       1176 total
- age   3:        376 bytes,       1552 total
- age   4:        224 bytes,       1776 total
- age   5:        376 bytes,       2152 total
- age   6:        400 bytes,       2552 total
- age   7:        384 bytes,       2936 total
- age   8:        216 bytes,       3152 total
: 87430K->10K(109248K), 0.0054510 secs] 100112K->12692K(502464K), 0.0056660 secs] [Times: user=0.01 sys=0.00, real=0.01 secs] 
Heap after GC invocations=420 (full 1):
 par new generation   total 109248K, used 10K [0x8ac00000, 0x92c00000, 0x92c00000)
  eden space 87424K,   0% used [0x8ac00000, 0x8ac00000, 0x90160000)
  from space 21824K,   0% used [0x916b0000, 0x916b2800, 0x92c00000)
  to   space 21824K,   0% used [0x90160000, 0x90160000, 0x916b0000)
 concurrent mark-sweep generation total 393216K, used 12682K [0x92c00000, 0xaac00000, 0xaac00000)
 concurrent-mark-sweep perm gen total 35404K, used 22529K [0xaac00000, 0xace93000, 0xb2c00000)
}
2015-02-20T15:56:55.528-0600: 2143.983: Total time for which application threads were stopped: 0.0084890 seconds
{Heap before GC invocations=420 (full 1):
 par new generation   total 109248K, used 87434K [0x8ac00000, 0x92c00000, 0x92c00000)
  eden space 87424K, 100% used [0x8ac00000, 0x90160000, 0x90160000)
  from space 21824K,   0% used [0x916b0000, 0x916b2800, 0x92c00000)
  to   space 21824K,   0% used [0x90160000, 0x90160000, 0x916b0000)
 concurrent mark-sweep generation total 393216K, used 12682K [0x92c00000, 0xaac00000, 0xaac00000)
 concurrent-mark-sweep perm gen total 35404K, used 22529K [0xaac00000, 0xace93000, 0xb2c00000)
2015-02-20T15:56:57.110-0600: 2145.565: [GC2015-02-20T15:56:57.110-0600: 2145.565: [ParNew
Desired survivor size 20112996 bytes, new threshold 8 (max 8)
- age   1:       1136 bytes,       1136 total
- age   2:        376 bytes,       1512 total
- age   3:        200 bytes,       1712 total
- age   4:        376 bytes,       2088 total
- age   5:        224 bytes,       2312 total
- age   6:        376 bytes,       2688 total
- age   7:        400 bytes,       3088 total
- age   8:        384 bytes,       3472 total
: 87434K->6K(109248K), 0.0075850 secs] 100116K->12689K(502464K), 0.0077650 secs] [Times: user=0.01 sys=0.00, real=0.01 secs] 
Heap after GC invocations=421 (full 1):
 par new generation   total 109248K, used 6K [0x8ac00000, 0x92c00000, 0x92c00000)
  eden space 87424K,   0% used [0x8ac00000, 0x8ac00000, 0x90160000)
  from space 21824K,   0% used [0x90160000, 0x90161800, 0x916b0000)
  to   space 21824K,   0% used [0x916b0000, 0x916b0000, 0x92c00000)
 concurrent mark-sweep generation total 393216K, used 12683K [0x92c00000, 0xaac00000, 0xaac00000)
 concurrent-mark-sweep perm gen total 35404K, used 22529K [0xaac00000, 0xace93000, 0xb2c00000)
}
2015-02-20T15:56:57.117-0600: 2145.572: Total time for which application threads were stopped: 0.0105260 seconds
{Heap before GC invocations=421 (full 1):
 par new generation   total 109248K, used 87430K [0x8ac00000, 0x92c00000, 0x92c00000)
  eden space 87424K, 100% used [0x8ac00000, 0x90160000, 0x90160000)
  from space 21824K,   0% used [0x90160000, 0x90161800, 0x916b0000)
  to   space 21824K,   0% used [0x916b0000, 0x916b0000, 0x92c00000)
 concurrent mark-sweep generation total 393216K, used 12683K [0x92c00000, 0xaac00000, 0xaac00000)
 concurrent-mark-sweep perm gen total 35404K, used 22529K [0xaac00000, 0xace93000, 0xb2c00000)
2015-02-20T15:56:58.836-0600: 2147.291: [GC2015-02-20T15:56:58.836-0600: 2147.291: [ParNew
Desired survivor size 20112996 bytes, new threshold 8 (max 8)
- age   1:       1104 bytes,       1104 total
- age   2:        504 bytes,       1608 total
- age   3:        376 bytes,       1984 total
- age   4:        200 bytes,       2184 total
- age   5:        376 bytes,       2560 total
- age   6:        224 bytes,       2784 total
- age   7:        376 bytes,       3160 total
- age   8:        400 bytes,       3560 total
: 87430K->8K(109248K), 0.0079910 secs] 100113K->12691K(502464K), 0.0081660 secs] [Times: user=0.02 sys=0.00, real=0.01 secs] 
Heap after GC invocations=422 (full 1):
 par new generation   total 109248K, used 8K [0x8ac00000, 0x92c00000, 0x92c00000)
  eden space 87424K,   0% used [0x8ac00000, 0x8ac00000, 0x90160000)
  from space 21824K,   0% used [0x916b0000, 0x916b2000, 0x92c00000)
  to   space 21824K,   0% used [0x90160000, 0x90160000, 0x916b0000)
 concurrent mark-sweep generation total 393216K, used 12683K [0x92c00000, 0xaac00000, 0xaac00000)
 concurrent-mark-sweep perm gen total 35404K, used 22529K [0xaac00000, 0xace93000, 0xb2c00000)
}
2015-02-20T15:56:58.844-0600: 2147.299: Total time for which application threads were stopped: 0.0108950 seconds
{Heap before GC invocations=422 (full 1):
 par new generation   total 109248K, used 87432K [0x8ac00000, 0x92c00000, 0x92c00000)
  eden space 87424K, 100% used [0x8ac00000, 0x90160000, 0x90160000)
  from space 21824K,   0% used [0x916b0000, 0x916b2000, 0x92c00000)
  to   space 21824K,   0% used [0x90160000, 0x90160000, 0x916b0000)
 concurrent mark-sweep generation total 393216K, used 12683K [0x92c00000, 0xaac00000, 0xaac00000)
 concurrent-mark-sweep perm gen total 35404K, used 22529K [0xaac00000, 0xace93000, 0xb2c00000)
2015-02-20T15:57:00.552-0600: 2149.007: [GC2015-02-20T15:57:00.552-0600: 2149.007: [ParNew
Desired survivor size 20112996 bytes, new threshold 8 (max 8)
- age   1:       1272 bytes,       1272 total
- age   2:        200 bytes,       1472 total
- age   3:        480 bytes,       1952 total
- age   4:        376 bytes,       2328 total
- age   5:        200 bytes,       2528 total
- age   6:        376 bytes,       2904 total
- age   7:        224 bytes,       3128 total
- age   8:        376 bytes,       3504 total
: 87432K->10K(109248K), 0.0058170 secs] 100115K->12693K(502464K), 0.0060400 secs] [Times: user=0.01 sys=0.00, real=0.01 secs] 
Heap after GC invocations=423 (full 1):
 par new generation   total 109248K, used 10K [0x8ac00000, 0x92c00000, 0x92c00000)
  eden space 87424K,   0% used [0x8ac00000, 0x8ac00000, 0x90160000)
  from space 21824K,   0% used [0x90160000, 0x90162800, 0x916b0000)
  to   space 21824K,   0% used [0x916b0000, 0x916b0000, 0x92c00000)
 concurrent mark-sweep generation total 393216K, used 12683K [0x92c00000, 0xaac00000, 0xaac00000)
 concurrent-mark-sweep perm gen total 35404K, used 22529K [0xaac00000, 0xace93000, 0xb2c00000)
}
2015-02-20T15:57:00.558-0600: 2149.013: Total time for which application threads were stopped: 0.0089990 seconds
{Heap before GC invocations=423 (full 1):
 par new generation   total 109248K, used 87434K [0x8ac00000, 0x92c00000, 0x92c00000)
  eden space 87424K, 100% used [0x8ac00000, 0x90160000, 0x90160000)
  from space 21824K,   0% used [0x90160000, 0x90162800, 0x916b0000)
  to   space 21824K,   0% used [0x916b0000, 0x916b0000, 0x92c00000)
 concurrent mark-sweep generation total 393216K, used 12683K [0x92c00000, 0xaac00000, 0xaac00000)
 concurrent-mark-sweep perm gen total 35404K, used 22529K [0xaac00000, 0xace93000, 0xb2c00000)
2015-02-20T15:57:02.079-0600: 2150.534: [GC2015-02-20T15:57:02.079-0600: 2150.534: [ParNew
Desired survivor size 20112996 bytes, new threshold 8 (max 8)
- age   1:        864 bytes,        864 total
- age   2:        552 bytes,       1416 total
- age   3:        200 bytes,       1616 total
- age   4:        480 bytes,       2096 total
- age   5:        376 bytes,       2472 total
- age   6:        200 bytes,       2672 total
- age   7:        376 bytes,       3048 total
- age   8:        224 bytes,       3272 total
: 87434K->6K(109248K), 0.0074890 secs] 100117K->12690K(502464K), 0.0076740 secs] [Times: user=0.01 sys=0.00, real=0.00 secs] 
Heap after GC invocations=424 (full 1):
 par new generation   total 109248K, used 6K [0x8ac00000, 0x92c00000, 0x92c00000)
  eden space 87424K,   0% used [0x8ac00000, 0x8ac00000, 0x90160000)
  from space 21824K,   0% used [0x916b0000, 0x916b1800, 0x92c00000)
  to   space 21824K,   0% used [0x90160000, 0x90160000, 0x916b0000)
 concurrent mark-sweep generation total 393216K, used 12684K [0x92c00000, 0xaac00000, 0xaac00000)
 concurrent-mark-sweep perm gen total 35404K, used 22529K [0xaac00000, 0xace93000, 0xb2c00000)
}
2015-02-20T15:57:02.087-0600: 2150.542: Total time for which application threads were stopped: 0.0103820 seconds
{Heap before GC invocations=424 (full 1):
 par new generation   total 109248K, used 87430K [0x8ac00000, 0x92c00000, 0x92c00000)
  eden space 87424K, 100% used [0x8ac00000, 0x90160000, 0x90160000)
  from space 21824K,   0% used [0x916b0000, 0x916b1800, 0x92c00000)
  to   space 21824K,   0% used [0x90160000, 0x90160000, 0x916b0000)
 concurrent mark-sweep generation total 393216K, used 12684K [0x92c00000, 0xaac00000, 0xaac00000)
 concurrent-mark-sweep perm gen total 35404K, used 22529K [0xaac00000, 0xace93000, 0xb2c00000)
2015-02-20T15:57:03.788-0600: 2152.243: [GC2015-02-20T15:57:03.788-0600: 2152.243: [ParNew
Desired survivor size 20112996 bytes, new threshold 8 (max 8)
- age   1:       1256 bytes,       1256 total
- age   2:        216 bytes,       1472 total
- age   3:        424 bytes,       1896 total
- age   4:        200 bytes,       2096 total
- age   5:        480 bytes,       2576 total
- age   6:        376 bytes,       2952 total
- age   7:        200 bytes,       3152 total
- age   8:        376 bytes,       3528 total
: 87430K->6K(109248K), 0.0113320 secs] 100114K->12690K(502464K), 0.0115360 secs] [Times: user=0.03 sys=0.00, real=0.01 secs] 
Heap after GC invocations=425 (full 1):
 par new generation   total 109248K, used 6K [0x8ac00000, 0x92c00000, 0x92c00000)
  eden space 87424K,   0% used [0x8ac00000, 0x8ac00000, 0x90160000)
  from space 21824K,   0% used [0x90160000, 0x90161800, 0x916b0000)
  to   space 21824K,   0% used [0x916b0000, 0x916b0000, 0x92c00000)
 concurrent mark-sweep generation total 393216K, used 12684K [0x92c00000, 0xaac00000, 0xaac00000)
 concurrent-mark-sweep perm gen total 35404K, used 22529K [0xaac00000, 0xace93000, 0xb2c00000)
}
2015-02-20T15:57:03.800-0600: 2152.255: Total time for which application threads were stopped: 0.0142970 seconds
{Heap before GC invocations=425 (full 1):
 par new generation   total 109248K, used 87430K [0x8ac00000, 0x92c00000, 0x92c00000)
  eden space 87424K, 100% used [0x8ac00000, 0x90160000, 0x90160000)
  from space 21824K,   0% used [0x90160000, 0x90161800, 0x916b0000)
  to   space 21824K,   0% used [0x916b0000, 0x916b0000, 0x92c00000)
 concurrent mark-sweep generation total 393216K, used 12684K [0x92c00000, 0xaac00000, 0xaac00000)
 concurrent-mark-sweep perm gen total 35404K, used 22529K [0xaac00000, 0xace93000, 0xb2c00000)
2015-02-20T15:57:05.453-0600: 2153.908: [GC2015-02-20T15:57:05.453-0600: 2153.908: [ParNew
Desired survivor size 20112996 bytes, new threshold 8 (max 8)
- age   1:       1176 bytes,       1176 total
- age   2:        456 bytes,       1632 total
- age   3:        216 bytes,       1848 total
- age   4:        424 bytes,       2272 total
- age   5:        200 bytes,       2472 total
- age   6:        480 bytes,       2952 total
- age   7:        376 bytes,       3328 total
- age   8:        200 bytes,       3528 total
: 87430K->10K(109248K), 0.0062140 secs] 100114K->12694K(502464K), 0.0064100 secs] [Times: user=0.01 sys=0.00, real=0.01 secs] 
Heap after GC invocations=426 (full 1):
 par new generation   total 109248K, used 10K [0x8ac00000, 0x92c00000, 0x92c00000)
  eden space 87424K,   0% used [0x8ac00000, 0x8ac00000, 0x90160000)
  from space 21824K,   0% used [0x916b0000, 0x916b2800, 0x92c00000)
  to   space 21824K,   0% used [0x90160000, 0x90160000, 0x916b0000)
 concurrent mark-sweep generation total 393216K, used 12684K [0x92c00000, 0xaac00000, 0xaac00000)
 concurrent-mark-sweep perm gen total 35404K, used 22529K [0xaac00000, 0xace93000, 0xb2c00000)
}
2015-02-20T15:57:05.459-0600: 2153.915: Total time for which application threads were stopped: 0.0091890 seconds
{Heap before GC invocations=426 (full 1):
 par new generation   total 109248K, used 87434K [0x8ac00000, 0x92c00000, 0x92c00000)
  eden space 87424K, 100% used [0x8ac00000, 0x90160000, 0x90160000)
  from space 21824K,   0% used [0x916b0000, 0x916b2800, 0x92c00000)
  to   space 21824K,   0% used [0x90160000, 0x90160000, 0x916b0000)
 concurrent mark-sweep generation total 393216K, used 12684K [0x92c00000, 0xaac00000, 0xaac00000)
 concurrent-mark-sweep perm gen total 35404K, used 22529K [0xaac00000, 0xace93000, 0xb2c00000)
2015-02-20T15:57:07.300-0600: 2155.755: [GC2015-02-20T15:57:07.300-0600: 2155.756: [ParNew
Desired survivor size 20112996 bytes, new threshold 8 (max 8)
- age   1:       1072 bytes,       1072 total
- age   2:        376 bytes,       1448 total
- age   3:        456 bytes,       1904 total
- age   4:        216 bytes,       2120 total
- age   5:        424 bytes,       2544 total
- age   6:        200 bytes,       2744 total
- age   7:        480 bytes,       3224 total
- age   8:        376 bytes,       3600 total
: 87434K->8K(109248K), 0.0076180 secs] 100118K->12693K(502464K), 0.0078570 secs] [Times: user=0.02 sys=0.00, real=0.01 secs] 
Heap after GC invocations=427 (full 1):
 par new generation   total 109248K, used 8K [0x8ac00000, 0x92c00000, 0x92c00000)
  eden space 87424K,   0% used [0x8ac00000, 0x8ac00000, 0x90160000)
  from space 21824K,   0% used [0x90160000, 0x90162000, 0x916b0000)
  to   space 21824K,   0% used [0x916b0000, 0x916b0000, 0x92c00000)
 concurrent mark-sweep generation total 393216K, used 12685K [0x92c00000, 0xaac00000, 0xaac00000)
 concurrent-mark-sweep perm gen total 35404K, used 22529K [0xaac00000, 0xace93000, 0xb2c00000)
}
2015-02-20T15:57:07.308-0600: 2155.763: Total time for which application threads were stopped: 0.0105800 seconds
{Heap before GC invocations=427 (full 1):
 par new generation   total 109248K, used 87432K [0x8ac00000, 0x92c00000, 0x92c00000)
  eden space 87424K, 100% used [0x8ac00000, 0x90160000, 0x90160000)
  from space 21824K,   0% used [0x90160000, 0x90162000, 0x916b0000)
  to   space 21824K,   0% used [0x916b0000, 0x916b0000, 0x92c00000)
 concurrent mark-sweep generation total 393216K, used 12685K [0x92c00000, 0xaac00000, 0xaac00000)
 concurrent-mark-sweep perm gen total 35404K, used 22529K [0xaac00000, 0xace93000, 0xb2c00000)
2015-02-20T15:57:08.986-0600: 2157.441: [GC2015-02-20T15:57:08.986-0600: 2157.442: [ParNew
Desired survivor size 20112996 bytes, new threshold 8 (max 8)
- age   1:       1104 bytes,       1104 total
- age   2:        400 bytes,       1504 total
- age   3:        376 bytes,       1880 total
- age   4:        456 bytes,       2336 total
- age   5:        216 bytes,       2552 total
- age   6:        424 bytes,       2976 total
- age   7:        200 bytes,       3176 total
- age   8:        480 bytes,       3656 total
: 87432K->8K(109248K), 0.0080100 secs] 100117K->12693K(502464K), 0.0082170 secs] [Times: user=0.01 sys=0.00, real=0.01 secs] 
Heap after GC invocations=428 (full 1):
 par new generation   total 109248K, used 8K [0x8ac00000, 0x92c00000, 0x92c00000)
  eden space 87424K,   0% used [0x8ac00000, 0x8ac00000, 0x90160000)
  from space 21824K,   0% used [0x916b0000, 0x916b2000, 0x92c00000)
  to   space 21824K,   0% used [0x90160000, 0x90160000, 0x916b0000)
 concurrent mark-sweep generation total 393216K, used 12685K [0x92c00000, 0xaac00000, 0xaac00000)
 concurrent-mark-sweep perm gen total 35404K, used 22529K [0xaac00000, 0xace93000, 0xb2c00000)
}
2015-02-20T15:57:08.995-0600: 2157.450: Total time for which application threads were stopped: 0.0109620 seconds
{Heap before GC invocations=428 (full 1):
 par new generation   total 109248K, used 87432K [0x8ac00000, 0x92c00000, 0x92c00000)
  eden space 87424K, 100% used [0x8ac00000, 0x90160000, 0x90160000)
  from space 21824K,   0% used [0x916b0000, 0x916b2000, 0x92c00000)
  to   space 21824K,   0% used [0x90160000, 0x90160000, 0x916b0000)
 concurrent mark-sweep generation total 393216K, used 12685K [0x92c00000, 0xaac00000, 0xaac00000)
 concurrent-mark-sweep perm gen total 35404K, used 22529K [0xaac00000, 0xace93000, 0xb2c00000)
2015-02-20T15:57:10.767-0600: 2159.222: [GC2015-02-20T15:57:10.767-0600: 2159.222: [ParNew
Desired survivor size 20112996 bytes, new threshold 8 (max 8)
- age   1:       1376 bytes,       1376 total
- age   2:        200 bytes,       1576 total
- age   3:        376 bytes,       1952 total
- age   4:        376 bytes,       2328 total
- age   5:        456 bytes,       2784 total
- age   6:        216 bytes,       3000 total
- age   7:        424 bytes,       3424 total
- age   8:        200 bytes,       3624 total
: 87432K->6K(109248K), 0.0079030 secs] 100117K->12691K(502464K), 0.0081430 secs] [Times: user=0.01 sys=0.00, real=0.01 secs] 
Heap after GC invocations=429 (full 1):
 par new generation   total 109248K, used 6K [0x8ac00000, 0x92c00000, 0x92c00000)
  eden space 87424K,   0% used [0x8ac00000, 0x8ac00000, 0x90160000)
  from space 21824K,   0% used [0x90160000, 0x90161800, 0x916b0000)
  to   space 21824K,   0% used [0x916b0000, 0x916b0000, 0x92c00000)
 concurrent mark-sweep generation total 393216K, used 12685K [0x92c00000, 0xaac00000, 0xaac00000)
 concurrent-mark-sweep perm gen total 35404K, used 22529K [0xaac00000, 0xace93000, 0xb2c00000)
}
2015-02-20T15:57:10.775-0600: 2159.230: Total time for which application threads were stopped: 0.0108500 seconds
{Heap before GC invocations=429 (full 1):
 par new generation   total 109248K, used 87430K [0x8ac00000, 0x92c00000, 0x92c00000)
  eden space 87424K, 100% used [0x8ac00000, 0x90160000, 0x90160000)
  from space 21824K,   0% used [0x90160000, 0x90161800, 0x916b0000)
  to   space 21824K,   0% used [0x916b0000, 0x916b0000, 0x92c00000)
 concurrent mark-sweep generation total 393216K, used 12685K [0x92c00000, 0xaac00000, 0xaac00000)
 concurrent-mark-sweep perm gen total 35404K, used 22529K [0xaac00000, 0xace93000, 0xb2c00000)
2015-02-20T15:57:12.368-0600: 2160.824: [GC2015-02-20T15:57:12.369-0600: 2160.824: [ParNew
Desired survivor size 20112996 bytes, new threshold 8 (max 8)
- age   1:       1320 bytes,       1320 total
- age   2:        448 bytes,       1768 total
- age   3:        200 bytes,       1968 total
- age   4:        376 bytes,       2344 total
- age   5:        376 bytes,       2720 total
- age   6:        456 bytes,       3176 total
- age   7:        216 bytes,       3392 total
- age   8:        424 bytes,       3816 total
: 87430K->6K(109248K), 0.0075200 secs] 100115K->12692K(502464K), 0.0077300 secs] [Times: user=0.01 sys=0.00, real=0.00 secs] 
Heap after GC invocations=430 (full 1):
 par new generation   total 109248K, used 6K [0x8ac00000, 0x92c00000, 0x92c00000)
  eden space 87424K,   0% used [0x8ac00000, 0x8ac00000, 0x90160000)
  from space 21824K,   0% used [0x916b0000, 0x916b1800, 0x92c00000)
  to   space 21824K,   0% used [0x90160000, 0x90160000, 0x916b0000)
 concurrent mark-sweep generation total 393216K, used 12686K [0x92c00000, 0xaac00000, 0xaac00000)
 concurrent-mark-sweep perm gen total 35404K, used 22529K [0xaac00000, 0xace93000, 0xb2c00000)
}
2015-02-20T15:57:12.376-0600: 2160.831: Total time for which application threads were stopped: 0.0105760 seconds
{Heap before GC invocations=430 (full 1):
 par new generation   total 109248K, used 87430K [0x8ac00000, 0x92c00000, 0x92c00000)
  eden space 87424K, 100% used [0x8ac00000, 0x90160000, 0x90160000)
  from space 21824K,   0% used [0x916b0000, 0x916b1800, 0x92c00000)
  to   space 21824K,   0% used [0x90160000, 0x90160000, 0x916b0000)
 concurrent mark-sweep generation total 393216K, used 12686K [0x92c00000, 0xaac00000, 0xaac00000)
 concurrent-mark-sweep perm gen total 35404K, used 22529K [0xaac00000, 0xace93000, 0xb2c00000)
2015-02-20T15:57:13.974-0600: 2162.429: [GC2015-02-20T15:57:13.974-0600: 2162.429: [ParNew
Desired survivor size 20112996 bytes, new threshold 8 (max 8)
- age   1:        840 bytes,        840 total
- age   2:        600 bytes,       1440 total
- age   3:        448 bytes,       1888 total
- age   4:        200 bytes,       2088 total
- age   5:        376 bytes,       2464 total
- age   6:        376 bytes,       2840 total
- age   7:        456 bytes,       3296 total
- age   8:        216 bytes,       3512 total
: 87430K->8K(109248K), 0.0089690 secs] 100116K->12694K(502464K), 0.0091630 secs] [Times: user=0.02 sys=0.00, real=0.01 secs] 
Heap after GC invocations=431 (full 1):
 par new generation   total 109248K, used 8K [0x8ac00000, 0x92c00000, 0x92c00000)
  eden space 87424K,   0% used [0x8ac00000, 0x8ac00000, 0x90160000)
  from space 21824K,   0% used [0x90160000, 0x90162000, 0x916b0000)
  to   space 21824K,   0% used [0x916b0000, 0x916b0000, 0x92c00000)
 concurrent mark-sweep generation total 393216K, used 12686K [0x92c00000, 0xaac00000, 0xaac00000)
 concurrent-mark-sweep perm gen total 35404K, used 22529K [0xaac00000, 0xace93000, 0xb2c00000)
}
2015-02-20T15:57:13.983-0600: 2162.438: Total time for which application threads were stopped: 0.0119030 seconds
{Heap before GC invocations=431 (full 1):
 par new generation   total 109248K, used 87432K [0x8ac00000, 0x92c00000, 0x92c00000)
  eden space 87424K, 100% used [0x8ac00000, 0x90160000, 0x90160000)
  from space 21824K,   0% used [0x90160000, 0x90162000, 0x916b0000)
  to   space 21824K,   0% used [0x916b0000, 0x916b0000, 0x92c00000)
 concurrent mark-sweep generation total 393216K, used 12686K [0x92c00000, 0xaac00000, 0xaac00000)
 concurrent-mark-sweep perm gen total 35404K, used 22529K [0xaac00000, 0xace93000, 0xb2c00000)
2015-02-20T15:57:15.599-0600: 2164.054: [GC2015-02-20T15:57:15.600-0600: 2164.055: [ParNew
Desired survivor size 20112996 bytes, new threshold 8 (max 8)
- age   1:       1376 bytes,       1376 total
- age   2:        296 bytes,       1672 total
- age   3:        472 bytes,       2144 total
- age   4:        448 bytes,       2592 total
- age   5:        200 bytes,       2792 total
- age   6:        376 bytes,       3168 total
- age   7:        376 bytes,       3544 total
- age   8:        456 bytes,       4000 total
: 87432K->8K(109248K), 0.0075040 secs] 100118K->12694K(502464K), 0.0077520 secs] [Times: user=0.01 sys=0.01, real=0.00 secs] 
Heap after GC invocations=432 (full 1):
 par new generation   total 109248K, used 8K [0x8ac00000, 0x92c00000, 0x92c00000)
  eden space 87424K,   0% used [0x8ac00000, 0x8ac00000, 0x90160000)
  from space 21824K,   0% used [0x916b0000, 0x916b2000, 0x92c00000)
  to   space 21824K,   0% used [0x90160000, 0x90160000, 0x916b0000)
 concurrent mark-sweep generation total 393216K, used 12686K [0x92c00000, 0xaac00000, 0xaac00000)
 concurrent-mark-sweep perm gen total 35404K, used 22529K [0xaac00000, 0xace93000, 0xb2c00000)
}
2015-02-20T15:57:15.607-0600: 2164.062: Total time for which application threads were stopped: 0.0105350 seconds
{Heap before GC invocations=432 (full 1):
 par new generation   total 109248K, used 87432K [0x8ac00000, 0x92c00000, 0x92c00000)
  eden space 87424K, 100% used [0x8ac00000, 0x90160000, 0x90160000)
  from space 21824K,   0% used [0x916b0000, 0x916b2000, 0x92c00000)
  to   space 21824K,   0% used [0x90160000, 0x90160000, 0x916b0000)
 concurrent mark-sweep generation total 393216K, used 12686K [0x92c00000, 0xaac00000, 0xaac00000)
 concurrent-mark-sweep perm gen total 35404K, used 22529K [0xaac00000, 0xace93000, 0xb2c00000)
2015-02-20T15:57:17.261-0600: 2165.716: [GC2015-02-20T15:57:17.261-0600: 2165.716: [ParNew
Desired survivor size 20112996 bytes, new threshold 8 (max 8)
- age   1:       1080 bytes,       1080 total
- age   2:        448 bytes,       1528 total
- age   3:        296 bytes,       1824 total
- age   4:        472 bytes,       2296 total
- age   5:        448 bytes,       2744 total
- age   6:        200 bytes,       2944 total
- age   7:        376 bytes,       3320 total
- age   8:        376 bytes,       3696 total
: 87432K->10K(109248K), 0.0136030 secs] 100118K->12697K(502464K), 0.0138110 secs] [Times: user=0.02 sys=0.00, real=0.01 secs] 
Heap after GC invocations=433 (full 1):
 par new generation   total 109248K, used 10K [0x8ac00000, 0x92c00000, 0x92c00000)
  eden space 87424K,   0% used [0x8ac00000, 0x8ac00000, 0x90160000)
  from space 21824K,   0% used [0x90160000, 0x90162800, 0x916b0000)
  to   space 21824K,   0% used [0x916b0000, 0x916b0000, 0x92c00000)
 concurrent mark-sweep generation total 393216K, used 12687K [0x92c00000, 0xaac00000, 0xaac00000)
 concurrent-mark-sweep perm gen total 35404K, used 22529K [0xaac00000, 0xace93000, 0xb2c00000)
}
2015-02-20T15:57:17.275-0600: 2165.730: Total time for which application threads were stopped: 0.0165350 seconds
{Heap before GC invocations=433 (full 1):
 par new generation   total 109248K, used 87434K [0x8ac00000, 0x92c00000, 0x92c00000)
  eden space 87424K, 100% used [0x8ac00000, 0x90160000, 0x90160000)
  from space 21824K,   0% used [0x90160000, 0x90162800, 0x916b0000)
  to   space 21824K,   0% used [0x916b0000, 0x916b0000, 0x92c00000)
 concurrent mark-sweep generation total 393216K, used 12687K [0x92c00000, 0xaac00000, 0xaac00000)
 concurrent-mark-sweep perm gen total 35404K, used 22529K [0xaac00000, 0xace93000, 0xb2c00000)
2015-02-20T15:57:19.114-0600: 2167.569: [GC2015-02-20T15:57:19.114-0600: 2167.569: [ParNew
Desired survivor size 20112996 bytes, new threshold 8 (max 8)
- age   1:       1224 bytes,       1224 total
- age   2:        424 bytes,       1648 total
- age   3:        448 bytes,       2096 total
- age   4:        296 bytes,       2392 total
- age   5:        472 bytes,       2864 total
- age   6:        448 bytes,       3312 total
- age   7:        200 bytes,       3512 total
- age   8:        376 bytes,       3888 total
: 87434K->8K(109248K), 0.0078700 secs] 100121K->12695K(502464K), 0.0081200 secs] [Times: user=0.02 sys=0.00, real=0.01 secs] 
Heap after GC invocations=434 (full 1):
 par new generation   total 109248K, used 8K [0x8ac00000, 0x92c00000, 0x92c00000)
  eden space 87424K,   0% used [0x8ac00000, 0x8ac00000, 0x90160000)
  from space 21824K,   0% used [0x916b0000, 0x916b2000, 0x92c00000)
  to   space 21824K,   0% used [0x90160000, 0x90160000, 0x916b0000)
 concurrent mark-sweep generation total 393216K, used 12687K [0x92c00000, 0xaac00000, 0xaac00000)
 concurrent-mark-sweep perm gen total 35404K, used 22529K [0xaac00000, 0xace93000, 0xb2c00000)
}
2015-02-20T15:57:19.122-0600: 2167.577: Total time for which application threads were stopped: 0.0108120 seconds
{Heap before GC invocations=434 (full 1):
 par new generation   total 109248K, used 87432K [0x8ac00000, 0x92c00000, 0x92c00000)
  eden space 87424K, 100% used [0x8ac00000, 0x90160000, 0x90160000)
  from space 21824K,   0% used [0x916b0000, 0x916b2000, 0x92c00000)
  to   space 21824K,   0% used [0x90160000, 0x90160000, 0x916b0000)
 concurrent mark-sweep generation total 393216K, used 12687K [0x92c00000, 0xaac00000, 0xaac00000)
 concurrent-mark-sweep perm gen total 35404K, used 22529K [0xaac00000, 0xace93000, 0xb2c00000)
2015-02-20T15:57:21.140-0600: 2169.595: [GC2015-02-20T15:57:21.140-0600: 2169.595: [ParNew
Desired survivor size 20112996 bytes, new threshold 8 (max 8)
- age   1:       1192 bytes,       1192 total
- age   2:        376 bytes,       1568 total
- age   3:        424 bytes,       1992 total
- age   4:        448 bytes,       2440 total
- age   5:        296 bytes,       2736 total
- age   6:        472 bytes,       3208 total
- age   7:        448 bytes,       3656 total
- age   8:        200 bytes,       3856 total
: 87432K->6K(109248K), 0.0076020 secs] 100119K->12693K(502464K), 0.0078110 secs] [Times: user=0.01 sys=0.00, real=0.01 secs] 
Heap after GC invocations=435 (full 1):
 par new generation   total 109248K, used 6K [0x8ac00000, 0x92c00000, 0x92c00000)
  eden space 87424K,   0% used [0x8ac00000, 0x8ac00000, 0x90160000)
  from space 21824K,   0% used [0x90160000, 0x90161800, 0x916b0000)
  to   space 21824K,   0% used [0x916b0000, 0x916b0000, 0x92c00000)
 concurrent mark-sweep generation total 393216K, used 12687K [0x92c00000, 0xaac00000, 0xaac00000)
 concurrent-mark-sweep perm gen total 35404K, used 22529K [0xaac00000, 0xace93000, 0xb2c00000)
}
2015-02-20T15:57:21.148-0600: 2169.603: Total time for which application threads were stopped: 0.0106070 seconds
{Heap before GC invocations=435 (full 1):
 par new generation   total 109248K, used 87430K [0x8ac00000, 0x92c00000, 0x92c00000)
  eden space 87424K, 100% used [0x8ac00000, 0x90160000, 0x90160000)
  from space 21824K,   0% used [0x90160000, 0x90161800, 0x916b0000)
  to   space 21824K,   0% used [0x916b0000, 0x916b0000, 0x92c00000)
 concurrent mark-sweep generation total 393216K, used 12687K [0x92c00000, 0xaac00000, 0xaac00000)
 concurrent-mark-sweep perm gen total 35404K, used 22529K [0xaac00000, 0xace93000, 0xb2c00000)
2015-02-20T15:57:23.001-0600: 2171.456: [GC2015-02-20T15:57:23.001-0600: 2171.456: [ParNew
Desired survivor size 20112996 bytes, new threshold 8 (max 8)
- age   1:       1000 bytes,       1000 total
- age   2:        472 bytes,       1472 total
- age   3:        376 bytes,       1848 total
- age   4:        424 bytes,       2272 total
- age   5:        448 bytes,       2720 total
- age   6:        296 bytes,       3016 total
- age   7:        472 bytes,       3488 total
- age   8:        448 bytes,       3936 total
: 87430K->10K(109248K), 0.0065930 secs] 100117K->12698K(502464K), 0.0068200 secs] [Times: user=0.01 sys=0.00, real=0.01 secs] 
Heap after GC invocations=436 (full 1):
 par new generation   total 109248K, used 10K [0x8ac00000, 0x92c00000, 0x92c00000)
  eden space 87424K,   0% used [0x8ac00000, 0x8ac00000, 0x90160000)
  from space 21824K,   0% used [0x916b0000, 0x916b2800, 0x92c00000)
  to   space 21824K,   0% used [0x90160000, 0x90160000, 0x916b0000)
 concurrent mark-sweep generation total 393216K, used 12688K [0x92c00000, 0xaac00000, 0xaac00000)
 concurrent-mark-sweep perm gen total 35404K, used 22529K [0xaac00000, 0xace93000, 0xb2c00000)
}
2015-02-20T15:57:23.008-0600: 2171.463: Total time for which application threads were stopped: 0.0094890 seconds
{Heap before GC invocations=436 (full 1):
 par new generation   total 109248K, used 87434K [0x8ac00000, 0x92c00000, 0x92c00000)
  eden space 87424K, 100% used [0x8ac00000, 0x90160000, 0x90160000)
  from space 21824K,   0% used [0x916b0000, 0x916b2800, 0x92c00000)
  to   space 21824K,   0% used [0x90160000, 0x90160000, 0x916b0000)
 concurrent mark-sweep generation total 393216K, used 12688K [0x92c00000, 0xaac00000, 0xaac00000)
 concurrent-mark-sweep perm gen total 35404K, used 22529K [0xaac00000, 0xace93000, 0xb2c00000)
2015-02-20T15:57:24.826-0600: 2173.281: [GC2015-02-20T15:57:24.826-0600: 2173.281: [ParNew
Desired survivor size 20112996 bytes, new threshold 8 (max 8)
- age   1:       1352 bytes,       1352 total
- age   2:        224 bytes,       1576 total
- age   3:        448 bytes,       2024 total
- age   4:        376 bytes,       2400 total
- age   5:        424 bytes,       2824 total
- age   6:        448 bytes,       3272 total
- age   7:        296 bytes,       3568 total
- age   8:        472 bytes,       4040 total
: 87434K->6K(109248K), 0.0090960 secs] 100122K->12694K(502464K), 0.0093090 secs] [Times: user=0.01 sys=0.01, real=0.01 secs] 
Heap after GC invocations=437 (full 1):
 par new generation   total 109248K, used 6K [0x8ac00000, 0x92c00000, 0x92c00000)
  eden space 87424K,   0% used [0x8ac00000, 0x8ac00000, 0x90160000)
  from space 21824K,   0% used [0x90160000, 0x90161800, 0x916b0000)
  to   space 21824K,   0% used [0x916b0000, 0x916b0000, 0x92c00000)
 concurrent mark-sweep generation total 393216K, used 12688K [0x92c00000, 0xaac00000, 0xaac00000)
 concurrent-mark-sweep perm gen total 35404K, used 22529K [0xaac00000, 0xace93000, 0xb2c00000)
}
2015-02-20T15:57:24.835-0600: 2173.290: Total time for which application threads were stopped: 0.0122400 seconds
{Heap before GC invocations=437 (full 1):
 par new generation   total 109248K, used 87430K [0x8ac00000, 0x92c00000, 0x92c00000)
  eden space 87424K, 100% used [0x8ac00000, 0x90160000, 0x90160000)
  from space 21824K,   0% used [0x90160000, 0x90161800, 0x916b0000)
  to   space 21824K,   0% used [0x916b0000, 0x916b0000, 0x92c00000)
 concurrent mark-sweep generation total 393216K, used 12688K [0x92c00000, 0xaac00000, 0xaac00000)
 concurrent-mark-sweep perm gen total 35404K, used 22529K [0xaac00000, 0xace93000, 0xb2c00000)
2015-02-20T15:57:26.795-0600: 2175.250: [GC2015-02-20T15:57:26.795-0600: 2175.250: [ParNew
Desired survivor size 20112996 bytes, new threshold 8 (max 8)
- age   1:       1304 bytes,       1304 total
- age   2:        424 bytes,       1728 total
- age   3:        224 bytes,       1952 total
- age   4:        448 bytes,       2400 total
- age   5:        376 bytes,       2776 total
- age   6:        424 bytes,       3200 total
- age   7:        448 bytes,       3648 total
- age   8:        296 bytes,       3944 total
: 87430K->6K(109248K), 0.0080150 secs] 100118K->12695K(502464K), 0.0081860 secs] [Times: user=0.01 sys=0.00, real=0.01 secs] 
Heap after GC invocations=438 (full 1):
 par new generation   total 109248K, used 6K [0x8ac00000, 0x92c00000, 0x92c00000)
  eden space 87424K,   0% used [0x8ac00000, 0x8ac00000, 0x90160000)
  from space 21824K,   0% used [0x916b0000, 0x916b1800, 0x92c00000)
  to   space 21824K,   0% used [0x90160000, 0x90160000, 0x916b0000)
 concurrent mark-sweep generation total 393216K, used 12689K [0x92c00000, 0xaac00000, 0xaac00000)
 concurrent-mark-sweep perm gen total 35404K, used 22529K [0xaac00000, 0xace93000, 0xb2c00000)
}
2015-02-20T15:57:26.803-0600: 2175.258: Total time for which application threads were stopped: 0.0112550 seconds
{Heap before GC invocations=438 (full 1):
 par new generation   total 109248K, used 87430K [0x8ac00000, 0x92c00000, 0x92c00000)
  eden space 87424K, 100% used [0x8ac00000, 0x90160000, 0x90160000)
  from space 21824K,   0% used [0x916b0000, 0x916b1800, 0x92c00000)
  to   space 21824K,   0% used [0x90160000, 0x90160000, 0x916b0000)
 concurrent mark-sweep generation total 393216K, used 12689K [0x92c00000, 0xaac00000, 0xaac00000)
 concurrent-mark-sweep perm gen total 35404K, used 22529K [0xaac00000, 0xace93000, 0xb2c00000)
2015-02-20T15:57:28.484-0600: 2176.939: [GC2015-02-20T15:57:28.485-0600: 2176.940: [ParNew
Desired survivor size 20112996 bytes, new threshold 8 (max 8)
- age   1:       1384 bytes,       1384 total
- age   2:        376 bytes,       1760 total
- age   3:        424 bytes,       2184 total
- age   4:        224 bytes,       2408 total
- age   5:        448 bytes,       2856 total
- age   6:        376 bytes,       3232 total
- age   7:        424 bytes,       3656 total
- age   8:        448 bytes,       4104 total
: 87430K->10K(109248K), 0.0129520 secs] 100119K->12699K(502464K), 0.0131760 secs] [Times: user=0.02 sys=0.00, real=0.02 secs] 
Heap after GC invocations=439 (full 1):
 par new generation   total 109248K, used 10K [0x8ac00000, 0x92c00000, 0x92c00000)
  eden space 87424K,   0% used [0x8ac00000, 0x8ac00000, 0x90160000)
  from space 21824K,   0% used [0x90160000, 0x90162800, 0x916b0000)
  to   space 21824K,   0% used [0x916b0000, 0x916b0000, 0x92c00000)
 concurrent mark-sweep generation total 393216K, used 12689K [0x92c00000, 0xaac00000, 0xaac00000)
 concurrent-mark-sweep perm gen total 35404K, used 22529K [0xaac00000, 0xace93000, 0xb2c00000)
}
2015-02-20T15:57:28.498-0600: 2176.953: Total time for which application threads were stopped: 0.0164970 seconds
{Heap before GC invocations=439 (full 1):
 par new generation   total 109248K, used 87434K [0x8ac00000, 0x92c00000, 0x92c00000)
  eden space 87424K, 100% used [0x8ac00000, 0x90160000, 0x90160000)
  from space 21824K,   0% used [0x90160000, 0x90162800, 0x916b0000)
  to   space 21824K,   0% used [0x916b0000, 0x916b0000, 0x92c00000)
 concurrent mark-sweep generation total 393216K, used 12689K [0x92c00000, 0xaac00000, 0xaac00000)
 concurrent-mark-sweep perm gen total 35404K, used 22529K [0xaac00000, 0xace93000, 0xb2c00000)
2015-02-20T15:57:29.893-0600: 2178.348: [GC2015-02-20T15:57:29.893-0600: 2178.348: [ParNew
Desired survivor size 20112996 bytes, new threshold 8 (max 8)
- age   1:        528 bytes,        528 total
- age   2:        664 bytes,       1192 total
- age   3:        376 bytes,       1568 total
- age   4:        424 bytes,       1992 total
- age   5:        224 bytes,       2216 total
- age   6:        448 bytes,       2664 total
- age   7:        376 bytes,       3040 total
- age   8:        424 bytes,       3464 total
: 87434K->8K(109248K), 0.0063950 secs] 100123K->12697K(502464K), 0.0065860 secs] [Times: user=0.01 sys=0.00, real=0.01 secs] 
Heap after GC invocations=440 (full 1):
 par new generation   total 109248K, used 8K [0x8ac00000, 0x92c00000, 0x92c00000)
  eden space 87424K,   0% used [0x8ac00000, 0x8ac00000, 0x90160000)
  from space 21824K,   0% used [0x916b0000, 0x916b2000, 0x92c00000)
  to   space 21824K,   0% used [0x90160000, 0x90160000, 0x916b0000)
 concurrent mark-sweep generation total 393216K, used 12689K [0x92c00000, 0xaac00000, 0xaac00000)
 concurrent-mark-sweep perm gen total 35404K, used 22529K [0xaac00000, 0xace93000, 0xb2c00000)
}
2015-02-20T15:57:29.900-0600: 2178.355: Total time for which application threads were stopped: 0.0093360 seconds
{Heap before GC invocations=440 (full 1):
 par new generation   total 109248K, used 87432K [0x8ac00000, 0x92c00000, 0x92c00000)
  eden space 87424K, 100% used [0x8ac00000, 0x90160000, 0x90160000)
  from space 21824K,   0% used [0x916b0000, 0x916b2000, 0x92c00000)
  to   space 21824K,   0% used [0x90160000, 0x90160000, 0x916b0000)
 concurrent mark-sweep generation total 393216K, used 12689K [0x92c00000, 0xaac00000, 0xaac00000)
 concurrent-mark-sweep perm gen total 35404K, used 22529K [0xaac00000, 0xace93000, 0xb2c00000)
2015-02-20T15:57:31.703-0600: 2180.158: [GC2015-02-20T15:57:31.703-0600: 2180.158: [ParNew
Desired survivor size 20112996 bytes, new threshold 8 (max 8)
- age   1:       1120 bytes,       1120 total
- age   2:        200 bytes,       1320 total
- age   3:        536 bytes,       1856 total
- age   4:        376 bytes,       2232 total
- age   5:        424 bytes,       2656 total
- age   6:        224 bytes,       2880 total
- age   7:        448 bytes,       3328 total
- age   8:        376 bytes,       3704 total
: 87432K->10K(109248K), 0.0066160 secs] 100121K->12700K(502464K), 0.0068400 secs] [Times: user=0.02 sys=0.00, real=0.01 secs] 
Heap after GC invocations=441 (full 1):
 par new generation   total 109248K, used 10K [0x8ac00000, 0x92c00000, 0x92c00000)
  eden space 87424K,   0% used [0x8ac00000, 0x8ac00000, 0x90160000)
  from space 21824K,   0% used [0x90160000, 0x90162800, 0x916b0000)
  to   space 21824K,   0% used [0x916b0000, 0x916b0000, 0x92c00000)
 concurrent mark-sweep generation total 393216K, used 12690K [0x92c00000, 0xaac00000, 0xaac00000)
 concurrent-mark-sweep perm gen total 35404K, used 22529K [0xaac00000, 0xace93000, 0xb2c00000)
}
2015-02-20T15:57:31.710-0600: 2180.165: Total time for which application threads were stopped: 0.0095840 seconds
{Heap before GC invocations=441 (full 1):
 par new generation   total 109248K, used 87434K [0x8ac00000, 0x92c00000, 0x92c00000)
  eden space 87424K, 100% used [0x8ac00000, 0x90160000, 0x90160000)
  from space 21824K,   0% used [0x90160000, 0x90162800, 0x916b0000)
  to   space 21824K,   0% used [0x916b0000, 0x916b0000, 0x92c00000)
 concurrent mark-sweep generation total 393216K, used 12690K [0x92c00000, 0xaac00000, 0xaac00000)
 concurrent-mark-sweep perm gen total 35404K, used 22529K [0xaac00000, 0xace93000, 0xb2c00000)
2015-02-20T15:57:33.416-0600: 2181.871: [GC2015-02-20T15:57:33.416-0600: 2181.871: [ParNew
Desired survivor size 20112996 bytes, new threshold 8 (max 8)
- age   1:       1064 bytes,       1064 total
- age   2:        376 bytes,       1440 total
- age   3:        200 bytes,       1640 total
- age   4:        536 bytes,       2176 total
- age   5:        376 bytes,       2552 total
- age   6:        424 bytes,       2976 total
- age   7:        224 bytes,       3200 total
- age   8:        448 bytes,       3648 total
: 87434K->8K(109248K), 0.0333570 secs] 100124K->12698K(502464K), 0.0335890 secs] [Times: user=0.03 sys=0.00, real=0.04 secs] 
Heap after GC invocations=442 (full 1):
 par new generation   total 109248K, used 8K [0x8ac00000, 0x92c00000, 0x92c00000)
  eden space 87424K,   0% used [0x8ac00000, 0x8ac00000, 0x90160000)
  from space 21824K,   0% used [0x916b0000, 0x916b2000, 0x92c00000)
  to   space 21824K,   0% used [0x90160000, 0x90160000, 0x916b0000)
 concurrent mark-sweep generation total 393216K, used 12690K [0x92c00000, 0xaac00000, 0xaac00000)
 concurrent-mark-sweep perm gen total 35404K, used 22529K [0xaac00000, 0xace93000, 0xb2c00000)
}
2015-02-20T15:57:33.450-0600: 2181.905: Total time for which application threads were stopped: 0.0372420 seconds
{Heap before GC invocations=442 (full 1):
 par new generation   total 109248K, used 87432K [0x8ac00000, 0x92c00000, 0x92c00000)
  eden space 87424K, 100% used [0x8ac00000, 0x90160000, 0x90160000)
  from space 21824K,   0% used [0x916b0000, 0x916b2000, 0x92c00000)
  to   space 21824K,   0% used [0x90160000, 0x90160000, 0x916b0000)
 concurrent mark-sweep generation total 393216K, used 12690K [0x92c00000, 0xaac00000, 0xaac00000)
 concurrent-mark-sweep perm gen total 35404K, used 22529K [0xaac00000, 0xace93000, 0xb2c00000)
2015-02-20T15:57:35.003-0600: 2183.458: [GC2015-02-20T15:57:35.003-0600: 2183.458: [ParNew
Desired survivor size 20112996 bytes, new threshold 8 (max 8)
- age   1:        744 bytes,        744 total
- age   2:        448 bytes,       1192 total
- age   3:        376 bytes,       1568 total
- age   4:        200 bytes,       1768 total
- age   5:        536 bytes,       2304 total
- age   6:        376 bytes,       2680 total
- age   7:        424 bytes,       3104 total
- age   8:        224 bytes,       3328 total
: 87432K->8K(109248K), 0.0183280 secs] 100122K->12698K(502464K), 0.0185970 secs] [Times: user=0.02 sys=0.00, real=0.02 secs] 
Heap after GC invocations=443 (full 1):
 par new generation   total 109248K, used 8K [0x8ac00000, 0x92c00000, 0x92c00000)
  eden space 87424K,   0% used [0x8ac00000, 0x8ac00000, 0x90160000)
  from space 21824K,   0% used [0x90160000, 0x90162000, 0x916b0000)
  to   space 21824K,   0% used [0x916b0000, 0x916b0000, 0x92c00000)
 concurrent mark-sweep generation total 393216K, used 12690K [0x92c00000, 0xaac00000, 0xaac00000)
 concurrent-mark-sweep perm gen total 35404K, used 22529K [0xaac00000, 0xace93000, 0xb2c00000)
}
2015-02-20T15:57:35.022-0600: 2183.477: Total time for which application threads were stopped: 0.0270560 seconds
{Heap before GC invocations=443 (full 1):
 par new generation   total 109248K, used 87432K [0x8ac00000, 0x92c00000, 0x92c00000)
  eden space 87424K, 100% used [0x8ac00000, 0x90160000, 0x90160000)
  from space 21824K,   0% used [0x90160000, 0x90162000, 0x916b0000)
  to   space 21824K,   0% used [0x916b0000, 0x916b0000, 0x92c00000)
 concurrent mark-sweep generation total 393216K, used 12690K [0x92c00000, 0xaac00000, 0xaac00000)
 concurrent-mark-sweep perm gen total 35404K, used 22529K [0xaac00000, 0xace93000, 0xb2c00000)
2015-02-20T15:57:36.475-0600: 2184.930: [GC2015-02-20T15:57:36.475-0600: 2184.930: [ParNew
Desired survivor size 20112996 bytes, new threshold 8 (max 8)
- age   1:       1088 bytes,       1088 total
- age   2:        176 bytes,       1264 total
- age   3:        424 bytes,       1688 total
- age   4:        376 bytes,       2064 total
- age   5:        200 bytes,       2264 total
- age   6:        536 bytes,       2800 total
- age   7:        376 bytes,       3176 total
- age   8:        424 bytes,       3600 total
: 87432K->6K(109248K), 0.0303870 secs] 100122K->12697K(502464K), 0.0305820 secs] [Times: user=0.02 sys=0.00, real=0.03 secs] 
Heap after GC invocations=444 (full 1):
 par new generation   total 109248K, used 6K [0x8ac00000, 0x92c00000, 0x92c00000)
  eden space 87424K,   0% used [0x8ac00000, 0x8ac00000, 0x90160000)
  from space 21824K,   0% used [0x916b0000, 0x916b1800, 0x92c00000)
  to   space 21824K,   0% used [0x90160000, 0x90160000, 0x916b0000)
 concurrent mark-sweep generation total 393216K, used 12691K [0x92c00000, 0xaac00000, 0xaac00000)
 concurrent-mark-sweep perm gen total 35404K, used 22529K [0xaac00000, 0xace93000, 0xb2c00000)
}
2015-02-20T15:57:36.506-0600: 2184.961: Total time for which application threads were stopped: 0.0397950 seconds
{Heap before GC invocations=444 (full 1):
 par new generation   total 109248K, used 87430K [0x8ac00000, 0x92c00000, 0x92c00000)
  eden space 87424K, 100% used [0x8ac00000, 0x90160000, 0x90160000)
  from space 21824K,   0% used [0x916b0000, 0x916b1800, 0x92c00000)
  to   space 21824K,   0% used [0x90160000, 0x90160000, 0x916b0000)
 concurrent mark-sweep generation total 393216K, used 12691K [0x92c00000, 0xaac00000, 0xaac00000)
 concurrent-mark-sweep perm gen total 35404K, used 22529K [0xaac00000, 0xace93000, 0xb2c00000)
2015-02-20T15:57:37.645-0600: 2186.100: [GC2015-02-20T15:57:37.645-0600: 2186.100: [ParNew
Desired survivor size 20112996 bytes, new threshold 8 (max 8)
- age   1:        608 bytes,        608 total
- age   2:        648 bytes,       1256 total
- age   3:        176 bytes,       1432 total
- age   4:        424 bytes,       1856 total
- age   5:        376 bytes,       2232 total
- age   6:        200 bytes,       2432 total
- age   7:        536 bytes,       2968 total
- age   8:        376 bytes,       3344 total
: 87430K->6K(109248K), 0.0278610 secs] 100121K->12697K(502464K), 0.0283290 secs] [Times: user=0.03 sys=0.00, real=0.03 secs] 
Heap after GC invocations=445 (full 1):
 par new generation   total 109248K, used 6K [0x8ac00000, 0x92c00000, 0x92c00000)
  eden space 87424K,   0% used [0x8ac00000, 0x8ac00000, 0x90160000)
  from space 21824K,   0% used [0x90160000, 0x90161800, 0x916b0000)
  to   space 21824K,   0% used [0x916b0000, 0x916b0000, 0x92c00000)
 concurrent mark-sweep generation total 393216K, used 12691K [0x92c00000, 0xaac00000, 0xaac00000)
 concurrent-mark-sweep perm gen total 35404K, used 22529K [0xaac00000, 0xace93000, 0xb2c00000)
}
2015-02-20T15:57:37.673-0600: 2186.128: Total time for which application threads were stopped: 0.0364800 seconds
{Heap before GC invocations=445 (full 1):
 par new generation   total 109248K, used 87430K [0x8ac00000, 0x92c00000, 0x92c00000)
  eden space 87424K, 100% used [0x8ac00000, 0x90160000, 0x90160000)
  from space 21824K,   0% used [0x90160000, 0x90161800, 0x916b0000)
  to   space 21824K,   0% used [0x916b0000, 0x916b0000, 0x92c00000)
 concurrent mark-sweep generation total 393216K, used 12691K [0x92c00000, 0xaac00000, 0xaac00000)
 concurrent-mark-sweep perm gen total 35404K, used 22529K [0xaac00000, 0xace93000, 0xb2c00000)
2015-02-20T15:57:39.078-0600: 2187.533: [GC2015-02-20T15:57:39.078-0600: 2187.533: [ParNew
Desired survivor size 20112996 bytes, new threshold 8 (max 8)
- age   1:        736 bytes,        736 total
- age   2:        200 bytes,        936 total
- age   3:        520 bytes,       1456 total
- age   4:        176 bytes,       1632 total
- age   5:        424 bytes,       2056 total
- age   6:        376 bytes,       2432 total
- age   7:        200 bytes,       2632 total
- age   8:        536 bytes,       3168 total
: 87430K->8K(109248K), 0.0105070 secs] 100121K->12699K(502464K), 0.0106960 secs] [Times: user=0.02 sys=0.00, real=0.01 secs] 
Heap after GC invocations=446 (full 1):
 par new generation   total 109248K, used 8K [0x8ac00000, 0x92c00000, 0x92c00000)
  eden space 87424K,   0% used [0x8ac00000, 0x8ac00000, 0x90160000)
  from space 21824K,   0% used [0x916b0000, 0x916b2000, 0x92c00000)
  to   space 21824K,   0% used [0x90160000, 0x90160000, 0x916b0000)
 concurrent mark-sweep generation total 393216K, used 12691K [0x92c00000, 0xaac00000, 0xaac00000)
 concurrent-mark-sweep perm gen total 35404K, used 22529K [0xaac00000, 0xace93000, 0xb2c00000)
}
2015-02-20T15:57:39.089-0600: 2187.544: Total time for which application threads were stopped: 0.0133700 seconds
{Heap before GC invocations=446 (full 1):
 par new generation   total 109248K, used 87432K [0x8ac00000, 0x92c00000, 0x92c00000)
  eden space 87424K, 100% used [0x8ac00000, 0x90160000, 0x90160000)
  from space 21824K,   0% used [0x916b0000, 0x916b2000, 0x92c00000)
  to   space 21824K,   0% used [0x90160000, 0x90160000, 0x916b0000)
 concurrent mark-sweep generation total 393216K, used 12691K [0x92c00000, 0xaac00000, 0xaac00000)
 concurrent-mark-sweep perm gen total 35404K, used 22529K [0xaac00000, 0xace93000, 0xb2c00000)
2015-02-20T15:57:40.881-0600: 2189.336: [GC2015-02-20T15:57:40.881-0600: 2189.336: [ParNew
Desired survivor size 20112996 bytes, new threshold 8 (max 8)
- age   1:       1120 bytes,       1120 total
- age   2:        400 bytes,       1520 total
- age   3:        200 bytes,       1720 total
- age   4:        520 bytes,       2240 total
- age   5:        176 bytes,       2416 total
- age   6:        424 bytes,       2840 total
- age   7:        376 bytes,       3216 total
- age   8:        200 bytes,       3416 total
: 87432K->8K(109248K), 0.0282210 secs] 100123K->12700K(502464K), 0.0284150 secs] [Times: user=0.03 sys=0.00, real=0.03 secs] 
Heap after GC invocations=447 (full 1):
 par new generation   total 109248K, used 8K [0x8ac00000, 0x92c00000, 0x92c00000)
  eden space 87424K,   0% used [0x8ac00000, 0x8ac00000, 0x90160000)
  from space 21824K,   0% used [0x90160000, 0x90162000, 0x916b0000)
  to   space 21824K,   0% used [0x916b0000, 0x916b0000, 0x92c00000)
 concurrent mark-sweep generation total 393216K, used 12692K [0x92c00000, 0xaac00000, 0xaac00000)
 concurrent-mark-sweep perm gen total 35404K, used 22529K [0xaac00000, 0xace93000, 0xb2c00000)
}
2015-02-20T15:57:40.909-0600: 2189.365: Total time for which application threads were stopped: 0.0313730 seconds
{Heap before GC invocations=447 (full 1):
 par new generation   total 109248K, used 87432K [0x8ac00000, 0x92c00000, 0x92c00000)
  eden space 87424K, 100% used [0x8ac00000, 0x90160000, 0x90160000)
  from space 21824K,   0% used [0x90160000, 0x90162000, 0x916b0000)
  to   space 21824K,   0% used [0x916b0000, 0x916b0000, 0x92c00000)
 concurrent mark-sweep generation total 393216K, used 12692K [0x92c00000, 0xaac00000, 0xaac00000)
 concurrent-mark-sweep perm gen total 35404K, used 22529K [0xaac00000, 0xace93000, 0xb2c00000)
2015-02-20T15:57:42.896-0600: 2191.351: [GC2015-02-20T15:57:42.896-0600: 2191.351: [ParNew
Desired survivor size 20112996 bytes, new threshold 8 (max 8)
- age   1:       1208 bytes,       1208 total
- age   2:        296 bytes,       1504 total
- age   3:        376 bytes,       1880 total
- age   4:        200 bytes,       2080 total
- age   5:        520 bytes,       2600 total
- age   6:        176 bytes,       2776 total
- age   7:        424 bytes,       3200 total
- age   8:        376 bytes,       3576 total
: 87432K->10K(109248K), 0.0193330 secs] 100124K->12702K(502464K), 0.0197950 secs] [Times: user=0.02 sys=0.00, real=0.02 secs] 
Heap after GC invocations=448 (full 1):
 par new generation   total 109248K, used 10K [0x8ac00000, 0x92c00000, 0x92c00000)
  eden space 87424K,   0% used [0x8ac00000, 0x8ac00000, 0x90160000)
  from space 21824K,   0% used [0x916b0000, 0x916b2800, 0x92c00000)
  to   space 21824K,   0% used [0x90160000, 0x90160000, 0x916b0000)
 concurrent mark-sweep generation total 393216K, used 12692K [0x92c00000, 0xaac00000, 0xaac00000)
 concurrent-mark-sweep perm gen total 35404K, used 22529K [0xaac00000, 0xace93000, 0xb2c00000)
}
2015-02-20T15:57:42.916-0600: 2191.371: Total time for which application threads were stopped: 0.0246750 seconds
{Heap before GC invocations=448 (full 1):
 par new generation   total 109248K, used 87434K [0x8ac00000, 0x92c00000, 0x92c00000)
  eden space 87424K, 100% used [0x8ac00000, 0x90160000, 0x90160000)
  from space 21824K,   0% used [0x916b0000, 0x916b2800, 0x92c00000)
  to   space 21824K,   0% used [0x90160000, 0x90160000, 0x916b0000)
 concurrent mark-sweep generation total 393216K, used 12692K [0x92c00000, 0xaac00000, 0xaac00000)
 concurrent-mark-sweep perm gen total 35404K, used 22529K [0xaac00000, 0xace93000, 0xb2c00000)
2015-02-20T15:57:44.218-0600: 2192.673: [GC2015-02-20T15:57:44.218-0600: 2192.673: [ParNew
Desired survivor size 20112996 bytes, new threshold 8 (max 8)
- age   1:        680 bytes,        680 total
- age   2:        504 bytes,       1184 total
- age   3:        296 bytes,       1480 total
- age   4:        376 bytes,       1856 total
- age   5:        200 bytes,       2056 total
- age   6:        520 bytes,       2576 total
- age   7:        176 bytes,       2752 total
- age   8:        424 bytes,       3176 total
: 87434K->6K(109248K), 0.0266960 secs] 100126K->12699K(502464K), 0.0268860 secs] [Times: user=0.03 sys=0.00, real=0.02 secs] 
Heap after GC invocations=449 (full 1):
 par new generation   total 109248K, used 6K [0x8ac00000, 0x92c00000, 0x92c00000)
  eden space 87424K,   0% used [0x8ac00000, 0x8ac00000, 0x90160000)
  from space 21824K,   0% used [0x90160000, 0x90161800, 0x916b0000)
  to   space 21824K,   0% used [0x916b0000, 0x916b0000, 0x92c00000)
 concurrent mark-sweep generation total 393216K, used 12693K [0x92c00000, 0xaac00000, 0xaac00000)
 concurrent-mark-sweep perm gen total 35404K, used 22529K [0xaac00000, 0xace93000, 0xb2c00000)
}
2015-02-20T15:57:44.245-0600: 2192.700: Total time for which application threads were stopped: 0.0350880 seconds
{Heap before GC invocations=449 (full 1):
 par new generation   total 109248K, used 87430K [0x8ac00000, 0x92c00000, 0x92c00000)
  eden space 87424K, 100% used [0x8ac00000, 0x90160000, 0x90160000)
  from space 21824K,   0% used [0x90160000, 0x90161800, 0x916b0000)
  to   space 21824K,   0% used [0x916b0000, 0x916b0000, 0x92c00000)
 concurrent mark-sweep generation total 393216K, used 12693K [0x92c00000, 0xaac00000, 0xaac00000)
 concurrent-mark-sweep perm gen total 35404K, used 22529K [0xaac00000, 0xace93000, 0xb2c00000)
2015-02-20T15:57:45.755-0600: 2194.210: [GC2015-02-20T15:57:45.755-0600: 2194.210: [ParNew
Desired survivor size 20112996 bytes, new threshold 8 (max 8)
- age   1:        976 bytes,        976 total
- age   2:        216 bytes,       1192 total
- age   3:        376 bytes,       1568 total
- age   4:        296 bytes,       1864 total
- age   5:        376 bytes,       2240 total
- age   6:        200 bytes,       2440 total
- age   7:        520 bytes,       2960 total
- age   8:        176 bytes,       3136 total
: 87430K->8K(109248K), 0.0143780 secs] 100123K->12701K(502464K), 0.0147760 secs] [Times: user=0.02 sys=0.00, real=0.02 secs] 
Heap after GC invocations=450 (full 1):
 par new generation   total 109248K, used 8K [0x8ac00000, 0x92c00000, 0x92c00000)
  eden space 87424K,   0% used [0x8ac00000, 0x8ac00000, 0x90160000)
  from space 21824K,   0% used [0x916b0000, 0x916b2000, 0x92c00000)
  to   space 21824K,   0% used [0x90160000, 0x90160000, 0x916b0000)
 concurrent mark-sweep generation total 393216K, used 12693K [0x92c00000, 0xaac00000, 0xaac00000)
 concurrent-mark-sweep perm gen total 35404K, used 22529K [0xaac00000, 0xace93000, 0xb2c00000)
}
2015-02-20T15:57:45.770-0600: 2194.225: Total time for which application threads were stopped: 0.0233430 seconds
{Heap before GC invocations=450 (full 1):
 par new generation   total 109248K, used 87432K [0x8ac00000, 0x92c00000, 0x92c00000)
  eden space 87424K, 100% used [0x8ac00000, 0x90160000, 0x90160000)
  from space 21824K,   0% used [0x916b0000, 0x916b2000, 0x92c00000)
  to   space 21824K,   0% used [0x90160000, 0x90160000, 0x916b0000)
 concurrent mark-sweep generation total 393216K, used 12693K [0x92c00000, 0xaac00000, 0xaac00000)
 concurrent-mark-sweep perm gen total 35404K, used 22529K [0xaac00000, 0xace93000, 0xb2c00000)
2015-02-20T15:57:47.165-0600: 2195.620: [GC2015-02-20T15:57:47.165-0600: 2195.620: [ParNew
Desired survivor size 20112996 bytes, new threshold 8 (max 8)
- age   1:        912 bytes,        912 total
- age   2:        408 bytes,       1320 total
- age   3:        216 bytes,       1536 total
- age   4:        376 bytes,       1912 total
- age   5:        296 bytes,       2208 total
- age   6:        376 bytes,       2584 total
- age   7:        200 bytes,       2784 total
- age   8:        520 bytes,       3304 total
: 87432K->8K(109248K), 0.0162580 secs] 100125K->12701K(502464K), 0.0164470 secs] [Times: user=0.02 sys=0.00, real=0.02 secs] 
Heap after GC invocations=451 (full 1):
 par new generation   total 109248K, used 8K [0x8ac00000, 0x92c00000, 0x92c00000)
  eden space 87424K,   0% used [0x8ac00000, 0x8ac00000, 0x90160000)
  from space 21824K,   0% used [0x90160000, 0x90162000, 0x916b0000)
  to   space 21824K,   0% used [0x916b0000, 0x916b0000, 0x92c00000)
 concurrent mark-sweep generation total 393216K, used 12693K [0x92c00000, 0xaac00000, 0xaac00000)
 concurrent-mark-sweep perm gen total 35404K, used 22529K [0xaac00000, 0xace93000, 0xb2c00000)
}
2015-02-20T15:57:47.182-0600: 2195.637: Total time for which application threads were stopped: 0.0235300 seconds
{Heap before GC invocations=451 (full 1):
 par new generation   total 109248K, used 87432K [0x8ac00000, 0x92c00000, 0x92c00000)
  eden space 87424K, 100% used [0x8ac00000, 0x90160000, 0x90160000)
  from space 21824K,   0% used [0x90160000, 0x90162000, 0x916b0000)
  to   space 21824K,   0% used [0x916b0000, 0x916b0000, 0x92c00000)
 concurrent mark-sweep generation total 393216K, used 12693K [0x92c00000, 0xaac00000, 0xaac00000)
 concurrent-mark-sweep perm gen total 35404K, used 22529K [0xaac00000, 0xace93000, 0xb2c00000)
2015-02-20T15:57:48.329-0600: 2196.784: [GC2015-02-20T15:57:48.329-0600: 2196.784: [ParNew
Desired survivor size 20112996 bytes, new threshold 8 (max 8)
- age   1:        512 bytes,        512 total
- age   2:        400 bytes,        912 total
- age   3:        408 bytes,       1320 total
- age   4:        216 bytes,       1536 total
- age   5:        376 bytes,       1912 total
- age   6:        296 bytes,       2208 total
- age   7:        376 bytes,       2584 total
- age   8:        200 bytes,       2784 total
: 87432K->8K(109248K), 0.0085280 secs] 100125K->12702K(502464K), 0.0087810 secs] [Times: user=0.02 sys=0.00, real=0.01 secs] 
Heap after GC invocations=452 (full 1):
 par new generation   total 109248K, used 8K [0x8ac00000, 0x92c00000, 0x92c00000)
  eden space 87424K,   0% used [0x8ac00000, 0x8ac00000, 0x90160000)
  from space 21824K,   0% used [0x916b0000, 0x916b2000, 0x92c00000)
  to   space 21824K,   0% used [0x90160000, 0x90160000, 0x916b0000)
 concurrent mark-sweep generation total 393216K, used 12694K [0x92c00000, 0xaac00000, 0xaac00000)
 concurrent-mark-sweep perm gen total 35404K, used 22529K [0xaac00000, 0xace93000, 0xb2c00000)
}
2015-02-20T15:57:48.338-0600: 2196.793: Total time for which application threads were stopped: 0.0115880 seconds
{Heap before GC invocations=452 (full 1):
 par new generation   total 109248K, used 87432K [0x8ac00000, 0x92c00000, 0x92c00000)
  eden space 87424K, 100% used [0x8ac00000, 0x90160000, 0x90160000)
  from space 21824K,   0% used [0x916b0000, 0x916b2000, 0x92c00000)
  to   space 21824K,   0% used [0x90160000, 0x90160000, 0x916b0000)
 concurrent mark-sweep generation total 393216K, used 12694K [0x92c00000, 0xaac00000, 0xaac00000)
 concurrent-mark-sweep perm gen total 35404K, used 22529K [0xaac00000, 0xace93000, 0xb2c00000)
2015-02-20T15:57:49.811-0600: 2198.266: [GC2015-02-20T15:57:49.811-0600: 2198.266: [ParNew
Desired survivor size 20112996 bytes, new threshold 8 (max 8)
- age   1:       1000 bytes,       1000 total
- age   2:        304 bytes,       1304 total
- age   3:        376 bytes,       1680 total
- age   4:        408 bytes,       2088 total
- age   5:        216 bytes,       2304 total
- age   6:        376 bytes,       2680 total
- age   7:        296 bytes,       2976 total
- age   8:        376 bytes,       3352 total
: 87432K->10K(109248K), 0.0112170 secs] 100126K->12704K(502464K), 0.0114590 secs] [Times: user=0.02 sys=0.00, real=0.01 secs] 
Heap after GC invocations=453 (full 1):
 par new generation   total 109248K, used 10K [0x8ac00000, 0x92c00000, 0x92c00000)
  eden space 87424K,   0% used [0x8ac00000, 0x8ac00000, 0x90160000)
  from space 21824K,   0% used [0x90160000, 0x90162800, 0x916b0000)
  to   space 21824K,   0% used [0x916b0000, 0x916b0000, 0x92c00000)
 concurrent mark-sweep generation total 393216K, used 12694K [0x92c00000, 0xaac00000, 0xaac00000)
 concurrent-mark-sweep perm gen total 35404K, used 22529K [0xaac00000, 0xace93000, 0xb2c00000)
}
2015-02-20T15:57:49.822-0600: 2198.277: Total time for which application threads were stopped: 0.0143310 seconds
{Heap before GC invocations=453 (full 1):
 par new generation   total 109248K, used 87434K [0x8ac00000, 0x92c00000, 0x92c00000)
  eden space 87424K, 100% used [0x8ac00000, 0x90160000, 0x90160000)
  from space 21824K,   0% used [0x90160000, 0x90162800, 0x916b0000)
  to   space 21824K,   0% used [0x916b0000, 0x916b0000, 0x92c00000)
 concurrent mark-sweep generation total 393216K, used 12694K [0x92c00000, 0xaac00000, 0xaac00000)
 concurrent-mark-sweep perm gen total 35404K, used 22529K [0xaac00000, 0xace93000, 0xb2c00000)
2015-02-20T15:57:51.441-0600: 2199.896: [GC2015-02-20T15:57:51.441-0600: 2199.896: [ParNew
Desired survivor size 20112996 bytes, new threshold 8 (max 8)
- age   1:       1016 bytes,       1016 total
- age   2:        200 bytes,       1216 total
- age   3:        176 bytes,       1392 total
- age   4:        376 bytes,       1768 total
- age   5:        408 bytes,       2176 total
- age   6:        216 bytes,       2392 total
- age   7:        376 bytes,       2768 total
- age   8:        296 bytes,       3064 total
: 87434K->8K(109248K), 0.0152160 secs] 100128K->12702K(502464K), 0.0154390 secs] [Times: user=0.03 sys=0.00, real=0.01 secs] 
Heap after GC invocations=454 (full 1):
 par new generation   total 109248K, used 8K [0x8ac00000, 0x92c00000, 0x92c00000)
  eden space 87424K,   0% used [0x8ac00000, 0x8ac00000, 0x90160000)
  from space 21824K,   0% used [0x916b0000, 0x916b2000, 0x92c00000)
  to   space 21824K,   0% used [0x90160000, 0x90160000, 0x916b0000)
 concurrent mark-sweep generation total 393216K, used 12694K [0x92c00000, 0xaac00000, 0xaac00000)
 concurrent-mark-sweep perm gen total 35404K, used 22529K [0xaac00000, 0xace93000, 0xb2c00000)
}
2015-02-20T15:57:51.457-0600: 2199.912: Total time for which application threads were stopped: 0.0184540 seconds
{Heap before GC invocations=454 (full 1):
 par new generation   total 109248K, used 87432K [0x8ac00000, 0x92c00000, 0x92c00000)
  eden space 87424K, 100% used [0x8ac00000, 0x90160000, 0x90160000)
  from space 21824K,   0% used [0x916b0000, 0x916b2000, 0x92c00000)
  to   space 21824K,   0% used [0x90160000, 0x90160000, 0x916b0000)
 concurrent mark-sweep generation total 393216K, used 12694K [0x92c00000, 0xaac00000, 0xaac00000)
 concurrent-mark-sweep perm gen total 35404K, used 22529K [0xaac00000, 0xace93000, 0xb2c00000)
2015-02-20T15:57:52.949-0600: 2201.404: [GC2015-02-20T15:57:52.949-0600: 2201.404: [ParNew
Desired survivor size 20112996 bytes, new threshold 8 (max 8)
- age   1:       1152 bytes,       1152 total
- age   2:        472 bytes,       1624 total
- age   3:        200 bytes,       1824 total
- age   4:        176 bytes,       2000 total
- age   5:        376 bytes,       2376 total
- age   6:        408 bytes,       2784 total
- age   7:        216 bytes,       3000 total
- age   8:        376 bytes,       3376 total
: 87432K->10K(109248K), 0.0066070 secs] 100126K->12704K(502464K), 0.0068520 secs] [Times: user=0.01 sys=0.01, real=0.00 secs] 
Heap after GC invocations=455 (full 1):
 par new generation   total 109248K, used 10K [0x8ac00000, 0x92c00000, 0x92c00000)
  eden space 87424K,   0% used [0x8ac00000, 0x8ac00000, 0x90160000)
  from space 21824K,   0% used [0x90160000, 0x90162800, 0x916b0000)
  to   space 21824K,   0% used [0x916b0000, 0x916b0000, 0x92c00000)
 concurrent mark-sweep generation total 393216K, used 12694K [0x92c00000, 0xaac00000, 0xaac00000)
 concurrent-mark-sweep perm gen total 35404K, used 22529K [0xaac00000, 0xace93000, 0xb2c00000)
}
2015-02-20T15:57:52.955-0600: 2201.411: Total time for which application threads were stopped: 0.0097230 seconds
{Heap before GC invocations=455 (full 1):
 par new generation   total 109248K, used 87434K [0x8ac00000, 0x92c00000, 0x92c00000)
  eden space 87424K, 100% used [0x8ac00000, 0x90160000, 0x90160000)
  from space 21824K,   0% used [0x90160000, 0x90162800, 0x916b0000)
  to   space 21824K,   0% used [0x916b0000, 0x916b0000, 0x92c00000)
 concurrent mark-sweep generation total 393216K, used 12694K [0x92c00000, 0xaac00000, 0xaac00000)
 concurrent-mark-sweep perm gen total 35404K, used 22529K [0xaac00000, 0xace93000, 0xb2c00000)
2015-02-20T15:57:54.541-0600: 2202.997: [GC2015-02-20T15:57:54.542-0600: 2202.997: [ParNew
Desired survivor size 20112996 bytes, new threshold 8 (max 8)
- age   1:       1176 bytes,       1176 total
- age   2:        248 bytes,       1424 total
- age   3:        448 bytes,       1872 total
- age   4:        200 bytes,       2072 total
- age   5:        176 bytes,       2248 total
- age   6:        376 bytes,       2624 total
- age   7:        408 bytes,       3032 total
- age   8:        216 bytes,       3248 total
: 87434K->8K(109248K), 0.0060260 secs] 100128K->12703K(502464K), 0.0062350 secs] [Times: user=0.01 sys=0.00, real=0.01 secs] 
Heap after GC invocations=456 (full 1):
 par new generation   total 109248K, used 8K [0x8ac00000, 0x92c00000, 0x92c00000)
  eden space 87424K,   0% used [0x8ac00000, 0x8ac00000, 0x90160000)
  from space 21824K,   0% used [0x916b0000, 0x916b2000, 0x92c00000)
  to   space 21824K,   0% used [0x90160000, 0x90160000, 0x916b0000)
 concurrent mark-sweep generation total 393216K, used 12695K [0x92c00000, 0xaac00000, 0xaac00000)
 concurrent-mark-sweep perm gen total 35404K, used 22529K [0xaac00000, 0xace93000, 0xb2c00000)
}
2015-02-20T15:57:54.548-0600: 2203.003: Total time for which application threads were stopped: 0.0090060 seconds
{Heap before GC invocations=456 (full 1):
 par new generation   total 109248K, used 87432K [0x8ac00000, 0x92c00000, 0x92c00000)
  eden space 87424K, 100% used [0x8ac00000, 0x90160000, 0x90160000)
  from space 21824K,   0% used [0x916b0000, 0x916b2000, 0x92c00000)
  to   space 21824K,   0% used [0x90160000, 0x90160000, 0x916b0000)
 concurrent mark-sweep generation total 393216K, used 12695K [0x92c00000, 0xaac00000, 0xaac00000)
 concurrent-mark-sweep perm gen total 35404K, used 22529K [0xaac00000, 0xace93000, 0xb2c00000)
2015-02-20T15:57:56.244-0600: 2204.699: [GC2015-02-20T15:57:56.244-0600: 2204.699: [ParNew
Desired survivor size 20112996 bytes, new threshold 8 (max 8)
- age   1:       1008 bytes,       1008 total
- age   2:        528 bytes,       1536 total
- age   3:        248 bytes,       1784 total
- age   4:        448 bytes,       2232 total
- age   5:        200 bytes,       2432 total
- age   6:        176 bytes,       2608 total
- age   7:        376 bytes,       2984 total
- age   8:        408 bytes,       3392 total
: 87432K->6K(109248K), 0.0077130 secs] 100127K->12701K(502464K), 0.0079540 secs] [Times: user=0.01 sys=0.00, real=0.01 secs] 
Heap after GC invocations=457 (full 1):
 par new generation   total 109248K, used 6K [0x8ac00000, 0x92c00000, 0x92c00000)
  eden space 87424K,   0% used [0x8ac00000, 0x8ac00000, 0x90160000)
  from space 21824K,   0% used [0x90160000, 0x90161800, 0x916b0000)
  to   space 21824K,   0% used [0x916b0000, 0x916b0000, 0x92c00000)
 concurrent mark-sweep generation total 393216K, used 12695K [0x92c00000, 0xaac00000, 0xaac00000)
 concurrent-mark-sweep perm gen total 35404K, used 22529K [0xaac00000, 0xace93000, 0xb2c00000)
}
2015-02-20T15:57:56.252-0600: 2204.707: Total time for which application threads were stopped: 0.0105740 seconds
{Heap before GC invocations=457 (full 1):
 par new generation   total 109248K, used 87430K [0x8ac00000, 0x92c00000, 0x92c00000)
  eden space 87424K, 100% used [0x8ac00000, 0x90160000, 0x90160000)
  from space 21824K,   0% used [0x90160000, 0x90161800, 0x916b0000)
  to   space 21824K,   0% used [0x916b0000, 0x916b0000, 0x92c00000)
 concurrent mark-sweep generation total 393216K, used 12695K [0x92c00000, 0xaac00000, 0xaac00000)
 concurrent-mark-sweep perm gen total 35404K, used 22529K [0xaac00000, 0xace93000, 0xb2c00000)
2015-02-20T15:57:57.594-0600: 2206.049: [GC2015-02-20T15:57:57.594-0600: 2206.049: [ParNew
Desired survivor size 20112996 bytes, new threshold 8 (max 8)
- age   1:       1248 bytes,       1248 total
- age   2:        216 bytes,       1464 total
- age   3:        400 bytes,       1864 total
- age   4:        248 bytes,       2112 total
- age   5:        448 bytes,       2560 total
- age   6:        200 bytes,       2760 total
- age   7:        176 bytes,       2936 total
- age   8:        376 bytes,       3312 total
: 87430K->6K(109248K), 0.0365750 secs] 100125K->12701K(502464K), 0.0370560 secs] [Times: user=0.03 sys=0.00, real=0.04 secs] 
Heap after GC invocations=458 (full 1):
 par new generation   total 109248K, used 6K [0x8ac00000, 0x92c00000, 0x92c00000)
  eden space 87424K,   0% used [0x8ac00000, 0x8ac00000, 0x90160000)
  from space 21824K,   0% used [0x916b0000, 0x916b1800, 0x92c00000)
  to   space 21824K,   0% used [0x90160000, 0x90160000, 0x916b0000)
 concurrent mark-sweep generation total 393216K, used 12695K [0x92c00000, 0xaac00000, 0xaac00000)
 concurrent-mark-sweep perm gen total 35404K, used 22529K [0xaac00000, 0xace93000, 0xb2c00000)
}
2015-02-20T15:57:57.631-0600: 2206.086: Total time for which application threads were stopped: 0.0429650 seconds
{Heap before GC invocations=458 (full 1):
 par new generation   total 109248K, used 87430K [0x8ac00000, 0x92c00000, 0x92c00000)
  eden space 87424K, 100% used [0x8ac00000, 0x90160000, 0x90160000)
  from space 21824K,   0% used [0x916b0000, 0x916b1800, 0x92c00000)
  to   space 21824K,   0% used [0x90160000, 0x90160000, 0x916b0000)
 concurrent mark-sweep generation total 393216K, used 12695K [0x92c00000, 0xaac00000, 0xaac00000)
 concurrent-mark-sweep perm gen total 35404K, used 22529K [0xaac00000, 0xace93000, 0xb2c00000)
2015-02-20T15:57:59.477-0600: 2207.933: [GC2015-02-20T15:57:59.478-0600: 2207.933: [ParNew
Desired survivor size 20112996 bytes, new threshold 8 (max 8)
- age   1:       1176 bytes,       1176 total
- age   2:        416 bytes,       1592 total
- age   3:        216 bytes,       1808 total
- age   4:        400 bytes,       2208 total
- age   5:        248 bytes,       2456 total
- age   6:        448 bytes,       2904 total
- age   7:        200 bytes,       3104 total
- age   8:        176 bytes,       3280 total
: 87430K->8K(109248K), 0.0167270 secs] 100125K->12704K(502464K), 0.0172940 secs] [Times: user=0.02 sys=0.00, real=0.01 secs] 
Heap after GC invocations=459 (full 1):
 par new generation   total 109248K, used 8K [0x8ac00000, 0x92c00000, 0x92c00000)
  eden space 87424K,   0% used [0x8ac00000, 0x8ac00000, 0x90160000)
  from space 21824K,   0% used [0x90160000, 0x90162000, 0x916b0000)
  to   space 21824K,   0% used [0x916b0000, 0x916b0000, 0x92c00000)
 concurrent mark-sweep generation total 393216K, used 12696K [0x92c00000, 0xaac00000, 0xaac00000)
 concurrent-mark-sweep perm gen total 35404K, used 22529K [0xaac00000, 0xace93000, 0xb2c00000)
}
2015-02-20T15:57:59.495-0600: 2207.950: Total time for which application threads were stopped: 0.0203240 seconds
{Heap before GC invocations=459 (full 1):
 par new generation   total 109248K, used 87432K [0x8ac00000, 0x92c00000, 0x92c00000)
  eden space 87424K, 100% used [0x8ac00000, 0x90160000, 0x90160000)
  from space 21824K,   0% used [0x90160000, 0x90162000, 0x916b0000)
  to   space 21824K,   0% used [0x916b0000, 0x916b0000, 0x92c00000)
 concurrent mark-sweep generation total 393216K, used 12696K [0x92c00000, 0xaac00000, 0xaac00000)
 concurrent-mark-sweep perm gen total 35404K, used 22529K [0xaac00000, 0xace93000, 0xb2c00000)
2015-02-20T15:58:00.855-0600: 2209.310: [GC2015-02-20T15:58:00.855-0600: 2209.311: [ParNew
Desired survivor size 20112996 bytes, new threshold 8 (max 8)
- age   1:       1056 bytes,       1056 total
- age   2:        424 bytes,       1480 total
- age   3:        416 bytes,       1896 total
- age   4:        216 bytes,       2112 total
- age   5:        400 bytes,       2512 total
- age   6:        248 bytes,       2760 total
- age   7:        448 bytes,       3208 total
- age   8:        200 bytes,       3408 total
: 87432K->8K(109248K), 0.0227320 secs] 100128K->12704K(502464K), 0.0230130 secs] [Times: user=0.02 sys=0.01, real=0.03 secs] 
Heap after GC invocations=460 (full 1):
 par new generation   total 109248K, used 8K [0x8ac00000, 0x92c00000, 0x92c00000)
  eden space 87424K,   0% used [0x8ac00000, 0x8ac00000, 0x90160000)
  from space 21824K,   0% used [0x916b0000, 0x916b2000, 0x92c00000)
  to   space 21824K,   0% used [0x90160000, 0x90160000, 0x916b0000)
 concurrent mark-sweep generation total 393216K, used 12696K [0x92c00000, 0xaac00000, 0xaac00000)
 concurrent-mark-sweep perm gen total 35404K, used 22529K [0xaac00000, 0xace93000, 0xb2c00000)
}
2015-02-20T15:58:00.879-0600: 2209.334: Total time for which application threads were stopped: 0.0264730 seconds
{Heap before GC invocations=460 (full 1):
 par new generation   total 109248K, used 87432K [0x8ac00000, 0x92c00000, 0x92c00000)
  eden space 87424K, 100% used [0x8ac00000, 0x90160000, 0x90160000)
  from space 21824K,   0% used [0x916b0000, 0x916b2000, 0x92c00000)
  to   space 21824K,   0% used [0x90160000, 0x90160000, 0x916b0000)
 concurrent mark-sweep generation total 393216K, used 12696K [0x92c00000, 0xaac00000, 0xaac00000)
 concurrent-mark-sweep perm gen total 35404K, used 22529K [0xaac00000, 0xace93000, 0xb2c00000)
2015-02-20T15:58:02.257-0600: 2210.712: [GC2015-02-20T15:58:02.257-0600: 2210.712: [ParNew
Desired survivor size 20112996 bytes, new threshold 8 (max 8)
- age   1:        864 bytes,        864 total
- age   2:        376 bytes,       1240 total
- age   3:        400 bytes,       1640 total
- age   4:        416 bytes,       2056 total
- age   5:        216 bytes,       2272 total
- age   6:        400 bytes,       2672 total
- age   7:        248 bytes,       2920 total
- age   8:        448 bytes,       3368 total
: 87432K->8K(109248K), 0.0134520 secs] 100128K->12704K(502464K), 0.0137020 secs] [Times: user=0.03 sys=0.00, real=0.02 secs] 
Heap after GC invocations=461 (full 1):
 par new generation   total 109248K, used 8K [0x8ac00000, 0x92c00000, 0x92c00000)
  eden space 87424K,   0% used [0x8ac00000, 0x8ac00000, 0x90160000)
  from space 21824K,   0% used [0x90160000, 0x90162000, 0x916b0000)
  to   space 21824K,   0% used [0x916b0000, 0x916b0000, 0x92c00000)
 concurrent mark-sweep generation total 393216K, used 12696K [0x92c00000, 0xaac00000, 0xaac00000)
 concurrent-mark-sweep perm gen total 35404K, used 22529K [0xaac00000, 0xace93000, 0xb2c00000)
}
2015-02-20T15:58:02.271-0600: 2210.726: Total time for which application threads were stopped: 0.0163970 seconds
{Heap before GC invocations=461 (full 1):
 par new generation   total 109248K, used 87432K [0x8ac00000, 0x92c00000, 0x92c00000)
  eden space 87424K, 100% used [0x8ac00000, 0x90160000, 0x90160000)
  from space 21824K,   0% used [0x90160000, 0x90162000, 0x916b0000)
  to   space 21824K,   0% used [0x916b0000, 0x916b0000, 0x92c00000)
 concurrent mark-sweep generation total 393216K, used 12696K [0x92c00000, 0xaac00000, 0xaac00000)
 concurrent-mark-sweep perm gen total 35404K, used 22529K [0xaac00000, 0xace93000, 0xb2c00000)
2015-02-20T15:58:03.657-0600: 2212.112: [GC2015-02-20T15:58:03.657-0600: 2212.112: [ParNew
Desired survivor size 20112996 bytes, new threshold 8 (max 8)
- age   1:       1136 bytes,       1136 total
- age   2:        216 bytes,       1352 total
- age   3:        248 bytes,       1600 total
- age   4:        400 bytes,       2000 total
- age   5:        416 bytes,       2416 total
- age   6:        216 bytes,       2632 total
- age   7:        400 bytes,       3032 total
- age   8:        248 bytes,       3280 total
: 87432K->6K(109248K), 0.0330350 secs] 100128K->12703K(502464K), 0.0334510 secs] [Times: user=0.04 sys=0.00, real=0.04 secs] 
Heap after GC invocations=462 (full 1):
 par new generation   total 109248K, used 6K [0x8ac00000, 0x92c00000, 0x92c00000)
  eden space 87424K,   0% used [0x8ac00000, 0x8ac00000, 0x90160000)
  from space 21824K,   0% used [0x916b0000, 0x916b1800, 0x92c00000)
  to   space 21824K,   0% used [0x90160000, 0x90160000, 0x916b0000)
 concurrent mark-sweep generation total 393216K, used 12697K [0x92c00000, 0xaac00000, 0xaac00000)
 concurrent-mark-sweep perm gen total 35404K, used 22529K [0xaac00000, 0xace93000, 0xb2c00000)
}
2015-02-20T15:58:03.691-0600: 2212.146: Total time for which application threads were stopped: 0.0365710 seconds
{Heap before GC invocations=462 (full 1):
 par new generation   total 109248K, used 87430K [0x8ac00000, 0x92c00000, 0x92c00000)
  eden space 87424K, 100% used [0x8ac00000, 0x90160000, 0x90160000)
  from space 21824K,   0% used [0x916b0000, 0x916b1800, 0x92c00000)
  to   space 21824K,   0% used [0x90160000, 0x90160000, 0x916b0000)
 concurrent mark-sweep generation total 393216K, used 12697K [0x92c00000, 0xaac00000, 0xaac00000)
 concurrent-mark-sweep perm gen total 35404K, used 22529K [0xaac00000, 0xace93000, 0xb2c00000)
2015-02-20T15:58:05.189-0600: 2213.644: [GC2015-02-20T15:58:05.189-0600: 2213.644: [ParNew
Desired survivor size 20112996 bytes, new threshold 8 (max 8)
- age   1:        976 bytes,        976 total
- age   2:        360 bytes,       1336 total
- age   3:        216 bytes,       1552 total
- age   4:        248 bytes,       1800 total
- age   5:        400 bytes,       2200 total
- age   6:        416 bytes,       2616 total
- age   7:        216 bytes,       2832 total
- age   8:        400 bytes,       3232 total
: 87430K->6K(109248K), 0.0144430 secs] 100127K->12703K(502464K), 0.0146690 secs] [Times: user=0.02 sys=0.00, real=0.01 secs] 
Heap after GC invocations=463 (full 1):
 par new generation   total 109248K, used 6K [0x8ac00000, 0x92c00000, 0x92c00000)
  eden space 87424K,   0% used [0x8ac00000, 0x8ac00000, 0x90160000)
  from space 21824K,   0% used [0x90160000, 0x90161800, 0x916b0000)
  to   space 21824K,   0% used [0x916b0000, 0x916b0000, 0x92c00000)
 concurrent mark-sweep generation total 393216K, used 12697K [0x92c00000, 0xaac00000, 0xaac00000)
 concurrent-mark-sweep perm gen total 35404K, used 22529K [0xaac00000, 0xace93000, 0xb2c00000)
}
2015-02-20T15:58:05.204-0600: 2213.659: Total time for which application threads were stopped: 0.0174310 seconds
{Heap before GC invocations=463 (full 1):
 par new generation   total 109248K, used 87430K [0x8ac00000, 0x92c00000, 0x92c00000)
  eden space 87424K, 100% used [0x8ac00000, 0x90160000, 0x90160000)
  from space 21824K,   0% used [0x90160000, 0x90161800, 0x916b0000)
  to   space 21824K,   0% used [0x916b0000, 0x916b0000, 0x92c00000)
 concurrent mark-sweep generation total 393216K, used 12697K [0x92c00000, 0xaac00000, 0xaac00000)
 concurrent-mark-sweep perm gen total 35404K, used 22529K [0xaac00000, 0xace93000, 0xb2c00000)
2015-02-20T15:58:07.314-0600: 2215.769: [GC2015-02-20T15:58:07.315-0600: 2215.770: [ParNew
Desired survivor size 20112996 bytes, new threshold 8 (max 8)
- age   1:       1176 bytes,       1176 total
- age   2:        376 bytes,       1552 total
- age   3:        360 bytes,       1912 total
- age   4:        216 bytes,       2128 total
- age   5:        248 bytes,       2376 total
- age   6:        400 bytes,       2776 total
- age   7:        416 bytes,       3192 total
- age   8:        216 bytes,       3408 total
: 87430K->10K(109248K), 0.0084640 secs] 100127K->12707K(502464K), 0.0086660 secs] [Times: user=0.01 sys=0.00, real=0.01 secs] 
Heap after GC invocations=464 (full 1):
 par new generation   total 109248K, used 10K [0x8ac00000, 0x92c00000, 0x92c00000)
  eden space 87424K,   0% used [0x8ac00000, 0x8ac00000, 0x90160000)
  from space 21824K,   0% used [0x916b0000, 0x916b2800, 0x92c00000)
  to   space 21824K,   0% used [0x90160000, 0x90160000, 0x916b0000)
 concurrent mark-sweep generation total 393216K, used 12697K [0x92c00000, 0xaac00000, 0xaac00000)
 concurrent-mark-sweep perm gen total 35404K, used 22529K [0xaac00000, 0xace93000, 0xb2c00000)
}
2015-02-20T15:58:07.323-0600: 2215.778: Total time for which application threads were stopped: 0.0114370 seconds
{Heap before GC invocations=464 (full 1):
 par new generation   total 109248K, used 87434K [0x8ac00000, 0x92c00000, 0x92c00000)
  eden space 87424K, 100% used [0x8ac00000, 0x90160000, 0x90160000)
  from space 21824K,   0% used [0x916b0000, 0x916b2800, 0x92c00000)
  to   space 21824K,   0% used [0x90160000, 0x90160000, 0x916b0000)
 concurrent mark-sweep generation total 393216K, used 12697K [0x92c00000, 0xaac00000, 0xaac00000)
 concurrent-mark-sweep perm gen total 35404K, used 22529K [0xaac00000, 0xace93000, 0xb2c00000)
2015-02-20T15:58:09.005-0600: 2217.460: [GC2015-02-20T15:58:09.005-0600: 2217.460: [ParNew
Desired survivor size 20112996 bytes, new threshold 8 (max 8)
- age   1:       1128 bytes,       1128 total
- age   2:        400 bytes,       1528 total
- age   3:        376 bytes,       1904 total
- age   4:        360 bytes,       2264 total
- age   5:        216 bytes,       2480 total
- age   6:        248 bytes,       2728 total
- age   7:        400 bytes,       3128 total
- age   8:        416 bytes,       3544 total
: 87434K->10K(109248K), 0.0142060 secs] 100131K->12707K(502464K), 0.0148140 secs] [Times: user=0.01 sys=0.00, real=0.02 secs] 
Heap after GC invocations=465 (full 1):
 par new generation   total 109248K, used 10K [0x8ac00000, 0x92c00000, 0x92c00000)
  eden space 87424K,   0% used [0x8ac00000, 0x8ac00000, 0x90160000)
  from space 21824K,   0% used [0x90160000, 0x90162800, 0x916b0000)
  to   space 21824K,   0% used [0x916b0000, 0x916b0000, 0x92c00000)
 concurrent mark-sweep generation total 393216K, used 12697K [0x92c00000, 0xaac00000, 0xaac00000)
 concurrent-mark-sweep perm gen total 35404K, used 22529K [0xaac00000, 0xace93000, 0xb2c00000)
}
2015-02-20T15:58:09.020-0600: 2217.475: Total time for which application threads were stopped: 0.0220040 seconds
{Heap before GC invocations=465 (full 1):
 par new generation   total 109248K, used 87434K [0x8ac00000, 0x92c00000, 0x92c00000)
  eden space 87424K, 100% used [0x8ac00000, 0x90160000, 0x90160000)
  from space 21824K,   0% used [0x90160000, 0x90162800, 0x916b0000)
  to   space 21824K,   0% used [0x916b0000, 0x916b0000, 0x92c00000)
 concurrent mark-sweep generation total 393216K, used 12697K [0x92c00000, 0xaac00000, 0xaac00000)
 concurrent-mark-sweep perm gen total 35404K, used 22529K [0xaac00000, 0xace93000, 0xb2c00000)
2015-02-20T15:58:10.453-0600: 2218.908: [GC2015-02-20T15:58:10.453-0600: 2218.908: [ParNew
Desired survivor size 20112996 bytes, new threshold 8 (max 8)
- age   1:       1056 bytes,       1056 total
- age   2:        176 bytes,       1232 total
- age   3:        376 bytes,       1608 total
- age   4:        376 bytes,       1984 total
- age   5:        360 bytes,       2344 total
- age   6:        216 bytes,       2560 total
- age   7:        248 bytes,       2808 total
- age   8:        400 bytes,       3208 total
: 87434K->8K(109248K), 0.0062880 secs] 100131K->12706K(502464K), 0.0065470 secs] [Times: user=0.00 sys=0.01, real=0.01 secs] 
Heap after GC invocations=466 (full 1):
 par new generation   total 109248K, used 8K [0x8ac00000, 0x92c00000, 0x92c00000)
  eden space 87424K,   0% used [0x8ac00000, 0x8ac00000, 0x90160000)
  from space 21824K,   0% used [0x916b0000, 0x916b2000, 0x92c00000)
  to   space 21824K,   0% used [0x90160000, 0x90160000, 0x916b0000)
 concurrent mark-sweep generation total 393216K, used 12698K [0x92c00000, 0xaac00000, 0xaac00000)
 concurrent-mark-sweep perm gen total 35404K, used 22529K [0xaac00000, 0xace93000, 0xb2c00000)
}
2015-02-20T15:58:10.459-0600: 2218.915: Total time for which application threads were stopped: 0.0094800 seconds
{Heap before GC invocations=466 (full 1):
 par new generation   total 109248K, used 87432K [0x8ac00000, 0x92c00000, 0x92c00000)
  eden space 87424K, 100% used [0x8ac00000, 0x90160000, 0x90160000)
  from space 21824K,   0% used [0x916b0000, 0x916b2000, 0x92c00000)
  to   space 21824K,   0% used [0x90160000, 0x90160000, 0x916b0000)
 concurrent mark-sweep generation total 393216K, used 12698K [0x92c00000, 0xaac00000, 0xaac00000)
 concurrent-mark-sweep perm gen total 35404K, used 22529K [0xaac00000, 0xace93000, 0xb2c00000)
2015-02-20T15:58:11.908-0600: 2220.363: [GC2015-02-20T15:58:11.908-0600: 2220.363: [ParNew
Desired survivor size 20112996 bytes, new threshold 8 (max 8)
- age   1:        640 bytes,        640 total
- age   2:        504 bytes,       1144 total
- age   3:        176 bytes,       1320 total
- age   4:        376 bytes,       1696 total
- age   5:        376 bytes,       2072 total
- age   6:        360 bytes,       2432 total
- age   7:        216 bytes,       2648 total
- age   8:        248 bytes,       2896 total
: 87432K->8K(109248K), 0.0106430 secs] 100130K->12706K(502464K), 0.0108320 secs] [Times: user=0.03 sys=0.00, real=0.01 secs] 
Heap after GC invocations=467 (full 1):
 par new generation   total 109248K, used 8K [0x8ac00000, 0x92c00000, 0x92c00000)
  eden space 87424K,   0% used [0x8ac00000, 0x8ac00000, 0x90160000)
  from space 21824K,   0% used [0x90160000, 0x90162000, 0x916b0000)
  to   space 21824K,   0% used [0x916b0000, 0x916b0000, 0x92c00000)
 concurrent mark-sweep generation total 393216K, used 12698K [0x92c00000, 0xaac00000, 0xaac00000)
 concurrent-mark-sweep perm gen total 35404K, used 22529K [0xaac00000, 0xace93000, 0xb2c00000)
}
2015-02-20T15:58:11.918-0600: 2220.373: Total time for which application threads were stopped: 0.0136440 seconds
{Heap before GC invocations=467 (full 1):
 par new generation   total 109248K, used 87432K [0x8ac00000, 0x92c00000, 0x92c00000)
  eden space 87424K, 100% used [0x8ac00000, 0x90160000, 0x90160000)
  from space 21824K,   0% used [0x90160000, 0x90162000, 0x916b0000)
  to   space 21824K,   0% used [0x916b0000, 0x916b0000, 0x92c00000)
 concurrent mark-sweep generation total 393216K, used 12698K [0x92c00000, 0xaac00000, 0xaac00000)
 concurrent-mark-sweep perm gen total 35404K, used 22529K [0xaac00000, 0xace93000, 0xb2c00000)
2015-02-20T15:58:13.323-0600: 2221.778: [GC2015-02-20T15:58:13.323-0600: 2221.778: [ParNew
Desired survivor size 20112996 bytes, new threshold 8 (max 8)
- age   1:       1280 bytes,       1280 total
- age   2:        200 bytes,       1480 total
- age   3:        376 bytes,       1856 total
- age   4:        176 bytes,       2032 total
- age   5:        376 bytes,       2408 total
- age   6:        376 bytes,       2784 total
- age   7:        360 bytes,       3144 total
- age   8:        216 bytes,       3360 total
: 87432K->10K(109248K), 0.0190000 secs] 100130K->12709K(502464K), 0.0192410 secs] [Times: user=0.02 sys=0.00, real=0.02 secs] 
Heap after GC invocations=468 (full 1):
 par new generation   total 109248K, used 10K [0x8ac00000, 0x92c00000, 0x92c00000)
  eden space 87424K,   0% used [0x8ac00000, 0x8ac00000, 0x90160000)
  from space 21824K,   0% used [0x916b0000, 0x916b2800, 0x92c00000)
  to   space 21824K,   0% used [0x90160000, 0x90160000, 0x916b0000)
 concurrent mark-sweep generation total 393216K, used 12699K [0x92c00000, 0xaac00000, 0xaac00000)
 concurrent-mark-sweep perm gen total 35404K, used 22529K [0xaac00000, 0xace93000, 0xb2c00000)
}
2015-02-20T15:58:13.343-0600: 2221.798: Total time for which application threads were stopped: 0.0224890 seconds
{Heap before GC invocations=468 (full 1):
 par new generation   total 109248K, used 87434K [0x8ac00000, 0x92c00000, 0x92c00000)
  eden space 87424K, 100% used [0x8ac00000, 0x90160000, 0x90160000)
  from space 21824K,   0% used [0x916b0000, 0x916b2800, 0x92c00000)
  to   space 21824K,   0% used [0x90160000, 0x90160000, 0x916b0000)
 concurrent mark-sweep generation total 393216K, used 12699K [0x92c00000, 0xaac00000, 0xaac00000)
 concurrent-mark-sweep perm gen total 35404K, used 22529K [0xaac00000, 0xace93000, 0xb2c00000)
2015-02-20T15:58:14.603-0600: 2223.058: [GC2015-02-20T15:58:14.603-0600: 2223.058: [ParNew
Desired survivor size 20112996 bytes, new threshold 8 (max 8)
- age   1:       1024 bytes,       1024 total
- age   2:        424 bytes,       1448 total
- age   3:        200 bytes,       1648 total
- age   4:        376 bytes,       2024 total
- age   5:        176 bytes,       2200 total
- age   6:        376 bytes,       2576 total
- age   7:        376 bytes,       2952 total
- age   8:        360 bytes,       3312 total
: 87434K->8K(109248K), 0.0117250 secs] 100133K->12707K(502464K), 0.0118990 secs] [Times: user=0.03 sys=0.00, real=0.01 secs] 
Heap after GC invocations=469 (full 1):
 par new generation   total 109248K, used 8K [0x8ac00000, 0x92c00000, 0x92c00000)
  eden space 87424K,   0% used [0x8ac00000, 0x8ac00000, 0x90160000)
  from space 21824K,   0% used [0x90160000, 0x90162000, 0x916b0000)
  to   space 21824K,   0% used [0x916b0000, 0x916b0000, 0x92c00000)
 concurrent mark-sweep generation total 393216K, used 12699K [0x92c00000, 0xaac00000, 0xaac00000)
 concurrent-mark-sweep perm gen total 35404K, used 22529K [0xaac00000, 0xace93000, 0xb2c00000)
}
2015-02-20T15:58:14.615-0600: 2223.070: Total time for which application threads were stopped: 0.0145650 seconds
{Heap before GC invocations=469 (full 1):
 par new generation   total 109248K, used 87432K [0x8ac00000, 0x92c00000, 0x92c00000)
  eden space 87424K, 100% used [0x8ac00000, 0x90160000, 0x90160000)
  from space 21824K,   0% used [0x90160000, 0x90162000, 0x916b0000)
  to   space 21824K,   0% used [0x916b0000, 0x916b0000, 0x92c00000)
 concurrent mark-sweep generation total 393216K, used 12699K [0x92c00000, 0xaac00000, 0xaac00000)
 concurrent-mark-sweep perm gen total 35404K, used 22529K [0xaac00000, 0xace93000, 0xb2c00000)
2015-02-20T15:58:15.925-0600: 2224.380: [GC2015-02-20T15:58:15.925-0600: 2224.380: [ParNew
Desired survivor size 20112996 bytes, new threshold 8 (max 8)
- age   1:       1000 bytes,       1000 total
- age   2:        400 bytes,       1400 total
- age   3:        400 bytes,       1800 total
- age   4:        200 bytes,       2000 total
- age   5:        376 bytes,       2376 total
- age   6:        176 bytes,       2552 total
- age   7:        376 bytes,       2928 total
- age   8:        376 bytes,       3304 total
: 87432K->6K(109248K), 0.0134030 secs] 100131K->12705K(502464K), 0.0136120 secs] [Times: user=0.03 sys=0.00, real=0.02 secs] 
Heap after GC invocations=470 (full 1):
 par new generation   total 109248K, used 6K [0x8ac00000, 0x92c00000, 0x92c00000)
  eden space 87424K,   0% used [0x8ac00000, 0x8ac00000, 0x90160000)
  from space 21824K,   0% used [0x916b0000, 0x916b1800, 0x92c00000)
  to   space 21824K,   0% used [0x90160000, 0x90160000, 0x916b0000)
 concurrent mark-sweep generation total 393216K, used 12699K [0x92c00000, 0xaac00000, 0xaac00000)
 concurrent-mark-sweep perm gen total 35404K, used 22529K [0xaac00000, 0xace93000, 0xb2c00000)
}
2015-02-20T15:58:15.939-0600: 2224.394: Total time for which application threads were stopped: 0.0165230 seconds
{Heap before GC invocations=470 (full 1):
 par new generation   total 109248K, used 87430K [0x8ac00000, 0x92c00000, 0x92c00000)
  eden space 87424K, 100% used [0x8ac00000, 0x90160000, 0x90160000)
  from space 21824K,   0% used [0x916b0000, 0x916b1800, 0x92c00000)
  to   space 21824K,   0% used [0x90160000, 0x90160000, 0x916b0000)
 concurrent mark-sweep generation total 393216K, used 12699K [0x92c00000, 0xaac00000, 0xaac00000)
 concurrent-mark-sweep perm gen total 35404K, used 22529K [0xaac00000, 0xace93000, 0xb2c00000)
2015-02-20T15:58:17.193-0600: 2225.648: [GC2015-02-20T15:58:17.193-0600: 2225.648: [ParNew
Desired survivor size 20112996 bytes, new threshold 8 (max 8)
- age   1:       1328 bytes,       1328 total
- age   2:        200 bytes,       1528 total
- age   3:        272 bytes,       1800 total
- age   4:        400 bytes,       2200 total
- age   5:        200 bytes,       2400 total
- age   6:        376 bytes,       2776 total
- age   7:        176 bytes,       2952 total
- age   8:        376 bytes,       3328 total
: 87430K->10K(109248K), 0.0226650 secs] 100129K->12709K(502464K), 0.0231960 secs] [Times: user=0.02 sys=0.00, real=0.02 secs] 
Heap after GC invocations=471 (full 1):
 par new generation   total 109248K, used 10K [0x8ac00000, 0x92c00000, 0x92c00000)
  eden space 87424K,   0% used [0x8ac00000, 0x8ac00000, 0x90160000)
  from space 21824K,   0% used [0x90160000, 0x90162800, 0x916b0000)
  to   space 21824K,   0% used [0x916b0000, 0x916b0000, 0x92c00000)
 concurrent mark-sweep generation total 393216K, used 12699K [0x92c00000, 0xaac00000, 0xaac00000)
 concurrent-mark-sweep perm gen total 35404K, used 22529K [0xaac00000, 0xace93000, 0xb2c00000)
}
2015-02-20T15:58:17.216-0600: 2225.671: Total time for which application threads were stopped: 0.0302700 seconds
{Heap before GC invocations=471 (full 1):
 par new generation   total 109248K, used 87434K [0x8ac00000, 0x92c00000, 0x92c00000)
  eden space 87424K, 100% used [0x8ac00000, 0x90160000, 0x90160000)
  from space 21824K,   0% used [0x90160000, 0x90162800, 0x916b0000)
  to   space 21824K,   0% used [0x916b0000, 0x916b0000, 0x92c00000)
 concurrent mark-sweep generation total 393216K, used 12699K [0x92c00000, 0xaac00000, 0xaac00000)
 concurrent-mark-sweep perm gen total 35404K, used 22529K [0xaac00000, 0xace93000, 0xb2c00000)
2015-02-20T15:58:18.650-0600: 2227.105: [GC2015-02-20T15:58:18.650-0600: 2227.105: [ParNew
Desired survivor size 20112996 bytes, new threshold 8 (max 8)
- age   1:        752 bytes,        752 total
- age   2:        520 bytes,       1272 total
- age   3:        200 bytes,       1472 total
- age   4:        272 bytes,       1744 total
- age   5:        400 bytes,       2144 total
- age   6:        200 bytes,       2344 total
- age   7:        376 bytes,       2720 total
- age   8:        176 bytes,       2896 total
: 87434K->6K(109248K), 0.0217510 secs] 100133K->12706K(502464K), 0.0219380 secs] [Times: user=0.04 sys=0.00, real=0.02 secs] 
Heap after GC invocations=472 (full 1):
 par new generation   total 109248K, used 6K [0x8ac00000, 0x92c00000, 0x92c00000)
  eden space 87424K,   0% used [0x8ac00000, 0x8ac00000, 0x90160000)
  from space 21824K,   0% used [0x916b0000, 0x916b1800, 0x92c00000)
  to   space 21824K,   0% used [0x90160000, 0x90160000, 0x916b0000)
 concurrent mark-sweep generation total 393216K, used 12700K [0x92c00000, 0xaac00000, 0xaac00000)
 concurrent-mark-sweep perm gen total 35404K, used 22529K [0xaac00000, 0xace93000, 0xb2c00000)
}
2015-02-20T15:58:18.672-0600: 2227.127: Total time for which application threads were stopped: 0.0247230 seconds
{Heap before GC invocations=472 (full 1):
 par new generation   total 109248K, used 87430K [0x8ac00000, 0x92c00000, 0x92c00000)
  eden space 87424K, 100% used [0x8ac00000, 0x90160000, 0x90160000)
  from space 21824K,   0% used [0x916b0000, 0x916b1800, 0x92c00000)
  to   space 21824K,   0% used [0x90160000, 0x90160000, 0x916b0000)
 concurrent mark-sweep generation total 393216K, used 12700K [0x92c00000, 0xaac00000, 0xaac00000)
 concurrent-mark-sweep perm gen total 35404K, used 22529K [0xaac00000, 0xace93000, 0xb2c00000)
2015-02-20T15:58:19.994-0600: 2228.449: [GC2015-02-20T15:58:19.995-0600: 2228.450: [ParNew
Desired survivor size 20112996 bytes, new threshold 8 (max 8)
- age   1:        848 bytes,        848 total
- age   2:        304 bytes,       1152 total
- age   3:        496 bytes,       1648 total
- age   4:        200 bytes,       1848 total
- age   5:        272 bytes,       2120 total
- age   6:        400 bytes,       2520 total
- age   7:        200 bytes,       2720 total
- age   8:        376 bytes,       3096 total
: 87430K->8K(109248K), 0.0062160 secs] 100130K->12708K(502464K), 0.0064040 secs] [Times: user=0.01 sys=0.00, real=0.01 secs] 
Heap after GC invocations=473 (full 1):
 par new generation   total 109248K, used 8K [0x8ac00000, 0x92c00000, 0x92c00000)
  eden space 87424K,   0% used [0x8ac00000, 0x8ac00000, 0x90160000)
  from space 21824K,   0% used [0x90160000, 0x90162000, 0x916b0000)
  to   space 21824K,   0% used [0x916b0000, 0x916b0000, 0x92c00000)
 concurrent mark-sweep generation total 393216K, used 12700K [0x92c00000, 0xaac00000, 0xaac00000)
 concurrent-mark-sweep perm gen total 35404K, used 22529K [0xaac00000, 0xace93000, 0xb2c00000)
}
2015-02-20T15:58:20.001-0600: 2228.456: Total time for which application threads were stopped: 0.0091310 seconds
{Heap before GC invocations=473 (full 1):
 par new generation   total 109248K, used 87432K [0x8ac00000, 0x92c00000, 0x92c00000)
  eden space 87424K, 100% used [0x8ac00000, 0x90160000, 0x90160000)
  from space 21824K,   0% used [0x90160000, 0x90162000, 0x916b0000)
  to   space 21824K,   0% used [0x916b0000, 0x916b0000, 0x92c00000)
 concurrent mark-sweep generation total 393216K, used 12700K [0x92c00000, 0xaac00000, 0xaac00000)
 concurrent-mark-sweep perm gen total 35404K, used 22529K [0xaac00000, 0xace93000, 0xb2c00000)
2015-02-20T15:58:21.415-0600: 2229.870: [GC2015-02-20T15:58:21.416-0600: 2229.871: [ParNew
Desired survivor size 20112996 bytes, new threshold 8 (max 8)
- age   1:       1336 bytes,       1336 total
- age   2:        200 bytes,       1536 total
- age   3:        176 bytes,       1712 total
- age   4:        496 bytes,       2208 total
- age   5:        200 bytes,       2408 total
- age   6:        272 bytes,       2680 total
- age   7:        400 bytes,       3080 total
- age   8:        200 bytes,       3280 total
: 87432K->8K(109248K), 0.0276780 secs] 100132K->12708K(502464K), 0.0281450 secs] [Times: user=0.03 sys=0.00, real=0.03 secs] 
Heap after GC invocations=474 (full 1):
 par new generation   total 109248K, used 8K [0x8ac00000, 0x92c00000, 0x92c00000)
  eden space 87424K,   0% used [0x8ac00000, 0x8ac00000, 0x90160000)
  from space 21824K,   0% used [0x916b0000, 0x916b2000, 0x92c00000)
  to   space 21824K,   0% used [0x90160000, 0x90160000, 0x916b0000)
 concurrent mark-sweep generation total 393216K, used 12700K [0x92c00000, 0xaac00000, 0xaac00000)
 concurrent-mark-sweep perm gen total 35404K, used 22529K [0xaac00000, 0xace93000, 0xb2c00000)
}
2015-02-20T15:58:21.444-0600: 2229.899: Total time for which application threads were stopped: 0.0347520 seconds
{Heap before GC invocations=474 (full 1):
 par new generation   total 109248K, used 87432K [0x8ac00000, 0x92c00000, 0x92c00000)
  eden space 87424K, 100% used [0x8ac00000, 0x90160000, 0x90160000)
  from space 21824K,   0% used [0x916b0000, 0x916b2000, 0x92c00000)
  to   space 21824K,   0% used [0x90160000, 0x90160000, 0x916b0000)
 concurrent mark-sweep generation total 393216K, used 12700K [0x92c00000, 0xaac00000, 0xaac00000)
 concurrent-mark-sweep perm gen total 35404K, used 22529K [0xaac00000, 0xace93000, 0xb2c00000)
2015-02-20T15:58:22.784-0600: 2231.239: [GC2015-02-20T15:58:22.784-0600: 2231.239: [ParNew
Desired survivor size 20112996 bytes, new threshold 8 (max 8)
- age   1:        864 bytes,        864 total
- age   2:        400 bytes,       1264 total
- age   3:        200 bytes,       1464 total
- age   4:        176 bytes,       1640 total
- age   5:        496 bytes,       2136 total
- age   6:        200 bytes,       2336 total
- age   7:        272 bytes,       2608 total
- age   8:        400 bytes,       3008 total
: 87432K->6K(109248K), 0.0281720 secs] 100132K->12707K(502464K), 0.0284370 secs] [Times: user=0.03 sys=0.00, real=0.03 secs] 
Heap after GC invocations=475 (full 1):
 par new generation   total 109248K, used 6K [0x8ac00000, 0x92c00000, 0x92c00000)
  eden space 87424K,   0% used [0x8ac00000, 0x8ac00000, 0x90160000)
  from space 21824K,   0% used [0x90160000, 0x90161800, 0x916b0000)
  to   space 21824K,   0% used [0x916b0000, 0x916b0000, 0x92c00000)
 concurrent mark-sweep generation total 393216K, used 12701K [0x92c00000, 0xaac00000, 0xaac00000)
 concurrent-mark-sweep perm gen total 35404K, used 22529K [0xaac00000, 0xace93000, 0xb2c00000)
}
2015-02-20T15:58:22.812-0600: 2231.267: Total time for which application threads were stopped: 0.0360380 seconds
{Heap before GC invocations=475 (full 1):
 par new generation   total 109248K, used 87430K [0x8ac00000, 0x92c00000, 0x92c00000)
  eden space 87424K, 100% used [0x8ac00000, 0x90160000, 0x90160000)
  from space 21824K,   0% used [0x90160000, 0x90161800, 0x916b0000)
  to   space 21824K,   0% used [0x916b0000, 0x916b0000, 0x92c00000)
 concurrent mark-sweep generation total 393216K, used 12701K [0x92c00000, 0xaac00000, 0xaac00000)
 concurrent-mark-sweep perm gen total 35404K, used 22529K [0xaac00000, 0xace93000, 0xb2c00000)
2015-02-20T15:58:24.429-0600: 2232.884: [GC2015-02-20T15:58:24.429-0600: 2232.884: [ParNew
Desired survivor size 20112996 bytes, new threshold 8 (max 8)
- age   1:       1152 bytes,       1152 total
- age   2:        296 bytes,       1448 total
- age   3:        376 bytes,       1824 total
- age   4:        200 bytes,       2024 total
- age   5:        176 bytes,       2200 total
- age   6:        496 bytes,       2696 total
- age   7:        200 bytes,       2896 total
- age   8:        272 bytes,       3168 total
: 87430K->8K(109248K), 0.0081590 secs] 100131K->12709K(502464K), 0.0084700 secs] [Times: user=0.01 sys=0.00, real=0.00 secs] 
Heap after GC invocations=476 (full 1):
 par new generation   total 109248K, used 8K [0x8ac00000, 0x92c00000, 0x92c00000)
  eden space 87424K,   0% used [0x8ac00000, 0x8ac00000, 0x90160000)
  from space 21824K,   0% used [0x916b0000, 0x916b2000, 0x92c00000)
  to   space 21824K,   0% used [0x90160000, 0x90160000, 0x916b0000)
 concurrent mark-sweep generation total 393216K, used 12701K [0x92c00000, 0xaac00000, 0xaac00000)
 concurrent-mark-sweep perm gen total 35404K, used 22529K [0xaac00000, 0xace93000, 0xb2c00000)
}
2015-02-20T15:58:24.437-0600: 2232.892: Total time for which application threads were stopped: 0.0113850 seconds
{Heap before GC invocations=476 (full 1):
 par new generation   total 109248K, used 87432K [0x8ac00000, 0x92c00000, 0x92c00000)
  eden space 87424K, 100% used [0x8ac00000, 0x90160000, 0x90160000)
  from space 21824K,   0% used [0x916b0000, 0x916b2000, 0x92c00000)
  to   space 21824K,   0% used [0x90160000, 0x90160000, 0x916b0000)
 concurrent mark-sweep generation total 393216K, used 12701K [0x92c00000, 0xaac00000, 0xaac00000)
 concurrent-mark-sweep perm gen total 35404K, used 22529K [0xaac00000, 0xace93000, 0xb2c00000)
2015-02-20T15:58:26.391-0600: 2234.846: [GC2015-02-20T15:58:26.391-0600: 2234.847: [ParNew
Desired survivor size 20112996 bytes, new threshold 8 (max 8)
- age   1:       1296 bytes,       1296 total
- age   2:        376 bytes,       1672 total
- age   3:        296 bytes,       1968 total
- age   4:        376 bytes,       2344 total
- age   5:        200 bytes,       2544 total
- age   6:        176 bytes,       2720 total
- age   7:        496 bytes,       3216 total
- age   8:        200 bytes,       3416 total
: 87432K->8K(109248K), 0.0077270 secs] 100133K->12709K(502464K), 0.0080010 secs] [Times: user=0.00 sys=0.01, real=0.01 secs] 
Heap after GC invocations=477 (full 1):
 par new generation   total 109248K, used 8K [0x8ac00000, 0x92c00000, 0x92c00000)
  eden space 87424K,   0% used [0x8ac00000, 0x8ac00000, 0x90160000)
  from space 21824K,   0% used [0x90160000, 0x90162000, 0x916b0000)
  to   space 21824K,   0% used [0x916b0000, 0x916b0000, 0x92c00000)
 concurrent mark-sweep generation total 393216K, used 12701K [0x92c00000, 0xaac00000, 0xaac00000)
 concurrent-mark-sweep perm gen total 35404K, used 22529K [0xaac00000, 0xace93000, 0xb2c00000)
}
2015-02-20T15:58:26.399-0600: 2234.855: Total time for which application threads were stopped: 0.0111690 seconds
{Heap before GC invocations=477 (full 1):
 par new generation   total 109248K, used 87432K [0x8ac00000, 0x92c00000, 0x92c00000)
  eden space 87424K, 100% used [0x8ac00000, 0x90160000, 0x90160000)
  from space 21824K,   0% used [0x90160000, 0x90162000, 0x916b0000)
  to   space 21824K,   0% used [0x916b0000, 0x916b0000, 0x92c00000)
 concurrent mark-sweep generation total 393216K, used 12701K [0x92c00000, 0xaac00000, 0xaac00000)
 concurrent-mark-sweep perm gen total 35404K, used 22529K [0xaac00000, 0xace93000, 0xb2c00000)
2015-02-20T15:58:28.127-0600: 2236.582: [GC2015-02-20T15:58:28.127-0600: 2236.582: [ParNew
Desired survivor size 20112996 bytes, new threshold 8 (max 8)
- age   1:       1048 bytes,       1048 total
- age   2:        504 bytes,       1552 total
- age   3:        376 bytes,       1928 total
- age   4:        296 bytes,       2224 total
- age   5:        376 bytes,       2600 total
- age   6:        200 bytes,       2800 total
- age   7:        176 bytes,       2976 total
- age   8:        496 bytes,       3472 total
: 87432K->6K(109248K), 0.0079090 secs] 100133K->12707K(502464K), 0.0081260 secs] [Times: user=0.01 sys=0.00, real=0.01 secs] 
Heap after GC invocations=478 (full 1):
 par new generation   total 109248K, used 6K [0x8ac00000, 0x92c00000, 0x92c00000)
  eden space 87424K,   0% used [0x8ac00000, 0x8ac00000, 0x90160000)
  from space 21824K,   0% used [0x916b0000, 0x916b1800, 0x92c00000)
  to   space 21824K,   0% used [0x90160000, 0x90160000, 0x916b0000)
 concurrent mark-sweep generation total 393216K, used 12701K [0x92c00000, 0xaac00000, 0xaac00000)
 concurrent-mark-sweep perm gen total 35404K, used 22529K [0xaac00000, 0xace93000, 0xb2c00000)
}
2015-02-20T15:58:28.135-0600: 2236.590: Total time for which application threads were stopped: 0.0107740 seconds
{Heap before GC invocations=478 (full 1):
 par new generation   total 109248K, used 87430K [0x8ac00000, 0x92c00000, 0x92c00000)
  eden space 87424K, 100% used [0x8ac00000, 0x90160000, 0x90160000)
  from space 21824K,   0% used [0x916b0000, 0x916b1800, 0x92c00000)
  to   space 21824K,   0% used [0x90160000, 0x90160000, 0x916b0000)
 concurrent mark-sweep generation total 393216K, used 12701K [0x92c00000, 0xaac00000, 0xaac00000)
 concurrent-mark-sweep perm gen total 35404K, used 22529K [0xaac00000, 0xace93000, 0xb2c00000)
2015-02-20T15:58:29.700-0600: 2238.155: [GC2015-02-20T15:58:29.700-0600: 2238.155: [ParNew
Desired survivor size 20112996 bytes, new threshold 8 (max 8)
- age   1:        960 bytes,        960 total
- age   2:        376 bytes,       1336 total
- age   3:        376 bytes,       1712 total
- age   4:        376 bytes,       2088 total
- age   5:        296 bytes,       2384 total
- age   6:        376 bytes,       2760 total
- age   7:        200 bytes,       2960 total
- age   8:        176 bytes,       3136 total
: 87430K->6K(109248K), 0.0149970 secs] 100131K->12708K(502464K), 0.0152300 secs] [Times: user=0.03 sys=0.01, real=0.01 secs] 
Heap after GC invocations=479 (full 1):
 par new generation   total 109248K, used 6K [0x8ac00000, 0x92c00000, 0x92c00000)
  eden space 87424K,   0% used [0x8ac00000, 0x8ac00000, 0x90160000)
  from space 21824K,   0% used [0x90160000, 0x90161800, 0x916b0000)
  to   space 21824K,   0% used [0x916b0000, 0x916b0000, 0x92c00000)
 concurrent mark-sweep generation total 393216K, used 12702K [0x92c00000, 0xaac00000, 0xaac00000)
 concurrent-mark-sweep perm gen total 35404K, used 22529K [0xaac00000, 0xace93000, 0xb2c00000)
}
2015-02-20T15:58:29.715-0600: 2238.170: Total time for which application threads were stopped: 0.0180360 seconds
{Heap before GC invocations=479 (full 1):
 par new generation   total 109248K, used 87430K [0x8ac00000, 0x92c00000, 0x92c00000)
  eden space 87424K, 100% used [0x8ac00000, 0x90160000, 0x90160000)
  from space 21824K,   0% used [0x90160000, 0x90161800, 0x916b0000)
  to   space 21824K,   0% used [0x916b0000, 0x916b0000, 0x92c00000)
 concurrent mark-sweep generation total 393216K, used 12702K [0x92c00000, 0xaac00000, 0xaac00000)
 concurrent-mark-sweep perm gen total 35404K, used 22529K [0xaac00000, 0xace93000, 0xb2c00000)
2015-02-20T15:58:31.382-0600: 2239.837: [GC2015-02-20T15:58:31.382-0600: 2239.837: [ParNew
Desired survivor size 20112996 bytes, new threshold 8 (max 8)
- age   1:       1176 bytes,       1176 total
- age   2:        360 bytes,       1536 total
- age   3:        376 bytes,       1912 total
- age   4:        376 bytes,       2288 total
- age   5:        376 bytes,       2664 total
- age   6:        296 bytes,       2960 total
- age   7:        376 bytes,       3336 total
- age   8:        200 bytes,       3536 total
: 87430K->10K(109248K), 0.0054030 secs] 100132K->12712K(502464K), 0.0056450 secs] [Times: user=0.02 sys=0.00, real=0.01 secs] 
Heap after GC invocations=480 (full 1):
 par new generation   total 109248K, used 10K [0x8ac00000, 0x92c00000, 0x92c00000)
  eden space 87424K,   0% used [0x8ac00000, 0x8ac00000, 0x90160000)
  from space 21824K,   0% used [0x916b0000, 0x916b2800, 0x92c00000)
  to   space 21824K,   0% used [0x90160000, 0x90160000, 0x916b0000)
 concurrent mark-sweep generation total 393216K, used 12702K [0x92c00000, 0xaac00000, 0xaac00000)
 concurrent-mark-sweep perm gen total 35404K, used 22529K [0xaac00000, 0xace93000, 0xb2c00000)
}
2015-02-20T15:58:31.387-0600: 2239.843: Total time for which application threads were stopped: 0.0084160 seconds
{Heap before GC invocations=480 (full 1):
 par new generation   total 109248K, used 87434K [0x8ac00000, 0x92c00000, 0x92c00000)
  eden space 87424K, 100% used [0x8ac00000, 0x90160000, 0x90160000)
  from space 21824K,   0% used [0x916b0000, 0x916b2800, 0x92c00000)
  to   space 21824K,   0% used [0x90160000, 0x90160000, 0x916b0000)
 concurrent mark-sweep generation total 393216K, used 12702K [0x92c00000, 0xaac00000, 0xaac00000)
 concurrent-mark-sweep perm gen total 35404K, used 22529K [0xaac00000, 0xace93000, 0xb2c00000)
2015-02-20T15:58:32.971-0600: 2241.426: [GC2015-02-20T15:58:32.971-0600: 2241.426: [ParNew
Desired survivor size 20112996 bytes, new threshold 8 (max 8)
- age   1:        904 bytes,        904 total
- age   2:        400 bytes,       1304 total
- age   3:        360 bytes,       1664 total
- age   4:        376 bytes,       2040 total
- age   5:        376 bytes,       2416 total
- age   6:        376 bytes,       2792 total
- age   7:        296 bytes,       3088 total
- age   8:        376 bytes,       3464 total
: 87434K->8K(109248K), 0.0055640 secs] 100136K->12710K(502464K), 0.0057670 secs] [Times: user=0.01 sys=0.00, real=0.00 secs] 
Heap after GC invocations=481 (full 1):
 par new generation   total 109248K, used 8K [0x8ac00000, 0x92c00000, 0x92c00000)
  eden space 87424K,   0% used [0x8ac00000, 0x8ac00000, 0x90160000)
  from space 21824K,   0% used [0x90160000, 0x90162000, 0x916b0000)
  to   space 21824K,   0% used [0x916b0000, 0x916b0000, 0x92c00000)
 concurrent mark-sweep generation total 393216K, used 12702K [0x92c00000, 0xaac00000, 0xaac00000)
 concurrent-mark-sweep perm gen total 35404K, used 22529K [0xaac00000, 0xace93000, 0xb2c00000)
}
2015-02-20T15:58:32.977-0600: 2241.432: Total time for which application threads were stopped: 0.0085040 seconds
{Heap before GC invocations=481 (full 1):
 par new generation   total 109248K, used 87432K [0x8ac00000, 0x92c00000, 0x92c00000)
  eden space 87424K, 100% used [0x8ac00000, 0x90160000, 0x90160000)
  from space 21824K,   0% used [0x90160000, 0x90162000, 0x916b0000)
  to   space 21824K,   0% used [0x916b0000, 0x916b0000, 0x92c00000)
 concurrent mark-sweep generation total 393216K, used 12702K [0x92c00000, 0xaac00000, 0xaac00000)
 concurrent-mark-sweep perm gen total 35404K, used 22529K [0xaac00000, 0xace93000, 0xb2c00000)
2015-02-20T15:58:34.551-0600: 2243.006: [GC2015-02-20T15:58:34.551-0600: 2243.006: [ParNew
Desired survivor size 20112996 bytes, new threshold 8 (max 8)
- age   1:       1208 bytes,       1208 total
- age   2:        296 bytes,       1504 total
- age   3:        376 bytes,       1880 total
- age   4:        360 bytes,       2240 total
- age   5:        376 bytes,       2616 total
- age   6:        376 bytes,       2992 total
- age   7:        376 bytes,       3368 total
- age   8:        296 bytes,       3664 total
: 87432K->8K(109248K), 0.0060110 secs] 100134K->12711K(502464K), 0.0062620 secs] [Times: user=0.00 sys=0.00, real=0.01 secs] 
Heap after GC invocations=482 (full 1):
 par new generation   total 109248K, used 8K [0x8ac00000, 0x92c00000, 0x92c00000)
  eden space 87424K,   0% used [0x8ac00000, 0x8ac00000, 0x90160000)
  from space 21824K,   0% used [0x916b0000, 0x916b2000, 0x92c00000)
  to   space 21824K,   0% used [0x90160000, 0x90160000, 0x916b0000)
 concurrent mark-sweep generation total 393216K, used 12703K [0x92c00000, 0xaac00000, 0xaac00000)
 concurrent-mark-sweep perm gen total 35404K, used 22529K [0xaac00000, 0xace93000, 0xb2c00000)
}
2015-02-20T15:58:34.558-0600: 2243.013: Total time for which application threads were stopped: 0.0091050 seconds
{Heap before GC invocations=482 (full 1):
 par new generation   total 109248K, used 87432K [0x8ac00000, 0x92c00000, 0x92c00000)
  eden space 87424K, 100% used [0x8ac00000, 0x90160000, 0x90160000)
  from space 21824K,   0% used [0x916b0000, 0x916b2000, 0x92c00000)
  to   space 21824K,   0% used [0x90160000, 0x90160000, 0x916b0000)
 concurrent mark-sweep generation total 393216K, used 12703K [0x92c00000, 0xaac00000, 0xaac00000)
 concurrent-mark-sweep perm gen total 35404K, used 22529K [0xaac00000, 0xace93000, 0xb2c00000)
2015-02-20T15:58:36.125-0600: 2244.580: [GC2015-02-20T15:58:36.125-0600: 2244.580: [ParNew
Desired survivor size 20112996 bytes, new threshold 8 (max 8)
- age   1:        656 bytes,        656 total
- age   2:        504 bytes,       1160 total
- age   3:        296 bytes,       1456 total
- age   4:        376 bytes,       1832 total
- age   5:        360 bytes,       2192 total
- age   6:        376 bytes,       2568 total
- age   7:        376 bytes,       2944 total
- age   8:        376 bytes,       3320 total
: 87432K->6K(109248K), 0.0195540 secs] 100135K->12709K(502464K), 0.0197340 secs] [Times: user=0.01 sys=0.01, real=0.02 secs] 
Heap after GC invocations=483 (full 1):
 par new generation   total 109248K, used 6K [0x8ac00000, 0x92c00000, 0x92c00000)
  eden space 87424K,   0% used [0x8ac00000, 0x8ac00000, 0x90160000)
  from space 21824K,   0% used [0x90160000, 0x90161800, 0x916b0000)
  to   space 21824K,   0% used [0x916b0000, 0x916b0000, 0x92c00000)
 concurrent mark-sweep generation total 393216K, used 12703K [0x92c00000, 0xaac00000, 0xaac00000)
 concurrent-mark-sweep perm gen total 35404K, used 22529K [0xaac00000, 0xace93000, 0xb2c00000)
}
2015-02-20T15:58:36.145-0600: 2244.600: Total time for which application threads were stopped: 0.0225940 seconds
{Heap before GC invocations=483 (full 1):
 par new generation   total 109248K, used 87430K [0x8ac00000, 0x92c00000, 0x92c00000)
  eden space 87424K, 100% used [0x8ac00000, 0x90160000, 0x90160000)
  from space 21824K,   0% used [0x90160000, 0x90161800, 0x916b0000)
  to   space 21824K,   0% used [0x916b0000, 0x916b0000, 0x92c00000)
 concurrent mark-sweep generation total 393216K, used 12703K [0x92c00000, 0xaac00000, 0xaac00000)
 concurrent-mark-sweep perm gen total 35404K, used 22529K [0xaac00000, 0xace93000, 0xb2c00000)
2015-02-20T15:58:37.880-0600: 2246.335: [GC2015-02-20T15:58:37.880-0600: 2246.335: [ParNew
Desired survivor size 20112996 bytes, new threshold 8 (max 8)
- age   1:       1304 bytes,       1304 total
- age   2:        216 bytes,       1520 total
- age   3:        376 bytes,       1896 total
- age   4:        296 bytes,       2192 total
- age   5:        376 bytes,       2568 total
- age   6:        360 bytes,       2928 total
- age   7:        376 bytes,       3304 total
- age   8:        376 bytes,       3680 total
: 87430K->6K(109248K), 0.0080160 secs] 100133K->12709K(502464K), 0.0082320 secs] [Times: user=0.01 sys=0.00, real=0.01 secs] 
Heap after GC invocations=484 (full 1):
 par new generation   total 109248K, used 6K [0x8ac00000, 0x92c00000, 0x92c00000)
  eden space 87424K,   0% used [0x8ac00000, 0x8ac00000, 0x90160000)
  from space 21824K,   0% used [0x916b0000, 0x916b1800, 0x92c00000)
  to   space 21824K,   0% used [0x90160000, 0x90160000, 0x916b0000)
 concurrent mark-sweep generation total 393216K, used 12703K [0x92c00000, 0xaac00000, 0xaac00000)
 concurrent-mark-sweep perm gen total 35404K, used 22529K [0xaac00000, 0xace93000, 0xb2c00000)
}
2015-02-20T15:58:37.888-0600: 2246.343: Total time for which application threads were stopped: 0.0109060 seconds
{Heap before GC invocations=484 (full 1):
 par new generation   total 109248K, used 87430K [0x8ac00000, 0x92c00000, 0x92c00000)
  eden space 87424K, 100% used [0x8ac00000, 0x90160000, 0x90160000)
  from space 21824K,   0% used [0x916b0000, 0x916b1800, 0x92c00000)
  to   space 21824K,   0% used [0x90160000, 0x90160000, 0x916b0000)
 concurrent mark-sweep generation total 393216K, used 12703K [0x92c00000, 0xaac00000, 0xaac00000)
 concurrent-mark-sweep perm gen total 35404K, used 22529K [0xaac00000, 0xace93000, 0xb2c00000)
2015-02-20T15:58:39.515-0600: 2247.970: [GC2015-02-20T15:58:39.515-0600: 2247.970: [ParNew
Desired survivor size 20112996 bytes, new threshold 8 (max 8)
- age   1:       1176 bytes,       1176 total
- age   2:        456 bytes,       1632 total
- age   3:        216 bytes,       1848 total
- age   4:        376 bytes,       2224 total
- age   5:        296 bytes,       2520 total
- age   6:        376 bytes,       2896 total
- age   7:        360 bytes,       3256 total
- age   8:        376 bytes,       3632 total
: 87430K->10K(109248K), 0.0135920 secs] 100133K->12714K(502464K), 0.0137660 secs] [Times: user=0.03 sys=0.00, real=0.02 secs] 
Heap after GC invocations=485 (full 1):
 par new generation   total 109248K, used 10K [0x8ac00000, 0x92c00000, 0x92c00000)
  eden space 87424K,   0% used [0x8ac00000, 0x8ac00000, 0x90160000)
  from space 21824K,   0% used [0x90160000, 0x90162800, 0x916b0000)
  to   space 21824K,   0% used [0x916b0000, 0x916b0000, 0x92c00000)
 concurrent mark-sweep generation total 393216K, used 12704K [0x92c00000, 0xaac00000, 0xaac00000)
 concurrent-mark-sweep perm gen total 35404K, used 22529K [0xaac00000, 0xace93000, 0xb2c00000)
}
2015-02-20T15:58:39.529-0600: 2247.984: Total time for which application threads were stopped: 0.0164900 seconds
{Heap before GC invocations=485 (full 1):
 par new generation   total 109248K, used 87434K [0x8ac00000, 0x92c00000, 0x92c00000)
  eden space 87424K, 100% used [0x8ac00000, 0x90160000, 0x90160000)
  from space 21824K,   0% used [0x90160000, 0x90162800, 0x916b0000)
  to   space 21824K,   0% used [0x916b0000, 0x916b0000, 0x92c00000)
 concurrent mark-sweep generation total 393216K, used 12704K [0x92c00000, 0xaac00000, 0xaac00000)
 concurrent-mark-sweep perm gen total 35404K, used 22529K [0xaac00000, 0xace93000, 0xb2c00000)
2015-02-20T15:58:41.264-0600: 2249.719: [GC2015-02-20T15:58:41.264-0600: 2249.719: [ParNew
Desired survivor size 20112996 bytes, new threshold 8 (max 8)
- age   1:       1248 bytes,       1248 total
- age   2:        400 bytes,       1648 total
- age   3:        456 bytes,       2104 total
- age   4:        216 bytes,       2320 total
- age   5:        376 bytes,       2696 total
- age   6:        296 bytes,       2992 total
- age   7:        376 bytes,       3368 total
- age   8:        360 bytes,       3728 total
: 87434K->10K(109248K), 0.0065860 secs] 100138K->12714K(502464K), 0.0067820 secs] [Times: user=0.01 sys=0.00, real=0.01 secs] 
Heap after GC invocations=486 (full 1):
 par new generation   total 109248K, used 10K [0x8ac00000, 0x92c00000, 0x92c00000)
  eden space 87424K,   0% used [0x8ac00000, 0x8ac00000, 0x90160000)
  from space 21824K,   0% used [0x916b0000, 0x916b2800, 0x92c00000)
  to   space 21824K,   0% used [0x90160000, 0x90160000, 0x916b0000)
 concurrent mark-sweep generation total 393216K, used 12704K [0x92c00000, 0xaac00000, 0xaac00000)
 concurrent-mark-sweep perm gen total 35404K, used 22529K [0xaac00000, 0xace93000, 0xb2c00000)
}
2015-02-20T15:58:41.271-0600: 2249.726: Total time for which application threads were stopped: 0.0096920 seconds
{Heap before GC invocations=486 (full 1):
 par new generation   total 109248K, used 87434K [0x8ac00000, 0x92c00000, 0x92c00000)
  eden space 87424K, 100% used [0x8ac00000, 0x90160000, 0x90160000)
  from space 21824K,   0% used [0x916b0000, 0x916b2800, 0x92c00000)
  to   space 21824K,   0% used [0x90160000, 0x90160000, 0x916b0000)
 concurrent mark-sweep generation total 393216K, used 12704K [0x92c00000, 0xaac00000, 0xaac00000)
 concurrent-mark-sweep perm gen total 35404K, used 22529K [0xaac00000, 0xace93000, 0xb2c00000)
2015-02-20T15:58:42.975-0600: 2251.430: [GC2015-02-20T15:58:42.975-0600: 2251.430: [ParNew
Desired survivor size 20112996 bytes, new threshold 8 (max 8)
- age   1:       1184 bytes,       1184 total
- age   2:        496 bytes,       1680 total
- age   3:        400 bytes,       2080 total
- age   4:        456 bytes,       2536 total
- age   5:        216 bytes,       2752 total
- age   6:        376 bytes,       3128 total
- age   7:        296 bytes,       3424 total
- age   8:        376 bytes,       3800 total
: 87434K->8K(109248K), 0.0074630 secs] 100138K->12712K(502464K), 0.0076710 secs] [Times: user=0.01 sys=0.00, real=0.01 secs] 
Heap after GC invocations=487 (full 1):
 par new generation   total 109248K, used 8K [0x8ac00000, 0x92c00000, 0x92c00000)
  eden space 87424K,   0% used [0x8ac00000, 0x8ac00000, 0x90160000)
  from space 21824K,   0% used [0x90160000, 0x90162000, 0x916b0000)
  to   space 21824K,   0% used [0x916b0000, 0x916b0000, 0x92c00000)
 concurrent mark-sweep generation total 393216K, used 12704K [0x92c00000, 0xaac00000, 0xaac00000)
 concurrent-mark-sweep perm gen total 35404K, used 22529K [0xaac00000, 0xace93000, 0xb2c00000)
}
2015-02-20T15:58:42.983-0600: 2251.438: Total time for which application threads were stopped: 0.0105900 seconds
{Heap before GC invocations=487 (full 1):
 par new generation   total 109248K, used 87432K [0x8ac00000, 0x92c00000, 0x92c00000)
  eden space 87424K, 100% used [0x8ac00000, 0x90160000, 0x90160000)
  from space 21824K,   0% used [0x90160000, 0x90162000, 0x916b0000)
  to   space 21824K,   0% used [0x916b0000, 0x916b0000, 0x92c00000)
 concurrent mark-sweep generation total 393216K, used 12704K [0x92c00000, 0xaac00000, 0xaac00000)
 concurrent-mark-sweep perm gen total 35404K, used 22529K [0xaac00000, 0xace93000, 0xb2c00000)
2015-02-20T15:58:44.649-0600: 2253.105: [GC2015-02-20T15:58:44.650-0600: 2253.105: [ParNew
Desired survivor size 20112996 bytes, new threshold 8 (max 8)
- age   1:       1200 bytes,       1200 total
- age   2:        272 bytes,       1472 total
- age   3:        472 bytes,       1944 total
- age   4:        400 bytes,       2344 total
- age   5:        456 bytes,       2800 total
- age   6:        216 bytes,       3016 total
- age   7:        376 bytes,       3392 total
- age   8:        296 bytes,       3688 total
: 87432K->6K(109248K), 0.0078200 secs] 100136K->12711K(502464K), 0.0080480 secs] [Times: user=0.01 sys=0.00, real=0.01 secs] 
Heap after GC invocations=488 (full 1):
 par new generation   total 109248K, used 6K [0x8ac00000, 0x92c00000, 0x92c00000)
  eden space 87424K,   0% used [0x8ac00000, 0x8ac00000, 0x90160000)
  from space 21824K,   0% used [0x916b0000, 0x916b1800, 0x92c00000)
  to   space 21824K,   0% used [0x90160000, 0x90160000, 0x916b0000)
 concurrent mark-sweep generation total 393216K, used 12705K [0x92c00000, 0xaac00000, 0xaac00000)
 concurrent-mark-sweep perm gen total 35404K, used 22529K [0xaac00000, 0xace93000, 0xb2c00000)
}
2015-02-20T15:58:44.658-0600: 2253.113: Total time for which application threads were stopped: 0.0108080 seconds
{Heap before GC invocations=488 (full 1):
 par new generation   total 109248K, used 87430K [0x8ac00000, 0x92c00000, 0x92c00000)
  eden space 87424K, 100% used [0x8ac00000, 0x90160000, 0x90160000)
  from space 21824K,   0% used [0x916b0000, 0x916b1800, 0x92c00000)
  to   space 21824K,   0% used [0x90160000, 0x90160000, 0x916b0000)
 concurrent mark-sweep generation total 393216K, used 12705K [0x92c00000, 0xaac00000, 0xaac00000)
 concurrent-mark-sweep perm gen total 35404K, used 22529K [0xaac00000, 0xace93000, 0xb2c00000)
2015-02-20T15:58:46.213-0600: 2254.668: [GC2015-02-20T15:58:46.213-0600: 2254.668: [ParNew
Desired survivor size 20112996 bytes, new threshold 8 (max 8)
- age   1:        656 bytes,        656 total
- age   2:        552 bytes,       1208 total
- age   3:        272 bytes,       1480 total
- age   4:        472 bytes,       1952 total
- age   5:        400 bytes,       2352 total
- age   6:        456 bytes,       2808 total
- age   7:        216 bytes,       3024 total
- age   8:        376 bytes,       3400 total
: 87430K->6K(109248K), 0.0124940 secs] 100135K->12711K(502464K), 0.0127040 secs] [Times: user=0.02 sys=0.00, real=0.01 secs] 
Heap after GC invocations=489 (full 1):
 par new generation   total 109248K, used 6K [0x8ac00000, 0x92c00000, 0x92c00000)
  eden space 87424K,   0% used [0x8ac00000, 0x8ac00000, 0x90160000)
  from space 21824K,   0% used [0x90160000, 0x90161800, 0x916b0000)
  to   space 21824K,   0% used [0x916b0000, 0x916b0000, 0x92c00000)
 concurrent mark-sweep generation total 393216K, used 12705K [0x92c00000, 0xaac00000, 0xaac00000)
 concurrent-mark-sweep perm gen total 35404K, used 22529K [0xaac00000, 0xace93000, 0xb2c00000)
}
2015-02-20T15:58:46.225-0600: 2254.680: Total time for which application threads were stopped: 0.0156010 seconds
{Heap before GC invocations=489 (full 1):
 par new generation   total 109248K, used 87430K [0x8ac00000, 0x92c00000, 0x92c00000)
  eden space 87424K, 100% used [0x8ac00000, 0x90160000, 0x90160000)
  from space 21824K,   0% used [0x90160000, 0x90161800, 0x916b0000)
  to   space 21824K,   0% used [0x916b0000, 0x916b0000, 0x92c00000)
 concurrent mark-sweep generation total 393216K, used 12705K [0x92c00000, 0xaac00000, 0xaac00000)
 concurrent-mark-sweep perm gen total 35404K, used 22529K [0xaac00000, 0xace93000, 0xb2c00000)
2015-02-20T15:58:47.788-0600: 2256.243: [GC2015-02-20T15:58:47.788-0600: 2256.243: [ParNew
Desired survivor size 20112996 bytes, new threshold 8 (max 8)
- age   1:       1288 bytes,       1288 total
- age   2:        216 bytes,       1504 total
- age   3:        424 bytes,       1928 total
- age   4:        272 bytes,       2200 total
- age   5:        472 bytes,       2672 total
- age   6:        400 bytes,       3072 total
- age   7:        456 bytes,       3528 total
- age   8:        216 bytes,       3744 total
: 87430K->6K(109248K), 0.0074320 secs] 100135K->12711K(502464K), 0.0076330 secs] [Times: user=0.01 sys=0.00, real=0.00 secs] 
Heap after GC invocations=490 (full 1):
 par new generation   total 109248K, used 6K [0x8ac00000, 0x92c00000, 0x92c00000)
  eden space 87424K,   0% used [0x8ac00000, 0x8ac00000, 0x90160000)
  from space 21824K,   0% used [0x916b0000, 0x916b1800, 0x92c00000)
  to   space 21824K,   0% used [0x90160000, 0x90160000, 0x916b0000)
 concurrent mark-sweep generation total 393216K, used 12705K [0x92c00000, 0xaac00000, 0xaac00000)
 concurrent-mark-sweep perm gen total 35404K, used 22529K [0xaac00000, 0xace93000, 0xb2c00000)
}
2015-02-20T15:58:47.796-0600: 2256.251: Total time for which application threads were stopped: 0.0105840 seconds
{Heap before GC invocations=490 (full 1):
 par new generation   total 109248K, used 87430K [0x8ac00000, 0x92c00000, 0x92c00000)
  eden space 87424K, 100% used [0x8ac00000, 0x90160000, 0x90160000)
  from space 21824K,   0% used [0x916b0000, 0x916b1800, 0x92c00000)
  to   space 21824K,   0% used [0x90160000, 0x90160000, 0x916b0000)
 concurrent mark-sweep generation total 393216K, used 12705K [0x92c00000, 0xaac00000, 0xaac00000)
 concurrent-mark-sweep perm gen total 35404K, used 22529K [0xaac00000, 0xace93000, 0xb2c00000)
2015-02-20T15:58:49.609-0600: 2258.064: [GC2015-02-20T15:58:49.609-0600: 2258.064: [ParNew
Desired survivor size 20112996 bytes, new threshold 8 (max 8)
- age   1:       1200 bytes,       1200 total
- age   2:        360 bytes,       1560 total
- age   3:        216 bytes,       1776 total
- age   4:        424 bytes,       2200 total
- age   5:        272 bytes,       2472 total
- age   6:        472 bytes,       2944 total
- age   7:        400 bytes,       3344 total
- age   8:        456 bytes,       3800 total
: 87430K->10K(109248K), 0.0097390 secs] 100135K->12716K(502464K), 0.0100040 secs] [Times: user=0.01 sys=0.00, real=0.01 secs] 
Heap after GC invocations=491 (full 1):
 par new generation   total 109248K, used 10K [0x8ac00000, 0x92c00000, 0x92c00000)
  eden space 87424K,   0% used [0x8ac00000, 0x8ac00000, 0x90160000)
  from space 21824K,   0% used [0x90160000, 0x90162800, 0x916b0000)
  to   space 21824K,   0% used [0x916b0000, 0x916b0000, 0x92c00000)
 concurrent mark-sweep generation total 393216K, used 12706K [0x92c00000, 0xaac00000, 0xaac00000)
 concurrent-mark-sweep perm gen total 35404K, used 22529K [0xaac00000, 0xace93000, 0xb2c00000)
}
2015-02-20T15:58:49.619-0600: 2258.074: Total time for which application threads were stopped: 0.0128510 seconds
{Heap before GC invocations=491 (full 1):
 par new generation   total 109248K, used 87434K [0x8ac00000, 0x92c00000, 0x92c00000)
  eden space 87424K, 100% used [0x8ac00000, 0x90160000, 0x90160000)
  from space 21824K,   0% used [0x90160000, 0x90162800, 0x916b0000)
  to   space 21824K,   0% used [0x916b0000, 0x916b0000, 0x92c00000)
 concurrent mark-sweep generation total 393216K, used 12706K [0x92c00000, 0xaac00000, 0xaac00000)
 concurrent-mark-sweep perm gen total 35404K, used 22529K [0xaac00000, 0xace93000, 0xb2c00000)
2015-02-20T15:58:51.226-0600: 2259.681: [GC2015-02-20T15:58:51.226-0600: 2259.681: [ParNew
Desired survivor size 20112996 bytes, new threshold 8 (max 8)
- age   1:       1080 bytes,       1080 total
- age   2:        400 bytes,       1480 total
- age   3:        360 bytes,       1840 total
- age   4:        216 bytes,       2056 total
- age   5:        424 bytes,       2480 total
- age   6:        272 bytes,       2752 total
- age   7:        472 bytes,       3224 total
- age   8:        400 bytes,       3624 total
: 87434K->6K(109248K), 0.0075270 secs] 100140K->12712K(502464K), 0.0077340 secs] [Times: user=0.02 sys=0.00, real=0.01 secs] 
Heap after GC invocations=492 (full 1):
 par new generation   total 109248K, used 6K [0x8ac00000, 0x92c00000, 0x92c00000)
  eden space 87424K,   0% used [0x8ac00000, 0x8ac00000, 0x90160000)
  from space 21824K,   0% used [0x916b0000, 0x916b1800, 0x92c00000)
  to   space 21824K,   0% used [0x90160000, 0x90160000, 0x916b0000)
 concurrent mark-sweep generation total 393216K, used 12706K [0x92c00000, 0xaac00000, 0xaac00000)
 concurrent-mark-sweep perm gen total 35404K, used 22529K [0xaac00000, 0xace93000, 0xb2c00000)
}
2015-02-20T15:58:51.234-0600: 2259.689: Total time for which application threads were stopped: 0.0104190 seconds
{Heap before GC invocations=492 (full 1):
 par new generation   total 109248K, used 87430K [0x8ac00000, 0x92c00000, 0x92c00000)
  eden space 87424K, 100% used [0x8ac00000, 0x90160000, 0x90160000)
  from space 21824K,   0% used [0x916b0000, 0x916b1800, 0x92c00000)
  to   space 21824K,   0% used [0x90160000, 0x90160000, 0x916b0000)
 concurrent mark-sweep generation total 393216K, used 12706K [0x92c00000, 0xaac00000, 0xaac00000)
 concurrent-mark-sweep perm gen total 35404K, used 22529K [0xaac00000, 0xace93000, 0xb2c00000)
2015-02-20T15:58:52.922-0600: 2261.377: [GC2015-02-20T15:58:52.922-0600: 2261.377: [ParNew
Desired survivor size 20112996 bytes, new threshold 8 (max 8)
- age   1:       1016 bytes,       1016 total
- age   2:        424 bytes,       1440 total
- age   3:        400 bytes,       1840 total
- age   4:        360 bytes,       2200 total
- age   5:        216 bytes,       2416 total
- age   6:        424 bytes,       2840 total
- age   7:        272 bytes,       3112 total
- age   8:        472 bytes,       3584 total
: 87430K->10K(109248K), 0.0134670 secs] 100136K->12716K(502464K), 0.0136860 secs] [Times: user=0.02 sys=0.00, real=0.01 secs] 
Heap after GC invocations=493 (full 1):
 par new generation   total 109248K, used 10K [0x8ac00000, 0x92c00000, 0x92c00000)
  eden space 87424K,   0% used [0x8ac00000, 0x8ac00000, 0x90160000)
  from space 21824K,   0% used [0x90160000, 0x90162800, 0x916b0000)
  to   space 21824K,   0% used [0x916b0000, 0x916b0000, 0x92c00000)
 concurrent mark-sweep generation total 393216K, used 12706K [0x92c00000, 0xaac00000, 0xaac00000)
 concurrent-mark-sweep perm gen total 35404K, used 22529K [0xaac00000, 0xace93000, 0xb2c00000)
}
2015-02-20T15:58:52.935-0600: 2261.390: Total time for which application threads were stopped: 0.0170200 seconds
{Heap before GC invocations=493 (full 1):
 par new generation   total 109248K, used 87434K [0x8ac00000, 0x92c00000, 0x92c00000)
  eden space 87424K, 100% used [0x8ac00000, 0x90160000, 0x90160000)
  from space 21824K,   0% used [0x90160000, 0x90162800, 0x916b0000)
  to   space 21824K,   0% used [0x916b0000, 0x916b0000, 0x92c00000)
 concurrent mark-sweep generation total 393216K, used 12706K [0x92c00000, 0xaac00000, 0xaac00000)
 concurrent-mark-sweep perm gen total 35404K, used 22529K [0xaac00000, 0xace93000, 0xb2c00000)
2015-02-20T15:58:54.921-0600: 2263.376: [GC2015-02-20T15:58:54.921-0600: 2263.376: [ParNew
Desired survivor size 20112996 bytes, new threshold 8 (max 8)
- age   1:       1168 bytes,       1168 total
- age   2:        248 bytes,       1416 total
- age   3:        400 bytes,       1816 total
- age   4:        400 bytes,       2216 total
- age   5:        360 bytes,       2576 total
- age   6:        216 bytes,       2792 total
- age   7:        424 bytes,       3216 total
- age   8:        272 bytes,       3488 total
: 87434K->8K(109248K), 0.0079570 secs] 100140K->12715K(502464K), 0.0081950 secs] [Times: user=0.02 sys=0.00, real=0.01 secs] 
Heap after GC invocations=494 (full 1):
 par new generation   total 109248K, used 8K [0x8ac00000, 0x92c00000, 0x92c00000)
  eden space 87424K,   0% used [0x8ac00000, 0x8ac00000, 0x90160000)
  from space 21824K,   0% used [0x916b0000, 0x916b2000, 0x92c00000)
  to   space 21824K,   0% used [0x90160000, 0x90160000, 0x916b0000)
 concurrent mark-sweep generation total 393216K, used 12707K [0x92c00000, 0xaac00000, 0xaac00000)
 concurrent-mark-sweep perm gen total 35404K, used 22529K [0xaac00000, 0xace93000, 0xb2c00000)
}
2015-02-20T15:58:54.929-0600: 2263.384: Total time for which application threads were stopped: 0.0112530 seconds
{Heap before GC invocations=494 (full 1):
 par new generation   total 109248K, used 87432K [0x8ac00000, 0x92c00000, 0x92c00000)
  eden space 87424K, 100% used [0x8ac00000, 0x90160000, 0x90160000)
  from space 21824K,   0% used [0x916b0000, 0x916b2000, 0x92c00000)
  to   space 21824K,   0% used [0x90160000, 0x90160000, 0x916b0000)
 concurrent mark-sweep generation total 393216K, used 12707K [0x92c00000, 0xaac00000, 0xaac00000)
 concurrent-mark-sweep perm gen total 35404K, used 22529K [0xaac00000, 0xace93000, 0xb2c00000)
2015-02-20T15:58:56.526-0600: 2264.982: [GC2015-02-20T15:58:56.527-0600: 2264.982: [ParNew
Desired survivor size 20112996 bytes, new threshold 8 (max 8)
- age   1:       1376 bytes,       1376 total
- age   2:        472 bytes,       1848 total
- age   3:        248 bytes,       2096 total
- age   4:        400 bytes,       2496 total
- age   5:        400 bytes,       2896 total
- age   6:        360 bytes,       3256 total
- age   7:        216 bytes,       3472 total
- age   8:        424 bytes,       3896 total
: 87432K->6K(109248K), 0.0146330 secs] 100139K->12713K(502464K), 0.0148850 secs] [Times: user=0.03 sys=0.00, real=0.02 secs] 
Heap after GC invocations=495 (full 1):
 par new generation   total 109248K, used 6K [0x8ac00000, 0x92c00000, 0x92c00000)
  eden space 87424K,   0% used [0x8ac00000, 0x8ac00000, 0x90160000)
  from space 21824K,   0% used [0x90160000, 0x90161800, 0x916b0000)
  to   space 21824K,   0% used [0x916b0000, 0x916b0000, 0x92c00000)
 concurrent mark-sweep generation total 393216K, used 12707K [0x92c00000, 0xaac00000, 0xaac00000)
 concurrent-mark-sweep perm gen total 35404K, used 22529K [0xaac00000, 0xace93000, 0xb2c00000)
}
2015-02-20T15:58:56.541-0600: 2264.997: Total time for which application threads were stopped: 0.0175780 seconds
{Heap before GC invocations=495 (full 1):
 par new generation   total 109248K, used 87430K [0x8ac00000, 0x92c00000, 0x92c00000)
  eden space 87424K, 100% used [0x8ac00000, 0x90160000, 0x90160000)
  from space 21824K,   0% used [0x90160000, 0x90161800, 0x916b0000)
  to   space 21824K,   0% used [0x916b0000, 0x916b0000, 0x92c00000)
 concurrent mark-sweep generation total 393216K, used 12707K [0x92c00000, 0xaac00000, 0xaac00000)
 concurrent-mark-sweep perm gen total 35404K, used 22529K [0xaac00000, 0xace93000, 0xb2c00000)
2015-02-20T15:58:57.973-0600: 2266.428: [GC2015-02-20T15:58:57.973-0600: 2266.428: [ParNew
Desired survivor size 20112996 bytes, new threshold 8 (max 8)
- age   1:        880 bytes,        880 total
- age   2:        576 bytes,       1456 total
- age   3:        472 bytes,       1928 total
- age   4:        248 bytes,       2176 total
- age   5:        400 bytes,       2576 total
- age   6:        400 bytes,       2976 total
- age   7:        360 bytes,       3336 total
- age   8:        216 bytes,       3552 total
: 87430K->10K(109248K), 0.0064990 secs] 100137K->12718K(502464K), 0.0066900 secs] [Times: user=0.01 sys=0.00, real=0.01 secs] 
Heap after GC invocations=496 (full 1):
 par new generation   total 109248K, used 10K [0x8ac00000, 0x92c00000, 0x92c00000)
  eden space 87424K,   0% used [0x8ac00000, 0x8ac00000, 0x90160000)
  from space 21824K,   0% used [0x916b0000, 0x916b2800, 0x92c00000)
  to   space 21824K,   0% used [0x90160000, 0x90160000, 0x916b0000)
 concurrent mark-sweep generation total 393216K, used 12708K [0x92c00000, 0xaac00000, 0xaac00000)
 concurrent-mark-sweep perm gen total 35404K, used 22529K [0xaac00000, 0xace93000, 0xb2c00000)
}
2015-02-20T15:58:57.979-0600: 2266.434: Total time for which application threads were stopped: 0.0094330 seconds
{Heap before GC invocations=496 (full 1):
 par new generation   total 109248K, used 87434K [0x8ac00000, 0x92c00000, 0x92c00000)
  eden space 87424K, 100% used [0x8ac00000, 0x90160000, 0x90160000)
  from space 21824K,   0% used [0x916b0000, 0x916b2800, 0x92c00000)
  to   space 21824K,   0% used [0x90160000, 0x90160000, 0x916b0000)
 concurrent mark-sweep generation total 393216K, used 12708K [0x92c00000, 0xaac00000, 0xaac00000)
 concurrent-mark-sweep perm gen total 35404K, used 22529K [0xaac00000, 0xace93000, 0xb2c00000)
2015-02-20T15:58:59.430-0600: 2267.886: [GC2015-02-20T15:58:59.431-0600: 2267.886: [ParNew
Desired survivor size 20112996 bytes, new threshold 8 (max 8)
- age   1:       1152 bytes,       1152 total
- age   2:        232 bytes,       1384 total
- age   3:        448 bytes,       1832 total
- age   4:        472 bytes,       2304 total
- age   5:        248 bytes,       2552 total
- age   6:        400 bytes,       2952 total
- age   7:        400 bytes,       3352 total
- age   8:        360 bytes,       3712 total
: 87434K->8K(109248K), 0.0070590 secs] 100142K->12716K(502464K), 0.0072940 secs] [Times: user=0.01 sys=0.00, real=0.01 secs] 
Heap after GC invocations=497 (full 1):
 par new generation   total 109248K, used 8K [0x8ac00000, 0x92c00000, 0x92c00000)
  eden space 87424K,   0% used [0x8ac00000, 0x8ac00000, 0x90160000)
  from space 21824K,   0% used [0x90160000, 0x90162000, 0x916b0000)
  to   space 21824K,   0% used [0x916b0000, 0x916b0000, 0x92c00000)
 concurrent mark-sweep generation total 393216K, used 12708K [0x92c00000, 0xaac00000, 0xaac00000)
 concurrent-mark-sweep perm gen total 35404K, used 22529K [0xaac00000, 0xace93000, 0xb2c00000)
}
2015-02-20T15:58:59.438-0600: 2267.893: Total time for which application threads were stopped: 0.0099270 seconds
{Heap before GC invocations=497 (full 1):
 par new generation   total 109248K, used 87432K [0x8ac00000, 0x92c00000, 0x92c00000)
  eden space 87424K, 100% used [0x8ac00000, 0x90160000, 0x90160000)
  from space 21824K,   0% used [0x90160000, 0x90162000, 0x916b0000)
  to   space 21824K,   0% used [0x916b0000, 0x916b0000, 0x92c00000)
 concurrent mark-sweep generation total 393216K, used 12708K [0x92c00000, 0xaac00000, 0xaac00000)
 concurrent-mark-sweep perm gen total 35404K, used 22529K [0xaac00000, 0xace93000, 0xb2c00000)
2015-02-20T15:59:00.912-0600: 2269.367: [GC2015-02-20T15:59:00.912-0600: 2269.368: [ParNew
Desired survivor size 20112996 bytes, new threshold 8 (max 8)
- age   1:        976 bytes,        976 total
- age   2:        400 bytes,       1376 total
- age   3:        232 bytes,       1608 total
- age   4:        448 bytes,       2056 total
- age   5:        472 bytes,       2528 total
- age   6:        248 bytes,       2776 total
- age   7:        400 bytes,       3176 total
- age   8:        400 bytes,       3576 total
: 87432K->10K(109248K), 0.0228790 secs] 100140K->12718K(502464K), 0.0231020 secs] [Times: user=0.01 sys=0.01, real=0.02 secs] 
Heap after GC invocations=498 (full 1):
 par new generation   total 109248K, used 10K [0x8ac00000, 0x92c00000, 0x92c00000)
  eden space 87424K,   0% used [0x8ac00000, 0x8ac00000, 0x90160000)
  from space 21824K,   0% used [0x916b0000, 0x916b2800, 0x92c00000)
  to   space 21824K,   0% used [0x90160000, 0x90160000, 0x916b0000)
 concurrent mark-sweep generation total 393216K, used 12708K [0x92c00000, 0xaac00000, 0xaac00000)
 concurrent-mark-sweep perm gen total 35404K, used 22529K [0xaac00000, 0xace93000, 0xb2c00000)
}
2015-02-20T15:59:00.936-0600: 2269.391: Total time for which application threads were stopped: 0.0265480 seconds
{Heap before GC invocations=498 (full 1):
 par new generation   total 109248K, used 87434K [0x8ac00000, 0x92c00000, 0x92c00000)
  eden space 87424K, 100% used [0x8ac00000, 0x90160000, 0x90160000)
  from space 21824K,   0% used [0x916b0000, 0x916b2800, 0x92c00000)
  to   space 21824K,   0% used [0x90160000, 0x90160000, 0x916b0000)
 concurrent mark-sweep generation total 393216K, used 12708K [0x92c00000, 0xaac00000, 0xaac00000)
 concurrent-mark-sweep perm gen total 35404K, used 22529K [0xaac00000, 0xace93000, 0xb2c00000)
2015-02-20T15:59:02.400-0600: 2270.856: [GC2015-02-20T15:59:02.401-0600: 2270.856: [ParNew
Desired survivor size 20112996 bytes, new threshold 8 (max 8)
- age   1:       1328 bytes,       1328 total
- age   2:        176 bytes,       1504 total
- age   3:        376 bytes,       1880 total
- age   4:        232 bytes,       2112 total
- age   5:        448 bytes,       2560 total
- age   6:        472 bytes,       3032 total
- age   7:        248 bytes,       3280 total
- age   8:        400 bytes,       3680 total
: 87434K->8K(109248K), 0.0124000 secs] 100142K->12717K(502464K), 0.0126040 secs] [Times: user=0.02 sys=0.01, real=0.01 secs] 
Heap after GC invocations=499 (full 1):
 par new generation   total 109248K, used 8K [0x8ac00000, 0x92c00000, 0x92c00000)
  eden space 87424K,   0% used [0x8ac00000, 0x8ac00000, 0x90160000)
  from space 21824K,   0% used [0x90160000, 0x90162000, 0x916b0000)
  to   space 21824K,   0% used [0x916b0000, 0x916b0000, 0x92c00000)
 concurrent mark-sweep generation total 393216K, used 12709K [0x92c00000, 0xaac00000, 0xaac00000)
 concurrent-mark-sweep perm gen total 35404K, used 22529K [0xaac00000, 0xace93000, 0xb2c00000)
}
2015-02-20T15:59:02.413-0600: 2270.868: Total time for which application threads were stopped: 0.0153280 seconds
{Heap before GC invocations=499 (full 1):
 par new generation   total 109248K, used 87432K [0x8ac00000, 0x92c00000, 0x92c00000)
  eden space 87424K, 100% used [0x8ac00000, 0x90160000, 0x90160000)
  from space 21824K,   0% used [0x90160000, 0x90162000, 0x916b0000)
  to   space 21824K,   0% used [0x916b0000, 0x916b0000, 0x92c00000)
 concurrent mark-sweep generation total 393216K, used 12709K [0x92c00000, 0xaac00000, 0xaac00000)
 concurrent-mark-sweep perm gen total 35404K, used 22529K [0xaac00000, 0xace93000, 0xb2c00000)
2015-02-20T15:59:04.049-0600: 2272.504: [GC2015-02-20T15:59:04.049-0600: 2272.504: [ParNew
Desired survivor size 20112996 bytes, new threshold 8 (max 8)
- age   1:        688 bytes,        688 total
- age   2:        528 bytes,       1216 total
- age   3:        176 bytes,       1392 total
- age   4:        376 bytes,       1768 total
- age   5:        232 bytes,       2000 total
- age   6:        448 bytes,       2448 total
- age   7:        472 bytes,       2920 total
- age   8:        248 bytes,       3168 total
: 87432K->6K(109248K), 0.0079620 secs] 100141K->12715K(502464K), 0.0082000 secs] [Times: user=0.02 sys=0.00, real=0.00 secs] 
Heap after GC invocations=500 (full 1):
 par new generation   total 109248K, used 6K [0x8ac00000, 0x92c00000, 0x92c00000)
  eden space 87424K,   0% used [0x8ac00000, 0x8ac00000, 0x90160000)
  from space 21824K,   0% used [0x916b0000, 0x916b1800, 0x92c00000)
  to   space 21824K,   0% used [0x90160000, 0x90160000, 0x916b0000)
 concurrent mark-sweep generation total 393216K, used 12709K [0x92c00000, 0xaac00000, 0xaac00000)
 concurrent-mark-sweep perm gen total 35404K, used 22529K [0xaac00000, 0xace93000, 0xb2c00000)
}
2015-02-20T15:59:04.057-0600: 2272.512: Total time for which application threads were stopped: 0.0112620 seconds
{Heap before GC invocations=500 (full 1):
 par new generation   total 109248K, used 87430K [0x8ac00000, 0x92c00000, 0x92c00000)
  eden space 87424K, 100% used [0x8ac00000, 0x90160000, 0x90160000)
  from space 21824K,   0% used [0x916b0000, 0x916b1800, 0x92c00000)
  to   space 21824K,   0% used [0x90160000, 0x90160000, 0x916b0000)
 concurrent mark-sweep generation total 393216K, used 12709K [0x92c00000, 0xaac00000, 0xaac00000)
 concurrent-mark-sweep perm gen total 35404K, used 22529K [0xaac00000, 0xace93000, 0xb2c00000)
2015-02-20T15:59:05.570-0600: 2274.025: [GC2015-02-20T15:59:05.570-0600: 2274.025: [ParNew
Desired survivor size 20112996 bytes, new threshold 8 (max 8)
- age   1:       1312 bytes,       1312 total
- age   2:        216 bytes,       1528 total
- age   3:        400 bytes,       1928 total
- age   4:        176 bytes,       2104 total
- age   5:        376 bytes,       2480 total
- age   6:        232 bytes,       2712 total
- age   7:        448 bytes,       3160 total
- age   8:        472 bytes,       3632 total
: 87430K->6K(109248K), 0.0118860 secs] 100139K->12715K(502464K), 0.0121000 secs] [Times: user=0.02 sys=0.00, real=0.01 secs] 
Heap after GC invocations=501 (full 1):
 par new generation   total 109248K, used 6K [0x8ac00000, 0x92c00000, 0x92c00000)
  eden space 87424K,   0% used [0x8ac00000, 0x8ac00000, 0x90160000)
  from space 21824K,   0% used [0x90160000, 0x90161800, 0x916b0000)
  to   space 21824K,   0% used [0x916b0000, 0x916b0000, 0x92c00000)
 concurrent mark-sweep generation total 393216K, used 12709K [0x92c00000, 0xaac00000, 0xaac00000)
 concurrent-mark-sweep perm gen total 35404K, used 22529K [0xaac00000, 0xace93000, 0xb2c00000)
}
2015-02-20T15:59:05.582-0600: 2274.037: Total time for which application threads were stopped: 0.0148480 seconds
{Heap before GC invocations=501 (full 1):
 par new generation   total 109248K, used 87430K [0x8ac00000, 0x92c00000, 0x92c00000)
  eden space 87424K, 100% used [0x8ac00000, 0x90160000, 0x90160000)
  from space 21824K,   0% used [0x90160000, 0x90161800, 0x916b0000)
  to   space 21824K,   0% used [0x916b0000, 0x916b0000, 0x92c00000)
 concurrent mark-sweep generation total 393216K, used 12709K [0x92c00000, 0xaac00000, 0xaac00000)
 concurrent-mark-sweep perm gen total 35404K, used 22529K [0xaac00000, 0xace93000, 0xb2c00000)
2015-02-20T15:59:07.084-0600: 2275.539: [GC2015-02-20T15:59:07.084-0600: 2275.539: [ParNew
Desired survivor size 20112996 bytes, new threshold 8 (max 8)
- age   1:        976 bytes,        976 total
- age   2:        384 bytes,       1360 total
- age   3:        216 bytes,       1576 total
- age   4:        400 bytes,       1976 total
- age   5:        176 bytes,       2152 total
- age   6:        376 bytes,       2528 total
- age   7:        232 bytes,       2760 total
- age   8:        448 bytes,       3208 total
: 87430K->8K(109248K), 0.0102960 secs] 100139K->12718K(502464K), 0.0105450 secs] [Times: user=0.02 sys=0.00, real=0.01 secs] 
Heap after GC invocations=502 (full 1):
 par new generation   total 109248K, used 8K [0x8ac00000, 0x92c00000, 0x92c00000)
  eden space 87424K,   0% used [0x8ac00000, 0x8ac00000, 0x90160000)
  from space 21824K,   0% used [0x916b0000, 0x916b2000, 0x92c00000)
  to   space 21824K,   0% used [0x90160000, 0x90160000, 0x916b0000)
 concurrent mark-sweep generation total 393216K, used 12710K [0x92c00000, 0xaac00000, 0xaac00000)
 concurrent-mark-sweep perm gen total 35404K, used 22529K [0xaac00000, 0xace93000, 0xb2c00000)
}
2015-02-20T15:59:07.095-0600: 2275.550: Total time for which application threads were stopped: 0.0133090 seconds
{Heap before GC invocations=502 (full 1):
 par new generation   total 109248K, used 87432K [0x8ac00000, 0x92c00000, 0x92c00000)
  eden space 87424K, 100% used [0x8ac00000, 0x90160000, 0x90160000)
  from space 21824K,   0% used [0x916b0000, 0x916b2000, 0x92c00000)
  to   space 21824K,   0% used [0x90160000, 0x90160000, 0x916b0000)
 concurrent mark-sweep generation total 393216K, used 12710K [0x92c00000, 0xaac00000, 0xaac00000)
 concurrent-mark-sweep perm gen total 35404K, used 22529K [0xaac00000, 0xace93000, 0xb2c00000)
2015-02-20T15:59:08.619-0600: 2277.074: [GC2015-02-20T15:59:08.619-0600: 2277.074: [ParNew
Desired survivor size 20112996 bytes, new threshold 8 (max 8)
- age   1:        752 bytes,        752 total
- age   2:        400 bytes,       1152 total
- age   3:        384 bytes,       1536 total
- age   4:        216 bytes,       1752 total
- age   5:        400 bytes,       2152 total
- age   6:        176 bytes,       2328 total
- age   7:        376 bytes,       2704 total
- age   8:        232 bytes,       2936 total
: 87432K->8K(109248K), 0.0152850 secs] 100142K->12718K(502464K), 0.0154920 secs] [Times: user=0.03 sys=0.01, real=0.01 secs] 
Heap after GC invocations=503 (full 1):
 par new generation   total 109248K, used 8K [0x8ac00000, 0x92c00000, 0x92c00000)
  eden space 87424K,   0% used [0x8ac00000, 0x8ac00000, 0x90160000)
  from space 21824K,   0% used [0x90160000, 0x90162000, 0x916b0000)
  to   space 21824K,   0% used [0x916b0000, 0x916b0000, 0x92c00000)
 concurrent mark-sweep generation total 393216K, used 12710K [0x92c00000, 0xaac00000, 0xaac00000)
 concurrent-mark-sweep perm gen total 35404K, used 22529K [0xaac00000, 0xace93000, 0xb2c00000)
}
2015-02-20T15:59:08.634-0600: 2277.089: Total time for which application threads were stopped: 0.0182630 seconds
{Heap before GC invocations=503 (full 1):
 par new generation   total 109248K, used 87432K [0x8ac00000, 0x92c00000, 0x92c00000)
  eden space 87424K, 100% used [0x8ac00000, 0x90160000, 0x90160000)
  from space 21824K,   0% used [0x90160000, 0x90162000, 0x916b0000)
  to   space 21824K,   0% used [0x916b0000, 0x916b0000, 0x92c00000)
 concurrent mark-sweep generation total 393216K, used 12710K [0x92c00000, 0xaac00000, 0xaac00000)
 concurrent-mark-sweep perm gen total 35404K, used 22529K [0xaac00000, 0xace93000, 0xb2c00000)
2015-02-20T15:59:10.187-0600: 2278.642: [GC2015-02-20T15:59:10.187-0600: 2278.642: [ParNew
Desired survivor size 20112996 bytes, new threshold 8 (max 8)
- age   1:        768 bytes,        768 total
- age   2:        304 bytes,       1072 total
- age   3:        376 bytes,       1448 total
- age   4:        384 bytes,       1832 total
- age   5:        216 bytes,       2048 total
- age   6:        400 bytes,       2448 total
- age   7:        176 bytes,       2624 total
- age   8:        376 bytes,       3000 total
: 87432K->10K(109248K), 0.0117210 secs] 100142K->12720K(502464K), 0.0119450 secs] [Times: user=0.03 sys=0.00, real=0.02 secs] 
Heap after GC invocations=504 (full 1):
 par new generation   total 109248K, used 10K [0x8ac00000, 0x92c00000, 0x92c00000)
  eden space 87424K,   0% used [0x8ac00000, 0x8ac00000, 0x90160000)
  from space 21824K,   0% used [0x916b0000, 0x916b2800, 0x92c00000)
  to   space 21824K,   0% used [0x90160000, 0x90160000, 0x916b0000)
 concurrent mark-sweep generation total 393216K, used 12710K [0x92c00000, 0xaac00000, 0xaac00000)
 concurrent-mark-sweep perm gen total 35404K, used 22529K [0xaac00000, 0xace93000, 0xb2c00000)
}
2015-02-20T15:59:10.199-0600: 2278.654: Total time for which application threads were stopped: 0.0145550 seconds
{Heap before GC invocations=504 (full 1):
 par new generation   total 109248K, used 87434K [0x8ac00000, 0x92c00000, 0x92c00000)
  eden space 87424K, 100% used [0x8ac00000, 0x90160000, 0x90160000)
  from space 21824K,   0% used [0x916b0000, 0x916b2800, 0x92c00000)
  to   space 21824K,   0% used [0x90160000, 0x90160000, 0x916b0000)
 concurrent mark-sweep generation total 393216K, used 12710K [0x92c00000, 0xaac00000, 0xaac00000)
 concurrent-mark-sweep perm gen total 35404K, used 22529K [0xaac00000, 0xace93000, 0xb2c00000)
2015-02-20T15:59:11.646-0600: 2280.101: [GC2015-02-20T15:59:11.646-0600: 2280.101: [ParNew
Desired survivor size 20112996 bytes, new threshold 8 (max 8)
- age   1:       1136 bytes,       1136 total
- age   2:        216 bytes,       1352 total
- age   3:        176 bytes,       1528 total
- age   4:        376 bytes,       1904 total
- age   5:        384 bytes,       2288 total
- age   6:        216 bytes,       2504 total
- age   7:        400 bytes,       2904 total
- age   8:        176 bytes,       3080 total
: 87434K->6K(109248K), 0.0079060 secs] 100144K->12717K(502464K), 0.0081350 secs] [Times: user=0.02 sys=0.00, real=0.01 secs] 
Heap after GC invocations=505 (full 1):
 par new generation   total 109248K, used 6K [0x8ac00000, 0x92c00000, 0x92c00000)
  eden space 87424K,   0% used [0x8ac00000, 0x8ac00000, 0x90160000)
  from space 21824K,   0% used [0x90160000, 0x90161800, 0x916b0000)
  to   space 21824K,   0% used [0x916b0000, 0x916b0000, 0x92c00000)
 concurrent mark-sweep generation total 393216K, used 12711K [0x92c00000, 0xaac00000, 0xaac00000)
 concurrent-mark-sweep perm gen total 35404K, used 22529K [0xaac00000, 0xace93000, 0xb2c00000)
}
2015-02-20T15:59:11.654-0600: 2280.109: Total time for which application threads were stopped: 0.0109790 seconds
{Heap before GC invocations=505 (full 1):
 par new generation   total 109248K, used 87430K [0x8ac00000, 0x92c00000, 0x92c00000)
  eden space 87424K, 100% used [0x8ac00000, 0x90160000, 0x90160000)
  from space 21824K,   0% used [0x90160000, 0x90161800, 0x916b0000)
  to   space 21824K,   0% used [0x916b0000, 0x916b0000, 0x92c00000)
 concurrent mark-sweep generation total 393216K, used 12711K [0x92c00000, 0xaac00000, 0xaac00000)
 concurrent-mark-sweep perm gen total 35404K, used 22529K [0xaac00000, 0xace93000, 0xb2c00000)
2015-02-20T15:59:13.092-0600: 2281.547: [GC2015-02-20T15:59:13.092-0600: 2281.547: [ParNew
Desired survivor size 20112996 bytes, new threshold 8 (max 8)
- age   1:        976 bytes,        976 total
- age   2:        360 bytes,       1336 total
- age   3:        216 bytes,       1552 total
- age   4:        176 bytes,       1728 total
- age   5:        376 bytes,       2104 total
- age   6:        384 bytes,       2488 total
- age   7:        216 bytes,       2704 total
- age   8:        400 bytes,       3104 total
: 87430K->6K(109248K), 0.0122040 secs] 100141K->12717K(502464K), 0.0123890 secs] [Times: user=0.02 sys=0.00, real=0.01 secs] 
Heap after GC invocations=506 (full 1):
 par new generation   total 109248K, used 6K [0x8ac00000, 0x92c00000, 0x92c00000)
  eden space 87424K,   0% used [0x8ac00000, 0x8ac00000, 0x90160000)
  from space 21824K,   0% used [0x916b0000, 0x916b1800, 0x92c00000)
  to   space 21824K,   0% used [0x90160000, 0x90160000, 0x916b0000)
 concurrent mark-sweep generation total 393216K, used 12711K [0x92c00000, 0xaac00000, 0xaac00000)
 concurrent-mark-sweep perm gen total 35404K, used 22529K [0xaac00000, 0xace93000, 0xb2c00000)
}
2015-02-20T15:59:13.104-0600: 2281.559: Total time for which application threads were stopped: 0.0154140 seconds
{Heap before GC invocations=506 (full 1):
 par new generation   total 109248K, used 87430K [0x8ac00000, 0x92c00000, 0x92c00000)
  eden space 87424K, 100% used [0x8ac00000, 0x90160000, 0x90160000)
  from space 21824K,   0% used [0x916b0000, 0x916b1800, 0x92c00000)
  to   space 21824K,   0% used [0x90160000, 0x90160000, 0x916b0000)
 concurrent mark-sweep generation total 393216K, used 12711K [0x92c00000, 0xaac00000, 0xaac00000)
 concurrent-mark-sweep perm gen total 35404K, used 22529K [0xaac00000, 0xace93000, 0xb2c00000)
2015-02-20T15:59:14.521-0600: 2282.976: [GC2015-02-20T15:59:14.521-0600: 2282.976: [ParNew
Desired survivor size 20112996 bytes, new threshold 8 (max 8)
- age   1:       1176 bytes,       1176 total
- age   2:        400 bytes,       1576 total
- age   3:        360 bytes,       1936 total
- age   4:        216 bytes,       2152 total
- age   5:        176 bytes,       2328 total
- age   6:        376 bytes,       2704 total
- age   7:        384 bytes,       3088 total
- age   8:        216 bytes,       3304 total
: 87430K->8K(109248K), 0.0103210 secs] 100141K->12719K(502464K), 0.0105140 secs] [Times: user=0.02 sys=0.01, real=0.01 secs] 
Heap after GC invocations=507 (full 1):
 par new generation   total 109248K, used 8K [0x8ac00000, 0x92c00000, 0x92c00000)
  eden space 87424K,   0% used [0x8ac00000, 0x8ac00000, 0x90160000)
  from space 21824K,   0% used [0x90160000, 0x90162000, 0x916b0000)
  to   space 21824K,   0% used [0x916b0000, 0x916b0000, 0x92c00000)
 concurrent mark-sweep generation total 393216K, used 12711K [0x92c00000, 0xaac00000, 0xaac00000)
 concurrent-mark-sweep perm gen total 35404K, used 22529K [0xaac00000, 0xace93000, 0xb2c00000)
}
2015-02-20T15:59:14.532-0600: 2282.987: Total time for which application threads were stopped: 0.0136430 seconds
{Heap before GC invocations=507 (full 1):
 par new generation   total 109248K, used 87432K [0x8ac00000, 0x92c00000, 0x92c00000)
  eden space 87424K, 100% used [0x8ac00000, 0x90160000, 0x90160000)
  from space 21824K,   0% used [0x90160000, 0x90162000, 0x916b0000)
  to   space 21824K,   0% used [0x916b0000, 0x916b0000, 0x92c00000)
 concurrent mark-sweep generation total 393216K, used 12711K [0x92c00000, 0xaac00000, 0xaac00000)
 concurrent-mark-sweep perm gen total 35404K, used 22529K [0xaac00000, 0xace93000, 0xb2c00000)
2015-02-20T15:59:16.003-0600: 2284.458: [GC2015-02-20T15:59:16.003-0600: 2284.458: [ParNew
Desired survivor size 20112996 bytes, new threshold 8 (max 8)
- age   1:       1008 bytes,       1008 total
- age   2:        400 bytes,       1408 total
- age   3:        376 bytes,       1784 total
- age   4:        360 bytes,       2144 total
- age   5:        216 bytes,       2360 total
- age   6:        176 bytes,       2536 total
- age   7:        376 bytes,       2912 total
- age   8:        384 bytes,       3296 total
: 87432K->8K(109248K), 0.0069940 secs] 100143K->12719K(502464K), 0.0072220 secs] [Times: user=0.02 sys=0.00, real=0.01 secs] 
Heap after GC invocations=508 (full 1):
 par new generation   total 109248K, used 8K [0x8ac00000, 0x92c00000, 0x92c00000)
  eden space 87424K,   0% used [0x8ac00000, 0x8ac00000, 0x90160000)
  from space 21824K,   0% used [0x916b0000, 0x916b2000, 0x92c00000)
  to   space 21824K,   0% used [0x90160000, 0x90160000, 0x916b0000)
 concurrent mark-sweep generation total 393216K, used 12711K [0x92c00000, 0xaac00000, 0xaac00000)
 concurrent-mark-sweep perm gen total 35404K, used 22529K [0xaac00000, 0xace93000, 0xb2c00000)
}
2015-02-20T15:59:16.010-0600: 2284.466: Total time for which application threads were stopped: 0.0100240 seconds
{Heap before GC invocations=508 (full 1):
 par new generation   total 109248K, used 87432K [0x8ac00000, 0x92c00000, 0x92c00000)
  eden space 87424K, 100% used [0x8ac00000, 0x90160000, 0x90160000)
  from space 21824K,   0% used [0x916b0000, 0x916b2000, 0x92c00000)
  to   space 21824K,   0% used [0x90160000, 0x90160000, 0x916b0000)
 concurrent mark-sweep generation total 393216K, used 12711K [0x92c00000, 0xaac00000, 0xaac00000)
 concurrent-mark-sweep perm gen total 35404K, used 22529K [0xaac00000, 0xace93000, 0xb2c00000)
2015-02-20T15:59:17.488-0600: 2285.943: [GC2015-02-20T15:59:17.488-0600: 2285.943: [ParNew
Desired survivor size 20112996 bytes, new threshold 8 (max 8)
- age   1:       1032 bytes,       1032 total
- age   2:        200 bytes,       1232 total
- age   3:        272 bytes,       1504 total
- age   4:        376 bytes,       1880 total
- age   5:        360 bytes,       2240 total
- age   6:        216 bytes,       2456 total
- age   7:        176 bytes,       2632 total
- age   8:        376 bytes,       3008 total
: 87432K->6K(109248K), 0.0077900 secs] 100143K->12718K(502464K), 0.0080110 secs] [Times: user=0.02 sys=0.00, real=0.00 secs] 
Heap after GC invocations=509 (full 1):
 par new generation   total 109248K, used 6K [0x8ac00000, 0x92c00000, 0x92c00000)
  eden space 87424K,   0% used [0x8ac00000, 0x8ac00000, 0x90160000)
  from space 21824K,   0% used [0x90160000, 0x90161800, 0x916b0000)
  to   space 21824K,   0% used [0x916b0000, 0x916b0000, 0x92c00000)
 concurrent mark-sweep generation total 393216K, used 12712K [0x92c00000, 0xaac00000, 0xaac00000)
 concurrent-mark-sweep perm gen total 35404K, used 22529K [0xaac00000, 0xace93000, 0xb2c00000)
}
2015-02-20T15:59:17.496-0600: 2285.951: Total time for which application threads were stopped: 0.0107980 seconds
{Heap before GC invocations=509 (full 1):
 par new generation   total 109248K, used 87430K [0x8ac00000, 0x92c00000, 0x92c00000)
  eden space 87424K, 100% used [0x8ac00000, 0x90160000, 0x90160000)
  from space 21824K,   0% used [0x90160000, 0x90161800, 0x916b0000)
  to   space 21824K,   0% used [0x916b0000, 0x916b0000, 0x92c00000)
 concurrent mark-sweep generation total 393216K, used 12712K [0x92c00000, 0xaac00000, 0xaac00000)
 concurrent-mark-sweep perm gen total 35404K, used 22529K [0xaac00000, 0xace93000, 0xb2c00000)
2015-02-20T15:59:18.969-0600: 2287.424: [GC2015-02-20T15:59:18.969-0600: 2287.424: [ParNew
Desired survivor size 20112996 bytes, new threshold 8 (max 8)
- age   1:        776 bytes,        776 total
- age   2:        424 bytes,       1200 total
- age   3:        200 bytes,       1400 total
- age   4:        272 bytes,       1672 total
- age   5:        376 bytes,       2048 total
- age   6:        360 bytes,       2408 total
- age   7:        216 bytes,       2624 total
- age   8:        176 bytes,       2800 total
: 87430K->6K(109248K), 0.0133440 secs] 100142K->12718K(502464K), 0.0135460 secs] [Times: user=0.02 sys=0.00, real=0.01 secs] 
Heap after GC invocations=510 (full 1):
 par new generation   total 109248K, used 6K [0x8ac00000, 0x92c00000, 0x92c00000)
  eden space 87424K,   0% used [0x8ac00000, 0x8ac00000, 0x90160000)
  from space 21824K,   0% used [0x916b0000, 0x916b1800, 0x92c00000)
  to   space 21824K,   0% used [0x90160000, 0x90160000, 0x916b0000)
 concurrent mark-sweep generation total 393216K, used 12712K [0x92c00000, 0xaac00000, 0xaac00000)
 concurrent-mark-sweep perm gen total 35404K, used 22529K [0xaac00000, 0xace93000, 0xb2c00000)
}
2015-02-20T15:59:18.983-0600: 2287.438: Total time for which application threads were stopped: 0.0163720 seconds
{Heap before GC invocations=510 (full 1):
 par new generation   total 109248K, used 87430K [0x8ac00000, 0x92c00000, 0x92c00000)
  eden space 87424K, 100% used [0x8ac00000, 0x90160000, 0x90160000)
  from space 21824K,   0% used [0x916b0000, 0x916b1800, 0x92c00000)
  to   space 21824K,   0% used [0x90160000, 0x90160000, 0x916b0000)
 concurrent mark-sweep generation total 393216K, used 12712K [0x92c00000, 0xaac00000, 0xaac00000)
 concurrent-mark-sweep perm gen total 35404K, used 22529K [0xaac00000, 0xace93000, 0xb2c00000)
2015-02-20T15:59:20.446-0600: 2288.901: [GC2015-02-20T15:59:20.446-0600: 2288.901: [ParNew
Desired survivor size 20112996 bytes, new threshold 8 (max 8)
- age   1:       1056 bytes,       1056 total
- age   2:        200 bytes,       1256 total
- age   3:        400 bytes,       1656 total
- age   4:        200 bytes,       1856 total
- age   5:        272 bytes,       2128 total
- age   6:        376 bytes,       2504 total
- age   7:        360 bytes,       2864 total
- age   8:        216 bytes,       3080 total
: 87430K->6K(109248K), 0.0142220 secs] 100142K->12718K(502464K), 0.0144660 secs] [Times: user=0.02 sys=0.00, real=0.02 secs] 
Heap after GC invocations=511 (full 1):
 par new generation   total 109248K, used 6K [0x8ac00000, 0x92c00000, 0x92c00000)
  eden space 87424K,   0% used [0x8ac00000, 0x8ac00000, 0x90160000)
  from space 21824K,   0% used [0x90160000, 0x90161800, 0x916b0000)
  to   space 21824K,   0% used [0x916b0000, 0x916b0000, 0x92c00000)
 concurrent mark-sweep generation total 393216K, used 12712K [0x92c00000, 0xaac00000, 0xaac00000)
 concurrent-mark-sweep perm gen total 35404K, used 22529K [0xaac00000, 0xace93000, 0xb2c00000)
}
2015-02-20T15:59:20.460-0600: 2288.915: Total time for which application threads were stopped: 0.0171850 seconds
{Heap before GC invocations=511 (full 1):
 par new generation   total 109248K, used 87430K [0x8ac00000, 0x92c00000, 0x92c00000)
  eden space 87424K, 100% used [0x8ac00000, 0x90160000, 0x90160000)
  from space 21824K,   0% used [0x90160000, 0x90161800, 0x916b0000)
  to   space 21824K,   0% used [0x916b0000, 0x916b0000, 0x92c00000)
 concurrent mark-sweep generation total 393216K, used 12712K [0x92c00000, 0xaac00000, 0xaac00000)
 concurrent-mark-sweep perm gen total 35404K, used 22529K [0xaac00000, 0xace93000, 0xb2c00000)
2015-02-20T15:59:21.934-0600: 2290.389: [GC2015-02-20T15:59:21.934-0600: 2290.389: [ParNew
Desired survivor size 20112996 bytes, new threshold 8 (max 8)
- age   1:        848 bytes,        848 total
- age   2:        504 bytes,       1352 total
- age   3:        200 bytes,       1552 total
- age   4:        400 bytes,       1952 total
- age   5:        200 bytes,       2152 total
- age   6:        272 bytes,       2424 total
- age   7:        376 bytes,       2800 total
- age   8:        360 bytes,       3160 total
: 87430K->10K(109248K), 0.0119790 secs] 100142K->12723K(502464K), 0.0121550 secs] [Times: user=0.02 sys=0.00, real=0.01 secs] 
Heap after GC invocations=512 (full 1):
 par new generation   total 109248K, used 10K [0x8ac00000, 0x92c00000, 0x92c00000)
  eden space 87424K,   0% used [0x8ac00000, 0x8ac00000, 0x90160000)
  from space 21824K,   0% used [0x916b0000, 0x916b2800, 0x92c00000)
  to   space 21824K,   0% used [0x90160000, 0x90160000, 0x916b0000)
 concurrent mark-sweep generation total 393216K, used 12713K [0x92c00000, 0xaac00000, 0xaac00000)
 concurrent-mark-sweep perm gen total 35404K, used 22529K [0xaac00000, 0xace93000, 0xb2c00000)
}
2015-02-20T15:59:21.946-0600: 2290.401: Total time for which application threads were stopped: 0.0147270 seconds
{Heap before GC invocations=512 (full 1):
 par new generation   total 109248K, used 87434K [0x8ac00000, 0x92c00000, 0x92c00000)
  eden space 87424K, 100% used [0x8ac00000, 0x90160000, 0x90160000)
  from space 21824K,   0% used [0x916b0000, 0x916b2800, 0x92c00000)
  to   space 21824K,   0% used [0x90160000, 0x90160000, 0x916b0000)
 concurrent mark-sweep generation total 393216K, used 12713K [0x92c00000, 0xaac00000, 0xaac00000)
 concurrent-mark-sweep perm gen total 35404K, used 22529K [0xaac00000, 0xace93000, 0xb2c00000)
2015-02-20T15:59:23.411-0600: 2291.866: [GC2015-02-20T15:59:23.411-0600: 2291.866: [ParNew
Desired survivor size 20112996 bytes, new threshold 8 (max 8)
- age   1:       1072 bytes,       1072 total
- age   2:        200 bytes,       1272 total
- age   3:        376 bytes,       1648 total
- age   4:        200 bytes,       1848 total
- age   5:        400 bytes,       2248 total
- age   6:        200 bytes,       2448 total
- age   7:        272 bytes,       2720 total
- age   8:        376 bytes,       3096 total
: 87434K->8K(109248K), 0.0059420 secs] 100147K->12721K(502464K), 0.0061570 secs] [Times: user=0.01 sys=0.00, real=0.00 secs] 
Heap after GC invocations=513 (full 1):
 par new generation   total 109248K, used 8K [0x8ac00000, 0x92c00000, 0x92c00000)
  eden space 87424K,   0% used [0x8ac00000, 0x8ac00000, 0x90160000)
  from space 21824K,   0% used [0x90160000, 0x90162000, 0x916b0000)
  to   space 21824K,   0% used [0x916b0000, 0x916b0000, 0x92c00000)
 concurrent mark-sweep generation total 393216K, used 12713K [0x92c00000, 0xaac00000, 0xaac00000)
 concurrent-mark-sweep perm gen total 35404K, used 22529K [0xaac00000, 0xace93000, 0xb2c00000)
}
2015-02-20T15:59:23.417-0600: 2291.872: Total time for which application threads were stopped: 0.0088400 seconds
{Heap before GC invocations=513 (full 1):
 par new generation   total 109248K, used 87432K [0x8ac00000, 0x92c00000, 0x92c00000)
  eden space 87424K, 100% used [0x8ac00000, 0x90160000, 0x90160000)
  from space 21824K,   0% used [0x90160000, 0x90162000, 0x916b0000)
  to   space 21824K,   0% used [0x916b0000, 0x916b0000, 0x92c00000)
 concurrent mark-sweep generation total 393216K, used 12713K [0x92c00000, 0xaac00000, 0xaac00000)
 concurrent-mark-sweep perm gen total 35404K, used 22529K [0xaac00000, 0xace93000, 0xb2c00000)
2015-02-20T15:59:24.878-0600: 2293.333: [GC2015-02-20T15:59:24.878-0600: 2293.333: [ParNew
Desired survivor size 20112996 bytes, new threshold 8 (max 8)
- age   1:        800 bytes,        800 total
- age   2:        400 bytes,       1200 total
- age   3:        200 bytes,       1400 total
- age   4:        376 bytes,       1776 total
- age   5:        200 bytes,       1976 total
- age   6:        400 bytes,       2376 total
- age   7:        200 bytes,       2576 total
- age   8:        272 bytes,       2848 total
: 87432K->6K(109248K), 0.0139790 secs] 100145K->12719K(502464K), 0.0141650 secs] [Times: user=0.02 sys=0.00, real=0.01 secs] 
Heap after GC invocations=514 (full 1):
 par new generation   total 109248K, used 6K [0x8ac00000, 0x92c00000, 0x92c00000)
  eden space 87424K,   0% used [0x8ac00000, 0x8ac00000, 0x90160000)
  from space 21824K,   0% used [0x916b0000, 0x916b1800, 0x92c00000)
  to   space 21824K,   0% used [0x90160000, 0x90160000, 0x916b0000)
 concurrent mark-sweep generation total 393216K, used 12713K [0x92c00000, 0xaac00000, 0xaac00000)
 concurrent-mark-sweep perm gen total 35404K, used 22529K [0xaac00000, 0xace93000, 0xb2c00000)
}
2015-02-20T15:59:24.892-0600: 2293.347: Total time for which application threads were stopped: 0.0168520 seconds
{Heap before GC invocations=514 (full 1):
 par new generation   total 109248K, used 87430K [0x8ac00000, 0x92c00000, 0x92c00000)
  eden space 87424K, 100% used [0x8ac00000, 0x90160000, 0x90160000)
  from space 21824K,   0% used [0x916b0000, 0x916b1800, 0x92c00000)
  to   space 21824K,   0% used [0x90160000, 0x90160000, 0x916b0000)
 concurrent mark-sweep generation total 393216K, used 12713K [0x92c00000, 0xaac00000, 0xaac00000)
 concurrent-mark-sweep perm gen total 35404K, used 22529K [0xaac00000, 0xace93000, 0xb2c00000)
2015-02-20T15:59:26.376-0600: 2294.831: [GC2015-02-20T15:59:26.376-0600: 2294.831: [ParNew
Desired survivor size 20112996 bytes, new threshold 8 (max 8)
- age   1:       1176 bytes,       1176 total
- age   2:        224 bytes,       1400 total
- age   3:        376 bytes,       1776 total
- age   4:        200 bytes,       1976 total
- age   5:        376 bytes,       2352 total
- age   6:        200 bytes,       2552 total
- age   7:        400 bytes,       2952 total
- age   8:        200 bytes,       3152 total
: 87430K->6K(109248K), 0.0076810 secs] 100143K->12720K(502464K), 0.0078650 secs] [Times: user=0.01 sys=0.00, real=0.01 secs] 
Heap after GC invocations=515 (full 1):
 par new generation   total 109248K, used 6K [0x8ac00000, 0x92c00000, 0x92c00000)
  eden space 87424K,   0% used [0x8ac00000, 0x8ac00000, 0x90160000)
  from space 21824K,   0% used [0x90160000, 0x90161800, 0x916b0000)
  to   space 21824K,   0% used [0x916b0000, 0x916b0000, 0x92c00000)
 concurrent mark-sweep generation total 393216K, used 12714K [0x92c00000, 0xaac00000, 0xaac00000)
 concurrent-mark-sweep perm gen total 35404K, used 22529K [0xaac00000, 0xace93000, 0xb2c00000)
}
2015-02-20T15:59:26.384-0600: 2294.839: Total time for which application threads were stopped: 0.0106600 seconds
{Heap before GC invocations=515 (full 1):
 par new generation   total 109248K, used 87430K [0x8ac00000, 0x92c00000, 0x92c00000)
  eden space 87424K, 100% used [0x8ac00000, 0x90160000, 0x90160000)
  from space 21824K,   0% used [0x90160000, 0x90161800, 0x916b0000)
  to   space 21824K,   0% used [0x916b0000, 0x916b0000, 0x92c00000)
 concurrent mark-sweep generation total 393216K, used 12714K [0x92c00000, 0xaac00000, 0xaac00000)
 concurrent-mark-sweep perm gen total 35404K, used 22529K [0xaac00000, 0xace93000, 0xb2c00000)
2015-02-20T15:59:27.872-0600: 2296.327: [GC2015-02-20T15:59:27.872-0600: 2296.327: [ParNew
Desired survivor size 20112996 bytes, new threshold 8 (max 8)
- age   1:        912 bytes,        912 total
- age   2:        528 bytes,       1440 total
- age   3:        224 bytes,       1664 total
- age   4:        376 bytes,       2040 total
- age   5:        200 bytes,       2240 total
- age   6:        376 bytes,       2616 total
- age   7:        200 bytes,       2816 total
- age   8:        400 bytes,       3216 total
: 87430K->8K(109248K), 0.0145110 secs] 100144K->12722K(502464K), 0.0147710 secs] [Times: user=0.03 sys=0.00, real=0.01 secs] 
Heap after GC invocations=516 (full 1):
 par new generation   total 109248K, used 8K [0x8ac00000, 0x92c00000, 0x92c00000)
  eden space 87424K,   0% used [0x8ac00000, 0x8ac00000, 0x90160000)
  from space 21824K,   0% used [0x916b0000, 0x916b2000, 0x92c00000)
  to   space 21824K,   0% used [0x90160000, 0x90160000, 0x916b0000)
 concurrent mark-sweep generation total 393216K, used 12714K [0x92c00000, 0xaac00000, 0xaac00000)
 concurrent-mark-sweep perm gen total 35404K, used 22529K [0xaac00000, 0xace93000, 0xb2c00000)
}
2015-02-20T15:59:27.887-0600: 2296.342: Total time for which application threads were stopped: 0.0175090 seconds
{Heap before GC invocations=516 (full 1):
 par new generation   total 109248K, used 87432K [0x8ac00000, 0x92c00000, 0x92c00000)
  eden space 87424K, 100% used [0x8ac00000, 0x90160000, 0x90160000)
  from space 21824K,   0% used [0x916b0000, 0x916b2000, 0x92c00000)
  to   space 21824K,   0% used [0x90160000, 0x90160000, 0x916b0000)
 concurrent mark-sweep generation total 393216K, used 12714K [0x92c00000, 0xaac00000, 0xaac00000)
 concurrent-mark-sweep perm gen total 35404K, used 22529K [0xaac00000, 0xace93000, 0xb2c00000)
2015-02-20T15:59:29.334-0600: 2297.789: [GC2015-02-20T15:59:29.334-0600: 2297.789: [ParNew
Desired survivor size 20112996 bytes, new threshold 8 (max 8)
- age   1:       1048 bytes,       1048 total
- age   2:        360 bytes,       1408 total
- age   3:        400 bytes,       1808 total
- age   4:        224 bytes,       2032 total
- age   5:        376 bytes,       2408 total
- age   6:        200 bytes,       2608 total
- age   7:        376 bytes,       2984 total
- age   8:        200 bytes,       3184 total
: 87432K->6K(109248K), 0.0082990 secs] 100146K->12720K(502464K), 0.0084970 secs] [Times: user=0.02 sys=0.00, real=0.01 secs] 
Heap after GC invocations=517 (full 1):
 par new generation   total 109248K, used 6K [0x8ac00000, 0x92c00000, 0x92c00000)
  eden space 87424K,   0% used [0x8ac00000, 0x8ac00000, 0x90160000)
  from space 21824K,   0% used [0x90160000, 0x90161800, 0x916b0000)
  to   space 21824K,   0% used [0x916b0000, 0x916b0000, 0x92c00000)
 concurrent mark-sweep generation total 393216K, used 12714K [0x92c00000, 0xaac00000, 0xaac00000)
 concurrent-mark-sweep perm gen total 35404K, used 22529K [0xaac00000, 0xace93000, 0xb2c00000)
}
2015-02-20T15:59:29.342-0600: 2297.797: Total time for which application threads were stopped: 0.0113940 seconds
{Heap before GC invocations=517 (full 1):
 par new generation   total 109248K, used 87430K [0x8ac00000, 0x92c00000, 0x92c00000)
  eden space 87424K, 100% used [0x8ac00000, 0x90160000, 0x90160000)
  from space 21824K,   0% used [0x90160000, 0x90161800, 0x916b0000)
  to   space 21824K,   0% used [0x916b0000, 0x916b0000, 0x92c00000)
 concurrent mark-sweep generation total 393216K, used 12714K [0x92c00000, 0xaac00000, 0xaac00000)
 concurrent-mark-sweep perm gen total 35404K, used 22529K [0xaac00000, 0xace93000, 0xb2c00000)
2015-02-20T15:59:30.802-0600: 2299.257: [GC2015-02-20T15:59:30.802-0600: 2299.257: [ParNew
Desired survivor size 20112996 bytes, new threshold 8 (max 8)
- age   1:        720 bytes,        720 total
- age   2:        400 bytes,       1120 total
- age   3:        360 bytes,       1480 total
- age   4:        400 bytes,       1880 total
- age   5:        224 bytes,       2104 total
- age   6:        376 bytes,       2480 total
- age   7:        200 bytes,       2680 total
- age   8:        376 bytes,       3056 total
: 87430K->6K(109248K), 0.0072700 secs] 100144K->12720K(502464K), 0.0074910 secs] [Times: user=0.01 sys=0.00, real=0.01 secs] 
Heap after GC invocations=518 (full 1):
 par new generation   total 109248K, used 6K [0x8ac00000, 0x92c00000, 0x92c00000)
  eden space 87424K,   0% used [0x8ac00000, 0x8ac00000, 0x90160000)
  from space 21824K,   0% used [0x916b0000, 0x916b1800, 0x92c00000)
  to   space 21824K,   0% used [0x90160000, 0x90160000, 0x916b0000)
 concurrent mark-sweep generation total 393216K, used 12714K [0x92c00000, 0xaac00000, 0xaac00000)
 concurrent-mark-sweep perm gen total 35404K, used 22529K [0xaac00000, 0xace93000, 0xb2c00000)
}
2015-02-20T15:59:30.810-0600: 2299.265: Total time for which application threads were stopped: 0.0104140 seconds
{Heap before GC invocations=518 (full 1):
 par new generation   total 109248K, used 87430K [0x8ac00000, 0x92c00000, 0x92c00000)
  eden space 87424K, 100% used [0x8ac00000, 0x90160000, 0x90160000)
  from space 21824K,   0% used [0x916b0000, 0x916b1800, 0x92c00000)
  to   space 21824K,   0% used [0x90160000, 0x90160000, 0x916b0000)
 concurrent mark-sweep generation total 393216K, used 12714K [0x92c00000, 0xaac00000, 0xaac00000)
 concurrent-mark-sweep perm gen total 35404K, used 22529K [0xaac00000, 0xace93000, 0xb2c00000)
2015-02-20T15:59:32.216-0600: 2300.672: [GC2015-02-20T15:59:32.217-0600: 2300.672: [ParNew
Desired survivor size 20112996 bytes, new threshold 8 (max 8)
- age   1:        768 bytes,        768 total
- age   2:        304 bytes,       1072 total
- age   3:        376 bytes,       1448 total
- age   4:        360 bytes,       1808 total
- age   5:        400 bytes,       2208 total
- age   6:        224 bytes,       2432 total
- age   7:        376 bytes,       2808 total
- age   8:        200 bytes,       3008 total
: 87430K->6K(109248K), 0.0078380 secs] 100144K->12721K(502464K), 0.0080400 secs] [Times: user=0.02 sys=0.00, real=0.01 secs] 
Heap after GC invocations=519 (full 1):
 par new generation   total 109248K, used 6K [0x8ac00000, 0x92c00000, 0x92c00000)
  eden space 87424K,   0% used [0x8ac00000, 0x8ac00000, 0x90160000)
  from space 21824K,   0% used [0x90160000, 0x90161800, 0x916b0000)
  to   space 21824K,   0% used [0x916b0000, 0x916b0000, 0x92c00000)
 concurrent mark-sweep generation total 393216K, used 12715K [0x92c00000, 0xaac00000, 0xaac00000)
 concurrent-mark-sweep perm gen total 35404K, used 22529K [0xaac00000, 0xace93000, 0xb2c00000)
}
2015-02-20T15:59:32.225-0600: 2300.680: Total time for which application threads were stopped: 0.0111270 seconds
{Heap before GC invocations=519 (full 1):
 par new generation   total 109248K, used 87430K [0x8ac00000, 0x92c00000, 0x92c00000)
  eden space 87424K, 100% used [0x8ac00000, 0x90160000, 0x90160000)
  from space 21824K,   0% used [0x90160000, 0x90161800, 0x916b0000)
  to   space 21824K,   0% used [0x916b0000, 0x916b0000, 0x92c00000)
 concurrent mark-sweep generation total 393216K, used 12715K [0x92c00000, 0xaac00000, 0xaac00000)
 concurrent-mark-sweep perm gen total 35404K, used 22529K [0xaac00000, 0xace93000, 0xb2c00000)
2015-02-20T15:59:33.670-0600: 2302.125: [GC2015-02-20T15:59:33.670-0600: 2302.125: [ParNew
Desired survivor size 20112996 bytes, new threshold 8 (max 8)
- age   1:       1136 bytes,       1136 total
- age   2:        216 bytes,       1352 total
- age   3:        176 bytes,       1528 total
- age   4:        376 bytes,       1904 total
- age   5:        360 bytes,       2264 total
- age   6:        400 bytes,       2664 total
- age   7:        224 bytes,       2888 total
- age   8:        376 bytes,       3264 total
: 87430K->6K(109248K), 0.0075990 secs] 100145K->12721K(502464K), 0.0078230 secs] [Times: user=0.02 sys=0.00, real=0.01 secs] 
Heap after GC invocations=520 (full 1):
 par new generation   total 109248K, used 6K [0x8ac00000, 0x92c00000, 0x92c00000)
  eden space 87424K,   0% used [0x8ac00000, 0x8ac00000, 0x90160000)
  from space 21824K,   0% used [0x916b0000, 0x916b1800, 0x92c00000)
  to   space 21824K,   0% used [0x90160000, 0x90160000, 0x916b0000)
 concurrent mark-sweep generation total 393216K, used 12715K [0x92c00000, 0xaac00000, 0xaac00000)
 concurrent-mark-sweep perm gen total 35404K, used 22529K [0xaac00000, 0xace93000, 0xb2c00000)
}
2015-02-20T15:59:33.678-0600: 2302.133: Total time for which application threads were stopped: 0.0107380 seconds
{Heap before GC invocations=520 (full 1):
 par new generation   total 109248K, used 87430K [0x8ac00000, 0x92c00000, 0x92c00000)
  eden space 87424K, 100% used [0x8ac00000, 0x90160000, 0x90160000)
  from space 21824K,   0% used [0x916b0000, 0x916b1800, 0x92c00000)
  to   space 21824K,   0% used [0x90160000, 0x90160000, 0x916b0000)
 concurrent mark-sweep generation total 393216K, used 12715K [0x92c00000, 0xaac00000, 0xaac00000)
 concurrent-mark-sweep perm gen total 35404K, used 22529K [0xaac00000, 0xace93000, 0xb2c00000)
2015-02-20T15:59:35.128-0600: 2303.583: [GC2015-02-20T15:59:35.128-0600: 2303.583: [ParNew
Desired survivor size 20112996 bytes, new threshold 8 (max 8)
- age   1:        976 bytes,        976 total
- age   2:        360 bytes,       1336 total
- age   3:        216 bytes,       1552 total
- age   4:        176 bytes,       1728 total
- age   5:        376 bytes,       2104 total
- age   6:        360 bytes,       2464 total
- age   7:        400 bytes,       2864 total
- age   8:        224 bytes,       3088 total
: 87430K->6K(109248K), 0.0154620 secs] 100145K->12721K(502464K), 0.0156290 secs] [Times: user=0.02 sys=0.01, real=0.01 secs] 
Heap after GC invocations=521 (full 1):
 par new generation   total 109248K, used 6K [0x8ac00000, 0x92c00000, 0x92c00000)
  eden space 87424K,   0% used [0x8ac00000, 0x8ac00000, 0x90160000)
  from space 21824K,   0% used [0x90160000, 0x90161800, 0x916b0000)
  to   space 21824K,   0% used [0x916b0000, 0x916b0000, 0x92c00000)
 concurrent mark-sweep generation total 393216K, used 12715K [0x92c00000, 0xaac00000, 0xaac00000)
 concurrent-mark-sweep perm gen total 35404K, used 22529K [0xaac00000, 0xace93000, 0xb2c00000)
}
2015-02-20T15:59:35.144-0600: 2303.599: Total time for which application threads were stopped: 0.0185230 seconds
{Heap before GC invocations=521 (full 1):
 par new generation   total 109248K, used 87430K [0x8ac00000, 0x92c00000, 0x92c00000)
  eden space 87424K, 100% used [0x8ac00000, 0x90160000, 0x90160000)
  from space 21824K,   0% used [0x90160000, 0x90161800, 0x916b0000)
  to   space 21824K,   0% used [0x916b0000, 0x916b0000, 0x92c00000)
 concurrent mark-sweep generation total 393216K, used 12715K [0x92c00000, 0xaac00000, 0xaac00000)
 concurrent-mark-sweep perm gen total 35404K, used 22529K [0xaac00000, 0xace93000, 0xb2c00000)
2015-02-20T15:59:36.595-0600: 2305.050: [GC2015-02-20T15:59:36.595-0600: 2305.050: [ParNew
Desired survivor size 20112996 bytes, new threshold 8 (max 8)
- age   1:       1088 bytes,       1088 total
- age   2:        400 bytes,       1488 total
- age   3:        360 bytes,       1848 total
- age   4:        216 bytes,       2064 total
- age   5:        176 bytes,       2240 total
- age   6:        376 bytes,       2616 total
- age   7:        360 bytes,       2976 total
- age   8:        400 bytes,       3376 total
: 87430K->8K(109248K), 0.0052260 secs] 100145K->12723K(502464K), 0.0054190 secs] [Times: user=0.01 sys=0.00, real=0.01 secs] 
Heap after GC invocations=522 (full 1):
 par new generation   total 109248K, used 8K [0x8ac00000, 0x92c00000, 0x92c00000)
  eden space 87424K,   0% used [0x8ac00000, 0x8ac00000, 0x90160000)
  from space 21824K,   0% used [0x916b0000, 0x916b2000, 0x92c00000)
  to   space 21824K,   0% used [0x90160000, 0x90160000, 0x916b0000)
 concurrent mark-sweep generation total 393216K, used 12715K [0x92c00000, 0xaac00000, 0xaac00000)
 concurrent-mark-sweep perm gen total 35404K, used 22529K [0xaac00000, 0xace93000, 0xb2c00000)
}
2015-02-20T15:59:36.600-0600: 2305.055: Total time for which application threads were stopped: 0.0085120 seconds
{Heap before GC invocations=522 (full 1):
 par new generation   total 109248K, used 87432K [0x8ac00000, 0x92c00000, 0x92c00000)
  eden space 87424K, 100% used [0x8ac00000, 0x90160000, 0x90160000)
  from space 21824K,   0% used [0x916b0000, 0x916b2000, 0x92c00000)
  to   space 21824K,   0% used [0x90160000, 0x90160000, 0x916b0000)
 concurrent mark-sweep generation total 393216K, used 12715K [0x92c00000, 0xaac00000, 0xaac00000)
 concurrent-mark-sweep perm gen total 35404K, used 22529K [0xaac00000, 0xace93000, 0xb2c00000)
2015-02-20T15:59:38.044-0600: 2306.499: [GC2015-02-20T15:59:38.044-0600: 2306.499: [ParNew
Desired survivor size 20112996 bytes, new threshold 8 (max 8)
- age   1:        864 bytes,        864 total
- age   2:        304 bytes,       1168 total
- age   3:        376 bytes,       1544 total
- age   4:        360 bytes,       1904 total
- age   5:        216 bytes,       2120 total
- age   6:        176 bytes,       2296 total
- age   7:        376 bytes,       2672 total
- age   8:        360 bytes,       3032 total
: 87432K->8K(109248K), 0.0062590 secs] 100147K->12724K(502464K), 0.0064890 secs] [Times: user=0.00 sys=0.01, real=0.01 secs] 
Heap after GC invocations=523 (full 1):
 par new generation   total 109248K, used 8K [0x8ac00000, 0x92c00000, 0x92c00000)
  eden space 87424K,   0% used [0x8ac00000, 0x8ac00000, 0x90160000)
  from space 21824K,   0% used [0x90160000, 0x90162000, 0x916b0000)
  to   space 21824K,   0% used [0x916b0000, 0x916b0000, 0x92c00000)
 concurrent mark-sweep generation total 393216K, used 12716K [0x92c00000, 0xaac00000, 0xaac00000)
 concurrent-mark-sweep perm gen total 35404K, used 22529K [0xaac00000, 0xace93000, 0xb2c00000)
}
2015-02-20T15:59:38.051-0600: 2306.506: Total time for which application threads were stopped: 0.0092310 seconds
{Heap before GC invocations=523 (full 1):
 par new generation   total 109248K, used 87432K [0x8ac00000, 0x92c00000, 0x92c00000)
  eden space 87424K, 100% used [0x8ac00000, 0x90160000, 0x90160000)
  from space 21824K,   0% used [0x90160000, 0x90162000, 0x916b0000)
  to   space 21824K,   0% used [0x916b0000, 0x916b0000, 0x92c00000)
 concurrent mark-sweep generation total 393216K, used 12716K [0x92c00000, 0xaac00000, 0xaac00000)
 concurrent-mark-sweep perm gen total 35404K, used 22529K [0xaac00000, 0xace93000, 0xb2c00000)
2015-02-20T15:59:39.482-0600: 2307.937: [GC2015-02-20T15:59:39.482-0600: 2307.937: [ParNew
Desired survivor size 20112996 bytes, new threshold 8 (max 8)
- age   1:       1312 bytes,       1312 total
- age   2:        216 bytes,       1528 total
- age   3:        176 bytes,       1704 total
- age   4:        376 bytes,       2080 total
- age   5:        360 bytes,       2440 total
- age   6:        216 bytes,       2656 total
- age   7:        176 bytes,       2832 total
- age   8:        376 bytes,       3208 total
: 87432K->8K(109248K), 0.0059510 secs] 100148K->12724K(502464K), 0.0061560 secs] [Times: user=0.00 sys=0.01, real=0.01 secs] 
Heap after GC invocations=524 (full 1):
 par new generation   total 109248K, used 8K [0x8ac00000, 0x92c00000, 0x92c00000)
  eden space 87424K,   0% used [0x8ac00000, 0x8ac00000, 0x90160000)
  from space 21824K,   0% used [0x916b0000, 0x916b2000, 0x92c00000)
  to   space 21824K,   0% used [0x90160000, 0x90160000, 0x916b0000)
 concurrent mark-sweep generation total 393216K, used 12716K [0x92c00000, 0xaac00000, 0xaac00000)
 concurrent-mark-sweep perm gen total 35404K, used 22529K [0xaac00000, 0xace93000, 0xb2c00000)
}
2015-02-20T15:59:39.488-0600: 2307.943: Total time for which application threads were stopped: 0.0088940 seconds
{Heap before GC invocations=524 (full 1):
 par new generation   total 109248K, used 87432K [0x8ac00000, 0x92c00000, 0x92c00000)
  eden space 87424K, 100% used [0x8ac00000, 0x90160000, 0x90160000)
  from space 21824K,   0% used [0x916b0000, 0x916b2000, 0x92c00000)
  to   space 21824K,   0% used [0x90160000, 0x90160000, 0x916b0000)
 concurrent mark-sweep generation total 393216K, used 12716K [0x92c00000, 0xaac00000, 0xaac00000)
 concurrent-mark-sweep perm gen total 35404K, used 22529K [0xaac00000, 0xace93000, 0xb2c00000)
2015-02-20T15:59:40.931-0600: 2309.386: [GC2015-02-20T15:59:40.931-0600: 2309.386: [ParNew
Desired survivor size 20112996 bytes, new threshold 8 (max 8)
- age   1:       1080 bytes,       1080 total
- age   2:        408 bytes,       1488 total
- age   3:        216 bytes,       1704 total
- age   4:        176 bytes,       1880 total
- age   5:        376 bytes,       2256 total
- age   6:        360 bytes,       2616 total
- age   7:        216 bytes,       2832 total
- age   8:        176 bytes,       3008 total
: 87432K->8K(109248K), 0.0064040 secs] 100148K->12725K(502464K), 0.0066880 secs] [Times: user=0.01 sys=0.00, real=0.00 secs] 
Heap after GC invocations=525 (full 1):
 par new generation   total 109248K, used 8K [0x8ac00000, 0x92c00000, 0x92c00000)
  eden space 87424K,   0% used [0x8ac00000, 0x8ac00000, 0x90160000)
  from space 21824K,   0% used [0x90160000, 0x90162000, 0x916b0000)
  to   space 21824K,   0% used [0x916b0000, 0x916b0000, 0x92c00000)
 concurrent mark-sweep generation total 393216K, used 12717K [0x92c00000, 0xaac00000, 0xaac00000)
 concurrent-mark-sweep perm gen total 35404K, used 22529K [0xaac00000, 0xace93000, 0xb2c00000)
}
2015-02-20T15:59:40.937-0600: 2309.392: Total time for which application threads were stopped: 0.0096200 seconds
{Heap before GC invocations=525 (full 1):
 par new generation   total 109248K, used 87432K [0x8ac00000, 0x92c00000, 0x92c00000)
  eden space 87424K, 100% used [0x8ac00000, 0x90160000, 0x90160000)
  from space 21824K,   0% used [0x90160000, 0x90162000, 0x916b0000)
  to   space 21824K,   0% used [0x916b0000, 0x916b0000, 0x92c00000)
 concurrent mark-sweep generation total 393216K, used 12717K [0x92c00000, 0xaac00000, 0xaac00000)
 concurrent-mark-sweep perm gen total 35404K, used 22529K [0xaac00000, 0xace93000, 0xb2c00000)
2015-02-20T15:59:42.369-0600: 2310.824: [GC2015-02-20T15:59:42.369-0600: 2310.824: [ParNew
Desired survivor size 20112996 bytes, new threshold 8 (max 8)
- age   1:        912 bytes,        912 total
- age   2:        304 bytes,       1216 total
- age   3:        384 bytes,       1600 total
- age   4:        216 bytes,       1816 total
- age   5:        176 bytes,       1992 total
- age   6:        376 bytes,       2368 total
- age   7:        360 bytes,       2728 total
- age   8:        216 bytes,       2944 total
: 87432K->6K(109248K), 0.0116520 secs] 100149K->12723K(502464K), 0.0118680 secs] [Times: user=0.02 sys=0.00, real=0.01 secs] 
Heap after GC invocations=526 (full 1):
 par new generation   total 109248K, used 6K [0x8ac00000, 0x92c00000, 0x92c00000)
  eden space 87424K,   0% used [0x8ac00000, 0x8ac00000, 0x90160000)
  from space 21824K,   0% used [0x916b0000, 0x916b1800, 0x92c00000)
  to   space 21824K,   0% used [0x90160000, 0x90160000, 0x916b0000)
 concurrent mark-sweep generation total 393216K, used 12717K [0x92c00000, 0xaac00000, 0xaac00000)
 concurrent-mark-sweep perm gen total 35404K, used 22529K [0xaac00000, 0xace93000, 0xb2c00000)
}
2015-02-20T15:59:42.381-0600: 2310.836: Total time for which application threads were stopped: 0.0148550 seconds
{Heap before GC invocations=526 (full 1):
 par new generation   total 109248K, used 87430K [0x8ac00000, 0x92c00000, 0x92c00000)
  eden space 87424K, 100% used [0x8ac00000, 0x90160000, 0x90160000)
  from space 21824K,   0% used [0x916b0000, 0x916b1800, 0x92c00000)
  to   space 21824K,   0% used [0x90160000, 0x90160000, 0x916b0000)
 concurrent mark-sweep generation total 393216K, used 12717K [0x92c00000, 0xaac00000, 0xaac00000)
 concurrent-mark-sweep perm gen total 35404K, used 22529K [0xaac00000, 0xace93000, 0xb2c00000)
2015-02-20T15:59:43.781-0600: 2312.236: [GC2015-02-20T15:59:43.781-0600: 2312.236: [ParNew
Desired survivor size 20112996 bytes, new threshold 8 (max 8)
- age   1:       1160 bytes,       1160 total
- age   2:        216 bytes,       1376 total
- age   3:        176 bytes,       1552 total
- age   4:        384 bytes,       1936 total
- age   5:        216 bytes,       2152 total
- age   6:        176 bytes,       2328 total
- age   7:        376 bytes,       2704 total
- age   8:        360 bytes,       3064 total
: 87430K->8K(109248K), 0.0054150 secs] 100147K->12725K(502464K), 0.0056200 secs] [Times: user=0.01 sys=0.00, real=0.00 secs] 
Heap after GC invocations=527 (full 1):
 par new generation   total 109248K, used 8K [0x8ac00000, 0x92c00000, 0x92c00000)
  eden space 87424K,   0% used [0x8ac00000, 0x8ac00000, 0x90160000)
  from space 21824K,   0% used [0x90160000, 0x90162000, 0x916b0000)
  to   space 21824K,   0% used [0x916b0000, 0x916b0000, 0x92c00000)
 concurrent mark-sweep generation total 393216K, used 12717K [0x92c00000, 0xaac00000, 0xaac00000)
 concurrent-mark-sweep perm gen total 35404K, used 22529K [0xaac00000, 0xace93000, 0xb2c00000)
}
2015-02-20T15:59:43.787-0600: 2312.242: Total time for which application threads were stopped: 0.0084080 seconds
{Heap before GC invocations=527 (full 1):
 par new generation   total 109248K, used 87432K [0x8ac00000, 0x92c00000, 0x92c00000)
  eden space 87424K, 100% used [0x8ac00000, 0x90160000, 0x90160000)
  from space 21824K,   0% used [0x90160000, 0x90162000, 0x916b0000)
  to   space 21824K,   0% used [0x916b0000, 0x916b0000, 0x92c00000)
 concurrent mark-sweep generation total 393216K, used 12717K [0x92c00000, 0xaac00000, 0xaac00000)
 concurrent-mark-sweep perm gen total 35404K, used 22529K [0xaac00000, 0xace93000, 0xb2c00000)
2015-02-20T15:59:45.233-0600: 2313.688: [GC2015-02-20T15:59:45.233-0600: 2313.688: [ParNew
Desired survivor size 20112996 bytes, new threshold 8 (max 8)
- age   1:       1056 bytes,       1056 total
- age   2:        384 bytes,       1440 total
- age   3:        216 bytes,       1656 total
- age   4:        176 bytes,       1832 total
- age   5:        384 bytes,       2216 total
- age   6:        216 bytes,       2432 total
- age   7:        176 bytes,       2608 total
- age   8:        376 bytes,       2984 total
: 87432K->8K(109248K), 0.0238370 secs] 100149K->12725K(502464K), 0.0240160 secs] [Times: user=0.03 sys=0.00, real=0.02 secs] 
Heap after GC invocations=528 (full 1):
 par new generation   total 109248K, used 8K [0x8ac00000, 0x92c00000, 0x92c00000)
  eden space 87424K,   0% used [0x8ac00000, 0x8ac00000, 0x90160000)
  from space 21824K,   0% used [0x916b0000, 0x916b2000, 0x92c00000)
  to   space 21824K,   0% used [0x90160000, 0x90160000, 0x916b0000)
 concurrent mark-sweep generation total 393216K, used 12717K [0x92c00000, 0xaac00000, 0xaac00000)
 concurrent-mark-sweep perm gen total 35404K, used 22529K [0xaac00000, 0xace93000, 0xb2c00000)
}
2015-02-20T15:59:45.257-0600: 2313.712: Total time for which application threads were stopped: 0.0295530 seconds
{Heap before GC invocations=528 (full 1):
 par new generation   total 109248K, used 87432K [0x8ac00000, 0x92c00000, 0x92c00000)
  eden space 87424K, 100% used [0x8ac00000, 0x90160000, 0x90160000)
  from space 21824K,   0% used [0x916b0000, 0x916b2000, 0x92c00000)
  to   space 21824K,   0% used [0x90160000, 0x90160000, 0x916b0000)
 concurrent mark-sweep generation total 393216K, used 12717K [0x92c00000, 0xaac00000, 0xaac00000)
 concurrent-mark-sweep perm gen total 35404K, used 22529K [0xaac00000, 0xace93000, 0xb2c00000)
2015-02-20T15:59:46.687-0600: 2315.142: [GC2015-02-20T15:59:46.687-0600: 2315.142: [ParNew
Desired survivor size 20112996 bytes, new threshold 8 (max 8)
- age   1:       1120 bytes,       1120 total
- age   2:        400 bytes,       1520 total
- age   3:        384 bytes,       1904 total
- age   4:        216 bytes,       2120 total
- age   5:        176 bytes,       2296 total
- age   6:        384 bytes,       2680 total
- age   7:        216 bytes,       2896 total
- age   8:        176 bytes,       3072 total
: 87432K->6K(109248K), 0.0154920 secs] 100149K->12724K(502464K), 0.0157070 secs] [Times: user=0.03 sys=0.00, real=0.02 secs] 
Heap after GC invocations=529 (full 1):
 par new generation   total 109248K, used 6K [0x8ac00000, 0x92c00000, 0x92c00000)
  eden space 87424K,   0% used [0x8ac00000, 0x8ac00000, 0x90160000)
  from space 21824K,   0% used [0x90160000, 0x90161800, 0x916b0000)
  to   space 21824K,   0% used [0x916b0000, 0x916b0000, 0x92c00000)
 concurrent mark-sweep generation total 393216K, used 12718K [0x92c00000, 0xaac00000, 0xaac00000)
 concurrent-mark-sweep perm gen total 35404K, used 22529K [0xaac00000, 0xace93000, 0xb2c00000)
}
2015-02-20T15:59:46.702-0600: 2315.157: Total time for which application threads were stopped: 0.0204270 seconds
{Heap before GC invocations=529 (full 1):
 par new generation   total 109248K, used 87430K [0x8ac00000, 0x92c00000, 0x92c00000)
  eden space 87424K, 100% used [0x8ac00000, 0x90160000, 0x90160000)
  from space 21824K,   0% used [0x90160000, 0x90161800, 0x916b0000)
  to   space 21824K,   0% used [0x916b0000, 0x916b0000, 0x92c00000)
 concurrent mark-sweep generation total 393216K, used 12718K [0x92c00000, 0xaac00000, 0xaac00000)
 concurrent-mark-sweep perm gen total 35404K, used 22529K [0xaac00000, 0xace93000, 0xb2c00000)
2015-02-20T15:59:48.151-0600: 2316.606: [GC2015-02-20T15:59:48.151-0600: 2316.606: [ParNew
Desired survivor size 20112996 bytes, new threshold 8 (max 8)
- age   1:        688 bytes,        688 total
- age   2:        400 bytes,       1088 total
- age   3:        376 bytes,       1464 total
- age   4:        384 bytes,       1848 total
- age   5:        216 bytes,       2064 total
- age   6:        176 bytes,       2240 total
- age   7:        384 bytes,       2624 total
- age   8:        216 bytes,       2840 total
: 87430K->8K(109248K), 0.0054460 secs] 100148K->12726K(502464K), 0.0056490 secs] [Times: user=0.01 sys=0.00, real=0.00 secs] 
Heap after GC invocations=530 (full 1):
 par new generation   total 109248K, used 8K [0x8ac00000, 0x92c00000, 0x92c00000)
  eden space 87424K,   0% used [0x8ac00000, 0x8ac00000, 0x90160000)
  from space 21824K,   0% used [0x916b0000, 0x916b2000, 0x92c00000)
  to   space 21824K,   0% used [0x90160000, 0x90160000, 0x916b0000)
 concurrent mark-sweep generation total 393216K, used 12718K [0x92c00000, 0xaac00000, 0xaac00000)
 concurrent-mark-sweep perm gen total 35404K, used 22529K [0xaac00000, 0xace93000, 0xb2c00000)
}
2015-02-20T15:59:48.157-0600: 2316.612: Total time for which application threads were stopped: 0.0084580 seconds
{Heap before GC invocations=530 (full 1):
 par new generation   total 109248K, used 87432K [0x8ac00000, 0x92c00000, 0x92c00000)
  eden space 87424K, 100% used [0x8ac00000, 0x90160000, 0x90160000)
  from space 21824K,   0% used [0x916b0000, 0x916b2000, 0x92c00000)
  to   space 21824K,   0% used [0x90160000, 0x90160000, 0x916b0000)
 concurrent mark-sweep generation total 393216K, used 12718K [0x92c00000, 0xaac00000, 0xaac00000)
 concurrent-mark-sweep perm gen total 35404K, used 22529K [0xaac00000, 0xace93000, 0xb2c00000)
2015-02-20T15:59:49.633-0600: 2318.088: [GC2015-02-20T15:59:49.633-0600: 2318.088: [ParNew
Desired survivor size 20112996 bytes, new threshold 8 (max 8)
- age   1:       1216 bytes,       1216 total
- age   2:        216 bytes,       1432 total
- age   3:        272 bytes,       1704 total
- age   4:        376 bytes,       2080 total
- age   5:        384 bytes,       2464 total
- age   6:        216 bytes,       2680 total
- age   7:        176 bytes,       2856 total
- age   8:        384 bytes,       3240 total
: 87432K->10K(109248K), 0.0058870 secs] 100150K->12728K(502464K), 0.0061280 secs] [Times: user=0.01 sys=0.00, real=0.01 secs] 
Heap after GC invocations=531 (full 1):
 par new generation   total 109248K, used 10K [0x8ac00000, 0x92c00000, 0x92c00000)
  eden space 87424K,   0% used [0x8ac00000, 0x8ac00000, 0x90160000)
  from space 21824K,   0% used [0x90160000, 0x90162800, 0x916b0000)
  to   space 21824K,   0% used [0x916b0000, 0x916b0000, 0x92c00000)
 concurrent mark-sweep generation total 393216K, used 12718K [0x92c00000, 0xaac00000, 0xaac00000)
 concurrent-mark-sweep perm gen total 35404K, used 22529K [0xaac00000, 0xace93000, 0xb2c00000)
}
2015-02-20T15:59:49.639-0600: 2318.094: Total time for which application threads were stopped: 0.0089610 seconds
{Heap before GC invocations=531 (full 1):
 par new generation   total 109248K, used 87434K [0x8ac00000, 0x92c00000, 0x92c00000)
  eden space 87424K, 100% used [0x8ac00000, 0x90160000, 0x90160000)
  from space 21824K,   0% used [0x90160000, 0x90162800, 0x916b0000)
  to   space 21824K,   0% used [0x916b0000, 0x916b0000, 0x92c00000)
 concurrent mark-sweep generation total 393216K, used 12718K [0x92c00000, 0xaac00000, 0xaac00000)
 concurrent-mark-sweep perm gen total 35404K, used 22529K [0xaac00000, 0xace93000, 0xb2c00000)
2015-02-20T15:59:51.100-0600: 2319.555: [GC2015-02-20T15:59:51.100-0600: 2319.555: [ParNew
Desired survivor size 20112996 bytes, new threshold 8 (max 8)
- age   1:        976 bytes,        976 total
- age   2:        384 bytes,       1360 total
- age   3:        216 bytes,       1576 total
- age   4:        272 bytes,       1848 total
- age   5:        376 bytes,       2224 total
- age   6:        384 bytes,       2608 total
- age   7:        216 bytes,       2824 total
- age   8:        176 bytes,       3000 total
: 87434K->8K(109248K), 0.0056880 secs] 100152K->12726K(502464K), 0.0058850 secs] [Times: user=0.02 sys=0.00, real=0.00 secs] 
Heap after GC invocations=532 (full 1):
 par new generation   total 109248K, used 8K [0x8ac00000, 0x92c00000, 0x92c00000)
  eden space 87424K,   0% used [0x8ac00000, 0x8ac00000, 0x90160000)
  from space 21824K,   0% used [0x916b0000, 0x916b2000, 0x92c00000)
  to   space 21824K,   0% used [0x90160000, 0x90160000, 0x916b0000)
 concurrent mark-sweep generation total 393216K, used 12718K [0x92c00000, 0xaac00000, 0xaac00000)
 concurrent-mark-sweep perm gen total 35404K, used 22529K [0xaac00000, 0xace93000, 0xb2c00000)
}
2015-02-20T15:59:51.106-0600: 2319.561: Total time for which application threads were stopped: 0.0085750 seconds
{Heap before GC invocations=532 (full 1):
 par new generation   total 109248K, used 87432K [0x8ac00000, 0x92c00000, 0x92c00000)
  eden space 87424K, 100% used [0x8ac00000, 0x90160000, 0x90160000)
  from space 21824K,   0% used [0x916b0000, 0x916b2000, 0x92c00000)
  to   space 21824K,   0% used [0x90160000, 0x90160000, 0x916b0000)
 concurrent mark-sweep generation total 393216K, used 12718K [0x92c00000, 0xaac00000, 0xaac00000)
 concurrent-mark-sweep perm gen total 35404K, used 22529K [0xaac00000, 0xace93000, 0xb2c00000)
2015-02-20T15:59:52.571-0600: 2321.026: [GC2015-02-20T15:59:52.571-0600: 2321.026: [ParNew
Desired survivor size 20112996 bytes, new threshold 8 (max 8)
- age   1:        752 bytes,        752 total
- age   2:        400 bytes,       1152 total
- age   3:        384 bytes,       1536 total
- age   4:        216 bytes,       1752 total
- age   5:        272 bytes,       2024 total
- age   6:        376 bytes,       2400 total
- age   7:        384 bytes,       2784 total
- age   8:        216 bytes,       3000 total
: 87432K->8K(109248K), 0.0110910 secs] 100150K->12727K(502464K), 0.0113240 secs] [Times: user=0.02 sys=0.00, real=0.01 secs] 
Heap after GC invocations=533 (full 1):
 par new generation   total 109248K, used 8K [0x8ac00000, 0x92c00000, 0x92c00000)
  eden space 87424K,   0% used [0x8ac00000, 0x8ac00000, 0x90160000)
  from space 21824K,   0% used [0x90160000, 0x90162000, 0x916b0000)
  to   space 21824K,   0% used [0x916b0000, 0x916b0000, 0x92c00000)
 concurrent mark-sweep generation total 393216K, used 12719K [0x92c00000, 0xaac00000, 0xaac00000)
 concurrent-mark-sweep perm gen total 35404K, used 22529K [0xaac00000, 0xace93000, 0xb2c00000)
}
2015-02-20T15:59:52.582-0600: 2321.037: Total time for which application threads were stopped: 0.0142440 seconds
{Heap before GC invocations=533 (full 1):
 par new generation   total 109248K, used 87432K [0x8ac00000, 0x92c00000, 0x92c00000)
  eden space 87424K, 100% used [0x8ac00000, 0x90160000, 0x90160000)
  from space 21824K,   0% used [0x90160000, 0x90162000, 0x916b0000)
  to   space 21824K,   0% used [0x916b0000, 0x916b0000, 0x92c00000)
 concurrent mark-sweep generation total 393216K, used 12719K [0x92c00000, 0xaac00000, 0xaac00000)
 concurrent-mark-sweep perm gen total 35404K, used 22529K [0xaac00000, 0xace93000, 0xb2c00000)
2015-02-20T15:59:54.470-0600: 2322.925: [GC2015-02-20T15:59:54.470-0600: 2322.925: [ParNew
Desired survivor size 20112996 bytes, new threshold 8 (max 8)
- age   1:       1056 bytes,       1056 total
- age   2:        176 bytes,       1232 total
- age   3:        376 bytes,       1608 total
- age   4:        384 bytes,       1992 total
- age   5:        216 bytes,       2208 total
- age   6:        272 bytes,       2480 total
- age   7:        376 bytes,       2856 total
- age   8:        384 bytes,       3240 total
: 87432K->10K(109248K), 0.0064790 secs] 100151K->12729K(502464K), 0.0067250 secs] [Times: user=0.01 sys=0.00, real=0.00 secs] 
Heap after GC invocations=534 (full 1):
 par new generation   total 109248K, used 10K [0x8ac00000, 0x92c00000, 0x92c00000)
  eden space 87424K,   0% used [0x8ac00000, 0x8ac00000, 0x90160000)
  from space 21824K,   0% used [0x916b0000, 0x916b2800, 0x92c00000)
  to   space 21824K,   0% used [0x90160000, 0x90160000, 0x916b0000)
 concurrent mark-sweep generation total 393216K, used 12719K [0x92c00000, 0xaac00000, 0xaac00000)
 concurrent-mark-sweep perm gen total 35404K, used 22529K [0xaac00000, 0xace93000, 0xb2c00000)
}
2015-02-20T15:59:54.477-0600: 2322.932: Total time for which application threads were stopped: 0.0094310 seconds
{Heap before GC invocations=534 (full 1):
 par new generation   total 109248K, used 87434K [0x8ac00000, 0x92c00000, 0x92c00000)
  eden space 87424K, 100% used [0x8ac00000, 0x90160000, 0x90160000)
  from space 21824K,   0% used [0x916b0000, 0x916b2800, 0x92c00000)
  to   space 21824K,   0% used [0x90160000, 0x90160000, 0x916b0000)
 concurrent mark-sweep generation total 393216K, used 12719K [0x92c00000, 0xaac00000, 0xaac00000)
 concurrent-mark-sweep perm gen total 35404K, used 22529K [0xaac00000, 0xace93000, 0xb2c00000)
2015-02-20T15:59:55.956-0600: 2324.411: [GC2015-02-20T15:59:55.956-0600: 2324.411: [ParNew
Desired survivor size 20112996 bytes, new threshold 8 (max 8)
- age   1:        848 bytes,        848 total
- age   2:        528 bytes,       1376 total
- age   3:        176 bytes,       1552 total
- age   4:        376 bytes,       1928 total
- age   5:        384 bytes,       2312 total
- age   6:        216 bytes,       2528 total
- age   7:        272 bytes,       2800 total
- age   8:        376 bytes,       3176 total
: 87434K->4K(109248K), 0.0081470 secs] 100153K->12723K(502464K), 0.0083090 secs] [Times: user=0.01 sys=0.01, real=0.01 secs] 
Heap after GC invocations=535 (full 1):
 par new generation   total 109248K, used 4K [0x8ac00000, 0x92c00000, 0x92c00000)
  eden space 87424K,   0% used [0x8ac00000, 0x8ac00000, 0x90160000)
  from space 21824K,   0% used [0x90160000, 0x90161000, 0x916b0000)
  to   space 21824K,   0% used [0x916b0000, 0x916b0000, 0x92c00000)
 concurrent mark-sweep generation total 393216K, used 12719K [0x92c00000, 0xaac00000, 0xaac00000)
 concurrent-mark-sweep perm gen total 35404K, used 22529K [0xaac00000, 0xace93000, 0xb2c00000)
}
2015-02-20T15:59:55.964-0600: 2324.420: Total time for which application threads were stopped: 0.0112490 seconds
{Heap before GC invocations=535 (full 1):
 par new generation   total 109248K, used 87428K [0x8ac00000, 0x92c00000, 0x92c00000)
  eden space 87424K, 100% used [0x8ac00000, 0x90160000, 0x90160000)
  from space 21824K,   0% used [0x90160000, 0x90161000, 0x916b0000)
  to   space 21824K,   0% used [0x916b0000, 0x916b0000, 0x92c00000)
 concurrent mark-sweep generation total 393216K, used 12719K [0x92c00000, 0xaac00000, 0xaac00000)
 concurrent-mark-sweep perm gen total 35404K, used 22529K [0xaac00000, 0xace93000, 0xb2c00000)
2015-02-20T15:59:57.325-0600: 2325.780: [GC2015-02-20T15:59:57.325-0600: 2325.780: [ParNew
Desired survivor size 20112996 bytes, new threshold 8 (max 8)
- age   1:        984 bytes,        984 total
- age   2:        200 bytes,       1184 total
- age   3:        400 bytes,       1584 total
- age   4:        176 bytes,       1760 total
- age   5:        376 bytes,       2136 total
- age   6:        384 bytes,       2520 total
- age   7:        216 bytes,       2736 total
- age   8:        272 bytes,       3008 total
: 87428K->6K(109248K), 0.0236460 secs] 100147K->12726K(502464K), 0.0241360 secs] [Times: user=0.02 sys=0.00, real=0.03 secs] 
Heap after GC invocations=536 (full 1):
 par new generation   total 109248K, used 6K [0x8ac00000, 0x92c00000, 0x92c00000)
  eden space 87424K,   0% used [0x8ac00000, 0x8ac00000, 0x90160000)
  from space 21824K,   0% used [0x916b0000, 0x916b1800, 0x92c00000)
  to   space 21824K,   0% used [0x90160000, 0x90160000, 0x916b0000)
 concurrent mark-sweep generation total 393216K, used 12720K [0x92c00000, 0xaac00000, 0xaac00000)
 concurrent-mark-sweep perm gen total 35404K, used 22529K [0xaac00000, 0xace93000, 0xb2c00000)
}
2015-02-20T15:59:57.349-0600: 2325.804: Total time for which application threads were stopped: 0.0321390 seconds
{Heap before GC invocations=536 (full 1):
 par new generation   total 109248K, used 87430K [0x8ac00000, 0x92c00000, 0x92c00000)
  eden space 87424K, 100% used [0x8ac00000, 0x90160000, 0x90160000)
  from space 21824K,   0% used [0x916b0000, 0x916b1800, 0x92c00000)
  to   space 21824K,   0% used [0x90160000, 0x90160000, 0x916b0000)
 concurrent mark-sweep generation total 393216K, used 12720K [0x92c00000, 0xaac00000, 0xaac00000)
 concurrent-mark-sweep perm gen total 35404K, used 22529K [0xaac00000, 0xace93000, 0xb2c00000)
2015-02-20T15:59:58.530-0600: 2326.985: [GC2015-02-20T15:59:58.530-0600: 2326.985: [ParNew
Desired survivor size 20112996 bytes, new threshold 8 (max 8)
- age   1:        608 bytes,        608 total
- age   2:        480 bytes,       1088 total
- age   3:        200 bytes,       1288 total
- age   4:        400 bytes,       1688 total
- age   5:        176 bytes,       1864 total
- age   6:        376 bytes,       2240 total
- age   7:        384 bytes,       2624 total
- age   8:        216 bytes,       2840 total
: 87430K->6K(109248K), 0.0445820 secs] 100150K->12726K(502464K), 0.0447640 secs] [Times: user=0.05 sys=0.00, real=0.04 secs] 
Heap after GC invocations=537 (full 1):
 par new generation   total 109248K, used 6K [0x8ac00000, 0x92c00000, 0x92c00000)
  eden space 87424K,   0% used [0x8ac00000, 0x8ac00000, 0x90160000)
  from space 21824K,   0% used [0x90160000, 0x90161800, 0x916b0000)
  to   space 21824K,   0% used [0x916b0000, 0x916b0000, 0x92c00000)
 concurrent mark-sweep generation total 393216K, used 12720K [0x92c00000, 0xaac00000, 0xaac00000)
 concurrent-mark-sweep perm gen total 35404K, used 22529K [0xaac00000, 0xace93000, 0xb2c00000)
}
2015-02-20T15:59:58.575-0600: 2327.030: Total time for which application threads were stopped: 0.0474220 seconds
{Heap before GC invocations=537 (full 1):
 par new generation   total 109248K, used 87430K [0x8ac00000, 0x92c00000, 0x92c00000)
  eden space 87424K, 100% used [0x8ac00000, 0x90160000, 0x90160000)
  from space 21824K,   0% used [0x90160000, 0x90161800, 0x916b0000)
  to   space 21824K,   0% used [0x916b0000, 0x916b0000, 0x92c00000)
 concurrent mark-sweep generation total 393216K, used 12720K [0x92c00000, 0xaac00000, 0xaac00000)
 concurrent-mark-sweep perm gen total 35404K, used 22529K [0xaac00000, 0xace93000, 0xb2c00000)
2015-02-20T16:00:00.584-0600: 2329.039: [GC2015-02-20T16:00:00.584-0600: 2329.039: [ParNew
Desired survivor size 20112996 bytes, new threshold 8 (max 8)
- age   1:       1008 bytes,       1008 total
- age   2:        176 bytes,       1184 total
- age   3:        456 bytes,       1640 total
- age   4:        200 bytes,       1840 total
- age   5:        400 bytes,       2240 total
- age   6:        176 bytes,       2416 total
- age   7:        376 bytes,       2792 total
- age   8:        384 bytes,       3176 total
: 87430K->6K(109248K), 0.0078830 secs] 100150K->12726K(502464K), 0.0081590 secs] [Times: user=0.01 sys=0.00, real=0.01 secs] 
Heap after GC invocations=538 (full 1):
 par new generation   total 109248K, used 6K [0x8ac00000, 0x92c00000, 0x92c00000)
  eden space 87424K,   0% used [0x8ac00000, 0x8ac00000, 0x90160000)
  from space 21824K,   0% used [0x916b0000, 0x916b1800, 0x92c00000)
  to   space 21824K,   0% used [0x90160000, 0x90160000, 0x916b0000)
 concurrent mark-sweep generation total 393216K, used 12720K [0x92c00000, 0xaac00000, 0xaac00000)
 concurrent-mark-sweep perm gen total 35404K, used 22529K [0xaac00000, 0xace93000, 0xb2c00000)
}
2015-02-20T16:00:00.592-0600: 2329.047: Total time for which application threads were stopped: 0.0108820 seconds
{Heap before GC invocations=538 (full 1):
 par new generation   total 109248K, used 87430K [0x8ac00000, 0x92c00000, 0x92c00000)
  eden space 87424K, 100% used [0x8ac00000, 0x90160000, 0x90160000)
  from space 21824K,   0% used [0x916b0000, 0x916b1800, 0x92c00000)
  to   space 21824K,   0% used [0x90160000, 0x90160000, 0x916b0000)
 concurrent mark-sweep generation total 393216K, used 12720K [0x92c00000, 0xaac00000, 0xaac00000)
 concurrent-mark-sweep perm gen total 35404K, used 22529K [0xaac00000, 0xace93000, 0xb2c00000)
2015-02-20T16:00:02.325-0600: 2330.780: [GC2015-02-20T16:00:02.325-0600: 2330.780: [ParNew
Desired survivor size 20112996 bytes, new threshold 8 (max 8)
- age   1:        824 bytes,        824 total
- age   2:        504 bytes,       1328 total
- age   3:        176 bytes,       1504 total
- age   4:        456 bytes,       1960 total
- age   5:        200 bytes,       2160 total
- age   6:        400 bytes,       2560 total
- age   7:        176 bytes,       2736 total
- age   8:        376 bytes,       3112 total
: 87430K->8K(109248K), 0.0354250 secs] 100150K->12728K(502464K), 0.0356200 secs] [Times: user=0.04 sys=0.00, real=0.04 secs] 
Heap after GC invocations=539 (full 1):
 par new generation   total 109248K, used 8K [0x8ac00000, 0x92c00000, 0x92c00000)
  eden space 87424K,   0% used [0x8ac00000, 0x8ac00000, 0x90160000)
  from space 21824K,   0% used [0x90160000, 0x90162000, 0x916b0000)
  to   space 21824K,   0% used [0x916b0000, 0x916b0000, 0x92c00000)
 concurrent mark-sweep generation total 393216K, used 12720K [0x92c00000, 0xaac00000, 0xaac00000)
 concurrent-mark-sweep perm gen total 35404K, used 22529K [0xaac00000, 0xace93000, 0xb2c00000)
}
2015-02-20T16:00:02.361-0600: 2330.816: Total time for which application threads were stopped: 0.0389370 seconds
{Heap before GC invocations=539 (full 1):
 par new generation   total 109248K, used 87432K [0x8ac00000, 0x92c00000, 0x92c00000)
  eden space 87424K, 100% used [0x8ac00000, 0x90160000, 0x90160000)
  from space 21824K,   0% used [0x90160000, 0x90162000, 0x916b0000)
  to   space 21824K,   0% used [0x916b0000, 0x916b0000, 0x92c00000)
 concurrent mark-sweep generation total 393216K, used 12720K [0x92c00000, 0xaac00000, 0xaac00000)
 concurrent-mark-sweep perm gen total 35404K, used 22529K [0xaac00000, 0xace93000, 0xb2c00000)
2015-02-20T16:00:03.986-0600: 2332.441: [GC2015-02-20T16:00:03.986-0600: 2332.441: [ParNew
Desired survivor size 20112996 bytes, new threshold 8 (max 8)
- age   1:       1176 bytes,       1176 total
- age   2:        216 bytes,       1392 total
- age   3:        376 bytes,       1768 total
- age   4:        176 bytes,       1944 total
- age   5:        456 bytes,       2400 total
- age   6:        200 bytes,       2600 total
- age   7:        400 bytes,       3000 total
- age   8:        176 bytes,       3176 total
: 87432K->10K(109248K), 0.0220910 secs] 100152K->12731K(502464K), 0.0223570 secs] [Times: user=0.02 sys=0.00, real=0.03 secs] 
Heap after GC invocations=540 (full 1):
 par new generation   total 109248K, used 10K [0x8ac00000, 0x92c00000, 0x92c00000)
  eden space 87424K,   0% used [0x8ac00000, 0x8ac00000, 0x90160000)
  from space 21824K,   0% used [0x916b0000, 0x916b2800, 0x92c00000)
  to   space 21824K,   0% used [0x90160000, 0x90160000, 0x916b0000)
 concurrent mark-sweep generation total 393216K, used 12721K [0x92c00000, 0xaac00000, 0xaac00000)
 concurrent-mark-sweep perm gen total 35404K, used 22529K [0xaac00000, 0xace93000, 0xb2c00000)
}
2015-02-20T16:00:04.008-0600: 2332.463: Total time for which application threads were stopped: 0.0252280 seconds
{Heap before GC invocations=540 (full 1):
 par new generation   total 109248K, used 87434K [0x8ac00000, 0x92c00000, 0x92c00000)
  eden space 87424K, 100% used [0x8ac00000, 0x90160000, 0x90160000)
  from space 21824K,   0% used [0x916b0000, 0x916b2800, 0x92c00000)
  to   space 21824K,   0% used [0x90160000, 0x90160000, 0x916b0000)
 concurrent mark-sweep generation total 393216K, used 12721K [0x92c00000, 0xaac00000, 0xaac00000)
 concurrent-mark-sweep perm gen total 35404K, used 22529K [0xaac00000, 0xace93000, 0xb2c00000)
2015-02-20T16:00:06.121-0600: 2334.576: [GC2015-02-20T16:00:06.124-0600: 2334.579: [ParNew
Desired survivor size 20112996 bytes, new threshold 8 (max 8)
- age   1:       1072 bytes,       1072 total
- age   2:        576 bytes,       1648 total
- age   3:        216 bytes,       1864 total
- age   4:        376 bytes,       2240 total
- age   5:        176 bytes,       2416 total
- age   6:        456 bytes,       2872 total
- age   7:        200 bytes,       3072 total
- age   8:        400 bytes,       3472 total
: 87434K->8K(109248K), 0.0208340 secs] 100155K->12729K(502464K), 0.0240740 secs] [Times: user=0.02 sys=0.01, real=0.02 secs] 
Heap after GC invocations=541 (full 1):
 par new generation   total 109248K, used 8K [0x8ac00000, 0x92c00000, 0x92c00000)
  eden space 87424K,   0% used [0x8ac00000, 0x8ac00000, 0x90160000)
  from space 21824K,   0% used [0x90160000, 0x90162000, 0x916b0000)
  to   space 21824K,   0% used [0x916b0000, 0x916b0000, 0x92c00000)
 concurrent mark-sweep generation total 393216K, used 12721K [0x92c00000, 0xaac00000, 0xaac00000)
 concurrent-mark-sweep perm gen total 35404K, used 22529K [0xaac00000, 0xace93000, 0xb2c00000)
}
2015-02-20T16:00:06.145-0600: 2334.600: Total time for which application threads were stopped: 0.0280380 seconds
{Heap before GC invocations=541 (full 1):
 par new generation   total 109248K, used 87432K [0x8ac00000, 0x92c00000, 0x92c00000)
  eden space 87424K, 100% used [0x8ac00000, 0x90160000, 0x90160000)
  from space 21824K,   0% used [0x90160000, 0x90162000, 0x916b0000)
  to   space 21824K,   0% used [0x916b0000, 0x916b0000, 0x92c00000)
 concurrent mark-sweep generation total 393216K, used 12721K [0x92c00000, 0xaac00000, 0xaac00000)
 concurrent-mark-sweep perm gen total 35404K, used 22529K [0xaac00000, 0xace93000, 0xb2c00000)
2015-02-20T16:00:07.689-0600: 2336.144: [GC2015-02-20T16:00:07.689-0600: 2336.144: [ParNew
Desired survivor size 20112996 bytes, new threshold 8 (max 8)
- age   1:       1072 bytes,       1072 total
- age   2:        416 bytes,       1488 total
- age   3:        576 bytes,       2064 total
- age   4:        216 bytes,       2280 total
- age   5:        376 bytes,       2656 total
- age   6:        176 bytes,       2832 total
- age   7:        456 bytes,       3288 total
- age   8:        200 bytes,       3488 total
: 87432K->6K(109248K), 0.0246240 secs] 100153K->12727K(502464K), 0.0248600 secs] [Times: user=0.02 sys=0.00, real=0.02 secs] 
Heap after GC invocations=542 (full 1):
 par new generation   total 109248K, used 6K [0x8ac00000, 0x92c00000, 0x92c00000)
  eden space 87424K,   0% used [0x8ac00000, 0x8ac00000, 0x90160000)
  from space 21824K,   0% used [0x916b0000, 0x916b1800, 0x92c00000)
  to   space 21824K,   0% used [0x90160000, 0x90160000, 0x916b0000)
 concurrent mark-sweep generation total 393216K, used 12721K [0x92c00000, 0xaac00000, 0xaac00000)
 concurrent-mark-sweep perm gen total 35404K, used 22529K [0xaac00000, 0xace93000, 0xb2c00000)
}
2015-02-20T16:00:07.714-0600: 2336.169: Total time for which application threads were stopped: 0.0327350 seconds
{Heap before GC invocations=542 (full 1):
 par new generation   total 109248K, used 87430K [0x8ac00000, 0x92c00000, 0x92c00000)
  eden space 87424K, 100% used [0x8ac00000, 0x90160000, 0x90160000)
  from space 21824K,   0% used [0x916b0000, 0x916b1800, 0x92c00000)
  to   space 21824K,   0% used [0x90160000, 0x90160000, 0x916b0000)
 concurrent mark-sweep generation total 393216K, used 12721K [0x92c00000, 0xaac00000, 0xaac00000)
 concurrent-mark-sweep perm gen total 35404K, used 22529K [0xaac00000, 0xace93000, 0xb2c00000)
2015-02-20T16:00:08.920-0600: 2337.375: [GC2015-02-20T16:00:08.920-0600: 2337.376: [ParNew
Desired survivor size 20112996 bytes, new threshold 8 (max 8)
- age   1:        608 bytes,        608 total
- age   2:        504 bytes,       1112 total
- age   3:        416 bytes,       1528 total
- age   4:        576 bytes,       2104 total
- age   5:        216 bytes,       2320 total
- age   6:        376 bytes,       2696 total
- age   7:        176 bytes,       2872 total
- age   8:        456 bytes,       3328 total
: 87430K->6K(109248K), 0.0269970 secs] 100151K->12728K(502464K), 0.0272170 secs] [Times: user=0.03 sys=0.00, real=0.03 secs] 
Heap after GC invocations=543 (full 1):
 par new generation   total 109248K, used 6K [0x8ac00000, 0x92c00000, 0x92c00000)
  eden space 87424K,   0% used [0x8ac00000, 0x8ac00000, 0x90160000)
  from space 21824K,   0% used [0x90160000, 0x90161800, 0x916b0000)
  to   space 21824K,   0% used [0x916b0000, 0x916b0000, 0x92c00000)
 concurrent mark-sweep generation total 393216K, used 12722K [0x92c00000, 0xaac00000, 0xaac00000)
 concurrent-mark-sweep perm gen total 35404K, used 22529K [0xaac00000, 0xace93000, 0xb2c00000)
}
2015-02-20T16:00:08.948-0600: 2337.403: Total time for which application threads were stopped: 0.0300350 seconds
{Heap before GC invocations=543 (full 1):
 par new generation   total 109248K, used 87430K [0x8ac00000, 0x92c00000, 0x92c00000)
  eden space 87424K, 100% used [0x8ac00000, 0x90160000, 0x90160000)
  from space 21824K,   0% used [0x90160000, 0x90161800, 0x916b0000)
  to   space 21824K,   0% used [0x916b0000, 0x916b0000, 0x92c00000)
 concurrent mark-sweep generation total 393216K, used 12722K [0x92c00000, 0xaac00000, 0xaac00000)
 concurrent-mark-sweep perm gen total 35404K, used 22529K [0xaac00000, 0xace93000, 0xb2c00000)
2015-02-20T16:00:09.999-0600: 2338.454: [GC2015-02-20T16:00:09.999-0600: 2338.454: [ParNew
Desired survivor size 20112996 bytes, new threshold 8 (max 8)
- age   1:        608 bytes,        608 total
- age   2:        328 bytes,        936 total
- age   3:        480 bytes,       1416 total
- age   4:        416 bytes,       1832 total
- age   5:        576 bytes,       2408 total
- age   6:        216 bytes,       2624 total
- age   7:        376 bytes,       3000 total
- age   8:        176 bytes,       3176 total
: 87430K->4K(109248K), 0.0229020 secs] 100152K->12726K(502464K), 0.0230860 secs] [Times: user=0.03 sys=0.00, real=0.02 secs] 
Heap after GC invocations=544 (full 1):
 par new generation   total 109248K, used 4K [0x8ac00000, 0x92c00000, 0x92c00000)
  eden space 87424K,   0% used [0x8ac00000, 0x8ac00000, 0x90160000)
  from space 21824K,   0% used [0x916b0000, 0x916b1000, 0x92c00000)
  to   space 21824K,   0% used [0x90160000, 0x90160000, 0x916b0000)
 concurrent mark-sweep generation total 393216K, used 12722K [0x92c00000, 0xaac00000, 0xaac00000)
 concurrent-mark-sweep perm gen total 35404K, used 22529K [0xaac00000, 0xace93000, 0xb2c00000)
}
2015-02-20T16:00:10.022-0600: 2338.477: Total time for which application threads were stopped: 0.0300720 seconds
{Heap before GC invocations=544 (full 1):
 par new generation   total 109248K, used 87428K [0x8ac00000, 0x92c00000, 0x92c00000)
  eden space 87424K, 100% used [0x8ac00000, 0x90160000, 0x90160000)
  from space 21824K,   0% used [0x916b0000, 0x916b1000, 0x92c00000)
  to   space 21824K,   0% used [0x90160000, 0x90160000, 0x916b0000)
 concurrent mark-sweep generation total 393216K, used 12722K [0x92c00000, 0xaac00000, 0xaac00000)
 concurrent-mark-sweep perm gen total 35404K, used 22529K [0xaac00000, 0xace93000, 0xb2c00000)
2015-02-20T16:00:11.133-0600: 2339.588: [GC2015-02-20T16:00:11.133-0600: 2339.588: [ParNew
Desired survivor size 20112996 bytes, new threshold 8 (max 8)
- age   1:       1016 bytes,       1016 total
- age   2:        200 bytes,       1216 total
- age   3:        200 bytes,       1416 total
- age   4:        480 bytes,       1896 total
- age   5:        416 bytes,       2312 total
- age   6:        576 bytes,       2888 total
- age   7:        216 bytes,       3104 total
- age   8:        376 bytes,       3480 total
: 87428K->8K(109248K), 0.0187030 secs] 100150K->12730K(502464K), 0.0189090 secs] [Times: user=0.02 sys=0.00, real=0.02 secs] 
Heap after GC invocations=545 (full 1):
 par new generation   total 109248K, used 8K [0x8ac00000, 0x92c00000, 0x92c00000)
  eden space 87424K,   0% used [0x8ac00000, 0x8ac00000, 0x90160000)
  from space 21824K,   0% used [0x90160000, 0x90162000, 0x916b0000)
  to   space 21824K,   0% used [0x916b0000, 0x916b0000, 0x92c00000)
 concurrent mark-sweep generation total 393216K, used 12722K [0x92c00000, 0xaac00000, 0xaac00000)
 concurrent-mark-sweep perm gen total 35404K, used 22529K [0xaac00000, 0xace93000, 0xb2c00000)
}
2015-02-20T16:00:11.152-0600: 2339.607: Total time for which application threads were stopped: 0.0258570 seconds
{Heap before GC invocations=545 (full 1):
 par new generation   total 109248K, used 87432K [0x8ac00000, 0x92c00000, 0x92c00000)
  eden space 87424K, 100% used [0x8ac00000, 0x90160000, 0x90160000)
  from space 21824K,   0% used [0x90160000, 0x90162000, 0x916b0000)
  to   space 21824K,   0% used [0x916b0000, 0x916b0000, 0x92c00000)
 concurrent mark-sweep generation total 393216K, used 12722K [0x92c00000, 0xaac00000, 0xaac00000)
 concurrent-mark-sweep perm gen total 35404K, used 22529K [0xaac00000, 0xace93000, 0xb2c00000)
2015-02-20T16:00:12.566-0600: 2341.021: [GC2015-02-20T16:00:12.566-0600: 2341.021: [ParNew
Desired survivor size 20112996 bytes, new threshold 8 (max 8)
- age   1:        464 bytes,        464 total
- age   2:        544 bytes,       1008 total
- age   3:        200 bytes,       1208 total
- age   4:        200 bytes,       1408 total
- age   5:        480 bytes,       1888 total
- age   6:        416 bytes,       2304 total
- age   7:        576 bytes,       2880 total
- age   8:        216 bytes,       3096 total
: 87432K->6K(109248K), 0.0080580 secs] 100154K->12729K(502464K), 0.0082450 secs] [Times: user=0.01 sys=0.01, real=0.01 secs] 
Heap after GC invocations=546 (full 1):
 par new generation   total 109248K, used 6K [0x8ac00000, 0x92c00000, 0x92c00000)
  eden space 87424K,   0% used [0x8ac00000, 0x8ac00000, 0x90160000)
  from space 21824K,   0% used [0x916b0000, 0x916b1800, 0x92c00000)
  to   space 21824K,   0% used [0x90160000, 0x90160000, 0x916b0000)
 concurrent mark-sweep generation total 393216K, used 12723K [0x92c00000, 0xaac00000, 0xaac00000)
 concurrent-mark-sweep perm gen total 35404K, used 22529K [0xaac00000, 0xace93000, 0xb2c00000)
}
2015-02-20T16:00:12.574-0600: 2341.029: Total time for which application threads were stopped: 0.0110150 seconds
{Heap before GC invocations=546 (full 1):
 par new generation   total 109248K, used 87430K [0x8ac00000, 0x92c00000, 0x92c00000)
  eden space 87424K, 100% used [0x8ac00000, 0x90160000, 0x90160000)
  from space 21824K,   0% used [0x916b0000, 0x916b1800, 0x92c00000)
  to   space 21824K,   0% used [0x90160000, 0x90160000, 0x916b0000)
 concurrent mark-sweep generation total 393216K, used 12723K [0x92c00000, 0xaac00000, 0xaac00000)
 concurrent-mark-sweep perm gen total 35404K, used 22529K [0xaac00000, 0xace93000, 0xb2c00000)
2015-02-20T16:00:13.871-0600: 2342.327: [GC2015-02-20T16:00:13.872-0600: 2342.327: [ParNew
Desired survivor size 20112996 bytes, new threshold 8 (max 8)
- age   1:        816 bytes,        816 total
- age   2:        304 bytes,       1120 total
- age   3:        520 bytes,       1640 total
- age   4:        200 bytes,       1840 total
- age   5:        200 bytes,       2040 total
- age   6:        480 bytes,       2520 total
- age   7:        416 bytes,       2936 total
- age   8:        576 bytes,       3512 total
: 87430K->8K(109248K), 0.0211030 secs] 100153K->12731K(502464K), 0.0213030 secs] [Times: user=0.03 sys=0.00, real=0.02 secs] 
Heap after GC invocations=547 (full 1):
 par new generation   total 109248K, used 8K [0x8ac00000, 0x92c00000, 0x92c00000)
  eden space 87424K,   0% used [0x8ac00000, 0x8ac00000, 0x90160000)
  from space 21824K,   0% used [0x90160000, 0x90162000, 0x916b0000)
  to   space 21824K,   0% used [0x916b0000, 0x916b0000, 0x92c00000)
 concurrent mark-sweep generation total 393216K, used 12723K [0x92c00000, 0xaac00000, 0xaac00000)
 concurrent-mark-sweep perm gen total 35404K, used 22529K [0xaac00000, 0xace93000, 0xb2c00000)
}
2015-02-20T16:00:13.893-0600: 2342.348: Total time for which application threads were stopped: 0.0286350 seconds
{Heap before GC invocations=547 (full 1):
 par new generation   total 109248K, used 87432K [0x8ac00000, 0x92c00000, 0x92c00000)
  eden space 87424K, 100% used [0x8ac00000, 0x90160000, 0x90160000)
  from space 21824K,   0% used [0x90160000, 0x90162000, 0x916b0000)
  to   space 21824K,   0% used [0x916b0000, 0x916b0000, 0x92c00000)
 concurrent mark-sweep generation total 393216K, used 12723K [0x92c00000, 0xaac00000, 0xaac00000)
 concurrent-mark-sweep perm gen total 35404K, used 22529K [0xaac00000, 0xace93000, 0xb2c00000)
2015-02-20T16:00:15.756-0600: 2344.211: [GC2015-02-20T16:00:15.756-0600: 2344.211: [ParNew
Desired survivor size 20112996 bytes, new threshold 8 (max 8)
- age   1:       1168 bytes,       1168 total
- age   2:        296 bytes,       1464 total
- age   3:        176 bytes,       1640 total
- age   4:        520 bytes,       2160 total
- age   5:        200 bytes,       2360 total
- age   6:        200 bytes,       2560 total
- age   7:        480 bytes,       3040 total
- age   8:        416 bytes,       3456 total
: 87432K->6K(109248K), 0.0132180 secs] 100155K->12729K(502464K), 0.0134130 secs] [Times: user=0.02 sys=0.00, real=0.02 secs] 
Heap after GC invocations=548 (full 1):
 par new generation   total 109248K, used 6K [0x8ac00000, 0x92c00000, 0x92c00000)
  eden space 87424K,   0% used [0x8ac00000, 0x8ac00000, 0x90160000)
  from space 21824K,   0% used [0x916b0000, 0x916b1800, 0x92c00000)
  to   space 21824K,   0% used [0x90160000, 0x90160000, 0x916b0000)
 concurrent mark-sweep generation total 393216K, used 12723K [0x92c00000, 0xaac00000, 0xaac00000)
 concurrent-mark-sweep perm gen total 35404K, used 22529K [0xaac00000, 0xace93000, 0xb2c00000)
}
2015-02-20T16:00:15.770-0600: 2344.225: Total time for which application threads were stopped: 0.0162330 seconds
{Heap before GC invocations=548 (full 1):
 par new generation   total 109248K, used 87430K [0x8ac00000, 0x92c00000, 0x92c00000)
  eden space 87424K, 100% used [0x8ac00000, 0x90160000, 0x90160000)
  from space 21824K,   0% used [0x916b0000, 0x916b1800, 0x92c00000)
  to   space 21824K,   0% used [0x90160000, 0x90160000, 0x916b0000)
 concurrent mark-sweep generation total 393216K, used 12723K [0x92c00000, 0xaac00000, 0xaac00000)
 concurrent-mark-sweep perm gen total 35404K, used 22529K [0xaac00000, 0xace93000, 0xb2c00000)
2015-02-20T16:00:17.010-0600: 2345.465: [GC2015-02-20T16:00:17.010-0600: 2345.465: [ParNew
Desired survivor size 20112996 bytes, new threshold 8 (max 8)
- age   1:        880 bytes,        880 total
- age   2:        400 bytes,       1280 total
- age   3:        296 bytes,       1576 total
- age   4:        176 bytes,       1752 total
- age   5:        520 bytes,       2272 total
- age   6:        200 bytes,       2472 total
- age   7:        200 bytes,       2672 total
- age   8:        480 bytes,       3152 total
: 87430K->6K(109248K), 0.0273900 secs] 100153K->12730K(502464K), 0.0275400 secs] [Times: user=0.03 sys=0.00, real=0.03 secs] 
Heap after GC invocations=549 (full 1):
 par new generation   total 109248K, used 6K [0x8ac00000, 0x92c00000, 0x92c00000)
  eden space 87424K,   0% used [0x8ac00000, 0x8ac00000, 0x90160000)
  from space 21824K,   0% used [0x90160000, 0x90161800, 0x916b0000)
  to   space 21824K,   0% used [0x916b0000, 0x916b0000, 0x92c00000)
 concurrent mark-sweep generation total 393216K, used 12724K [0x92c00000, 0xaac00000, 0xaac00000)
 concurrent-mark-sweep perm gen total 35404K, used 22529K [0xaac00000, 0xace93000, 0xb2c00000)
}
2015-02-20T16:00:17.038-0600: 2345.493: Total time for which application threads were stopped: 0.0365090 seconds
{Heap before GC invocations=549 (full 1):
 par new generation   total 109248K, used 87430K [0x8ac00000, 0x92c00000, 0x92c00000)
  eden space 87424K, 100% used [0x8ac00000, 0x90160000, 0x90160000)
  from space 21824K,   0% used [0x90160000, 0x90161800, 0x916b0000)
  to   space 21824K,   0% used [0x916b0000, 0x916b0000, 0x92c00000)
 concurrent mark-sweep generation total 393216K, used 12724K [0x92c00000, 0xaac00000, 0xaac00000)
 concurrent-mark-sweep perm gen total 35404K, used 22529K [0xaac00000, 0xace93000, 0xb2c00000)
2015-02-20T16:00:18.660-0600: 2347.115: [GC2015-02-20T16:00:18.676-0600: 2347.131: [ParNew
Desired survivor size 20112996 bytes, new threshold 8 (max 8)
- age   1:       1104 bytes,       1104 total
- age   2:        424 bytes,       1528 total
- age   3:        400 bytes,       1928 total
- age   4:        296 bytes,       2224 total
- age   5:        176 bytes,       2400 total
- age   6:        520 bytes,       2920 total
- age   7:        200 bytes,       3120 total
- age   8:        200 bytes,       3320 total
: 87430K->10K(109248K), 0.0080720 secs] 100154K->12734K(502464K), 0.0241670 secs] [Times: user=0.02 sys=0.00, real=0.02 secs] 
Heap after GC invocations=550 (full 1):
 par new generation   total 109248K, used 10K [0x8ac00000, 0x92c00000, 0x92c00000)
  eden space 87424K,   0% used [0x8ac00000, 0x8ac00000, 0x90160000)
  from space 21824K,   0% used [0x916b0000, 0x916b2800, 0x92c00000)
  to   space 21824K,   0% used [0x90160000, 0x90160000, 0x916b0000)
 concurrent mark-sweep generation total 393216K, used 12724K [0x92c00000, 0xaac00000, 0xaac00000)
 concurrent-mark-sweep perm gen total 35404K, used 22529K [0xaac00000, 0xace93000, 0xb2c00000)
}
2015-02-20T16:00:18.684-0600: 2347.139: Total time for which application threads were stopped: 0.0269990 seconds
{Heap before GC invocations=550 (full 1):
 par new generation   total 109248K, used 87434K [0x8ac00000, 0x92c00000, 0x92c00000)
  eden space 87424K, 100% used [0x8ac00000, 0x90160000, 0x90160000)
  from space 21824K,   0% used [0x916b0000, 0x916b2800, 0x92c00000)
  to   space 21824K,   0% used [0x90160000, 0x90160000, 0x916b0000)
 concurrent mark-sweep generation total 393216K, used 12724K [0x92c00000, 0xaac00000, 0xaac00000)
 concurrent-mark-sweep perm gen total 35404K, used 22529K [0xaac00000, 0xace93000, 0xb2c00000)
2015-02-20T16:00:20.418-0600: 2348.873: [GC2015-02-20T16:00:20.418-0600: 2348.873: [ParNew
Desired survivor size 20112996 bytes, new threshold 8 (max 8)
- age   1:        920 bytes,        920 total
- age   2:        328 bytes,       1248 total
- age   3:        400 bytes,       1648 total
- age   4:        400 bytes,       2048 total
- age   5:        296 bytes,       2344 total
- age   6:        176 bytes,       2520 total
- age   7:        520 bytes,       3040 total
- age   8:        200 bytes,       3240 total
: 87434K->8K(109248K), 0.0057700 secs] 100158K->12732K(502464K), 0.0060110 secs] [Times: user=0.00 sys=0.00, real=0.00 secs] 
Heap after GC invocations=551 (full 1):
 par new generation   total 109248K, used 8K [0x8ac00000, 0x92c00000, 0x92c00000)
  eden space 87424K,   0% used [0x8ac00000, 0x8ac00000, 0x90160000)
  from space 21824K,   0% used [0x90160000, 0x90162000, 0x916b0000)
  to   space 21824K,   0% used [0x916b0000, 0x916b0000, 0x92c00000)
 concurrent mark-sweep generation total 393216K, used 12724K [0x92c00000, 0xaac00000, 0xaac00000)
 concurrent-mark-sweep perm gen total 35404K, used 22529K [0xaac00000, 0xace93000, 0xb2c00000)
}
2015-02-20T16:00:20.424-0600: 2348.879: Total time for which application threads were stopped: 0.0088580 seconds
{Heap before GC invocations=551 (full 1):
 par new generation   total 109248K, used 87432K [0x8ac00000, 0x92c00000, 0x92c00000)
  eden space 87424K, 100% used [0x8ac00000, 0x90160000, 0x90160000)
  from space 21824K,   0% used [0x90160000, 0x90162000, 0x916b0000)
  to   space 21824K,   0% used [0x916b0000, 0x916b0000, 0x92c00000)
 concurrent mark-sweep generation total 393216K, used 12724K [0x92c00000, 0xaac00000, 0xaac00000)
 concurrent-mark-sweep perm gen total 35404K, used 22529K [0xaac00000, 0xace93000, 0xb2c00000)
2015-02-20T16:00:22.267-0600: 2350.722: [GC2015-02-20T16:00:22.267-0600: 2350.722: [ParNew
Desired survivor size 20112996 bytes, new threshold 8 (max 8)
- age   1:       1312 bytes,       1312 total
- age   2:        216 bytes,       1528 total
- age   3:        200 bytes,       1728 total
- age   4:        400 bytes,       2128 total
- age   5:        400 bytes,       2528 total
- age   6:        296 bytes,       2824 total
- age   7:        176 bytes,       3000 total
- age   8:        520 bytes,       3520 total
: 87432K->8K(109248K), 0.0288140 secs] 100156K->12733K(502464K), 0.0290250 secs] [Times: user=0.06 sys=0.00, real=0.03 secs] 
Heap after GC invocations=552 (full 1):
 par new generation   total 109248K, used 8K [0x8ac00000, 0x92c00000, 0x92c00000)
  eden space 87424K,   0% used [0x8ac00000, 0x8ac00000, 0x90160000)
  from space 21824K,   0% used [0x916b0000, 0x916b2000, 0x92c00000)
  to   space 21824K,   0% used [0x90160000, 0x90160000, 0x916b0000)
 concurrent mark-sweep generation total 393216K, used 12725K [0x92c00000, 0xaac00000, 0xaac00000)
 concurrent-mark-sweep perm gen total 35404K, used 22529K [0xaac00000, 0xace93000, 0xb2c00000)
}
2015-02-20T16:00:22.296-0600: 2350.751: Total time for which application threads were stopped: 0.0556070 seconds
{Heap before GC invocations=552 (full 1):
 par new generation   total 109248K, used 87432K [0x8ac00000, 0x92c00000, 0x92c00000)
  eden space 87424K, 100% used [0x8ac00000, 0x90160000, 0x90160000)
  from space 21824K,   0% used [0x916b0000, 0x916b2000, 0x92c00000)
  to   space 21824K,   0% used [0x90160000, 0x90160000, 0x916b0000)
 concurrent mark-sweep generation total 393216K, used 12725K [0x92c00000, 0xaac00000, 0xaac00000)
 concurrent-mark-sweep perm gen total 35404K, used 22529K [0xaac00000, 0xace93000, 0xb2c00000)
2015-02-20T16:00:24.142-0600: 2352.597: [GC2015-02-20T16:00:24.142-0600: 2352.597: [ParNew
Desired survivor size 20112996 bytes, new threshold 8 (max 8)
- age   1:       1120 bytes,       1120 total
- age   2:        376 bytes,       1496 total
- age   3:        216 bytes,       1712 total
- age   4:        200 bytes,       1912 total
- age   5:        400 bytes,       2312 total
- age   6:        400 bytes,       2712 total
- age   7:        296 bytes,       3008 total
- age   8:        176 bytes,       3184 total
: 87432K->8K(109248K), 0.0069820 secs] 100157K->12733K(502464K), 0.0071910 secs] [Times: user=0.00 sys=0.00, real=0.01 secs] 
Heap after GC invocations=553 (full 1):
 par new generation   total 109248K, used 8K [0x8ac00000, 0x92c00000, 0x92c00000)
  eden space 87424K,   0% used [0x8ac00000, 0x8ac00000, 0x90160000)
  from space 21824K,   0% used [0x90160000, 0x90162000, 0x916b0000)
  to   space 21824K,   0% used [0x916b0000, 0x916b0000, 0x92c00000)
 concurrent mark-sweep generation total 393216K, used 12725K [0x92c00000, 0xaac00000, 0xaac00000)
 concurrent-mark-sweep perm gen total 35404K, used 22529K [0xaac00000, 0xace93000, 0xb2c00000)
}
2015-02-20T16:00:24.149-0600: 2352.604: Total time for which application threads were stopped: 0.0100160 seconds
{Heap before GC invocations=553 (full 1):
 par new generation   total 109248K, used 87432K [0x8ac00000, 0x92c00000, 0x92c00000)
  eden space 87424K, 100% used [0x8ac00000, 0x90160000, 0x90160000)
  from space 21824K,   0% used [0x90160000, 0x90162000, 0x916b0000)
  to   space 21824K,   0% used [0x916b0000, 0x916b0000, 0x92c00000)
 concurrent mark-sweep generation total 393216K, used 12725K [0x92c00000, 0xaac00000, 0xaac00000)
 concurrent-mark-sweep perm gen total 35404K, used 22529K [0xaac00000, 0xace93000, 0xb2c00000)
2015-02-20T16:00:25.976-0600: 2354.431: [GC2015-02-20T16:00:25.976-0600: 2354.431: [ParNew
Desired survivor size 20112996 bytes, new threshold 8 (max 8)
- age   1:       1192 bytes,       1192 total
- age   2:        424 bytes,       1616 total
- age   3:        376 bytes,       1992 total
- age   4:        216 bytes,       2208 total
- age   5:        200 bytes,       2408 total
- age   6:        400 bytes,       2808 total
- age   7:        400 bytes,       3208 total
- age   8:        296 bytes,       3504 total
: 87432K->6K(109248K), 0.0090930 secs] 100157K->12731K(502464K), 0.0093270 secs] [Times: user=0.01 sys=0.01, real=0.01 secs] 
Heap after GC invocations=554 (full 1):
 par new generation   total 109248K, used 6K [0x8ac00000, 0x92c00000, 0x92c00000)
  eden space 87424K,   0% used [0x8ac00000, 0x8ac00000, 0x90160000)
  from space 21824K,   0% used [0x916b0000, 0x916b1800, 0x92c00000)
  to   space 21824K,   0% used [0x90160000, 0x90160000, 0x916b0000)
 concurrent mark-sweep generation total 393216K, used 12725K [0x92c00000, 0xaac00000, 0xaac00000)
 concurrent-mark-sweep perm gen total 35404K, used 22529K [0xaac00000, 0xace93000, 0xb2c00000)
}
2015-02-20T16:00:25.985-0600: 2354.440: Total time for which application threads were stopped: 0.0122090 seconds
{Heap before GC invocations=554 (full 1):
 par new generation   total 109248K, used 87430K [0x8ac00000, 0x92c00000, 0x92c00000)
  eden space 87424K, 100% used [0x8ac00000, 0x90160000, 0x90160000)
  from space 21824K,   0% used [0x916b0000, 0x916b1800, 0x92c00000)
  to   space 21824K,   0% used [0x90160000, 0x90160000, 0x916b0000)
 concurrent mark-sweep generation total 393216K, used 12725K [0x92c00000, 0xaac00000, 0xaac00000)
 concurrent-mark-sweep perm gen total 35404K, used 22529K [0xaac00000, 0xace93000, 0xb2c00000)
2015-02-20T16:00:27.859-0600: 2356.314: [GC2015-02-20T16:00:27.859-0600: 2356.314: [ParNew
Desired survivor size 20112996 bytes, new threshold 8 (max 8)
- age   1:       1464 bytes,       1464 total
- age   2:        360 bytes,       1824 total
- age   3:        424 bytes,       2248 total
- age   4:        376 bytes,       2624 total
- age   5:        216 bytes,       2840 total
- age   6:        200 bytes,       3040 total
- age   7:        400 bytes,       3440 total
- age   8:        400 bytes,       3840 total
: 87430K->8K(109248K), 0.0062820 secs] 100155K->12734K(502464K), 0.0064900 secs] [Times: user=0.01 sys=0.00, real=0.00 secs] 
Heap after GC invocations=555 (full 1):
 par new generation   total 109248K, used 8K [0x8ac00000, 0x92c00000, 0x92c00000)
  eden space 87424K,   0% used [0x8ac00000, 0x8ac00000, 0x90160000)
  from space 21824K,   0% used [0x90160000, 0x90162000, 0x916b0000)
  to   space 21824K,   0% used [0x916b0000, 0x916b0000, 0x92c00000)
 concurrent mark-sweep generation total 393216K, used 12726K [0x92c00000, 0xaac00000, 0xaac00000)
 concurrent-mark-sweep perm gen total 35404K, used 22529K [0xaac00000, 0xace93000, 0xb2c00000)
}
2015-02-20T16:00:27.866-0600: 2356.321: Total time for which application threads were stopped: 0.0091720 seconds
{Heap before GC invocations=555 (full 1):
 par new generation   total 109248K, used 87432K [0x8ac00000, 0x92c00000, 0x92c00000)
  eden space 87424K, 100% used [0x8ac00000, 0x90160000, 0x90160000)
  from space 21824K,   0% used [0x90160000, 0x90162000, 0x916b0000)
  to   space 21824K,   0% used [0x916b0000, 0x916b0000, 0x92c00000)
 concurrent mark-sweep generation total 393216K, used 12726K [0x92c00000, 0xaac00000, 0xaac00000)
 concurrent-mark-sweep perm gen total 35404K, used 22529K [0xaac00000, 0xace93000, 0xb2c00000)
2015-02-20T16:00:29.724-0600: 2358.179: [GC2015-02-20T16:00:29.724-0600: 2358.179: [ParNew
Desired survivor size 20112996 bytes, new threshold 8 (max 8)
- age   1:       1376 bytes,       1376 total
- age   2:        536 bytes,       1912 total
- age   3:        360 bytes,       2272 total
- age   4:        424 bytes,       2696 total
- age   5:        376 bytes,       3072 total
- age   6:        216 bytes,       3288 total
- age   7:        200 bytes,       3488 total
- age   8:        400 bytes,       3888 total
: 87432K->10K(109248K), 0.0069180 secs] 100158K->12736K(502464K), 0.0071400 secs] [Times: user=0.01 sys=0.00, real=0.01 secs] 
Heap after GC invocations=556 (full 1):
 par new generation   total 109248K, used 10K [0x8ac00000, 0x92c00000, 0x92c00000)
  eden space 87424K,   0% used [0x8ac00000, 0x8ac00000, 0x90160000)
  from space 21824K,   0% used [0x916b0000, 0x916b2800, 0x92c00000)
  to   space 21824K,   0% used [0x90160000, 0x90160000, 0x916b0000)
 concurrent mark-sweep generation total 393216K, used 12726K [0x92c00000, 0xaac00000, 0xaac00000)
 concurrent-mark-sweep perm gen total 35404K, used 22529K [0xaac00000, 0xace93000, 0xb2c00000)
}
2015-02-20T16:00:29.731-0600: 2358.186: Total time for which application threads were stopped: 0.0098360 seconds
{Heap before GC invocations=556 (full 1):
 par new generation   total 109248K, used 87434K [0x8ac00000, 0x92c00000, 0x92c00000)
  eden space 87424K, 100% used [0x8ac00000, 0x90160000, 0x90160000)
  from space 21824K,   0% used [0x916b0000, 0x916b2800, 0x92c00000)
  to   space 21824K,   0% used [0x90160000, 0x90160000, 0x916b0000)
 concurrent mark-sweep generation total 393216K, used 12726K [0x92c00000, 0xaac00000, 0xaac00000)
 concurrent-mark-sweep perm gen total 35404K, used 22529K [0xaac00000, 0xace93000, 0xb2c00000)
2015-02-20T16:00:31.519-0600: 2359.974: [GC2015-02-20T16:00:31.519-0600: 2359.974: [ParNew
Desired survivor size 20112996 bytes, new threshold 8 (max 8)
- age   1:       1232 bytes,       1232 total
- age   2:        448 bytes,       1680 total
- age   3:        536 bytes,       2216 total
- age   4:        360 bytes,       2576 total
- age   5:        424 bytes,       3000 total
- age   6:        376 bytes,       3376 total
- age   7:        216 bytes,       3592 total
- age   8:        200 bytes,       3792 total
: 87434K->8K(109248K), 0.0072960 secs] 100160K->12734K(502464K), 0.0076280 secs] [Times: user=0.01 sys=0.00, real=0.00 secs] 
Heap after GC invocations=557 (full 1):
 par new generation   total 109248K, used 8K [0x8ac00000, 0x92c00000, 0x92c00000)
  eden space 87424K,   0% used [0x8ac00000, 0x8ac00000, 0x90160000)
  from space 21824K,   0% used [0x90160000, 0x90162000, 0x916b0000)
  to   space 21824K,   0% used [0x916b0000, 0x916b0000, 0x92c00000)
 concurrent mark-sweep generation total 393216K, used 12726K [0x92c00000, 0xaac00000, 0xaac00000)
 concurrent-mark-sweep perm gen total 35404K, used 22529K [0xaac00000, 0xace93000, 0xb2c00000)
}
2015-02-20T16:00:31.527-0600: 2359.982: Total time for which application threads were stopped: 0.0105130 seconds
{Heap before GC invocations=557 (full 1):
 par new generation   total 109248K, used 87432K [0x8ac00000, 0x92c00000, 0x92c00000)
  eden space 87424K, 100% used [0x8ac00000, 0x90160000, 0x90160000)
  from space 21824K,   0% used [0x90160000, 0x90162000, 0x916b0000)
  to   space 21824K,   0% used [0x916b0000, 0x916b0000, 0x92c00000)
 concurrent mark-sweep generation total 393216K, used 12726K [0x92c00000, 0xaac00000, 0xaac00000)
 concurrent-mark-sweep perm gen total 35404K, used 22529K [0xaac00000, 0xace93000, 0xb2c00000)
2015-02-20T16:00:33.455-0600: 2361.910: [GC2015-02-20T16:00:33.456-0600: 2361.911: [ParNew
Desired survivor size 20112996 bytes, new threshold 8 (max 8)
- age   1:       1144 bytes,       1144 total
- age   2:        400 bytes,       1544 total
- age   3:        448 bytes,       1992 total
- age   4:        536 bytes,       2528 total
- age   5:        360 bytes,       2888 total
- age   6:        424 bytes,       3312 total
- age   7:        376 bytes,       3688 total
- age   8:        216 bytes,       3904 total
: 87432K->8K(109248K), 0.0079790 secs] 100158K->12734K(502464K), 0.0081900 secs] [Times: user=0.01 sys=0.00, real=0.01 secs] 
Heap after GC invocations=558 (full 1):
 par new generation   total 109248K, used 8K [0x8ac00000, 0x92c00000, 0x92c00000)
  eden space 87424K,   0% used [0x8ac00000, 0x8ac00000, 0x90160000)
  from space 21824K,   0% used [0x916b0000, 0x916b2000, 0x92c00000)
  to   space 21824K,   0% used [0x90160000, 0x90160000, 0x916b0000)
 concurrent mark-sweep generation total 393216K, used 12726K [0x92c00000, 0xaac00000, 0xaac00000)
 concurrent-mark-sweep perm gen total 35404K, used 22529K [0xaac00000, 0xace93000, 0xb2c00000)
}
2015-02-20T16:00:33.464-0600: 2361.919: Total time for which application threads were stopped: 0.0110770 seconds
{Heap before GC invocations=558 (full 1):
 par new generation   total 109248K, used 87432K [0x8ac00000, 0x92c00000, 0x92c00000)
  eden space 87424K, 100% used [0x8ac00000, 0x90160000, 0x90160000)
  from space 21824K,   0% used [0x916b0000, 0x916b2000, 0x92c00000)
  to   space 21824K,   0% used [0x90160000, 0x90160000, 0x916b0000)
 concurrent mark-sweep generation total 393216K, used 12726K [0x92c00000, 0xaac00000, 0xaac00000)
 concurrent-mark-sweep perm gen total 35404K, used 22529K [0xaac00000, 0xace93000, 0xb2c00000)
2015-02-20T16:00:35.300-0600: 2363.755: [GC2015-02-20T16:00:35.300-0600: 2363.755: [ParNew
Desired survivor size 20112996 bytes, new threshold 8 (max 8)
- age   1:       1328 bytes,       1328 total
- age   2:        376 bytes,       1704 total
- age   3:        400 bytes,       2104 total
- age   4:        448 bytes,       2552 total
- age   5:        536 bytes,       3088 total
- age   6:        360 bytes,       3448 total
- age   7:        424 bytes,       3872 total
- age   8:        376 bytes,       4248 total
: 87432K->8K(109248K), 0.0072710 secs] 100158K->12735K(502464K), 0.0074460 secs] [Times: user=0.02 sys=0.00, real=0.00 secs] 
Heap after GC invocations=559 (full 1):
 par new generation   total 109248K, used 8K [0x8ac00000, 0x92c00000, 0x92c00000)
  eden space 87424K,   0% used [0x8ac00000, 0x8ac00000, 0x90160000)
  from space 21824K,   0% used [0x90160000, 0x90162000, 0x916b0000)
  to   space 21824K,   0% used [0x916b0000, 0x916b0000, 0x92c00000)
 concurrent mark-sweep generation total 393216K, used 12727K [0x92c00000, 0xaac00000, 0xaac00000)
 concurrent-mark-sweep perm gen total 35404K, used 22529K [0xaac00000, 0xace93000, 0xb2c00000)
}
2015-02-20T16:00:35.307-0600: 2363.762: Total time for which application threads were stopped: 0.0326420 seconds
{Heap before GC invocations=559 (full 1):
 par new generation   total 109248K, used 87432K [0x8ac00000, 0x92c00000, 0x92c00000)
  eden space 87424K, 100% used [0x8ac00000, 0x90160000, 0x90160000)
  from space 21824K,   0% used [0x90160000, 0x90162000, 0x916b0000)
  to   space 21824K,   0% used [0x916b0000, 0x916b0000, 0x92c00000)
 concurrent mark-sweep generation total 393216K, used 12727K [0x92c00000, 0xaac00000, 0xaac00000)
 concurrent-mark-sweep perm gen total 35404K, used 22529K [0xaac00000, 0xace93000, 0xb2c00000)
2015-02-20T16:00:37.285-0600: 2365.740: [GC2015-02-20T16:00:37.285-0600: 2365.740: [ParNew
Desired survivor size 20112996 bytes, new threshold 8 (max 8)
- age   1:       1072 bytes,       1072 total
- age   2:        400 bytes,       1472 total
- age   3:        376 bytes,       1848 total
- age   4:        400 bytes,       2248 total
- age   5:        448 bytes,       2696 total
- age   6:        536 bytes,       3232 total
- age   7:        360 bytes,       3592 total
- age   8:        424 bytes,       4016 total
: 87432K->8K(109248K), 0.0128180 secs] 100159K->12735K(502464K), 0.0130300 secs] [Times: user=0.02 sys=0.00, real=0.02 secs] 
Heap after GC invocations=560 (full 1):
 par new generation   total 109248K, used 8K [0x8ac00000, 0x92c00000, 0x92c00000)
  eden space 87424K,   0% used [0x8ac00000, 0x8ac00000, 0x90160000)
  from space 21824K,   0% used [0x916b0000, 0x916b2000, 0x92c00000)
  to   space 21824K,   0% used [0x90160000, 0x90160000, 0x916b0000)
 concurrent mark-sweep generation total 393216K, used 12727K [0x92c00000, 0xaac00000, 0xaac00000)
 concurrent-mark-sweep perm gen total 35404K, used 22529K [0xaac00000, 0xace93000, 0xb2c00000)
}
2015-02-20T16:00:37.298-0600: 2365.753: Total time for which application threads were stopped: 0.0158900 seconds
{Heap before GC invocations=560 (full 1):
 par new generation   total 109248K, used 87432K [0x8ac00000, 0x92c00000, 0x92c00000)
  eden space 87424K, 100% used [0x8ac00000, 0x90160000, 0x90160000)
  from space 21824K,   0% used [0x916b0000, 0x916b2000, 0x92c00000)
  to   space 21824K,   0% used [0x90160000, 0x90160000, 0x916b0000)
 concurrent mark-sweep generation total 393216K, used 12727K [0x92c00000, 0xaac00000, 0xaac00000)
 concurrent-mark-sweep perm gen total 35404K, used 22529K [0xaac00000, 0xace93000, 0xb2c00000)
2015-02-20T16:00:38.990-0600: 2367.445: [GC2015-02-20T16:00:38.990-0600: 2367.445: [ParNew
Desired survivor size 20112996 bytes, new threshold 8 (max 8)
- age   1:       1080 bytes,       1080 total
- age   2:        400 bytes,       1480 total
- age   3:        400 bytes,       1880 total
- age   4:        376 bytes,       2256 total
- age   5:        400 bytes,       2656 total
- age   6:        448 bytes,       3104 total
- age   7:        536 bytes,       3640 total
- age   8:        360 bytes,       4000 total
: 87432K->8K(109248K), 0.0073920 secs] 100159K->12735K(502464K), 0.0076930 secs] [Times: user=0.01 sys=0.00, real=0.01 secs] 
Heap after GC invocations=561 (full 1):
 par new generation   total 109248K, used 8K [0x8ac00000, 0x92c00000, 0x92c00000)
  eden space 87424K,   0% used [0x8ac00000, 0x8ac00000, 0x90160000)
  from space 21824K,   0% used [0x90160000, 0x90162000, 0x916b0000)
  to   space 21824K,   0% used [0x916b0000, 0x916b0000, 0x92c00000)
 concurrent mark-sweep generation total 393216K, used 12727K [0x92c00000, 0xaac00000, 0xaac00000)
 concurrent-mark-sweep perm gen total 35404K, used 22529K [0xaac00000, 0xace93000, 0xb2c00000)
}
2015-02-20T16:00:38.998-0600: 2367.453: Total time for which application threads were stopped: 0.0104990 seconds
{Heap before GC invocations=561 (full 1):
 par new generation   total 109248K, used 87432K [0x8ac00000, 0x92c00000, 0x92c00000)
  eden space 87424K, 100% used [0x8ac00000, 0x90160000, 0x90160000)
  from space 21824K,   0% used [0x90160000, 0x90162000, 0x916b0000)
  to   space 21824K,   0% used [0x916b0000, 0x916b0000, 0x92c00000)
 concurrent mark-sweep generation total 393216K, used 12727K [0x92c00000, 0xaac00000, 0xaac00000)
 concurrent-mark-sweep perm gen total 35404K, used 22529K [0xaac00000, 0xace93000, 0xb2c00000)
2015-02-20T16:00:40.866-0600: 2369.321: [GC2015-02-20T16:00:40.866-0600: 2369.322: [ParNew
Desired survivor size 20112996 bytes, new threshold 8 (max 8)
- age   1:       1256 bytes,       1256 total
- age   2:        176 bytes,       1432 total
- age   3:        376 bytes,       1808 total
- age   4:        400 bytes,       2208 total
- age   5:        376 bytes,       2584 total
- age   6:        400 bytes,       2984 total
- age   7:        448 bytes,       3432 total
- age   8:        536 bytes,       3968 total
: 87432K->10K(109248K), 0.0064900 secs] 100159K->12738K(502464K), 0.0066880 secs] [Times: user=0.01 sys=0.00, real=0.01 secs] 
Heap after GC invocations=562 (full 1):
 par new generation   total 109248K, used 10K [0x8ac00000, 0x92c00000, 0x92c00000)
  eden space 87424K,   0% used [0x8ac00000, 0x8ac00000, 0x90160000)
  from space 21824K,   0% used [0x916b0000, 0x916b2800, 0x92c00000)
  to   space 21824K,   0% used [0x90160000, 0x90160000, 0x916b0000)
 concurrent mark-sweep generation total 393216K, used 12728K [0x92c00000, 0xaac00000, 0xaac00000)
 concurrent-mark-sweep perm gen total 35404K, used 22529K [0xaac00000, 0xace93000, 0xb2c00000)
}
2015-02-20T16:00:40.873-0600: 2369.328: Total time for which application threads were stopped: 0.0094240 seconds
{Heap before GC invocations=562 (full 1):
 par new generation   total 109248K, used 87434K [0x8ac00000, 0x92c00000, 0x92c00000)
  eden space 87424K, 100% used [0x8ac00000, 0x90160000, 0x90160000)
  from space 21824K,   0% used [0x916b0000, 0x916b2800, 0x92c00000)
  to   space 21824K,   0% used [0x90160000, 0x90160000, 0x916b0000)
 concurrent mark-sweep generation total 393216K, used 12728K [0x92c00000, 0xaac00000, 0xaac00000)
 concurrent-mark-sweep perm gen total 35404K, used 22529K [0xaac00000, 0xace93000, 0xb2c00000)
2015-02-20T16:00:43.118-0600: 2371.573: [GC2015-02-20T16:00:43.118-0600: 2371.573: [ParNew
Desired survivor size 20112996 bytes, new threshold 8 (max 8)
- age   1:       1232 bytes,       1232 total
- age   2:        400 bytes,       1632 total
- age   3:        176 bytes,       1808 total
- age   4:        376 bytes,       2184 total
- age   5:        400 bytes,       2584 total
- age   6:        376 bytes,       2960 total
- age   7:        400 bytes,       3360 total
- age   8:        448 bytes,       3808 total
: 87434K->6K(109248K), 0.0373310 secs] 100162K->12734K(502464K), 0.0374830 secs] [Times: user=0.04 sys=0.00, real=0.03 secs] 
Heap after GC invocations=563 (full 1):
 par new generation   total 109248K, used 6K [0x8ac00000, 0x92c00000, 0x92c00000)
  eden space 87424K,   0% used [0x8ac00000, 0x8ac00000, 0x90160000)
  from space 21824K,   0% used [0x90160000, 0x90161800, 0x916b0000)
  to   space 21824K,   0% used [0x916b0000, 0x916b0000, 0x92c00000)
 concurrent mark-sweep generation total 393216K, used 12728K [0x92c00000, 0xaac00000, 0xaac00000)
 concurrent-mark-sweep perm gen total 35404K, used 22529K [0xaac00000, 0xace93000, 0xb2c00000)
}
2015-02-20T16:00:43.156-0600: 2371.611: Total time for which application threads were stopped: 0.0441770 seconds
{Heap before GC invocations=563 (full 1):
 par new generation   total 109248K, used 87430K [0x8ac00000, 0x92c00000, 0x92c00000)
  eden space 87424K, 100% used [0x8ac00000, 0x90160000, 0x90160000)
  from space 21824K,   0% used [0x90160000, 0x90161800, 0x916b0000)
  to   space 21824K,   0% used [0x916b0000, 0x916b0000, 0x92c00000)
 concurrent mark-sweep generation total 393216K, used 12728K [0x92c00000, 0xaac00000, 0xaac00000)
 concurrent-mark-sweep perm gen total 35404K, used 22529K [0xaac00000, 0xace93000, 0xb2c00000)
2015-02-20T16:00:45.036-0600: 2373.491: [GC2015-02-20T16:00:45.036-0600: 2373.491: [ParNew
Desired survivor size 20112996 bytes, new threshold 8 (max 8)
- age   1:        856 bytes,        856 total
- age   2:        600 bytes,       1456 total
- age   3:        400 bytes,       1856 total
- age   4:        176 bytes,       2032 total
- age   5:        376 bytes,       2408 total
- age   6:        400 bytes,       2808 total
- age   7:        376 bytes,       3184 total
- age   8:        400 bytes,       3584 total
: 87430K->6K(109248K), 0.0082600 secs] 100158K->12735K(502464K), 0.0084470 secs] [Times: user=0.01 sys=0.01, real=0.01 secs] 
Heap after GC invocations=564 (full 1):
 par new generation   total 109248K, used 6K [0x8ac00000, 0x92c00000, 0x92c00000)
  eden space 87424K,   0% used [0x8ac00000, 0x8ac00000, 0x90160000)
  from space 21824K,   0% used [0x916b0000, 0x916b1800, 0x92c00000)
  to   space 21824K,   0% used [0x90160000, 0x90160000, 0x916b0000)
 concurrent mark-sweep generation total 393216K, used 12729K [0x92c00000, 0xaac00000, 0xaac00000)
 concurrent-mark-sweep perm gen total 35404K, used 22529K [0xaac00000, 0xace93000, 0xb2c00000)
}
2015-02-20T16:00:45.044-0600: 2373.500: Total time for which application threads were stopped: 0.0112460 seconds
{Heap before GC invocations=564 (full 1):
 par new generation   total 109248K, used 87430K [0x8ac00000, 0x92c00000, 0x92c00000)
  eden space 87424K, 100% used [0x8ac00000, 0x90160000, 0x90160000)
  from space 21824K,   0% used [0x916b0000, 0x916b1800, 0x92c00000)
  to   space 21824K,   0% used [0x90160000, 0x90160000, 0x916b0000)
 concurrent mark-sweep generation total 393216K, used 12729K [0x92c00000, 0xaac00000, 0xaac00000)
 concurrent-mark-sweep perm gen total 35404K, used 22529K [0xaac00000, 0xace93000, 0xb2c00000)
2015-02-20T16:00:47.041-0600: 2375.496: [GC2015-02-20T16:00:47.041-0600: 2375.496: [ParNew
Desired survivor size 20112996 bytes, new threshold 8 (max 8)
- age   1:       1096 bytes,       1096 total
- age   2:        400 bytes,       1496 total
- age   3:        600 bytes,       2096 total
- age   4:        400 bytes,       2496 total
- age   5:        176 bytes,       2672 total
- age   6:        376 bytes,       3048 total
- age   7:        400 bytes,       3448 total
- age   8:        376 bytes,       3824 total
: 87430K->10K(109248K), 0.0146360 secs] 100159K->12739K(502464K), 0.0149700 secs] [Times: user=0.02 sys=0.00, real=0.01 secs] 
Heap after GC invocations=565 (full 1):
 par new generation   total 109248K, used 10K [0x8ac00000, 0x92c00000, 0x92c00000)
  eden space 87424K,   0% used [0x8ac00000, 0x8ac00000, 0x90160000)
  from space 21824K,   0% used [0x90160000, 0x90162800, 0x916b0000)
  to   space 21824K,   0% used [0x916b0000, 0x916b0000, 0x92c00000)
 concurrent mark-sweep generation total 393216K, used 12729K [0x92c00000, 0xaac00000, 0xaac00000)
 concurrent-mark-sweep perm gen total 35404K, used 22529K [0xaac00000, 0xace93000, 0xb2c00000)
}
2015-02-20T16:00:47.056-0600: 2375.511: Total time for which application threads were stopped: 0.0180670 seconds
{Heap before GC invocations=565 (full 1):
 par new generation   total 109248K, used 87434K [0x8ac00000, 0x92c00000, 0x92c00000)
  eden space 87424K, 100% used [0x8ac00000, 0x90160000, 0x90160000)
  from space 21824K,   0% used [0x90160000, 0x90162800, 0x916b0000)
  to   space 21824K,   0% used [0x916b0000, 0x916b0000, 0x92c00000)
 concurrent mark-sweep generation total 393216K, used 12729K [0x92c00000, 0xaac00000, 0xaac00000)
 concurrent-mark-sweep perm gen total 35404K, used 22529K [0xaac00000, 0xace93000, 0xb2c00000)
2015-02-20T16:00:49.381-0600: 2377.836: [GC2015-02-20T16:00:49.382-0600: 2377.837: [ParNew
Desired survivor size 20112996 bytes, new threshold 8 (max 8)
- age   1:       1072 bytes,       1072 total
- age   2:        400 bytes,       1472 total
- age   3:        400 bytes,       1872 total
- age   4:        600 bytes,       2472 total
- age   5:        400 bytes,       2872 total
- age   6:        176 bytes,       3048 total
- age   7:        376 bytes,       3424 total
- age   8:        400 bytes,       3824 total
: 87434K->10K(109248K), 0.0197790 secs] 100163K->12740K(502464K), 0.0199520 secs] [Times: user=0.02 sys=0.00, real=0.02 secs] 
Heap after GC invocations=566 (full 1):
 par new generation   total 109248K, used 10K [0x8ac00000, 0x92c00000, 0x92c00000)
  eden space 87424K,   0% used [0x8ac00000, 0x8ac00000, 0x90160000)
  from space 21824K,   0% used [0x916b0000, 0x916b2800, 0x92c00000)
  to   space 21824K,   0% used [0x90160000, 0x90160000, 0x916b0000)
 concurrent mark-sweep generation total 393216K, used 12730K [0x92c00000, 0xaac00000, 0xaac00000)
 concurrent-mark-sweep perm gen total 35404K, used 22529K [0xaac00000, 0xace93000, 0xb2c00000)
}
2015-02-20T16:00:49.402-0600: 2377.857: Total time for which application threads were stopped: 0.0227390 seconds
{Heap before GC invocations=566 (full 1):
 par new generation   total 109248K, used 87434K [0x8ac00000, 0x92c00000, 0x92c00000)
  eden space 87424K, 100% used [0x8ac00000, 0x90160000, 0x90160000)
  from space 21824K,   0% used [0x916b0000, 0x916b2800, 0x92c00000)
  to   space 21824K,   0% used [0x90160000, 0x90160000, 0x916b0000)
 concurrent mark-sweep generation total 393216K, used 12730K [0x92c00000, 0xaac00000, 0xaac00000)
 concurrent-mark-sweep perm gen total 35404K, used 22529K [0xaac00000, 0xace93000, 0xb2c00000)
2015-02-20T16:00:51.797-0600: 2380.252: [GC2015-02-20T16:00:51.797-0600: 2380.252: [ParNew
Desired survivor size 20112996 bytes, new threshold 8 (max 8)
- age   1:       1104 bytes,       1104 total
- age   2:        376 bytes,       1480 total
- age   3:        400 bytes,       1880 total
- age   4:        400 bytes,       2280 total
- age   5:        600 bytes,       2880 total
- age   6:        400 bytes,       3280 total
- age   7:        176 bytes,       3456 total
- age   8:        376 bytes,       3832 total
: 87434K->8K(109248K), 0.0135120 secs] 100164K->12738K(502464K), 0.0136880 secs] [Times: user=0.01 sys=0.00, real=0.02 secs] 
Heap after GC invocations=567 (full 1):
 par new generation   total 109248K, used 8K [0x8ac00000, 0x92c00000, 0x92c00000)
  eden space 87424K,   0% used [0x8ac00000, 0x8ac00000, 0x90160000)
  from space 21824K,   0% used [0x90160000, 0x90162000, 0x916b0000)
  to   space 21824K,   0% used [0x916b0000, 0x916b0000, 0x92c00000)
 concurrent mark-sweep generation total 393216K, used 12730K [0x92c00000, 0xaac00000, 0xaac00000)
 concurrent-mark-sweep perm gen total 35404K, used 22529K [0xaac00000, 0xace93000, 0xb2c00000)
}
2015-02-20T16:00:51.811-0600: 2380.266: Total time for which application threads were stopped: 0.0167150 seconds
{Heap before GC invocations=567 (full 1):
 par new generation   total 109248K, used 87432K [0x8ac00000, 0x92c00000, 0x92c00000)
  eden space 87424K, 100% used [0x8ac00000, 0x90160000, 0x90160000)
  from space 21824K,   0% used [0x90160000, 0x90162000, 0x916b0000)
  to   space 21824K,   0% used [0x916b0000, 0x916b0000, 0x92c00000)
 concurrent mark-sweep generation total 393216K, used 12730K [0x92c00000, 0xaac00000, 0xaac00000)
 concurrent-mark-sweep perm gen total 35404K, used 22529K [0xaac00000, 0xace93000, 0xb2c00000)
2015-02-20T16:00:53.846-0600: 2382.301: [GC2015-02-20T16:00:53.846-0600: 2382.301: [ParNew
Desired survivor size 20112996 bytes, new threshold 8 (max 8)
- age   1:       1072 bytes,       1072 total
- age   2:        376 bytes,       1448 total
- age   3:        376 bytes,       1824 total
- age   4:        400 bytes,       2224 total
- age   5:        400 bytes,       2624 total
- age   6:        600 bytes,       3224 total
- age   7:        400 bytes,       3624 total
- age   8:        176 bytes,       3800 total
: 87432K->8K(109248K), 0.0110710 secs] 100162K->12738K(502464K), 0.0113190 secs] [Times: user=0.01 sys=0.01, real=0.01 secs] 
Heap after GC invocations=568 (full 1):
 par new generation   total 109248K, used 8K [0x8ac00000, 0x92c00000, 0x92c00000)
  eden space 87424K,   0% used [0x8ac00000, 0x8ac00000, 0x90160000)
  from space 21824K,   0% used [0x916b0000, 0x916b2000, 0x92c00000)
  to   space 21824K,   0% used [0x90160000, 0x90160000, 0x916b0000)
 concurrent mark-sweep generation total 393216K, used 12730K [0x92c00000, 0xaac00000, 0xaac00000)
 concurrent-mark-sweep perm gen total 35404K, used 22529K [0xaac00000, 0xace93000, 0xb2c00000)
}
2015-02-20T16:00:53.857-0600: 2382.312: Total time for which application threads were stopped: 0.0142840 seconds
{Heap before GC invocations=568 (full 1):
 par new generation   total 109248K, used 87432K [0x8ac00000, 0x92c00000, 0x92c00000)
  eden space 87424K, 100% used [0x8ac00000, 0x90160000, 0x90160000)
  from space 21824K,   0% used [0x916b0000, 0x916b2000, 0x92c00000)
  to   space 21824K,   0% used [0x90160000, 0x90160000, 0x916b0000)
 concurrent mark-sweep generation total 393216K, used 12730K [0x92c00000, 0xaac00000, 0xaac00000)
 concurrent-mark-sweep perm gen total 35404K, used 22529K [0xaac00000, 0xace93000, 0xb2c00000)
2015-02-20T16:00:55.986-0600: 2384.441: [GC2015-02-20T16:00:55.986-0600: 2384.442: [ParNew
Desired survivor size 20112996 bytes, new threshold 8 (max 8)
- age   1:       1208 bytes,       1208 total
- age   2:        376 bytes,       1584 total
- age   3:        376 bytes,       1960 total
- age   4:        376 bytes,       2336 total
- age   5:        400 bytes,       2736 total
- age   6:        400 bytes,       3136 total
- age   7:        600 bytes,       3736 total
- age   8:        400 bytes,       4136 total
: 87432K->6K(109248K), 0.0269440 secs] 100162K->12736K(502464K), 0.0272120 secs] [Times: user=0.03 sys=0.00, real=0.03 secs] 
Heap after GC invocations=569 (full 1):
 par new generation   total 109248K, used 6K [0x8ac00000, 0x92c00000, 0x92c00000)
  eden space 87424K,   0% used [0x8ac00000, 0x8ac00000, 0x90160000)
  from space 21824K,   0% used [0x90160000, 0x90161800, 0x916b0000)
  to   space 21824K,   0% used [0x916b0000, 0x916b0000, 0x92c00000)
 concurrent mark-sweep generation total 393216K, used 12730K [0x92c00000, 0xaac00000, 0xaac00000)
 concurrent-mark-sweep perm gen total 35404K, used 22529K [0xaac00000, 0xace93000, 0xb2c00000)
}
2015-02-20T16:00:56.014-0600: 2384.469: Total time for which application threads were stopped: 0.0683560 seconds
{Heap before GC invocations=569 (full 1):
 par new generation   total 109248K, used 87430K [0x8ac00000, 0x92c00000, 0x92c00000)
  eden space 87424K, 100% used [0x8ac00000, 0x90160000, 0x90160000)
  from space 21824K,   0% used [0x90160000, 0x90161800, 0x916b0000)
  to   space 21824K,   0% used [0x916b0000, 0x916b0000, 0x92c00000)
 concurrent mark-sweep generation total 393216K, used 12730K [0x92c00000, 0xaac00000, 0xaac00000)
 concurrent-mark-sweep perm gen total 35404K, used 22529K [0xaac00000, 0xace93000, 0xb2c00000)
2015-02-20T16:00:57.717-0600: 2386.172: [GC2015-02-20T16:00:57.717-0600: 2386.172: [ParNew
Desired survivor size 20112996 bytes, new threshold 8 (max 8)
- age   1:        984 bytes,        984 total
- age   2:        376 bytes,       1360 total
- age   3:        376 bytes,       1736 total
- age   4:        376 bytes,       2112 total
- age   5:        376 bytes,       2488 total
- age   6:        400 bytes,       2888 total
- age   7:        400 bytes,       3288 total
- age   8:        600 bytes,       3888 total
: 87430K->6K(109248K), 0.0308130 secs] 100160K->12737K(502464K), 0.0312880 secs] [Times: user=0.04 sys=0.00, real=0.04 secs] 
Heap after GC invocations=570 (full 1):
 par new generation   total 109248K, used 6K [0x8ac00000, 0x92c00000, 0x92c00000)
  eden space 87424K,   0% used [0x8ac00000, 0x8ac00000, 0x90160000)
  from space 21824K,   0% used [0x916b0000, 0x916b1800, 0x92c00000)
  to   space 21824K,   0% used [0x90160000, 0x90160000, 0x916b0000)
 concurrent mark-sweep generation total 393216K, used 12731K [0x92c00000, 0xaac00000, 0xaac00000)
 concurrent-mark-sweep perm gen total 35404K, used 22529K [0xaac00000, 0xace93000, 0xb2c00000)
}
2015-02-20T16:00:57.748-0600: 2386.203: Total time for which application threads were stopped: 0.0906150 seconds
{Heap before GC invocations=570 (full 1):
 par new generation   total 109248K, used 87430K [0x8ac00000, 0x92c00000, 0x92c00000)
  eden space 87424K, 100% used [0x8ac00000, 0x90160000, 0x90160000)
  from space 21824K,   0% used [0x916b0000, 0x916b1800, 0x92c00000)
  to   space 21824K,   0% used [0x90160000, 0x90160000, 0x916b0000)
 concurrent mark-sweep generation total 393216K, used 12731K [0x92c00000, 0xaac00000, 0xaac00000)
 concurrent-mark-sweep perm gen total 35404K, used 22529K [0xaac00000, 0xace93000, 0xb2c00000)
2015-02-20T16:00:59.065-0600: 2387.520: [GC2015-02-20T16:00:59.065-0600: 2387.520: [ParNew
Desired survivor size 20112996 bytes, new threshold 8 (max 8)
- age   1:        976 bytes,        976 total
- age   2:        392 bytes,       1368 total
- age   3:        376 bytes,       1744 total
- age   4:        376 bytes,       2120 total
- age   5:        376 bytes,       2496 total
- age   6:        376 bytes,       2872 total
- age   7:        400 bytes,       3272 total
- age   8:        400 bytes,       3672 total
: 87430K->8K(109248K), 0.0259320 secs] 100161K->12739K(502464K), 0.0261420 secs] [Times: user=0.03 sys=0.00, real=0.03 secs] 
Heap after GC invocations=571 (full 1):
 par new generation   total 109248K, used 8K [0x8ac00000, 0x92c00000, 0x92c00000)
  eden space 87424K,   0% used [0x8ac00000, 0x8ac00000, 0x90160000)
  from space 21824K,   0% used [0x90160000, 0x90162000, 0x916b0000)
  to   space 21824K,   0% used [0x916b0000, 0x916b0000, 0x92c00000)
 concurrent mark-sweep generation total 393216K, used 12731K [0x92c00000, 0xaac00000, 0xaac00000)
 concurrent-mark-sweep perm gen total 35404K, used 22529K [0xaac00000, 0xace93000, 0xb2c00000)
}
2015-02-20T16:00:59.091-0600: 2387.546: Total time for which application threads were stopped: 0.0337800 seconds
{Heap before GC invocations=571 (full 1):
 par new generation   total 109248K, used 87432K [0x8ac00000, 0x92c00000, 0x92c00000)
  eden space 87424K, 100% used [0x8ac00000, 0x90160000, 0x90160000)
  from space 21824K,   0% used [0x90160000, 0x90162000, 0x916b0000)
  to   space 21824K,   0% used [0x916b0000, 0x916b0000, 0x92c00000)
 concurrent mark-sweep generation total 393216K, used 12731K [0x92c00000, 0xaac00000, 0xaac00000)
 concurrent-mark-sweep perm gen total 35404K, used 22529K [0xaac00000, 0xace93000, 0xb2c00000)
2015-02-20T16:01:00.752-0600: 2389.207: [GC2015-02-20T16:01:00.752-0600: 2389.207: [ParNew
Desired survivor size 20112996 bytes, new threshold 8 (max 8)
- age   1:        944 bytes,        944 total
- age   2:        432 bytes,       1376 total
- age   3:        392 bytes,       1768 total
- age   4:        376 bytes,       2144 total
- age   5:        376 bytes,       2520 total
- age   6:        376 bytes,       2896 total
- age   7:        376 bytes,       3272 total
- age   8:        400 bytes,       3672 total
: 87432K->10K(109248K), 0.0070760 secs] 100163K->12741K(502464K), 0.0073160 secs] [Times: user=0.01 sys=0.00, real=0.01 secs] 
Heap after GC invocations=572 (full 1):
 par new generation   total 109248K, used 10K [0x8ac00000, 0x92c00000, 0x92c00000)
  eden space 87424K,   0% used [0x8ac00000, 0x8ac00000, 0x90160000)
  from space 21824K,   0% used [0x916b0000, 0x916b2800, 0x92c00000)
  to   space 21824K,   0% used [0x90160000, 0x90160000, 0x916b0000)
 concurrent mark-sweep generation total 393216K, used 12731K [0x92c00000, 0xaac00000, 0xaac00000)
 concurrent-mark-sweep perm gen total 35404K, used 22529K [0xaac00000, 0xace93000, 0xb2c00000)
}
2015-02-20T16:01:00.760-0600: 2389.215: Total time for which application threads were stopped: 0.0101720 seconds
{Heap before GC invocations=572 (full 1):
 par new generation   total 109248K, used 87434K [0x8ac00000, 0x92c00000, 0x92c00000)
  eden space 87424K, 100% used [0x8ac00000, 0x90160000, 0x90160000)
  from space 21824K,   0% used [0x916b0000, 0x916b2800, 0x92c00000)
  to   space 21824K,   0% used [0x90160000, 0x90160000, 0x916b0000)
 concurrent mark-sweep generation total 393216K, used 12731K [0x92c00000, 0xaac00000, 0xaac00000)
 concurrent-mark-sweep perm gen total 35404K, used 22529K [0xaac00000, 0xace93000, 0xb2c00000)
2015-02-20T16:01:02.222-0600: 2390.677: [GC2015-02-20T16:01:02.222-0600: 2390.677: [ParNew
Desired survivor size 20112996 bytes, new threshold 8 (max 8)
- age   1:        544 bytes,        544 total
- age   2:        376 bytes,        920 total
- age   3:        408 bytes,       1328 total
- age   4:        392 bytes,       1720 total
- age   5:        376 bytes,       2096 total
- age   6:        376 bytes,       2472 total
- age   7:        376 bytes,       2848 total
- age   8:        376 bytes,       3224 total
: 87434K->8K(109248K), 0.0095310 secs] 100165K->12740K(502464K), 0.0097560 secs] [Times: user=0.01 sys=0.00, real=0.01 secs] 
Heap after GC invocations=573 (full 1):
 par new generation   total 109248K, used 8K [0x8ac00000, 0x92c00000, 0x92c00000)
  eden space 87424K,   0% used [0x8ac00000, 0x8ac00000, 0x90160000)
  from space 21824K,   0% used [0x90160000, 0x90162000, 0x916b0000)
  to   space 21824K,   0% used [0x916b0000, 0x916b0000, 0x92c00000)
 concurrent mark-sweep generation total 393216K, used 12732K [0x92c00000, 0xaac00000, 0xaac00000)
 concurrent-mark-sweep perm gen total 35404K, used 22529K [0xaac00000, 0xace93000, 0xb2c00000)
}
2015-02-20T16:01:02.232-0600: 2390.687: Total time for which application threads were stopped: 0.0128970 seconds
{Heap before GC invocations=573 (full 1):
 par new generation   total 109248K, used 87432K [0x8ac00000, 0x92c00000, 0x92c00000)
  eden space 87424K, 100% used [0x8ac00000, 0x90160000, 0x90160000)
  from space 21824K,   0% used [0x90160000, 0x90162000, 0x916b0000)
  to   space 21824K,   0% used [0x916b0000, 0x916b0000, 0x92c00000)
 concurrent mark-sweep generation total 393216K, used 12732K [0x92c00000, 0xaac00000, 0xaac00000)
 concurrent-mark-sweep perm gen total 35404K, used 22529K [0xaac00000, 0xace93000, 0xb2c00000)
2015-02-20T16:01:03.961-0600: 2392.416: [GC2015-02-20T16:01:03.961-0600: 2392.416: [ParNew
Desired survivor size 20112996 bytes, new threshold 8 (max 8)
- age   1:        864 bytes,        864 total
- age   2:        216 bytes,       1080 total
- age   3:        248 bytes,       1328 total
- age   4:        408 bytes,       1736 total
- age   5:        392 bytes,       2128 total
- age   6:        376 bytes,       2504 total
- age   7:        376 bytes,       2880 total
- age   8:        376 bytes,       3256 total
: 87432K->8K(109248K), 0.0174440 secs] 100164K->12740K(502464K), 0.0176490 secs] [Times: user=0.02 sys=0.00, real=0.02 secs] 
Heap after GC invocations=574 (full 1):
 par new generation   total 109248K, used 8K [0x8ac00000, 0x92c00000, 0x92c00000)
  eden space 87424K,   0% used [0x8ac00000, 0x8ac00000, 0x90160000)
  from space 21824K,   0% used [0x916b0000, 0x916b2000, 0x92c00000)
  to   space 21824K,   0% used [0x90160000, 0x90160000, 0x916b0000)
 concurrent mark-sweep generation total 393216K, used 12732K [0x92c00000, 0xaac00000, 0xaac00000)
 concurrent-mark-sweep perm gen total 35404K, used 22529K [0xaac00000, 0xace93000, 0xb2c00000)
}
2015-02-20T16:01:03.978-0600: 2392.433: Total time for which application threads were stopped: 0.0233430 seconds
{Heap before GC invocations=574 (full 1):
 par new generation   total 109248K, used 87432K [0x8ac00000, 0x92c00000, 0x92c00000)
  eden space 87424K, 100% used [0x8ac00000, 0x90160000, 0x90160000)
  from space 21824K,   0% used [0x916b0000, 0x916b2000, 0x92c00000)
  to   space 21824K,   0% used [0x90160000, 0x90160000, 0x916b0000)
 concurrent mark-sweep generation total 393216K, used 12732K [0x92c00000, 0xaac00000, 0xaac00000)
 concurrent-mark-sweep perm gen total 35404K, used 22529K [0xaac00000, 0xace93000, 0xb2c00000)
2015-02-20T16:01:05.853-0600: 2394.308: [GC2015-02-20T16:01:05.853-0600: 2394.308: [ParNew
Desired survivor size 20112996 bytes, new threshold 8 (max 8)
- age   1:       1328 bytes,       1328 total
- age   2:        432 bytes,       1760 total
- age   3:        216 bytes,       1976 total
- age   4:        248 bytes,       2224 total
- age   5:        408 bytes,       2632 total
- age   6:        392 bytes,       3024 total
- age   7:        376 bytes,       3400 total
- age   8:        376 bytes,       3776 total
: 87432K->10K(109248K), 0.0062390 secs] 100164K->12743K(502464K), 0.0064650 secs] [Times: user=0.01 sys=0.00, real=0.01 secs] 
Heap after GC invocations=575 (full 1):
 par new generation   total 109248K, used 10K [0x8ac00000, 0x92c00000, 0x92c00000)
  eden space 87424K,   0% used [0x8ac00000, 0x8ac00000, 0x90160000)
  from space 21824K,   0% used [0x90160000, 0x90162800, 0x916b0000)
  to   space 21824K,   0% used [0x916b0000, 0x916b0000, 0x92c00000)
 concurrent mark-sweep generation total 393216K, used 12733K [0x92c00000, 0xaac00000, 0xaac00000)
 concurrent-mark-sweep perm gen total 35404K, used 22529K [0xaac00000, 0xace93000, 0xb2c00000)
}
2015-02-20T16:01:05.860-0600: 2394.315: Total time for which application threads were stopped: 0.0092930 seconds
{Heap before GC invocations=575 (full 1):
 par new generation   total 109248K, used 87434K [0x8ac00000, 0x92c00000, 0x92c00000)
  eden space 87424K, 100% used [0x8ac00000, 0x90160000, 0x90160000)
  from space 21824K,   0% used [0x90160000, 0x90162800, 0x916b0000)
  to   space 21824K,   0% used [0x916b0000, 0x916b0000, 0x92c00000)
 concurrent mark-sweep generation total 393216K, used 12733K [0x92c00000, 0xaac00000, 0xaac00000)
 concurrent-mark-sweep perm gen total 35404K, used 22529K [0xaac00000, 0xace93000, 0xb2c00000)
2015-02-20T16:01:07.680-0600: 2396.135: [GC2015-02-20T16:01:07.680-0600: 2396.135: [ParNew
Desired survivor size 20112996 bytes, new threshold 8 (max 8)
- age   1:       1280 bytes,       1280 total
- age   2:        400 bytes,       1680 total
- age   3:        432 bytes,       2112 total
- age   4:        216 bytes,       2328 total
- age   5:        248 bytes,       2576 total
- age   6:        408 bytes,       2984 total
- age   7:        392 bytes,       3376 total
- age   8:        376 bytes,       3752 total
: 87434K->8K(109248K), 0.0131970 secs] 100167K->12741K(502464K), 0.0133670 secs] [Times: user=0.02 sys=0.00, real=0.01 secs] 
Heap after GC invocations=576 (full 1):
 par new generation   total 109248K, used 8K [0x8ac00000, 0x92c00000, 0x92c00000)
  eden space 87424K,   0% used [0x8ac00000, 0x8ac00000, 0x90160000)
  from space 21824K,   0% used [0x916b0000, 0x916b2000, 0x92c00000)
  to   space 21824K,   0% used [0x90160000, 0x90160000, 0x916b0000)
 concurrent mark-sweep generation total 393216K, used 12733K [0x92c00000, 0xaac00000, 0xaac00000)
 concurrent-mark-sweep perm gen total 35404K, used 22529K [0xaac00000, 0xace93000, 0xb2c00000)
}
2015-02-20T16:01:07.694-0600: 2396.149: Total time for which application threads were stopped: 0.0166140 seconds
{Heap before GC invocations=576 (full 1):
 par new generation   total 109248K, used 87432K [0x8ac00000, 0x92c00000, 0x92c00000)
  eden space 87424K, 100% used [0x8ac00000, 0x90160000, 0x90160000)
  from space 21824K,   0% used [0x916b0000, 0x916b2000, 0x92c00000)
  to   space 21824K,   0% used [0x90160000, 0x90160000, 0x916b0000)
 concurrent mark-sweep generation total 393216K, used 12733K [0x92c00000, 0xaac00000, 0xaac00000)
 concurrent-mark-sweep perm gen total 35404K, used 22529K [0xaac00000, 0xace93000, 0xb2c00000)
2015-02-20T16:01:09.606-0600: 2398.061: [GC2015-02-20T16:01:09.606-0600: 2398.061: [ParNew
Desired survivor size 20112996 bytes, new threshold 8 (max 8)
- age   1:       1272 bytes,       1272 total
- age   2:        376 bytes,       1648 total
- age   3:        400 bytes,       2048 total
- age   4:        432 bytes,       2480 total
- age   5:        216 bytes,       2696 total
- age   6:        248 bytes,       2944 total
- age   7:        408 bytes,       3352 total
- age   8:        392 bytes,       3744 total
: 87432K->6K(109248K), 0.0082990 secs] 100165K->12739K(502464K), 0.0085040 secs] [Times: user=0.02 sys=0.00, real=0.01 secs] 
Heap after GC invocations=577 (full 1):
 par new generation   total 109248K, used 6K [0x8ac00000, 0x92c00000, 0x92c00000)
  eden space 87424K,   0% used [0x8ac00000, 0x8ac00000, 0x90160000)
  from space 21824K,   0% used [0x90160000, 0x90161800, 0x916b0000)
  to   space 21824K,   0% used [0x916b0000, 0x916b0000, 0x92c00000)
 concurrent mark-sweep generation total 393216K, used 12733K [0x92c00000, 0xaac00000, 0xaac00000)
 concurrent-mark-sweep perm gen total 35404K, used 22529K [0xaac00000, 0xace93000, 0xb2c00000)
}
2015-02-20T16:01:09.615-0600: 2398.070: Total time for which application threads were stopped: 0.0115660 seconds
{Heap before GC invocations=577 (full 1):
 par new generation   total 109248K, used 87430K [0x8ac00000, 0x92c00000, 0x92c00000)
  eden space 87424K, 100% used [0x8ac00000, 0x90160000, 0x90160000)
  from space 21824K,   0% used [0x90160000, 0x90161800, 0x916b0000)
  to   space 21824K,   0% used [0x916b0000, 0x916b0000, 0x92c00000)
 concurrent mark-sweep generation total 393216K, used 12733K [0x92c00000, 0xaac00000, 0xaac00000)
 concurrent-mark-sweep perm gen total 35404K, used 22529K [0xaac00000, 0xace93000, 0xb2c00000)
2015-02-20T16:01:11.828-0600: 2400.283: [GC2015-02-20T16:01:11.828-0600: 2400.283: [ParNew
Desired survivor size 20112996 bytes, new threshold 8 (max 8)
- age   1:       1408 bytes,       1408 total
- age   2:        424 bytes,       1832 total
- age   3:        376 bytes,       2208 total
- age   4:        400 bytes,       2608 total
- age   5:        432 bytes,       3040 total
- age   6:        216 bytes,       3256 total
- age   7:        248 bytes,       3504 total
- age   8:        408 bytes,       3912 total
: 87430K->6K(109248K), 0.0428160 secs] 100163K->12740K(502464K), 0.0430890 secs] [Times: user=0.03 sys=0.01, real=0.04 secs] 
Heap after GC invocations=578 (full 1):
 par new generation   total 109248K, used 6K [0x8ac00000, 0x92c00000, 0x92c00000)
  eden space 87424K,   0% used [0x8ac00000, 0x8ac00000, 0x90160000)
  from space 21824K,   0% used [0x916b0000, 0x916b1800, 0x92c00000)
  to   space 21824K,   0% used [0x90160000, 0x90160000, 0x916b0000)
 concurrent mark-sweep generation total 393216K, used 12734K [0x92c00000, 0xaac00000, 0xaac00000)
 concurrent-mark-sweep perm gen total 35404K, used 22529K [0xaac00000, 0xace93000, 0xb2c00000)
}
2015-02-20T16:01:11.871-0600: 2400.326: Total time for which application threads were stopped: 0.0458330 seconds
{Heap before GC invocations=578 (full 1):
 par new generation   total 109248K, used 87430K [0x8ac00000, 0x92c00000, 0x92c00000)
  eden space 87424K, 100% used [0x8ac00000, 0x90160000, 0x90160000)
  from space 21824K,   0% used [0x916b0000, 0x916b1800, 0x92c00000)
  to   space 21824K,   0% used [0x90160000, 0x90160000, 0x916b0000)
 concurrent mark-sweep generation total 393216K, used 12734K [0x92c00000, 0xaac00000, 0xaac00000)
 concurrent-mark-sweep perm gen total 35404K, used 22529K [0xaac00000, 0xace93000, 0xb2c00000)
2015-02-20T16:01:14.223-0600: 2402.678: [GC2015-02-20T16:01:14.223-0600: 2402.678: [ParNew
Desired survivor size 20112996 bytes, new threshold 8 (max 8)
- age   1:        944 bytes,        944 total
- age   2:        472 bytes,       1416 total
- age   3:        424 bytes,       1840 total
- age   4:        376 bytes,       2216 total
- age   5:        400 bytes,       2616 total
- age   6:        432 bytes,       3048 total
- age   7:        216 bytes,       3264 total
- age   8:        248 bytes,       3512 total
: 87430K->8K(109248K), 0.0080240 secs] 100164K->12742K(502464K), 0.0082530 secs] [Times: user=0.01 sys=0.00, real=0.01 secs] 
Heap after GC invocations=579 (full 1):
 par new generation   total 109248K, used 8K [0x8ac00000, 0x92c00000, 0x92c00000)
  eden space 87424K,   0% used [0x8ac00000, 0x8ac00000, 0x90160000)
  from space 21824K,   0% used [0x90160000, 0x90162000, 0x916b0000)
  to   space 21824K,   0% used [0x916b0000, 0x916b0000, 0x92c00000)
 concurrent mark-sweep generation total 393216K, used 12734K [0x92c00000, 0xaac00000, 0xaac00000)
 concurrent-mark-sweep perm gen total 35404K, used 22529K [0xaac00000, 0xace93000, 0xb2c00000)
}
2015-02-20T16:01:14.231-0600: 2402.686: Total time for which application threads were stopped: 0.0110220 seconds
{Heap before GC invocations=579 (full 1):
 par new generation   total 109248K, used 87432K [0x8ac00000, 0x92c00000, 0x92c00000)
  eden space 87424K, 100% used [0x8ac00000, 0x90160000, 0x90160000)
  from space 21824K,   0% used [0x90160000, 0x90162000, 0x916b0000)
  to   space 21824K,   0% used [0x916b0000, 0x916b0000, 0x92c00000)
 concurrent mark-sweep generation total 393216K, used 12734K [0x92c00000, 0xaac00000, 0xaac00000)
 concurrent-mark-sweep perm gen total 35404K, used 22529K [0xaac00000, 0xace93000, 0xb2c00000)
2015-02-20T16:01:16.004-0600: 2404.459: [GC2015-02-20T16:01:16.004-0600: 2404.459: [ParNew
Desired survivor size 20112996 bytes, new threshold 8 (max 8)
- age   1:        992 bytes,        992 total
- age   2:        488 bytes,       1480 total
- age   3:        472 bytes,       1952 total
- age   4:        424 bytes,       2376 total
- age   5:        376 bytes,       2752 total
- age   6:        400 bytes,       3152 total
- age   7:        432 bytes,       3584 total
- age   8:        216 bytes,       3800 total
: 87432K->10K(109248K), 0.0167960 secs] 100166K->12744K(502464K), 0.0171170 secs] [Times: user=0.02 sys=0.00, real=0.02 secs] 
Heap after GC invocations=580 (full 1):
 par new generation   total 109248K, used 10K [0x8ac00000, 0x92c00000, 0x92c00000)
  eden space 87424K,   0% used [0x8ac00000, 0x8ac00000, 0x90160000)
  from space 21824K,   0% used [0x916b0000, 0x916b2800, 0x92c00000)
  to   space 21824K,   0% used [0x90160000, 0x90160000, 0x916b0000)
 concurrent mark-sweep generation total 393216K, used 12734K [0x92c00000, 0xaac00000, 0xaac00000)
 concurrent-mark-sweep perm gen total 35404K, used 22529K [0xaac00000, 0xace93000, 0xb2c00000)
}
2015-02-20T16:01:16.021-0600: 2404.476: Total time for which application threads were stopped: 0.0205640 seconds
{Heap before GC invocations=580 (full 1):
 par new generation   total 109248K, used 87434K [0x8ac00000, 0x92c00000, 0x92c00000)
  eden space 87424K, 100% used [0x8ac00000, 0x90160000, 0x90160000)
  from space 21824K,   0% used [0x916b0000, 0x916b2800, 0x92c00000)
  to   space 21824K,   0% used [0x90160000, 0x90160000, 0x916b0000)
 concurrent mark-sweep generation total 393216K, used 12734K [0x92c00000, 0xaac00000, 0xaac00000)
 concurrent-mark-sweep perm gen total 35404K, used 22529K [0xaac00000, 0xace93000, 0xb2c00000)
2015-02-20T16:01:17.480-0600: 2405.935: [GC2015-02-20T16:01:17.480-0600: 2405.935: [ParNew
Desired survivor size 20112996 bytes, new threshold 8 (max 8)
- age   1:        968 bytes,        968 total
- age   2:        360 bytes,       1328 total
- age   3:        488 bytes,       1816 total
- age   4:        472 bytes,       2288 total
- age   5:        424 bytes,       2712 total
- age   6:        376 bytes,       3088 total
- age   7:        400 bytes,       3488 total
- age   8:        432 bytes,       3920 total
: 87434K->10K(109248K), 0.0148650 secs] 100168K->12745K(502464K), 0.0153820 secs] [Times: user=0.02 sys=0.00, real=0.01 secs] 
Heap after GC invocations=581 (full 1):
 par new generation   total 109248K, used 10K [0x8ac00000, 0x92c00000, 0x92c00000)
  eden space 87424K,   0% used [0x8ac00000, 0x8ac00000, 0x90160000)
  from space 21824K,   0% used [0x90160000, 0x90162800, 0x916b0000)
  to   space 21824K,   0% used [0x916b0000, 0x916b0000, 0x92c00000)
 concurrent mark-sweep generation total 393216K, used 12735K [0x92c00000, 0xaac00000, 0xaac00000)
 concurrent-mark-sweep perm gen total 35404K, used 22529K [0xaac00000, 0xace93000, 0xb2c00000)
}
2015-02-20T16:01:17.495-0600: 2405.950: Total time for which application threads were stopped: 0.0233810 seconds
{Heap before GC invocations=581 (full 1):
 par new generation   total 109248K, used 87434K [0x8ac00000, 0x92c00000, 0x92c00000)
  eden space 87424K, 100% used [0x8ac00000, 0x90160000, 0x90160000)
  from space 21824K,   0% used [0x90160000, 0x90162800, 0x916b0000)
  to   space 21824K,   0% used [0x916b0000, 0x916b0000, 0x92c00000)
 concurrent mark-sweep generation total 393216K, used 12735K [0x92c00000, 0xaac00000, 0xaac00000)
 concurrent-mark-sweep perm gen total 35404K, used 22529K [0xaac00000, 0xace93000, 0xb2c00000)
2015-02-20T16:01:19.277-0600: 2407.732: [GC2015-02-20T16:01:19.277-0600: 2407.732: [ParNew
Desired survivor size 20112996 bytes, new threshold 8 (max 8)
- age   1:        992 bytes,        992 total
- age   2:        376 bytes,       1368 total
- age   3:        360 bytes,       1728 total
- age   4:        488 bytes,       2216 total
- age   5:        472 bytes,       2688 total
- age   6:        424 bytes,       3112 total
- age   7:        376 bytes,       3488 total
- age   8:        400 bytes,       3888 total
: 87434K->10K(109248K), 0.0166190 secs] 100169K->12745K(502464K), 0.0173440 secs] [Times: user=0.02 sys=0.00, real=0.02 secs] 
Heap after GC invocations=582 (full 1):
 par new generation   total 109248K, used 10K [0x8ac00000, 0x92c00000, 0x92c00000)
  eden space 87424K,   0% used [0x8ac00000, 0x8ac00000, 0x90160000)
  from space 21824K,   0% used [0x916b0000, 0x916b2800, 0x92c00000)
  to   space 21824K,   0% used [0x90160000, 0x90160000, 0x916b0000)
 concurrent mark-sweep generation total 393216K, used 12735K [0x92c00000, 0xaac00000, 0xaac00000)
 concurrent-mark-sweep perm gen total 35404K, used 22529K [0xaac00000, 0xace93000, 0xb2c00000)
}
2015-02-20T16:01:19.294-0600: 2407.749: Total time for which application threads were stopped: 0.0269920 seconds
{Heap before GC invocations=582 (full 1):
 par new generation   total 109248K, used 87434K [0x8ac00000, 0x92c00000, 0x92c00000)
  eden space 87424K, 100% used [0x8ac00000, 0x90160000, 0x90160000)
  from space 21824K,   0% used [0x916b0000, 0x916b2800, 0x92c00000)
  to   space 21824K,   0% used [0x90160000, 0x90160000, 0x916b0000)
 concurrent mark-sweep generation total 393216K, used 12735K [0x92c00000, 0xaac00000, 0xaac00000)
 concurrent-mark-sweep perm gen total 35404K, used 22529K [0xaac00000, 0xace93000, 0xb2c00000)
2015-02-20T16:01:21.311-0600: 2409.766: [GC2015-02-20T16:01:21.311-0600: 2409.766: [ParNew
Desired survivor size 20112996 bytes, new threshold 8 (max 8)
- age   1:       1160 bytes,       1160 total
- age   2:        424 bytes,       1584 total
- age   3:        376 bytes,       1960 total
- age   4:        360 bytes,       2320 total
- age   5:        488 bytes,       2808 total
- age   6:        472 bytes,       3280 total
- age   7:        424 bytes,       3704 total
- age   8:        376 bytes,       4080 total
: 87434K->8K(109248K), 0.0141140 secs] 100169K->12743K(502464K), 0.0142490 secs] [Times: user=0.01 sys=0.00, real=0.01 secs] 
Heap after GC invocations=583 (full 1):
 par new generation   total 109248K, used 8K [0x8ac00000, 0x92c00000, 0x92c00000)
  eden space 87424K,   0% used [0x8ac00000, 0x8ac00000, 0x90160000)
  from space 21824K,   0% used [0x90160000, 0x90162000, 0x916b0000)
  to   space 21824K,   0% used [0x916b0000, 0x916b0000, 0x92c00000)
 concurrent mark-sweep generation total 393216K, used 12735K [0x92c00000, 0xaac00000, 0xaac00000)
 concurrent-mark-sweep perm gen total 35404K, used 22529K [0xaac00000, 0xace93000, 0xb2c00000)
}
2015-02-20T16:01:21.326-0600: 2409.781: Total time for which application threads were stopped: 0.0460530 seconds
{Heap before GC invocations=583 (full 1):
 par new generation   total 109248K, used 87432K [0x8ac00000, 0x92c00000, 0x92c00000)
  eden space 87424K, 100% used [0x8ac00000, 0x90160000, 0x90160000)
  from space 21824K,   0% used [0x90160000, 0x90162000, 0x916b0000)
  to   space 21824K,   0% used [0x916b0000, 0x916b0000, 0x92c00000)
 concurrent mark-sweep generation total 393216K, used 12735K [0x92c00000, 0xaac00000, 0xaac00000)
 concurrent-mark-sweep perm gen total 35404K, used 22529K [0xaac00000, 0xace93000, 0xb2c00000)
2015-02-20T16:01:22.876-0600: 2411.331: [GC2015-02-20T16:01:22.876-0600: 2411.331: [ParNew
Desired survivor size 20112996 bytes, new threshold 8 (max 8)
- age   1:        768 bytes,        768 total
- age   2:        400 bytes,       1168 total
- age   3:        424 bytes,       1592 total
- age   4:        376 bytes,       1968 total
- age   5:        360 bytes,       2328 total
- age   6:        488 bytes,       2816 total
- age   7:        472 bytes,       3288 total
- age   8:        424 bytes,       3712 total
: 87432K->8K(109248K), 0.0173510 secs] 100167K->12744K(502464K), 0.0178310 secs] [Times: user=0.02 sys=0.00, real=0.02 secs] 
Heap after GC invocations=584 (full 1):
 par new generation   total 109248K, used 8K [0x8ac00000, 0x92c00000, 0x92c00000)
  eden space 87424K,   0% used [0x8ac00000, 0x8ac00000, 0x90160000)
  from space 21824K,   0% used [0x916b0000, 0x916b2000, 0x92c00000)
  to   space 21824K,   0% used [0x90160000, 0x90160000, 0x916b0000)
 concurrent mark-sweep generation total 393216K, used 12736K [0x92c00000, 0xaac00000, 0xaac00000)
 concurrent-mark-sweep perm gen total 35404K, used 22529K [0xaac00000, 0xace93000, 0xb2c00000)
}
2015-02-20T16:01:22.894-0600: 2411.349: Total time for which application threads were stopped: 0.0256730 seconds
{Heap before GC invocations=584 (full 1):
 par new generation   total 109248K, used 87432K [0x8ac00000, 0x92c00000, 0x92c00000)
  eden space 87424K, 100% used [0x8ac00000, 0x90160000, 0x90160000)
  from space 21824K,   0% used [0x916b0000, 0x916b2000, 0x92c00000)
  to   space 21824K,   0% used [0x90160000, 0x90160000, 0x916b0000)
 concurrent mark-sweep generation total 393216K, used 12736K [0x92c00000, 0xaac00000, 0xaac00000)
 concurrent-mark-sweep perm gen total 35404K, used 22529K [0xaac00000, 0xace93000, 0xb2c00000)
2015-02-20T16:01:24.307-0600: 2412.762: [GC2015-02-20T16:01:24.307-0600: 2412.762: [ParNew
Desired survivor size 20112996 bytes, new threshold 8 (max 8)
- age   1:        864 bytes,        864 total
- age   2:        328 bytes,       1192 total
- age   3:        376 bytes,       1568 total
- age   4:        424 bytes,       1992 total
- age   5:        376 bytes,       2368 total
- age   6:        360 bytes,       2728 total
- age   7:        488 bytes,       3216 total
- age   8:        472 bytes,       3688 total
: 87432K->6K(109248K), 0.0127630 secs] 100168K->12742K(502464K), 0.0129690 secs] [Times: user=0.03 sys=0.00, real=0.02 secs] 
Heap after GC invocations=585 (full 1):
 par new generation   total 109248K, used 6K [0x8ac00000, 0x92c00000, 0x92c00000)
  eden space 87424K,   0% used [0x8ac00000, 0x8ac00000, 0x90160000)
  from space 21824K,   0% used [0x90160000, 0x90161800, 0x916b0000)
  to   space 21824K,   0% used [0x916b0000, 0x916b0000, 0x92c00000)
 concurrent mark-sweep generation total 393216K, used 12736K [0x92c00000, 0xaac00000, 0xaac00000)
 concurrent-mark-sweep perm gen total 35404K, used 22529K [0xaac00000, 0xace93000, 0xb2c00000)
}
2015-02-20T16:01:24.320-0600: 2412.775: Total time for which application threads were stopped: 0.0159730 seconds
{Heap before GC invocations=585 (full 1):
 par new generation   total 109248K, used 87430K [0x8ac00000, 0x92c00000, 0x92c00000)
  eden space 87424K, 100% used [0x8ac00000, 0x90160000, 0x90160000)
  from space 21824K,   0% used [0x90160000, 0x90161800, 0x916b0000)
  to   space 21824K,   0% used [0x916b0000, 0x916b0000, 0x92c00000)
 concurrent mark-sweep generation total 393216K, used 12736K [0x92c00000, 0xaac00000, 0xaac00000)
 concurrent-mark-sweep perm gen total 35404K, used 22529K [0xaac00000, 0xace93000, 0xb2c00000)
2015-02-20T16:01:26.134-0600: 2414.589: [GC2015-02-20T16:01:26.134-0600: 2414.589: [ParNew
Desired survivor size 20112996 bytes, new threshold 8 (max 8)
- age   1:       1328 bytes,       1328 total
- age   2:        216 bytes,       1544 total
- age   3:        200 bytes,       1744 total
- age   4:        376 bytes,       2120 total
- age   5:        424 bytes,       2544 total
- age   6:        376 bytes,       2920 total
- age   7:        360 bytes,       3280 total
- age   8:        488 bytes,       3768 total
: 87430K->10K(109248K), 0.0069950 secs] 100166K->12747K(502464K), 0.0072350 secs] [Times: user=0.01 sys=0.00, real=0.01 secs] 
Heap after GC invocations=586 (full 1):
 par new generation   total 109248K, used 10K [0x8ac00000, 0x92c00000, 0x92c00000)
  eden space 87424K,   0% used [0x8ac00000, 0x8ac00000, 0x90160000)
  from space 21824K,   0% used [0x916b0000, 0x916b2800, 0x92c00000)
  to   space 21824K,   0% used [0x90160000, 0x90160000, 0x916b0000)
 concurrent mark-sweep generation total 393216K, used 12737K [0x92c00000, 0xaac00000, 0xaac00000)
 concurrent-mark-sweep perm gen total 35404K, used 22529K [0xaac00000, 0xace93000, 0xb2c00000)
}
2015-02-20T16:01:26.141-0600: 2414.596: Total time for which application threads were stopped: 0.0099410 seconds
{Heap before GC invocations=586 (full 1):
 par new generation   total 109248K, used 87434K [0x8ac00000, 0x92c00000, 0x92c00000)
  eden space 87424K, 100% used [0x8ac00000, 0x90160000, 0x90160000)
  from space 21824K,   0% used [0x916b0000, 0x916b2800, 0x92c00000)
  to   space 21824K,   0% used [0x90160000, 0x90160000, 0x916b0000)
 concurrent mark-sweep generation total 393216K, used 12737K [0x92c00000, 0xaac00000, 0xaac00000)
 concurrent-mark-sweep perm gen total 35404K, used 22529K [0xaac00000, 0xace93000, 0xb2c00000)
2015-02-20T16:01:27.801-0600: 2416.256: [GC2015-02-20T16:01:27.801-0600: 2416.256: [ParNew
Desired survivor size 20112996 bytes, new threshold 8 (max 8)
- age   1:       1168 bytes,       1168 total
- age   2:        400 bytes,       1568 total
- age   3:        216 bytes,       1784 total
- age   4:        200 bytes,       1984 total
- age   5:        376 bytes,       2360 total
- age   6:        424 bytes,       2784 total
- age   7:        376 bytes,       3160 total
- age   8:        360 bytes,       3520 total
: 87434K->6K(109248K), 0.0152240 secs] 100171K->12743K(502464K), 0.0154220 secs] [Times: user=0.03 sys=0.00, real=0.01 secs] 
Heap after GC invocations=587 (full 1):
 par new generation   total 109248K, used 6K [0x8ac00000, 0x92c00000, 0x92c00000)
  eden space 87424K,   0% used [0x8ac00000, 0x8ac00000, 0x90160000)
  from space 21824K,   0% used [0x90160000, 0x90161800, 0x916b0000)
  to   space 21824K,   0% used [0x916b0000, 0x916b0000, 0x92c00000)
 concurrent mark-sweep generation total 393216K, used 12737K [0x92c00000, 0xaac00000, 0xaac00000)
 concurrent-mark-sweep perm gen total 35404K, used 22529K [0xaac00000, 0xace93000, 0xb2c00000)
}
2015-02-20T16:01:27.816-0600: 2416.271: Total time for which application threads were stopped: 0.0181510 seconds
{Heap before GC invocations=587 (full 1):
 par new generation   total 109248K, used 87430K [0x8ac00000, 0x92c00000, 0x92c00000)
  eden space 87424K, 100% used [0x8ac00000, 0x90160000, 0x90160000)
  from space 21824K,   0% used [0x90160000, 0x90161800, 0x916b0000)
  to   space 21824K,   0% used [0x916b0000, 0x916b0000, 0x92c00000)
 concurrent mark-sweep generation total 393216K, used 12737K [0x92c00000, 0xaac00000, 0xaac00000)
 concurrent-mark-sweep perm gen total 35404K, used 22529K [0xaac00000, 0xace93000, 0xb2c00000)
2015-02-20T16:01:29.228-0600: 2417.683: [GC2015-02-20T16:01:29.229-0600: 2417.684: [ParNew
Desired survivor size 20112996 bytes, new threshold 8 (max 8)
- age   1:       1376 bytes,       1376 total
- age   2:        568 bytes,       1944 total
- age   3:        400 bytes,       2344 total
- age   4:        216 bytes,       2560 total
- age   5:        200 bytes,       2760 total
- age   6:        376 bytes,       3136 total
- age   7:        424 bytes,       3560 total
- age   8:        376 bytes,       3936 total
: 87430K->8K(109248K), 0.0220820 secs] 100167K->12745K(502464K), 0.0223330 secs] [Times: user=0.03 sys=0.00, real=0.02 secs] 
Heap after GC invocations=588 (full 1):
 par new generation   total 109248K, used 8K [0x8ac00000, 0x92c00000, 0x92c00000)
  eden space 87424K,   0% used [0x8ac00000, 0x8ac00000, 0x90160000)
  from space 21824K,   0% used [0x916b0000, 0x916b2000, 0x92c00000)
  to   space 21824K,   0% used [0x90160000, 0x90160000, 0x916b0000)
 concurrent mark-sweep generation total 393216K, used 12737K [0x92c00000, 0xaac00000, 0xaac00000)
 concurrent-mark-sweep perm gen total 35404K, used 22529K [0xaac00000, 0xace93000, 0xb2c00000)
}
2015-02-20T16:01:29.251-0600: 2417.706: Total time for which application threads were stopped: 0.0258070 seconds
{Heap before GC invocations=588 (full 1):
 par new generation   total 109248K, used 87432K [0x8ac00000, 0x92c00000, 0x92c00000)
  eden space 87424K, 100% used [0x8ac00000, 0x90160000, 0x90160000)
  from space 21824K,   0% used [0x916b0000, 0x916b2000, 0x92c00000)
  to   space 21824K,   0% used [0x90160000, 0x90160000, 0x916b0000)
 concurrent mark-sweep generation total 393216K, used 12737K [0x92c00000, 0xaac00000, 0xaac00000)
 concurrent-mark-sweep perm gen total 35404K, used 22529K [0xaac00000, 0xace93000, 0xb2c00000)
2015-02-20T16:01:31.048-0600: 2419.503: [GC2015-02-20T16:01:31.048-0600: 2419.503: [ParNew
Desired survivor size 20112996 bytes, new threshold 8 (max 8)
- age   1:        928 bytes,        928 total
- age   2:        544 bytes,       1472 total
- age   3:        568 bytes,       2040 total
- age   4:        400 bytes,       2440 total
- age   5:        216 bytes,       2656 total
- age   6:        200 bytes,       2856 total
- age   7:        376 bytes,       3232 total
- age   8:        424 bytes,       3656 total
: 87432K->8K(109248K), 0.0298390 secs] 100169K->12746K(502464K), 0.0300990 secs] [Times: user=0.02 sys=0.01, real=0.03 secs] 
Heap after GC invocations=589 (full 1):
 par new generation   total 109248K, used 8K [0x8ac00000, 0x92c00000, 0x92c00000)
  eden space 87424K,   0% used [0x8ac00000, 0x8ac00000, 0x90160000)
  from space 21824K,   0% used [0x90160000, 0x90162000, 0x916b0000)
  to   space 21824K,   0% used [0x916b0000, 0x916b0000, 0x92c00000)
 concurrent mark-sweep generation total 393216K, used 12738K [0x92c00000, 0xaac00000, 0xaac00000)
 concurrent-mark-sweep perm gen total 35404K, used 22529K [0xaac00000, 0xace93000, 0xb2c00000)
}
2015-02-20T16:01:31.078-0600: 2419.533: Total time for which application threads were stopped: 0.0373950 seconds
{Heap before GC invocations=589 (full 1):
 par new generation   total 109248K, used 87432K [0x8ac00000, 0x92c00000, 0x92c00000)
  eden space 87424K, 100% used [0x8ac00000, 0x90160000, 0x90160000)
  from space 21824K,   0% used [0x90160000, 0x90162000, 0x916b0000)
  to   space 21824K,   0% used [0x916b0000, 0x916b0000, 0x92c00000)
 concurrent mark-sweep generation total 393216K, used 12738K [0x92c00000, 0xaac00000, 0xaac00000)
 concurrent-mark-sweep perm gen total 35404K, used 22529K [0xaac00000, 0xace93000, 0xb2c00000)
2015-02-20T16:01:32.301-0600: 2420.756: [GC2015-02-20T16:01:32.301-0600: 2420.756: [ParNew
Desired survivor size 20112996 bytes, new threshold 8 (max 8)
- age   1:        296 bytes,        296 total
- age   2:        600 bytes,        896 total
- age   3:        544 bytes,       1440 total
- age   4:        568 bytes,       2008 total
- age   5:        400 bytes,       2408 total
- age   6:        216 bytes,       2624 total
- age   7:        200 bytes,       2824 total
- age   8:        376 bytes,       3200 total
: 87432K->6K(109248K), 0.0193270 secs] 100170K->12744K(502464K), 0.0195540 secs] [Times: user=0.02 sys=0.00, real=0.02 secs] 
Heap after GC invocations=590 (full 1):
 par new generation   total 109248K, used 6K [0x8ac00000, 0x92c00000, 0x92c00000)
  eden space 87424K,   0% used [0x8ac00000, 0x8ac00000, 0x90160000)
  from space 21824K,   0% used [0x916b0000, 0x916b1800, 0x92c00000)
  to   space 21824K,   0% used [0x90160000, 0x90160000, 0x916b0000)
 concurrent mark-sweep generation total 393216K, used 12738K [0x92c00000, 0xaac00000, 0xaac00000)
 concurrent-mark-sweep perm gen total 35404K, used 22529K [0xaac00000, 0xace93000, 0xb2c00000)
}
2015-02-20T16:01:32.321-0600: 2420.776: Total time for which application threads were stopped: 0.0226320 seconds
{Heap before GC invocations=590 (full 1):
 par new generation   total 109248K, used 87430K [0x8ac00000, 0x92c00000, 0x92c00000)
  eden space 87424K, 100% used [0x8ac00000, 0x90160000, 0x90160000)
  from space 21824K,   0% used [0x916b0000, 0x916b1800, 0x92c00000)
  to   space 21824K,   0% used [0x90160000, 0x90160000, 0x916b0000)
 concurrent mark-sweep generation total 393216K, used 12738K [0x92c00000, 0xaac00000, 0xaac00000)
 concurrent-mark-sweep perm gen total 35404K, used 22529K [0xaac00000, 0xace93000, 0xb2c00000)
2015-02-20T16:01:34.455-0600: 2422.910: [GC2015-02-20T16:01:34.455-0600: 2422.910: [ParNew
Desired survivor size 20112996 bytes, new threshold 8 (max 8)
- age   1:       1096 bytes,       1096 total
- age   2:         16 bytes,       1112 total
- age   3:        448 bytes,       1560 total
- age   4:        544 bytes,       2104 total
- age   5:        568 bytes,       2672 total
- age   6:        400 bytes,       3072 total
- age   7:        216 bytes,       3288 total
- age   8:        200 bytes,       3488 total
: 87430K->6K(109248K), 0.0082000 secs] 100168K->12745K(502464K), 0.0084090 secs] [Times: user=0.01 sys=0.00, real=0.01 secs] 
Heap after GC invocations=591 (full 1):
 par new generation   total 109248K, used 6K [0x8ac00000, 0x92c00000, 0x92c00000)
  eden space 87424K,   0% used [0x8ac00000, 0x8ac00000, 0x90160000)
  from space 21824K,   0% used [0x90160000, 0x90161800, 0x916b0000)
  to   space 21824K,   0% used [0x916b0000, 0x916b0000, 0x92c00000)
 concurrent mark-sweep generation total 393216K, used 12739K [0x92c00000, 0xaac00000, 0xaac00000)
 concurrent-mark-sweep perm gen total 35404K, used 22529K [0xaac00000, 0xace93000, 0xb2c00000)
}
2015-02-20T16:01:34.463-0600: 2422.918: Total time for which application threads were stopped: 0.0111640 seconds
{Heap before GC invocations=591 (full 1):
 par new generation   total 109248K, used 87430K [0x8ac00000, 0x92c00000, 0x92c00000)
  eden space 87424K, 100% used [0x8ac00000, 0x90160000, 0x90160000)
  from space 21824K,   0% used [0x90160000, 0x90161800, 0x916b0000)
  to   space 21824K,   0% used [0x916b0000, 0x916b0000, 0x92c00000)
 concurrent mark-sweep generation total 393216K, used 12739K [0x92c00000, 0xaac00000, 0xaac00000)
 concurrent-mark-sweep perm gen total 35404K, used 22529K [0xaac00000, 0xace93000, 0xb2c00000)
2015-02-20T16:01:36.335-0600: 2424.790: [GC2015-02-20T16:01:36.335-0600: 2424.790: [ParNew
Desired survivor size 20112996 bytes, new threshold 8 (max 8)
- age   1:       1352 bytes,       1352 total
- age   2:        424 bytes,       1776 total
- age   3:         16 bytes,       1792 total
- age   4:        448 bytes,       2240 total
- age   5:        544 bytes,       2784 total
- age   6:        568 bytes,       3352 total
- age   7:        400 bytes,       3752 total
- age   8:        216 bytes,       3968 total
: 87430K->10K(109248K), 0.0075690 secs] 100169K->12749K(502464K), 0.0077910 secs] [Times: user=0.01 sys=0.00, real=0.01 secs] 
Heap after GC invocations=592 (full 1):
 par new generation   total 109248K, used 10K [0x8ac00000, 0x92c00000, 0x92c00000)
  eden space 87424K,   0% used [0x8ac00000, 0x8ac00000, 0x90160000)
  from space 21824K,   0% used [0x916b0000, 0x916b2800, 0x92c00000)
  to   space 21824K,   0% used [0x90160000, 0x90160000, 0x916b0000)
 concurrent mark-sweep generation total 393216K, used 12739K [0x92c00000, 0xaac00000, 0xaac00000)
 concurrent-mark-sweep perm gen total 35404K, used 22529K [0xaac00000, 0xace93000, 0xb2c00000)
}
2015-02-20T16:01:36.343-0600: 2424.798: Total time for which application threads were stopped: 0.0105180 seconds
{Heap before GC invocations=592 (full 1):
 par new generation   total 109248K, used 87434K [0x8ac00000, 0x92c00000, 0x92c00000)
  eden space 87424K, 100% used [0x8ac00000, 0x90160000, 0x90160000)
  from space 21824K,   0% used [0x916b0000, 0x916b2800, 0x92c00000)
  to   space 21824K,   0% used [0x90160000, 0x90160000, 0x916b0000)
 concurrent mark-sweep generation total 393216K, used 12739K [0x92c00000, 0xaac00000, 0xaac00000)
 concurrent-mark-sweep perm gen total 35404K, used 22529K [0xaac00000, 0xace93000, 0xb2c00000)
2015-02-20T16:01:38.231-0600: 2426.686: [GC2015-02-20T16:01:38.231-0600: 2426.686: [ParNew
Desired survivor size 20112996 bytes, new threshold 8 (max 8)
- age   1:        832 bytes,        832 total
- age   2:        424 bytes,       1256 total
- age   3:        424 bytes,       1680 total
- age   4:         16 bytes,       1696 total
- age   5:        448 bytes,       2144 total
- age   6:        544 bytes,       2688 total
- age   7:        568 bytes,       3256 total
- age   8:        400 bytes,       3656 total
: 87434K->6K(109248K), 0.0194610 secs] 100173K->12745K(502464K), 0.0197110 secs] [Times: user=0.03 sys=0.01, real=0.02 secs] 
Heap after GC invocations=593 (full 1):
 par new generation   total 109248K, used 6K [0x8ac00000, 0x92c00000, 0x92c00000)
  eden space 87424K,   0% used [0x8ac00000, 0x8ac00000, 0x90160000)
  from space 21824K,   0% used [0x90160000, 0x90161800, 0x916b0000)
  to   space 21824K,   0% used [0x916b0000, 0x916b0000, 0x92c00000)
 concurrent mark-sweep generation total 393216K, used 12739K [0x92c00000, 0xaac00000, 0xaac00000)
 concurrent-mark-sweep perm gen total 35404K, used 22529K [0xaac00000, 0xace93000, 0xb2c00000)
}
2015-02-20T16:01:38.251-0600: 2426.706: Total time for which application threads were stopped: 0.0231380 seconds
{Heap before GC invocations=593 (full 1):
 par new generation   total 109248K, used 87430K [0x8ac00000, 0x92c00000, 0x92c00000)
  eden space 87424K, 100% used [0x8ac00000, 0x90160000, 0x90160000)
  from space 21824K,   0% used [0x90160000, 0x90161800, 0x916b0000)
  to   space 21824K,   0% used [0x916b0000, 0x916b0000, 0x92c00000)
 concurrent mark-sweep generation total 393216K, used 12739K [0x92c00000, 0xaac00000, 0xaac00000)
 concurrent-mark-sweep perm gen total 35404K, used 22529K [0xaac00000, 0xace93000, 0xb2c00000)
2015-02-20T16:01:39.476-0600: 2427.931: [GC2015-02-20T16:01:39.476-0600: 2427.931: [ParNew
Desired survivor size 20112996 bytes, new threshold 8 (max 8)
- age   1:        928 bytes,        928 total
- age   2:        376 bytes,       1304 total
- age   3:        424 bytes,       1728 total
- age   4:        424 bytes,       2152 total
- age   5:         16 bytes,       2168 total
- age   6:        448 bytes,       2616 total
- age   7:        544 bytes,       3160 total
- age   8:        568 bytes,       3728 total
: 87430K->8K(109248K), 0.0156770 secs] 100169K->12747K(502464K), 0.0159210 secs] [Times: user=0.02 sys=0.00, real=0.02 secs] 
Heap after GC invocations=594 (full 1):
 par new generation   total 109248K, used 8K [0x8ac00000, 0x92c00000, 0x92c00000)
  eden space 87424K,   0% used [0x8ac00000, 0x8ac00000, 0x90160000)
  from space 21824K,   0% used [0x916b0000, 0x916b2000, 0x92c00000)
  to   space 21824K,   0% used [0x90160000, 0x90160000, 0x916b0000)
 concurrent mark-sweep generation total 393216K, used 12739K [0x92c00000, 0xaac00000, 0xaac00000)
 concurrent-mark-sweep perm gen total 35404K, used 22529K [0xaac00000, 0xace93000, 0xb2c00000)
}
2015-02-20T16:01:39.492-0600: 2427.947: Total time for which application threads were stopped: 0.0232860 seconds
{Heap before GC invocations=594 (full 1):
 par new generation   total 109248K, used 87432K [0x8ac00000, 0x92c00000, 0x92c00000)
  eden space 87424K, 100% used [0x8ac00000, 0x90160000, 0x90160000)
  from space 21824K,   0% used [0x916b0000, 0x916b2000, 0x92c00000)
  to   space 21824K,   0% used [0x90160000, 0x90160000, 0x916b0000)
 concurrent mark-sweep generation total 393216K, used 12739K [0x92c00000, 0xaac00000, 0xaac00000)
 concurrent-mark-sweep perm gen total 35404K, used 22529K [0xaac00000, 0xace93000, 0xb2c00000)
2015-02-20T16:01:41.598-0600: 2430.053: [GC2015-02-20T16:01:41.598-0600: 2430.053: [ParNew
Desired survivor size 20112996 bytes, new threshold 8 (max 8)
- age   1:       1304 bytes,       1304 total
- age   2:        360 bytes,       1664 total
- age   3:        376 bytes,       2040 total
- age   4:        424 bytes,       2464 total
- age   5:        424 bytes,       2888 total
- age   6:         16 bytes,       2904 total
- age   7:        448 bytes,       3352 total
- age   8:        544 bytes,       3896 total
: 87432K->6K(109248K), 0.0244270 secs] 100171K->12746K(502464K), 0.0247030 secs] [Times: user=0.01 sys=0.01, real=0.02 secs] 
Heap after GC invocations=595 (full 1):
 par new generation   total 109248K, used 6K [0x8ac00000, 0x92c00000, 0x92c00000)
  eden space 87424K,   0% used [0x8ac00000, 0x8ac00000, 0x90160000)
  from space 21824K,   0% used [0x90160000, 0x90161800, 0x916b0000)
  to   space 21824K,   0% used [0x916b0000, 0x916b0000, 0x92c00000)
 concurrent mark-sweep generation total 393216K, used 12740K [0x92c00000, 0xaac00000, 0xaac00000)
 concurrent-mark-sweep perm gen total 35404K, used 22529K [0xaac00000, 0xace93000, 0xb2c00000)
}
2015-02-20T16:01:41.622-0600: 2430.078: Total time for which application threads were stopped: 0.0291450 seconds
{Heap before GC invocations=595 (full 1):
 par new generation   total 109248K, used 87430K [0x8ac00000, 0x92c00000, 0x92c00000)
  eden space 87424K, 100% used [0x8ac00000, 0x90160000, 0x90160000)
  from space 21824K,   0% used [0x90160000, 0x90161800, 0x916b0000)
  to   space 21824K,   0% used [0x916b0000, 0x916b0000, 0x92c00000)
 concurrent mark-sweep generation total 393216K, used 12740K [0x92c00000, 0xaac00000, 0xaac00000)
 concurrent-mark-sweep perm gen total 35404K, used 22529K [0xaac00000, 0xace93000, 0xb2c00000)
2015-02-20T16:01:43.238-0600: 2431.693: [GC2015-02-20T16:01:43.238-0600: 2431.693: [ParNew
Desired survivor size 20112996 bytes, new threshold 8 (max 8)
- age   1:        832 bytes,        832 total
- age   2:        592 bytes,       1424 total
- age   3:        360 bytes,       1784 total
- age   4:        376 bytes,       2160 total
- age   5:        424 bytes,       2584 total
- age   6:        424 bytes,       3008 total
- age   7:         16 bytes,       3024 total
- age   8:        448 bytes,       3472 total
: 87430K->6K(109248K), 0.0166770 secs] 100170K->12746K(502464K), 0.0169220 secs] [Times: user=0.02 sys=0.00, real=0.01 secs] 
Heap after GC invocations=596 (full 1):
 par new generation   total 109248K, used 6K [0x8ac00000, 0x92c00000, 0x92c00000)
  eden space 87424K,   0% used [0x8ac00000, 0x8ac00000, 0x90160000)
  from space 21824K,   0% used [0x916b0000, 0x916b1800, 0x92c00000)
  to   space 21824K,   0% used [0x90160000, 0x90160000, 0x916b0000)
 concurrent mark-sweep generation total 393216K, used 12740K [0x92c00000, 0xaac00000, 0xaac00000)
 concurrent-mark-sweep perm gen total 35404K, used 22529K [0xaac00000, 0xace93000, 0xb2c00000)
}
2015-02-20T16:01:43.255-0600: 2431.710: Total time for which application threads were stopped: 0.0213900 seconds
{Heap before GC invocations=596 (full 1):
 par new generation   total 109248K, used 87430K [0x8ac00000, 0x92c00000, 0x92c00000)
  eden space 87424K, 100% used [0x8ac00000, 0x90160000, 0x90160000)
  from space 21824K,   0% used [0x916b0000, 0x916b1800, 0x92c00000)
  to   space 21824K,   0% used [0x90160000, 0x90160000, 0x916b0000)
 concurrent mark-sweep generation total 393216K, used 12740K [0x92c00000, 0xaac00000, 0xaac00000)
 concurrent-mark-sweep perm gen total 35404K, used 22529K [0xaac00000, 0xace93000, 0xb2c00000)
2015-02-20T16:01:44.702-0600: 2433.157: [GC2015-02-20T16:01:44.702-0600: 2433.157: [ParNew
Desired survivor size 20112996 bytes, new threshold 8 (max 8)
- age   1:        920 bytes,        920 total
- age   2:        400 bytes,       1320 total
- age   3:        592 bytes,       1912 total
- age   4:        360 bytes,       2272 total
- age   5:        376 bytes,       2648 total
- age   6:        424 bytes,       3072 total
- age   7:        424 bytes,       3496 total
- age   8:         16 bytes,       3512 total
: 87430K->6K(109248K), 0.0131210 secs] 100170K->12747K(502464K), 0.0133560 secs] [Times: user=0.03 sys=0.00, real=0.01 secs] 
Heap after GC invocations=597 (full 1):
 par new generation   total 109248K, used 6K [0x8ac00000, 0x92c00000, 0x92c00000)
  eden space 87424K,   0% used [0x8ac00000, 0x8ac00000, 0x90160000)
  from space 21824K,   0% used [0x90160000, 0x90161800, 0x916b0000)
  to   space 21824K,   0% used [0x916b0000, 0x916b0000, 0x92c00000)
 concurrent mark-sweep generation total 393216K, used 12741K [0x92c00000, 0xaac00000, 0xaac00000)
 concurrent-mark-sweep perm gen total 35404K, used 22529K [0xaac00000, 0xace93000, 0xb2c00000)
}
2015-02-20T16:01:44.715-0600: 2433.170: Total time for which application threads were stopped: 0.0160970 seconds
{Heap before GC invocations=597 (full 1):
 par new generation   total 109248K, used 87430K [0x8ac00000, 0x92c00000, 0x92c00000)
  eden space 87424K, 100% used [0x8ac00000, 0x90160000, 0x90160000)
  from space 21824K,   0% used [0x90160000, 0x90161800, 0x916b0000)
  to   space 21824K,   0% used [0x916b0000, 0x916b0000, 0x92c00000)
 concurrent mark-sweep generation total 393216K, used 12741K [0x92c00000, 0xaac00000, 0xaac00000)
 concurrent-mark-sweep perm gen total 35404K, used 22529K [0xaac00000, 0xace93000, 0xb2c00000)
2015-02-20T16:01:46.724-0600: 2435.179: [GC2015-02-20T16:01:46.724-0600: 2435.179: [ParNew
Desired survivor size 20112996 bytes, new threshold 8 (max 8)
- age   1:       1256 bytes,       1256 total
- age   2:        176 bytes,       1432 total
- age   3:        376 bytes,       1808 total
- age   4:        592 bytes,       2400 total
- age   5:        360 bytes,       2760 total
- age   6:        376 bytes,       3136 total
- age   7:        424 bytes,       3560 total
- age   8:        424 bytes,       3984 total
: 87430K->10K(109248K), 0.0175200 secs] 100171K->12751K(502464K), 0.0177160 secs] [Times: user=0.02 sys=0.00, real=0.02 secs] 
Heap after GC invocations=598 (full 1):
 par new generation   total 109248K, used 10K [0x8ac00000, 0x92c00000, 0x92c00000)
  eden space 87424K,   0% used [0x8ac00000, 0x8ac00000, 0x90160000)
  from space 21824K,   0% used [0x916b0000, 0x916b2800, 0x92c00000)
  to   space 21824K,   0% used [0x90160000, 0x90160000, 0x916b0000)
 concurrent mark-sweep generation total 393216K, used 12741K [0x92c00000, 0xaac00000, 0xaac00000)
 concurrent-mark-sweep perm gen total 35404K, used 22529K [0xaac00000, 0xace93000, 0xb2c00000)
}
2015-02-20T16:01:46.742-0600: 2435.197: Total time for which application threads were stopped: 0.0211890 seconds
{Heap before GC invocations=598 (full 1):
 par new generation   total 109248K, used 87434K [0x8ac00000, 0x92c00000, 0x92c00000)
  eden space 87424K, 100% used [0x8ac00000, 0x90160000, 0x90160000)
  from space 21824K,   0% used [0x916b0000, 0x916b2800, 0x92c00000)
  to   space 21824K,   0% used [0x90160000, 0x90160000, 0x916b0000)
 concurrent mark-sweep generation total 393216K, used 12741K [0x92c00000, 0xaac00000, 0xaac00000)
 concurrent-mark-sweep perm gen total 35404K, used 22529K [0xaac00000, 0xace93000, 0xb2c00000)
2015-02-20T16:01:47.808-0600: 2436.263: [GC2015-02-20T16:01:47.808-0600: 2436.263: [ParNew
Desired survivor size 20112996 bytes, new threshold 8 (max 8)
- age   1:        664 bytes,        664 total
- age   2:        552 bytes,       1216 total
- age   3:        176 bytes,       1392 total
- age   4:        376 bytes,       1768 total
- age   5:        592 bytes,       2360 total
- age   6:        360 bytes,       2720 total
- age   7:        376 bytes,       3096 total
- age   8:        424 bytes,       3520 total
: 87434K->10K(109248K), 0.0325120 secs] 100175K->12751K(502464K), 0.0327510 secs] [Times: user=0.03 sys=0.00, real=0.03 secs] 
Heap after GC invocations=599 (full 1):
 par new generation   total 109248K, used 10K [0x8ac00000, 0x92c00000, 0x92c00000)
  eden space 87424K,   0% used [0x8ac00000, 0x8ac00000, 0x90160000)
  from space 21824K,   0% used [0x90160000, 0x90162800, 0x916b0000)
  to   space 21824K,   0% used [0x916b0000, 0x916b0000, 0x92c00000)
 concurrent mark-sweep generation total 393216K, used 12741K [0x92c00000, 0xaac00000, 0xaac00000)
 concurrent-mark-sweep perm gen total 35404K, used 22529K [0xaac00000, 0xace93000, 0xb2c00000)
}
2015-02-20T16:01:47.841-0600: 2436.296: Total time for which application threads were stopped: 0.0418380 seconds
{Heap before GC invocations=599 (full 1):
 par new generation   total 109248K, used 87434K [0x8ac00000, 0x92c00000, 0x92c00000)
  eden space 87424K, 100% used [0x8ac00000, 0x90160000, 0x90160000)
  from space 21824K,   0% used [0x90160000, 0x90162800, 0x916b0000)
  to   space 21824K,   0% used [0x916b0000, 0x916b0000, 0x92c00000)
 concurrent mark-sweep generation total 393216K, used 12741K [0x92c00000, 0xaac00000, 0xaac00000)
 concurrent-mark-sweep perm gen total 35404K, used 22529K [0xaac00000, 0xace93000, 0xb2c00000)
2015-02-20T16:01:49.108-0600: 2437.563: [GC2015-02-20T16:01:49.108-0600: 2437.563: [ParNew
Desired survivor size 20112996 bytes, new threshold 8 (max 8)
- age   1:        944 bytes,        944 total
- age   2:        200 bytes,       1144 total
- age   3:        424 bytes,       1568 total
- age   4:        176 bytes,       1744 total
- age   5:        376 bytes,       2120 total
- age   6:        592 bytes,       2712 total
- age   7:        360 bytes,       3072 total
- age   8:        376 bytes,       3448 total
: 87434K->8K(109248K), 0.0341260 secs] 100175K->12750K(502464K), 0.0345600 secs] [Times: user=0.03 sys=0.00, real=0.03 secs] 
Heap after GC invocations=600 (full 1):
 par new generation   total 109248K, used 8K [0x8ac00000, 0x92c00000, 0x92c00000)
  eden space 87424K,   0% used [0x8ac00000, 0x8ac00000, 0x90160000)
  from space 21824K,   0% used [0x916b0000, 0x916b2000, 0x92c00000)
  to   space 21824K,   0% used [0x90160000, 0x90160000, 0x916b0000)
 concurrent mark-sweep generation total 393216K, used 12742K [0x92c00000, 0xaac00000, 0xaac00000)
 concurrent-mark-sweep perm gen total 35404K, used 22529K [0xaac00000, 0xace93000, 0xb2c00000)
}
2015-02-20T16:01:49.142-0600: 2437.598: Total time for which application threads were stopped: 0.0456090 seconds
{Heap before GC invocations=600 (full 1):
 par new generation   total 109248K, used 87432K [0x8ac00000, 0x92c00000, 0x92c00000)
  eden space 87424K, 100% used [0x8ac00000, 0x90160000, 0x90160000)
  from space 21824K,   0% used [0x916b0000, 0x916b2000, 0x92c00000)
  to   space 21824K,   0% used [0x90160000, 0x90160000, 0x916b0000)
 concurrent mark-sweep generation total 393216K, used 12742K [0x92c00000, 0xaac00000, 0xaac00000)
 concurrent-mark-sweep perm gen total 35404K, used 22529K [0xaac00000, 0xace93000, 0xb2c00000)
2015-02-20T16:01:50.694-0600: 2439.149: [GC2015-02-20T16:01:50.694-0600: 2439.149: [ParNew
Desired survivor size 20112996 bytes, new threshold 8 (max 8)
- age   1:        600 bytes,        600 total
- age   2:        400 bytes,       1000 total
- age   3:        200 bytes,       1200 total
- age   4:        424 bytes,       1624 total
- age   5:        176 bytes,       1800 total
- age   6:        376 bytes,       2176 total
- age   7:        592 bytes,       2768 total
- age   8:        360 bytes,       3128 total
: 87432K->8K(109248K), 0.0118420 secs] 100174K->12750K(502464K), 0.0120580 secs] [Times: user=0.03 sys=0.00, real=0.01 secs] 
Heap after GC invocations=601 (full 1):
 par new generation   total 109248K, used 8K [0x8ac00000, 0x92c00000, 0x92c00000)
  eden space 87424K,   0% used [0x8ac00000, 0x8ac00000, 0x90160000)
  from space 21824K,   0% used [0x90160000, 0x90162000, 0x916b0000)
  to   space 21824K,   0% used [0x916b0000, 0x916b0000, 0x92c00000)
 concurrent mark-sweep generation total 393216K, used 12742K [0x92c00000, 0xaac00000, 0xaac00000)
 concurrent-mark-sweep perm gen total 35404K, used 22529K [0xaac00000, 0xace93000, 0xb2c00000)
}
2015-02-20T16:01:50.706-0600: 2439.161: Total time for which application threads were stopped: 0.0149930 seconds
{Heap before GC invocations=601 (full 1):
 par new generation   total 109248K, used 87432K [0x8ac00000, 0x92c00000, 0x92c00000)
  eden space 87424K, 100% used [0x8ac00000, 0x90160000, 0x90160000)
  from space 21824K,   0% used [0x90160000, 0x90162000, 0x916b0000)
  to   space 21824K,   0% used [0x916b0000, 0x916b0000, 0x92c00000)
 concurrent mark-sweep generation total 393216K, used 12742K [0x92c00000, 0xaac00000, 0xaac00000)
 concurrent-mark-sweep perm gen total 35404K, used 22529K [0xaac00000, 0xace93000, 0xb2c00000)
2015-02-20T16:01:52.510-0600: 2440.965: [GC2015-02-20T16:01:52.510-0600: 2440.965: [ParNew
Desired survivor size 20112996 bytes, new threshold 8 (max 8)
- age   1:        856 bytes,        856 total
- age   2:        352 bytes,       1208 total
- age   3:        376 bytes,       1584 total
- age   4:        200 bytes,       1784 total
- age   5:        424 bytes,       2208 total
- age   6:        176 bytes,       2384 total
- age   7:        376 bytes,       2760 total
- age   8:        592 bytes,       3352 total
: 87432K->6K(109248K), 0.0207460 secs] 100174K->12748K(502464K), 0.0210820 secs] [Times: user=0.04 sys=0.00, real=0.02 secs] 
Heap after GC invocations=602 (full 1):
 par new generation   total 109248K, used 6K [0x8ac00000, 0x92c00000, 0x92c00000)
  eden space 87424K,   0% used [0x8ac00000, 0x8ac00000, 0x90160000)
  from space 21824K,   0% used [0x916b0000, 0x916b1800, 0x92c00000)
  to   space 21824K,   0% used [0x90160000, 0x90160000, 0x916b0000)
 concurrent mark-sweep generation total 393216K, used 12742K [0x92c00000, 0xaac00000, 0xaac00000)
 concurrent-mark-sweep perm gen total 35404K, used 22529K [0xaac00000, 0xace93000, 0xb2c00000)
}
2015-02-20T16:01:52.531-0600: 2440.986: Total time for which application threads were stopped: 0.0254220 seconds
{Heap before GC invocations=602 (full 1):
 par new generation   total 109248K, used 87430K [0x8ac00000, 0x92c00000, 0x92c00000)
  eden space 87424K, 100% used [0x8ac00000, 0x90160000, 0x90160000)
  from space 21824K,   0% used [0x916b0000, 0x916b1800, 0x92c00000)
  to   space 21824K,   0% used [0x90160000, 0x90160000, 0x916b0000)
 concurrent mark-sweep generation total 393216K, used 12742K [0x92c00000, 0xaac00000, 0xaac00000)
 concurrent-mark-sweep perm gen total 35404K, used 22529K [0xaac00000, 0xace93000, 0xb2c00000)
2015-02-20T16:01:54.486-0600: 2442.941: [GC2015-02-20T16:01:54.486-0600: 2442.941: [ParNew
Desired survivor size 20112996 bytes, new threshold 8 (max 8)
- age   1:       1256 bytes,       1256 total
- age   2:        216 bytes,       1472 total
- age   3:        224 bytes,       1696 total
- age   4:        376 bytes,       2072 total
- age   5:        200 bytes,       2272 total
- age   6:        424 bytes,       2696 total
- age   7:        176 bytes,       2872 total
- age   8:        376 bytes,       3248 total
: 87430K->6K(109248K), 0.0135870 secs] 100172K->12749K(502464K), 0.0137840 secs] [Times: user=0.02 sys=0.00, real=0.02 secs] 
Heap after GC invocations=603 (full 1):
 par new generation   total 109248K, used 6K [0x8ac00000, 0x92c00000, 0x92c00000)
  eden space 87424K,   0% used [0x8ac00000, 0x8ac00000, 0x90160000)
  from space 21824K,   0% used [0x90160000, 0x90161800, 0x916b0000)
  to   space 21824K,   0% used [0x916b0000, 0x916b0000, 0x92c00000)
 concurrent mark-sweep generation total 393216K, used 12743K [0x92c00000, 0xaac00000, 0xaac00000)
 concurrent-mark-sweep perm gen total 35404K, used 22529K [0xaac00000, 0xace93000, 0xb2c00000)
}
2015-02-20T16:01:54.500-0600: 2442.955: Total time for which application threads were stopped: 0.0412140 seconds
{Heap before GC invocations=603 (full 1):
 par new generation   total 109248K, used 87430K [0x8ac00000, 0x92c00000, 0x92c00000)
  eden space 87424K, 100% used [0x8ac00000, 0x90160000, 0x90160000)
  from space 21824K,   0% used [0x90160000, 0x90161800, 0x916b0000)
  to   space 21824K,   0% used [0x916b0000, 0x916b0000, 0x92c00000)
 concurrent mark-sweep generation total 393216K, used 12743K [0x92c00000, 0xaac00000, 0xaac00000)
 concurrent-mark-sweep perm gen total 35404K, used 22529K [0xaac00000, 0xace93000, 0xb2c00000)
2015-02-20T16:01:55.896-0600: 2444.351: [GC2015-02-20T16:01:55.897-0600: 2444.352: [ParNew
Desired survivor size 20112996 bytes, new threshold 8 (max 8)
- age   1:        952 bytes,        952 total
- age   2:        568 bytes,       1520 total
- age   3:        216 bytes,       1736 total
- age   4:        224 bytes,       1960 total
- age   5:        376 bytes,       2336 total
- age   6:        200 bytes,       2536 total
- age   7:        424 bytes,       2960 total
- age   8:        176 bytes,       3136 total
: 87430K->6K(109248K), 0.0163280 secs] 100173K->12749K(502464K), 0.0165400 secs] [Times: user=0.02 sys=0.00, real=0.02 secs] 
Heap after GC invocations=604 (full 1):
 par new generation   total 109248K, used 6K [0x8ac00000, 0x92c00000, 0x92c00000)
  eden space 87424K,   0% used [0x8ac00000, 0x8ac00000, 0x90160000)
  from space 21824K,   0% used [0x916b0000, 0x916b1800, 0x92c00000)
  to   space 21824K,   0% used [0x90160000, 0x90160000, 0x916b0000)
 concurrent mark-sweep generation total 393216K, used 12743K [0x92c00000, 0xaac00000, 0xaac00000)
 concurrent-mark-sweep perm gen total 35404K, used 22529K [0xaac00000, 0xace93000, 0xb2c00000)
}
2015-02-20T16:01:55.913-0600: 2444.368: Total time for which application threads were stopped: 0.0242870 seconds
{Heap before GC invocations=604 (full 1):
 par new generation   total 109248K, used 87430K [0x8ac00000, 0x92c00000, 0x92c00000)
  eden space 87424K, 100% used [0x8ac00000, 0x90160000, 0x90160000)
  from space 21824K,   0% used [0x916b0000, 0x916b1800, 0x92c00000)
  to   space 21824K,   0% used [0x90160000, 0x90160000, 0x916b0000)
 concurrent mark-sweep generation total 393216K, used 12743K [0x92c00000, 0xaac00000, 0xaac00000)
 concurrent-mark-sweep perm gen total 35404K, used 22529K [0xaac00000, 0xace93000, 0xb2c00000)
2015-02-20T16:01:56.903-0600: 2445.358: [GC2015-02-20T16:01:56.903-0600: 2445.358: [ParNew
Desired survivor size 20112996 bytes, new threshold 8 (max 8)
- age   1:        800 bytes,        800 total
- age   2:        384 bytes,       1184 total
- age   3:        568 bytes,       1752 total
- age   4:        216 bytes,       1968 total
- age   5:        224 bytes,       2192 total
- age   6:        376 bytes,       2568 total
- age   7:        200 bytes,       2768 total
- age   8:        424 bytes,       3192 total
: 87430K->6K(109248K), 0.0199790 secs] 100173K->12750K(502464K), 0.0201730 secs] [Times: user=0.02 sys=0.00, real=0.02 secs] 
Heap after GC invocations=605 (full 1):
 par new generation   total 109248K, used 6K [0x8ac00000, 0x92c00000, 0x92c00000)
  eden space 87424K,   0% used [0x8ac00000, 0x8ac00000, 0x90160000)
  from space 21824K,   0% used [0x90160000, 0x90161800, 0x916b0000)
  to   space 21824K,   0% used [0x916b0000, 0x916b0000, 0x92c00000)
 concurrent mark-sweep generation total 393216K, used 12744K [0x92c00000, 0xaac00000, 0xaac00000)
 concurrent-mark-sweep perm gen total 35404K, used 22529K [0xaac00000, 0xace93000, 0xb2c00000)
}
2015-02-20T16:01:56.923-0600: 2445.378: Total time for which application threads were stopped: 0.0272550 seconds
{Heap before GC invocations=605 (full 1):
 par new generation   total 109248K, used 87430K [0x8ac00000, 0x92c00000, 0x92c00000)
  eden space 87424K, 100% used [0x8ac00000, 0x90160000, 0x90160000)
  from space 21824K,   0% used [0x90160000, 0x90161800, 0x916b0000)
  to   space 21824K,   0% used [0x916b0000, 0x916b0000, 0x92c00000)
 concurrent mark-sweep generation total 393216K, used 12744K [0x92c00000, 0xaac00000, 0xaac00000)
 concurrent-mark-sweep perm gen total 35404K, used 22529K [0xaac00000, 0xace93000, 0xb2c00000)
2015-02-20T16:01:58.336-0600: 2446.791: [GC2015-02-20T16:01:58.336-0600: 2446.791: [ParNew
Desired survivor size 20112996 bytes, new threshold 8 (max 8)
- age   1:        624 bytes,        624 total
- age   2:        384 bytes,       1008 total
- age   3:        360 bytes,       1368 total
- age   4:        568 bytes,       1936 total
- age   5:        216 bytes,       2152 total
- age   6:        224 bytes,       2376 total
- age   7:        376 bytes,       2752 total
- age   8:        200 bytes,       2952 total
: 87430K->8K(109248K), 0.0232790 secs] 100174K->12752K(502464K), 0.0235330 secs] [Times: user=0.02 sys=0.00, real=0.03 secs] 
Heap after GC invocations=606 (full 1):
 par new generation   total 109248K, used 8K [0x8ac00000, 0x92c00000, 0x92c00000)
  eden space 87424K,   0% used [0x8ac00000, 0x8ac00000, 0x90160000)
  from space 21824K,   0% used [0x916b0000, 0x916b2000, 0x92c00000)
  to   space 21824K,   0% used [0x90160000, 0x90160000, 0x916b0000)
 concurrent mark-sweep generation total 393216K, used 12744K [0x92c00000, 0xaac00000, 0xaac00000)
 concurrent-mark-sweep perm gen total 35404K, used 22529K [0xaac00000, 0xace93000, 0xb2c00000)
}
2015-02-20T16:01:58.359-0600: 2446.814: Total time for which application threads were stopped: 0.0316550 seconds
{Heap before GC invocations=606 (full 1):
 par new generation   total 109248K, used 87432K [0x8ac00000, 0x92c00000, 0x92c00000)
  eden space 87424K, 100% used [0x8ac00000, 0x90160000, 0x90160000)
  from space 21824K,   0% used [0x916b0000, 0x916b2000, 0x92c00000)
  to   space 21824K,   0% used [0x90160000, 0x90160000, 0x916b0000)
 concurrent mark-sweep generation total 393216K, used 12744K [0x92c00000, 0xaac00000, 0xaac00000)
 concurrent-mark-sweep perm gen total 35404K, used 22529K [0xaac00000, 0xace93000, 0xb2c00000)
2015-02-20T16:01:59.833-0600: 2448.288: [GC2015-02-20T16:01:59.833-0600: 2448.288: [ParNew
Desired survivor size 20112996 bytes, new threshold 8 (max 8)
- age   1:        960 bytes,        960 total
- age   2:        216 bytes,       1176 total
- age   3:        256 bytes,       1432 total
- age   4:        360 bytes,       1792 total
- age   5:        568 bytes,       2360 total
- age   6:        216 bytes,       2576 total
- age   7:        224 bytes,       2800 total
- age   8:        376 bytes,       3176 total
: 87432K->10K(109248K), 0.0066570 secs] 100176K->12754K(502464K), 0.0069020 secs] [Times: user=0.01 sys=0.00, real=0.01 secs] 
Heap after GC invocations=607 (full 1):
 par new generation   total 109248K, used 10K [0x8ac00000, 0x92c00000, 0x92c00000)
  eden space 87424K,   0% used [0x8ac00000, 0x8ac00000, 0x90160000)
  from space 21824K,   0% used [0x90160000, 0x90162800, 0x916b0000)
  to   space 21824K,   0% used [0x916b0000, 0x916b0000, 0x92c00000)
 concurrent mark-sweep generation total 393216K, used 12744K [0x92c00000, 0xaac00000, 0xaac00000)
 concurrent-mark-sweep perm gen total 35404K, used 22529K [0xaac00000, 0xace93000, 0xb2c00000)
}
2015-02-20T16:01:59.840-0600: 2448.295: Total time for which application threads were stopped: 0.0096570 seconds
{Heap before GC invocations=607 (full 1):
 par new generation   total 109248K, used 87434K [0x8ac00000, 0x92c00000, 0x92c00000)
  eden space 87424K, 100% used [0x8ac00000, 0x90160000, 0x90160000)
  from space 21824K,   0% used [0x90160000, 0x90162800, 0x916b0000)
  to   space 21824K,   0% used [0x916b0000, 0x916b0000, 0x92c00000)
 concurrent mark-sweep generation total 393216K, used 12744K [0x92c00000, 0xaac00000, 0xaac00000)
 concurrent-mark-sweep perm gen total 35404K, used 22529K [0xaac00000, 0xace93000, 0xb2c00000)
2015-02-20T16:02:01.188-0600: 2449.643: [GC2015-02-20T16:02:01.189-0600: 2449.644: [ParNew
Desired survivor size 20112996 bytes, new threshold 8 (max 8)
- age   1:        968 bytes,        968 total
- age   2:        360 bytes,       1328 total
- age   3:        216 bytes,       1544 total
- age   4:        256 bytes,       1800 total
- age   5:        360 bytes,       2160 total
- age   6:        568 bytes,       2728 total
- age   7:        216 bytes,       2944 total
- age   8:        224 bytes,       3168 total
: 87434K->8K(109248K), 0.0168730 secs] 100178K->12753K(502464K), 0.0171600 secs] [Times: user=0.01 sys=0.00, real=0.01 secs] 
Heap after GC invocations=608 (full 1):
 par new generation   total 109248K, used 8K [0x8ac00000, 0x92c00000, 0x92c00000)
  eden space 87424K,   0% used [0x8ac00000, 0x8ac00000, 0x90160000)
  from space 21824K,   0% used [0x916b0000, 0x916b2000, 0x92c00000)
  to   space 21824K,   0% used [0x90160000, 0x90160000, 0x916b0000)
 concurrent mark-sweep generation total 393216K, used 12745K [0x92c00000, 0xaac00000, 0xaac00000)
 concurrent-mark-sweep perm gen total 35404K, used 22529K [0xaac00000, 0xace93000, 0xb2c00000)
}
2015-02-20T16:02:01.206-0600: 2449.661: Total time for which application threads were stopped: 0.0266110 seconds
{Heap before GC invocations=608 (full 1):
 par new generation   total 109248K, used 87432K [0x8ac00000, 0x92c00000, 0x92c00000)
  eden space 87424K, 100% used [0x8ac00000, 0x90160000, 0x90160000)
  from space 21824K,   0% used [0x916b0000, 0x916b2000, 0x92c00000)
  to   space 21824K,   0% used [0x90160000, 0x90160000, 0x916b0000)
 concurrent mark-sweep generation total 393216K, used 12745K [0x92c00000, 0xaac00000, 0xaac00000)
 concurrent-mark-sweep perm gen total 35404K, used 22529K [0xaac00000, 0xace93000, 0xb2c00000)
2015-02-20T16:02:02.387-0600: 2450.842: [GC2015-02-20T16:02:02.387-0600: 2450.842: [ParNew
Desired survivor size 20112996 bytes, new threshold 8 (max 8)
- age   1:        432 bytes,        432 total
- age   2:        528 bytes,        960 total
- age   3:        360 bytes,       1320 total
- age   4:        216 bytes,       1536 total
- age   5:        256 bytes,       1792 total
- age   6:        360 bytes,       2152 total
- age   7:        568 bytes,       2720 total
- age   8:        216 bytes,       2936 total
: 87432K->6K(109248K), 0.0299700 secs] 100177K->12751K(502464K), 0.0303610 secs] [Times: user=0.03 sys=0.00, real=0.03 secs] 
Heap after GC invocations=609 (full 1):
 par new generation   total 109248K, used 6K [0x8ac00000, 0x92c00000, 0x92c00000)
  eden space 87424K,   0% used [0x8ac00000, 0x8ac00000, 0x90160000)
  from space 21824K,   0% used [0x90160000, 0x90161800, 0x916b0000)
  to   space 21824K,   0% used [0x916b0000, 0x916b0000, 0x92c00000)
 concurrent mark-sweep generation total 393216K, used 12745K [0x92c00000, 0xaac00000, 0xaac00000)
 concurrent-mark-sweep perm gen total 35404K, used 22529K [0xaac00000, 0xace93000, 0xb2c00000)
}
2015-02-20T16:02:02.417-0600: 2450.872: Total time for which application threads were stopped: 0.0383220 seconds
{Heap before GC invocations=609 (full 1):
 par new generation   total 109248K, used 87430K [0x8ac00000, 0x92c00000, 0x92c00000)
  eden space 87424K, 100% used [0x8ac00000, 0x90160000, 0x90160000)
  from space 21824K,   0% used [0x90160000, 0x90161800, 0x916b0000)
  to   space 21824K,   0% used [0x916b0000, 0x916b0000, 0x92c00000)
 concurrent mark-sweep generation total 393216K, used 12745K [0x92c00000, 0xaac00000, 0xaac00000)
 concurrent-mark-sweep perm gen total 35404K, used 22529K [0xaac00000, 0xace93000, 0xb2c00000)
2015-02-20T16:02:03.856-0600: 2452.311: [GC2015-02-20T16:02:03.856-0600: 2452.311: [ParNew
Desired survivor size 20112996 bytes, new threshold 8 (max 8)
- age   1:        856 bytes,        856 total
- age   2:         16 bytes,        872 total
- age   3:        376 bytes,       1248 total
- age   4:        360 bytes,       1608 total
- age   5:        216 bytes,       1824 total
- age   6:        256 bytes,       2080 total
- age   7:        360 bytes,       2440 total
- age   8:        568 bytes,       3008 total
: 87430K->8K(109248K), 0.0103920 secs] 100175K->12753K(502464K), 0.0106330 secs] [Times: user=0.02 sys=0.00, real=0.01 secs] 
Heap after GC invocations=610 (full 1):
 par new generation   total 109248K, used 8K [0x8ac00000, 0x92c00000, 0x92c00000)
  eden space 87424K,   0% used [0x8ac00000, 0x8ac00000, 0x90160000)
  from space 21824K,   0% used [0x916b0000, 0x916b2000, 0x92c00000)
  to   space 21824K,   0% used [0x90160000, 0x90160000, 0x916b0000)
 concurrent mark-sweep generation total 393216K, used 12745K [0x92c00000, 0xaac00000, 0xaac00000)
 concurrent-mark-sweep perm gen total 35404K, used 22529K [0xaac00000, 0xace93000, 0xb2c00000)
}
2015-02-20T16:02:03.867-0600: 2452.322: Total time for which application threads were stopped: 0.0135510 seconds
{Heap before GC invocations=610 (full 1):
 par new generation   total 109248K, used 87432K [0x8ac00000, 0x92c00000, 0x92c00000)
  eden space 87424K, 100% used [0x8ac00000, 0x90160000, 0x90160000)
  from space 21824K,   0% used [0x916b0000, 0x916b2000, 0x92c00000)
  to   space 21824K,   0% used [0x90160000, 0x90160000, 0x916b0000)
 concurrent mark-sweep generation total 393216K, used 12745K [0x92c00000, 0xaac00000, 0xaac00000)
 concurrent-mark-sweep perm gen total 35404K, used 22529K [0xaac00000, 0xace93000, 0xb2c00000)
2015-02-20T16:02:05.328-0600: 2453.783: [GC2015-02-20T16:02:05.328-0600: 2453.783: [ParNew
Desired survivor size 20112996 bytes, new threshold 8 (max 8)
- age   1:        872 bytes,        872 total
- age   2:        456 bytes,       1328 total
- age   3:         16 bytes,       1344 total
- age   4:        376 bytes,       1720 total
- age   5:        360 bytes,       2080 total
- age   6:        216 bytes,       2296 total
- age   7:        256 bytes,       2552 total
- age   8:        360 bytes,       2912 total
: 87432K->6K(109248K), 0.0179580 secs] 100177K->12752K(502464K), 0.0182100 secs] [Times: user=0.02 sys=0.00, real=0.01 secs] 
Heap after GC invocations=611 (full 1):
 par new generation   total 109248K, used 6K [0x8ac00000, 0x92c00000, 0x92c00000)
  eden space 87424K,   0% used [0x8ac00000, 0x8ac00000, 0x90160000)
  from space 21824K,   0% used [0x90160000, 0x90161800, 0x916b0000)
  to   space 21824K,   0% used [0x916b0000, 0x916b0000, 0x92c00000)
 concurrent mark-sweep generation total 393216K, used 12746K [0x92c00000, 0xaac00000, 0xaac00000)
 concurrent-mark-sweep perm gen total 35404K, used 22529K [0xaac00000, 0xace93000, 0xb2c00000)
}
2015-02-20T16:02:05.346-0600: 2453.801: Total time for which application threads were stopped: 0.0254440 seconds
{Heap before GC invocations=611 (full 1):
 par new generation   total 109248K, used 87430K [0x8ac00000, 0x92c00000, 0x92c00000)
  eden space 87424K, 100% used [0x8ac00000, 0x90160000, 0x90160000)
  from space 21824K,   0% used [0x90160000, 0x90161800, 0x916b0000)
  to   space 21824K,   0% used [0x916b0000, 0x916b0000, 0x92c00000)
 concurrent mark-sweep generation total 393216K, used 12746K [0x92c00000, 0xaac00000, 0xaac00000)
 concurrent-mark-sweep perm gen total 35404K, used 22529K [0xaac00000, 0xace93000, 0xb2c00000)
2015-02-20T16:02:06.708-0600: 2455.163: [GC2015-02-20T16:02:06.708-0600: 2455.163: [ParNew
Desired survivor size 20112996 bytes, new threshold 8 (max 8)
- age   1:        176 bytes,        176 total
- age   2:        528 bytes,        704 total
- age   3:        456 bytes,       1160 total
- age   4:         16 bytes,       1176 total
- age   5:        376 bytes,       1552 total
- age   6:        360 bytes,       1912 total
- age   7:        216 bytes,       2128 total
- age   8:        256 bytes,       2384 total
: 87430K->6K(109248K), 0.0135230 secs] 100176K->12752K(502464K), 0.0138220 secs] [Times: user=0.01 sys=0.01, real=0.01 secs] 
Heap after GC invocations=612 (full 1):
 par new generation   total 109248K, used 6K [0x8ac00000, 0x92c00000, 0x92c00000)
  eden space 87424K,   0% used [0x8ac00000, 0x8ac00000, 0x90160000)
  from space 21824K,   0% used [0x916b0000, 0x916b1800, 0x92c00000)
  to   space 21824K,   0% used [0x90160000, 0x90160000, 0x916b0000)
 concurrent mark-sweep generation total 393216K, used 12746K [0x92c00000, 0xaac00000, 0xaac00000)
 concurrent-mark-sweep perm gen total 35404K, used 22529K [0xaac00000, 0xace93000, 0xb2c00000)
}
2015-02-20T16:02:06.722-0600: 2455.177: Total time for which application threads were stopped: 0.0228700 seconds
{Heap before GC invocations=612 (full 1):
 par new generation   total 109248K, used 87430K [0x8ac00000, 0x92c00000, 0x92c00000)
  eden space 87424K, 100% used [0x8ac00000, 0x90160000, 0x90160000)
  from space 21824K,   0% used [0x916b0000, 0x916b1800, 0x92c00000)
  to   space 21824K,   0% used [0x90160000, 0x90160000, 0x916b0000)
 concurrent mark-sweep generation total 393216K, used 12746K [0x92c00000, 0xaac00000, 0xaac00000)
 concurrent-mark-sweep perm gen total 35404K, used 22529K [0xaac00000, 0xace93000, 0xb2c00000)
2015-02-20T16:02:09.363-0600: 2457.818: [GC2015-02-20T16:02:09.363-0600: 2457.818: [ParNew
Desired survivor size 20112996 bytes, new threshold 8 (max 8)
- age   1:       1504 bytes,       1504 total
- age   2:         16 bytes,       1520 total
- age   3:        376 bytes,       1896 total
- age   4:        456 bytes,       2352 total
- age   5:         16 bytes,       2368 total
- age   6:        376 bytes,       2744 total
- age   7:        360 bytes,       3104 total
- age   8:        216 bytes,       3320 total
: 87430K->8K(109248K), 0.0134560 secs] 100176K->12754K(502464K), 0.0136710 secs] [Times: user=0.02 sys=0.00, real=0.01 secs] 
Heap after GC invocations=613 (full 1):
 par new generation   total 109248K, used 8K [0x8ac00000, 0x92c00000, 0x92c00000)
  eden space 87424K,   0% used [0x8ac00000, 0x8ac00000, 0x90160000)
  from space 21824K,   0% used [0x90160000, 0x90162000, 0x916b0000)
  to   space 21824K,   0% used [0x916b0000, 0x916b0000, 0x92c00000)
 concurrent mark-sweep generation total 393216K, used 12746K [0x92c00000, 0xaac00000, 0xaac00000)
 concurrent-mark-sweep perm gen total 35404K, used 22529K [0xaac00000, 0xace93000, 0xb2c00000)
}
2015-02-20T16:02:09.376-0600: 2457.832: Total time for which application threads were stopped: 0.0176890 seconds
{Heap before GC invocations=613 (full 1):
 par new generation   total 109248K, used 87432K [0x8ac00000, 0x92c00000, 0x92c00000)
  eden space 87424K, 100% used [0x8ac00000, 0x90160000, 0x90160000)
  from space 21824K,   0% used [0x90160000, 0x90162000, 0x916b0000)
  to   space 21824K,   0% used [0x916b0000, 0x916b0000, 0x92c00000)
 concurrent mark-sweep generation total 393216K, used 12746K [0x92c00000, 0xaac00000, 0xaac00000)
 concurrent-mark-sweep perm gen total 35404K, used 22529K [0xaac00000, 0xace93000, 0xb2c00000)
2015-02-20T16:02:10.941-0600: 2459.396: [GC2015-02-20T16:02:10.941-0600: 2459.396: [ParNew
Desired survivor size 20112996 bytes, new threshold 8 (max 8)
- age   1:        608 bytes,        608 total
- age   2:        760 bytes,       1368 total
- age   3:         16 bytes,       1384 total
- age   4:        376 bytes,       1760 total
- age   5:        456 bytes,       2216 total
- age   6:         16 bytes,       2232 total
- age   7:        376 bytes,       2608 total
- age   8:        360 bytes,       2968 total
: 87432K->8K(109248K), 0.0062870 secs] 100178K->12754K(502464K), 0.0065360 secs] [Times: user=0.01 sys=0.01, real=0.01 secs] 
Heap after GC invocations=614 (full 1):
 par new generation   total 109248K, used 8K [0x8ac00000, 0x92c00000, 0x92c00000)
  eden space 87424K,   0% used [0x8ac00000, 0x8ac00000, 0x90160000)
  from space 21824K,   0% used [0x916b0000, 0x916b2000, 0x92c00000)
  to   space 21824K,   0% used [0x90160000, 0x90160000, 0x916b0000)
 concurrent mark-sweep generation total 393216K, used 12746K [0x92c00000, 0xaac00000, 0xaac00000)
 concurrent-mark-sweep perm gen total 35404K, used 22529K [0xaac00000, 0xace93000, 0xb2c00000)
}
2015-02-20T16:02:10.948-0600: 2459.403: Total time for which application threads were stopped: 0.0092740 seconds
{Heap before GC invocations=614 (full 1):
 par new generation   total 109248K, used 87432K [0x8ac00000, 0x92c00000, 0x92c00000)
  eden space 87424K, 100% used [0x8ac00000, 0x90160000, 0x90160000)
  from space 21824K,   0% used [0x916b0000, 0x916b2000, 0x92c00000)
  to   space 21824K,   0% used [0x90160000, 0x90160000, 0x916b0000)
 concurrent mark-sweep generation total 393216K, used 12746K [0x92c00000, 0xaac00000, 0xaac00000)
 concurrent-mark-sweep perm gen total 35404K, used 22529K [0xaac00000, 0xace93000, 0xb2c00000)
2015-02-20T16:02:12.567-0600: 2461.022: [GC2015-02-20T16:02:12.568-0600: 2461.023: [ParNew
Desired survivor size 20112996 bytes, new threshold 8 (max 8)
- age   1:        520 bytes,        520 total
- age   2:        304 bytes,        824 total
- age   3:        736 bytes,       1560 total
- age   4:         16 bytes,       1576 total
- age   5:        376 bytes,       1952 total
- age   6:        456 bytes,       2408 total
- age   7:         16 bytes,       2424 total
- age   8:        376 bytes,       2800 total
: 87432K->8K(109248K), 0.0062100 secs] 100178K->12755K(502464K), 0.0064420 secs] [Times: user=0.00 sys=0.01, real=0.00 secs] 
Heap after GC invocations=615 (full 1):
 par new generation   total 109248K, used 8K [0x8ac00000, 0x92c00000, 0x92c00000)
  eden space 87424K,   0% used [0x8ac00000, 0x8ac00000, 0x90160000)
  from space 21824K,   0% used [0x90160000, 0x90162000, 0x916b0000)
  to   space 21824K,   0% used [0x916b0000, 0x916b0000, 0x92c00000)
 concurrent mark-sweep generation total 393216K, used 12747K [0x92c00000, 0xaac00000, 0xaac00000)
 concurrent-mark-sweep perm gen total 35404K, used 22529K [0xaac00000, 0xace93000, 0xb2c00000)
}
2015-02-20T16:02:12.574-0600: 2461.029: Total time for which application threads were stopped: 0.0092170 seconds
{Heap before GC invocations=615 (full 1):
 par new generation   total 109248K, used 87432K [0x8ac00000, 0x92c00000, 0x92c00000)
  eden space 87424K, 100% used [0x8ac00000, 0x90160000, 0x90160000)
  from space 21824K,   0% used [0x90160000, 0x90162000, 0x916b0000)
  to   space 21824K,   0% used [0x916b0000, 0x916b0000, 0x92c00000)
 concurrent mark-sweep generation total 393216K, used 12747K [0x92c00000, 0xaac00000, 0xaac00000)
 concurrent-mark-sweep perm gen total 35404K, used 22529K [0xaac00000, 0xace93000, 0xb2c00000)
2015-02-20T16:02:13.983-0600: 2462.438: [GC2015-02-20T16:02:13.983-0600: 2462.438: [ParNew
Desired survivor size 20112996 bytes, new threshold 8 (max 8)
- age   1:       1328 bytes,       1328 total
- age   2:        216 bytes,       1544 total
- age   3:        176 bytes,       1720 total
- age   4:        736 bytes,       2456 total
- age   5:         16 bytes,       2472 total
- age   6:        376 bytes,       2848 total
- age   7:        456 bytes,       3304 total
- age   8:         16 bytes,       3320 total
: 87432K->8K(109248K), 0.0242730 secs] 100179K->12755K(502464K), 0.0245530 secs] [Times: user=0.03 sys=0.00, real=0.03 secs] 
Heap after GC invocations=616 (full 1):
 par new generation   total 109248K, used 8K [0x8ac00000, 0x92c00000, 0x92c00000)
  eden space 87424K,   0% used [0x8ac00000, 0x8ac00000, 0x90160000)
  from space 21824K,   0% used [0x916b0000, 0x916b2000, 0x92c00000)
  to   space 21824K,   0% used [0x90160000, 0x90160000, 0x916b0000)
 concurrent mark-sweep generation total 393216K, used 12747K [0x92c00000, 0xaac00000, 0xaac00000)
 concurrent-mark-sweep perm gen total 35404K, used 22529K [0xaac00000, 0xace93000, 0xb2c00000)
}
2015-02-20T16:02:14.007-0600: 2462.462: Total time for which application threads were stopped: 0.0291900 seconds
{Heap before GC invocations=616 (full 1):
 par new generation   total 109248K, used 87432K [0x8ac00000, 0x92c00000, 0x92c00000)
  eden space 87424K, 100% used [0x8ac00000, 0x90160000, 0x90160000)
  from space 21824K,   0% used [0x916b0000, 0x916b2000, 0x92c00000)
  to   space 21824K,   0% used [0x90160000, 0x90160000, 0x916b0000)
 concurrent mark-sweep generation total 393216K, used 12747K [0x92c00000, 0xaac00000, 0xaac00000)
 concurrent-mark-sweep perm gen total 35404K, used 22529K [0xaac00000, 0xace93000, 0xb2c00000)
2015-02-20T16:02:15.480-0600: 2463.935: [GC2015-02-20T16:02:15.480-0600: 2463.935: [ParNew
Desired survivor size 20112996 bytes, new threshold 8 (max 8)
- age   1:        832 bytes,        832 total
- age   2:        480 bytes,       1312 total
- age   3:        216 bytes,       1528 total
- age   4:        176 bytes,       1704 total
- age   5:        736 bytes,       2440 total
- age   6:         16 bytes,       2456 total
- age   7:        376 bytes,       2832 total
- age   8:        456 bytes,       3288 total
: 87432K->8K(109248K), 0.0121120 secs] 100179K->12755K(502464K), 0.0123390 secs] [Times: user=0.03 sys=0.00, real=0.01 secs] 
Heap after GC invocations=617 (full 1):
 par new generation   total 109248K, used 8K [0x8ac00000, 0x92c00000, 0x92c00000)
  eden space 87424K,   0% used [0x8ac00000, 0x8ac00000, 0x90160000)
  from space 21824K,   0% used [0x90160000, 0x90162000, 0x916b0000)
  to   space 21824K,   0% used [0x916b0000, 0x916b0000, 0x92c00000)
 concurrent mark-sweep generation total 393216K, used 12747K [0x92c00000, 0xaac00000, 0xaac00000)
 concurrent-mark-sweep perm gen total 35404K, used 22529K [0xaac00000, 0xace93000, 0xb2c00000)
}
2015-02-20T16:02:15.492-0600: 2463.947: Total time for which application threads were stopped: 0.0151610 seconds
{Heap before GC invocations=617 (full 1):
 par new generation   total 109248K, used 87432K [0x8ac00000, 0x92c00000, 0x92c00000)
  eden space 87424K, 100% used [0x8ac00000, 0x90160000, 0x90160000)
  from space 21824K,   0% used [0x90160000, 0x90162000, 0x916b0000)
  to   space 21824K,   0% used [0x916b0000, 0x916b0000, 0x92c00000)
 concurrent mark-sweep generation total 393216K, used 12747K [0x92c00000, 0xaac00000, 0xaac00000)
 concurrent-mark-sweep perm gen total 35404K, used 22529K [0xaac00000, 0xace93000, 0xb2c00000)
2015-02-20T16:02:17.149-0600: 2465.604: [GC2015-02-20T16:02:17.149-0600: 2465.604: [ParNew
Desired survivor size 20112996 bytes, new threshold 8 (max 8)
- age   1:       1208 bytes,       1208 total
- age   2:        376 bytes,       1584 total
- age   3:        480 bytes,       2064 total
- age   4:        216 bytes,       2280 total
- age   5:        176 bytes,       2456 total
- age   6:        736 bytes,       3192 total
- age   7:         16 bytes,       3208 total
- age   8:        376 bytes,       3584 total
: 87432K->6K(109248K), 0.0162070 secs] 100179K->12754K(502464K), 0.0164660 secs] [Times: user=0.02 sys=0.00, real=0.01 secs] 
Heap after GC invocations=618 (full 1):
 par new generation   total 109248K, used 6K [0x8ac00000, 0x92c00000, 0x92c00000)
  eden space 87424K,   0% used [0x8ac00000, 0x8ac00000, 0x90160000)
  from space 21824K,   0% used [0x916b0000, 0x916b1800, 0x92c00000)
  to   space 21824K,   0% used [0x90160000, 0x90160000, 0x916b0000)
 concurrent mark-sweep generation total 393216K, used 12748K [0x92c00000, 0xaac00000, 0xaac00000)
 concurrent-mark-sweep perm gen total 35404K, used 22529K [0xaac00000, 0xace93000, 0xb2c00000)
}
2015-02-20T16:02:17.165-0600: 2465.620: Total time for which application threads were stopped: 0.0221040 seconds
{Heap before GC invocations=618 (full 1):
 par new generation   total 109248K, used 87430K [0x8ac00000, 0x92c00000, 0x92c00000)
  eden space 87424K, 100% used [0x8ac00000, 0x90160000, 0x90160000)
  from space 21824K,   0% used [0x916b0000, 0x916b1800, 0x92c00000)
  to   space 21824K,   0% used [0x90160000, 0x90160000, 0x916b0000)
 concurrent mark-sweep generation total 393216K, used 12748K [0x92c00000, 0xaac00000, 0xaac00000)
 concurrent-mark-sweep perm gen total 35404K, used 22529K [0xaac00000, 0xace93000, 0xb2c00000)
2015-02-20T16:02:18.599-0600: 2467.054: [GC2015-02-20T16:02:18.599-0600: 2467.054: [ParNew
Desired survivor size 20112996 bytes, new threshold 8 (max 8)
- age   1:        320 bytes,        320 total
- age   2:        528 bytes,        848 total
- age   3:        376 bytes,       1224 total
- age   4:        480 bytes,       1704 total
- age   5:        216 bytes,       1920 total
- age   6:        176 bytes,       2096 total
- age   7:        736 bytes,       2832 total
- age   8:         16 bytes,       2848 total
: 87430K->6K(109248K), 0.0104220 secs] 100178K->12754K(502464K), 0.0106220 secs] [Times: user=0.02 sys=0.00, real=0.01 secs] 
Heap after GC invocations=619 (full 1):
 par new generation   total 109248K, used 6K [0x8ac00000, 0x92c00000, 0x92c00000)
  eden space 87424K,   0% used [0x8ac00000, 0x8ac00000, 0x90160000)
  from space 21824K,   0% used [0x90160000, 0x90161800, 0x916b0000)
  to   space 21824K,   0% used [0x916b0000, 0x916b0000, 0x92c00000)
 concurrent mark-sweep generation total 393216K, used 12748K [0x92c00000, 0xaac00000, 0xaac00000)
 concurrent-mark-sweep perm gen total 35404K, used 22529K [0xaac00000, 0xace93000, 0xb2c00000)
}
2015-02-20T16:02:18.609-0600: 2467.064: Total time for which application threads were stopped: 0.0134350 seconds
{Heap before GC invocations=619 (full 1):
 par new generation   total 109248K, used 87430K [0x8ac00000, 0x92c00000, 0x92c00000)
  eden space 87424K, 100% used [0x8ac00000, 0x90160000, 0x90160000)
  from space 21824K,   0% used [0x90160000, 0x90161800, 0x916b0000)
  to   space 21824K,   0% used [0x916b0000, 0x916b0000, 0x92c00000)
 concurrent mark-sweep generation total 393216K, used 12748K [0x92c00000, 0xaac00000, 0xaac00000)
 concurrent-mark-sweep perm gen total 35404K, used 22529K [0xaac00000, 0xace93000, 0xb2c00000)
2015-02-20T16:02:19.909-0600: 2468.364: [GC2015-02-20T16:02:19.909-0600: 2468.364: [ParNew
Desired survivor size 20112996 bytes, new threshold 8 (max 8)
- age   1:        928 bytes,        928 total
- age   2:         16 bytes,        944 total
- age   3:        376 bytes,       1320 total
- age   4:        376 bytes,       1696 total
- age   5:        480 bytes,       2176 total
- age   6:        216 bytes,       2392 total
- age   7:        176 bytes,       2568 total
- age   8:        736 bytes,       3304 total
: 87430K->8K(109248K), 0.0245540 secs] 100178K->12756K(502464K), 0.0249980 secs] [Times: user=0.03 sys=0.00, real=0.02 secs] 
Heap after GC invocations=620 (full 1):
 par new generation   total 109248K, used 8K [0x8ac00000, 0x92c00000, 0x92c00000)
  eden space 87424K,   0% used [0x8ac00000, 0x8ac00000, 0x90160000)
  from space 21824K,   0% used [0x916b0000, 0x916b2000, 0x92c00000)
  to   space 21824K,   0% used [0x90160000, 0x90160000, 0x916b0000)
 concurrent mark-sweep generation total 393216K, used 12748K [0x92c00000, 0xaac00000, 0xaac00000)
 concurrent-mark-sweep perm gen total 35404K, used 22529K [0xaac00000, 0xace93000, 0xb2c00000)
}
2015-02-20T16:02:19.934-0600: 2468.389: Total time for which application threads were stopped: 0.0322990 seconds
{Heap before GC invocations=620 (full 1):
 par new generation   total 109248K, used 87432K [0x8ac00000, 0x92c00000, 0x92c00000)
  eden space 87424K, 100% used [0x8ac00000, 0x90160000, 0x90160000)
  from space 21824K,   0% used [0x916b0000, 0x916b2000, 0x92c00000)
  to   space 21824K,   0% used [0x90160000, 0x90160000, 0x916b0000)
 concurrent mark-sweep generation total 393216K, used 12748K [0x92c00000, 0xaac00000, 0xaac00000)
 concurrent-mark-sweep perm gen total 35404K, used 22529K [0xaac00000, 0xace93000, 0xb2c00000)
2015-02-20T16:02:21.130-0600: 2469.585: [GC2015-02-20T16:02:21.131-0600: 2469.586: [ParNew
Desired survivor size 20112996 bytes, new threshold 8 (max 8)
- age   1:        912 bytes,        912 total
- age   2:        360 bytes,       1272 total
- age   3:         16 bytes,       1288 total
- age   4:        376 bytes,       1664 total
- age   5:        376 bytes,       2040 total
- age   6:        480 bytes,       2520 total
- age   7:        216 bytes,       2736 total
- age   8:        176 bytes,       2912 total
: 87432K->8K(109248K), 0.0142910 secs] 100180K->12757K(502464K), 0.0147600 secs] [Times: user=0.02 sys=0.00, real=0.01 secs] 
Heap after GC invocations=621 (full 1):
 par new generation   total 109248K, used 8K [0x8ac00000, 0x92c00000, 0x92c00000)
  eden space 87424K,   0% used [0x8ac00000, 0x8ac00000, 0x90160000)
  from space 21824K,   0% used [0x90160000, 0x90162000, 0x916b0000)
  to   space 21824K,   0% used [0x916b0000, 0x916b0000, 0x92c00000)
 concurrent mark-sweep generation total 393216K, used 12749K [0x92c00000, 0xaac00000, 0xaac00000)
 concurrent-mark-sweep perm gen total 35404K, used 22529K [0xaac00000, 0xace93000, 0xb2c00000)
}
2015-02-20T16:02:21.145-0600: 2469.600: Total time for which application threads were stopped: 0.0254560 seconds
{Heap before GC invocations=621 (full 1):
 par new generation   total 109248K, used 87432K [0x8ac00000, 0x92c00000, 0x92c00000)
  eden space 87424K, 100% used [0x8ac00000, 0x90160000, 0x90160000)
  from space 21824K,   0% used [0x90160000, 0x90162000, 0x916b0000)
  to   space 21824K,   0% used [0x916b0000, 0x916b0000, 0x92c00000)
 concurrent mark-sweep generation total 393216K, used 12749K [0x92c00000, 0xaac00000, 0xaac00000)
 concurrent-mark-sweep perm gen total 35404K, used 22529K [0xaac00000, 0xace93000, 0xb2c00000)
2015-02-20T16:02:22.549-0600: 2471.004: [GC2015-02-20T16:02:22.557-0600: 2471.012: [ParNew
Desired survivor size 20112996 bytes, new threshold 8 (max 8)
- age   1:        360 bytes,        360 total
- age   2:        528 bytes,        888 total
- age   3:        360 bytes,       1248 total
- age   4:         16 bytes,       1264 total
- age   5:        376 bytes,       1640 total
- age   6:        376 bytes,       2016 total
- age   7:        480 bytes,       2496 total
- age   8:        216 bytes,       2712 total
: 87432K->8K(109248K), 0.0212110 secs] 100181K->12757K(502464K), 0.0291320 secs] [Times: user=0.02 sys=0.00, real=0.03 secs] 
Heap after GC invocations=622 (full 1):
 par new generation   total 109248K, used 8K [0x8ac00000, 0x92c00000, 0x92c00000)
  eden space 87424K,   0% used [0x8ac00000, 0x8ac00000, 0x90160000)
  from space 21824K,   0% used [0x916b0000, 0x916b2000, 0x92c00000)
  to   space 21824K,   0% used [0x90160000, 0x90160000, 0x916b0000)
 concurrent mark-sweep generation total 393216K, used 12749K [0x92c00000, 0xaac00000, 0xaac00000)
 concurrent-mark-sweep perm gen total 35404K, used 22529K [0xaac00000, 0xace93000, 0xb2c00000)
}
2015-02-20T16:02:22.578-0600: 2471.033: Total time for which application threads were stopped: 0.0401080 seconds
{Heap before GC invocations=622 (full 1):
 par new generation   total 109248K, used 87432K [0x8ac00000, 0x92c00000, 0x92c00000)
  eden space 87424K, 100% used [0x8ac00000, 0x90160000, 0x90160000)
  from space 21824K,   0% used [0x916b0000, 0x916b2000, 0x92c00000)
  to   space 21824K,   0% used [0x90160000, 0x90160000, 0x916b0000)
 concurrent mark-sweep generation total 393216K, used 12749K [0x92c00000, 0xaac00000, 0xaac00000)
 concurrent-mark-sweep perm gen total 35404K, used 22529K [0xaac00000, 0xace93000, 0xb2c00000)
2015-02-20T16:02:23.788-0600: 2472.243: [GC2015-02-20T16:02:23.788-0600: 2472.243: [ParNew
Desired survivor size 20112996 bytes, new threshold 8 (max 8)
- age   1:        808 bytes,        808 total
- age   2:         16 bytes,        824 total
- age   3:        376 bytes,       1200 total
- age   4:        360 bytes,       1560 total
- age   5:         16 bytes,       1576 total
- age   6:        376 bytes,       1952 total
- age   7:        376 bytes,       2328 total
- age   8:        480 bytes,       2808 total
: 87432K->8K(109248K), 0.0253920 secs] 100181K->12757K(502464K), 0.0258610 secs] [Times: user=0.03 sys=0.00, real=0.02 secs] 
Heap after GC invocations=623 (full 1):
 par new generation   total 109248K, used 8K [0x8ac00000, 0x92c00000, 0x92c00000)
  eden space 87424K,   0% used [0x8ac00000, 0x8ac00000, 0x90160000)
  from space 21824K,   0% used [0x90160000, 0x90162000, 0x916b0000)
  to   space 21824K,   0% used [0x916b0000, 0x916b0000, 0x92c00000)
 concurrent mark-sweep generation total 393216K, used 12749K [0x92c00000, 0xaac00000, 0xaac00000)
 concurrent-mark-sweep perm gen total 35404K, used 22529K [0xaac00000, 0xace93000, 0xb2c00000)
}
2015-02-20T16:02:23.814-0600: 2472.269: Total time for which application threads were stopped: 0.0349990 seconds
{Heap before GC invocations=623 (full 1):
 par new generation   total 109248K, used 87432K [0x8ac00000, 0x92c00000, 0x92c00000)
  eden space 87424K, 100% used [0x8ac00000, 0x90160000, 0x90160000)
  from space 21824K,   0% used [0x90160000, 0x90162000, 0x916b0000)
  to   space 21824K,   0% used [0x916b0000, 0x916b0000, 0x92c00000)
 concurrent mark-sweep generation total 393216K, used 12749K [0x92c00000, 0xaac00000, 0xaac00000)
 concurrent-mark-sweep perm gen total 35404K, used 22529K [0xaac00000, 0xace93000, 0xb2c00000)
2015-02-20T16:02:24.782-0600: 2473.237: [GC2015-02-20T16:02:24.782-0600: 2473.238: [ParNew
Desired survivor size 20112996 bytes, new threshold 8 (max 8)
- age   1:        512 bytes,        512 total
- age   2:        512 bytes,       1024 total
- age   3:         16 bytes,       1040 total
- age   4:        376 bytes,       1416 total
- age   5:        360 bytes,       1776 total
- age   6:         16 bytes,       1792 total
- age   7:        376 bytes,       2168 total
- age   8:        376 bytes,       2544 total
: 87432K->8K(109248K), 0.0156220 secs] 100181K->12757K(502464K), 0.0158530 secs] [Times: user=0.01 sys=0.00, real=0.02 secs] 
Heap after GC invocations=624 (full 1):
 par new generation   total 109248K, used 8K [0x8ac00000, 0x92c00000, 0x92c00000)
  eden space 87424K,   0% used [0x8ac00000, 0x8ac00000, 0x90160000)
  from space 21824K,   0% used [0x916b0000, 0x916b2000, 0x92c00000)
  to   space 21824K,   0% used [0x90160000, 0x90160000, 0x916b0000)
 concurrent mark-sweep generation total 393216K, used 12749K [0x92c00000, 0xaac00000, 0xaac00000)
 concurrent-mark-sweep perm gen total 35404K, used 22529K [0xaac00000, 0xace93000, 0xb2c00000)
}
2015-02-20T16:02:24.798-0600: 2473.253: Total time for which application threads were stopped: 0.0233780 seconds
{Heap before GC invocations=624 (full 1):
 par new generation   total 109248K, used 87432K [0x8ac00000, 0x92c00000, 0x92c00000)
  eden space 87424K, 100% used [0x8ac00000, 0x90160000, 0x90160000)
  from space 21824K,   0% used [0x916b0000, 0x916b2000, 0x92c00000)
  to   space 21824K,   0% used [0x90160000, 0x90160000, 0x916b0000)
 concurrent mark-sweep generation total 393216K, used 12749K [0x92c00000, 0xaac00000, 0xaac00000)
 concurrent-mark-sweep perm gen total 35404K, used 22529K [0xaac00000, 0xace93000, 0xb2c00000)
2015-02-20T16:02:26.174-0600: 2474.629: [GC2015-02-20T16:02:26.174-0600: 2474.629: [ParNew
Desired survivor size 20112996 bytes, new threshold 8 (max 8)
- age   1:        832 bytes,        832 total
- age   2:         16 bytes,        848 total
- age   3:        360 bytes,       1208 total
- age   4:         16 bytes,       1224 total
- age   5:        376 bytes,       1600 total
- age   6:        360 bytes,       1960 total
- age   7:         16 bytes,       1976 total
- age   8:        376 bytes,       2352 total
: 87432K->10K(109248K), 0.0143970 secs] 100181K->12760K(502464K), 0.0145910 secs] [Times: user=0.02 sys=0.00, real=0.02 secs] 
Heap after GC invocations=625 (full 1):
 par new generation   total 109248K, used 10K [0x8ac00000, 0x92c00000, 0x92c00000)
  eden space 87424K,   0% used [0x8ac00000, 0x8ac00000, 0x90160000)
  from space 21824K,   0% used [0x90160000, 0x90162800, 0x916b0000)
  to   space 21824K,   0% used [0x916b0000, 0x916b0000, 0x92c00000)
 concurrent mark-sweep generation total 393216K, used 12750K [0x92c00000, 0xaac00000, 0xaac00000)
 concurrent-mark-sweep perm gen total 35404K, used 22529K [0xaac00000, 0xace93000, 0xb2c00000)
}
2015-02-20T16:02:26.188-0600: 2474.643: Total time for which application threads were stopped: 0.0172240 seconds
{Heap before GC invocations=625 (full 1):
 par new generation   total 109248K, used 87434K [0x8ac00000, 0x92c00000, 0x92c00000)
  eden space 87424K, 100% used [0x8ac00000, 0x90160000, 0x90160000)
  from space 21824K,   0% used [0x90160000, 0x90162800, 0x916b0000)
  to   space 21824K,   0% used [0x916b0000, 0x916b0000, 0x92c00000)
 concurrent mark-sweep generation total 393216K, used 12750K [0x92c00000, 0xaac00000, 0xaac00000)
 concurrent-mark-sweep perm gen total 35404K, used 22529K [0xaac00000, 0xace93000, 0xb2c00000)
2015-02-20T16:02:27.714-0600: 2476.169: [GC2015-02-20T16:02:27.714-0600: 2476.169: [ParNew
Desired survivor size 20112996 bytes, new threshold 8 (max 8)
- age   1:       1224 bytes,       1224 total
- age   2:        376 bytes,       1600 total
- age   3:         16 bytes,       1616 total
- age   4:        360 bytes,       1976 total
- age   5:         16 bytes,       1992 total
- age   6:        376 bytes,       2368 total
- age   7:        360 bytes,       2728 total
- age   8:         16 bytes,       2744 total
: 87434K->6K(109248K), 0.0177810 secs] 100184K->12756K(502464K), 0.0179700 secs] [Times: user=0.03 sys=0.00, real=0.02 secs] 
Heap after GC invocations=626 (full 1):
 par new generation   total 109248K, used 6K [0x8ac00000, 0x92c00000, 0x92c00000)
  eden space 87424K,   0% used [0x8ac00000, 0x8ac00000, 0x90160000)
  from space 21824K,   0% used [0x916b0000, 0x916b1800, 0x92c00000)
  to   space 21824K,   0% used [0x90160000, 0x90160000, 0x916b0000)
 concurrent mark-sweep generation total 393216K, used 12750K [0x92c00000, 0xaac00000, 0xaac00000)
 concurrent-mark-sweep perm gen total 35404K, used 22529K [0xaac00000, 0xace93000, 0xb2c00000)
}
2015-02-20T16:02:27.732-0600: 2476.187: Total time for which application threads were stopped: 0.0212860 seconds
{Heap before GC invocations=626 (full 1):
 par new generation   total 109248K, used 87430K [0x8ac00000, 0x92c00000, 0x92c00000)
  eden space 87424K, 100% used [0x8ac00000, 0x90160000, 0x90160000)
  from space 21824K,   0% used [0x916b0000, 0x916b1800, 0x92c00000)
  to   space 21824K,   0% used [0x90160000, 0x90160000, 0x916b0000)
 concurrent mark-sweep generation total 393216K, used 12750K [0x92c00000, 0xaac00000, 0xaac00000)
 concurrent-mark-sweep perm gen total 35404K, used 22529K [0xaac00000, 0xace93000, 0xb2c00000)
2015-02-20T16:02:29.614-0600: 2478.070: [GC2015-02-20T16:02:29.615-0600: 2478.070: [ParNew
Desired survivor size 20112996 bytes, new threshold 8 (max 8)
- age   1:       1104 bytes,       1104 total
- age   2:        568 bytes,       1672 total
- age   3:        376 bytes,       2048 total
- age   4:         16 bytes,       2064 total
- age   5:        360 bytes,       2424 total
- age   6:         16 bytes,       2440 total
- age   7:        376 bytes,       2816 total
- age   8:        360 bytes,       3176 total
: 87430K->6K(109248K), 0.0078230 secs] 100180K->12756K(502464K), 0.0080610 secs] [Times: user=0.01 sys=0.00, real=0.01 secs] 
Heap after GC invocations=627 (full 1):
 par new generation   total 109248K, used 6K [0x8ac00000, 0x92c00000, 0x92c00000)
  eden space 87424K,   0% used [0x8ac00000, 0x8ac00000, 0x90160000)
  from space 21824K,   0% used [0x90160000, 0x90161800, 0x916b0000)
  to   space 21824K,   0% used [0x916b0000, 0x916b0000, 0x92c00000)
 concurrent mark-sweep generation total 393216K, used 12750K [0x92c00000, 0xaac00000, 0xaac00000)
 concurrent-mark-sweep perm gen total 35404K, used 22529K [0xaac00000, 0xace93000, 0xb2c00000)
}
2015-02-20T16:02:29.623-0600: 2478.078: Total time for which application threads were stopped: 0.0108820 seconds
{Heap before GC invocations=627 (full 1):
 par new generation   total 109248K, used 87430K [0x8ac00000, 0x92c00000, 0x92c00000)
  eden space 87424K, 100% used [0x8ac00000, 0x90160000, 0x90160000)
  from space 21824K,   0% used [0x90160000, 0x90161800, 0x916b0000)
  to   space 21824K,   0% used [0x916b0000, 0x916b0000, 0x92c00000)
 concurrent mark-sweep generation total 393216K, used 12750K [0x92c00000, 0xaac00000, 0xaac00000)
 concurrent-mark-sweep perm gen total 35404K, used 22529K [0xaac00000, 0xace93000, 0xb2c00000)
2015-02-20T16:02:31.045-0600: 2479.500: [GC2015-02-20T16:02:31.045-0600: 2479.500: [ParNew
Desired survivor size 20112996 bytes, new threshold 8 (max 8)
- age   1:       1176 bytes,       1176 total
- age   2:        472 bytes,       1648 total
- age   3:        568 bytes,       2216 total
- age   4:        376 bytes,       2592 total
- age   5:         16 bytes,       2608 total
- age   6:        360 bytes,       2968 total
- age   7:         16 bytes,       2984 total
- age   8:        376 bytes,       3360 total
: 87430K->6K(109248K), 0.0107220 secs] 100180K->12757K(502464K), 0.0109290 secs] [Times: user=0.02 sys=0.00, real=0.01 secs] 
Heap after GC invocations=628 (full 1):
 par new generation   total 109248K, used 6K [0x8ac00000, 0x92c00000, 0x92c00000)
  eden space 87424K,   0% used [0x8ac00000, 0x8ac00000, 0x90160000)
  from space 21824K,   0% used [0x916b0000, 0x916b1800, 0x92c00000)
  to   space 21824K,   0% used [0x90160000, 0x90160000, 0x916b0000)
 concurrent mark-sweep generation total 393216K, used 12751K [0x92c00000, 0xaac00000, 0xaac00000)
 concurrent-mark-sweep perm gen total 35404K, used 22529K [0xaac00000, 0xace93000, 0xb2c00000)
}
2015-02-20T16:02:31.056-0600: 2479.511: Total time for which application threads were stopped: 0.0140450 seconds
{Heap before GC invocations=628 (full 1):
 par new generation   total 109248K, used 87430K [0x8ac00000, 0x92c00000, 0x92c00000)
  eden space 87424K, 100% used [0x8ac00000, 0x90160000, 0x90160000)
  from space 21824K,   0% used [0x916b0000, 0x916b1800, 0x92c00000)
  to   space 21824K,   0% used [0x90160000, 0x90160000, 0x916b0000)
 concurrent mark-sweep generation total 393216K, used 12751K [0x92c00000, 0xaac00000, 0xaac00000)
 concurrent-mark-sweep perm gen total 35404K, used 22529K [0xaac00000, 0xace93000, 0xb2c00000)
2015-02-20T16:02:32.496-0600: 2480.951: [GC2015-02-20T16:02:32.496-0600: 2480.951: [ParNew
Desired survivor size 20112996 bytes, new threshold 8 (max 8)
- age   1:        696 bytes,        696 total
- age   2:        552 bytes,       1248 total
- age   3:        472 bytes,       1720 total
- age   4:        568 bytes,       2288 total
- age   5:        376 bytes,       2664 total
- age   6:         16 bytes,       2680 total
- age   7:        360 bytes,       3040 total
- age   8:         16 bytes,       3056 total
: 87430K->6K(109248K), 0.0251710 secs] 100181K->12757K(502464K), 0.0256530 secs] [Times: user=0.03 sys=0.00, real=0.03 secs] 
Heap after GC invocations=629 (full 1):
 par new generation   total 109248K, used 6K [0x8ac00000, 0x92c00000, 0x92c00000)
  eden space 87424K,   0% used [0x8ac00000, 0x8ac00000, 0x90160000)
  from space 21824K,   0% used [0x90160000, 0x90161800, 0x916b0000)
  to   space 21824K,   0% used [0x916b0000, 0x916b0000, 0x92c00000)
 concurrent mark-sweep generation total 393216K, used 12751K [0x92c00000, 0xaac00000, 0xaac00000)
 concurrent-mark-sweep perm gen total 35404K, used 22529K [0xaac00000, 0xace93000, 0xb2c00000)
}
2015-02-20T16:02:32.521-0600: 2480.976: Total time for which application threads were stopped: 0.0301700 seconds
{Heap before GC invocations=629 (full 1):
 par new generation   total 109248K, used 87430K [0x8ac00000, 0x92c00000, 0x92c00000)
  eden space 87424K, 100% used [0x8ac00000, 0x90160000, 0x90160000)
  from space 21824K,   0% used [0x90160000, 0x90161800, 0x916b0000)
  to   space 21824K,   0% used [0x916b0000, 0x916b0000, 0x92c00000)
 concurrent mark-sweep generation total 393216K, used 12751K [0x92c00000, 0xaac00000, 0xaac00000)
 concurrent-mark-sweep perm gen total 35404K, used 22529K [0xaac00000, 0xace93000, 0xb2c00000)
2015-02-20T16:02:34.106-0600: 2482.561: [GC2015-02-20T16:02:34.106-0600: 2482.561: [ParNew
Desired survivor size 20112996 bytes, new threshold 8 (max 8)
- age   1:       1088 bytes,       1088 total
- age   2:         16 bytes,       1104 total
- age   3:        400 bytes,       1504 total
- age   4:        472 bytes,       1976 total
- age   5:        568 bytes,       2544 total
- age   6:        376 bytes,       2920 total
- age   7:         16 bytes,       2936 total
- age   8:        360 bytes,       3296 total
: 87430K->10K(109248K), 0.0223660 secs] 100181K->12761K(502464K), 0.0226560 secs] [Times: user=0.03 sys=0.00, real=0.03 secs] 
Heap after GC invocations=630 (full 1):
 par new generation   total 109248K, used 10K [0x8ac00000, 0x92c00000, 0x92c00000)
  eden space 87424K,   0% used [0x8ac00000, 0x8ac00000, 0x90160000)
  from space 21824K,   0% used [0x916b0000, 0x916b2800, 0x92c00000)
  to   space 21824K,   0% used [0x90160000, 0x90160000, 0x916b0000)
 concurrent mark-sweep generation total 393216K, used 12751K [0x92c00000, 0xaac00000, 0xaac00000)
 concurrent-mark-sweep perm gen total 35404K, used 22529K [0xaac00000, 0xace93000, 0xb2c00000)
}
2015-02-20T16:02:34.128-0600: 2482.583: Total time for which application threads were stopped: 0.0273520 seconds
{Heap before GC invocations=630 (full 1):
 par new generation   total 109248K, used 87434K [0x8ac00000, 0x92c00000, 0x92c00000)
  eden space 87424K, 100% used [0x8ac00000, 0x90160000, 0x90160000)
  from space 21824K,   0% used [0x916b0000, 0x916b2800, 0x92c00000)
  to   space 21824K,   0% used [0x90160000, 0x90160000, 0x916b0000)
 concurrent mark-sweep generation total 393216K, used 12751K [0x92c00000, 0xaac00000, 0xaac00000)
 concurrent-mark-sweep perm gen total 35404K, used 22529K [0xaac00000, 0xace93000, 0xb2c00000)
2015-02-20T16:02:35.555-0600: 2484.010: [GC2015-02-20T16:02:35.555-0600: 2484.010: [ParNew
Desired survivor size 20112996 bytes, new threshold 8 (max 8)
- age   1:        816 bytes,        816 total
- age   2:        400 bytes,       1216 total
- age   3:         16 bytes,       1232 total
- age   4:        400 bytes,       1632 total
- age   5:        472 bytes,       2104 total
- age   6:        568 bytes,       2672 total
- age   7:        376 bytes,       3048 total
- age   8:         16 bytes,       3064 total
: 87434K->8K(109248K), 0.0142940 secs] 100185K->12759K(502464K), 0.0145060 secs] [Times: user=0.03 sys=0.00, real=0.02 secs] 
Heap after GC invocations=631 (full 1):
 par new generation   total 109248K, used 8K [0x8ac00000, 0x92c00000, 0x92c00000)
  eden space 87424K,   0% used [0x8ac00000, 0x8ac00000, 0x90160000)
  from space 21824K,   0% used [0x90160000, 0x90162000, 0x916b0000)
  to   space 21824K,   0% used [0x916b0000, 0x916b0000, 0x92c00000)
 concurrent mark-sweep generation total 393216K, used 12751K [0x92c00000, 0xaac00000, 0xaac00000)
 concurrent-mark-sweep perm gen total 35404K, used 22529K [0xaac00000, 0xace93000, 0xb2c00000)
}
2015-02-20T16:02:35.569-0600: 2484.024: Total time for which application threads were stopped: 0.0172710 seconds
{Heap before GC invocations=631 (full 1):
 par new generation   total 109248K, used 87432K [0x8ac00000, 0x92c00000, 0x92c00000)
  eden space 87424K, 100% used [0x8ac00000, 0x90160000, 0x90160000)
  from space 21824K,   0% used [0x90160000, 0x90162000, 0x916b0000)
  to   space 21824K,   0% used [0x916b0000, 0x916b0000, 0x92c00000)
 concurrent mark-sweep generation total 393216K, used 12751K [0x92c00000, 0xaac00000, 0xaac00000)
 concurrent-mark-sweep perm gen total 35404K, used 22529K [0xaac00000, 0xace93000, 0xb2c00000)
2015-02-20T16:02:37.205-0600: 2485.660: [GC2015-02-20T16:02:37.205-0600: 2485.660: [ParNew
Desired survivor size 20112996 bytes, new threshold 8 (max 8)
- age   1:       1072 bytes,       1072 total
- age   2:        360 bytes,       1432 total
- age   3:        400 bytes,       1832 total
- age   4:         16 bytes,       1848 total
- age   5:        400 bytes,       2248 total
- age   6:        472 bytes,       2720 total
- age   7:        568 bytes,       3288 total
- age   8:        376 bytes,       3664 total
: 87432K->10K(109248K), 0.0061000 secs] 100183K->12761K(502464K), 0.0063050 secs] [Times: user=0.01 sys=0.00, real=0.01 secs] 
Heap after GC invocations=632 (full 1):
 par new generation   total 109248K, used 10K [0x8ac00000, 0x92c00000, 0x92c00000)
  eden space 87424K,   0% used [0x8ac00000, 0x8ac00000, 0x90160000)
  from space 21824K,   0% used [0x916b0000, 0x916b2800, 0x92c00000)
  to   space 21824K,   0% used [0x90160000, 0x90160000, 0x916b0000)
 concurrent mark-sweep generation total 393216K, used 12751K [0x92c00000, 0xaac00000, 0xaac00000)
 concurrent-mark-sweep perm gen total 35404K, used 22529K [0xaac00000, 0xace93000, 0xb2c00000)
}
2015-02-20T16:02:37.212-0600: 2485.667: Total time for which application threads were stopped: 0.0090550 seconds
{Heap before GC invocations=632 (full 1):
 par new generation   total 109248K, used 87434K [0x8ac00000, 0x92c00000, 0x92c00000)
  eden space 87424K, 100% used [0x8ac00000, 0x90160000, 0x90160000)
  from space 21824K,   0% used [0x916b0000, 0x916b2800, 0x92c00000)
  to   space 21824K,   0% used [0x90160000, 0x90160000, 0x916b0000)
 concurrent mark-sweep generation total 393216K, used 12751K [0x92c00000, 0xaac00000, 0xaac00000)
 concurrent-mark-sweep perm gen total 35404K, used 22529K [0xaac00000, 0xace93000, 0xb2c00000)
2015-02-20T16:02:38.650-0600: 2487.105: [GC2015-02-20T16:02:38.651-0600: 2487.106: [ParNew
Desired survivor size 20112996 bytes, new threshold 8 (max 8)
- age   1:        640 bytes,        640 total
- age   2:        528 bytes,       1168 total
- age   3:        360 bytes,       1528 total
- age   4:        400 bytes,       1928 total
- age   5:         16 bytes,       1944 total
- age   6:        400 bytes,       2344 total
- age   7:        472 bytes,       2816 total
- age   8:        568 bytes,       3384 total
: 87434K->8K(109248K), 0.0069120 secs] 100185K->12760K(502464K), 0.0070990 secs] [Times: user=0.01 sys=0.00, real=0.01 secs] 
Heap after GC invocations=633 (full 1):
 par new generation   total 109248K, used 8K [0x8ac00000, 0x92c00000, 0x92c00000)
  eden space 87424K,   0% used [0x8ac00000, 0x8ac00000, 0x90160000)
  from space 21824K,   0% used [0x90160000, 0x90162000, 0x916b0000)
  to   space 21824K,   0% used [0x916b0000, 0x916b0000, 0x92c00000)
 concurrent mark-sweep generation total 393216K, used 12752K [0x92c00000, 0xaac00000, 0xaac00000)
 concurrent-mark-sweep perm gen total 35404K, used 22529K [0xaac00000, 0xace93000, 0xb2c00000)
}
2015-02-20T16:02:38.658-0600: 2487.113: Total time for which application threads were stopped: 0.0099290 seconds
{Heap before GC invocations=633 (full 1):
 par new generation   total 109248K, used 87432K [0x8ac00000, 0x92c00000, 0x92c00000)
  eden space 87424K, 100% used [0x8ac00000, 0x90160000, 0x90160000)
  from space 21824K,   0% used [0x90160000, 0x90162000, 0x916b0000)
  to   space 21824K,   0% used [0x916b0000, 0x916b0000, 0x92c00000)
 concurrent mark-sweep generation total 393216K, used 12752K [0x92c00000, 0xaac00000, 0xaac00000)
 concurrent-mark-sweep perm gen total 35404K, used 22529K [0xaac00000, 0xace93000, 0xb2c00000)
2015-02-20T16:02:39.883-0600: 2488.338: [GC2015-02-20T16:02:39.883-0600: 2488.338: [ParNew
Desired survivor size 20112996 bytes, new threshold 8 (max 8)
- age   1:        816 bytes,        816 total
- age   2:         16 bytes,        832 total
- age   3:        376 bytes,       1208 total
- age   4:        360 bytes,       1568 total
- age   5:        400 bytes,       1968 total
- age   6:         16 bytes,       1984 total
- age   7:        400 bytes,       2384 total
- age   8:        472 bytes,       2856 total
: 87432K->8K(109248K), 0.0274200 secs] 100184K->12760K(502464K), 0.0276570 secs] [Times: user=0.03 sys=0.00, real=0.03 secs] 
Heap after GC invocations=634 (full 1):
 par new generation   total 109248K, used 8K [0x8ac00000, 0x92c00000, 0x92c00000)
  eden space 87424K,   0% used [0x8ac00000, 0x8ac00000, 0x90160000)
  from space 21824K,   0% used [0x916b0000, 0x916b2000, 0x92c00000)
  to   space 21824K,   0% used [0x90160000, 0x90160000, 0x916b0000)
 concurrent mark-sweep generation total 393216K, used 12752K [0x92c00000, 0xaac00000, 0xaac00000)
 concurrent-mark-sweep perm gen total 35404K, used 22529K [0xaac00000, 0xace93000, 0xb2c00000)
}
2015-02-20T16:02:39.911-0600: 2488.366: Total time for which application threads were stopped: 0.0304190 seconds
{Heap before GC invocations=634 (full 1):
 par new generation   total 109248K, used 87432K [0x8ac00000, 0x92c00000, 0x92c00000)
  eden space 87424K, 100% used [0x8ac00000, 0x90160000, 0x90160000)
  from space 21824K,   0% used [0x916b0000, 0x916b2000, 0x92c00000)
  to   space 21824K,   0% used [0x90160000, 0x90160000, 0x916b0000)
 concurrent mark-sweep generation total 393216K, used 12752K [0x92c00000, 0xaac00000, 0xaac00000)
 concurrent-mark-sweep perm gen total 35404K, used 22529K [0xaac00000, 0xace93000, 0xb2c00000)
2015-02-20T16:02:41.327-0600: 2489.783: [GC2015-02-20T16:02:41.328-0600: 2489.783: [ParNew
Desired survivor size 20112996 bytes, new threshold 8 (max 8)
- age   1:       1208 bytes,       1208 total
- age   2:        360 bytes,       1568 total
- age   3:         16 bytes,       1584 total
- age   4:        376 bytes,       1960 total
- age   5:        360 bytes,       2320 total
- age   6:        400 bytes,       2720 total
- age   7:         16 bytes,       2736 total
- age   8:        400 bytes,       3136 total
: 87432K->8K(109248K), 0.0145340 secs] 100184K->12761K(502464K), 0.0148070 secs] [Times: user=0.02 sys=0.00, real=0.01 secs] 
Heap after GC invocations=635 (full 1):
 par new generation   total 109248K, used 8K [0x8ac00000, 0x92c00000, 0x92c00000)
  eden space 87424K,   0% used [0x8ac00000, 0x8ac00000, 0x90160000)
  from space 21824K,   0% used [0x90160000, 0x90162000, 0x916b0000)
  to   space 21824K,   0% used [0x916b0000, 0x916b0000, 0x92c00000)
 concurrent mark-sweep generation total 393216K, used 12753K [0x92c00000, 0xaac00000, 0xaac00000)
 concurrent-mark-sweep perm gen total 35404K, used 22529K [0xaac00000, 0xace93000, 0xb2c00000)
}
2015-02-20T16:02:41.342-0600: 2489.798: Total time for which application threads were stopped: 0.0181700 seconds
{Heap before GC invocations=635 (full 1):
 par new generation   total 109248K, used 87432K [0x8ac00000, 0x92c00000, 0x92c00000)
  eden space 87424K, 100% used [0x8ac00000, 0x90160000, 0x90160000)
  from space 21824K,   0% used [0x90160000, 0x90162000, 0x916b0000)
  to   space 21824K,   0% used [0x916b0000, 0x916b0000, 0x92c00000)
 concurrent mark-sweep generation total 393216K, used 12753K [0x92c00000, 0xaac00000, 0xaac00000)
 concurrent-mark-sweep perm gen total 35404K, used 22529K [0xaac00000, 0xace93000, 0xb2c00000)
2015-02-20T16:02:42.815-0600: 2491.270: [GC2015-02-20T16:02:42.815-0600: 2491.270: [ParNew
Desired survivor size 20112996 bytes, new threshold 8 (max 8)
- age   1:        432 bytes,        432 total
- age   2:        528 bytes,        960 total
- age   3:        360 bytes,       1320 total
- age   4:         16 bytes,       1336 total
- age   5:        376 bytes,       1712 total
- age   6:        360 bytes,       2072 total
- age   7:        400 bytes,       2472 total
- age   8:         16 bytes,       2488 total
: 87432K->6K(109248K), 0.0157490 secs] 100185K->12759K(502464K), 0.0159860 secs] [Times: user=0.03 sys=0.00, real=0.02 secs] 
Heap after GC invocations=636 (full 1):
 par new generation   total 109248K, used 6K [0x8ac00000, 0x92c00000, 0x92c00000)
  eden space 87424K,   0% used [0x8ac00000, 0x8ac00000, 0x90160000)
  from space 21824K,   0% used [0x916b0000, 0x916b1800, 0x92c00000)
  to   space 21824K,   0% used [0x90160000, 0x90160000, 0x916b0000)
 concurrent mark-sweep generation total 393216K, used 12753K [0x92c00000, 0xaac00000, 0xaac00000)
 concurrent-mark-sweep perm gen total 35404K, used 22529K [0xaac00000, 0xace93000, 0xb2c00000)
}
2015-02-20T16:02:42.831-0600: 2491.286: Total time for which application threads were stopped: 0.0187820 seconds
{Heap before GC invocations=636 (full 1):
 par new generation   total 109248K, used 87430K [0x8ac00000, 0x92c00000, 0x92c00000)
  eden space 87424K, 100% used [0x8ac00000, 0x90160000, 0x90160000)
  from space 21824K,   0% used [0x916b0000, 0x916b1800, 0x92c00000)
  to   space 21824K,   0% used [0x90160000, 0x90160000, 0x916b0000)
 concurrent mark-sweep generation total 393216K, used 12753K [0x92c00000, 0xaac00000, 0xaac00000)
 concurrent-mark-sweep perm gen total 35404K, used 22529K [0xaac00000, 0xace93000, 0xb2c00000)
2015-02-20T16:02:44.196-0600: 2492.652: [GC2015-02-20T16:02:44.197-0600: 2492.652: [ParNew
Desired survivor size 20112996 bytes, new threshold 8 (max 8)
- age   1:       1024 bytes,       1024 total
- age   2:         16 bytes,       1040 total
- age   3:        376 bytes,       1416 total
- age   4:        360 bytes,       1776 total
- age   5:         16 bytes,       1792 total
- age   6:        376 bytes,       2168 total
- age   7:        360 bytes,       2528 total
- age   8:        400 bytes,       2928 total
: 87430K->8K(109248K), 0.0071900 secs] 100183K->12761K(502464K), 0.0073990 secs] [Times: user=0.01 sys=0.00, real=0.01 secs] 
Heap after GC invocations=637 (full 1):
 par new generation   total 109248K, used 8K [0x8ac00000, 0x92c00000, 0x92c00000)
  eden space 87424K,   0% used [0x8ac00000, 0x8ac00000, 0x90160000)
  from space 21824K,   0% used [0x90160000, 0x90162000, 0x916b0000)
  to   space 21824K,   0% used [0x916b0000, 0x916b0000, 0x92c00000)
 concurrent mark-sweep generation total 393216K, used 12753K [0x92c00000, 0xaac00000, 0xaac00000)
 concurrent-mark-sweep perm gen total 35404K, used 22529K [0xaac00000, 0xace93000, 0xb2c00000)
}
2015-02-20T16:02:44.204-0600: 2492.659: Total time for which application threads were stopped: 0.0102420 seconds
{Heap before GC invocations=637 (full 1):
 par new generation   total 109248K, used 87432K [0x8ac00000, 0x92c00000, 0x92c00000)
  eden space 87424K, 100% used [0x8ac00000, 0x90160000, 0x90160000)
  from space 21824K,   0% used [0x90160000, 0x90162000, 0x916b0000)
  to   space 21824K,   0% used [0x916b0000, 0x916b0000, 0x92c00000)
 concurrent mark-sweep generation total 393216K, used 12753K [0x92c00000, 0xaac00000, 0xaac00000)
 concurrent-mark-sweep perm gen total 35404K, used 22529K [0xaac00000, 0xace93000, 0xb2c00000)
2015-02-20T16:02:45.621-0600: 2494.076: [GC2015-02-20T16:02:45.621-0600: 2494.076: [ParNew
Desired survivor size 20112996 bytes, new threshold 8 (max 8)
- age   1:       1208 bytes,       1208 total
- age   2:        424 bytes,       1632 total
- age   3:         16 bytes,       1648 total
- age   4:        376 bytes,       2024 total
- age   5:        360 bytes,       2384 total
- age   6:         16 bytes,       2400 total
- age   7:        376 bytes,       2776 total
- age   8:        360 bytes,       3136 total
: 87432K->8K(109248K), 0.0300000 secs] 100185K->12762K(502464K), 0.0302860 secs] [Times: user=0.03 sys=0.00, real=0.03 secs] 
Heap after GC invocations=638 (full 1):
 par new generation   total 109248K, used 8K [0x8ac00000, 0x92c00000, 0x92c00000)
  eden space 87424K,   0% used [0x8ac00000, 0x8ac00000, 0x90160000)
  from space 21824K,   0% used [0x916b0000, 0x916b2000, 0x92c00000)
  to   space 21824K,   0% used [0x90160000, 0x90160000, 0x916b0000)
 concurrent mark-sweep generation total 393216K, used 12754K [0x92c00000, 0xaac00000, 0xaac00000)
 concurrent-mark-sweep perm gen total 35404K, used 22529K [0xaac00000, 0xace93000, 0xb2c00000)
}
2015-02-20T16:02:45.651-0600: 2494.106: Total time for which application threads were stopped: 0.0329790 seconds
{Heap before GC invocations=638 (full 1):
 par new generation   total 109248K, used 87432K [0x8ac00000, 0x92c00000, 0x92c00000)
  eden space 87424K, 100% used [0x8ac00000, 0x90160000, 0x90160000)
  from space 21824K,   0% used [0x916b0000, 0x916b2000, 0x92c00000)
  to   space 21824K,   0% used [0x90160000, 0x90160000, 0x916b0000)
 concurrent mark-sweep generation total 393216K, used 12754K [0x92c00000, 0xaac00000, 0xaac00000)
 concurrent-mark-sweep perm gen total 35404K, used 22529K [0xaac00000, 0xace93000, 0xb2c00000)
2015-02-20T16:02:47.168-0600: 2495.623: [GC2015-02-20T16:02:47.168-0600: 2495.623: [ParNew
Desired survivor size 20112996 bytes, new threshold 8 (max 8)
- age   1:        976 bytes,        976 total
- age   2:        432 bytes,       1408 total
- age   3:        424 bytes,       1832 total
- age   4:         16 bytes,       1848 total
- age   5:        376 bytes,       2224 total
- age   6:        360 bytes,       2584 total
- age   7:         16 bytes,       2600 total
- age   8:        376 bytes,       2976 total
: 87432K->6K(109248K), 0.0133140 secs] 100186K->12760K(502464K), 0.0135150 secs] [Times: user=0.03 sys=0.00, real=0.01 secs] 
Heap after GC invocations=639 (full 1):
 par new generation   total 109248K, used 6K [0x8ac00000, 0x92c00000, 0x92c00000)
  eden space 87424K,   0% used [0x8ac00000, 0x8ac00000, 0x90160000)
  from space 21824K,   0% used [0x90160000, 0x90161800, 0x916b0000)
  to   space 21824K,   0% used [0x916b0000, 0x916b0000, 0x92c00000)
 concurrent mark-sweep generation total 393216K, used 12754K [0x92c00000, 0xaac00000, 0xaac00000)
 concurrent-mark-sweep perm gen total 35404K, used 22529K [0xaac00000, 0xace93000, 0xb2c00000)
}
2015-02-20T16:02:47.182-0600: 2495.637: Total time for which application threads were stopped: 0.0165300 seconds
{Heap before GC invocations=639 (full 1):
 par new generation   total 109248K, used 87430K [0x8ac00000, 0x92c00000, 0x92c00000)
  eden space 87424K, 100% used [0x8ac00000, 0x90160000, 0x90160000)
  from space 21824K,   0% used [0x90160000, 0x90161800, 0x916b0000)
  to   space 21824K,   0% used [0x916b0000, 0x916b0000, 0x92c00000)
 concurrent mark-sweep generation total 393216K, used 12754K [0x92c00000, 0xaac00000, 0xaac00000)
 concurrent-mark-sweep perm gen total 35404K, used 22529K [0xaac00000, 0xace93000, 0xb2c00000)
2015-02-20T16:02:48.521-0600: 2496.976: [GC2015-02-20T16:02:48.522-0600: 2496.977: [ParNew
Desired survivor size 20112996 bytes, new threshold 8 (max 8)
- age   1:        520 bytes,        520 total
- age   2:        528 bytes,       1048 total
- age   3:        432 bytes,       1480 total
- age   4:        424 bytes,       1904 total
- age   5:         16 bytes,       1920 total
- age   6:        376 bytes,       2296 total
- age   7:        360 bytes,       2656 total
- age   8:         16 bytes,       2672 total
: 87430K->8K(109248K), 0.0375070 secs] 100184K->12762K(502464K), 0.0381750 secs] [Times: user=0.04 sys=0.00, real=0.04 secs] 
Heap after GC invocations=640 (full 1):
 par new generation   total 109248K, used 8K [0x8ac00000, 0x92c00000, 0x92c00000)
  eden space 87424K,   0% used [0x8ac00000, 0x8ac00000, 0x90160000)
  from space 21824K,   0% used [0x916b0000, 0x916b2000, 0x92c00000)
  to   space 21824K,   0% used [0x90160000, 0x90160000, 0x916b0000)
 concurrent mark-sweep generation total 393216K, used 12754K [0x92c00000, 0xaac00000, 0xaac00000)
 concurrent-mark-sweep perm gen total 35404K, used 22529K [0xaac00000, 0xace93000, 0xb2c00000)
}
2015-02-20T16:02:48.560-0600: 2497.015: Total time for which application threads were stopped: 0.0454430 seconds
{Heap before GC invocations=640 (full 1):
 par new generation   total 109248K, used 87432K [0x8ac00000, 0x92c00000, 0x92c00000)
  eden space 87424K, 100% used [0x8ac00000, 0x90160000, 0x90160000)
  from space 21824K,   0% used [0x916b0000, 0x916b2000, 0x92c00000)
  to   space 21824K,   0% used [0x90160000, 0x90160000, 0x916b0000)
 concurrent mark-sweep generation total 393216K, used 12754K [0x92c00000, 0xaac00000, 0xaac00000)
 concurrent-mark-sweep perm gen total 35404K, used 22529K [0xaac00000, 0xace93000, 0xb2c00000)
2015-02-20T16:02:49.840-0600: 2498.295: [GC2015-02-20T16:02:49.841-0600: 2498.296: [ParNew
Desired survivor size 20112996 bytes, new threshold 8 (max 8)
- age   1:       1192 bytes,       1192 total
- age   2:         16 bytes,       1208 total
- age   3:        376 bytes,       1584 total
- age   4:        432 bytes,       2016 total
- age   5:        424 bytes,       2440 total
- age   6:         16 bytes,       2456 total
- age   7:        376 bytes,       2832 total
- age   8:        360 bytes,       3192 total
: 87432K->8K(109248K), 0.0419780 secs] 100186K->12762K(502464K), 0.0426130 secs] [Times: user=0.04 sys=0.00, real=0.04 secs] 
Heap after GC invocations=641 (full 1):
 par new generation   total 109248K, used 8K [0x8ac00000, 0x92c00000, 0x92c00000)
  eden space 87424K,   0% used [0x8ac00000, 0x8ac00000, 0x90160000)
  from space 21824K,   0% used [0x90160000, 0x90162000, 0x916b0000)
  to   space 21824K,   0% used [0x916b0000, 0x916b0000, 0x92c00000)
 concurrent mark-sweep generation total 393216K, used 12754K [0x92c00000, 0xaac00000, 0xaac00000)
 concurrent-mark-sweep perm gen total 35404K, used 22529K [0xaac00000, 0xace93000, 0xb2c00000)
}
2015-02-20T16:02:49.883-0600: 2498.338: Total time for which application threads were stopped: 0.0477750 seconds
{Heap before GC invocations=641 (full 1):
 par new generation   total 109248K, used 87432K [0x8ac00000, 0x92c00000, 0x92c00000)
  eden space 87424K, 100% used [0x8ac00000, 0x90160000, 0x90160000)
  from space 21824K,   0% used [0x90160000, 0x90162000, 0x916b0000)
  to   space 21824K,   0% used [0x916b0000, 0x916b0000, 0x92c00000)
 concurrent mark-sweep generation total 393216K, used 12754K [0x92c00000, 0xaac00000, 0xaac00000)
 concurrent-mark-sweep perm gen total 35404K, used 22529K [0xaac00000, 0xace93000, 0xb2c00000)
2015-02-20T16:02:51.107-0600: 2499.562: [GC2015-02-20T16:02:51.108-0600: 2499.563: [ParNew
Desired survivor size 20112996 bytes, new threshold 8 (max 8)
- age   1:       1016 bytes,       1016 total
- age   2:        360 bytes,       1376 total
- age   3:         16 bytes,       1392 total
- age   4:        376 bytes,       1768 total
- age   5:        432 bytes,       2200 total
- age   6:        424 bytes,       2624 total
- age   7:         16 bytes,       2640 total
- age   8:        376 bytes,       3016 total
: 87432K->8K(109248K), 0.0239630 secs] 100186K->12763K(502464K), 0.0244160 secs] [Times: user=0.02 sys=0.00, real=0.03 secs] 
Heap after GC invocations=642 (full 1):
 par new generation   total 109248K, used 8K [0x8ac00000, 0x92c00000, 0x92c00000)
  eden space 87424K,   0% used [0x8ac00000, 0x8ac00000, 0x90160000)
  from space 21824K,   0% used [0x916b0000, 0x916b2000, 0x92c00000)
  to   space 21824K,   0% used [0x90160000, 0x90160000, 0x916b0000)
 concurrent mark-sweep generation total 393216K, used 12755K [0x92c00000, 0xaac00000, 0xaac00000)
 concurrent-mark-sweep perm gen total 35404K, used 22529K [0xaac00000, 0xace93000, 0xb2c00000)
}
2015-02-20T16:02:51.132-0600: 2499.587: Total time for which application threads were stopped: 0.0344320 seconds
{Heap before GC invocations=642 (full 1):
 par new generation   total 109248K, used 87432K [0x8ac00000, 0x92c00000, 0x92c00000)
  eden space 87424K, 100% used [0x8ac00000, 0x90160000, 0x90160000)
  from space 21824K,   0% used [0x916b0000, 0x916b2000, 0x92c00000)
  to   space 21824K,   0% used [0x90160000, 0x90160000, 0x916b0000)
 concurrent mark-sweep generation total 393216K, used 12755K [0x92c00000, 0xaac00000, 0xaac00000)
 concurrent-mark-sweep perm gen total 35404K, used 22529K [0xaac00000, 0xace93000, 0xb2c00000)
2015-02-20T16:02:52.555-0600: 2501.010: [GC2015-02-20T16:02:52.555-0600: 2501.010: [ParNew
Desired survivor size 20112996 bytes, new threshold 8 (max 8)
- age   1:        296 bytes,        296 total
- age   2:        576 bytes,        872 total
- age   3:        360 bytes,       1232 total
- age   4:         16 bytes,       1248 total
- age   5:        376 bytes,       1624 total
- age   6:        432 bytes,       2056 total
- age   7:        424 bytes,       2480 total
- age   8:         16 bytes,       2496 total
: 87432K->6K(109248K), 0.0111010 secs] 100187K->12761K(502464K), 0.0113100 secs] [Times: user=0.02 sys=0.00, real=0.01 secs] 
Heap after GC invocations=643 (full 1):
 par new generation   total 109248K, used 6K [0x8ac00000, 0x92c00000, 0x92c00000)
  eden space 87424K,   0% used [0x8ac00000, 0x8ac00000, 0x90160000)
  from space 21824K,   0% used [0x90160000, 0x90161800, 0x916b0000)
  to   space 21824K,   0% used [0x916b0000, 0x916b0000, 0x92c00000)
 concurrent mark-sweep generation total 393216K, used 12755K [0x92c00000, 0xaac00000, 0xaac00000)
 concurrent-mark-sweep perm gen total 35404K, used 22529K [0xaac00000, 0xace93000, 0xb2c00000)
}
2015-02-20T16:02:52.566-0600: 2501.021: Total time for which application threads were stopped: 0.0140730 seconds
{Heap before GC invocations=643 (full 1):
 par new generation   total 109248K, used 87430K [0x8ac00000, 0x92c00000, 0x92c00000)
  eden space 87424K, 100% used [0x8ac00000, 0x90160000, 0x90160000)
  from space 21824K,   0% used [0x90160000, 0x90161800, 0x916b0000)
  to   space 21824K,   0% used [0x916b0000, 0x916b0000, 0x92c00000)
 concurrent mark-sweep generation total 393216K, used 12755K [0x92c00000, 0xaac00000, 0xaac00000)
 concurrent-mark-sweep perm gen total 35404K, used 22529K [0xaac00000, 0xace93000, 0xb2c00000)
2015-02-20T16:02:54.082-0600: 2502.537: [GC2015-02-20T16:02:54.082-0600: 2502.537: [ParNew
Desired survivor size 20112996 bytes, new threshold 8 (max 8)
- age   1:        976 bytes,        976 total
- age   2:         16 bytes,        992 total
- age   3:        424 bytes,       1416 total
- age   4:        360 bytes,       1776 total
- age   5:         16 bytes,       1792 total
- age   6:        376 bytes,       2168 total
- age   7:        432 bytes,       2600 total
- age   8:        424 bytes,       3024 total
: 87430K->10K(109248K), 0.0061170 secs] 100185K->12765K(502464K), 0.0062990 secs] [Times: user=0.00 sys=0.00, real=0.01 secs] 
Heap after GC invocations=644 (full 1):
 par new generation   total 109248K, used 10K [0x8ac00000, 0x92c00000, 0x92c00000)
  eden space 87424K,   0% used [0x8ac00000, 0x8ac00000, 0x90160000)
  from space 21824K,   0% used [0x916b0000, 0x916b2800, 0x92c00000)
  to   space 21824K,   0% used [0x90160000, 0x90160000, 0x916b0000)
 concurrent mark-sweep generation total 393216K, used 12755K [0x92c00000, 0xaac00000, 0xaac00000)
 concurrent-mark-sweep perm gen total 35404K, used 22529K [0xaac00000, 0xace93000, 0xb2c00000)
}
2015-02-20T16:02:54.088-0600: 2502.543: Total time for which application threads were stopped: 0.0091530 seconds
{Heap before GC invocations=644 (full 1):
 par new generation   total 109248K, used 87434K [0x8ac00000, 0x92c00000, 0x92c00000)
  eden space 87424K, 100% used [0x8ac00000, 0x90160000, 0x90160000)
  from space 21824K,   0% used [0x916b0000, 0x916b2800, 0x92c00000)
  to   space 21824K,   0% used [0x90160000, 0x90160000, 0x916b0000)
 concurrent mark-sweep generation total 393216K, used 12755K [0x92c00000, 0xaac00000, 0xaac00000)
 concurrent-mark-sweep perm gen total 35404K, used 22529K [0xaac00000, 0xace93000, 0xb2c00000)
2015-02-20T16:02:55.470-0600: 2503.925: [GC2015-02-20T16:02:55.470-0600: 2503.925: [ParNew
Desired survivor size 20112996 bytes, new threshold 8 (max 8)
- age   1:       1280 bytes,       1280 total
- age   2:        376 bytes,       1656 total
- age   3:         16 bytes,       1672 total
- age   4:        424 bytes,       2096 total
- age   5:        360 bytes,       2456 total
- age   6:         16 bytes,       2472 total
- age   7:        376 bytes,       2848 total
- age   8:        432 bytes,       3280 total
: 87434K->8K(109248K), 0.0228280 secs] 100189K->12763K(502464K), 0.0231500 secs] [Times: user=0.03 sys=0.00, real=0.02 secs] 
Heap after GC invocations=645 (full 1):
 par new generation   total 109248K, used 8K [0x8ac00000, 0x92c00000, 0x92c00000)
  eden space 87424K,   0% used [0x8ac00000, 0x8ac00000, 0x90160000)
  from space 21824K,   0% used [0x90160000, 0x90162000, 0x916b0000)
  to   space 21824K,   0% used [0x916b0000, 0x916b0000, 0x92c00000)
 concurrent mark-sweep generation total 393216K, used 12755K [0x92c00000, 0xaac00000, 0xaac00000)
 concurrent-mark-sweep perm gen total 35404K, used 22529K [0xaac00000, 0xace93000, 0xb2c00000)
}
2015-02-20T16:02:55.494-0600: 2503.949: Total time for which application threads were stopped: 0.0265590 seconds
{Heap before GC invocations=645 (full 1):
 par new generation   total 109248K, used 87432K [0x8ac00000, 0x92c00000, 0x92c00000)
  eden space 87424K, 100% used [0x8ac00000, 0x90160000, 0x90160000)
  from space 21824K,   0% used [0x90160000, 0x90162000, 0x916b0000)
  to   space 21824K,   0% used [0x916b0000, 0x916b0000, 0x92c00000)
 concurrent mark-sweep generation total 393216K, used 12755K [0x92c00000, 0xaac00000, 0xaac00000)
 concurrent-mark-sweep perm gen total 35404K, used 22529K [0xaac00000, 0xace93000, 0xb2c00000)
2015-02-20T16:02:56.827-0600: 2505.282: [GC2015-02-20T16:02:56.831-0600: 2505.286: [ParNew
Desired survivor size 20112996 bytes, new threshold 8 (max 8)
- age   1:        344 bytes,        344 total
- age   2:        656 bytes,       1000 total
- age   3:        376 bytes,       1376 total
- age   4:         16 bytes,       1392 total
- age   5:        424 bytes,       1816 total
- age   6:        360 bytes,       2176 total
- age   7:         16 bytes,       2192 total
- age   8:        376 bytes,       2568 total
: 87432K->8K(109248K), 0.0283970 secs] 100187K->12764K(502464K), 0.0325560 secs] [Times: user=0.03 sys=0.00, real=0.04 secs] 
Heap after GC invocations=646 (full 1):
 par new generation   total 109248K, used 8K [0x8ac00000, 0x92c00000, 0x92c00000)
  eden space 87424K,   0% used [0x8ac00000, 0x8ac00000, 0x90160000)
  from space 21824K,   0% used [0x916b0000, 0x916b2000, 0x92c00000)
  to   space 21824K,   0% used [0x90160000, 0x90160000, 0x916b0000)
 concurrent mark-sweep generation total 393216K, used 12756K [0x92c00000, 0xaac00000, 0xaac00000)
 concurrent-mark-sweep perm gen total 35404K, used 22529K [0xaac00000, 0xace93000, 0xb2c00000)
}
2015-02-20T16:02:56.860-0600: 2505.315: Total time for which application threads were stopped: 0.0361140 seconds
{Heap before GC invocations=646 (full 1):
 par new generation   total 109248K, used 87432K [0x8ac00000, 0x92c00000, 0x92c00000)
  eden space 87424K, 100% used [0x8ac00000, 0x90160000, 0x90160000)
  from space 21824K,   0% used [0x916b0000, 0x916b2000, 0x92c00000)
  to   space 21824K,   0% used [0x90160000, 0x90160000, 0x916b0000)
 concurrent mark-sweep generation total 393216K, used 12756K [0x92c00000, 0xaac00000, 0xaac00000)
 concurrent-mark-sweep perm gen total 35404K, used 22529K [0xaac00000, 0xace93000, 0xb2c00000)
2015-02-20T16:02:58.312-0600: 2506.767: [GC2015-02-20T16:02:58.312-0600: 2506.767: [ParNew
Desired survivor size 20112996 bytes, new threshold 8 (max 8)
- age   1:        912 bytes,        912 total
- age   2:         16 bytes,        928 total
- age   3:        504 bytes,       1432 total
- age   4:        376 bytes,       1808 total
- age   5:         16 bytes,       1824 total
- age   6:        424 bytes,       2248 total
- age   7:        360 bytes,       2608 total
- age   8:         16 bytes,       2624 total
: 87432K->6K(109248K), 0.0383750 secs] 100188K->12762K(502464K), 0.0387160 secs] [Times: user=0.04 sys=0.00, real=0.04 secs] 
Heap after GC invocations=647 (full 1):
 par new generation   total 109248K, used 6K [0x8ac00000, 0x92c00000, 0x92c00000)
  eden space 87424K,   0% used [0x8ac00000, 0x8ac00000, 0x90160000)
  from space 21824K,   0% used [0x90160000, 0x90161800, 0x916b0000)
  to   space 21824K,   0% used [0x916b0000, 0x916b0000, 0x92c00000)
 concurrent mark-sweep generation total 393216K, used 12756K [0x92c00000, 0xaac00000, 0xaac00000)
 concurrent-mark-sweep perm gen total 35404K, used 22529K [0xaac00000, 0xace93000, 0xb2c00000)
}
2015-02-20T16:02:58.351-0600: 2506.806: Total time for which application threads were stopped: 0.0416210 seconds
{Heap before GC invocations=647 (full 1):
 par new generation   total 109248K, used 87430K [0x8ac00000, 0x92c00000, 0x92c00000)
  eden space 87424K, 100% used [0x8ac00000, 0x90160000, 0x90160000)
  from space 21824K,   0% used [0x90160000, 0x90161800, 0x916b0000)
  to   space 21824K,   0% used [0x916b0000, 0x916b0000, 0x92c00000)
 concurrent mark-sweep generation total 393216K, used 12756K [0x92c00000, 0xaac00000, 0xaac00000)
 concurrent-mark-sweep perm gen total 35404K, used 22529K [0xaac00000, 0xace93000, 0xb2c00000)
2015-02-20T16:02:59.863-0600: 2508.318: [GC2015-02-20T16:02:59.863-0600: 2508.318: [ParNew
Desired survivor size 20112996 bytes, new threshold 8 (max 8)
- age   1:       1136 bytes,       1136 total
- age   2:        480 bytes,       1616 total
- age   3:         16 bytes,       1632 total
- age   4:        504 bytes,       2136 total
- age   5:        376 bytes,       2512 total
- age   6:         16 bytes,       2528 total
- age   7:        424 bytes,       2952 total
- age   8:        360 bytes,       3312 total
: 87430K->10K(109248K), 0.0081190 secs] 100186K->12766K(502464K), 0.0083280 secs] [Times: user=0.02 sys=0.00, real=0.01 secs] 
Heap after GC invocations=648 (full 1):
 par new generation   total 109248K, used 10K [0x8ac00000, 0x92c00000, 0x92c00000)
  eden space 87424K,   0% used [0x8ac00000, 0x8ac00000, 0x90160000)
  from space 21824K,   0% used [0x916b0000, 0x916b2800, 0x92c00000)
  to   space 21824K,   0% used [0x90160000, 0x90160000, 0x916b0000)
 concurrent mark-sweep generation total 393216K, used 12756K [0x92c00000, 0xaac00000, 0xaac00000)
 concurrent-mark-sweep perm gen total 35404K, used 22529K [0xaac00000, 0xace93000, 0xb2c00000)
}
2015-02-20T16:02:59.871-0600: 2508.326: Total time for which application threads were stopped: 0.0110830 seconds
{Heap before GC invocations=648 (full 1):
 par new generation   total 109248K, used 87434K [0x8ac00000, 0x92c00000, 0x92c00000)
  eden space 87424K, 100% used [0x8ac00000, 0x90160000, 0x90160000)
  from space 21824K,   0% used [0x916b0000, 0x916b2800, 0x92c00000)
  to   space 21824K,   0% used [0x90160000, 0x90160000, 0x916b0000)
 concurrent mark-sweep generation total 393216K, used 12756K [0x92c00000, 0xaac00000, 0xaac00000)
 concurrent-mark-sweep perm gen total 35404K, used 22529K [0xaac00000, 0xace93000, 0xb2c00000)
2015-02-20T16:03:01.398-0600: 2509.853: [GC2015-02-20T16:03:01.398-0600: 2509.853: [ParNew
Desired survivor size 20112996 bytes, new threshold 8 (max 8)
- age   1:       1176 bytes,       1176 total
- age   2:        360 bytes,       1536 total
- age   3:        480 bytes,       2016 total
- age   4:         16 bytes,       2032 total
- age   5:        504 bytes,       2536 total
- age   6:        376 bytes,       2912 total
- age   7:         16 bytes,       2928 total
- age   8:        424 bytes,       3352 total
: 87434K->8K(109248K), 0.0075370 secs] 100190K->12765K(502464K), 0.0077670 secs] [Times: user=0.01 sys=0.00, real=0.00 secs] 
Heap after GC invocations=649 (full 1):
 par new generation   total 109248K, used 8K [0x8ac00000, 0x92c00000, 0x92c00000)
  eden space 87424K,   0% used [0x8ac00000, 0x8ac00000, 0x90160000)
  from space 21824K,   0% used [0x90160000, 0x90162000, 0x916b0000)
  to   space 21824K,   0% used [0x916b0000, 0x916b0000, 0x92c00000)
 concurrent mark-sweep generation total 393216K, used 12757K [0x92c00000, 0xaac00000, 0xaac00000)
 concurrent-mark-sweep perm gen total 35404K, used 22529K [0xaac00000, 0xace93000, 0xb2c00000)
}
2015-02-20T16:03:01.406-0600: 2509.861: Total time for which application threads were stopped: 0.0105330 seconds
{Heap before GC invocations=649 (full 1):
 par new generation   total 109248K, used 87432K [0x8ac00000, 0x92c00000, 0x92c00000)
  eden space 87424K, 100% used [0x8ac00000, 0x90160000, 0x90160000)
  from space 21824K,   0% used [0x90160000, 0x90162000, 0x916b0000)
  to   space 21824K,   0% used [0x916b0000, 0x916b0000, 0x92c00000)
 concurrent mark-sweep generation total 393216K, used 12757K [0x92c00000, 0xaac00000, 0xaac00000)
 concurrent-mark-sweep perm gen total 35404K, used 22529K [0xaac00000, 0xace93000, 0xb2c00000)
2015-02-20T16:03:02.874-0600: 2511.329: [GC2015-02-20T16:03:02.874-0600: 2511.329: [ParNew
Desired survivor size 20112996 bytes, new threshold 8 (max 8)
- age   1:        536 bytes,        536 total
- age   2:        528 bytes,       1064 total
- age   3:        360 bytes,       1424 total
- age   4:        480 bytes,       1904 total
- age   5:         16 bytes,       1920 total
- age   6:        504 bytes,       2424 total
- age   7:        376 bytes,       2800 total
- age   8:         16 bytes,       2816 total
: 87432K->8K(109248K), 0.0274400 secs] 100189K->12765K(502464K), 0.0282130 secs] [Times: user=0.03 sys=0.00, real=0.03 secs] 
Heap after GC invocations=650 (full 1):
 par new generation   total 109248K, used 8K [0x8ac00000, 0x92c00000, 0x92c00000)
  eden space 87424K,   0% used [0x8ac00000, 0x8ac00000, 0x90160000)
  from space 21824K,   0% used [0x916b0000, 0x916b2000, 0x92c00000)
  to   space 21824K,   0% used [0x90160000, 0x90160000, 0x916b0000)
 concurrent mark-sweep generation total 393216K, used 12757K [0x92c00000, 0xaac00000, 0xaac00000)
 concurrent-mark-sweep perm gen total 35404K, used 22529K [0xaac00000, 0xace93000, 0xb2c00000)
}
2015-02-20T16:03:02.902-0600: 2511.357: Total time for which application threads were stopped: 0.0384330 seconds
{Heap before GC invocations=650 (full 1):
 par new generation   total 109248K, used 87432K [0x8ac00000, 0x92c00000, 0x92c00000)
  eden space 87424K, 100% used [0x8ac00000, 0x90160000, 0x90160000)
  from space 21824K,   0% used [0x916b0000, 0x916b2000, 0x92c00000)
  to   space 21824K,   0% used [0x90160000, 0x90160000, 0x916b0000)
 concurrent mark-sweep generation total 393216K, used 12757K [0x92c00000, 0xaac00000, 0xaac00000)
 concurrent-mark-sweep perm gen total 35404K, used 22529K [0xaac00000, 0xace93000, 0xb2c00000)
2015-02-20T16:03:04.201-0600: 2512.656: [GC2015-02-20T16:03:04.201-0600: 2512.656: [ParNew
Desired survivor size 20112996 bytes, new threshold 8 (max 8)
- age   1:       1016 bytes,       1016 total
- age   2:         16 bytes,       1032 total
- age   3:        376 bytes,       1408 total
- age   4:        360 bytes,       1768 total
- age   5:        480 bytes,       2248 total
- age   6:         16 bytes,       2264 total
- age   7:        504 bytes,       2768 total
- age   8:        376 bytes,       3144 total
: 87432K->10K(109248K), 0.0260760 secs] 100189K->12767K(502464K), 0.0262830 secs] [Times: user=0.03 sys=0.00, real=0.03 secs] 
Heap after GC invocations=651 (full 1):
 par new generation   total 109248K, used 10K [0x8ac00000, 0x92c00000, 0x92c00000)
  eden space 87424K,   0% used [0x8ac00000, 0x8ac00000, 0x90160000)
  from space 21824K,   0% used [0x90160000, 0x90162800, 0x916b0000)
  to   space 21824K,   0% used [0x916b0000, 0x916b0000, 0x92c00000)
 concurrent mark-sweep generation total 393216K, used 12757K [0x92c00000, 0xaac00000, 0xaac00000)
 concurrent-mark-sweep perm gen total 35404K, used 22529K [0xaac00000, 0xace93000, 0xb2c00000)
}
2015-02-20T16:03:04.228-0600: 2512.683: Total time for which application threads were stopped: 0.0351480 seconds
{Heap before GC invocations=651 (full 1):
 par new generation   total 109248K, used 87434K [0x8ac00000, 0x92c00000, 0x92c00000)
  eden space 87424K, 100% used [0x8ac00000, 0x90160000, 0x90160000)
  from space 21824K,   0% used [0x90160000, 0x90162800, 0x916b0000)
  to   space 21824K,   0% used [0x916b0000, 0x916b0000, 0x92c00000)
 concurrent mark-sweep generation total 393216K, used 12757K [0x92c00000, 0xaac00000, 0xaac00000)
 concurrent-mark-sweep perm gen total 35404K, used 22529K [0xaac00000, 0xace93000, 0xb2c00000)
2015-02-20T16:03:05.606-0600: 2514.061: [GC2015-02-20T16:03:05.606-0600: 2514.061: [ParNew
Desired survivor size 20112996 bytes, new threshold 8 (max 8)
- age   1:       1160 bytes,       1160 total
- age   2:        424 bytes,       1584 total
- age   3:         16 bytes,       1600 total
- age   4:        376 bytes,       1976 total
- age   5:        360 bytes,       2336 total
- age   6:        480 bytes,       2816 total
- age   7:         16 bytes,       2832 total
- age   8:        504 bytes,       3336 total
: 87434K->6K(109248K), 0.0084720 secs] 100191K->12763K(502464K), 0.0087180 secs] [Times: user=0.02 sys=0.00, real=0.01 secs] 
Heap after GC invocations=652 (full 1):
 par new generation   total 109248K, used 6K [0x8ac00000, 0x92c00000, 0x92c00000)
  eden space 87424K,   0% used [0x8ac00000, 0x8ac00000, 0x90160000)
  from space 21824K,   0% used [0x916b0000, 0x916b1800, 0x92c00000)
  to   space 21824K,   0% used [0x90160000, 0x90160000, 0x916b0000)
 concurrent mark-sweep generation total 393216K, used 12757K [0x92c00000, 0xaac00000, 0xaac00000)
 concurrent-mark-sweep perm gen total 35404K, used 22529K [0xaac00000, 0xace93000, 0xb2c00000)
}
2015-02-20T16:03:05.615-0600: 2514.070: Total time for which application threads were stopped: 0.0115400 seconds
{Heap before GC invocations=652 (full 1):
 par new generation   total 109248K, used 87430K [0x8ac00000, 0x92c00000, 0x92c00000)
  eden space 87424K, 100% used [0x8ac00000, 0x90160000, 0x90160000)
  from space 21824K,   0% used [0x916b0000, 0x916b1800, 0x92c00000)
  to   space 21824K,   0% used [0x90160000, 0x90160000, 0x916b0000)
 concurrent mark-sweep generation total 393216K, used 12757K [0x92c00000, 0xaac00000, 0xaac00000)
 concurrent-mark-sweep perm gen total 35404K, used 22529K [0xaac00000, 0xace93000, 0xb2c00000)
2015-02-20T16:03:07.304-0600: 2515.759: [GC2015-02-20T16:03:07.304-0600: 2515.759: [ParNew
Desired survivor size 20112996 bytes, new threshold 8 (max 8)
- age   1:       1360 bytes,       1360 total
- age   2:        384 bytes,       1744 total
- age   3:        424 bytes,       2168 total
- age   4:         16 bytes,       2184 total
- age   5:        376 bytes,       2560 total
- age   6:        360 bytes,       2920 total
- age   7:        480 bytes,       3400 total
- age   8:         16 bytes,       3416 total
: 87430K->6K(109248K), 0.0076850 secs] 100187K->12764K(502464K), 0.0078610 secs] [Times: user=0.01 sys=0.00, real=0.01 secs] 
Heap after GC invocations=653 (full 1):
 par new generation   total 109248K, used 6K [0x8ac00000, 0x92c00000, 0x92c00000)
  eden space 87424K,   0% used [0x8ac00000, 0x8ac00000, 0x90160000)
  from space 21824K,   0% used [0x90160000, 0x90161800, 0x916b0000)
  to   space 21824K,   0% used [0x916b0000, 0x916b0000, 0x92c00000)
 concurrent mark-sweep generation total 393216K, used 12758K [0x92c00000, 0xaac00000, 0xaac00000)
 concurrent-mark-sweep perm gen total 35404K, used 22529K [0xaac00000, 0xace93000, 0xb2c00000)
}
2015-02-20T16:03:07.312-0600: 2515.767: Total time for which application threads were stopped: 0.0106790 seconds
{Heap before GC invocations=653 (full 1):
 par new generation   total 109248K, used 87430K [0x8ac00000, 0x92c00000, 0x92c00000)
  eden space 87424K, 100% used [0x8ac00000, 0x90160000, 0x90160000)
  from space 21824K,   0% used [0x90160000, 0x90161800, 0x916b0000)
  to   space 21824K,   0% used [0x916b0000, 0x916b0000, 0x92c00000)
 concurrent mark-sweep generation total 393216K, used 12758K [0x92c00000, 0xaac00000, 0xaac00000)
 concurrent-mark-sweep perm gen total 35404K, used 22529K [0xaac00000, 0xace93000, 0xb2c00000)
2015-02-20T16:03:09.233-0600: 2517.689: [GC2015-02-20T16:03:09.234-0600: 2517.689: [ParNew
Desired survivor size 20112996 bytes, new threshold 8 (max 8)
- age   1:       1200 bytes,       1200 total
- age   2:        424 bytes,       1624 total
- age   3:        384 bytes,       2008 total
- age   4:        424 bytes,       2432 total
- age   5:         16 bytes,       2448 total
- age   6:        376 bytes,       2824 total
- age   7:        360 bytes,       3184 total
- age   8:        480 bytes,       3664 total
: 87430K->10K(109248K), 0.0061990 secs] 100188K->12768K(502464K), 0.0064300 secs] [Times: user=0.02 sys=0.00, real=0.01 secs] 
Heap after GC invocations=654 (full 1):
 par new generation   total 109248K, used 10K [0x8ac00000, 0x92c00000, 0x92c00000)
  eden space 87424K,   0% used [0x8ac00000, 0x8ac00000, 0x90160000)
  from space 21824K,   0% used [0x916b0000, 0x916b2800, 0x92c00000)
  to   space 21824K,   0% used [0x90160000, 0x90160000, 0x916b0000)
 concurrent mark-sweep generation total 393216K, used 12758K [0x92c00000, 0xaac00000, 0xaac00000)
 concurrent-mark-sweep perm gen total 35404K, used 22529K [0xaac00000, 0xace93000, 0xb2c00000)
}
2015-02-20T16:03:09.240-0600: 2517.695: Total time for which application threads were stopped: 0.0091610 seconds
{Heap before GC invocations=654 (full 1):
 par new generation   total 109248K, used 87434K [0x8ac00000, 0x92c00000, 0x92c00000)
  eden space 87424K, 100% used [0x8ac00000, 0x90160000, 0x90160000)
  from space 21824K,   0% used [0x916b0000, 0x916b2800, 0x92c00000)
  to   space 21824K,   0% used [0x90160000, 0x90160000, 0x916b0000)
 concurrent mark-sweep generation total 393216K, used 12758K [0x92c00000, 0xaac00000, 0xaac00000)
 concurrent-mark-sweep perm gen total 35404K, used 22529K [0xaac00000, 0xace93000, 0xb2c00000)
2015-02-20T16:03:11.164-0600: 2519.619: [GC2015-02-20T16:03:11.164-0600: 2519.619: [ParNew
Desired survivor size 20112996 bytes, new threshold 8 (max 8)
- age   1:        944 bytes,        944 total
- age   2:        424 bytes,       1368 total
- age   3:        424 bytes,       1792 total
- age   4:        384 bytes,       2176 total
- age   5:        424 bytes,       2600 total
- age   6:         16 bytes,       2616 total
- age   7:        376 bytes,       2992 total
- age   8:        360 bytes,       3352 total
: 87434K->6K(109248K), 0.0131920 secs] 100192K->12764K(502464K), 0.0133690 secs] [Times: user=0.02 sys=0.00, real=0.01 secs] 
Heap after GC invocations=655 (full 1):
 par new generation   total 109248K, used 6K [0x8ac00000, 0x92c00000, 0x92c00000)
  eden space 87424K,   0% used [0x8ac00000, 0x8ac00000, 0x90160000)
  from space 21824K,   0% used [0x90160000, 0x90161800, 0x916b0000)
  to   space 21824K,   0% used [0x916b0000, 0x916b0000, 0x92c00000)
 concurrent mark-sweep generation total 393216K, used 12758K [0x92c00000, 0xaac00000, 0xaac00000)
 concurrent-mark-sweep perm gen total 35404K, used 22529K [0xaac00000, 0xace93000, 0xb2c00000)
}
2015-02-20T16:03:11.177-0600: 2519.632: Total time for which application threads were stopped: 0.0160960 seconds
{Heap before GC invocations=655 (full 1):
 par new generation   total 109248K, used 87430K [0x8ac00000, 0x92c00000, 0x92c00000)
  eden space 87424K, 100% used [0x8ac00000, 0x90160000, 0x90160000)
  from space 21824K,   0% used [0x90160000, 0x90161800, 0x916b0000)
  to   space 21824K,   0% used [0x916b0000, 0x916b0000, 0x92c00000)
 concurrent mark-sweep generation total 393216K, used 12758K [0x92c00000, 0xaac00000, 0xaac00000)
 concurrent-mark-sweep perm gen total 35404K, used 22529K [0xaac00000, 0xace93000, 0xb2c00000)
2015-02-20T16:03:12.657-0600: 2521.112: [GC2015-02-20T16:03:12.657-0600: 2521.112: [ParNew
Desired survivor size 20112996 bytes, new threshold 8 (max 8)
- age   1:        456 bytes,        456 total
- age   2:        528 bytes,        984 total
- age   3:        424 bytes,       1408 total
- age   4:        424 bytes,       1832 total
- age   5:        384 bytes,       2216 total
- age   6:        424 bytes,       2640 total
- age   7:         16 bytes,       2656 total
- age   8:        376 bytes,       3032 total
: 87430K->8K(109248K), 0.0259110 secs] 100188K->12767K(502464K), 0.0265460 secs] [Times: user=0.03 sys=0.00, real=0.03 secs] 
Heap after GC invocations=656 (full 1):
 par new generation   total 109248K, used 8K [0x8ac00000, 0x92c00000, 0x92c00000)
  eden space 87424K,   0% used [0x8ac00000, 0x8ac00000, 0x90160000)
  from space 21824K,   0% used [0x916b0000, 0x916b2000, 0x92c00000)
  to   space 21824K,   0% used [0x90160000, 0x90160000, 0x916b0000)
 concurrent mark-sweep generation total 393216K, used 12759K [0x92c00000, 0xaac00000, 0xaac00000)
 concurrent-mark-sweep perm gen total 35404K, used 22529K [0xaac00000, 0xace93000, 0xb2c00000)
}
2015-02-20T16:03:12.684-0600: 2521.139: Total time for which application threads were stopped: 0.0374270 seconds
{Heap before GC invocations=656 (full 1):
 par new generation   total 109248K, used 87432K [0x8ac00000, 0x92c00000, 0x92c00000)
  eden space 87424K, 100% used [0x8ac00000, 0x90160000, 0x90160000)
  from space 21824K,   0% used [0x916b0000, 0x916b2000, 0x92c00000)
  to   space 21824K,   0% used [0x90160000, 0x90160000, 0x916b0000)
 concurrent mark-sweep generation total 393216K, used 12759K [0x92c00000, 0xaac00000, 0xaac00000)
 concurrent-mark-sweep perm gen total 35404K, used 22529K [0xaac00000, 0xace93000, 0xb2c00000)
2015-02-20T16:03:14.397-0600: 2522.852: [GC2015-02-20T16:03:14.397-0600: 2522.852: [ParNew
Desired survivor size 20112996 bytes, new threshold 8 (max 8)
- age   1:       1072 bytes,       1072 total
- age   2:         16 bytes,       1088 total
- age   3:        376 bytes,       1464 total
- age   4:        424 bytes,       1888 total
- age   5:        424 bytes,       2312 total
- age   6:        384 bytes,       2696 total
- age   7:        424 bytes,       3120 total
- age   8:         16 bytes,       3136 total
: 87432K->6K(109248K), 0.0171300 secs] 100191K->12765K(502464K), 0.0173360 secs] [Times: user=0.04 sys=0.00, real=0.02 secs] 
Heap after GC invocations=657 (full 1):
 par new generation   total 109248K, used 6K [0x8ac00000, 0x92c00000, 0x92c00000)
  eden space 87424K,   0% used [0x8ac00000, 0x8ac00000, 0x90160000)
  from space 21824K,   0% used [0x90160000, 0x90161800, 0x916b0000)
  to   space 21824K,   0% used [0x916b0000, 0x916b0000, 0x92c00000)
 concurrent mark-sweep generation total 393216K, used 12759K [0x92c00000, 0xaac00000, 0xaac00000)
 concurrent-mark-sweep perm gen total 35404K, used 22529K [0xaac00000, 0xace93000, 0xb2c00000)
}
2015-02-20T16:03:14.414-0600: 2522.869: Total time for which application threads were stopped: 0.0201440 seconds
{Heap before GC invocations=657 (full 1):
 par new generation   total 109248K, used 87430K [0x8ac00000, 0x92c00000, 0x92c00000)
  eden space 87424K, 100% used [0x8ac00000, 0x90160000, 0x90160000)
  from space 21824K,   0% used [0x90160000, 0x90161800, 0x916b0000)
  to   space 21824K,   0% used [0x916b0000, 0x916b0000, 0x92c00000)
 concurrent mark-sweep generation total 393216K, used 12759K [0x92c00000, 0xaac00000, 0xaac00000)
 concurrent-mark-sweep perm gen total 35404K, used 22529K [0xaac00000, 0xace93000, 0xb2c00000)
2015-02-20T16:03:16.127-0600: 2524.582: [GC2015-02-20T16:03:16.127-0600: 2524.582: [ParNew
Desired survivor size 20112996 bytes, new threshold 8 (max 8)
- age   1:       1120 bytes,       1120 total
- age   2:        472 bytes,       1592 total
- age   3:         16 bytes,       1608 total
- age   4:        376 bytes,       1984 total
- age   5:        424 bytes,       2408 total
- age   6:        424 bytes,       2832 total
- age   7:        384 bytes,       3216 total
- age   8:        424 bytes,       3640 total
: 87430K->6K(109248K), 0.0081690 secs] 100189K->12765K(502464K), 0.0084190 secs] [Times: user=0.02 sys=0.00, real=0.01 secs] 
Heap after GC invocations=658 (full 1):
 par new generation   total 109248K, used 6K [0x8ac00000, 0x92c00000, 0x92c00000)
  eden space 87424K,   0% used [0x8ac00000, 0x8ac00000, 0x90160000)
  from space 21824K,   0% used [0x916b0000, 0x916b1800, 0x92c00000)
  to   space 21824K,   0% used [0x90160000, 0x90160000, 0x916b0000)
 concurrent mark-sweep generation total 393216K, used 12759K [0x92c00000, 0xaac00000, 0xaac00000)
 concurrent-mark-sweep perm gen total 35404K, used 22529K [0xaac00000, 0xace93000, 0xb2c00000)
}
2015-02-20T16:03:16.136-0600: 2524.591: Total time for which application threads were stopped: 0.0111260 seconds
{Heap before GC invocations=658 (full 1):
 par new generation   total 109248K, used 87430K [0x8ac00000, 0x92c00000, 0x92c00000)
  eden space 87424K, 100% used [0x8ac00000, 0x90160000, 0x90160000)
  from space 21824K,   0% used [0x916b0000, 0x916b1800, 0x92c00000)
  to   space 21824K,   0% used [0x90160000, 0x90160000, 0x916b0000)
 concurrent mark-sweep generation total 393216K, used 12759K [0x92c00000, 0xaac00000, 0xaac00000)
 concurrent-mark-sweep perm gen total 35404K, used 22529K [0xaac00000, 0xace93000, 0xb2c00000)
2015-02-20T16:03:17.703-0600: 2526.158: [GC2015-02-20T16:03:17.703-0600: 2526.158: [ParNew
Desired survivor size 20112996 bytes, new threshold 8 (max 8)
- age   1:       1136 bytes,       1136 total
- age   2:        424 bytes,       1560 total
- age   3:        472 bytes,       2032 total
- age   4:         16 bytes,       2048 total
- age   5:        376 bytes,       2424 total
- age   6:        424 bytes,       2848 total
- age   7:        424 bytes,       3272 total
- age   8:        384 bytes,       3656 total
: 87430K->8K(109248K), 0.0241570 secs] 100189K->12767K(502464K), 0.0244090 secs] [Times: user=0.03 sys=0.01, real=0.02 secs] 
Heap after GC invocations=659 (full 1):
 par new generation   total 109248K, used 8K [0x8ac00000, 0x92c00000, 0x92c00000)
  eden space 87424K,   0% used [0x8ac00000, 0x8ac00000, 0x90160000)
  from space 21824K,   0% used [0x90160000, 0x90162000, 0x916b0000)
  to   space 21824K,   0% used [0x916b0000, 0x916b0000, 0x92c00000)
 concurrent mark-sweep generation total 393216K, used 12759K [0x92c00000, 0xaac00000, 0xaac00000)
 concurrent-mark-sweep perm gen total 35404K, used 22529K [0xaac00000, 0xace93000, 0xb2c00000)
}
2015-02-20T16:03:17.727-0600: 2526.182: Total time for which application threads were stopped: 0.0275600 seconds
{Heap before GC invocations=659 (full 1):
 par new generation   total 109248K, used 87432K [0x8ac00000, 0x92c00000, 0x92c00000)
  eden space 87424K, 100% used [0x8ac00000, 0x90160000, 0x90160000)
  from space 21824K,   0% used [0x90160000, 0x90162000, 0x916b0000)
  to   space 21824K,   0% used [0x916b0000, 0x916b0000, 0x92c00000)
 concurrent mark-sweep generation total 393216K, used 12759K [0x92c00000, 0xaac00000, 0xaac00000)
 concurrent-mark-sweep perm gen total 35404K, used 22529K [0xaac00000, 0xace93000, 0xb2c00000)
2015-02-20T16:03:19.443-0600: 2527.898: [GC2015-02-20T16:03:19.443-0600: 2527.898: [ParNew
Desired survivor size 20112996 bytes, new threshold 8 (max 8)
- age   1:       1304 bytes,       1304 total
- age   2:        360 bytes,       1664 total
- age   3:        424 bytes,       2088 total
- age   4:        472 bytes,       2560 total
- age   5:         16 bytes,       2576 total
- age   6:        376 bytes,       2952 total
- age   7:        424 bytes,       3376 total
- age   8:        424 bytes,       3800 total
: 87432K->10K(109248K), 0.0065560 secs] 100191K->12770K(502464K), 0.0067630 secs] [Times: user=0.01 sys=0.00, real=0.01 secs] 
Heap after GC invocations=660 (full 1):
 par new generation   total 109248K, used 10K [0x8ac00000, 0x92c00000, 0x92c00000)
  eden space 87424K,   0% used [0x8ac00000, 0x8ac00000, 0x90160000)
  from space 21824K,   0% used [0x916b0000, 0x916b2800, 0x92c00000)
  to   space 21824K,   0% used [0x90160000, 0x90160000, 0x916b0000)
 concurrent mark-sweep generation total 393216K, used 12760K [0x92c00000, 0xaac00000, 0xaac00000)
 concurrent-mark-sweep perm gen total 35404K, used 22529K [0xaac00000, 0xace93000, 0xb2c00000)
}
2015-02-20T16:03:19.450-0600: 2527.905: Total time for which application threads were stopped: 0.0095470 seconds
{Heap before GC invocations=660 (full 1):
 par new generation   total 109248K, used 87434K [0x8ac00000, 0x92c00000, 0x92c00000)
  eden space 87424K, 100% used [0x8ac00000, 0x90160000, 0x90160000)
  from space 21824K,   0% used [0x916b0000, 0x916b2800, 0x92c00000)
  to   space 21824K,   0% used [0x90160000, 0x90160000, 0x916b0000)
 concurrent mark-sweep generation total 393216K, used 12760K [0x92c00000, 0xaac00000, 0xaac00000)
 concurrent-mark-sweep perm gen total 35404K, used 22529K [0xaac00000, 0xace93000, 0xb2c00000)
2015-02-20T16:03:21.050-0600: 2529.505: [GC2015-02-20T16:03:21.050-0600: 2529.505: [ParNew
Desired survivor size 20112996 bytes, new threshold 8 (max 8)
- age   1:        976 bytes,        976 total
- age   2:        376 bytes,       1352 total
- age   3:        360 bytes,       1712 total
- age   4:        424 bytes,       2136 total
- age   5:        472 bytes,       2608 total
- age   6:         16 bytes,       2624 total
- age   7:        376 bytes,       3000 total
- age   8:        424 bytes,       3424 total
: 87434K->6K(109248K), 0.0184950 secs] 100194K->12766K(502464K), 0.0187130 secs] [Times: user=0.03 sys=0.00, real=0.02 secs] 
Heap after GC invocations=661 (full 1):
 par new generation   total 109248K, used 6K [0x8ac00000, 0x92c00000, 0x92c00000)
  eden space 87424K,   0% used [0x8ac00000, 0x8ac00000, 0x90160000)
  from space 21824K,   0% used [0x90160000, 0x90161800, 0x916b0000)
  to   space 21824K,   0% used [0x916b0000, 0x916b0000, 0x92c00000)
 concurrent mark-sweep generation total 393216K, used 12760K [0x92c00000, 0xaac00000, 0xaac00000)
 concurrent-mark-sweep perm gen total 35404K, used 22529K [0xaac00000, 0xace93000, 0xb2c00000)
}
2015-02-20T16:03:21.069-0600: 2529.524: Total time for which application threads were stopped: 0.0214780 seconds
{Heap before GC invocations=661 (full 1):
 par new generation   total 109248K, used 87430K [0x8ac00000, 0x92c00000, 0x92c00000)
  eden space 87424K, 100% used [0x8ac00000, 0x90160000, 0x90160000)
  from space 21824K,   0% used [0x90160000, 0x90161800, 0x916b0000)
  to   space 21824K,   0% used [0x916b0000, 0x916b0000, 0x92c00000)
 concurrent mark-sweep generation total 393216K, used 12760K [0x92c00000, 0xaac00000, 0xaac00000)
 concurrent-mark-sweep perm gen total 35404K, used 22529K [0xaac00000, 0xace93000, 0xb2c00000)
2015-02-20T16:03:22.632-0600: 2531.087: [GC2015-02-20T16:03:22.632-0600: 2531.087: [ParNew
Desired survivor size 20112996 bytes, new threshold 8 (max 8)
- age   1:        432 bytes,        432 total
- age   2:        528 bytes,        960 total
- age   3:        376 bytes,       1336 total
- age   4:        360 bytes,       1696 total
- age   5:        424 bytes,       2120 total
- age   6:        472 bytes,       2592 total
- age   7:         16 bytes,       2608 total
- age   8:        376 bytes,       2984 total
: 87430K->8K(109248K), 0.0092620 secs] 100190K->12769K(502464K), 0.0094660 secs] [Times: user=0.02 sys=0.00, real=0.01 secs] 
Heap after GC invocations=662 (full 1):
 par new generation   total 109248K, used 8K [0x8ac00000, 0x92c00000, 0x92c00000)
  eden space 87424K,   0% used [0x8ac00000, 0x8ac00000, 0x90160000)
  from space 21824K,   0% used [0x916b0000, 0x916b2000, 0x92c00000)
  to   space 21824K,   0% used [0x90160000, 0x90160000, 0x916b0000)
 concurrent mark-sweep generation total 393216K, used 12761K [0x92c00000, 0xaac00000, 0xaac00000)
 concurrent-mark-sweep perm gen total 35404K, used 22529K [0xaac00000, 0xace93000, 0xb2c00000)
}
2015-02-20T16:03:22.642-0600: 2531.097: Total time for which application threads were stopped: 0.0122850 seconds
{Heap before GC invocations=662 (full 1):
 par new generation   total 109248K, used 87432K [0x8ac00000, 0x92c00000, 0x92c00000)
  eden space 87424K, 100% used [0x8ac00000, 0x90160000, 0x90160000)
  from space 21824K,   0% used [0x916b0000, 0x916b2000, 0x92c00000)
  to   space 21824K,   0% used [0x90160000, 0x90160000, 0x916b0000)
 concurrent mark-sweep generation total 393216K, used 12761K [0x92c00000, 0xaac00000, 0xaac00000)
 concurrent-mark-sweep perm gen total 35404K, used 22529K [0xaac00000, 0xace93000, 0xb2c00000)
2015-02-20T16:03:24.285-0600: 2532.740: [GC2015-02-20T16:03:24.285-0600: 2532.740: [ParNew
Desired survivor size 20112996 bytes, new threshold 8 (max 8)
- age   1:       1328 bytes,       1328 total
- age   2:         16 bytes,       1344 total
- age   3:        376 bytes,       1720 total
- age   4:        376 bytes,       2096 total
- age   5:        360 bytes,       2456 total
- age   6:        424 bytes,       2880 total
- age   7:        472 bytes,       3352 total
- age   8:         16 bytes,       3368 total
: 87432K->6K(109248K), 0.0078470 secs] 100193K->12767K(502464K), 0.0080620 secs] [Times: user=0.02 sys=0.00, real=0.01 secs] 
Heap after GC invocations=663 (full 1):
 par new generation   total 109248K, used 6K [0x8ac00000, 0x92c00000, 0x92c00000)
  eden space 87424K,   0% used [0x8ac00000, 0x8ac00000, 0x90160000)
  from space 21824K,   0% used [0x90160000, 0x90161800, 0x916b0000)
  to   space 21824K,   0% used [0x916b0000, 0x916b0000, 0x92c00000)
 concurrent mark-sweep generation total 393216K, used 12761K [0x92c00000, 0xaac00000, 0xaac00000)
 concurrent-mark-sweep perm gen total 35404K, used 22529K [0xaac00000, 0xace93000, 0xb2c00000)
}
2015-02-20T16:03:24.293-0600: 2532.748: Total time for which application threads were stopped: 0.0108340 seconds
{Heap before GC invocations=663 (full 1):
 par new generation   total 109248K, used 87430K [0x8ac00000, 0x92c00000, 0x92c00000)
  eden space 87424K, 100% used [0x8ac00000, 0x90160000, 0x90160000)
  from space 21824K,   0% used [0x90160000, 0x90161800, 0x916b0000)
  to   space 21824K,   0% used [0x916b0000, 0x916b0000, 0x92c00000)
 concurrent mark-sweep generation total 393216K, used 12761K [0x92c00000, 0xaac00000, 0xaac00000)
 concurrent-mark-sweep perm gen total 35404K, used 22529K [0xaac00000, 0xace93000, 0xb2c00000)
2015-02-20T16:03:25.750-0600: 2534.205: [GC2015-02-20T16:03:25.750-0600: 2534.205: [ParNew
Desired survivor size 20112996 bytes, new threshold 8 (max 8)
- age   1:       2224 bytes,       2224 total
- age   2:        400 bytes,       2624 total
- age   3:         16 bytes,       2640 total
- age   4:        376 bytes,       3016 total
- age   5:        376 bytes,       3392 total
- age   6:        360 bytes,       3752 total
- age   7:        424 bytes,       4176 total
- age   8:        472 bytes,       4648 total
: 87430K->10K(109248K), 0.0077650 secs] 100191K->12771K(502464K), 0.0079850 secs] [Times: user=0.02 sys=0.00, real=0.01 secs] 
Heap after GC invocations=664 (full 1):
 par new generation   total 109248K, used 10K [0x8ac00000, 0x92c00000, 0x92c00000)
  eden space 87424K,   0% used [0x8ac00000, 0x8ac00000, 0x90160000)
  from space 21824K,   0% used [0x916b0000, 0x916b2800, 0x92c00000)
  to   space 21824K,   0% used [0x90160000, 0x90160000, 0x916b0000)
 concurrent mark-sweep generation total 393216K, used 12761K [0x92c00000, 0xaac00000, 0xaac00000)
 concurrent-mark-sweep perm gen total 35404K, used 22529K [0xaac00000, 0xace93000, 0xb2c00000)
}
2015-02-20T16:03:25.758-0600: 2534.213: Total time for which application threads were stopped: 0.0128640 seconds
{Heap before GC invocations=664 (full 1):
 par new generation   total 109248K, used 87434K [0x8ac00000, 0x92c00000, 0x92c00000)
  eden space 87424K, 100% used [0x8ac00000, 0x90160000, 0x90160000)
  from space 21824K,   0% used [0x916b0000, 0x916b2800, 0x92c00000)
  to   space 21824K,   0% used [0x90160000, 0x90160000, 0x916b0000)
 concurrent mark-sweep generation total 393216K, used 12761K [0x92c00000, 0xaac00000, 0xaac00000)
 concurrent-mark-sweep perm gen total 35404K, used 22529K [0xaac00000, 0xace93000, 0xb2c00000)
2015-02-20T16:03:27.558-0600: 2536.013: [GC2015-02-20T16:03:27.558-0600: 2536.013: [ParNew
Desired survivor size 20112996 bytes, new threshold 8 (max 8)
- age   1:       1168 bytes,       1168 total
- age   2:        360 bytes,       1528 total
- age   3:        400 bytes,       1928 total
- age   4:         16 bytes,       1944 total
- age   5:        376 bytes,       2320 total
- age   6:        376 bytes,       2696 total
- age   7:        360 bytes,       3056 total
- age   8:        424 bytes,       3480 total
: 87434K->6K(109248K), 0.0084310 secs] 100195K->12768K(502464K), 0.0087040 secs] [Times: user=0.02 sys=0.00, real=0.00 secs] 
Heap after GC invocations=665 (full 1):
 par new generation   total 109248K, used 6K [0x8ac00000, 0x92c00000, 0x92c00000)
  eden space 87424K,   0% used [0x8ac00000, 0x8ac00000, 0x90160000)
  from space 21824K,   0% used [0x90160000, 0x90161800, 0x916b0000)
  to   space 21824K,   0% used [0x916b0000, 0x916b0000, 0x92c00000)
 concurrent mark-sweep generation total 393216K, used 12762K [0x92c00000, 0xaac00000, 0xaac00000)
 concurrent-mark-sweep perm gen total 35404K, used 22529K [0xaac00000, 0xace93000, 0xb2c00000)
}
2015-02-20T16:03:27.567-0600: 2536.022: Total time for which application threads were stopped: 0.0113940 seconds
{Heap before GC invocations=665 (full 1):
 par new generation   total 109248K, used 87430K [0x8ac00000, 0x92c00000, 0x92c00000)
  eden space 87424K, 100% used [0x8ac00000, 0x90160000, 0x90160000)
  from space 21824K,   0% used [0x90160000, 0x90161800, 0x916b0000)
  to   space 21824K,   0% used [0x916b0000, 0x916b0000, 0x92c00000)
 concurrent mark-sweep generation total 393216K, used 12762K [0x92c00000, 0xaac00000, 0xaac00000)
 concurrent-mark-sweep perm gen total 35404K, used 22529K [0xaac00000, 0xace93000, 0xb2c00000)
2015-02-20T16:03:29.125-0600: 2537.580: [GC2015-02-20T16:03:29.125-0600: 2537.580: [ParNew
Desired survivor size 20112996 bytes, new threshold 8 (max 8)
- age   1:       1048 bytes,       1048 total
- age   2:        536 bytes,       1584 total
- age   3:        360 bytes,       1944 total
- age   4:        400 bytes,       2344 total
- age   5:         16 bytes,       2360 total
- age   6:        376 bytes,       2736 total
- age   7:        376 bytes,       3112 total
- age   8:        360 bytes,       3472 total
: 87430K->6K(109248K), 0.0079140 secs] 100192K->12768K(502464K), 0.0081070 secs] [Times: user=0.01 sys=0.00, real=0.01 secs] 
Heap after GC invocations=666 (full 1):
 par new generation   total 109248K, used 6K [0x8ac00000, 0x92c00000, 0x92c00000)
  eden space 87424K,   0% used [0x8ac00000, 0x8ac00000, 0x90160000)
  from space 21824K,   0% used [0x916b0000, 0x916b1800, 0x92c00000)
  to   space 21824K,   0% used [0x90160000, 0x90160000, 0x916b0000)
 concurrent mark-sweep generation total 393216K, used 12762K [0x92c00000, 0xaac00000, 0xaac00000)
 concurrent-mark-sweep perm gen total 35404K, used 22529K [0xaac00000, 0xace93000, 0xb2c00000)
}
2015-02-20T16:03:29.133-0600: 2537.588: Total time for which application threads were stopped: 0.0110570 seconds
{Heap before GC invocations=666 (full 1):
 par new generation   total 109248K, used 87430K [0x8ac00000, 0x92c00000, 0x92c00000)
  eden space 87424K, 100% used [0x8ac00000, 0x90160000, 0x90160000)
  from space 21824K,   0% used [0x916b0000, 0x916b1800, 0x92c00000)
  to   space 21824K,   0% used [0x90160000, 0x90160000, 0x916b0000)
 concurrent mark-sweep generation total 393216K, used 12762K [0x92c00000, 0xaac00000, 0xaac00000)
 concurrent-mark-sweep perm gen total 35404K, used 22529K [0xaac00000, 0xace93000, 0xb2c00000)
2015-02-20T16:03:30.695-0600: 2539.150: [GC2015-02-20T16:03:30.695-0600: 2539.150: [ParNew
Desired survivor size 20112996 bytes, new threshold 8 (max 8)
- age   1:        792 bytes,        792 total
- age   2:        600 bytes,       1392 total
- age   3:        536 bytes,       1928 total
- age   4:        360 bytes,       2288 total
- age   5:        400 bytes,       2688 total
- age   6:         16 bytes,       2704 total
- age   7:        376 bytes,       3080 total
- age   8:        376 bytes,       3456 total
: 87430K->6K(109248K), 0.0082040 secs] 100192K->12768K(502464K), 0.0083880 secs] [Times: user=0.01 sys=0.00, real=0.01 secs] 
Heap after GC invocations=667 (full 1):
 par new generation   total 109248K, used 6K [0x8ac00000, 0x92c00000, 0x92c00000)
  eden space 87424K,   0% used [0x8ac00000, 0x8ac00000, 0x90160000)
  from space 21824K,   0% used [0x90160000, 0x90161800, 0x916b0000)
  to   space 21824K,   0% used [0x916b0000, 0x916b0000, 0x92c00000)
 concurrent mark-sweep generation total 393216K, used 12762K [0x92c00000, 0xaac00000, 0xaac00000)
 concurrent-mark-sweep perm gen total 35404K, used 22529K [0xaac00000, 0xace93000, 0xb2c00000)
}
2015-02-20T16:03:30.703-0600: 2539.158: Total time for which application threads were stopped: 0.0112720 seconds
{Heap before GC invocations=667 (full 1):
 par new generation   total 109248K, used 87430K [0x8ac00000, 0x92c00000, 0x92c00000)
  eden space 87424K, 100% used [0x8ac00000, 0x90160000, 0x90160000)
  from space 21824K,   0% used [0x90160000, 0x90161800, 0x916b0000)
  to   space 21824K,   0% used [0x916b0000, 0x916b0000, 0x92c00000)
 concurrent mark-sweep generation total 393216K, used 12762K [0x92c00000, 0xaac00000, 0xaac00000)
 concurrent-mark-sweep perm gen total 35404K, used 22529K [0xaac00000, 0xace93000, 0xb2c00000)
2015-02-20T16:03:32.210-0600: 2540.665: [GC2015-02-20T16:03:32.210-0600: 2540.665: [ParNew
Desired survivor size 20112996 bytes, new threshold 8 (max 8)
- age   1:        968 bytes,        968 total
- age   2:         16 bytes,        984 total
- age   3:        448 bytes,       1432 total
- age   4:        536 bytes,       1968 total
- age   5:        360 bytes,       2328 total
- age   6:        400 bytes,       2728 total
- age   7:         16 bytes,       2744 total
- age   8:        376 bytes,       3120 total
: 87430K->8K(109248K), 0.0080810 secs] 100192K->12771K(502464K), 0.0082630 secs] [Times: user=0.02 sys=0.00, real=0.01 secs] 
Heap after GC invocations=668 (full 1):
 par new generation   total 109248K, used 8K [0x8ac00000, 0x92c00000, 0x92c00000)
  eden space 87424K,   0% used [0x8ac00000, 0x8ac00000, 0x90160000)
  from space 21824K,   0% used [0x916b0000, 0x916b2000, 0x92c00000)
  to   space 21824K,   0% used [0x90160000, 0x90160000, 0x916b0000)
 concurrent mark-sweep generation total 393216K, used 12763K [0x92c00000, 0xaac00000, 0xaac00000)
 concurrent-mark-sweep perm gen total 35404K, used 22529K [0xaac00000, 0xace93000, 0xb2c00000)
}
2015-02-20T16:03:32.219-0600: 2540.674: Total time for which application threads were stopped: 0.0109580 seconds
{Heap before GC invocations=668 (full 1):
 par new generation   total 109248K, used 87432K [0x8ac00000, 0x92c00000, 0x92c00000)
  eden space 87424K, 100% used [0x8ac00000, 0x90160000, 0x90160000)
  from space 21824K,   0% used [0x916b0000, 0x916b2000, 0x92c00000)
  to   space 21824K,   0% used [0x90160000, 0x90160000, 0x916b0000)
 concurrent mark-sweep generation total 393216K, used 12763K [0x92c00000, 0xaac00000, 0xaac00000)
 concurrent-mark-sweep perm gen total 35404K, used 22529K [0xaac00000, 0xace93000, 0xb2c00000)
2015-02-20T16:03:33.748-0600: 2542.203: [GC2015-02-20T16:03:33.748-0600: 2542.203: [ParNew
Desired survivor size 20112996 bytes, new threshold 8 (max 8)
- age   1:       1160 bytes,       1160 total
- age   2:        400 bytes,       1560 total
- age   3:         16 bytes,       1576 total
- age   4:        448 bytes,       2024 total
- age   5:        536 bytes,       2560 total
- age   6:        360 bytes,       2920 total
- age   7:        400 bytes,       3320 total
- age   8:         16 bytes,       3336 total
: 87432K->8K(109248K), 0.0074940 secs] 100195K->12771K(502464K), 0.0076990 secs] [Times: user=0.02 sys=0.00, real=0.00 secs] 
Heap after GC invocations=669 (full 1):
 par new generation   total 109248K, used 8K [0x8ac00000, 0x92c00000, 0x92c00000)
  eden space 87424K,   0% used [0x8ac00000, 0x8ac00000, 0x90160000)
  from space 21824K,   0% used [0x90160000, 0x90162000, 0x916b0000)
  to   space 21824K,   0% used [0x916b0000, 0x916b0000, 0x92c00000)
 concurrent mark-sweep generation total 393216K, used 12763K [0x92c00000, 0xaac00000, 0xaac00000)
 concurrent-mark-sweep perm gen total 35404K, used 22529K [0xaac00000, 0xace93000, 0xb2c00000)
}
2015-02-20T16:03:33.756-0600: 2542.211: Total time for which application threads were stopped: 0.0105690 seconds
{Heap before GC invocations=669 (full 1):
 par new generation   total 109248K, used 87432K [0x8ac00000, 0x92c00000, 0x92c00000)
  eden space 87424K, 100% used [0x8ac00000, 0x90160000, 0x90160000)
  from space 21824K,   0% used [0x90160000, 0x90162000, 0x916b0000)
  to   space 21824K,   0% used [0x916b0000, 0x916b0000, 0x92c00000)
 concurrent mark-sweep generation total 393216K, used 12763K [0x92c00000, 0xaac00000, 0xaac00000)
 concurrent-mark-sweep perm gen total 35404K, used 22529K [0xaac00000, 0xace93000, 0xb2c00000)
2015-02-20T16:03:35.291-0600: 2543.746: [GC2015-02-20T16:03:35.291-0600: 2543.746: [ParNew
Desired survivor size 20112996 bytes, new threshold 8 (max 8)
- age   1:       1024 bytes,       1024 total
- age   2:        360 bytes,       1384 total
- age   3:        400 bytes,       1784 total
- age   4:         16 bytes,       1800 total
- age   5:        448 bytes,       2248 total
- age   6:        536 bytes,       2784 total
- age   7:        360 bytes,       3144 total
- age   8:        400 bytes,       3544 total
: 87432K->8K(109248K), 0.0346980 secs] 100195K->12771K(502464K), 0.0349200 secs] [Times: user=0.05 sys=0.00, real=0.03 secs] 
Heap after GC invocations=670 (full 1):
 par new generation   total 109248K, used 8K [0x8ac00000, 0x92c00000, 0x92c00000)
  eden space 87424K,   0% used [0x8ac00000, 0x8ac00000, 0x90160000)
  from space 21824K,   0% used [0x916b0000, 0x916b2000, 0x92c00000)
  to   space 21824K,   0% used [0x90160000, 0x90160000, 0x916b0000)
 concurrent mark-sweep generation total 393216K, used 12763K [0x92c00000, 0xaac00000, 0xaac00000)
 concurrent-mark-sweep perm gen total 35404K, used 22529K [0xaac00000, 0xace93000, 0xb2c00000)
}
2015-02-20T16:03:35.326-0600: 2543.781: Total time for which application threads were stopped: 0.0377710 seconds
{Heap before GC invocations=670 (full 1):
 par new generation   total 109248K, used 87432K [0x8ac00000, 0x92c00000, 0x92c00000)
  eden space 87424K, 100% used [0x8ac00000, 0x90160000, 0x90160000)
  from space 21824K,   0% used [0x916b0000, 0x916b2000, 0x92c00000)
  to   space 21824K,   0% used [0x90160000, 0x90160000, 0x916b0000)
 concurrent mark-sweep generation total 393216K, used 12763K [0x92c00000, 0xaac00000, 0xaac00000)
 concurrent-mark-sweep perm gen total 35404K, used 22529K [0xaac00000, 0xace93000, 0xb2c00000)
2015-02-20T16:03:36.862-0600: 2545.317: [GC2015-02-20T16:03:36.862-0600: 2545.317: [ParNew
Desired survivor size 20112996 bytes, new threshold 8 (max 8)
- age   1:        664 bytes,        664 total
- age   2:        576 bytes,       1240 total
- age   3:        360 bytes,       1600 total
- age   4:        400 bytes,       2000 total
- age   5:         16 bytes,       2016 total
- age   6:        448 bytes,       2464 total
- age   7:        536 bytes,       3000 total
- age   8:        360 bytes,       3360 total
: 87432K->10K(109248K), 0.0058860 secs] 100195K->12773K(502464K), 0.0061010 secs] [Times: user=0.01 sys=0.00, real=0.01 secs] 
Heap after GC invocations=671 (full 1):
 par new generation   total 109248K, used 10K [0x8ac00000, 0x92c00000, 0x92c00000)
  eden space 87424K,   0% used [0x8ac00000, 0x8ac00000, 0x90160000)
  from space 21824K,   0% used [0x90160000, 0x90162800, 0x916b0000)
  to   space 21824K,   0% used [0x916b0000, 0x916b0000, 0x92c00000)
 concurrent mark-sweep generation total 393216K, used 12763K [0x92c00000, 0xaac00000, 0xaac00000)
 concurrent-mark-sweep perm gen total 35404K, used 22529K [0xaac00000, 0xace93000, 0xb2c00000)
}
2015-02-20T16:03:36.868-0600: 2545.323: Total time for which application threads were stopped: 0.0088330 seconds
{Heap before GC invocations=671 (full 1):
 par new generation   total 109248K, used 87434K [0x8ac00000, 0x92c00000, 0x92c00000)
  eden space 87424K, 100% used [0x8ac00000, 0x90160000, 0x90160000)
  from space 21824K,   0% used [0x90160000, 0x90162800, 0x916b0000)
  to   space 21824K,   0% used [0x916b0000, 0x916b0000, 0x92c00000)
 concurrent mark-sweep generation total 393216K, used 12763K [0x92c00000, 0xaac00000, 0xaac00000)
 concurrent-mark-sweep perm gen total 35404K, used 22529K [0xaac00000, 0xace93000, 0xb2c00000)
2015-02-20T16:03:38.465-0600: 2546.920: [GC2015-02-20T16:03:38.465-0600: 2546.920: [ParNew
Desired survivor size 20112996 bytes, new threshold 8 (max 8)
- age   1:       1176 bytes,       1176 total
- age   2:         16 bytes,       1192 total
- age   3:        424 bytes,       1616 total
- age   4:        360 bytes,       1976 total
- age   5:        400 bytes,       2376 total
- age   6:         16 bytes,       2392 total
- age   7:        448 bytes,       2840 total
- age   8:        536 bytes,       3376 total
: 87434K->10K(109248K), 0.0076690 secs] 100197K->12774K(502464K), 0.0078890 secs] [Times: user=0.01 sys=0.00, real=0.01 secs] 
Heap after GC invocations=672 (full 1):
 par new generation   total 109248K, used 10K [0x8ac00000, 0x92c00000, 0x92c00000)
  eden space 87424K,   0% used [0x8ac00000, 0x8ac00000, 0x90160000)
  from space 21824K,   0% used [0x916b0000, 0x916b2800, 0x92c00000)
  to   space 21824K,   0% used [0x90160000, 0x90160000, 0x916b0000)
 concurrent mark-sweep generation total 393216K, used 12764K [0x92c00000, 0xaac00000, 0xaac00000)
 concurrent-mark-sweep perm gen total 35404K, used 22529K [0xaac00000, 0xace93000, 0xb2c00000)
}
2015-02-20T16:03:38.473-0600: 2546.928: Total time for which application threads were stopped: 0.0108650 seconds
{Heap before GC invocations=672 (full 1):
 par new generation   total 109248K, used 87434K [0x8ac00000, 0x92c00000, 0x92c00000)
  eden space 87424K, 100% used [0x8ac00000, 0x90160000, 0x90160000)
  from space 21824K,   0% used [0x916b0000, 0x916b2800, 0x92c00000)
  to   space 21824K,   0% used [0x90160000, 0x90160000, 0x916b0000)
 concurrent mark-sweep generation total 393216K, used 12764K [0x92c00000, 0xaac00000, 0xaac00000)
 concurrent-mark-sweep perm gen total 35404K, used 22529K [0xaac00000, 0xace93000, 0xb2c00000)
2015-02-20T16:03:40.003-0600: 2548.459: [GC2015-02-20T16:03:40.004-0600: 2548.459: [ParNew
Desired survivor size 20112996 bytes, new threshold 8 (max 8)
- age   1:        896 bytes,        896 total
- age   2:        400 bytes,       1296 total
- age   3:         16 bytes,       1312 total
- age   4:        424 bytes,       1736 total
- age   5:        360 bytes,       2096 total
- age   6:        400 bytes,       2496 total
- age   7:         16 bytes,       2512 total
- age   8:        448 bytes,       2960 total
: 87434K->8K(109248K), 0.0209310 secs] 100198K->12772K(502464K), 0.0211100 secs] [Times: user=0.02 sys=0.00, real=0.02 secs] 
Heap after GC invocations=673 (full 1):
 par new generation   total 109248K, used 8K [0x8ac00000, 0x92c00000, 0x92c00000)
  eden space 87424K,   0% used [0x8ac00000, 0x8ac00000, 0x90160000)
  from space 21824K,   0% used [0x90160000, 0x90162000, 0x916b0000)
  to   space 21824K,   0% used [0x916b0000, 0x916b0000, 0x92c00000)
 concurrent mark-sweep generation total 393216K, used 12764K [0x92c00000, 0xaac00000, 0xaac00000)
 concurrent-mark-sweep perm gen total 35404K, used 22529K [0xaac00000, 0xace93000, 0xb2c00000)
}
2015-02-20T16:03:40.025-0600: 2548.480: Total time for which application threads were stopped: 0.0241390 seconds
{Heap before GC invocations=673 (full 1):
 par new generation   total 109248K, used 87432K [0x8ac00000, 0x92c00000, 0x92c00000)
  eden space 87424K, 100% used [0x8ac00000, 0x90160000, 0x90160000)
  from space 21824K,   0% used [0x90160000, 0x90162000, 0x916b0000)
  to   space 21824K,   0% used [0x916b0000, 0x916b0000, 0x92c00000)
 concurrent mark-sweep generation total 393216K, used 12764K [0x92c00000, 0xaac00000, 0xaac00000)
 concurrent-mark-sweep perm gen total 35404K, used 22529K [0xaac00000, 0xace93000, 0xb2c00000)
2015-02-20T16:03:41.731-0600: 2550.186: [GC2015-02-20T16:03:41.731-0600: 2550.186: [ParNew
Desired survivor size 20112996 bytes, new threshold 8 (max 8)
- age   1:       1152 bytes,       1152 total
- age   2:        360 bytes,       1512 total
- age   3:        400 bytes,       1912 total
- age   4:         16 bytes,       1928 total
- age   5:        424 bytes,       2352 total
- age   6:        360 bytes,       2712 total
- age   7:        400 bytes,       3112 total
- age   8:         16 bytes,       3128 total
: 87432K->8K(109248K), 0.0063030 secs] 100196K->12773K(502464K), 0.0065400 secs] [Times: user=0.01 sys=0.00, real=0.00 secs] 
Heap after GC invocations=674 (full 1):
 par new generation   total 109248K, used 8K [0x8ac00000, 0x92c00000, 0x92c00000)
  eden space 87424K,   0% used [0x8ac00000, 0x8ac00000, 0x90160000)
  from space 21824K,   0% used [0x916b0000, 0x916b2000, 0x92c00000)
  to   space 21824K,   0% used [0x90160000, 0x90160000, 0x916b0000)
 concurrent mark-sweep generation total 393216K, used 12765K [0x92c00000, 0xaac00000, 0xaac00000)
 concurrent-mark-sweep perm gen total 35404K, used 22529K [0xaac00000, 0xace93000, 0xb2c00000)
}
2015-02-20T16:03:41.737-0600: 2550.192: Total time for which application threads were stopped: 0.0094030 seconds
{Heap before GC invocations=674 (full 1):
 par new generation   total 109248K, used 87432K [0x8ac00000, 0x92c00000, 0x92c00000)
  eden space 87424K, 100% used [0x8ac00000, 0x90160000, 0x90160000)
  from space 21824K,   0% used [0x916b0000, 0x916b2000, 0x92c00000)
  to   space 21824K,   0% used [0x90160000, 0x90160000, 0x916b0000)
 concurrent mark-sweep generation total 393216K, used 12765K [0x92c00000, 0xaac00000, 0xaac00000)
 concurrent-mark-sweep perm gen total 35404K, used 22529K [0xaac00000, 0xace93000, 0xb2c00000)
2015-02-20T16:03:43.403-0600: 2551.859: [GC2015-02-20T16:03:43.404-0600: 2551.859: [ParNew
Desired survivor size 20112996 bytes, new threshold 8 (max 8)
- age   1:       1176 bytes,       1176 total
- age   2:        376 bytes,       1552 total
- age   3:        360 bytes,       1912 total
- age   4:        400 bytes,       2312 total
- age   5:         16 bytes,       2328 total
- age   6:        424 bytes,       2752 total
- age   7:        360 bytes,       3112 total
- age   8:        400 bytes,       3512 total
: 87432K->10K(109248K), 0.0085660 secs] 100197K->12775K(502464K), 0.0087430 secs] [Times: user=0.01 sys=0.00, real=0.01 secs] 
Heap after GC invocations=675 (full 1):
 par new generation   total 109248K, used 10K [0x8ac00000, 0x92c00000, 0x92c00000)
  eden space 87424K,   0% used [0x8ac00000, 0x8ac00000, 0x90160000)
  from space 21824K,   0% used [0x90160000, 0x90162800, 0x916b0000)
  to   space 21824K,   0% used [0x916b0000, 0x916b0000, 0x92c00000)
 concurrent mark-sweep generation total 393216K, used 12765K [0x92c00000, 0xaac00000, 0xaac00000)
 concurrent-mark-sweep perm gen total 35404K, used 22529K [0xaac00000, 0xace93000, 0xb2c00000)
}
2015-02-20T16:03:43.412-0600: 2551.867: Total time for which application threads were stopped: 0.0114390 seconds
{Heap before GC invocations=675 (full 1):
 par new generation   total 109248K, used 87434K [0x8ac00000, 0x92c00000, 0x92c00000)
  eden space 87424K, 100% used [0x8ac00000, 0x90160000, 0x90160000)
  from space 21824K,   0% used [0x90160000, 0x90162800, 0x916b0000)
  to   space 21824K,   0% used [0x916b0000, 0x916b0000, 0x92c00000)
 concurrent mark-sweep generation total 393216K, used 12765K [0x92c00000, 0xaac00000, 0xaac00000)
 concurrent-mark-sweep perm gen total 35404K, used 22529K [0xaac00000, 0xace93000, 0xb2c00000)
2015-02-20T16:03:45.106-0600: 2553.561: [GC2015-02-20T16:03:45.106-0600: 2553.561: [ParNew
Desired survivor size 20112996 bytes, new threshold 8 (max 8)
- age   1:       1240 bytes,       1240 total
- age   2:        400 bytes,       1640 total
- age   3:        376 bytes,       2016 total
- age   4:        360 bytes,       2376 total
- age   5:        400 bytes,       2776 total
- age   6:         16 bytes,       2792 total
- age   7:        424 bytes,       3216 total
- age   8:        360 bytes,       3576 total
: 87434K->8K(109248K), 0.0082620 secs] 100199K->12773K(502464K), 0.0084560 secs] [Times: user=0.00 sys=0.01, real=0.01 secs] 
Heap after GC invocations=676 (full 1):
 par new generation   total 109248K, used 8K [0x8ac00000, 0x92c00000, 0x92c00000)
  eden space 87424K,   0% used [0x8ac00000, 0x8ac00000, 0x90160000)
  from space 21824K,   0% used [0x916b0000, 0x916b2000, 0x92c00000)
  to   space 21824K,   0% used [0x90160000, 0x90160000, 0x916b0000)
 concurrent mark-sweep generation total 393216K, used 12765K [0x92c00000, 0xaac00000, 0xaac00000)
 concurrent-mark-sweep perm gen total 35404K, used 22529K [0xaac00000, 0xace93000, 0xb2c00000)
}
2015-02-20T16:03:45.114-0600: 2553.569: Total time for which application threads were stopped: 0.0112230 seconds
{Heap before GC invocations=676 (full 1):
 par new generation   total 109248K, used 87432K [0x8ac00000, 0x92c00000, 0x92c00000)
  eden space 87424K, 100% used [0x8ac00000, 0x90160000, 0x90160000)
  from space 21824K,   0% used [0x916b0000, 0x916b2000, 0x92c00000)
  to   space 21824K,   0% used [0x90160000, 0x90160000, 0x916b0000)
 concurrent mark-sweep generation total 393216K, used 12765K [0x92c00000, 0xaac00000, 0xaac00000)
 concurrent-mark-sweep perm gen total 35404K, used 22529K [0xaac00000, 0xace93000, 0xb2c00000)
2015-02-20T16:03:46.866-0600: 2555.321: [GC2015-02-20T16:03:46.866-0600: 2555.321: [ParNew
Desired survivor size 20112996 bytes, new threshold 8 (max 8)
- age   1:        712 bytes,        712 total
- age   2:        696 bytes,       1408 total
- age   3:        400 bytes,       1808 total
- age   4:        376 bytes,       2184 total
- age   5:        360 bytes,       2544 total
- age   6:        400 bytes,       2944 total
- age   7:         16 bytes,       2960 total
- age   8:        424 bytes,       3384 total
: 87432K->6K(109248K), 0.0081190 secs] 100197K->12772K(502464K), 0.0083260 secs] [Times: user=0.02 sys=0.00, real=0.01 secs] 
Heap after GC invocations=677 (full 1):
 par new generation   total 109248K, used 6K [0x8ac00000, 0x92c00000, 0x92c00000)
  eden space 87424K,   0% used [0x8ac00000, 0x8ac00000, 0x90160000)
  from space 21824K,   0% used [0x90160000, 0x90161800, 0x916b0000)
  to   space 21824K,   0% used [0x916b0000, 0x916b0000, 0x92c00000)
 concurrent mark-sweep generation total 393216K, used 12766K [0x92c00000, 0xaac00000, 0xaac00000)
 concurrent-mark-sweep perm gen total 35404K, used 22529K [0xaac00000, 0xace93000, 0xb2c00000)
}
2015-02-20T16:03:46.875-0600: 2555.330: Total time for which application threads were stopped: 0.0111230 seconds
{Heap before GC invocations=677 (full 1):
 par new generation   total 109248K, used 87430K [0x8ac00000, 0x92c00000, 0x92c00000)
  eden space 87424K, 100% used [0x8ac00000, 0x90160000, 0x90160000)
  from space 21824K,   0% used [0x90160000, 0x90161800, 0x916b0000)
  to   space 21824K,   0% used [0x916b0000, 0x916b0000, 0x92c00000)
 concurrent mark-sweep generation total 393216K, used 12766K [0x92c00000, 0xaac00000, 0xaac00000)
 concurrent-mark-sweep perm gen total 35404K, used 22529K [0xaac00000, 0xace93000, 0xb2c00000)
2015-02-20T16:03:48.542-0600: 2556.997: [GC2015-02-20T16:03:48.542-0600: 2556.997: [ParNew
Desired survivor size 20112996 bytes, new threshold 8 (max 8)
- age   1:       1080 bytes,       1080 total
- age   2:         16 bytes,       1096 total
- age   3:        544 bytes,       1640 total
- age   4:        400 bytes,       2040 total
- age   5:        376 bytes,       2416 total
- age   6:        360 bytes,       2776 total
- age   7:        400 bytes,       3176 total
- age   8:         16 bytes,       3192 total
: 87430K->6K(109248K), 0.0084430 secs] 100196K->12772K(502464K), 0.0086510 secs] [Times: user=0.01 sys=0.00, real=0.01 secs] 
Heap after GC invocations=678 (full 1):
 par new generation   total 109248K, used 6K [0x8ac00000, 0x92c00000, 0x92c00000)
  eden space 87424K,   0% used [0x8ac00000, 0x8ac00000, 0x90160000)
  from space 21824K,   0% used [0x916b0000, 0x916b1800, 0x92c00000)
  to   space 21824K,   0% used [0x90160000, 0x90160000, 0x916b0000)
 concurrent mark-sweep generation total 393216K, used 12766K [0x92c00000, 0xaac00000, 0xaac00000)
 concurrent-mark-sweep perm gen total 35404K, used 22529K [0xaac00000, 0xace93000, 0xb2c00000)
}
2015-02-20T16:03:48.550-0600: 2557.005: Total time for which application threads were stopped: 0.0119720 seconds
{Heap before GC invocations=678 (full 1):
 par new generation   total 109248K, used 87430K [0x8ac00000, 0x92c00000, 0x92c00000)
  eden space 87424K, 100% used [0x8ac00000, 0x90160000, 0x90160000)
  from space 21824K,   0% used [0x916b0000, 0x916b1800, 0x92c00000)
  to   space 21824K,   0% used [0x90160000, 0x90160000, 0x916b0000)
 concurrent mark-sweep generation total 393216K, used 12766K [0x92c00000, 0xaac00000, 0xaac00000)
 concurrent-mark-sweep perm gen total 35404K, used 22529K [0xaac00000, 0xace93000, 0xb2c00000)
2015-02-20T16:03:50.310-0600: 2558.765: [GC2015-02-20T16:03:50.310-0600: 2558.765: [ParNew
Desired survivor size 20112996 bytes, new threshold 8 (max 8)
- age   1:       1008 bytes,       1008 total
- age   2:        424 bytes,       1432 total
- age   3:         16 bytes,       1448 total
- age   4:        544 bytes,       1992 total
- age   5:        400 bytes,       2392 total
- age   6:        376 bytes,       2768 total
- age   7:        360 bytes,       3128 total
- age   8:        400 bytes,       3528 total
: 87430K->6K(109248K), 0.0116350 secs] 100196K->12772K(502464K), 0.0118760 secs] [Times: user=0.02 sys=0.00, real=0.01 secs] 
Heap after GC invocations=679 (full 1):
 par new generation   total 109248K, used 6K [0x8ac00000, 0x92c00000, 0x92c00000)
  eden space 87424K,   0% used [0x8ac00000, 0x8ac00000, 0x90160000)
  from space 21824K,   0% used [0x90160000, 0x90161800, 0x916b0000)
  to   space 21824K,   0% used [0x916b0000, 0x916b0000, 0x92c00000)
 concurrent mark-sweep generation total 393216K, used 12766K [0x92c00000, 0xaac00000, 0xaac00000)
 concurrent-mark-sweep perm gen total 35404K, used 22529K [0xaac00000, 0xace93000, 0xb2c00000)
}
2015-02-20T16:03:50.322-0600: 2558.777: Total time for which application threads were stopped: 0.0146860 seconds
{Heap before GC invocations=679 (full 1):
 par new generation   total 109248K, used 87430K [0x8ac00000, 0x92c00000, 0x92c00000)
  eden space 87424K, 100% used [0x8ac00000, 0x90160000, 0x90160000)
  from space 21824K,   0% used [0x90160000, 0x90161800, 0x916b0000)
  to   space 21824K,   0% used [0x916b0000, 0x916b0000, 0x92c00000)
 concurrent mark-sweep generation total 393216K, used 12766K [0x92c00000, 0xaac00000, 0xaac00000)
 concurrent-mark-sweep perm gen total 35404K, used 22529K [0xaac00000, 0xace93000, 0xb2c00000)
2015-02-20T16:03:51.958-0600: 2560.413: [GC2015-02-20T16:03:51.958-0600: 2560.413: [ParNew
Desired survivor size 20112996 bytes, new threshold 8 (max 8)
- age   1:       1192 bytes,       1192 total
- age   2:        376 bytes,       1568 total
- age   3:        424 bytes,       1992 total
- age   4:         16 bytes,       2008 total
- age   5:        544 bytes,       2552 total
- age   6:        400 bytes,       2952 total
- age   7:        376 bytes,       3328 total
- age   8:        360 bytes,       3688 total
: 87430K->6K(109248K), 0.0077240 secs] 100196K->12772K(502464K), 0.0079280 secs] [Times: user=0.01 sys=0.00, real=0.00 secs] 
Heap after GC invocations=680 (full 1):
 par new generation   total 109248K, used 6K [0x8ac00000, 0x92c00000, 0x92c00000)
  eden space 87424K,   0% used [0x8ac00000, 0x8ac00000, 0x90160000)
  from space 21824K,   0% used [0x916b0000, 0x916b1800, 0x92c00000)
  to   space 21824K,   0% used [0x90160000, 0x90160000, 0x916b0000)
 concurrent mark-sweep generation total 393216K, used 12766K [0x92c00000, 0xaac00000, 0xaac00000)
 concurrent-mark-sweep perm gen total 35404K, used 22529K [0xaac00000, 0xace93000, 0xb2c00000)
}
2015-02-20T16:03:51.966-0600: 2560.421: Total time for which application threads were stopped: 0.0107380 seconds
{Heap before GC invocations=680 (full 1):
 par new generation   total 109248K, used 87430K [0x8ac00000, 0x92c00000, 0x92c00000)
  eden space 87424K, 100% used [0x8ac00000, 0x90160000, 0x90160000)
  from space 21824K,   0% used [0x916b0000, 0x916b1800, 0x92c00000)
  to   space 21824K,   0% used [0x90160000, 0x90160000, 0x916b0000)
 concurrent mark-sweep generation total 393216K, used 12766K [0x92c00000, 0xaac00000, 0xaac00000)
 concurrent-mark-sweep perm gen total 35404K, used 22529K [0xaac00000, 0xace93000, 0xb2c00000)
2015-02-20T16:03:53.652-0600: 2562.107: [GC2015-02-20T16:03:53.652-0600: 2562.107: [ParNew
Desired survivor size 20112996 bytes, new threshold 8 (max 8)
- age   1:       1208 bytes,       1208 total
- age   2:        360 bytes,       1568 total
- age   3:        376 bytes,       1944 total
- age   4:        424 bytes,       2368 total
- age   5:         16 bytes,       2384 total
- age   6:        544 bytes,       2928 total
- age   7:        400 bytes,       3328 total
- age   8:        376 bytes,       3704 total
: 87430K->6K(109248K), 0.0078230 secs] 100196K->12773K(502464K), 0.0080670 secs] [Times: user=0.01 sys=0.00, real=0.01 secs] 
Heap after GC invocations=681 (full 1):
 par new generation   total 109248K, used 6K [0x8ac00000, 0x92c00000, 0x92c00000)
  eden space 87424K,   0% used [0x8ac00000, 0x8ac00000, 0x90160000)
  from space 21824K,   0% used [0x90160000, 0x90161800, 0x916b0000)
  to   space 21824K,   0% used [0x916b0000, 0x916b0000, 0x92c00000)
 concurrent mark-sweep generation total 393216K, used 12767K [0x92c00000, 0xaac00000, 0xaac00000)
 concurrent-mark-sweep perm gen total 35404K, used 22529K [0xaac00000, 0xace93000, 0xb2c00000)
}
2015-02-20T16:03:53.660-0600: 2562.115: Total time for which application threads were stopped: 0.0108800 seconds
{Heap before GC invocations=681 (full 1):
 par new generation   total 109248K, used 87430K [0x8ac00000, 0x92c00000, 0x92c00000)
  eden space 87424K, 100% used [0x8ac00000, 0x90160000, 0x90160000)
  from space 21824K,   0% used [0x90160000, 0x90161800, 0x916b0000)
  to   space 21824K,   0% used [0x916b0000, 0x916b0000, 0x92c00000)
 concurrent mark-sweep generation total 393216K, used 12767K [0x92c00000, 0xaac00000, 0xaac00000)
 concurrent-mark-sweep perm gen total 35404K, used 22529K [0xaac00000, 0xace93000, 0xb2c00000)
2015-02-20T16:03:55.296-0600: 2563.751: [GC2015-02-20T16:03:55.296-0600: 2563.751: [ParNew
Desired survivor size 20112996 bytes, new threshold 8 (max 8)
- age   1:       1008 bytes,       1008 total
- age   2:        376 bytes,       1384 total
- age   3:        360 bytes,       1744 total
- age   4:        376 bytes,       2120 total
- age   5:        424 bytes,       2544 total
- age   6:         16 bytes,       2560 total
- age   7:        544 bytes,       3104 total
- age   8:        400 bytes,       3504 total
: 87430K->8K(109248K), 0.0069570 secs] 100197K->12775K(502464K), 0.0071440 secs] [Times: user=0.01 sys=0.00, real=0.01 secs] 
Heap after GC invocations=682 (full 1):
 par new generation   total 109248K, used 8K [0x8ac00000, 0x92c00000, 0x92c00000)
  eden space 87424K,   0% used [0x8ac00000, 0x8ac00000, 0x90160000)
  from space 21824K,   0% used [0x916b0000, 0x916b2000, 0x92c00000)
  to   space 21824K,   0% used [0x90160000, 0x90160000, 0x916b0000)
 concurrent mark-sweep generation total 393216K, used 12767K [0x92c00000, 0xaac00000, 0xaac00000)
 concurrent-mark-sweep perm gen total 35404K, used 22529K [0xaac00000, 0xace93000, 0xb2c00000)
}
2015-02-20T16:03:55.303-0600: 2563.758: Total time for which application threads were stopped: 0.0099730 seconds
{Heap before GC invocations=682 (full 1):
 par new generation   total 109248K, used 87432K [0x8ac00000, 0x92c00000, 0x92c00000)
  eden space 87424K, 100% used [0x8ac00000, 0x90160000, 0x90160000)
  from space 21824K,   0% used [0x916b0000, 0x916b2000, 0x92c00000)
  to   space 21824K,   0% used [0x90160000, 0x90160000, 0x916b0000)
 concurrent mark-sweep generation total 393216K, used 12767K [0x92c00000, 0xaac00000, 0xaac00000)
 concurrent-mark-sweep perm gen total 35404K, used 22529K [0xaac00000, 0xace93000, 0xb2c00000)
2015-02-20T16:03:56.947-0600: 2565.402: [GC2015-02-20T16:03:56.948-0600: 2565.403: [ParNew
Desired survivor size 20112996 bytes, new threshold 8 (max 8)
- age   1:        720 bytes,        720 total
- age   2:        528 bytes,       1248 total
- age   3:        376 bytes,       1624 total
- age   4:        360 bytes,       1984 total
- age   5:        376 bytes,       2360 total
- age   6:        424 bytes,       2784 total
- age   7:         16 bytes,       2800 total
- age   8:        544 bytes,       3344 total
: 87432K->6K(109248K), 0.0074930 secs] 100199K->12773K(502464K), 0.0077200 secs] [Times: user=0.01 sys=0.01, real=0.00 secs] 
Heap after GC invocations=683 (full 1):
 par new generation   total 109248K, used 6K [0x8ac00000, 0x92c00000, 0x92c00000)
  eden space 87424K,   0% used [0x8ac00000, 0x8ac00000, 0x90160000)
  from space 21824K,   0% used [0x90160000, 0x90161800, 0x916b0000)
  to   space 21824K,   0% used [0x916b0000, 0x916b0000, 0x92c00000)
 concurrent mark-sweep generation total 393216K, used 12767K [0x92c00000, 0xaac00000, 0xaac00000)
 concurrent-mark-sweep perm gen total 35404K, used 22529K [0xaac00000, 0xace93000, 0xb2c00000)
}
2015-02-20T16:03:56.955-0600: 2565.410: Total time for which application threads were stopped: 0.0104110 seconds
{Heap before GC invocations=683 (full 1):
 par new generation   total 109248K, used 87430K [0x8ac00000, 0x92c00000, 0x92c00000)
  eden space 87424K, 100% used [0x8ac00000, 0x90160000, 0x90160000)
  from space 21824K,   0% used [0x90160000, 0x90161800, 0x916b0000)
  to   space 21824K,   0% used [0x916b0000, 0x916b0000, 0x92c00000)
 concurrent mark-sweep generation total 393216K, used 12767K [0x92c00000, 0xaac00000, 0xaac00000)
 concurrent-mark-sweep perm gen total 35404K, used 22529K [0xaac00000, 0xace93000, 0xb2c00000)
2015-02-20T16:03:58.717-0600: 2567.172: [GC2015-02-20T16:03:58.717-0600: 2567.172: [ParNew
Desired survivor size 20112996 bytes, new threshold 8 (max 8)
- age   1:       1032 bytes,       1032 total
- age   2:         48 bytes,       1080 total
- age   3:        376 bytes,       1456 total
- age   4:        376 bytes,       1832 total
- age   5:        360 bytes,       2192 total
- age   6:        376 bytes,       2568 total
- age   7:        424 bytes,       2992 total
- age   8:         16 bytes,       3008 total
: 87430K->6K(109248K), 0.0129850 secs] 100197K->12774K(502464K), 0.0132280 secs] [Times: user=0.02 sys=0.00, real=0.02 secs] 
Heap after GC invocations=684 (full 1):
 par new generation   total 109248K, used 6K [0x8ac00000, 0x92c00000, 0x92c00000)
  eden space 87424K,   0% used [0x8ac00000, 0x8ac00000, 0x90160000)
  from space 21824K,   0% used [0x916b0000, 0x916b1800, 0x92c00000)
  to   space 21824K,   0% used [0x90160000, 0x90160000, 0x916b0000)
 concurrent mark-sweep generation total 393216K, used 12768K [0x92c00000, 0xaac00000, 0xaac00000)
 concurrent-mark-sweep perm gen total 35404K, used 22529K [0xaac00000, 0xace93000, 0xb2c00000)
}
2015-02-20T16:03:58.731-0600: 2567.186: Total time for which application threads were stopped: 0.0161220 seconds
{Heap before GC invocations=684 (full 1):
 par new generation   total 109248K, used 87430K [0x8ac00000, 0x92c00000, 0x92c00000)
  eden space 87424K, 100% used [0x8ac00000, 0x90160000, 0x90160000)
  from space 21824K,   0% used [0x916b0000, 0x916b1800, 0x92c00000)
  to   space 21824K,   0% used [0x90160000, 0x90160000, 0x916b0000)
 concurrent mark-sweep generation total 393216K, used 12768K [0x92c00000, 0xaac00000, 0xaac00000)
 concurrent-mark-sweep perm gen total 35404K, used 22529K [0xaac00000, 0xace93000, 0xb2c00000)
2015-02-20T16:04:00.313-0600: 2568.768: [GC2015-02-20T16:04:00.313-0600: 2568.768: [ParNew
Desired survivor size 20112996 bytes, new threshold 8 (max 8)
- age   1:       1152 bytes,       1152 total
- age   2:        376 bytes,       1528 total
- age   3:         48 bytes,       1576 total
- age   4:        376 bytes,       1952 total
- age   5:        376 bytes,       2328 total
- age   6:        360 bytes,       2688 total
- age   7:        376 bytes,       3064 total
- age   8:        424 bytes,       3488 total
: 87430K->8K(109248K), 0.0069900 secs] 100198K->12776K(502464K), 0.0071900 secs] [Times: user=0.01 sys=0.01, real=0.01 secs] 
Heap after GC invocations=685 (full 1):
 par new generation   total 109248K, used 8K [0x8ac00000, 0x92c00000, 0x92c00000)
  eden space 87424K,   0% used [0x8ac00000, 0x8ac00000, 0x90160000)
  from space 21824K,   0% used [0x90160000, 0x90162000, 0x916b0000)
  to   space 21824K,   0% used [0x916b0000, 0x916b0000, 0x92c00000)
 concurrent mark-sweep generation total 393216K, used 12768K [0x92c00000, 0xaac00000, 0xaac00000)
 concurrent-mark-sweep perm gen total 35404K, used 22529K [0xaac00000, 0xace93000, 0xb2c00000)
}
2015-02-20T16:04:00.320-0600: 2568.775: Total time for which application threads were stopped: 0.0102620 seconds
{Heap before GC invocations=685 (full 1):
 par new generation   total 109248K, used 87432K [0x8ac00000, 0x92c00000, 0x92c00000)
  eden space 87424K, 100% used [0x8ac00000, 0x90160000, 0x90160000)
  from space 21824K,   0% used [0x90160000, 0x90162000, 0x916b0000)
  to   space 21824K,   0% used [0x916b0000, 0x916b0000, 0x92c00000)
 concurrent mark-sweep generation total 393216K, used 12768K [0x92c00000, 0xaac00000, 0xaac00000)
 concurrent-mark-sweep perm gen total 35404K, used 22529K [0xaac00000, 0xace93000, 0xb2c00000)
2015-02-20T16:04:01.936-0600: 2570.391: [GC2015-02-20T16:04:01.936-0600: 2570.391: [ParNew
Desired survivor size 20112996 bytes, new threshold 8 (max 8)
- age   1:        856 bytes,        856 total
- age   2:        376 bytes,       1232 total
- age   3:        376 bytes,       1608 total
- age   4:         48 bytes,       1656 total
- age   5:        376 bytes,       2032 total
- age   6:        376 bytes,       2408 total
- age   7:        360 bytes,       2768 total
- age   8:        376 bytes,       3144 total
: 87432K->8K(109248K), 0.0066790 secs] 100200K->12776K(502464K), 0.0069060 secs] [Times: user=0.00 sys=0.01, real=0.01 secs] 
Heap after GC invocations=686 (full 1):
 par new generation   total 109248K, used 8K [0x8ac00000, 0x92c00000, 0x92c00000)
  eden space 87424K,   0% used [0x8ac00000, 0x8ac00000, 0x90160000)
  from space 21824K,   0% used [0x916b0000, 0x916b2000, 0x92c00000)
  to   space 21824K,   0% used [0x90160000, 0x90160000, 0x916b0000)
 concurrent mark-sweep generation total 393216K, used 12768K [0x92c00000, 0xaac00000, 0xaac00000)
 concurrent-mark-sweep perm gen total 35404K, used 22529K [0xaac00000, 0xace93000, 0xb2c00000)
}
2015-02-20T16:04:01.943-0600: 2570.398: Total time for which application threads were stopped: 0.0097170 seconds
{Heap before GC invocations=686 (full 1):
 par new generation   total 109248K, used 87432K [0x8ac00000, 0x92c00000, 0x92c00000)
  eden space 87424K, 100% used [0x8ac00000, 0x90160000, 0x90160000)
  from space 21824K,   0% used [0x916b0000, 0x916b2000, 0x92c00000)
  to   space 21824K,   0% used [0x90160000, 0x90160000, 0x916b0000)
 concurrent mark-sweep generation total 393216K, used 12768K [0x92c00000, 0xaac00000, 0xaac00000)
 concurrent-mark-sweep perm gen total 35404K, used 22529K [0xaac00000, 0xace93000, 0xb2c00000)
2015-02-20T16:04:03.531-0600: 2571.986: [GC2015-02-20T16:04:03.531-0600: 2571.986: [ParNew
Desired survivor size 20112996 bytes, new threshold 8 (max 8)
- age   1:       1152 bytes,       1152 total
- age   2:        360 bytes,       1512 total
- age   3:        376 bytes,       1888 total
- age   4:        376 bytes,       2264 total
- age   5:         48 bytes,       2312 total
- age   6:        376 bytes,       2688 total
- age   7:        376 bytes,       3064 total
- age   8:        360 bytes,       3424 total
: 87432K->8K(109248K), 0.0115100 secs] 100200K->12777K(502464K), 0.0117180 secs] [Times: user=0.02 sys=0.00, real=0.01 secs] 
Heap after GC invocations=687 (full 1):
 par new generation   total 109248K, used 8K [0x8ac00000, 0x92c00000, 0x92c00000)
  eden space 87424K,   0% used [0x8ac00000, 0x8ac00000, 0x90160000)
  from space 21824K,   0% used [0x90160000, 0x90162000, 0x916b0000)
  to   space 21824K,   0% used [0x916b0000, 0x916b0000, 0x92c00000)
 concurrent mark-sweep generation total 393216K, used 12769K [0x92c00000, 0xaac00000, 0xaac00000)
 concurrent-mark-sweep perm gen total 35404K, used 22529K [0xaac00000, 0xace93000, 0xb2c00000)
}
2015-02-20T16:04:03.542-0600: 2571.997: Total time for which application threads were stopped: 0.0144600 seconds
{Heap before GC invocations=687 (full 1):
 par new generation   total 109248K, used 87432K [0x8ac00000, 0x92c00000, 0x92c00000)
  eden space 87424K, 100% used [0x8ac00000, 0x90160000, 0x90160000)
  from space 21824K,   0% used [0x90160000, 0x90162000, 0x916b0000)
  to   space 21824K,   0% used [0x916b0000, 0x916b0000, 0x92c00000)
 concurrent mark-sweep generation total 393216K, used 12769K [0x92c00000, 0xaac00000, 0xaac00000)
 concurrent-mark-sweep perm gen total 35404K, used 22529K [0xaac00000, 0xace93000, 0xb2c00000)
2015-02-20T16:04:05.084-0600: 2573.539: [GC2015-02-20T16:04:05.084-0600: 2573.539: [ParNew
Desired survivor size 20112996 bytes, new threshold 8 (max 8)
- age   1:       1176 bytes,       1176 total
- age   2:        376 bytes,       1552 total
- age   3:        360 bytes,       1912 total
- age   4:        376 bytes,       2288 total
- age   5:        376 bytes,       2664 total
- age   6:         48 bytes,       2712 total
- age   7:        376 bytes,       3088 total
- age   8:        376 bytes,       3464 total
: 87432K->6K(109248K), 0.0080230 secs] 100201K->12775K(502464K), 0.0082650 secs] [Times: user=0.01 sys=0.01, real=0.01 secs] 
Heap after GC invocations=688 (full 1):
 par new generation   total 109248K, used 6K [0x8ac00000, 0x92c00000, 0x92c00000)
  eden space 87424K,   0% used [0x8ac00000, 0x8ac00000, 0x90160000)
  from space 21824K,   0% used [0x916b0000, 0x916b1800, 0x92c00000)
  to   space 21824K,   0% used [0x90160000, 0x90160000, 0x916b0000)
 concurrent mark-sweep generation total 393216K, used 12769K [0x92c00000, 0xaac00000, 0xaac00000)
 concurrent-mark-sweep perm gen total 35404K, used 22529K [0xaac00000, 0xace93000, 0xb2c00000)
}
2015-02-20T16:04:05.092-0600: 2573.547: Total time for which application threads were stopped: 0.0110260 seconds
{Heap before GC invocations=688 (full 1):
 par new generation   total 109248K, used 87430K [0x8ac00000, 0x92c00000, 0x92c00000)
  eden space 87424K, 100% used [0x8ac00000, 0x90160000, 0x90160000)
  from space 21824K,   0% used [0x916b0000, 0x916b1800, 0x92c00000)
  to   space 21824K,   0% used [0x90160000, 0x90160000, 0x916b0000)
 concurrent mark-sweep generation total 393216K, used 12769K [0x92c00000, 0xaac00000, 0xaac00000)
 concurrent-mark-sweep perm gen total 35404K, used 22529K [0xaac00000, 0xace93000, 0xb2c00000)
2015-02-20T16:04:06.595-0600: 2575.050: [GC2015-02-20T16:04:06.595-0600: 2575.050: [ParNew
Desired survivor size 20112996 bytes, new threshold 8 (max 8)
- age   1:        640 bytes,        640 total
- age   2:        528 bytes,       1168 total
- age   3:        376 bytes,       1544 total
- age   4:        360 bytes,       1904 total
- age   5:        376 bytes,       2280 total
- age   6:        376 bytes,       2656 total
- age   7:         48 bytes,       2704 total
- age   8:        376 bytes,       3080 total
: 87430K->6K(109248K), 0.0079650 secs] 100199K->12775K(502464K), 0.0081710 secs] [Times: user=0.01 sys=0.00, real=0.01 secs] 
Heap after GC invocations=689 (full 1):
 par new generation   total 109248K, used 6K [0x8ac00000, 0x92c00000, 0x92c00000)
  eden space 87424K,   0% used [0x8ac00000, 0x8ac00000, 0x90160000)
  from space 21824K,   0% used [0x90160000, 0x90161800, 0x916b0000)
  to   space 21824K,   0% used [0x916b0000, 0x916b0000, 0x92c00000)
 concurrent mark-sweep generation total 393216K, used 12769K [0x92c00000, 0xaac00000, 0xaac00000)
 concurrent-mark-sweep perm gen total 35404K, used 22529K [0xaac00000, 0xace93000, 0xb2c00000)
}
2015-02-20T16:04:06.603-0600: 2575.058: Total time for which application threads were stopped: 0.0110930 seconds
{Heap before GC invocations=689 (full 1):
 par new generation   total 109248K, used 87430K [0x8ac00000, 0x92c00000, 0x92c00000)
  eden space 87424K, 100% used [0x8ac00000, 0x90160000, 0x90160000)
  from space 21824K,   0% used [0x90160000, 0x90161800, 0x916b0000)
  to   space 21824K,   0% used [0x916b0000, 0x916b0000, 0x92c00000)
 concurrent mark-sweep generation total 393216K, used 12769K [0x92c00000, 0xaac00000, 0xaac00000)
 concurrent-mark-sweep perm gen total 35404K, used 22529K [0xaac00000, 0xace93000, 0xb2c00000)
2015-02-20T16:04:08.229-0600: 2576.684: [GC2015-02-20T16:04:08.229-0600: 2576.684: [ParNew
Desired survivor size 20112996 bytes, new threshold 8 (max 8)
- age   1:       1032 bytes,       1032 total
- age   2:         16 bytes,       1048 total
- age   3:        376 bytes,       1424 total
- age   4:        376 bytes,       1800 total
- age   5:        360 bytes,       2160 total
- age   6:        376 bytes,       2536 total
- age   7:        376 bytes,       2912 total
- age   8:         48 bytes,       2960 total
: 87430K->6K(109248K), 0.0075510 secs] 100199K->12776K(502464K), 0.0077920 secs] [Times: user=0.02 sys=0.00, real=0.00 secs] 
Heap after GC invocations=690 (full 1):
 par new generation   total 109248K, used 6K [0x8ac00000, 0x92c00000, 0x92c00000)
  eden space 87424K,   0% used [0x8ac00000, 0x8ac00000, 0x90160000)
  from space 21824K,   0% used [0x916b0000, 0x916b1800, 0x92c00000)
  to   space 21824K,   0% used [0x90160000, 0x90160000, 0x916b0000)
 concurrent mark-sweep generation total 393216K, used 12770K [0x92c00000, 0xaac00000, 0xaac00000)
 concurrent-mark-sweep perm gen total 35404K, used 22529K [0xaac00000, 0xace93000, 0xb2c00000)
}
2015-02-20T16:04:08.237-0600: 2576.692: Total time for which application threads were stopped: 0.0104710 seconds
{Heap before GC invocations=690 (full 1):
 par new generation   total 109248K, used 87430K [0x8ac00000, 0x92c00000, 0x92c00000)
  eden space 87424K, 100% used [0x8ac00000, 0x90160000, 0x90160000)
  from space 21824K,   0% used [0x916b0000, 0x916b1800, 0x92c00000)
  to   space 21824K,   0% used [0x90160000, 0x90160000, 0x916b0000)
 concurrent mark-sweep generation total 393216K, used 12770K [0x92c00000, 0xaac00000, 0xaac00000)
 concurrent-mark-sweep perm gen total 35404K, used 22529K [0xaac00000, 0xace93000, 0xb2c00000)
2015-02-20T16:04:09.785-0600: 2578.240: [GC2015-02-20T16:04:09.785-0600: 2578.240: [ParNew
Desired survivor size 20112996 bytes, new threshold 8 (max 8)
- age   1:       1136 bytes,       1136 total
- age   2:        400 bytes,       1536 total
- age   3:         16 bytes,       1552 total
- age   4:        376 bytes,       1928 total
- age   5:        376 bytes,       2304 total
- age   6:        360 bytes,       2664 total
- age   7:        376 bytes,       3040 total
- age   8:        376 bytes,       3416 total
: 87430K->4K(109248K), 0.0081050 secs] 100200K->12774K(502464K), 0.0082870 secs] [Times: user=0.01 sys=0.00, real=0.01 secs] 
Heap after GC invocations=691 (full 1):
 par new generation   total 109248K, used 4K [0x8ac00000, 0x92c00000, 0x92c00000)
  eden space 87424K,   0% used [0x8ac00000, 0x8ac00000, 0x90160000)
  from space 21824K,   0% used [0x90160000, 0x90161000, 0x916b0000)
  to   space 21824K,   0% used [0x916b0000, 0x916b0000, 0x92c00000)
 concurrent mark-sweep generation total 393216K, used 12770K [0x92c00000, 0xaac00000, 0xaac00000)
 concurrent-mark-sweep perm gen total 35404K, used 22529K [0xaac00000, 0xace93000, 0xb2c00000)
}
2015-02-20T16:04:09.793-0600: 2578.248: Total time for which application threads were stopped: 0.0110620 seconds
{Heap before GC invocations=691 (full 1):
 par new generation   total 109248K, used 87428K [0x8ac00000, 0x92c00000, 0x92c00000)
  eden space 87424K, 100% used [0x8ac00000, 0x90160000, 0x90160000)
  from space 21824K,   0% used [0x90160000, 0x90161000, 0x916b0000)
  to   space 21824K,   0% used [0x916b0000, 0x916b0000, 0x92c00000)
 concurrent mark-sweep generation total 393216K, used 12770K [0x92c00000, 0xaac00000, 0xaac00000)
 concurrent-mark-sweep perm gen total 35404K, used 22529K [0xaac00000, 0xace93000, 0xb2c00000)
2015-02-20T16:04:11.379-0600: 2579.834: [GC2015-02-20T16:04:11.379-0600: 2579.834: [ParNew
Desired survivor size 20112996 bytes, new threshold 8 (max 8)
- age   1:       1248 bytes,       1248 total
- age   2:        360 bytes,       1608 total
- age   3:        400 bytes,       2008 total
- age   4:         16 bytes,       2024 total
- age   5:        376 bytes,       2400 total
- age   6:        376 bytes,       2776 total
- age   7:        360 bytes,       3136 total
- age   8:        376 bytes,       3512 total
: 87428K->6K(109248K), 0.0080020 secs] 100198K->12776K(502464K), 0.0082160 secs] [Times: user=0.02 sys=0.00, real=0.00 secs] 
Heap after GC invocations=692 (full 1):
 par new generation   total 109248K, used 6K [0x8ac00000, 0x92c00000, 0x92c00000)
  eden space 87424K,   0% used [0x8ac00000, 0x8ac00000, 0x90160000)
  from space 21824K,   0% used [0x916b0000, 0x916b1800, 0x92c00000)
  to   space 21824K,   0% used [0x90160000, 0x90160000, 0x916b0000)
 concurrent mark-sweep generation total 393216K, used 12770K [0x92c00000, 0xaac00000, 0xaac00000)
 concurrent-mark-sweep perm gen total 35404K, used 22529K [0xaac00000, 0xace93000, 0xb2c00000)
}
2015-02-20T16:04:11.387-0600: 2579.842: Total time for which application threads were stopped: 0.0109580 seconds
{Heap before GC invocations=692 (full 1):
 par new generation   total 109248K, used 87430K [0x8ac00000, 0x92c00000, 0x92c00000)
  eden space 87424K, 100% used [0x8ac00000, 0x90160000, 0x90160000)
  from space 21824K,   0% used [0x916b0000, 0x916b1800, 0x92c00000)
  to   space 21824K,   0% used [0x90160000, 0x90160000, 0x916b0000)
 concurrent mark-sweep generation total 393216K, used 12770K [0x92c00000, 0xaac00000, 0xaac00000)
 concurrent-mark-sweep perm gen total 35404K, used 22529K [0xaac00000, 0xace93000, 0xb2c00000)
2015-02-20T16:04:12.876-0600: 2581.331: [GC2015-02-20T16:04:12.876-0600: 2581.331: [ParNew
Desired survivor size 20112996 bytes, new threshold 8 (max 8)
- age   1:        664 bytes,        664 total
- age   2:        552 bytes,       1216 total
- age   3:        360 bytes,       1576 total
- age   4:        400 bytes,       1976 total
- age   5:         16 bytes,       1992 total
- age   6:        376 bytes,       2368 total
- age   7:        376 bytes,       2744 total
- age   8:        360 bytes,       3104 total
: 87430K->8K(109248K), 0.0059550 secs] 100200K->12779K(502464K), 0.0061550 secs] [Times: user=0.02 sys=0.00, real=0.01 secs] 
Heap after GC invocations=693 (full 1):
 par new generation   total 109248K, used 8K [0x8ac00000, 0x92c00000, 0x92c00000)
  eden space 87424K,   0% used [0x8ac00000, 0x8ac00000, 0x90160000)
  from space 21824K,   0% used [0x90160000, 0x90162000, 0x916b0000)
  to   space 21824K,   0% used [0x916b0000, 0x916b0000, 0x92c00000)
 concurrent mark-sweep generation total 393216K, used 12771K [0x92c00000, 0xaac00000, 0xaac00000)
 concurrent-mark-sweep perm gen total 35404K, used 22529K [0xaac00000, 0xace93000, 0xb2c00000)
}
2015-02-20T16:04:12.882-0600: 2581.337: Total time for which application threads were stopped: 0.0088940 seconds
{Heap before GC invocations=693 (full 1):
 par new generation   total 109248K, used 87432K [0x8ac00000, 0x92c00000, 0x92c00000)
  eden space 87424K, 100% used [0x8ac00000, 0x90160000, 0x90160000)
  from space 21824K,   0% used [0x90160000, 0x90162000, 0x916b0000)
  to   space 21824K,   0% used [0x916b0000, 0x916b0000, 0x92c00000)
 concurrent mark-sweep generation total 393216K, used 12771K [0x92c00000, 0xaac00000, 0xaac00000)
 concurrent-mark-sweep perm gen total 35404K, used 22529K [0xaac00000, 0xace93000, 0xb2c00000)
2015-02-20T16:04:14.511-0600: 2582.966: [GC2015-02-20T16:04:14.511-0600: 2582.966: [ParNew
Desired survivor size 20112996 bytes, new threshold 8 (max 8)
- age   1:       1624 bytes,       1624 total
- age   2:         16 bytes,       1640 total
- age   3:        400 bytes,       2040 total
- age   4:        360 bytes,       2400 total
- age   5:        400 bytes,       2800 total
- age   6:         16 bytes,       2816 total
- age   7:        376 bytes,       3192 total
- age   8:        376 bytes,       3568 total
: 87432K->10K(109248K), 0.0059830 secs] 100203K->12781K(502464K), 0.0061970 secs] [Times: user=0.00 sys=0.00, real=0.01 secs] 
Heap after GC invocations=694 (full 1):
 par new generation   total 109248K, used 10K [0x8ac00000, 0x92c00000, 0x92c00000)
  eden space 87424K,   0% used [0x8ac00000, 0x8ac00000, 0x90160000)
  from space 21824K,   0% used [0x916b0000, 0x916b2800, 0x92c00000)
  to   space 21824K,   0% used [0x90160000, 0x90160000, 0x916b0000)
 concurrent mark-sweep generation total 393216K, used 12771K [0x92c00000, 0xaac00000, 0xaac00000)
 concurrent-mark-sweep perm gen total 35404K, used 22529K [0xaac00000, 0xace93000, 0xb2c00000)
}
2015-02-20T16:04:14.518-0600: 2582.973: Total time for which application threads were stopped: 0.0089900 seconds
{Heap before GC invocations=694 (full 1):
 par new generation   total 109248K, used 87434K [0x8ac00000, 0x92c00000, 0x92c00000)
  eden space 87424K, 100% used [0x8ac00000, 0x90160000, 0x90160000)
  from space 21824K,   0% used [0x916b0000, 0x916b2800, 0x92c00000)
  to   space 21824K,   0% used [0x90160000, 0x90160000, 0x916b0000)
 concurrent mark-sweep generation total 393216K, used 12771K [0x92c00000, 0xaac00000, 0xaac00000)
 concurrent-mark-sweep perm gen total 35404K, used 22529K [0xaac00000, 0xace93000, 0xb2c00000)
2015-02-20T16:04:16.137-0600: 2584.593: [GC2015-02-20T16:04:16.138-0600: 2584.593: [ParNew
Desired survivor size 20112996 bytes, new threshold 8 (max 8)
- age   1:       2240 bytes,       2240 total
- age   2:        496 bytes,       2736 total
- age   3:         16 bytes,       2752 total
- age   4:        400 bytes,       3152 total
- age   5:        360 bytes,       3512 total
- age   6:        400 bytes,       3912 total
- age   7:         16 bytes,       3928 total
- age   8:        376 bytes,       4304 total
: 87434K->10K(109248K), 0.0072310 secs] 100205K->12781K(502464K), 0.0074570 secs] [Times: user=0.01 sys=0.01, real=0.00 secs] 
Heap after GC invocations=695 (full 1):
 par new generation   total 109248K, used 10K [0x8ac00000, 0x92c00000, 0x92c00000)
  eden space 87424K,   0% used [0x8ac00000, 0x8ac00000, 0x90160000)
  from space 21824K,   0% used [0x90160000, 0x90162800, 0x916b0000)
  to   space 21824K,   0% used [0x916b0000, 0x916b0000, 0x92c00000)
 concurrent mark-sweep generation total 393216K, used 12771K [0x92c00000, 0xaac00000, 0xaac00000)
 concurrent-mark-sweep perm gen total 35404K, used 22529K [0xaac00000, 0xace93000, 0xb2c00000)
}
2015-02-20T16:04:16.145-0600: 2584.600: Total time for which application threads were stopped: 0.0102280 seconds
{Heap before GC invocations=695 (full 1):
 par new generation   total 109248K, used 87434K [0x8ac00000, 0x92c00000, 0x92c00000)
  eden space 87424K, 100% used [0x8ac00000, 0x90160000, 0x90160000)
  from space 21824K,   0% used [0x90160000, 0x90162800, 0x916b0000)
  to   space 21824K,   0% used [0x916b0000, 0x916b0000, 0x92c00000)
 concurrent mark-sweep generation total 393216K, used 12771K [0x92c00000, 0xaac00000, 0xaac00000)
 concurrent-mark-sweep perm gen total 35404K, used 22529K [0xaac00000, 0xace93000, 0xb2c00000)
2015-02-20T16:04:17.727-0600: 2586.182: [GC2015-02-20T16:04:17.727-0600: 2586.182: [ParNew
Desired survivor size 20112996 bytes, new threshold 8 (max 8)
- age   1:       1040 bytes,       1040 total
- age   2:        376 bytes,       1416 total
- age   3:        496 bytes,       1912 total
- age   4:         16 bytes,       1928 total
- age   5:        400 bytes,       2328 total
- age   6:        360 bytes,       2688 total
- age   7:        400 bytes,       3088 total
- age   8:         16 bytes,       3104 total
: 87434K->8K(109248K), 0.0070540 secs] 100205K->12780K(502464K), 0.0072620 secs] [Times: user=0.02 sys=0.00, real=0.01 secs] 
Heap after GC invocations=696 (full 1):
 par new generation   total 109248K, used 8K [0x8ac00000, 0x92c00000, 0x92c00000)
  eden space 87424K,   0% used [0x8ac00000, 0x8ac00000, 0x90160000)
  from space 21824K,   0% used [0x916b0000, 0x916b2000, 0x92c00000)
  to   space 21824K,   0% used [0x90160000, 0x90160000, 0x916b0000)
 concurrent mark-sweep generation total 393216K, used 12772K [0x92c00000, 0xaac00000, 0xaac00000)
 concurrent-mark-sweep perm gen total 35404K, used 22529K [0xaac00000, 0xace93000, 0xb2c00000)
}
2015-02-20T16:04:17.734-0600: 2586.189: Total time for which application threads were stopped: 0.0101100 seconds
{Heap before GC invocations=696 (full 1):
 par new generation   total 109248K, used 87432K [0x8ac00000, 0x92c00000, 0x92c00000)
  eden space 87424K, 100% used [0x8ac00000, 0x90160000, 0x90160000)
  from space 21824K,   0% used [0x916b0000, 0x916b2000, 0x92c00000)
  to   space 21824K,   0% used [0x90160000, 0x90160000, 0x916b0000)
 concurrent mark-sweep generation total 393216K, used 12772K [0x92c00000, 0xaac00000, 0xaac00000)
 concurrent-mark-sweep perm gen total 35404K, used 22529K [0xaac00000, 0xace93000, 0xb2c00000)
2015-02-20T16:04:19.434-0600: 2587.889: [GC2015-02-20T16:04:19.434-0600: 2587.889: [ParNew
Desired survivor size 20112996 bytes, new threshold 8 (max 8)
- age   1:       1152 bytes,       1152 total
- age   2:        408 bytes,       1560 total
- age   3:        376 bytes,       1936 total
- age   4:        496 bytes,       2432 total
- age   5:         16 bytes,       2448 total
- age   6:        400 bytes,       2848 total
- age   7:        360 bytes,       3208 total
- age   8:        400 bytes,       3608 total
: 87432K->8K(109248K), 0.0152780 secs] 100204K->12780K(502464K), 0.0154900 secs] [Times: user=0.03 sys=0.00, real=0.02 secs] 
Heap after GC invocations=697 (full 1):
 par new generation   total 109248K, used 8K [0x8ac00000, 0x92c00000, 0x92c00000)
  eden space 87424K,   0% used [0x8ac00000, 0x8ac00000, 0x90160000)
  from space 21824K,   0% used [0x90160000, 0x90162000, 0x916b0000)
  to   space 21824K,   0% used [0x916b0000, 0x916b0000, 0x92c00000)
 concurrent mark-sweep generation total 393216K, used 12772K [0x92c00000, 0xaac00000, 0xaac00000)
 concurrent-mark-sweep perm gen total 35404K, used 22529K [0xaac00000, 0xace93000, 0xb2c00000)
}
2015-02-20T16:04:19.449-0600: 2587.904: Total time for which application threads were stopped: 0.0182590 seconds
{Heap before GC invocations=697 (full 1):
 par new generation   total 109248K, used 87432K [0x8ac00000, 0x92c00000, 0x92c00000)
  eden space 87424K, 100% used [0x8ac00000, 0x90160000, 0x90160000)
  from space 21824K,   0% used [0x90160000, 0x90162000, 0x916b0000)
  to   space 21824K,   0% used [0x916b0000, 0x916b0000, 0x92c00000)
 concurrent mark-sweep generation total 393216K, used 12772K [0x92c00000, 0xaac00000, 0xaac00000)
 concurrent-mark-sweep perm gen total 35404K, used 22529K [0xaac00000, 0xace93000, 0xb2c00000)
2015-02-20T16:04:21.125-0600: 2589.580: [GC2015-02-20T16:04:21.125-0600: 2589.580: [ParNew
Desired survivor size 20112996 bytes, new threshold 8 (max 8)
- age   1:       1000 bytes,       1000 total
- age   2:        472 bytes,       1472 total
- age   3:        408 bytes,       1880 total
- age   4:        376 bytes,       2256 total
- age   5:        496 bytes,       2752 total
- age   6:         16 bytes,       2768 total
- age   7:        400 bytes,       3168 total
- age   8:        360 bytes,       3528 total
: 87432K->8K(109248K), 0.0192440 secs] 100204K->12780K(502464K), 0.0194790 secs] [Times: user=0.04 sys=0.00, real=0.02 secs] 
Heap after GC invocations=698 (full 1):
 par new generation   total 109248K, used 8K [0x8ac00000, 0x92c00000, 0x92c00000)
  eden space 87424K,   0% used [0x8ac00000, 0x8ac00000, 0x90160000)
  from space 21824K,   0% used [0x916b0000, 0x916b2000, 0x92c00000)
  to   space 21824K,   0% used [0x90160000, 0x90160000, 0x916b0000)
 concurrent mark-sweep generation total 393216K, used 12772K [0x92c00000, 0xaac00000, 0xaac00000)
 concurrent-mark-sweep perm gen total 35404K, used 22529K [0xaac00000, 0xace93000, 0xb2c00000)
}
2015-02-20T16:04:21.145-0600: 2589.600: Total time for which application threads were stopped: 0.0222240 seconds
{Heap before GC invocations=698 (full 1):
 par new generation   total 109248K, used 87432K [0x8ac00000, 0x92c00000, 0x92c00000)
  eden space 87424K, 100% used [0x8ac00000, 0x90160000, 0x90160000)
  from space 21824K,   0% used [0x916b0000, 0x916b2000, 0x92c00000)
  to   space 21824K,   0% used [0x90160000, 0x90160000, 0x916b0000)
 concurrent mark-sweep generation total 393216K, used 12772K [0x92c00000, 0xaac00000, 0xaac00000)
 concurrent-mark-sweep perm gen total 35404K, used 22529K [0xaac00000, 0xace93000, 0xb2c00000)
2015-02-20T16:04:22.703-0600: 2591.158: [GC2015-02-20T16:04:22.703-0600: 2591.158: [ParNew
Desired survivor size 20112996 bytes, new threshold 8 (max 8)
- age   1:        560 bytes,        560 total
- age   2:        552 bytes,       1112 total
- age   3:        472 bytes,       1584 total
- age   4:        408 bytes,       1992 total
- age   5:        376 bytes,       2368 total
- age   6:        496 bytes,       2864 total
- age   7:         16 bytes,       2880 total
- age   8:        400 bytes,       3280 total
: 87432K->6K(109248K), 0.0070250 secs] 100204K->12778K(502464K), 0.0072570 secs] [Times: user=0.02 sys=0.00, real=0.01 secs] 
Heap after GC invocations=699 (full 1):
 par new generation   total 109248K, used 6K [0x8ac00000, 0x92c00000, 0x92c00000)
  eden space 87424K,   0% used [0x8ac00000, 0x8ac00000, 0x90160000)
  from space 21824K,   0% used [0x90160000, 0x90161800, 0x916b0000)
  to   space 21824K,   0% used [0x916b0000, 0x916b0000, 0x92c00000)
 concurrent mark-sweep generation total 393216K, used 12772K [0x92c00000, 0xaac00000, 0xaac00000)
 concurrent-mark-sweep perm gen total 35404K, used 22529K [0xaac00000, 0xace93000, 0xb2c00000)
}
2015-02-20T16:04:22.710-0600: 2591.165: Total time for which application threads were stopped: 0.0100050 seconds
{Heap before GC invocations=699 (full 1):
 par new generation   total 109248K, used 87430K [0x8ac00000, 0x92c00000, 0x92c00000)
  eden space 87424K, 100% used [0x8ac00000, 0x90160000, 0x90160000)
  from space 21824K,   0% used [0x90160000, 0x90161800, 0x916b0000)
  to   space 21824K,   0% used [0x916b0000, 0x916b0000, 0x92c00000)
 concurrent mark-sweep generation total 393216K, used 12772K [0x92c00000, 0xaac00000, 0xaac00000)
 concurrent-mark-sweep perm gen total 35404K, used 22529K [0xaac00000, 0xace93000, 0xb2c00000)
2015-02-20T16:04:24.281-0600: 2592.736: [GC2015-02-20T16:04:24.281-0600: 2592.737: [ParNew
Desired survivor size 20112996 bytes, new threshold 8 (max 8)
- age   1:        944 bytes,        944 total
- age   2:         16 bytes,        960 total
- age   3:        400 bytes,       1360 total
- age   4:        472 bytes,       1832 total
- age   5:        408 bytes,       2240 total
- age   6:        376 bytes,       2616 total
- age   7:        496 bytes,       3112 total
- age   8:         16 bytes,       3128 total
: 87430K->6K(109248K), 0.0147090 secs] 100202K->12779K(502464K), 0.0149390 secs] [Times: user=0.02 sys=0.00, real=0.01 secs] 
Heap after GC invocations=700 (full 1):
 par new generation   total 109248K, used 6K [0x8ac00000, 0x92c00000, 0x92c00000)
  eden space 87424K,   0% used [0x8ac00000, 0x8ac00000, 0x90160000)
  from space 21824K,   0% used [0x916b0000, 0x916b1800, 0x92c00000)
  to   space 21824K,   0% used [0x90160000, 0x90160000, 0x916b0000)
 concurrent mark-sweep generation total 393216K, used 12773K [0x92c00000, 0xaac00000, 0xaac00000)
 concurrent-mark-sweep perm gen total 35404K, used 22529K [0xaac00000, 0xace93000, 0xb2c00000)
}
2015-02-20T16:04:24.296-0600: 2592.751: Total time for which application threads were stopped: 0.0177380 seconds
{Heap before GC invocations=700 (full 1):
 par new generation   total 109248K, used 87430K [0x8ac00000, 0x92c00000, 0x92c00000)
  eden space 87424K, 100% used [0x8ac00000, 0x90160000, 0x90160000)
  from space 21824K,   0% used [0x916b0000, 0x916b1800, 0x92c00000)
  to   space 21824K,   0% used [0x90160000, 0x90160000, 0x916b0000)
 concurrent mark-sweep generation total 393216K, used 12773K [0x92c00000, 0xaac00000, 0xaac00000)
 concurrent-mark-sweep perm gen total 35404K, used 22529K [0xaac00000, 0xace93000, 0xb2c00000)
2015-02-20T16:04:25.774-0600: 2594.229: [GC2015-02-20T16:04:25.774-0600: 2594.229: [ParNew
Desired survivor size 20112996 bytes, new threshold 8 (max 8)
- age   1:       1136 bytes,       1136 total
- age   2:        376 bytes,       1512 total
- age   3:         16 bytes,       1528 total
- age   4:        400 bytes,       1928 total
- age   5:        472 bytes,       2400 total
- age   6:        408 bytes,       2808 total
- age   7:        376 bytes,       3184 total
- age   8:        496 bytes,       3680 total
: 87430K->6K(109248K), 0.0081760 secs] 100203K->12779K(502464K), 0.0083780 secs] [Times: user=0.02 sys=0.00, real=0.01 secs] 
Heap after GC invocations=701 (full 1):
 par new generation   total 109248K, used 6K [0x8ac00000, 0x92c00000, 0x92c00000)
  eden space 87424K,   0% used [0x8ac00000, 0x8ac00000, 0x90160000)
  from space 21824K,   0% used [0x90160000, 0x90161800, 0x916b0000)
  to   space 21824K,   0% used [0x916b0000, 0x916b0000, 0x92c00000)
 concurrent mark-sweep generation total 393216K, used 12773K [0x92c00000, 0xaac00000, 0xaac00000)
 concurrent-mark-sweep perm gen total 35404K, used 22529K [0xaac00000, 0xace93000, 0xb2c00000)
}
2015-02-20T16:04:25.782-0600: 2594.237: Total time for which application threads were stopped: 0.0110930 seconds
{Heap before GC invocations=701 (full 1):
 par new generation   total 109248K, used 87430K [0x8ac00000, 0x92c00000, 0x92c00000)
  eden space 87424K, 100% used [0x8ac00000, 0x90160000, 0x90160000)
  from space 21824K,   0% used [0x90160000, 0x90161800, 0x916b0000)
  to   space 21824K,   0% used [0x916b0000, 0x916b0000, 0x92c00000)
 concurrent mark-sweep generation total 393216K, used 12773K [0x92c00000, 0xaac00000, 0xaac00000)
 concurrent-mark-sweep perm gen total 35404K, used 22529K [0xaac00000, 0xace93000, 0xb2c00000)
2015-02-20T16:04:27.391-0600: 2595.846: [GC2015-02-20T16:04:27.391-0600: 2595.846: [ParNew
Desired survivor size 20112996 bytes, new threshold 8 (max 8)
- age   1:       1360 bytes,       1360 total
- age   2:        360 bytes,       1720 total
- age   3:        376 bytes,       2096 total
- age   4:         16 bytes,       2112 total
- age   5:        400 bytes,       2512 total
- age   6:        472 bytes,       2984 total
- age   7:        408 bytes,       3392 total
- age   8:        376 bytes,       3768 total
: 87430K->8K(109248K), 0.0150020 secs] 100203K->12781K(502464K), 0.0152850 secs] [Times: user=0.02 sys=0.00, real=0.01 secs] 
Heap after GC invocations=702 (full 1):
 par new generation   total 109248K, used 8K [0x8ac00000, 0x92c00000, 0x92c00000)
  eden space 87424K,   0% used [0x8ac00000, 0x8ac00000, 0x90160000)
  from space 21824K,   0% used [0x916b0000, 0x916b2000, 0x92c00000)
  to   space 21824K,   0% used [0x90160000, 0x90160000, 0x916b0000)
 concurrent mark-sweep generation total 393216K, used 12773K [0x92c00000, 0xaac00000, 0xaac00000)
 concurrent-mark-sweep perm gen total 35404K, used 22529K [0xaac00000, 0xace93000, 0xb2c00000)
}
2015-02-20T16:04:27.406-0600: 2595.861: Total time for which application threads were stopped: 0.0183840 seconds
{Heap before GC invocations=702 (full 1):
 par new generation   total 109248K, used 87432K [0x8ac00000, 0x92c00000, 0x92c00000)
  eden space 87424K, 100% used [0x8ac00000, 0x90160000, 0x90160000)
  from space 21824K,   0% used [0x916b0000, 0x916b2000, 0x92c00000)
  to   space 21824K,   0% used [0x90160000, 0x90160000, 0x916b0000)
 concurrent mark-sweep generation total 393216K, used 12773K [0x92c00000, 0xaac00000, 0xaac00000)
 concurrent-mark-sweep perm gen total 35404K, used 22529K [0xaac00000, 0xace93000, 0xb2c00000)
2015-02-20T16:04:29.260-0600: 2597.715: [GC2015-02-20T16:04:29.260-0600: 2597.715: [ParNew
Desired survivor size 20112996 bytes, new threshold 8 (max 8)
- age   1:       1304 bytes,       1304 total
- age   2:        400 bytes,       1704 total
- age   3:        360 bytes,       2064 total
- age   4:        376 bytes,       2440 total
- age   5:         16 bytes,       2456 total
- age   6:        400 bytes,       2856 total
- age   7:        472 bytes,       3328 total
- age   8:        408 bytes,       3736 total
: 87432K->8K(109248K), 0.0116810 secs] 100205K->12782K(502464K), 0.0118940 secs] [Times: user=0.02 sys=0.00, real=0.01 secs] 
Heap after GC invocations=703 (full 1):
 par new generation   total 109248K, used 8K [0x8ac00000, 0x92c00000, 0x92c00000)
  eden space 87424K,   0% used [0x8ac00000, 0x8ac00000, 0x90160000)
  from space 21824K,   0% used [0x90160000, 0x90162000, 0x916b0000)
  to   space 21824K,   0% used [0x916b0000, 0x916b0000, 0x92c00000)
 concurrent mark-sweep generation total 393216K, used 12774K [0x92c00000, 0xaac00000, 0xaac00000)
 concurrent-mark-sweep perm gen total 35404K, used 22529K [0xaac00000, 0xace93000, 0xb2c00000)
}
2015-02-20T16:04:29.272-0600: 2597.727: Total time for which application threads were stopped: 0.0148030 seconds
{Heap before GC invocations=703 (full 1):
 par new generation   total 109248K, used 87432K [0x8ac00000, 0x92c00000, 0x92c00000)
  eden space 87424K, 100% used [0x8ac00000, 0x90160000, 0x90160000)
  from space 21824K,   0% used [0x90160000, 0x90162000, 0x916b0000)
  to   space 21824K,   0% used [0x916b0000, 0x916b0000, 0x92c00000)
 concurrent mark-sweep generation total 393216K, used 12774K [0x92c00000, 0xaac00000, 0xaac00000)
 concurrent-mark-sweep perm gen total 35404K, used 22529K [0xaac00000, 0xace93000, 0xb2c00000)
2015-02-20T16:04:31.017-0600: 2599.472: [GC2015-02-20T16:04:31.018-0600: 2599.473: [ParNew
Desired survivor size 20112996 bytes, new threshold 8 (max 8)
- age   1:       1120 bytes,       1120 total
- age   2:        536 bytes,       1656 total
- age   3:        400 bytes,       2056 total
- age   4:        360 bytes,       2416 total
- age   5:        376 bytes,       2792 total
- age   6:         16 bytes,       2808 total
- age   7:        400 bytes,       3208 total
- age   8:        472 bytes,       3680 total
: 87432K->10K(109248K), 0.0080400 secs] 100206K->12784K(502464K), 0.0082550 secs] [Times: user=0.01 sys=0.00, real=0.00 secs] 
Heap after GC invocations=704 (full 1):
 par new generation   total 109248K, used 10K [0x8ac00000, 0x92c00000, 0x92c00000)
  eden space 87424K,   0% used [0x8ac00000, 0x8ac00000, 0x90160000)
  from space 21824K,   0% used [0x916b0000, 0x916b2800, 0x92c00000)
  to   space 21824K,   0% used [0x90160000, 0x90160000, 0x916b0000)
 concurrent mark-sweep generation total 393216K, used 12774K [0x92c00000, 0xaac00000, 0xaac00000)
 concurrent-mark-sweep perm gen total 35404K, used 22529K [0xaac00000, 0xace93000, 0xb2c00000)
}
2015-02-20T16:04:31.026-0600: 2599.481: Total time for which application threads were stopped: 0.0108860 seconds
{Heap before GC invocations=704 (full 1):
 par new generation   total 109248K, used 87434K [0x8ac00000, 0x92c00000, 0x92c00000)
  eden space 87424K, 100% used [0x8ac00000, 0x90160000, 0x90160000)
  from space 21824K,   0% used [0x916b0000, 0x916b2800, 0x92c00000)
  to   space 21824K,   0% used [0x90160000, 0x90160000, 0x916b0000)
 concurrent mark-sweep generation total 393216K, used 12774K [0x92c00000, 0xaac00000, 0xaac00000)
 concurrent-mark-sweep perm gen total 35404K, used 22529K [0xaac00000, 0xace93000, 0xb2c00000)
2015-02-20T16:04:32.699-0600: 2601.154: [GC2015-02-20T16:04:32.699-0600: 2601.154: [ParNew
Desired survivor size 20112996 bytes, new threshold 8 (max 8)
- age   1:        720 bytes,        720 total
- age   2:        528 bytes,       1248 total
- age   3:        536 bytes,       1784 total
- age   4:        400 bytes,       2184 total
- age   5:        360 bytes,       2544 total
- age   6:        376 bytes,       2920 total
- age   7:         16 bytes,       2936 total
- age   8:        400 bytes,       3336 total
: 87434K->10K(109248K), 0.0112140 secs] 100208K->12785K(502464K), 0.0113860 secs] [Times: user=0.01 sys=0.00, real=0.01 secs] 
Heap after GC invocations=705 (full 1):
 par new generation   total 109248K, used 10K [0x8ac00000, 0x92c00000, 0x92c00000)
  eden space 87424K,   0% used [0x8ac00000, 0x8ac00000, 0x90160000)
  from space 21824K,   0% used [0x90160000, 0x90162800, 0x916b0000)
  to   space 21824K,   0% used [0x916b0000, 0x916b0000, 0x92c00000)
 concurrent mark-sweep generation total 393216K, used 12775K [0x92c00000, 0xaac00000, 0xaac00000)
 concurrent-mark-sweep perm gen total 35404K, used 22529K [0xaac00000, 0xace93000, 0xb2c00000)
}
2015-02-20T16:04:32.710-0600: 2601.165: Total time for which application threads were stopped: 0.0145350 seconds
{Heap before GC invocations=705 (full 1):
 par new generation   total 109248K, used 87434K [0x8ac00000, 0x92c00000, 0x92c00000)
  eden space 87424K, 100% used [0x8ac00000, 0x90160000, 0x90160000)
  from space 21824K,   0% used [0x90160000, 0x90162800, 0x916b0000)
  to   space 21824K,   0% used [0x916b0000, 0x916b0000, 0x92c00000)
 concurrent mark-sweep generation total 393216K, used 12775K [0x92c00000, 0xaac00000, 0xaac00000)
 concurrent-mark-sweep perm gen total 35404K, used 22529K [0xaac00000, 0xace93000, 0xb2c00000)
2015-02-20T16:04:34.157-0600: 2602.612: [GC2015-02-20T16:04:34.157-0600: 2602.612: [ParNew
Desired survivor size 20112996 bytes, new threshold 8 (max 8)
- age   1:        928 bytes,        928 total
- age   2:         16 bytes,        944 total
- age   3:        376 bytes,       1320 total
- age   4:        536 bytes,       1856 total
- age   5:        400 bytes,       2256 total
- age   6:        360 bytes,       2616 total
- age   7:        376 bytes,       2992 total
- age   8:         16 bytes,       3008 total
: 87434K->6K(109248K), 0.0374370 secs] 100209K->12781K(502464K), 0.0378310 secs] [Times: user=0.03 sys=0.00, real=0.04 secs] 
Heap after GC invocations=706 (full 1):
 par new generation   total 109248K, used 6K [0x8ac00000, 0x92c00000, 0x92c00000)
  eden space 87424K,   0% used [0x8ac00000, 0x8ac00000, 0x90160000)
  from space 21824K,   0% used [0x916b0000, 0x916b1800, 0x92c00000)
  to   space 21824K,   0% used [0x90160000, 0x90160000, 0x916b0000)
 concurrent mark-sweep generation total 393216K, used 12775K [0x92c00000, 0xaac00000, 0xaac00000)
 concurrent-mark-sweep perm gen total 35404K, used 22529K [0xaac00000, 0xace93000, 0xb2c00000)
}
2015-02-20T16:04:34.195-0600: 2602.650: Total time for which application threads were stopped: 0.0410120 seconds
{Heap before GC invocations=706 (full 1):
 par new generation   total 109248K, used 87430K [0x8ac00000, 0x92c00000, 0x92c00000)
  eden space 87424K, 100% used [0x8ac00000, 0x90160000, 0x90160000)
  from space 21824K,   0% used [0x916b0000, 0x916b1800, 0x92c00000)
  to   space 21824K,   0% used [0x90160000, 0x90160000, 0x916b0000)
 concurrent mark-sweep generation total 393216K, used 12775K [0x92c00000, 0xaac00000, 0xaac00000)
 concurrent-mark-sweep perm gen total 35404K, used 22529K [0xaac00000, 0xace93000, 0xb2c00000)
2015-02-20T16:04:35.588-0600: 2604.043: [GC2015-02-20T16:04:35.588-0600: 2604.043: [ParNew
Desired survivor size 20112996 bytes, new threshold 8 (max 8)
- age   1:        864 bytes,        864 total
- age   2:        448 bytes,       1312 total
- age   3:         16 bytes,       1328 total
- age   4:        376 bytes,       1704 total
- age   5:        536 bytes,       2240 total
- age   6:        400 bytes,       2640 total
- age   7:        360 bytes,       3000 total
- age   8:        376 bytes,       3376 total
: 87430K->8K(109248K), 0.0081240 secs] 100205K->12783K(502464K), 0.0083030 secs] [Times: user=0.02 sys=0.00, real=0.00 secs] 
Heap after GC invocations=707 (full 1):
 par new generation   total 109248K, used 8K [0x8ac00000, 0x92c00000, 0x92c00000)
  eden space 87424K,   0% used [0x8ac00000, 0x8ac00000, 0x90160000)
  from space 21824K,   0% used [0x90160000, 0x90162000, 0x916b0000)
  to   space 21824K,   0% used [0x916b0000, 0x916b0000, 0x92c00000)
 concurrent mark-sweep generation total 393216K, used 12775K [0x92c00000, 0xaac00000, 0xaac00000)
 concurrent-mark-sweep perm gen total 35404K, used 22529K [0xaac00000, 0xace93000, 0xb2c00000)
}
2015-02-20T16:04:35.596-0600: 2604.051: Total time for which application threads were stopped: 0.0110710 seconds
{Heap before GC invocations=707 (full 1):
 par new generation   total 109248K, used 87432K [0x8ac00000, 0x92c00000, 0x92c00000)
  eden space 87424K, 100% used [0x8ac00000, 0x90160000, 0x90160000)
  from space 21824K,   0% used [0x90160000, 0x90162000, 0x916b0000)
  to   space 21824K,   0% used [0x916b0000, 0x916b0000, 0x92c00000)
 concurrent mark-sweep generation total 393216K, used 12775K [0x92c00000, 0xaac00000, 0xaac00000)
 concurrent-mark-sweep perm gen total 35404K, used 22529K [0xaac00000, 0xace93000, 0xb2c00000)
2015-02-20T16:04:37.473-0600: 2605.928: [GC2015-02-20T16:04:37.473-0600: 2605.928: [ParNew
Desired survivor size 20112996 bytes, new threshold 8 (max 8)
- age   1:       1304 bytes,       1304 total
- age   2:        432 bytes,       1736 total
- age   3:        448 bytes,       2184 total
- age   4:         16 bytes,       2200 total
- age   5:        376 bytes,       2576 total
- age   6:        536 bytes,       3112 total
- age   7:        400 bytes,       3512 total
- age   8:        360 bytes,       3872 total
: 87432K->8K(109248K), 0.0079920 secs] 100207K->12783K(502464K), 0.0082500 secs] [Times: user=0.02 sys=0.00, real=0.01 secs] 
Heap after GC invocations=708 (full 1):
 par new generation   total 109248K, used 8K [0x8ac00000, 0x92c00000, 0x92c00000)
  eden space 87424K,   0% used [0x8ac00000, 0x8ac00000, 0x90160000)
  from space 21824K,   0% used [0x916b0000, 0x916b2000, 0x92c00000)
  to   space 21824K,   0% used [0x90160000, 0x90160000, 0x916b0000)
 concurrent mark-sweep generation total 393216K, used 12775K [0x92c00000, 0xaac00000, 0xaac00000)
 concurrent-mark-sweep perm gen total 35404K, used 22529K [0xaac00000, 0xace93000, 0xb2c00000)
}
2015-02-20T16:04:37.481-0600: 2605.936: Total time for which application threads were stopped: 0.0110280 seconds
{Heap before GC invocations=708 (full 1):
 par new generation   total 109248K, used 87432K [0x8ac00000, 0x92c00000, 0x92c00000)
  eden space 87424K, 100% used [0x8ac00000, 0x90160000, 0x90160000)
  from space 21824K,   0% used [0x916b0000, 0x916b2000, 0x92c00000)
  to   space 21824K,   0% used [0x90160000, 0x90160000, 0x916b0000)
 concurrent mark-sweep generation total 393216K, used 12775K [0x92c00000, 0xaac00000, 0xaac00000)
 concurrent-mark-sweep perm gen total 35404K, used 22529K [0xaac00000, 0xace93000, 0xb2c00000)
2015-02-20T16:04:39.254-0600: 2607.710: [GC2015-02-20T16:04:39.255-0600: 2607.710: [ParNew
Desired survivor size 20112996 bytes, new threshold 8 (max 8)
- age   1:       1304 bytes,       1304 total
- age   2:        376 bytes,       1680 total
- age   3:        432 bytes,       2112 total
- age   4:        448 bytes,       2560 total
- age   5:         16 bytes,       2576 total
- age   6:        376 bytes,       2952 total
- age   7:        536 bytes,       3488 total
- age   8:        400 bytes,       3888 total
: 87432K->10K(109248K), 0.0091150 secs] 100207K->12786K(502464K), 0.0093290 secs] [Times: user=0.02 sys=0.00, real=0.01 secs] 
Heap after GC invocations=709 (full 1):
 par new generation   total 109248K, used 10K [0x8ac00000, 0x92c00000, 0x92c00000)
  eden space 87424K,   0% used [0x8ac00000, 0x8ac00000, 0x90160000)
  from space 21824K,   0% used [0x90160000, 0x90162800, 0x916b0000)
  to   space 21824K,   0% used [0x916b0000, 0x916b0000, 0x92c00000)
 concurrent mark-sweep generation total 393216K, used 12776K [0x92c00000, 0xaac00000, 0xaac00000)
 concurrent-mark-sweep perm gen total 35404K, used 22529K [0xaac00000, 0xace93000, 0xb2c00000)
}
2015-02-20T16:04:39.264-0600: 2607.719: Total time for which application threads were stopped: 0.0120700 seconds
{Heap before GC invocations=709 (full 1):
 par new generation   total 109248K, used 87434K [0x8ac00000, 0x92c00000, 0x92c00000)
  eden space 87424K, 100% used [0x8ac00000, 0x90160000, 0x90160000)
  from space 21824K,   0% used [0x90160000, 0x90162800, 0x916b0000)
  to   space 21824K,   0% used [0x916b0000, 0x916b0000, 0x92c00000)
 concurrent mark-sweep generation total 393216K, used 12776K [0x92c00000, 0xaac00000, 0xaac00000)
 concurrent-mark-sweep perm gen total 35404K, used 22529K [0xaac00000, 0xace93000, 0xb2c00000)
2015-02-20T16:04:40.911-0600: 2609.366: [GC2015-02-20T16:04:40.911-0600: 2609.366: [ParNew
Desired survivor size 20112996 bytes, new threshold 8 (max 8)
- age   1:        696 bytes,        696 total
- age   2:        528 bytes,       1224 total
- age   3:        376 bytes,       1600 total
- age   4:        432 bytes,       2032 total
- age   5:        448 bytes,       2480 total
- age   6:         16 bytes,       2496 total
- age   7:        376 bytes,       2872 total
- age   8:        536 bytes,       3408 total
: 87434K->8K(109248K), 0.0250730 secs] 100210K->12784K(502464K), 0.0252310 secs] [Times: user=0.03 sys=0.00, real=0.02 secs] 
Heap after GC invocations=710 (full 1):
 par new generation   total 109248K, used 8K [0x8ac00000, 0x92c00000, 0x92c00000)
  eden space 87424K,   0% used [0x8ac00000, 0x8ac00000, 0x90160000)
  from space 21824K,   0% used [0x916b0000, 0x916b2000, 0x92c00000)
  to   space 21824K,   0% used [0x90160000, 0x90160000, 0x916b0000)
 concurrent mark-sweep generation total 393216K, used 12776K [0x92c00000, 0xaac00000, 0xaac00000)
 concurrent-mark-sweep perm gen total 35404K, used 22529K [0xaac00000, 0xace93000, 0xb2c00000)
}
2015-02-20T16:04:40.936-0600: 2609.391: Total time for which application threads were stopped: 0.0285150 seconds
{Heap before GC invocations=710 (full 1):
 par new generation   total 109248K, used 87432K [0x8ac00000, 0x92c00000, 0x92c00000)
  eden space 87424K, 100% used [0x8ac00000, 0x90160000, 0x90160000)
  from space 21824K,   0% used [0x916b0000, 0x916b2000, 0x92c00000)
  to   space 21824K,   0% used [0x90160000, 0x90160000, 0x916b0000)
 concurrent mark-sweep generation total 393216K, used 12776K [0x92c00000, 0xaac00000, 0xaac00000)
 concurrent-mark-sweep perm gen total 35404K, used 22529K [0xaac00000, 0xace93000, 0xb2c00000)
2015-02-20T16:04:42.563-0600: 2611.019: [GC2015-02-20T16:04:42.564-0600: 2611.019: [ParNew
Desired survivor size 20112996 bytes, new threshold 8 (max 8)
- age   1:        832 bytes,        832 total
- age   2:         16 bytes,        848 total
- age   3:        376 bytes,       1224 total
- age   4:        376 bytes,       1600 total
- age   5:        432 bytes,       2032 total
- age   6:        448 bytes,       2480 total
- age   7:         16 bytes,       2496 total
- age   8:        376 bytes,       2872 total
: 87432K->6K(109248K), 0.0101400 secs] 100208K->12783K(502464K), 0.0103660 secs] [Times: user=0.02 sys=0.00, real=0.01 secs] 
Heap after GC invocations=711 (full 1):
 par new generation   total 109248K, used 6K [0x8ac00000, 0x92c00000, 0x92c00000)
  eden space 87424K,   0% used [0x8ac00000, 0x8ac00000, 0x90160000)
  from space 21824K,   0% used [0x90160000, 0x90161800, 0x916b0000)
  to   space 21824K,   0% used [0x916b0000, 0x916b0000, 0x92c00000)
 concurrent mark-sweep generation total 393216K, used 12777K [0x92c00000, 0xaac00000, 0xaac00000)
 concurrent-mark-sweep perm gen total 35404K, used 22529K [0xaac00000, 0xace93000, 0xb2c00000)
}
2015-02-20T16:04:42.574-0600: 2611.029: Total time for which application threads were stopped: 0.0132730 seconds
{Heap before GC invocations=711 (full 1):
 par new generation   total 109248K, used 87430K [0x8ac00000, 0x92c00000, 0x92c00000)
  eden space 87424K, 100% used [0x8ac00000, 0x90160000, 0x90160000)
  from space 21824K,   0% used [0x90160000, 0x90161800, 0x916b0000)
  to   space 21824K,   0% used [0x916b0000, 0x916b0000, 0x92c00000)
 concurrent mark-sweep generation total 393216K, used 12777K [0x92c00000, 0xaac00000, 0xaac00000)
 concurrent-mark-sweep perm gen total 35404K, used 22529K [0xaac00000, 0xace93000, 0xb2c00000)
2015-02-20T16:04:44.310-0600: 2612.765: [GC2015-02-20T16:04:44.310-0600: 2612.765: [ParNew
Desired survivor size 20112996 bytes, new threshold 8 (max 8)
- age   1:       1336 bytes,       1336 total
- age   2:        376 bytes,       1712 total
- age   3:         16 bytes,       1728 total
- age   4:        376 bytes,       2104 total
- age   5:        376 bytes,       2480 total
- age   6:        432 bytes,       2912 total
- age   7:        448 bytes,       3360 total
- age   8:         16 bytes,       3376 total
: 87430K->6K(109248K), 0.0182730 secs] 100207K->12783K(502464K), 0.0185150 secs] [Times: user=0.04 sys=0.00, real=0.02 secs] 
Heap after GC invocations=712 (full 1):
 par new generation   total 109248K, used 6K [0x8ac00000, 0x92c00000, 0x92c00000)
  eden space 87424K,   0% used [0x8ac00000, 0x8ac00000, 0x90160000)
  from space 21824K,   0% used [0x916b0000, 0x916b1800, 0x92c00000)
  to   space 21824K,   0% used [0x90160000, 0x90160000, 0x916b0000)
 concurrent mark-sweep generation total 393216K, used 12777K [0x92c00000, 0xaac00000, 0xaac00000)
 concurrent-mark-sweep perm gen total 35404K, used 22529K [0xaac00000, 0xace93000, 0xb2c00000)
}
2015-02-20T16:04:44.329-0600: 2612.784: Total time for which application threads were stopped: 0.0217200 seconds
{Heap before GC invocations=712 (full 1):
 par new generation   total 109248K, used 87430K [0x8ac00000, 0x92c00000, 0x92c00000)
  eden space 87424K, 100% used [0x8ac00000, 0x90160000, 0x90160000)
  from space 21824K,   0% used [0x916b0000, 0x916b1800, 0x92c00000)
  to   space 21824K,   0% used [0x90160000, 0x90160000, 0x916b0000)
 concurrent mark-sweep generation total 393216K, used 12777K [0x92c00000, 0xaac00000, 0xaac00000)
 concurrent-mark-sweep perm gen total 35404K, used 22529K [0xaac00000, 0xace93000, 0xb2c00000)
2015-02-20T16:04:46.473-0600: 2614.928: [GC2015-02-20T16:04:46.473-0600: 2614.928: [ParNew
Desired survivor size 20112996 bytes, new threshold 8 (max 8)
- age   1:       1400 bytes,       1400 total
- age   2:        376 bytes,       1776 total
- age   3:        376 bytes,       2152 total
- age   4:         16 bytes,       2168 total
- age   5:        376 bytes,       2544 total
- age   6:        376 bytes,       2920 total
- age   7:        432 bytes,       3352 total
- age   8:        448 bytes,       3800 total
: 87430K->10K(109248K), 0.0184890 secs] 100207K->12787K(502464K), 0.0187280 secs] [Times: user=0.01 sys=0.00, real=0.02 secs] 
Heap after GC invocations=713 (full 1):
 par new generation   total 109248K, used 10K [0x8ac00000, 0x92c00000, 0x92c00000)
  eden space 87424K,   0% used [0x8ac00000, 0x8ac00000, 0x90160000)
  from space 21824K,   0% used [0x90160000, 0x90162800, 0x916b0000)
  to   space 21824K,   0% used [0x916b0000, 0x916b0000, 0x92c00000)
 concurrent mark-sweep generation total 393216K, used 12777K [0x92c00000, 0xaac00000, 0xaac00000)
 concurrent-mark-sweep perm gen total 35404K, used 22529K [0xaac00000, 0xace93000, 0xb2c00000)
}
2015-02-20T16:04:46.491-0600: 2614.946: Total time for which application threads were stopped: 0.0218880 seconds
{Heap before GC invocations=713 (full 1):
 par new generation   total 109248K, used 87434K [0x8ac00000, 0x92c00000, 0x92c00000)
  eden space 87424K, 100% used [0x8ac00000, 0x90160000, 0x90160000)
  from space 21824K,   0% used [0x90160000, 0x90162800, 0x916b0000)
  to   space 21824K,   0% used [0x916b0000, 0x916b0000, 0x92c00000)
 concurrent mark-sweep generation total 393216K, used 12777K [0x92c00000, 0xaac00000, 0xaac00000)
 concurrent-mark-sweep perm gen total 35404K, used 22529K [0xaac00000, 0xace93000, 0xb2c00000)
2015-02-20T16:04:48.236-0600: 2616.691: [GC2015-02-20T16:04:48.236-0600: 2616.691: [ParNew
Desired survivor size 20112996 bytes, new threshold 8 (max 8)
- age   1:        968 bytes,        968 total
- age   2:        424 bytes,       1392 total
- age   3:        376 bytes,       1768 total
- age   4:        376 bytes,       2144 total
- age   5:         16 bytes,       2160 total
- age   6:        376 bytes,       2536 total
- age   7:        376 bytes,       2912 total
- age   8:        432 bytes,       3344 total
: 87434K->6K(109248K), 0.0282630 secs] 100211K->12783K(502464K), 0.0285900 secs] [Times: user=0.03 sys=0.00, real=0.03 secs] 
Heap after GC invocations=714 (full 1):
 par new generation   total 109248K, used 6K [0x8ac00000, 0x92c00000, 0x92c00000)
  eden space 87424K,   0% used [0x8ac00000, 0x8ac00000, 0x90160000)
  from space 21824K,   0% used [0x916b0000, 0x916b1800, 0x92c00000)
  to   space 21824K,   0% used [0x90160000, 0x90160000, 0x916b0000)
 concurrent mark-sweep generation total 393216K, used 12777K [0x92c00000, 0xaac00000, 0xaac00000)
 concurrent-mark-sweep perm gen total 35404K, used 22529K [0xaac00000, 0xace93000, 0xb2c00000)
}
2015-02-20T16:04:48.265-0600: 2616.720: Total time for which application threads were stopped: 0.0376820 seconds
{Heap before GC invocations=714 (full 1):
 par new generation   total 109248K, used 87430K [0x8ac00000, 0x92c00000, 0x92c00000)
  eden space 87424K, 100% used [0x8ac00000, 0x90160000, 0x90160000)
  from space 21824K,   0% used [0x916b0000, 0x916b1800, 0x92c00000)
  to   space 21824K,   0% used [0x90160000, 0x90160000, 0x916b0000)
 concurrent mark-sweep generation total 393216K, used 12777K [0x92c00000, 0xaac00000, 0xaac00000)
 concurrent-mark-sweep perm gen total 35404K, used 22529K [0xaac00000, 0xace93000, 0xb2c00000)
2015-02-20T16:04:49.722-0600: 2618.177: [GC2015-02-20T16:04:49.722-0600: 2618.177: [ParNew
Desired survivor size 20112996 bytes, new threshold 8 (max 8)
- age   1:        976 bytes,        976 total
- age   2:        376 bytes,       1352 total
- age   3:        424 bytes,       1776 total
- age   4:        376 bytes,       2152 total
- age   5:        376 bytes,       2528 total
- age   6:         16 bytes,       2544 total
- age   7:        376 bytes,       2920 total
- age   8:        376 bytes,       3296 total
: 87430K->8K(109248K), 0.0151940 secs] 100207K->12786K(502464K), 0.0157850 secs] [Times: user=0.02 sys=0.00, real=0.02 secs] 
Heap after GC invocations=715 (full 1):
 par new generation   total 109248K, used 8K [0x8ac00000, 0x92c00000, 0x92c00000)
  eden space 87424K,   0% used [0x8ac00000, 0x8ac00000, 0x90160000)
  from space 21824K,   0% used [0x90160000, 0x90162000, 0x916b0000)
  to   space 21824K,   0% used [0x916b0000, 0x916b0000, 0x92c00000)
 concurrent mark-sweep generation total 393216K, used 12778K [0x92c00000, 0xaac00000, 0xaac00000)
 concurrent-mark-sweep perm gen total 35404K, used 22529K [0xaac00000, 0xace93000, 0xb2c00000)
}
2015-02-20T16:04:49.738-0600: 2618.193: Total time for which application threads were stopped: 0.0237600 seconds
{Heap before GC invocations=715 (full 1):
 par new generation   total 109248K, used 87432K [0x8ac00000, 0x92c00000, 0x92c00000)
  eden space 87424K, 100% used [0x8ac00000, 0x90160000, 0x90160000)
  from space 21824K,   0% used [0x90160000, 0x90162000, 0x916b0000)
  to   space 21824K,   0% used [0x916b0000, 0x916b0000, 0x92c00000)
 concurrent mark-sweep generation total 393216K, used 12778K [0x92c00000, 0xaac00000, 0xaac00000)
 concurrent-mark-sweep perm gen total 35404K, used 22529K [0xaac00000, 0xace93000, 0xb2c00000)
2015-02-20T16:04:50.731-0600: 2619.186: [GC2015-02-20T16:04:50.731-0600: 2619.186: [ParNew
Desired survivor size 20112996 bytes, new threshold 8 (max 8)
- age   1:        400 bytes,        400 total
- age   2:        560 bytes,        960 total
- age   3:        376 bytes,       1336 total
- age   4:        424 bytes,       1760 total
- age   5:        376 bytes,       2136 total
- age   6:        376 bytes,       2512 total
- age   7:         16 bytes,       2528 total
- age   8:        376 bytes,       2904 total
: 87432K->8K(109248K), 0.0120880 secs] 100210K->12786K(502464K), 0.0122750 secs] [Times: user=0.01 sys=0.00, real=0.01 secs] 
Heap after GC invocations=716 (full 1):
 par new generation   total 109248K, used 8K [0x8ac00000, 0x92c00000, 0x92c00000)
  eden space 87424K,   0% used [0x8ac00000, 0x8ac00000, 0x90160000)
  from space 21824K,   0% used [0x916b0000, 0x916b2000, 0x92c00000)
  to   space 21824K,   0% used [0x90160000, 0x90160000, 0x916b0000)
 concurrent mark-sweep generation total 393216K, used 12778K [0x92c00000, 0xaac00000, 0xaac00000)
 concurrent-mark-sweep perm gen total 35404K, used 22529K [0xaac00000, 0xace93000, 0xb2c00000)
}
2015-02-20T16:04:50.744-0600: 2619.199: Total time for which application threads were stopped: 0.0197700 seconds
{Heap before GC invocations=716 (full 1):
 par new generation   total 109248K, used 87432K [0x8ac00000, 0x92c00000, 0x92c00000)
  eden space 87424K, 100% used [0x8ac00000, 0x90160000, 0x90160000)
  from space 21824K,   0% used [0x916b0000, 0x916b2000, 0x92c00000)
  to   space 21824K,   0% used [0x90160000, 0x90160000, 0x916b0000)
 concurrent mark-sweep generation total 393216K, used 12778K [0x92c00000, 0xaac00000, 0xaac00000)
 concurrent-mark-sweep perm gen total 35404K, used 22529K [0xaac00000, 0xace93000, 0xb2c00000)
2015-02-20T16:04:51.918-0600: 2620.373: [GC2015-02-20T16:04:51.919-0600: 2620.374: [ParNew
Desired survivor size 20112996 bytes, new threshold 8 (max 8)
- age   1:        744 bytes,        744 total
- age   2:         16 bytes,        760 total
- age   3:        408 bytes,       1168 total
- age   4:        376 bytes,       1544 total
- age   5:        424 bytes,       1968 total
- age   6:        376 bytes,       2344 total
- age   7:        376 bytes,       2720 total
- age   8:         16 bytes,       2736 total
: 87432K->6K(109248K), 0.0161860 secs] 100210K->12785K(502464K), 0.0164270 secs] [Times: user=0.03 sys=0.00, real=0.01 secs] 
Heap after GC invocations=717 (full 1):
 par new generation   total 109248K, used 6K [0x8ac00000, 0x92c00000, 0x92c00000)
  eden space 87424K,   0% used [0x8ac00000, 0x8ac00000, 0x90160000)
  from space 21824K,   0% used [0x90160000, 0x90161800, 0x916b0000)
  to   space 21824K,   0% used [0x916b0000, 0x916b0000, 0x92c00000)
 concurrent mark-sweep generation total 393216K, used 12779K [0x92c00000, 0xaac00000, 0xaac00000)
 concurrent-mark-sweep perm gen total 35404K, used 22529K [0xaac00000, 0xace93000, 0xb2c00000)
}
2015-02-20T16:04:51.935-0600: 2620.390: Total time for which application threads were stopped: 0.0193250 seconds
{Heap before GC invocations=717 (full 1):
 par new generation   total 109248K, used 87430K [0x8ac00000, 0x92c00000, 0x92c00000)
  eden space 87424K, 100% used [0x8ac00000, 0x90160000, 0x90160000)
  from space 21824K,   0% used [0x90160000, 0x90161800, 0x916b0000)
  to   space 21824K,   0% used [0x916b0000, 0x916b0000, 0x92c00000)
 concurrent mark-sweep generation total 393216K, used 12779K [0x92c00000, 0xaac00000, 0xaac00000)
 concurrent-mark-sweep perm gen total 35404K, used 22529K [0xaac00000, 0xace93000, 0xb2c00000)
2015-02-20T16:04:53.163-0600: 2621.618: [GC2015-02-20T16:04:53.164-0600: 2621.619: [ParNew
Desired survivor size 20112996 bytes, new threshold 8 (max 8)
- age   1:        824 bytes,        824 total
- age   2:        384 bytes,       1208 total
- age   3:         16 bytes,       1224 total
- age   4:        408 bytes,       1632 total
- age   5:        376 bytes,       2008 total
- age   6:        424 bytes,       2432 total
- age   7:        376 bytes,       2808 total
- age   8:        376 bytes,       3184 total
: 87430K->6K(109248K), 0.0247100 secs] 100209K->12785K(502464K), 0.0250900 secs] [Times: user=0.03 sys=0.00, real=0.03 secs] 
Heap after GC invocations=718 (full 1):
 par new generation   total 109248K, used 6K [0x8ac00000, 0x92c00000, 0x92c00000)
  eden space 87424K,   0% used [0x8ac00000, 0x8ac00000, 0x90160000)
  from space 21824K,   0% used [0x916b0000, 0x916b1800, 0x92c00000)
  to   space 21824K,   0% used [0x90160000, 0x90160000, 0x916b0000)
 concurrent mark-sweep generation total 393216K, used 12779K [0x92c00000, 0xaac00000, 0xaac00000)
 concurrent-mark-sweep perm gen total 35404K, used 22529K [0xaac00000, 0xace93000, 0xb2c00000)
}
2015-02-20T16:04:53.189-0600: 2621.644: Total time for which application threads were stopped: 0.0338950 seconds
{Heap before GC invocations=718 (full 1):
 par new generation   total 109248K, used 87430K [0x8ac00000, 0x92c00000, 0x92c00000)
  eden space 87424K, 100% used [0x8ac00000, 0x90160000, 0x90160000)
  from space 21824K,   0% used [0x916b0000, 0x916b1800, 0x92c00000)
  to   space 21824K,   0% used [0x90160000, 0x90160000, 0x916b0000)
 concurrent mark-sweep generation total 393216K, used 12779K [0x92c00000, 0xaac00000, 0xaac00000)
 concurrent-mark-sweep perm gen total 35404K, used 22529K [0xaac00000, 0xace93000, 0xb2c00000)
2015-02-20T16:04:54.719-0600: 2623.175: [GC2015-02-20T16:04:54.720-0600: 2623.175: [ParNew
Desired survivor size 20112996 bytes, new threshold 8 (max 8)
- age   1:        400 bytes,        400 total
- age   2:        528 bytes,        928 total
- age   3:        384 bytes,       1312 total
- age   4:         16 bytes,       1328 total
- age   5:        408 bytes,       1736 total
- age   6:        376 bytes,       2112 total
- age   7:        424 bytes,       2536 total
- age   8:        376 bytes,       2912 total
: 87430K->6K(109248K), 0.0347010 secs] 100209K->12785K(502464K), 0.0348960 secs] [Times: user=0.04 sys=0.00, real=0.03 secs] 
Heap after GC invocations=719 (full 1):
 par new generation   total 109248K, used 6K [0x8ac00000, 0x92c00000, 0x92c00000)
  eden space 87424K,   0% used [0x8ac00000, 0x8ac00000, 0x90160000)
  from space 21824K,   0% used [0x90160000, 0x90161800, 0x916b0000)
  to   space 21824K,   0% used [0x916b0000, 0x916b0000, 0x92c00000)
 concurrent mark-sweep generation total 393216K, used 12779K [0x92c00000, 0xaac00000, 0xaac00000)
 concurrent-mark-sweep perm gen total 35404K, used 22529K [0xaac00000, 0xace93000, 0xb2c00000)
}
2015-02-20T16:04:54.754-0600: 2623.210: Total time for which application threads were stopped: 0.0381110 seconds
{Heap before GC invocations=719 (full 1):
 par new generation   total 109248K, used 87430K [0x8ac00000, 0x92c00000, 0x92c00000)
  eden space 87424K, 100% used [0x8ac00000, 0x90160000, 0x90160000)
  from space 21824K,   0% used [0x90160000, 0x90161800, 0x916b0000)
  to   space 21824K,   0% used [0x916b0000, 0x916b0000, 0x92c00000)
 concurrent mark-sweep generation total 393216K, used 12779K [0x92c00000, 0xaac00000, 0xaac00000)
 concurrent-mark-sweep perm gen total 35404K, used 22529K [0xaac00000, 0xace93000, 0xb2c00000)
2015-02-20T16:04:55.970-0600: 2624.425: [GC2015-02-20T16:04:55.970-0600: 2624.425: [ParNew
Desired survivor size 20112996 bytes, new threshold 8 (max 8)
- age   1:        864 bytes,        864 total
- age   2:         16 bytes,        880 total
- age   3:        376 bytes,       1256 total
- age   4:        384 bytes,       1640 total
- age   5:         16 bytes,       1656 total
- age   6:        408 bytes,       2064 total
- age   7:        376 bytes,       2440 total
- age   8:        424 bytes,       2864 total
: 87430K->6K(109248K), 0.0179750 secs] 100209K->12785K(502464K), 0.0182820 secs] [Times: user=0.02 sys=0.00, real=0.02 secs] 
Heap after GC invocations=720 (full 1):
 par new generation   total 109248K, used 6K [0x8ac00000, 0x92c00000, 0x92c00000)
  eden space 87424K,   0% used [0x8ac00000, 0x8ac00000, 0x90160000)
  from space 21824K,   0% used [0x916b0000, 0x916b1800, 0x92c00000)
  to   space 21824K,   0% used [0x90160000, 0x90160000, 0x916b0000)
 concurrent mark-sweep generation total 393216K, used 12779K [0x92c00000, 0xaac00000, 0xaac00000)
 concurrent-mark-sweep perm gen total 35404K, used 22529K [0xaac00000, 0xace93000, 0xb2c00000)
}
2015-02-20T16:04:55.988-0600: 2624.443: Total time for which application threads were stopped: 0.0220300 seconds
{Heap before GC invocations=720 (full 1):
 par new generation   total 109248K, used 87430K [0x8ac00000, 0x92c00000, 0x92c00000)
  eden space 87424K, 100% used [0x8ac00000, 0x90160000, 0x90160000)
  from space 21824K,   0% used [0x916b0000, 0x916b1800, 0x92c00000)
  to   space 21824K,   0% used [0x90160000, 0x90160000, 0x916b0000)
 concurrent mark-sweep generation total 393216K, used 12779K [0x92c00000, 0xaac00000, 0xaac00000)
 concurrent-mark-sweep perm gen total 35404K, used 22529K [0xaac00000, 0xace93000, 0xb2c00000)
2015-02-20T16:04:57.092-0600: 2625.547: [GC2015-02-20T16:04:57.092-0600: 2625.547: [ParNew
Desired survivor size 20112996 bytes, new threshold 8 (max 8)
- age   1:       1072 bytes,       1072 total
- age   2:        408 bytes,       1480 total
- age   3:         16 bytes,       1496 total
- age   4:        376 bytes,       1872 total
- age   5:        384 bytes,       2256 total
- age   6:         16 bytes,       2272 total
- age   7:        408 bytes,       2680 total
- age   8:        376 bytes,       3056 total
: 87430K->8K(109248K), 0.0274360 secs] 100209K->12788K(502464K), 0.0276350 secs] [Times: user=0.03 sys=0.00, real=0.03 secs] 
Heap after GC invocations=721 (full 1):
 par new generation   total 109248K, used 8K [0x8ac00000, 0x92c00000, 0x92c00000)
  eden space 87424K,   0% used [0x8ac00000, 0x8ac00000, 0x90160000)
  from space 21824K,   0% used [0x90160000, 0x90162000, 0x916b0000)
  to   space 21824K,   0% used [0x916b0000, 0x916b0000, 0x92c00000)
 concurrent mark-sweep generation total 393216K, used 12780K [0x92c00000, 0xaac00000, 0xaac00000)
 concurrent-mark-sweep perm gen total 35404K, used 22529K [0xaac00000, 0xace93000, 0xb2c00000)
}
2015-02-20T16:04:57.119-0600: 2625.574: Total time for which application threads were stopped: 0.0347700 seconds
{Heap before GC invocations=721 (full 1):
 par new generation   total 109248K, used 87432K [0x8ac00000, 0x92c00000, 0x92c00000)
  eden space 87424K, 100% used [0x8ac00000, 0x90160000, 0x90160000)
  from space 21824K,   0% used [0x90160000, 0x90162000, 0x916b0000)
  to   space 21824K,   0% used [0x916b0000, 0x916b0000, 0x92c00000)
 concurrent mark-sweep generation total 393216K, used 12780K [0x92c00000, 0xaac00000, 0xaac00000)
 concurrent-mark-sweep perm gen total 35404K, used 22529K [0xaac00000, 0xace93000, 0xb2c00000)
2015-02-20T16:04:58.772-0600: 2627.227: [GC2015-02-20T16:04:58.772-0600: 2627.227: [ParNew
Desired survivor size 20112996 bytes, new threshold 8 (max 8)
- age   1:        640 bytes,        640 total
- age   2:        656 bytes,       1296 total
- age   3:        408 bytes,       1704 total
- age   4:         16 bytes,       1720 total
- age   5:        376 bytes,       2096 total
- age   6:        384 bytes,       2480 total
- age   7:         16 bytes,       2496 total
- age   8:        408 bytes,       2904 total
: 87432K->4K(109248K), 0.0076100 secs] 100212K->12784K(502464K), 0.0078620 secs] [Times: user=0.01 sys=0.00, real=0.01 secs] 
Heap after GC invocations=722 (full 1):
 par new generation   total 109248K, used 4K [0x8ac00000, 0x92c00000, 0x92c00000)
  eden space 87424K,   0% used [0x8ac00000, 0x8ac00000, 0x90160000)
  from space 21824K,   0% used [0x916b0000, 0x916b1000, 0x92c00000)
  to   space 21824K,   0% used [0x90160000, 0x90160000, 0x916b0000)
 concurrent mark-sweep generation total 393216K, used 12780K [0x92c00000, 0xaac00000, 0xaac00000)
 concurrent-mark-sweep perm gen total 35404K, used 22529K [0xaac00000, 0xace93000, 0xb2c00000)
}
2015-02-20T16:04:58.780-0600: 2627.235: Total time for which application threads were stopped: 0.0108540 seconds
{Heap before GC invocations=722 (full 1):
 par new generation   total 109248K, used 87428K [0x8ac00000, 0x92c00000, 0x92c00000)
  eden space 87424K, 100% used [0x8ac00000, 0x90160000, 0x90160000)
  from space 21824K,   0% used [0x916b0000, 0x916b1000, 0x92c00000)
  to   space 21824K,   0% used [0x90160000, 0x90160000, 0x916b0000)
 concurrent mark-sweep generation total 393216K, used 12780K [0x92c00000, 0xaac00000, 0xaac00000)
 concurrent-mark-sweep perm gen total 35404K, used 22529K [0xaac00000, 0xace93000, 0xb2c00000)
2015-02-20T16:05:00.885-0600: 2629.340: [GC2015-02-20T16:05:00.885-0600: 2629.340: [ParNew
Desired survivor size 20112996 bytes, new threshold 8 (max 8)
- age   1:       1504 bytes,       1504 total
- age   2:         16 bytes,       1520 total
- age   3:        504 bytes,       2024 total
- age   4:        408 bytes,       2432 total
- age   5:         16 bytes,       2448 total
- age   6:        376 bytes,       2824 total
- age   7:        384 bytes,       3208 total
- age   8:         16 bytes,       3224 total
: 87428K->10K(109248K), 0.0064580 secs] 100208K->12791K(502464K), 0.0066460 secs] [Times: user=0.01 sys=0.00, real=0.01 secs] 
Heap after GC invocations=723 (full 1):
 par new generation   total 109248K, used 10K [0x8ac00000, 0x92c00000, 0x92c00000)
  eden space 87424K,   0% used [0x8ac00000, 0x8ac00000, 0x90160000)
  from space 21824K,   0% used [0x90160000, 0x90162800, 0x916b0000)
  to   space 21824K,   0% used [0x916b0000, 0x916b0000, 0x92c00000)
 concurrent mark-sweep generation total 393216K, used 12781K [0x92c00000, 0xaac00000, 0xaac00000)
 concurrent-mark-sweep perm gen total 35404K, used 22529K [0xaac00000, 0xace93000, 0xb2c00000)
}
2015-02-20T16:05:00.892-0600: 2629.347: Total time for which application threads were stopped: 0.0094030 seconds
{Heap before GC invocations=723 (full 1):
 par new generation   total 109248K, used 87434K [0x8ac00000, 0x92c00000, 0x92c00000)
  eden space 87424K, 100% used [0x8ac00000, 0x90160000, 0x90160000)
  from space 21824K,   0% used [0x90160000, 0x90162800, 0x916b0000)
  to   space 21824K,   0% used [0x916b0000, 0x916b0000, 0x92c00000)
 concurrent mark-sweep generation total 393216K, used 12781K [0x92c00000, 0xaac00000, 0xaac00000)
 concurrent-mark-sweep perm gen total 35404K, used 22529K [0xaac00000, 0xace93000, 0xb2c00000)
2015-02-20T16:05:02.783-0600: 2631.238: [GC2015-02-20T16:05:02.783-0600: 2631.238: [ParNew
Desired survivor size 20112996 bytes, new threshold 8 (max 8)
- age   1:       1152 bytes,       1152 total
- age   2:        400 bytes,       1552 total
- age   3:         16 bytes,       1568 total
- age   4:        504 bytes,       2072 total
- age   5:        408 bytes,       2480 total
- age   6:         16 bytes,       2496 total
- age   7:        376 bytes,       2872 total
- age   8:        384 bytes,       3256 total
: 87434K->10K(109248K), 0.0071750 secs] 100215K->12791K(502464K), 0.0073660 secs] [Times: user=0.01 sys=0.00, real=0.01 secs] 
Heap after GC invocations=724 (full 1):
 par new generation   total 109248K, used 10K [0x8ac00000, 0x92c00000, 0x92c00000)
  eden space 87424K,   0% used [0x8ac00000, 0x8ac00000, 0x90160000)
  from space 21824K,   0% used [0x916b0000, 0x916b2800, 0x92c00000)
  to   space 21824K,   0% used [0x90160000, 0x90160000, 0x916b0000)
 concurrent mark-sweep generation total 393216K, used 12781K [0x92c00000, 0xaac00000, 0xaac00000)
 concurrent-mark-sweep perm gen total 35404K, used 22529K [0xaac00000, 0xace93000, 0xb2c00000)
}
2015-02-20T16:05:02.790-0600: 2631.245: Total time for which application threads were stopped: 0.0101880 seconds
{Heap before GC invocations=724 (full 1):
 par new generation   total 109248K, used 87434K [0x8ac00000, 0x92c00000, 0x92c00000)
  eden space 87424K, 100% used [0x8ac00000, 0x90160000, 0x90160000)
  from space 21824K,   0% used [0x916b0000, 0x916b2800, 0x92c00000)
  to   space 21824K,   0% used [0x90160000, 0x90160000, 0x916b0000)
 concurrent mark-sweep generation total 393216K, used 12781K [0x92c00000, 0xaac00000, 0xaac00000)
 concurrent-mark-sweep perm gen total 35404K, used 22529K [0xaac00000, 0xace93000, 0xb2c00000)
2015-02-20T16:05:04.510-0600: 2632.965: [GC2015-02-20T16:05:04.510-0600: 2632.965: [ParNew
Desired survivor size 20112996 bytes, new threshold 8 (max 8)
- age   1:        968 bytes,        968 total
- age   2:        376 bytes,       1344 total
- age   3:        400 bytes,       1744 total
- age   4:         16 bytes,       1760 total
- age   5:        504 bytes,       2264 total
- age   6:        408 bytes,       2672 total
- age   7:         16 bytes,       2688 total
- age   8:        376 bytes,       3064 total
: 87434K->6K(109248K), 0.0142680 secs] 100215K->12787K(502464K), 0.0144500 secs] [Times: user=0.03 sys=0.00, real=0.01 secs] 
Heap after GC invocations=725 (full 1):
 par new generation   total 109248K, used 6K [0x8ac00000, 0x92c00000, 0x92c00000)
  eden space 87424K,   0% used [0x8ac00000, 0x8ac00000, 0x90160000)
  from space 21824K,   0% used [0x90160000, 0x90161800, 0x916b0000)
  to   space 21824K,   0% used [0x916b0000, 0x916b0000, 0x92c00000)
 concurrent mark-sweep generation total 393216K, used 12781K [0x92c00000, 0xaac00000, 0xaac00000)
 concurrent-mark-sweep perm gen total 35404K, used 22529K [0xaac00000, 0xace93000, 0xb2c00000)
}
2015-02-20T16:05:04.524-0600: 2632.979: Total time for which application threads were stopped: 0.0171250 seconds
{Heap before GC invocations=725 (full 1):
 par new generation   total 109248K, used 87430K [0x8ac00000, 0x92c00000, 0x92c00000)
  eden space 87424K, 100% used [0x8ac00000, 0x90160000, 0x90160000)
  from space 21824K,   0% used [0x90160000, 0x90161800, 0x916b0000)
  to   space 21824K,   0% used [0x916b0000, 0x916b0000, 0x92c00000)
 concurrent mark-sweep generation total 393216K, used 12781K [0x92c00000, 0xaac00000, 0xaac00000)
 concurrent-mark-sweep perm gen total 35404K, used 22529K [0xaac00000, 0xace93000, 0xb2c00000)
2015-02-20T16:05:06.511-0600: 2634.966: [GC2015-02-20T16:05:06.511-0600: 2634.966: [ParNew
Desired survivor size 20112996 bytes, new threshold 8 (max 8)
- age   1:       1280 bytes,       1280 total
- age   2:        400 bytes,       1680 total
- age   3:        376 bytes,       2056 total
- age   4:        400 bytes,       2456 total
- age   5:         16 bytes,       2472 total
- age   6:        504 bytes,       2976 total
- age   7:        408 bytes,       3384 total
- age   8:         16 bytes,       3400 total
: 87430K->8K(109248K), 0.0088060 secs] 100211K->12789K(502464K), 0.0090540 secs] [Times: user=0.01 sys=0.00, real=0.01 secs] 
Heap after GC invocations=726 (full 1):
 par new generation   total 109248K, used 8K [0x8ac00000, 0x92c00000, 0x92c00000)
  eden space 87424K,   0% used [0x8ac00000, 0x8ac00000, 0x90160000)
  from space 21824K,   0% used [0x916b0000, 0x916b2000, 0x92c00000)
  to   space 21824K,   0% used [0x90160000, 0x90160000, 0x916b0000)
 concurrent mark-sweep generation total 393216K, used 12781K [0x92c00000, 0xaac00000, 0xaac00000)
 concurrent-mark-sweep perm gen total 35404K, used 22529K [0xaac00000, 0xace93000, 0xb2c00000)
}
2015-02-20T16:05:06.520-0600: 2634.975: Total time for which application threads were stopped: 0.0117000 seconds
{Heap before GC invocations=726 (full 1):
 par new generation   total 109248K, used 87432K [0x8ac00000, 0x92c00000, 0x92c00000)
  eden space 87424K, 100% used [0x8ac00000, 0x90160000, 0x90160000)
  from space 21824K,   0% used [0x916b0000, 0x916b2000, 0x92c00000)
  to   space 21824K,   0% used [0x90160000, 0x90160000, 0x916b0000)
 concurrent mark-sweep generation total 393216K, used 12781K [0x92c00000, 0xaac00000, 0xaac00000)
 concurrent-mark-sweep perm gen total 35404K, used 22529K [0xaac00000, 0xace93000, 0xb2c00000)
2015-02-20T16:05:08.427-0600: 2636.882: [GC2015-02-20T16:05:08.427-0600: 2636.882: [ParNew
Desired survivor size 20112996 bytes, new threshold 8 (max 8)
- age   1:       1144 bytes,       1144 total
- age   2:        448 bytes,       1592 total
- age   3:        400 bytes,       1992 total
- age   4:        376 bytes,       2368 total
- age   5:        400 bytes,       2768 total
- age   6:         16 bytes,       2784 total
- age   7:        504 bytes,       3288 total
- age   8:        408 bytes,       3696 total
: 87432K->6K(109248K), 0.0081030 secs] 100213K->12787K(502464K), 0.0083270 secs] [Times: user=0.01 sys=0.00, real=0.01 secs] 
Heap after GC invocations=727 (full 1):
 par new generation   total 109248K, used 6K [0x8ac00000, 0x92c00000, 0x92c00000)
  eden space 87424K,   0% used [0x8ac00000, 0x8ac00000, 0x90160000)
  from space 21824K,   0% used [0x90160000, 0x90161800, 0x916b0000)
  to   space 21824K,   0% used [0x916b0000, 0x916b0000, 0x92c00000)
 concurrent mark-sweep generation total 393216K, used 12781K [0x92c00000, 0xaac00000, 0xaac00000)
 concurrent-mark-sweep perm gen total 35404K, used 22529K [0xaac00000, 0xace93000, 0xb2c00000)
}
2015-02-20T16:05:08.435-0600: 2636.890: Total time for which application threads were stopped: 0.0113270 seconds
{Heap before GC invocations=727 (full 1):
 par new generation   total 109248K, used 87430K [0x8ac00000, 0x92c00000, 0x92c00000)
  eden space 87424K, 100% used [0x8ac00000, 0x90160000, 0x90160000)
  from space 21824K,   0% used [0x90160000, 0x90161800, 0x916b0000)
  to   space 21824K,   0% used [0x916b0000, 0x916b0000, 0x92c00000)
 concurrent mark-sweep generation total 393216K, used 12781K [0x92c00000, 0xaac00000, 0xaac00000)
 concurrent-mark-sweep perm gen total 35404K, used 22529K [0xaac00000, 0xace93000, 0xb2c00000)
2015-02-20T16:05:10.251-0600: 2638.706: [GC2015-02-20T16:05:10.251-0600: 2638.706: [ParNew
Desired survivor size 20112996 bytes, new threshold 8 (max 8)
- age   1:       1208 bytes,       1208 total
- age   2:        376 bytes,       1584 total
- age   3:        448 bytes,       2032 total
- age   4:        400 bytes,       2432 total
- age   5:        376 bytes,       2808 total
- age   6:        400 bytes,       3208 total
- age   7:         16 bytes,       3224 total
- age   8:        504 bytes,       3728 total
: 87430K->10K(109248K), 0.0059960 secs] 100211K->12792K(502464K), 0.0061920 secs] [Times: user=0.01 sys=0.00, real=0.00 secs] 
Heap after GC invocations=728 (full 1):
 par new generation   total 109248K, used 10K [0x8ac00000, 0x92c00000, 0x92c00000)
  eden space 87424K,   0% used [0x8ac00000, 0x8ac00000, 0x90160000)
  from space 21824K,   0% used [0x916b0000, 0x916b2800, 0x92c00000)
  to   space 21824K,   0% used [0x90160000, 0x90160000, 0x916b0000)
 concurrent mark-sweep generation total 393216K, used 12782K [0x92c00000, 0xaac00000, 0xaac00000)
 concurrent-mark-sweep perm gen total 35404K, used 22529K [0xaac00000, 0xace93000, 0xb2c00000)
}
2015-02-20T16:05:10.257-0600: 2638.712: Total time for which application threads were stopped: 0.0089510 seconds
{Heap before GC invocations=728 (full 1):
 par new generation   total 109248K, used 87434K [0x8ac00000, 0x92c00000, 0x92c00000)
  eden space 87424K, 100% used [0x8ac00000, 0x90160000, 0x90160000)
  from space 21824K,   0% used [0x916b0000, 0x916b2800, 0x92c00000)
  to   space 21824K,   0% used [0x90160000, 0x90160000, 0x916b0000)
 concurrent mark-sweep generation total 393216K, used 12782K [0x92c00000, 0xaac00000, 0xaac00000)
 concurrent-mark-sweep perm gen total 35404K, used 22529K [0xaac00000, 0xace93000, 0xb2c00000)
2015-02-20T16:05:12.044-0600: 2640.499: [GC2015-02-20T16:05:12.044-0600: 2640.499: [ParNew
Desired survivor size 20112996 bytes, new threshold 8 (max 8)
- age   1:       1160 bytes,       1160 total
- age   2:        376 bytes,       1536 total
- age   3:        376 bytes,       1912 total
- age   4:        448 bytes,       2360 total
- age   5:        400 bytes,       2760 total
- age   6:        376 bytes,       3136 total
- age   7:        400 bytes,       3536 total
- age   8:         16 bytes,       3552 total
: 87434K->10K(109248K), 0.0266540 secs] 100216K->12792K(502464K), 0.0269330 secs] [Times: user=0.03 sys=0.00, real=0.03 secs] 
Heap after GC invocations=729 (full 1):
 par new generation   total 109248K, used 10K [0x8ac00000, 0x92c00000, 0x92c00000)
  eden space 87424K,   0% used [0x8ac00000, 0x8ac00000, 0x90160000)
  from space 21824K,   0% used [0x90160000, 0x90162800, 0x916b0000)
  to   space 21824K,   0% used [0x916b0000, 0x916b0000, 0x92c00000)
 concurrent mark-sweep generation total 393216K, used 12782K [0x92c00000, 0xaac00000, 0xaac00000)
 concurrent-mark-sweep perm gen total 35404K, used 22529K [0xaac00000, 0xace93000, 0xb2c00000)
}
2015-02-20T16:05:12.071-0600: 2640.526: Total time for which application threads were stopped: 0.0296230 seconds
{Heap before GC invocations=729 (full 1):
 par new generation   total 109248K, used 87434K [0x8ac00000, 0x92c00000, 0x92c00000)
  eden space 87424K, 100% used [0x8ac00000, 0x90160000, 0x90160000)
  from space 21824K,   0% used [0x90160000, 0x90162800, 0x916b0000)
  to   space 21824K,   0% used [0x916b0000, 0x916b0000, 0x92c00000)
 concurrent mark-sweep generation total 393216K, used 12782K [0x92c00000, 0xaac00000, 0xaac00000)
 concurrent-mark-sweep perm gen total 35404K, used 22529K [0xaac00000, 0xace93000, 0xb2c00000)
2015-02-20T16:05:13.874-0600: 2642.329: [GC2015-02-20T16:05:13.874-0600: 2642.329: [ParNew
Desired survivor size 20112996 bytes, new threshold 8 (max 8)
- age   1:       1384 bytes,       1384 total
- age   2:        376 bytes,       1760 total
- age   3:        376 bytes,       2136 total
- age   4:        376 bytes,       2512 total
- age   5:        448 bytes,       2960 total
- age   6:        400 bytes,       3360 total
- age   7:        376 bytes,       3736 total
- age   8:        400 bytes,       4136 total
: 87434K->8K(109248K), 0.0104890 secs] 100216K->12790K(502464K), 0.0106740 secs] [Times: user=0.02 sys=0.00, real=0.01 secs] 
Heap after GC invocations=730 (full 1):
 par new generation   total 109248K, used 8K [0x8ac00000, 0x92c00000, 0x92c00000)
  eden space 87424K,   0% used [0x8ac00000, 0x8ac00000, 0x90160000)
  from space 21824K,   0% used [0x916b0000, 0x916b2000, 0x92c00000)
  to   space 21824K,   0% used [0x90160000, 0x90160000, 0x916b0000)
 concurrent mark-sweep generation total 393216K, used 12782K [0x92c00000, 0xaac00000, 0xaac00000)
 concurrent-mark-sweep perm gen total 35404K, used 22529K [0xaac00000, 0xace93000, 0xb2c00000)
}
2015-02-20T16:05:13.884-0600: 2642.339: Total time for which application threads were stopped: 0.0135270 seconds
{Heap before GC invocations=730 (full 1):
 par new generation   total 109248K, used 87432K [0x8ac00000, 0x92c00000, 0x92c00000)
  eden space 87424K, 100% used [0x8ac00000, 0x90160000, 0x90160000)
  from space 21824K,   0% used [0x916b0000, 0x916b2000, 0x92c00000)
  to   space 21824K,   0% used [0x90160000, 0x90160000, 0x916b0000)
 concurrent mark-sweep generation total 393216K, used 12782K [0x92c00000, 0xaac00000, 0xaac00000)
 concurrent-mark-sweep perm gen total 35404K, used 22529K [0xaac00000, 0xace93000, 0xb2c00000)
2015-02-20T16:05:15.808-0600: 2644.263: [GC2015-02-20T16:05:15.808-0600: 2644.263: [ParNew
Desired survivor size 20112996 bytes, new threshold 8 (max 8)
- age   1:       1256 bytes,       1256 total
- age   2:        456 bytes,       1712 total
- age   3:        376 bytes,       2088 total
- age   4:        376 bytes,       2464 total
- age   5:        376 bytes,       2840 total
- age   6:        448 bytes,       3288 total
- age   7:        400 bytes,       3688 total
- age   8:        376 bytes,       4064 total
: 87432K->10K(109248K), 0.0072890 secs] 100214K->12793K(502464K), 0.0075410 secs] [Times: user=0.01 sys=0.00, real=0.00 secs] 
Heap after GC invocations=731 (full 1):
 par new generation   total 109248K, used 10K [0x8ac00000, 0x92c00000, 0x92c00000)
  eden space 87424K,   0% used [0x8ac00000, 0x8ac00000, 0x90160000)
  from space 21824K,   0% used [0x90160000, 0x90162800, 0x916b0000)
  to   space 21824K,   0% used [0x916b0000, 0x916b0000, 0x92c00000)
 concurrent mark-sweep generation total 393216K, used 12783K [0x92c00000, 0xaac00000, 0xaac00000)
 concurrent-mark-sweep perm gen total 35404K, used 22529K [0xaac00000, 0xace93000, 0xb2c00000)
}
2015-02-20T16:05:15.816-0600: 2644.271: Total time for which application threads were stopped: 0.0104330 seconds
{Heap before GC invocations=731 (full 1):
 par new generation   total 109248K, used 87434K [0x8ac00000, 0x92c00000, 0x92c00000)
  eden space 87424K, 100% used [0x8ac00000, 0x90160000, 0x90160000)
  from space 21824K,   0% used [0x90160000, 0x90162800, 0x916b0000)
  to   space 21824K,   0% used [0x916b0000, 0x916b0000, 0x92c00000)
 concurrent mark-sweep generation total 393216K, used 12783K [0x92c00000, 0xaac00000, 0xaac00000)
 concurrent-mark-sweep perm gen total 35404K, used 22529K [0xaac00000, 0xace93000, 0xb2c00000)
2015-02-20T16:05:17.216-0600: 2645.671: [GC2015-02-20T16:05:17.216-0600: 2645.671: [ParNew
Desired survivor size 20112996 bytes, new threshold 8 (max 8)
- age   1:        856 bytes,        856 total
- age   2:        424 bytes,       1280 total
- age   3:        456 bytes,       1736 total
- age   4:        376 bytes,       2112 total
- age   5:        376 bytes,       2488 total
- age   6:        376 bytes,       2864 total
- age   7:        448 bytes,       3312 total
- age   8:        400 bytes,       3712 total
: 87434K->6K(109248K), 0.0107090 secs] 100217K->12789K(502464K), 0.0111920 secs] [Times: user=0.02 sys=0.00, real=0.01 secs] 
Heap after GC invocations=732 (full 1):
 par new generation   total 109248K, used 6K [0x8ac00000, 0x92c00000, 0x92c00000)
  eden space 87424K,   0% used [0x8ac00000, 0x8ac00000, 0x90160000)
  from space 21824K,   0% used [0x916b0000, 0x916b1800, 0x92c00000)
  to   space 21824K,   0% used [0x90160000, 0x90160000, 0x916b0000)
 concurrent mark-sweep generation total 393216K, used 12783K [0x92c00000, 0xaac00000, 0xaac00000)
 concurrent-mark-sweep perm gen total 35404K, used 22529K [0xaac00000, 0xace93000, 0xb2c00000)
}
2015-02-20T16:05:17.227-0600: 2645.682: Total time for which application threads were stopped: 0.0176230 seconds
{Heap before GC invocations=732 (full 1):
 par new generation   total 109248K, used 87430K [0x8ac00000, 0x92c00000, 0x92c00000)
  eden space 87424K, 100% used [0x8ac00000, 0x90160000, 0x90160000)
  from space 21824K,   0% used [0x916b0000, 0x916b1800, 0x92c00000)
  to   space 21824K,   0% used [0x90160000, 0x90160000, 0x916b0000)
 concurrent mark-sweep generation total 393216K, used 12783K [0x92c00000, 0xaac00000, 0xaac00000)
 concurrent-mark-sweep perm gen total 35404K, used 22529K [0xaac00000, 0xace93000, 0xb2c00000)
2015-02-20T16:05:19.138-0600: 2647.593: [GC2015-02-20T16:05:19.138-0600: 2647.593: [ParNew
Desired survivor size 20112996 bytes, new threshold 8 (max 8)
- age   1:       1216 bytes,       1216 total
- age   2:        376 bytes,       1592 total
- age   3:        424 bytes,       2016 total
- age   4:        456 bytes,       2472 total
- age   5:        376 bytes,       2848 total
- age   6:        376 bytes,       3224 total
- age   7:        376 bytes,       3600 total
- age   8:        448 bytes,       4048 total
: 87430K->6K(109248K), 0.0083080 secs] 100213K->12789K(502464K), 0.0085200 secs] [Times: user=0.01 sys=0.00, real=0.00 secs] 
Heap after GC invocations=733 (full 1):
 par new generation   total 109248K, used 6K [0x8ac00000, 0x92c00000, 0x92c00000)
  eden space 87424K,   0% used [0x8ac00000, 0x8ac00000, 0x90160000)
  from space 21824K,   0% used [0x90160000, 0x90161800, 0x916b0000)
  to   space 21824K,   0% used [0x916b0000, 0x916b0000, 0x92c00000)
 concurrent mark-sweep generation total 393216K, used 12783K [0x92c00000, 0xaac00000, 0xaac00000)
 concurrent-mark-sweep perm gen total 35404K, used 22529K [0xaac00000, 0xace93000, 0xb2c00000)
}
2015-02-20T16:05:19.147-0600: 2647.602: Total time for which application threads were stopped: 0.0112930 seconds
{Heap before GC invocations=733 (full 1):
 par new generation   total 109248K, used 87430K [0x8ac00000, 0x92c00000, 0x92c00000)
  eden space 87424K, 100% used [0x8ac00000, 0x90160000, 0x90160000)
  from space 21824K,   0% used [0x90160000, 0x90161800, 0x916b0000)
  to   space 21824K,   0% used [0x916b0000, 0x916b0000, 0x92c00000)
 concurrent mark-sweep generation total 393216K, used 12783K [0x92c00000, 0xaac00000, 0xaac00000)
 concurrent-mark-sweep perm gen total 35404K, used 22529K [0xaac00000, 0xace93000, 0xb2c00000)
2015-02-20T16:05:21.016-0600: 2649.472: [GC2015-02-20T16:05:21.017-0600: 2649.472: [ParNew
Desired survivor size 20112996 bytes, new threshold 8 (max 8)
- age   1:        776 bytes,        776 total
- age   2:        576 bytes,       1352 total
- age   3:        376 bytes,       1728 total
- age   4:        424 bytes,       2152 total
- age   5:        456 bytes,       2608 total
- age   6:        376 bytes,       2984 total
- age   7:        376 bytes,       3360 total
- age   8:        376 bytes,       3736 total
: 87430K->6K(109248K), 0.0139860 secs] 100213K->12790K(502464K), 0.0141590 secs] [Times: user=0.03 sys=0.00, real=0.02 secs] 
Heap after GC invocations=734 (full 1):
 par new generation   total 109248K, used 6K [0x8ac00000, 0x92c00000, 0x92c00000)
  eden space 87424K,   0% used [0x8ac00000, 0x8ac00000, 0x90160000)
  from space 21824K,   0% used [0x916b0000, 0x916b1800, 0x92c00000)
  to   space 21824K,   0% used [0x90160000, 0x90160000, 0x916b0000)
 concurrent mark-sweep generation total 393216K, used 12784K [0x92c00000, 0xaac00000, 0xaac00000)
 concurrent-mark-sweep perm gen total 35404K, used 22529K [0xaac00000, 0xace93000, 0xb2c00000)
}
2015-02-20T16:05:21.031-0600: 2649.486: Total time for which application threads were stopped: 0.0168740 seconds
{Heap before GC invocations=734 (full 1):
 par new generation   total 109248K, used 87430K [0x8ac00000, 0x92c00000, 0x92c00000)
  eden space 87424K, 100% used [0x8ac00000, 0x90160000, 0x90160000)
  from space 21824K,   0% used [0x916b0000, 0x916b1800, 0x92c00000)
  to   space 21824K,   0% used [0x90160000, 0x90160000, 0x916b0000)
 concurrent mark-sweep generation total 393216K, used 12784K [0x92c00000, 0xaac00000, 0xaac00000)
 concurrent-mark-sweep perm gen total 35404K, used 22529K [0xaac00000, 0xace93000, 0xb2c00000)
2015-02-20T16:05:22.892-0600: 2651.347: [GC2015-02-20T16:05:22.892-0600: 2651.347: [ParNew
Desired survivor size 20112996 bytes, new threshold 8 (max 8)
- age   1:        856 bytes,        856 total
- age   2:        240 bytes,       1096 total
- age   3:        448 bytes,       1544 total
- age   4:        376 bytes,       1920 total
- age   5:        424 bytes,       2344 total
- age   6:        456 bytes,       2800 total
- age   7:        376 bytes,       3176 total
- age   8:        376 bytes,       3552 total
: 87430K->10K(109248K), 0.0062970 secs] 100214K->12794K(502464K), 0.0065030 secs] [Times: user=0.02 sys=0.00, real=0.01 secs] 
Heap after GC invocations=735 (full 1):
 par new generation   total 109248K, used 10K [0x8ac00000, 0x92c00000, 0x92c00000)
  eden space 87424K,   0% used [0x8ac00000, 0x8ac00000, 0x90160000)
  from space 21824K,   0% used [0x90160000, 0x90162800, 0x916b0000)
  to   space 21824K,   0% used [0x916b0000, 0x916b0000, 0x92c00000)
 concurrent mark-sweep generation total 393216K, used 12784K [0x92c00000, 0xaac00000, 0xaac00000)
 concurrent-mark-sweep perm gen total 35404K, used 22529K [0xaac00000, 0xace93000, 0xb2c00000)
}
2015-02-20T16:05:22.899-0600: 2651.354: Total time for which application threads were stopped: 0.0093360 seconds
{Heap before GC invocations=735 (full 1):
 par new generation   total 109248K, used 87434K [0x8ac00000, 0x92c00000, 0x92c00000)
  eden space 87424K, 100% used [0x8ac00000, 0x90160000, 0x90160000)
  from space 21824K,   0% used [0x90160000, 0x90162800, 0x916b0000)
  to   space 21824K,   0% used [0x916b0000, 0x916b0000, 0x92c00000)
 concurrent mark-sweep generation total 393216K, used 12784K [0x92c00000, 0xaac00000, 0xaac00000)
 concurrent-mark-sweep perm gen total 35404K, used 22529K [0xaac00000, 0xace93000, 0xb2c00000)
2015-02-20T16:05:24.850-0600: 2653.305: [GC2015-02-20T16:05:24.850-0600: 2653.305: [ParNew
Desired survivor size 20112996 bytes, new threshold 8 (max 8)
- age   1:       1200 bytes,       1200 total
- age   2:        248 bytes,       1448 total
- age   3:        216 bytes,       1664 total
- age   4:        448 bytes,       2112 total
- age   5:        376 bytes,       2488 total
- age   6:        424 bytes,       2912 total
- age   7:        456 bytes,       3368 total
- age   8:        376 bytes,       3744 total
: 87434K->10K(109248K), 0.0124550 secs] 100218K->12795K(502464K), 0.0126980 secs] [Times: user=0.01 sys=0.00, real=0.01 secs] 
Heap after GC invocations=736 (full 1):
 par new generation   total 109248K, used 10K [0x8ac00000, 0x92c00000, 0x92c00000)
  eden space 87424K,   0% used [0x8ac00000, 0x8ac00000, 0x90160000)
  from space 21824K,   0% used [0x916b0000, 0x916b2800, 0x92c00000)
  to   space 21824K,   0% used [0x90160000, 0x90160000, 0x916b0000)
 concurrent mark-sweep generation total 393216K, used 12785K [0x92c00000, 0xaac00000, 0xaac00000)
 concurrent-mark-sweep perm gen total 35404K, used 22529K [0xaac00000, 0xace93000, 0xb2c00000)
}
2015-02-20T16:05:24.863-0600: 2653.318: Total time for which application threads were stopped: 0.0155040 seconds
{Heap before GC invocations=736 (full 1):
 par new generation   total 109248K, used 87434K [0x8ac00000, 0x92c00000, 0x92c00000)
  eden space 87424K, 100% used [0x8ac00000, 0x90160000, 0x90160000)
  from space 21824K,   0% used [0x916b0000, 0x916b2800, 0x92c00000)
  to   space 21824K,   0% used [0x90160000, 0x90160000, 0x916b0000)
 concurrent mark-sweep generation total 393216K, used 12785K [0x92c00000, 0xaac00000, 0xaac00000)
 concurrent-mark-sweep perm gen total 35404K, used 22529K [0xaac00000, 0xace93000, 0xb2c00000)
2015-02-20T16:05:27.037-0600: 2655.492: [GC2015-02-20T16:05:27.037-0600: 2655.492: [ParNew
Desired survivor size 20112996 bytes, new threshold 8 (max 8)
- age   1:       2032 bytes,       2032 total
- age   2:        424 bytes,       2456 total
- age   3:        248 bytes,       2704 total
- age   4:        216 bytes,       2920 total
- age   5:        448 bytes,       3368 total
- age   6:        376 bytes,       3744 total
- age   7:        424 bytes,       4168 total
- age   8:        456 bytes,       4624 total
: 87434K->8K(109248K), 0.0359600 secs] 100219K->12793K(502464K), 0.0361680 secs] [Times: user=0.05 sys=0.00, real=0.04 secs] 
Heap after GC invocations=737 (full 1):
 par new generation   total 109248K, used 8K [0x8ac00000, 0x92c00000, 0x92c00000)
  eden space 87424K,   0% used [0x8ac00000, 0x8ac00000, 0x90160000)
  from space 21824K,   0% used [0x90160000, 0x90162000, 0x916b0000)
  to   space 21824K,   0% used [0x916b0000, 0x916b0000, 0x92c00000)
 concurrent mark-sweep generation total 393216K, used 12785K [0x92c00000, 0xaac00000, 0xaac00000)
 concurrent-mark-sweep perm gen total 35404K, used 22529K [0xaac00000, 0xace93000, 0xb2c00000)
}
2015-02-20T16:05:27.073-0600: 2655.528: Total time for which application threads were stopped: 0.0390080 seconds
{Heap before GC invocations=737 (full 1):
 par new generation   total 109248K, used 87432K [0x8ac00000, 0x92c00000, 0x92c00000)
  eden space 87424K, 100% used [0x8ac00000, 0x90160000, 0x90160000)
  from space 21824K,   0% used [0x90160000, 0x90162000, 0x916b0000)
  to   space 21824K,   0% used [0x916b0000, 0x916b0000, 0x92c00000)
 concurrent mark-sweep generation total 393216K, used 12785K [0x92c00000, 0xaac00000, 0xaac00000)
 concurrent-mark-sweep perm gen total 35404K, used 22529K [0xaac00000, 0xace93000, 0xb2c00000)
2015-02-20T16:05:28.914-0600: 2657.369: [GC2015-02-20T16:05:28.914-0600: 2657.369: [ParNew
Desired survivor size 20112996 bytes, new threshold 8 (max 8)
- age   1:       1000 bytes,       1000 total
- age   2:        760 bytes,       1760 total
- age   3:        424 bytes,       2184 total
- age   4:        248 bytes,       2432 total
- age   5:        216 bytes,       2648 total
- age   6:        448 bytes,       3096 total
- age   7:        376 bytes,       3472 total
- age   8:        424 bytes,       3896 total
: 87432K->8K(109248K), 0.0057660 secs] 100217K->12793K(502464K), 0.0060150 secs] [Times: user=0.01 sys=0.00, real=0.01 secs] 
Heap after GC invocations=738 (full 1):
 par new generation   total 109248K, used 8K [0x8ac00000, 0x92c00000, 0x92c00000)
  eden space 87424K,   0% used [0x8ac00000, 0x8ac00000, 0x90160000)
  from space 21824K,   0% used [0x916b0000, 0x916b2000, 0x92c00000)
  to   space 21824K,   0% used [0x90160000, 0x90160000, 0x916b0000)
 concurrent mark-sweep generation total 393216K, used 12785K [0x92c00000, 0xaac00000, 0xaac00000)
 concurrent-mark-sweep perm gen total 35404K, used 22529K [0xaac00000, 0xace93000, 0xb2c00000)
}
2015-02-20T16:05:28.920-0600: 2657.375: Total time for which application threads were stopped: 0.0089520 seconds
{Heap before GC invocations=738 (full 1):
 par new generation   total 109248K, used 87432K [0x8ac00000, 0x92c00000, 0x92c00000)
  eden space 87424K, 100% used [0x8ac00000, 0x90160000, 0x90160000)
  from space 21824K,   0% used [0x916b0000, 0x916b2000, 0x92c00000)
  to   space 21824K,   0% used [0x90160000, 0x90160000, 0x916b0000)
 concurrent mark-sweep generation total 393216K, used 12785K [0x92c00000, 0xaac00000, 0xaac00000)
 concurrent-mark-sweep perm gen total 35404K, used 22529K [0xaac00000, 0xace93000, 0xb2c00000)
2015-02-20T16:05:30.896-0600: 2659.352: [GC2015-02-20T16:05:30.897-0600: 2659.352: [ParNew
Desired survivor size 20112996 bytes, new threshold 8 (max 8)
- age   1:       1072 bytes,       1072 total
- age   2:        256 bytes,       1328 total
- age   3:        704 bytes,       2032 total
- age   4:        424 bytes,       2456 total
- age   5:        248 bytes,       2704 total
- age   6:        216 bytes,       2920 total
- age   7:        448 bytes,       3368 total
- age   8:        376 bytes,       3744 total
: 87432K->6K(109248K), 0.0082540 secs] 100217K->12792K(502464K), 0.0084540 secs] [Times: user=0.02 sys=0.00, real=0.01 secs] 
Heap after GC invocations=739 (full 1):
 par new generation   total 109248K, used 6K [0x8ac00000, 0x92c00000, 0x92c00000)
  eden space 87424K,   0% used [0x8ac00000, 0x8ac00000, 0x90160000)
  from space 21824K,   0% used [0x90160000, 0x90161800, 0x916b0000)
  to   space 21824K,   0% used [0x916b0000, 0x916b0000, 0x92c00000)
 concurrent mark-sweep generation total 393216K, used 12786K [0x92c00000, 0xaac00000, 0xaac00000)
 concurrent-mark-sweep perm gen total 35404K, used 22529K [0xaac00000, 0xace93000, 0xb2c00000)
}
2015-02-20T16:05:30.905-0600: 2659.360: Total time for which application threads were stopped: 0.0113530 seconds
{Heap before GC invocations=739 (full 1):
 par new generation   total 109248K, used 87430K [0x8ac00000, 0x92c00000, 0x92c00000)
  eden space 87424K, 100% used [0x8ac00000, 0x90160000, 0x90160000)
  from space 21824K,   0% used [0x90160000, 0x90161800, 0x916b0000)
  to   space 21824K,   0% used [0x916b0000, 0x916b0000, 0x92c00000)
 concurrent mark-sweep generation total 393216K, used 12786K [0x92c00000, 0xaac00000, 0xaac00000)
 concurrent-mark-sweep perm gen total 35404K, used 22529K [0xaac00000, 0xace93000, 0xb2c00000)
2015-02-20T16:05:32.825-0600: 2661.280: [GC2015-02-20T16:05:32.825-0600: 2661.280: [ParNew
Desired survivor size 20112996 bytes, new threshold 8 (max 8)
- age   1:       1192 bytes,       1192 total
- age   2:        376 bytes,       1568 total
- age   3:        256 bytes,       1824 total
- age   4:        704 bytes,       2528 total
- age   5:        424 bytes,       2952 total
- age   6:        248 bytes,       3200 total
- age   7:        216 bytes,       3416 total
- age   8:        448 bytes,       3864 total
: 87430K->8K(109248K), 0.0070940 secs] 100216K->12794K(502464K), 0.0073170 secs] [Times: user=0.02 sys=0.00, real=0.01 secs] 
Heap after GC invocations=740 (full 1):
 par new generation   total 109248K, used 8K [0x8ac00000, 0x92c00000, 0x92c00000)
  eden space 87424K,   0% used [0x8ac00000, 0x8ac00000, 0x90160000)
  from space 21824K,   0% used [0x916b0000, 0x916b2000, 0x92c00000)
  to   space 21824K,   0% used [0x90160000, 0x90160000, 0x916b0000)
 concurrent mark-sweep generation total 393216K, used 12786K [0x92c00000, 0xaac00000, 0xaac00000)
 concurrent-mark-sweep perm gen total 35404K, used 22529K [0xaac00000, 0xace93000, 0xb2c00000)
}
2015-02-20T16:05:32.833-0600: 2661.288: Total time for which application threads were stopped: 0.0101430 seconds
{Heap before GC invocations=740 (full 1):
 par new generation   total 109248K, used 87432K [0x8ac00000, 0x92c00000, 0x92c00000)
  eden space 87424K, 100% used [0x8ac00000, 0x90160000, 0x90160000)
  from space 21824K,   0% used [0x916b0000, 0x916b2000, 0x92c00000)
  to   space 21824K,   0% used [0x90160000, 0x90160000, 0x916b0000)
 concurrent mark-sweep generation total 393216K, used 12786K [0x92c00000, 0xaac00000, 0xaac00000)
 concurrent-mark-sweep perm gen total 35404K, used 22529K [0xaac00000, 0xace93000, 0xb2c00000)
2015-02-20T16:05:34.844-0600: 2663.299: [GC2015-02-20T16:05:34.844-0600: 2663.299: [ParNew
Desired survivor size 20112996 bytes, new threshold 8 (max 8)
- age   1:       1208 bytes,       1208 total
- age   2:        496 bytes,       1704 total
- age   3:        376 bytes,       2080 total
- age   4:        256 bytes,       2336 total
- age   5:        704 bytes,       3040 total
- age   6:        424 bytes,       3464 total
- age   7:        248 bytes,       3712 total
- age   8:        216 bytes,       3928 total
: 87432K->8K(109248K), 0.0073010 secs] 100218K->12795K(502464K), 0.0075420 secs] [Times: user=0.02 sys=0.00, real=0.01 secs] 
Heap after GC invocations=741 (full 1):
 par new generation   total 109248K, used 8K [0x8ac00000, 0x92c00000, 0x92c00000)
  eden space 87424K,   0% used [0x8ac00000, 0x8ac00000, 0x90160000)
  from space 21824K,   0% used [0x90160000, 0x90162000, 0x916b0000)
  to   space 21824K,   0% used [0x916b0000, 0x916b0000, 0x92c00000)
 concurrent mark-sweep generation total 393216K, used 12787K [0x92c00000, 0xaac00000, 0xaac00000)
 concurrent-mark-sweep perm gen total 35404K, used 22529K [0xaac00000, 0xace93000, 0xb2c00000)
}
2015-02-20T16:05:34.852-0600: 2663.307: Total time for which application threads were stopped: 0.0103220 seconds
{Heap before GC invocations=741 (full 1):
 par new generation   total 109248K, used 87432K [0x8ac00000, 0x92c00000, 0x92c00000)
  eden space 87424K, 100% used [0x8ac00000, 0x90160000, 0x90160000)
  from space 21824K,   0% used [0x90160000, 0x90162000, 0x916b0000)
  to   space 21824K,   0% used [0x916b0000, 0x916b0000, 0x92c00000)
 concurrent mark-sweep generation total 393216K, used 12787K [0x92c00000, 0xaac00000, 0xaac00000)
 concurrent-mark-sweep perm gen total 35404K, used 22529K [0xaac00000, 0xace93000, 0xb2c00000)
2015-02-20T16:05:36.580-0600: 2665.035: [GC2015-02-20T16:05:36.580-0600: 2665.035: [ParNew
Desired survivor size 20112996 bytes, new threshold 8 (max 8)
- age   1:       1312 bytes,       1312 total
- age   2:        376 bytes,       1688 total
- age   3:        496 bytes,       2184 total
- age   4:        376 bytes,       2560 total
- age   5:        256 bytes,       2816 total
- age   6:        704 bytes,       3520 total
- age   7:        424 bytes,       3944 total
- age   8:        248 bytes,       4192 total
: 87432K->10K(109248K), 0.0093870 secs] 100219K->12797K(502464K), 0.0096110 secs] [Times: user=0.02 sys=0.00, real=0.01 secs] 
Heap after GC invocations=742 (full 1):
 par new generation   total 109248K, used 10K [0x8ac00000, 0x92c00000, 0x92c00000)
  eden space 87424K,   0% used [0x8ac00000, 0x8ac00000, 0x90160000)
  from space 21824K,   0% used [0x916b0000, 0x916b2800, 0x92c00000)
  to   space 21824K,   0% used [0x90160000, 0x90160000, 0x916b0000)
 concurrent mark-sweep generation total 393216K, used 12787K [0x92c00000, 0xaac00000, 0xaac00000)
 concurrent-mark-sweep perm gen total 35404K, used 22529K [0xaac00000, 0xace93000, 0xb2c00000)
}
2015-02-20T16:05:36.590-0600: 2665.045: Total time for which application threads were stopped: 0.0123410 seconds
{Heap before GC invocations=742 (full 1):
 par new generation   total 109248K, used 87434K [0x8ac00000, 0x92c00000, 0x92c00000)
  eden space 87424K, 100% used [0x8ac00000, 0x90160000, 0x90160000)
  from space 21824K,   0% used [0x916b0000, 0x916b2800, 0x92c00000)
  to   space 21824K,   0% used [0x90160000, 0x90160000, 0x916b0000)
 concurrent mark-sweep generation total 393216K, used 12787K [0x92c00000, 0xaac00000, 0xaac00000)
 concurrent-mark-sweep perm gen total 35404K, used 22529K [0xaac00000, 0xace93000, 0xb2c00000)
2015-02-20T16:05:38.349-0600: 2666.804: [GC2015-02-20T16:05:38.349-0600: 2666.804: [ParNew
Desired survivor size 20112996 bytes, new threshold 8 (max 8)
- age   1:       1152 bytes,       1152 total
- age   2:        376 bytes,       1528 total
- age   3:        376 bytes,       1904 total
- age   4:        496 bytes,       2400 total
- age   5:        376 bytes,       2776 total
- age   6:        256 bytes,       3032 total
- age   7:        704 bytes,       3736 total
- age   8:        424 bytes,       4160 total
: 87434K->6K(109248K), 0.0254350 secs] 100221K->12793K(502464K), 0.0256170 secs] [Times: user=0.03 sys=0.00, real=0.02 secs] 
Heap after GC invocations=743 (full 1):
 par new generation   total 109248K, used 6K [0x8ac00000, 0x92c00000, 0x92c00000)
  eden space 87424K,   0% used [0x8ac00000, 0x8ac00000, 0x90160000)
  from space 21824K,   0% used [0x90160000, 0x90161800, 0x916b0000)
  to   space 21824K,   0% used [0x916b0000, 0x916b0000, 0x92c00000)
 concurrent mark-sweep generation total 393216K, used 12787K [0x92c00000, 0xaac00000, 0xaac00000)
 concurrent-mark-sweep perm gen total 35404K, used 22529K [0xaac00000, 0xace93000, 0xb2c00000)
}
2015-02-20T16:05:38.375-0600: 2666.830: Total time for which application threads were stopped: 0.0283040 seconds
{Heap before GC invocations=743 (full 1):
 par new generation   total 109248K, used 87430K [0x8ac00000, 0x92c00000, 0x92c00000)
  eden space 87424K, 100% used [0x8ac00000, 0x90160000, 0x90160000)
  from space 21824K,   0% used [0x90160000, 0x90161800, 0x916b0000)
  to   space 21824K,   0% used [0x916b0000, 0x916b0000, 0x92c00000)
 concurrent mark-sweep generation total 393216K, used 12787K [0x92c00000, 0xaac00000, 0xaac00000)
 concurrent-mark-sweep perm gen total 35404K, used 22529K [0xaac00000, 0xace93000, 0xb2c00000)
2015-02-20T16:05:40.371-0600: 2668.826: [GC2015-02-20T16:05:40.371-0600: 2668.826: [ParNew
Desired survivor size 20112996 bytes, new threshold 8 (max 8)
- age   1:       1264 bytes,       1264 total
- age   2:        376 bytes,       1640 total
- age   3:        376 bytes,       2016 total
- age   4:        376 bytes,       2392 total
- age   5:        496 bytes,       2888 total
- age   6:        376 bytes,       3264 total
- age   7:        256 bytes,       3520 total
- age   8:        704 bytes,       4224 total
: 87430K->10K(109248K), 0.0073300 secs] 100217K->12797K(502464K), 0.0075510 secs] [Times: user=0.02 sys=0.00, real=0.01 secs] 
Heap after GC invocations=744 (full 1):
 par new generation   total 109248K, used 10K [0x8ac00000, 0x92c00000, 0x92c00000)
  eden space 87424K,   0% used [0x8ac00000, 0x8ac00000, 0x90160000)
  from space 21824K,   0% used [0x916b0000, 0x916b2800, 0x92c00000)
  to   space 21824K,   0% used [0x90160000, 0x90160000, 0x916b0000)
 concurrent mark-sweep generation total 393216K, used 12787K [0x92c00000, 0xaac00000, 0xaac00000)
 concurrent-mark-sweep perm gen total 35404K, used 22529K [0xaac00000, 0xace93000, 0xb2c00000)
}
2015-02-20T16:05:40.379-0600: 2668.834: Total time for which application threads were stopped: 0.0103260 seconds
{Heap before GC invocations=744 (full 1):
 par new generation   total 109248K, used 87434K [0x8ac00000, 0x92c00000, 0x92c00000)
  eden space 87424K, 100% used [0x8ac00000, 0x90160000, 0x90160000)
  from space 21824K,   0% used [0x916b0000, 0x916b2800, 0x92c00000)
  to   space 21824K,   0% used [0x90160000, 0x90160000, 0x916b0000)
 concurrent mark-sweep generation total 393216K, used 12787K [0x92c00000, 0xaac00000, 0xaac00000)
 concurrent-mark-sweep perm gen total 35404K, used 22529K [0xaac00000, 0xace93000, 0xb2c00000)
2015-02-20T16:05:42.437-0600: 2670.892: [GC2015-02-20T16:05:42.437-0600: 2670.892: [ParNew
Desired survivor size 20112996 bytes, new threshold 8 (max 8)
- age   1:       1288 bytes,       1288 total
- age   2:        408 bytes,       1696 total
- age   3:        376 bytes,       2072 total
- age   4:        376 bytes,       2448 total
- age   5:        376 bytes,       2824 total
- age   6:        496 bytes,       3320 total
- age   7:        376 bytes,       3696 total
- age   8:        256 bytes,       3952 total
: 87434K->6K(109248K), 0.0081380 secs] 100221K->12794K(502464K), 0.0083620 secs] [Times: user=0.02 sys=0.00, real=0.01 secs] 
Heap after GC invocations=745 (full 1):
 par new generation   total 109248K, used 6K [0x8ac00000, 0x92c00000, 0x92c00000)
  eden space 87424K,   0% used [0x8ac00000, 0x8ac00000, 0x90160000)
  from space 21824K,   0% used [0x90160000, 0x90161800, 0x916b0000)
  to   space 21824K,   0% used [0x916b0000, 0x916b0000, 0x92c00000)
 concurrent mark-sweep generation total 393216K, used 12788K [0x92c00000, 0xaac00000, 0xaac00000)
 concurrent-mark-sweep perm gen total 35404K, used 22529K [0xaac00000, 0xace93000, 0xb2c00000)
}
2015-02-20T16:05:42.446-0600: 2670.901: Total time for which application threads were stopped: 0.0110880 seconds
{Heap before GC invocations=745 (full 1):
 par new generation   total 109248K, used 87430K [0x8ac00000, 0x92c00000, 0x92c00000)
  eden space 87424K, 100% used [0x8ac00000, 0x90160000, 0x90160000)
  from space 21824K,   0% used [0x90160000, 0x90161800, 0x916b0000)
  to   space 21824K,   0% used [0x916b0000, 0x916b0000, 0x92c00000)
 concurrent mark-sweep generation total 393216K, used 12788K [0x92c00000, 0xaac00000, 0xaac00000)
 concurrent-mark-sweep perm gen total 35404K, used 22529K [0xaac00000, 0xace93000, 0xb2c00000)
2015-02-20T16:05:44.505-0600: 2672.960: [GC2015-02-20T16:05:44.505-0600: 2672.960: [ParNew
Desired survivor size 20112996 bytes, new threshold 8 (max 8)
- age   1:       1320 bytes,       1320 total
- age   2:        360 bytes,       1680 total
- age   3:        408 bytes,       2088 total
- age   4:        376 bytes,       2464 total
- age   5:        376 bytes,       2840 total
- age   6:        376 bytes,       3216 total
- age   7:        496 bytes,       3712 total
- age   8:        376 bytes,       4088 total
: 87430K->10K(109248K), 0.0059870 secs] 100218K->12798K(502464K), 0.0061810 secs] [Times: user=0.01 sys=0.00, real=0.01 secs] 
Heap after GC invocations=746 (full 1):
 par new generation   total 109248K, used 10K [0x8ac00000, 0x92c00000, 0x92c00000)
  eden space 87424K,   0% used [0x8ac00000, 0x8ac00000, 0x90160000)
  from space 21824K,   0% used [0x916b0000, 0x916b2800, 0x92c00000)
  to   space 21824K,   0% used [0x90160000, 0x90160000, 0x916b0000)
 concurrent mark-sweep generation total 393216K, used 12788K [0x92c00000, 0xaac00000, 0xaac00000)
 concurrent-mark-sweep perm gen total 35404K, used 22529K [0xaac00000, 0xace93000, 0xb2c00000)
}
2015-02-20T16:05:44.511-0600: 2672.966: Total time for which application threads were stopped: 0.0091340 seconds
{Heap before GC invocations=746 (full 1):
 par new generation   total 109248K, used 87434K [0x8ac00000, 0x92c00000, 0x92c00000)
  eden space 87424K, 100% used [0x8ac00000, 0x90160000, 0x90160000)
  from space 21824K,   0% used [0x916b0000, 0x916b2800, 0x92c00000)
  to   space 21824K,   0% used [0x90160000, 0x90160000, 0x916b0000)
 concurrent mark-sweep generation total 393216K, used 12788K [0x92c00000, 0xaac00000, 0xaac00000)
 concurrent-mark-sweep perm gen total 35404K, used 22529K [0xaac00000, 0xace93000, 0xb2c00000)
2015-02-20T16:05:46.313-0600: 2674.768: [GC2015-02-20T16:05:46.313-0600: 2674.768: [ParNew
Desired survivor size 20112996 bytes, new threshold 8 (max 8)
- age   1:        960 bytes,        960 total
- age   2:        520 bytes,       1480 total
- age   3:        360 bytes,       1840 total
- age   4:        408 bytes,       2248 total
- age   5:        376 bytes,       2624 total
- age   6:        376 bytes,       3000 total
- age   7:        376 bytes,       3376 total
- age   8:        496 bytes,       3872 total
: 87434K->10K(109248K), 0.0242790 secs] 100222K->12798K(502464K), 0.0245550 secs] [Times: user=0.03 sys=0.00, real=0.02 secs] 
Heap after GC invocations=747 (full 1):
 par new generation   total 109248K, used 10K [0x8ac00000, 0x92c00000, 0x92c00000)
  eden space 87424K,   0% used [0x8ac00000, 0x8ac00000, 0x90160000)
  from space 21824K,   0% used [0x90160000, 0x90162800, 0x916b0000)
  to   space 21824K,   0% used [0x916b0000, 0x916b0000, 0x92c00000)
 concurrent mark-sweep generation total 393216K, used 12788K [0x92c00000, 0xaac00000, 0xaac00000)
 concurrent-mark-sweep perm gen total 35404K, used 22529K [0xaac00000, 0xace93000, 0xb2c00000)
}
2015-02-20T16:05:46.337-0600: 2674.792: Total time for which application threads were stopped: 0.0275740 seconds
{Heap before GC invocations=747 (full 1):
 par new generation   total 109248K, used 87434K [0x8ac00000, 0x92c00000, 0x92c00000)
  eden space 87424K, 100% used [0x8ac00000, 0x90160000, 0x90160000)
  from space 21824K,   0% used [0x90160000, 0x90162800, 0x916b0000)
  to   space 21824K,   0% used [0x916b0000, 0x916b0000, 0x92c00000)
 concurrent mark-sweep generation total 393216K, used 12788K [0x92c00000, 0xaac00000, 0xaac00000)
 concurrent-mark-sweep perm gen total 35404K, used 22529K [0xaac00000, 0xace93000, 0xb2c00000)
2015-02-20T16:05:48.349-0600: 2676.804: [GC2015-02-20T16:05:48.349-0600: 2676.805: [ParNew
Desired survivor size 20112996 bytes, new threshold 8 (max 8)
- age   1:       1296 bytes,       1296 total
- age   2:        360 bytes,       1656 total
- age   3:        520 bytes,       2176 total
- age   4:        360 bytes,       2536 total
- age   5:        408 bytes,       2944 total
- age   6:        376 bytes,       3320 total
- age   7:        376 bytes,       3696 total
- age   8:        376 bytes,       4072 total
: 87434K->10K(109248K), 0.0058650 secs] 100222K->12798K(502464K), 0.0060800 secs] [Times: user=0.01 sys=0.00, real=0.00 secs] 
Heap after GC invocations=748 (full 1):
 par new generation   total 109248K, used 10K [0x8ac00000, 0x92c00000, 0x92c00000)
  eden space 87424K,   0% used [0x8ac00000, 0x8ac00000, 0x90160000)
  from space 21824K,   0% used [0x916b0000, 0x916b2800, 0x92c00000)
  to   space 21824K,   0% used [0x90160000, 0x90160000, 0x916b0000)
 concurrent mark-sweep generation total 393216K, used 12788K [0x92c00000, 0xaac00000, 0xaac00000)
 concurrent-mark-sweep perm gen total 35404K, used 22529K [0xaac00000, 0xace93000, 0xb2c00000)
}
2015-02-20T16:05:48.356-0600: 2676.811: Total time for which application threads were stopped: 0.0088580 seconds
{Heap before GC invocations=748 (full 1):
 par new generation   total 109248K, used 87434K [0x8ac00000, 0x92c00000, 0x92c00000)
  eden space 87424K, 100% used [0x8ac00000, 0x90160000, 0x90160000)
  from space 21824K,   0% used [0x916b0000, 0x916b2800, 0x92c00000)
  to   space 21824K,   0% used [0x90160000, 0x90160000, 0x916b0000)
 concurrent mark-sweep generation total 393216K, used 12788K [0x92c00000, 0xaac00000, 0xaac00000)
 concurrent-mark-sweep perm gen total 35404K, used 22529K [0xaac00000, 0xace93000, 0xb2c00000)
2015-02-20T16:05:50.250-0600: 2678.705: [GC2015-02-20T16:05:50.250-0600: 2678.705: [ParNew
Desired survivor size 20112996 bytes, new threshold 8 (max 8)
- age   1:       1488 bytes,       1488 total
- age   2:        360 bytes,       1848 total
- age   3:        360 bytes,       2208 total
- age   4:        520 bytes,       2728 total
- age   5:        360 bytes,       3088 total
- age   6:        408 bytes,       3496 total
- age   7:        376 bytes,       3872 total
- age   8:        376 bytes,       4248 total
: 87434K->10K(109248K), 0.0060860 secs] 100222K->12799K(502464K), 0.0063050 secs] [Times: user=0.02 sys=0.00, real=0.00 secs] 
Heap after GC invocations=749 (full 1):
 par new generation   total 109248K, used 10K [0x8ac00000, 0x92c00000, 0x92c00000)
  eden space 87424K,   0% used [0x8ac00000, 0x8ac00000, 0x90160000)
  from space 21824K,   0% used [0x90160000, 0x90162800, 0x916b0000)
  to   space 21824K,   0% used [0x916b0000, 0x916b0000, 0x92c00000)
 concurrent mark-sweep generation total 393216K, used 12789K [0x92c00000, 0xaac00000, 0xaac00000)
 concurrent-mark-sweep perm gen total 35404K, used 22529K [0xaac00000, 0xace93000, 0xb2c00000)
}
2015-02-20T16:05:50.256-0600: 2678.711: Total time for which application threads were stopped: 0.0089770 seconds
{Heap before GC invocations=749 (full 1):
 par new generation   total 109248K, used 87434K [0x8ac00000, 0x92c00000, 0x92c00000)
  eden space 87424K, 100% used [0x8ac00000, 0x90160000, 0x90160000)
  from space 21824K,   0% used [0x90160000, 0x90162800, 0x916b0000)
  to   space 21824K,   0% used [0x916b0000, 0x916b0000, 0x92c00000)
 concurrent mark-sweep generation total 393216K, used 12789K [0x92c00000, 0xaac00000, 0xaac00000)
 concurrent-mark-sweep perm gen total 35404K, used 22529K [0xaac00000, 0xace93000, 0xb2c00000)
2015-02-20T16:05:52.089-0600: 2680.544: [GC2015-02-20T16:05:52.089-0600: 2680.544: [ParNew
Desired survivor size 20112996 bytes, new threshold 8 (max 8)
- age   1:        928 bytes,        928 total
- age   2:        360 bytes,       1288 total
- age   3:        360 bytes,       1648 total
- age   4:        360 bytes,       2008 total
- age   5:        520 bytes,       2528 total
- age   6:        360 bytes,       2888 total
- age   7:        408 bytes,       3296 total
- age   8:        376 bytes,       3672 total
: 87434K->10K(109248K), 0.0158620 secs] 100223K->12799K(502464K), 0.0160520 secs] [Times: user=0.03 sys=0.00, real=0.01 secs] 
Heap after GC invocations=750 (full 1):
 par new generation   total 109248K, used 10K [0x8ac00000, 0x92c00000, 0x92c00000)
  eden space 87424K,   0% used [0x8ac00000, 0x8ac00000, 0x90160000)
  from space 21824K,   0% used [0x916b0000, 0x916b2800, 0x92c00000)
  to   space 21824K,   0% used [0x90160000, 0x90160000, 0x916b0000)
 concurrent mark-sweep generation total 393216K, used 12789K [0x92c00000, 0xaac00000, 0xaac00000)
 concurrent-mark-sweep perm gen total 35404K, used 22529K [0xaac00000, 0xace93000, 0xb2c00000)
}
2015-02-20T16:05:52.105-0600: 2680.560: Total time for which application threads were stopped: 0.0187970 seconds
{Heap before GC invocations=750 (full 1):
 par new generation   total 109248K, used 87434K [0x8ac00000, 0x92c00000, 0x92c00000)
  eden space 87424K, 100% used [0x8ac00000, 0x90160000, 0x90160000)
  from space 21824K,   0% used [0x916b0000, 0x916b2800, 0x92c00000)
  to   space 21824K,   0% used [0x90160000, 0x90160000, 0x916b0000)
 concurrent mark-sweep generation total 393216K, used 12789K [0x92c00000, 0xaac00000, 0xaac00000)
 concurrent-mark-sweep perm gen total 35404K, used 22529K [0xaac00000, 0xace93000, 0xb2c00000)
2015-02-20T16:05:53.903-0600: 2682.358: [GC2015-02-20T16:05:53.903-0600: 2682.358: [ParNew
Desired survivor size 20112996 bytes, new threshold 8 (max 8)
- age   1:       1056 bytes,       1056 total
- age   2:        360 bytes,       1416 total
- age   3:        360 bytes,       1776 total
- age   4:        360 bytes,       2136 total
- age   5:        360 bytes,       2496 total
- age   6:        520 bytes,       3016 total
- age   7:        360 bytes,       3376 total
- age   8:        408 bytes,       3784 total
: 87434K->10K(109248K), 0.0063720 secs] 100223K->12799K(502464K), 0.0065830 secs] [Times: user=0.02 sys=0.00, real=0.01 secs] 
Heap after GC invocations=751 (full 1):
 par new generation   total 109248K, used 10K [0x8ac00000, 0x92c00000, 0x92c00000)
  eden space 87424K,   0% used [0x8ac00000, 0x8ac00000, 0x90160000)
  from space 21824K,   0% used [0x90160000, 0x90162800, 0x916b0000)
  to   space 21824K,   0% used [0x916b0000, 0x916b0000, 0x92c00000)
 concurrent mark-sweep generation total 393216K, used 12789K [0x92c00000, 0xaac00000, 0xaac00000)
 concurrent-mark-sweep perm gen total 35404K, used 22529K [0xaac00000, 0xace93000, 0xb2c00000)
}
2015-02-20T16:05:53.910-0600: 2682.365: Total time for which application threads were stopped: 0.0092870 seconds
{Heap before GC invocations=751 (full 1):
 par new generation   total 109248K, used 87434K [0x8ac00000, 0x92c00000, 0x92c00000)
  eden space 87424K, 100% used [0x8ac00000, 0x90160000, 0x90160000)
  from space 21824K,   0% used [0x90160000, 0x90162800, 0x916b0000)
  to   space 21824K,   0% used [0x916b0000, 0x916b0000, 0x92c00000)
 concurrent mark-sweep generation total 393216K, used 12789K [0x92c00000, 0xaac00000, 0xaac00000)
 concurrent-mark-sweep perm gen total 35404K, used 22529K [0xaac00000, 0xace93000, 0xb2c00000)
2015-02-20T16:05:55.720-0600: 2684.175: [GC2015-02-20T16:05:55.720-0600: 2684.175: [ParNew
Desired survivor size 20112996 bytes, new threshold 8 (max 8)
- age   1:        944 bytes,        944 total
- age   2:        360 bytes,       1304 total
- age   3:        360 bytes,       1664 total
- age   4:        360 bytes,       2024 total
- age   5:        360 bytes,       2384 total
- age   6:        360 bytes,       2744 total
- age   7:        520 bytes,       3264 total
- age   8:        360 bytes,       3624 total
: 87434K->8K(109248K), 0.0095100 secs] 100223K->12798K(502464K), 0.0097240 secs] [Times: user=0.01 sys=0.01, real=0.01 secs] 
Heap after GC invocations=752 (full 1):
 par new generation   total 109248K, used 8K [0x8ac00000, 0x92c00000, 0x92c00000)
  eden space 87424K,   0% used [0x8ac00000, 0x8ac00000, 0x90160000)
  from space 21824K,   0% used [0x916b0000, 0x916b2000, 0x92c00000)
  to   space 21824K,   0% used [0x90160000, 0x90160000, 0x916b0000)
 concurrent mark-sweep generation total 393216K, used 12790K [0x92c00000, 0xaac00000, 0xaac00000)
 concurrent-mark-sweep perm gen total 35404K, used 22529K [0xaac00000, 0xace93000, 0xb2c00000)
}
2015-02-20T16:05:55.730-0600: 2684.185: Total time for which application threads were stopped: 0.0124380 seconds
{Heap before GC invocations=752 (full 1):
 par new generation   total 109248K, used 87432K [0x8ac00000, 0x92c00000, 0x92c00000)
  eden space 87424K, 100% used [0x8ac00000, 0x90160000, 0x90160000)
  from space 21824K,   0% used [0x916b0000, 0x916b2000, 0x92c00000)
  to   space 21824K,   0% used [0x90160000, 0x90160000, 0x916b0000)
 concurrent mark-sweep generation total 393216K, used 12790K [0x92c00000, 0xaac00000, 0xaac00000)
 concurrent-mark-sweep perm gen total 35404K, used 22529K [0xaac00000, 0xace93000, 0xb2c00000)
2015-02-20T16:05:57.518-0600: 2685.973: [GC2015-02-20T16:05:57.518-0600: 2685.974: [ParNew
Desired survivor size 20112996 bytes, new threshold 8 (max 8)
- age   1:       1448 bytes,       1448 total
- age   2:        376 bytes,       1824 total
- age   3:        360 bytes,       2184 total
- age   4:        360 bytes,       2544 total
- age   5:        360 bytes,       2904 total
- age   6:        360 bytes,       3264 total
- age   7:        360 bytes,       3624 total
- age   8:        520 bytes,       4144 total
: 87432K->10K(109248K), 0.0063590 secs] 100222K->12800K(502464K), 0.0065760 secs] [Times: user=0.01 sys=0.00, real=0.00 secs] 
Heap after GC invocations=753 (full 1):
 par new generation   total 109248K, used 10K [0x8ac00000, 0x92c00000, 0x92c00000)
  eden space 87424K,   0% used [0x8ac00000, 0x8ac00000, 0x90160000)
  from space 21824K,   0% used [0x90160000, 0x90162800, 0x916b0000)
  to   space 21824K,   0% used [0x916b0000, 0x916b0000, 0x92c00000)
 concurrent mark-sweep generation total 393216K, used 12790K [0x92c00000, 0xaac00000, 0xaac00000)
 concurrent-mark-sweep perm gen total 35404K, used 22529K [0xaac00000, 0xace93000, 0xb2c00000)
}
2015-02-20T16:05:57.525-0600: 2685.980: Total time for which application threads were stopped: 0.0094390 seconds
{Heap before GC invocations=753 (full 1):
 par new generation   total 109248K, used 87434K [0x8ac00000, 0x92c00000, 0x92c00000)
  eden space 87424K, 100% used [0x8ac00000, 0x90160000, 0x90160000)
  from space 21824K,   0% used [0x90160000, 0x90162800, 0x916b0000)
  to   space 21824K,   0% used [0x916b0000, 0x916b0000, 0x92c00000)
 concurrent mark-sweep generation total 393216K, used 12790K [0x92c00000, 0xaac00000, 0xaac00000)
 concurrent-mark-sweep perm gen total 35404K, used 22529K [0xaac00000, 0xace93000, 0xb2c00000)
2015-02-20T16:05:59.527-0600: 2687.983: [GC2015-02-20T16:05:59.528-0600: 2687.983: [ParNew
Desired survivor size 20112996 bytes, new threshold 8 (max 8)
- age   1:       1224 bytes,       1224 total
- age   2:        528 bytes,       1752 total
- age   3:        376 bytes,       2128 total
- age   4:        360 bytes,       2488 total
- age   5:        360 bytes,       2848 total
- age   6:        360 bytes,       3208 total
- age   7:        360 bytes,       3568 total
- age   8:        360 bytes,       3928 total
: 87434K->6K(109248K), 0.0077230 secs] 100224K->12796K(502464K), 0.0079630 secs] [Times: user=0.01 sys=0.00, real=0.00 secs] 
Heap after GC invocations=754 (full 1):
 par new generation   total 109248K, used 6K [0x8ac00000, 0x92c00000, 0x92c00000)
  eden space 87424K,   0% used [0x8ac00000, 0x8ac00000, 0x90160000)
  from space 21824K,   0% used [0x916b0000, 0x916b1800, 0x92c00000)
  to   space 21824K,   0% used [0x90160000, 0x90160000, 0x916b0000)
 concurrent mark-sweep generation total 393216K, used 12790K [0x92c00000, 0xaac00000, 0xaac00000)
 concurrent-mark-sweep perm gen total 35404K, used 22529K [0xaac00000, 0xace93000, 0xb2c00000)
}
2015-02-20T16:05:59.536-0600: 2687.991: Total time for which application threads were stopped: 0.0108400 seconds
{Heap before GC invocations=754 (full 1):
 par new generation   total 109248K, used 87430K [0x8ac00000, 0x92c00000, 0x92c00000)
  eden space 87424K, 100% used [0x8ac00000, 0x90160000, 0x90160000)
  from space 21824K,   0% used [0x916b0000, 0x916b1800, 0x92c00000)
  to   space 21824K,   0% used [0x90160000, 0x90160000, 0x916b0000)
 concurrent mark-sweep generation total 393216K, used 12790K [0x92c00000, 0xaac00000, 0xaac00000)
 concurrent-mark-sweep perm gen total 35404K, used 22529K [0xaac00000, 0xace93000, 0xb2c00000)
2015-02-20T16:06:01.936-0600: 2690.391: [GC2015-02-20T16:06:01.936-0600: 2690.391: [ParNew
Desired survivor size 20112996 bytes, new threshold 8 (max 8)
- age   1:       1048 bytes,       1048 total
- age   2:        376 bytes,       1424 total
- age   3:        528 bytes,       1952 total
- age   4:        376 bytes,       2328 total
- age   5:        360 bytes,       2688 total
- age   6:        360 bytes,       3048 total
- age   7:        360 bytes,       3408 total
- age   8:        360 bytes,       3768 total
: 87430K->10K(109248K), 0.0060110 secs] 100220K->12801K(502464K), 0.0062310 secs] [Times: user=0.01 sys=0.00, real=0.01 secs] 
Heap after GC invocations=755 (full 1):
 par new generation   total 109248K, used 10K [0x8ac00000, 0x92c00000, 0x92c00000)
  eden space 87424K,   0% used [0x8ac00000, 0x8ac00000, 0x90160000)
  from space 21824K,   0% used [0x90160000, 0x90162800, 0x916b0000)
  to   space 21824K,   0% used [0x916b0000, 0x916b0000, 0x92c00000)
 concurrent mark-sweep generation total 393216K, used 12791K [0x92c00000, 0xaac00000, 0xaac00000)
 concurrent-mark-sweep perm gen total 35404K, used 22529K [0xaac00000, 0xace93000, 0xb2c00000)
}
2015-02-20T16:06:01.942-0600: 2690.397: Total time for which application threads were stopped: 0.0090510 seconds
{Heap before GC invocations=755 (full 1):
 par new generation   total 109248K, used 87434K [0x8ac00000, 0x92c00000, 0x92c00000)
  eden space 87424K, 100% used [0x8ac00000, 0x90160000, 0x90160000)
  from space 21824K,   0% used [0x90160000, 0x90162800, 0x916b0000)
  to   space 21824K,   0% used [0x916b0000, 0x916b0000, 0x92c00000)
 concurrent mark-sweep generation total 393216K, used 12791K [0x92c00000, 0xaac00000, 0xaac00000)
 concurrent-mark-sweep perm gen total 35404K, used 22529K [0xaac00000, 0xace93000, 0xb2c00000)
2015-02-20T16:06:03.813-0600: 2692.268: [GC2015-02-20T16:06:03.813-0600: 2692.268: [ParNew
Desired survivor size 20112996 bytes, new threshold 8 (max 8)
- age   1:       1208 bytes,       1208 total
- age   2:        376 bytes,       1584 total
- age   3:        376 bytes,       1960 total
- age   4:        528 bytes,       2488 total
- age   5:        376 bytes,       2864 total
- age   6:        360 bytes,       3224 total
- age   7:        360 bytes,       3584 total
- age   8:        360 bytes,       3944 total
: 87434K->10K(109248K), 0.0063860 secs] 100225K->12801K(502464K), 0.0066310 secs] [Times: user=0.01 sys=0.00, real=0.01 secs] 
Heap after GC invocations=756 (full 1):
 par new generation   total 109248K, used 10K [0x8ac00000, 0x92c00000, 0x92c00000)
  eden space 87424K,   0% used [0x8ac00000, 0x8ac00000, 0x90160000)
  from space 21824K,   0% used [0x916b0000, 0x916b2800, 0x92c00000)
  to   space 21824K,   0% used [0x90160000, 0x90160000, 0x916b0000)
 concurrent mark-sweep generation total 393216K, used 12791K [0x92c00000, 0xaac00000, 0xaac00000)
 concurrent-mark-sweep perm gen total 35404K, used 22529K [0xaac00000, 0xace93000, 0xb2c00000)
}
2015-02-20T16:06:03.820-0600: 2692.275: Total time for which application threads were stopped: 0.0093250 seconds
{Heap before GC invocations=756 (full 1):
 par new generation   total 109248K, used 87434K [0x8ac00000, 0x92c00000, 0x92c00000)
  eden space 87424K, 100% used [0x8ac00000, 0x90160000, 0x90160000)
  from space 21824K,   0% used [0x916b0000, 0x916b2800, 0x92c00000)
  to   space 21824K,   0% used [0x90160000, 0x90160000, 0x916b0000)
 concurrent mark-sweep generation total 393216K, used 12791K [0x92c00000, 0xaac00000, 0xaac00000)
 concurrent-mark-sweep perm gen total 35404K, used 22529K [0xaac00000, 0xace93000, 0xb2c00000)
2015-02-20T16:06:05.649-0600: 2694.104: [GC2015-02-20T16:06:05.649-0600: 2694.104: [ParNew
Desired survivor size 20112996 bytes, new threshold 8 (max 8)
- age   1:       1008 bytes,       1008 total
- age   2:        376 bytes,       1384 total
- age   3:        376 bytes,       1760 total
- age   4:        376 bytes,       2136 total
- age   5:        528 bytes,       2664 total
- age   6:        376 bytes,       3040 total
- age   7:        360 bytes,       3400 total
- age   8:        360 bytes,       3760 total
: 87434K->10K(109248K), 0.0057970 secs] 100225K->12801K(502464K), 0.0059970 secs] [Times: user=0.00 sys=0.00, real=0.00 secs] 
Heap after GC invocations=757 (full 1):
 par new generation   total 109248K, used 10K [0x8ac00000, 0x92c00000, 0x92c00000)
  eden space 87424K,   0% used [0x8ac00000, 0x8ac00000, 0x90160000)
  from space 21824K,   0% used [0x90160000, 0x90162800, 0x916b0000)
  to   space 21824K,   0% used [0x916b0000, 0x916b0000, 0x92c00000)
 concurrent mark-sweep generation total 393216K, used 12791K [0x92c00000, 0xaac00000, 0xaac00000)
 concurrent-mark-sweep perm gen total 35404K, used 22529K [0xaac00000, 0xace93000, 0xb2c00000)
}
2015-02-20T16:06:05.655-0600: 2694.110: Total time for which application threads were stopped: 0.0088430 seconds
{Heap before GC invocations=757 (full 1):
 par new generation   total 109248K, used 87434K [0x8ac00000, 0x92c00000, 0x92c00000)
  eden space 87424K, 100% used [0x8ac00000, 0x90160000, 0x90160000)
  from space 21824K,   0% used [0x90160000, 0x90162800, 0x916b0000)
  to   space 21824K,   0% used [0x916b0000, 0x916b0000, 0x92c00000)
 concurrent mark-sweep generation total 393216K, used 12791K [0x92c00000, 0xaac00000, 0xaac00000)
 concurrent-mark-sweep perm gen total 35404K, used 22529K [0xaac00000, 0xace93000, 0xb2c00000)
2015-02-20T16:06:07.551-0600: 2696.006: [GC2015-02-20T16:06:07.551-0600: 2696.006: [ParNew
Desired survivor size 20112996 bytes, new threshold 8 (max 8)
- age   1:       1328 bytes,       1328 total
- age   2:        376 bytes,       1704 total
- age   3:        376 bytes,       2080 total
- age   4:        376 bytes,       2456 total
- age   5:        376 bytes,       2832 total
- age   6:        528 bytes,       3360 total
- age   7:        376 bytes,       3736 total
- age   8:        360 bytes,       4096 total
: 87434K->10K(109248K), 0.0059320 secs] 100225K->12802K(502464K), 0.0061510 secs] [Times: user=0.01 sys=0.01, real=0.00 secs] 
Heap after GC invocations=758 (full 1):
 par new generation   total 109248K, used 10K [0x8ac00000, 0x92c00000, 0x92c00000)
  eden space 87424K,   0% used [0x8ac00000, 0x8ac00000, 0x90160000)
  from space 21824K,   0% used [0x916b0000, 0x916b2800, 0x92c00000)
  to   space 21824K,   0% used [0x90160000, 0x90160000, 0x916b0000)
 concurrent mark-sweep generation total 393216K, used 12792K [0x92c00000, 0xaac00000, 0xaac00000)
 concurrent-mark-sweep perm gen total 35404K, used 22529K [0xaac00000, 0xace93000, 0xb2c00000)
}
2015-02-20T16:06:07.557-0600: 2696.012: Total time for which application threads were stopped: 0.0089430 seconds
{Heap before GC invocations=758 (full 1):
 par new generation   total 109248K, used 87434K [0x8ac00000, 0x92c00000, 0x92c00000)
  eden space 87424K, 100% used [0x8ac00000, 0x90160000, 0x90160000)
  from space 21824K,   0% used [0x916b0000, 0x916b2800, 0x92c00000)
  to   space 21824K,   0% used [0x90160000, 0x90160000, 0x916b0000)
 concurrent mark-sweep generation total 393216K, used 12792K [0x92c00000, 0xaac00000, 0xaac00000)
 concurrent-mark-sweep perm gen total 35404K, used 22529K [0xaac00000, 0xace93000, 0xb2c00000)
2015-02-20T16:06:09.403-0600: 2697.858: [GC2015-02-20T16:06:09.403-0600: 2697.858: [ParNew
Desired survivor size 20112996 bytes, new threshold 8 (max 8)
- age   1:       1304 bytes,       1304 total
- age   2:        400 bytes,       1704 total
- age   3:        376 bytes,       2080 total
- age   4:        376 bytes,       2456 total
- age   5:        376 bytes,       2832 total
- age   6:        376 bytes,       3208 total
- age   7:        528 bytes,       3736 total
- age   8:        376 bytes,       4112 total
: 87434K->10K(109248K), 0.0061240 secs] 100226K->12802K(502464K), 0.0063230 secs] [Times: user=0.02 sys=0.00, real=0.01 secs] 
Heap after GC invocations=759 (full 1):
 par new generation   total 109248K, used 10K [0x8ac00000, 0x92c00000, 0x92c00000)
  eden space 87424K,   0% used [0x8ac00000, 0x8ac00000, 0x90160000)
  from space 21824K,   0% used [0x90160000, 0x90162800, 0x916b0000)
  to   space 21824K,   0% used [0x916b0000, 0x916b0000, 0x92c00000)
 concurrent mark-sweep generation total 393216K, used 12792K [0x92c00000, 0xaac00000, 0xaac00000)
 concurrent-mark-sweep perm gen total 35404K, used 22529K [0xaac00000, 0xace93000, 0xb2c00000)
}
2015-02-20T16:06:09.409-0600: 2697.864: Total time for which application threads were stopped: 0.0092600 seconds
{Heap before GC invocations=759 (full 1):
 par new generation   total 109248K, used 87434K [0x8ac00000, 0x92c00000, 0x92c00000)
  eden space 87424K, 100% used [0x8ac00000, 0x90160000, 0x90160000)
  from space 21824K,   0% used [0x90160000, 0x90162800, 0x916b0000)
  to   space 21824K,   0% used [0x916b0000, 0x916b0000, 0x92c00000)
 concurrent mark-sweep generation total 393216K, used 12792K [0x92c00000, 0xaac00000, 0xaac00000)
 concurrent-mark-sweep perm gen total 35404K, used 22529K [0xaac00000, 0xace93000, 0xb2c00000)
2015-02-20T16:06:11.255-0600: 2699.710: [GC2015-02-20T16:06:11.255-0600: 2699.710: [ParNew
Desired survivor size 20112996 bytes, new threshold 8 (max 8)
- age   1:       1224 bytes,       1224 total
- age   2:        376 bytes,       1600 total
- age   3:        400 bytes,       2000 total
- age   4:        376 bytes,       2376 total
- age   5:        376 bytes,       2752 total
- age   6:        376 bytes,       3128 total
- age   7:        376 bytes,       3504 total
- age   8:        528 bytes,       4032 total
: 87434K->6K(109248K), 0.0084810 secs] 100226K->12799K(502464K), 0.0087220 secs] [Times: user=0.02 sys=0.00, real=0.01 secs] 
Heap after GC invocations=760 (full 1):
 par new generation   total 109248K, used 6K [0x8ac00000, 0x92c00000, 0x92c00000)
  eden space 87424K,   0% used [0x8ac00000, 0x8ac00000, 0x90160000)
  from space 21824K,   0% used [0x916b0000, 0x916b1800, 0x92c00000)
  to   space 21824K,   0% used [0x90160000, 0x90160000, 0x916b0000)
 concurrent mark-sweep generation total 393216K, used 12793K [0x92c00000, 0xaac00000, 0xaac00000)
 concurrent-mark-sweep perm gen total 35404K, used 22529K [0xaac00000, 0xace93000, 0xb2c00000)
}
2015-02-20T16:06:11.263-0600: 2699.718: Total time for which application threads were stopped: 0.0115860 seconds
{Heap before GC invocations=760 (full 1):
 par new generation   total 109248K, used 87430K [0x8ac00000, 0x92c00000, 0x92c00000)
  eden space 87424K, 100% used [0x8ac00000, 0x90160000, 0x90160000)
  from space 21824K,   0% used [0x916b0000, 0x916b1800, 0x92c00000)
  to   space 21824K,   0% used [0x90160000, 0x90160000, 0x916b0000)
 concurrent mark-sweep generation total 393216K, used 12793K [0x92c00000, 0xaac00000, 0xaac00000)
 concurrent-mark-sweep perm gen total 35404K, used 22529K [0xaac00000, 0xace93000, 0xb2c00000)
2015-02-20T16:06:13.101-0600: 2701.556: [GC2015-02-20T16:06:13.101-0600: 2701.556: [ParNew
Desired survivor size 20112996 bytes, new threshold 8 (max 8)
- age   1:        784 bytes,        784 total
- age   2:        504 bytes,       1288 total
- age   3:        376 bytes,       1664 total
- age   4:        400 bytes,       2064 total
- age   5:        376 bytes,       2440 total
- age   6:        376 bytes,       2816 total
- age   7:        376 bytes,       3192 total
- age   8:        376 bytes,       3568 total
: 87430K->10K(109248K), 0.0062710 secs] 100223K->12803K(502464K), 0.0064880 secs] [Times: user=0.01 sys=0.00, real=0.01 secs] 
Heap after GC invocations=761 (full 1):
 par new generation   total 109248K, used 10K [0x8ac00000, 0x92c00000, 0x92c00000)
  eden space 87424K,   0% used [0x8ac00000, 0x8ac00000, 0x90160000)
  from space 21824K,   0% used [0x90160000, 0x90162800, 0x916b0000)
  to   space 21824K,   0% used [0x916b0000, 0x916b0000, 0x92c00000)
 concurrent mark-sweep generation total 393216K, used 12793K [0x92c00000, 0xaac00000, 0xaac00000)
 concurrent-mark-sweep perm gen total 35404K, used 22529K [0xaac00000, 0xace93000, 0xb2c00000)
}
2015-02-20T16:06:13.108-0600: 2701.563: Total time for which application threads were stopped: 0.0093100 seconds
{Heap before GC invocations=761 (full 1):
 par new generation   total 109248K, used 87434K [0x8ac00000, 0x92c00000, 0x92c00000)
  eden space 87424K, 100% used [0x8ac00000, 0x90160000, 0x90160000)
  from space 21824K,   0% used [0x90160000, 0x90162800, 0x916b0000)
  to   space 21824K,   0% used [0x916b0000, 0x916b0000, 0x92c00000)
 concurrent mark-sweep generation total 393216K, used 12793K [0x92c00000, 0xaac00000, 0xaac00000)
 concurrent-mark-sweep perm gen total 35404K, used 22529K [0xaac00000, 0xace93000, 0xb2c00000)
2015-02-20T16:06:14.968-0600: 2703.423: [GC2015-02-20T16:06:14.969-0600: 2703.424: [ParNew
Desired survivor size 20112996 bytes, new threshold 8 (max 8)
- age   1:        976 bytes,        976 total
- age   2:        240 bytes,       1216 total
- age   3:        376 bytes,       1592 total
- age   4:        376 bytes,       1968 total
- age   5:        400 bytes,       2368 total
- age   6:        376 bytes,       2744 total
- age   7:        376 bytes,       3120 total
- age   8:        376 bytes,       3496 total
: 87434K->10K(109248K), 0.0136440 secs] 100227K->12803K(502464K), 0.0139010 secs] [Times: user=0.03 sys=0.00, real=0.01 secs] 
Heap after GC invocations=762 (full 1):
 par new generation   total 109248K, used 10K [0x8ac00000, 0x92c00000, 0x92c00000)
  eden space 87424K,   0% used [0x8ac00000, 0x8ac00000, 0x90160000)
  from space 21824K,   0% used [0x916b0000, 0x916b2800, 0x92c00000)
  to   space 21824K,   0% used [0x90160000, 0x90160000, 0x916b0000)
 concurrent mark-sweep generation total 393216K, used 12793K [0x92c00000, 0xaac00000, 0xaac00000)
 concurrent-mark-sweep perm gen total 35404K, used 22529K [0xaac00000, 0xace93000, 0xb2c00000)
}
2015-02-20T16:06:14.982-0600: 2703.437: Total time for which application threads were stopped: 0.0165600 seconds
{Heap before GC invocations=762 (full 1):
 par new generation   total 109248K, used 87434K [0x8ac00000, 0x92c00000, 0x92c00000)
  eden space 87424K, 100% used [0x8ac00000, 0x90160000, 0x90160000)
  from space 21824K,   0% used [0x916b0000, 0x916b2800, 0x92c00000)
  to   space 21824K,   0% used [0x90160000, 0x90160000, 0x916b0000)
 concurrent mark-sweep generation total 393216K, used 12793K [0x92c00000, 0xaac00000, 0xaac00000)
 concurrent-mark-sweep perm gen total 35404K, used 22529K [0xaac00000, 0xace93000, 0xb2c00000)
2015-02-20T16:06:16.765-0600: 2705.220: [GC2015-02-20T16:06:16.765-0600: 2705.220: [ParNew
Desired survivor size 20112996 bytes, new threshold 8 (max 8)
- age   1:       1376 bytes,       1376 total
- age   2:        320 bytes,       1696 total
- age   3:        216 bytes,       1912 total
- age   4:        376 bytes,       2288 total
- age   5:        376 bytes,       2664 total
- age   6:        400 bytes,       3064 total
- age   7:        376 bytes,       3440 total
- age   8:        376 bytes,       3816 total
: 87434K->8K(109248K), 0.0073160 secs] 100227K->12802K(502464K), 0.0075600 secs] [Times: user=0.01 sys=0.00, real=0.01 secs] 
Heap after GC invocations=763 (full 1):
 par new generation   total 109248K, used 8K [0x8ac00000, 0x92c00000, 0x92c00000)
  eden space 87424K,   0% used [0x8ac00000, 0x8ac00000, 0x90160000)
  from space 21824K,   0% used [0x90160000, 0x90162000, 0x916b0000)
  to   space 21824K,   0% used [0x916b0000, 0x916b0000, 0x92c00000)
 concurrent mark-sweep generation total 393216K, used 12794K [0x92c00000, 0xaac00000, 0xaac00000)
 concurrent-mark-sweep perm gen total 35404K, used 22529K [0xaac00000, 0xace93000, 0xb2c00000)
}
2015-02-20T16:06:16.773-0600: 2705.228: Total time for which application threads were stopped: 0.0103030 seconds
{Heap before GC invocations=763 (full 1):
 par new generation   total 109248K, used 87432K [0x8ac00000, 0x92c00000, 0x92c00000)
  eden space 87424K, 100% used [0x8ac00000, 0x90160000, 0x90160000)
  from space 21824K,   0% used [0x90160000, 0x90162000, 0x916b0000)
  to   space 21824K,   0% used [0x916b0000, 0x916b0000, 0x92c00000)
 concurrent mark-sweep generation total 393216K, used 12794K [0x92c00000, 0xaac00000, 0xaac00000)
 concurrent-mark-sweep perm gen total 35404K, used 22529K [0xaac00000, 0xace93000, 0xb2c00000)
2015-02-20T16:06:18.604-0600: 2707.059: [GC2015-02-20T16:06:18.604-0600: 2707.059: [ParNew
Desired survivor size 20112996 bytes, new threshold 8 (max 8)
- age   1:        976 bytes,        976 total
- age   2:        448 bytes,       1424 total
- age   3:        320 bytes,       1744 total
- age   4:        216 bytes,       1960 total
- age   5:        376 bytes,       2336 total
- age   6:        376 bytes,       2712 total
- age   7:        400 bytes,       3112 total
- age   8:        376 bytes,       3488 total
: 87432K->8K(109248K), 0.0087670 secs] 100226K->12802K(502464K), 0.0089910 secs] [Times: user=0.01 sys=0.00, real=0.01 secs] 
Heap after GC invocations=764 (full 1):
 par new generation   total 109248K, used 8K [0x8ac00000, 0x92c00000, 0x92c00000)
  eden space 87424K,   0% used [0x8ac00000, 0x8ac00000, 0x90160000)
  from space 21824K,   0% used [0x916b0000, 0x916b2000, 0x92c00000)
  to   space 21824K,   0% used [0x90160000, 0x90160000, 0x916b0000)
 concurrent mark-sweep generation total 393216K, used 12794K [0x92c00000, 0xaac00000, 0xaac00000)
 concurrent-mark-sweep perm gen total 35404K, used 22529K [0xaac00000, 0xace93000, 0xb2c00000)
}
2015-02-20T16:06:18.613-0600: 2707.068: Total time for which application threads were stopped: 0.0116730 seconds
{Heap before GC invocations=764 (full 1):
 par new generation   total 109248K, used 87432K [0x8ac00000, 0x92c00000, 0x92c00000)
  eden space 87424K, 100% used [0x8ac00000, 0x90160000, 0x90160000)
  from space 21824K,   0% used [0x916b0000, 0x916b2000, 0x92c00000)
  to   space 21824K,   0% used [0x90160000, 0x90160000, 0x916b0000)
 concurrent mark-sweep generation total 393216K, used 12794K [0x92c00000, 0xaac00000, 0xaac00000)
 concurrent-mark-sweep perm gen total 35404K, used 22529K [0xaac00000, 0xace93000, 0xb2c00000)
2015-02-20T16:06:20.466-0600: 2708.921: [GC2015-02-20T16:06:20.466-0600: 2708.921: [ParNew
Desired survivor size 20112996 bytes, new threshold 8 (max 8)
- age   1:       1352 bytes,       1352 total
- age   2:        376 bytes,       1728 total
- age   3:        448 bytes,       2176 total
- age   4:        320 bytes,       2496 total
- age   5:        216 bytes,       2712 total
- age   6:        376 bytes,       3088 total
- age   7:        376 bytes,       3464 total
- age   8:        400 bytes,       3864 total
: 87432K->8K(109248K), 0.0077190 secs] 100226K->12803K(502464K), 0.0079320 secs] [Times: user=0.02 sys=0.00, real=0.01 secs] 
Heap after GC invocations=765 (full 1):
 par new generation   total 109248K, used 8K [0x8ac00000, 0x92c00000, 0x92c00000)
  eden space 87424K,   0% used [0x8ac00000, 0x8ac00000, 0x90160000)
  from space 21824K,   0% used [0x90160000, 0x90162000, 0x916b0000)
  to   space 21824K,   0% used [0x916b0000, 0x916b0000, 0x92c00000)
 concurrent mark-sweep generation total 393216K, used 12795K [0x92c00000, 0xaac00000, 0xaac00000)
 concurrent-mark-sweep perm gen total 35404K, used 22529K [0xaac00000, 0xace93000, 0xb2c00000)
}
2015-02-20T16:06:20.474-0600: 2708.929: Total time for which application threads were stopped: 0.0106760 seconds
{Heap before GC invocations=765 (full 1):
 par new generation   total 109248K, used 87432K [0x8ac00000, 0x92c00000, 0x92c00000)
  eden space 87424K, 100% used [0x8ac00000, 0x90160000, 0x90160000)
  from space 21824K,   0% used [0x90160000, 0x90162000, 0x916b0000)
  to   space 21824K,   0% used [0x916b0000, 0x916b0000, 0x92c00000)
 concurrent mark-sweep generation total 393216K, used 12795K [0x92c00000, 0xaac00000, 0xaac00000)
 concurrent-mark-sweep perm gen total 35404K, used 22529K [0xaac00000, 0xace93000, 0xb2c00000)
2015-02-20T16:06:22.296-0600: 2710.751: [GC2015-02-20T16:06:22.296-0600: 2710.751: [ParNew
Desired survivor size 20112996 bytes, new threshold 8 (max 8)
- age   1:       1304 bytes,       1304 total
- age   2:        424 bytes,       1728 total
- age   3:        376 bytes,       2104 total
- age   4:        448 bytes,       2552 total
- age   5:        320 bytes,       2872 total
- age   6:        216 bytes,       3088 total
- age   7:        376 bytes,       3464 total
- age   8:        376 bytes,       3840 total
: 87432K->10K(109248K), 0.0058920 secs] 100227K->12805K(502464K), 0.0060660 secs] [Times: user=0.01 sys=0.00, real=0.01 secs] 
Heap after GC invocations=766 (full 1):
 par new generation   total 109248K, used 10K [0x8ac00000, 0x92c00000, 0x92c00000)
  eden space 87424K,   0% used [0x8ac00000, 0x8ac00000, 0x90160000)
  from space 21824K,   0% used [0x916b0000, 0x916b2800, 0x92c00000)
  to   space 21824K,   0% used [0x90160000, 0x90160000, 0x916b0000)
 concurrent mark-sweep generation total 393216K, used 12795K [0x92c00000, 0xaac00000, 0xaac00000)
 concurrent-mark-sweep perm gen total 35404K, used 22529K [0xaac00000, 0xace93000, 0xb2c00000)
}
2015-02-20T16:06:22.302-0600: 2710.758: Total time for which application threads were stopped: 0.0093130 seconds
{Heap before GC invocations=766 (full 1):
 par new generation   total 109248K, used 87434K [0x8ac00000, 0x92c00000, 0x92c00000)
  eden space 87424K, 100% used [0x8ac00000, 0x90160000, 0x90160000)
  from space 21824K,   0% used [0x916b0000, 0x916b2800, 0x92c00000)
  to   space 21824K,   0% used [0x90160000, 0x90160000, 0x916b0000)
 concurrent mark-sweep generation total 393216K, used 12795K [0x92c00000, 0xaac00000, 0xaac00000)
 concurrent-mark-sweep perm gen total 35404K, used 22529K [0xaac00000, 0xace93000, 0xb2c00000)
2015-02-20T16:06:24.198-0600: 2712.653: [GC2015-02-20T16:06:24.198-0600: 2712.654: [ParNew
Desired survivor size 20112996 bytes, new threshold 8 (max 8)
- age   1:       1072 bytes,       1072 total
- age   2:        376 bytes,       1448 total
- age   3:        424 bytes,       1872 total
- age   4:        376 bytes,       2248 total
- age   5:        448 bytes,       2696 total
- age   6:        320 bytes,       3016 total
- age   7:        216 bytes,       3232 total
- age   8:        376 bytes,       3608 total
: 87434K->8K(109248K), 0.0060410 secs] 100229K->12803K(502464K), 0.0062850 secs] [Times: user=0.01 sys=0.00, real=0.00 secs] 
Heap after GC invocations=767 (full 1):
 par new generation   total 109248K, used 8K [0x8ac00000, 0x92c00000, 0x92c00000)
  eden space 87424K,   0% used [0x8ac00000, 0x8ac00000, 0x90160000)
  from space 21824K,   0% used [0x90160000, 0x90162000, 0x916b0000)
  to   space 21824K,   0% used [0x916b0000, 0x916b0000, 0x92c00000)
 concurrent mark-sweep generation total 393216K, used 12795K [0x92c00000, 0xaac00000, 0xaac00000)
 concurrent-mark-sweep perm gen total 35404K, used 22529K [0xaac00000, 0xace93000, 0xb2c00000)
}
2015-02-20T16:06:24.205-0600: 2712.660: Total time for which application threads were stopped: 0.0090710 seconds
{Heap before GC invocations=767 (full 1):
 par new generation   total 109248K, used 87432K [0x8ac00000, 0x92c00000, 0x92c00000)
  eden space 87424K, 100% used [0x8ac00000, 0x90160000, 0x90160000)
  from space 21824K,   0% used [0x90160000, 0x90162000, 0x916b0000)
  to   space 21824K,   0% used [0x916b0000, 0x916b0000, 0x92c00000)
 concurrent mark-sweep generation total 393216K, used 12795K [0x92c00000, 0xaac00000, 0xaac00000)
 concurrent-mark-sweep perm gen total 35404K, used 22529K [0xaac00000, 0xace93000, 0xb2c00000)
2015-02-20T16:06:26.155-0600: 2714.610: [GC2015-02-20T16:06:26.155-0600: 2714.610: [ParNew
Desired survivor size 20112996 bytes, new threshold 8 (max 8)
- age   1:       1352 bytes,       1352 total
- age   2:        376 bytes,       1728 total
- age   3:        376 bytes,       2104 total
- age   4:        424 bytes,       2528 total
- age   5:        376 bytes,       2904 total
- age   6:        448 bytes,       3352 total
- age   7:        320 bytes,       3672 total
- age   8:        216 bytes,       3888 total
: 87432K->8K(109248K), 0.0062170 secs] 100227K->12804K(502464K), 0.0064270 secs] [Times: user=0.01 sys=0.00, real=0.01 secs] 
Heap after GC invocations=768 (full 1):
 par new generation   total 109248K, used 8K [0x8ac00000, 0x92c00000, 0x92c00000)
  eden space 87424K,   0% used [0x8ac00000, 0x8ac00000, 0x90160000)
  from space 21824K,   0% used [0x916b0000, 0x916b2000, 0x92c00000)
  to   space 21824K,   0% used [0x90160000, 0x90160000, 0x916b0000)
 concurrent mark-sweep generation total 393216K, used 12796K [0x92c00000, 0xaac00000, 0xaac00000)
 concurrent-mark-sweep perm gen total 35404K, used 22529K [0xaac00000, 0xace93000, 0xb2c00000)
}
2015-02-20T16:06:26.161-0600: 2714.617: Total time for which application threads were stopped: 0.0096830 seconds
{Heap before GC invocations=768 (full 1):
 par new generation   total 109248K, used 87432K [0x8ac00000, 0x92c00000, 0x92c00000)
  eden space 87424K, 100% used [0x8ac00000, 0x90160000, 0x90160000)
  from space 21824K,   0% used [0x916b0000, 0x916b2000, 0x92c00000)
  to   space 21824K,   0% used [0x90160000, 0x90160000, 0x916b0000)
 concurrent mark-sweep generation total 393216K, used 12796K [0x92c00000, 0xaac00000, 0xaac00000)
 concurrent-mark-sweep perm gen total 35404K, used 22529K [0xaac00000, 0xace93000, 0xb2c00000)
2015-02-20T16:06:27.971-0600: 2716.426: [GC2015-02-20T16:06:27.971-0600: 2716.426: [ParNew
Desired survivor size 20112996 bytes, new threshold 8 (max 8)
- age   1:       1456 bytes,       1456 total
- age   2:        424 bytes,       1880 total
- age   3:        376 bytes,       2256 total
- age   4:        376 bytes,       2632 total
- age   5:        424 bytes,       3056 total
- age   6:        376 bytes,       3432 total
- age   7:        448 bytes,       3880 total
- age   8:        320 bytes,       4200 total
: 87432K->10K(109248K), 0.0061430 secs] 100228K->12806K(502464K), 0.0063570 secs] [Times: user=0.01 sys=0.00, real=0.01 secs] 
Heap after GC invocations=769 (full 1):
 par new generation   total 109248K, used 10K [0x8ac00000, 0x92c00000, 0x92c00000)
  eden space 87424K,   0% used [0x8ac00000, 0x8ac00000, 0x90160000)
  from space 21824K,   0% used [0x90160000, 0x90162800, 0x916b0000)
  to   space 21824K,   0% used [0x916b0000, 0x916b0000, 0x92c00000)
 concurrent mark-sweep generation total 393216K, used 12796K [0x92c00000, 0xaac00000, 0xaac00000)
 concurrent-mark-sweep perm gen total 35404K, used 22529K [0xaac00000, 0xace93000, 0xb2c00000)
}
2015-02-20T16:06:27.977-0600: 2716.432: Total time for which application threads were stopped: 0.0091170 seconds
{Heap before GC invocations=769 (full 1):
 par new generation   total 109248K, used 87434K [0x8ac00000, 0x92c00000, 0x92c00000)
  eden space 87424K, 100% used [0x8ac00000, 0x90160000, 0x90160000)
  from space 21824K,   0% used [0x90160000, 0x90162800, 0x916b0000)
  to   space 21824K,   0% used [0x916b0000, 0x916b0000, 0x92c00000)
 concurrent mark-sweep generation total 393216K, used 12796K [0x92c00000, 0xaac00000, 0xaac00000)
 concurrent-mark-sweep perm gen total 35404K, used 22529K [0xaac00000, 0xace93000, 0xb2c00000)
2015-02-20T16:06:29.761-0600: 2718.217: [GC2015-02-20T16:06:29.762-0600: 2718.217: [ParNew
Desired survivor size 20112996 bytes, new threshold 8 (max 8)
- age   1:       1328 bytes,       1328 total
- age   2:        520 bytes,       1848 total
- age   3:        424 bytes,       2272 total
- age   4:        376 bytes,       2648 total
- age   5:        376 bytes,       3024 total
- age   6:        424 bytes,       3448 total
- age   7:        376 bytes,       3824 total
- age   8:        448 bytes,       4272 total
: 87434K->10K(109248K), 0.0052140 secs] 100230K->12806K(502464K), 0.0056340 secs] [Times: user=0.01 sys=0.00, real=0.00 secs] 
Heap after GC invocations=770 (full 1):
 par new generation   total 109248K, used 10K [0x8ac00000, 0x92c00000, 0x92c00000)
  eden space 87424K,   0% used [0x8ac00000, 0x8ac00000, 0x90160000)
  from space 21824K,   0% used [0x916b0000, 0x916b2800, 0x92c00000)
  to   space 21824K,   0% used [0x90160000, 0x90160000, 0x916b0000)
 concurrent mark-sweep generation total 393216K, used 12796K [0x92c00000, 0xaac00000, 0xaac00000)
 concurrent-mark-sweep perm gen total 35404K, used 22529K [0xaac00000, 0xace93000, 0xb2c00000)
}
2015-02-20T16:06:29.767-0600: 2718.222: Total time for which application threads were stopped: 0.0084600 seconds
{Heap before GC invocations=770 (full 1):
 par new generation   total 109248K, used 87434K [0x8ac00000, 0x92c00000, 0x92c00000)
  eden space 87424K, 100% used [0x8ac00000, 0x90160000, 0x90160000)
  from space 21824K,   0% used [0x916b0000, 0x916b2800, 0x92c00000)
  to   space 21824K,   0% used [0x90160000, 0x90160000, 0x916b0000)
 concurrent mark-sweep generation total 393216K, used 12796K [0x92c00000, 0xaac00000, 0xaac00000)
 concurrent-mark-sweep perm gen total 35404K, used 22529K [0xaac00000, 0xace93000, 0xb2c00000)
2015-02-20T16:06:31.589-0600: 2720.044: [GC2015-02-20T16:06:31.589-0600: 2720.044: [ParNew
Desired survivor size 20112996 bytes, new threshold 8 (max 8)
- age   1:        944 bytes,        944 total
- age   2:        400 bytes,       1344 total
- age   3:        520 bytes,       1864 total
- age   4:        424 bytes,       2288 total
- age   5:        376 bytes,       2664 total
- age   6:        376 bytes,       3040 total
- age   7:        424 bytes,       3464 total
- age   8:        376 bytes,       3840 total
: 87434K->8K(109248K), 0.0084980 secs] 100230K->12805K(502464K), 0.0087060 secs] [Times: user=0.02 sys=0.00, real=0.01 secs] 
Heap after GC invocations=771 (full 1):
 par new generation   total 109248K, used 8K [0x8ac00000, 0x92c00000, 0x92c00000)
  eden space 87424K,   0% used [0x8ac00000, 0x8ac00000, 0x90160000)
  from space 21824K,   0% used [0x90160000, 0x90162000, 0x916b0000)
  to   space 21824K,   0% used [0x916b0000, 0x916b0000, 0x92c00000)
 concurrent mark-sweep generation total 393216K, used 12797K [0x92c00000, 0xaac00000, 0xaac00000)
 concurrent-mark-sweep perm gen total 35404K, used 22529K [0xaac00000, 0xace93000, 0xb2c00000)
}
2015-02-20T16:06:31.598-0600: 2720.053: Total time for which application threads were stopped: 0.0114900 seconds
{Heap before GC invocations=771 (full 1):
 par new generation   total 109248K, used 87432K [0x8ac00000, 0x92c00000, 0x92c00000)
  eden space 87424K, 100% used [0x8ac00000, 0x90160000, 0x90160000)
  from space 21824K,   0% used [0x90160000, 0x90162000, 0x916b0000)
  to   space 21824K,   0% used [0x916b0000, 0x916b0000, 0x92c00000)
 concurrent mark-sweep generation total 393216K, used 12797K [0x92c00000, 0xaac00000, 0xaac00000)
 concurrent-mark-sweep perm gen total 35404K, used 22529K [0xaac00000, 0xace93000, 0xb2c00000)
2015-02-20T16:06:33.400-0600: 2721.855: [GC2015-02-20T16:06:33.400-0600: 2721.855: [ParNew
Desired survivor size 20112996 bytes, new threshold 8 (max 8)
- age   1:       1224 bytes,       1224 total
- age   2:        376 bytes,       1600 total
- age   3:        400 bytes,       2000 total
- age   4:        520 bytes,       2520 total
- age   5:        424 bytes,       2944 total
- age   6:        376 bytes,       3320 total
- age   7:        376 bytes,       3696 total
- age   8:        424 bytes,       4120 total
: 87432K->10K(109248K), 0.0074980 secs] 100229K->12807K(502464K), 0.0077120 secs] [Times: user=0.01 sys=0.00, real=0.01 secs] 
Heap after GC invocations=772 (full 1):
 par new generation   total 109248K, used 10K [0x8ac00000, 0x92c00000, 0x92c00000)
  eden space 87424K,   0% used [0x8ac00000, 0x8ac00000, 0x90160000)
  from space 21824K,   0% used [0x916b0000, 0x916b2800, 0x92c00000)
  to   space 21824K,   0% used [0x90160000, 0x90160000, 0x916b0000)
 concurrent mark-sweep generation total 393216K, used 12797K [0x92c00000, 0xaac00000, 0xaac00000)
 concurrent-mark-sweep perm gen total 35404K, used 22529K [0xaac00000, 0xace93000, 0xb2c00000)
}
2015-02-20T16:06:33.408-0600: 2721.863: Total time for which application threads were stopped: 0.0104270 seconds
{Heap before GC invocations=772 (full 1):
 par new generation   total 109248K, used 87434K [0x8ac00000, 0x92c00000, 0x92c00000)
  eden space 87424K, 100% used [0x8ac00000, 0x90160000, 0x90160000)
  from space 21824K,   0% used [0x916b0000, 0x916b2800, 0x92c00000)
  to   space 21824K,   0% used [0x90160000, 0x90160000, 0x916b0000)
 concurrent mark-sweep generation total 393216K, used 12797K [0x92c00000, 0xaac00000, 0xaac00000)
 concurrent-mark-sweep perm gen total 35404K, used 22529K [0xaac00000, 0xace93000, 0xb2c00000)
2015-02-20T16:06:35.220-0600: 2723.676: [GC2015-02-20T16:06:35.221-0600: 2723.676: [ParNew
Desired survivor size 20112996 bytes, new threshold 8 (max 8)
- age   1:       1176 bytes,       1176 total
- age   2:        448 bytes,       1624 total
- age   3:        376 bytes,       2000 total
- age   4:        400 bytes,       2400 total
- age   5:        520 bytes,       2920 total
- age   6:        424 bytes,       3344 total
- age   7:        376 bytes,       3720 total
- age   8:        376 bytes,       4096 total
: 87434K->10K(109248K), 0.0066690 secs] 100231K->12807K(502464K), 0.0068530 secs] [Times: user=0.01 sys=0.00, real=0.01 secs] 
Heap after GC invocations=773 (full 1):
 par new generation   total 109248K, used 10K [0x8ac00000, 0x92c00000, 0x92c00000)
  eden space 87424K,   0% used [0x8ac00000, 0x8ac00000, 0x90160000)
  from space 21824K,   0% used [0x90160000, 0x90162800, 0x916b0000)
  to   space 21824K,   0% used [0x916b0000, 0x916b0000, 0x92c00000)
 concurrent mark-sweep generation total 393216K, used 12797K [0x92c00000, 0xaac00000, 0xaac00000)
 concurrent-mark-sweep perm gen total 35404K, used 22529K [0xaac00000, 0xace93000, 0xb2c00000)
}
2015-02-20T16:06:35.227-0600: 2723.682: Total time for which application threads were stopped: 0.0095540 seconds
{Heap before GC invocations=773 (full 1):
 par new generation   total 109248K, used 87434K [0x8ac00000, 0x92c00000, 0x92c00000)
  eden space 87424K, 100% used [0x8ac00000, 0x90160000, 0x90160000)
  from space 21824K,   0% used [0x90160000, 0x90162800, 0x916b0000)
  to   space 21824K,   0% used [0x916b0000, 0x916b0000, 0x92c00000)
 concurrent mark-sweep generation total 393216K, used 12797K [0x92c00000, 0xaac00000, 0xaac00000)
 concurrent-mark-sweep perm gen total 35404K, used 22529K [0xaac00000, 0xace93000, 0xb2c00000)
2015-02-20T16:06:37.067-0600: 2725.522: [GC2015-02-20T16:06:37.068-0600: 2725.523: [ParNew
Desired survivor size 20112996 bytes, new threshold 8 (max 8)
- age   1:        784 bytes,        784 total
- age   2:        504 bytes,       1288 total
- age   3:        448 bytes,       1736 total
- age   4:        376 bytes,       2112 total
- age   5:        400 bytes,       2512 total
- age   6:        520 bytes,       3032 total
- age   7:        424 bytes,       3456 total
- age   8:        376 bytes,       3832 total
: 87434K->6K(109248K), 0.0079980 secs] 100231K->12804K(502464K), 0.0082320 secs] [Times: user=0.02 sys=0.00, real=0.00 secs] 
Heap after GC invocations=774 (full 1):
 par new generation   total 109248K, used 6K [0x8ac00000, 0x92c00000, 0x92c00000)
  eden space 87424K,   0% used [0x8ac00000, 0x8ac00000, 0x90160000)
  from space 21824K,   0% used [0x916b0000, 0x916b1800, 0x92c00000)
  to   space 21824K,   0% used [0x90160000, 0x90160000, 0x916b0000)
 concurrent mark-sweep generation total 393216K, used 12798K [0x92c00000, 0xaac00000, 0xaac00000)
 concurrent-mark-sweep perm gen total 35404K, used 22529K [0xaac00000, 0xace93000, 0xb2c00000)
}
2015-02-20T16:06:37.076-0600: 2725.531: Total time for which application threads were stopped: 0.0109640 seconds
{Heap before GC invocations=774 (full 1):
 par new generation   total 109248K, used 87430K [0x8ac00000, 0x92c00000, 0x92c00000)
  eden space 87424K, 100% used [0x8ac00000, 0x90160000, 0x90160000)
  from space 21824K,   0% used [0x916b0000, 0x916b1800, 0x92c00000)
  to   space 21824K,   0% used [0x90160000, 0x90160000, 0x916b0000)
 concurrent mark-sweep generation total 393216K, used 12798K [0x92c00000, 0xaac00000, 0xaac00000)
 concurrent-mark-sweep perm gen total 35404K, used 22529K [0xaac00000, 0xace93000, 0xb2c00000)
2015-02-20T16:06:38.866-0600: 2727.321: [GC2015-02-20T16:06:38.866-0600: 2727.321: [ParNew
Desired survivor size 20112996 bytes, new threshold 8 (max 8)
- age   1:        896 bytes,        896 total
- age   2:        240 bytes,       1136 total
- age   3:        376 bytes,       1512 total
- age   4:        448 bytes,       1960 total
- age   5:        376 bytes,       2336 total
- age   6:        400 bytes,       2736 total
- age   7:        520 bytes,       3256 total
- age   8:        424 bytes,       3680 total
: 87430K->8K(109248K), 0.0064330 secs] 100228K->12806K(502464K), 0.0066530 secs] [Times: user=0.01 sys=0.00, real=0.01 secs] 
Heap after GC invocations=775 (full 1):
 par new generation   total 109248K, used 8K [0x8ac00000, 0x92c00000, 0x92c00000)
  eden space 87424K,   0% used [0x8ac00000, 0x8ac00000, 0x90160000)
  from space 21824K,   0% used [0x90160000, 0x90162000, 0x916b0000)
  to   space 21824K,   0% used [0x916b0000, 0x916b0000, 0x92c00000)
 concurrent mark-sweep generation total 393216K, used 12798K [0x92c00000, 0xaac00000, 0xaac00000)
 concurrent-mark-sweep perm gen total 35404K, used 22529K [0xaac00000, 0xace93000, 0xb2c00000)
}
2015-02-20T16:06:38.872-0600: 2727.327: Total time for which application threads were stopped: 0.0095530 seconds
{Heap before GC invocations=775 (full 1):
 par new generation   total 109248K, used 87432K [0x8ac00000, 0x92c00000, 0x92c00000)
  eden space 87424K, 100% used [0x8ac00000, 0x90160000, 0x90160000)
  from space 21824K,   0% used [0x90160000, 0x90162000, 0x916b0000)
  to   space 21824K,   0% used [0x916b0000, 0x916b0000, 0x92c00000)
 concurrent mark-sweep generation total 393216K, used 12798K [0x92c00000, 0xaac00000, 0xaac00000)
 concurrent-mark-sweep perm gen total 35404K, used 22529K [0xaac00000, 0xace93000, 0xb2c00000)
2015-02-20T16:06:40.711-0600: 2729.166: [GC2015-02-20T16:06:40.711-0600: 2729.166: [ParNew
Desired survivor size 20112996 bytes, new threshold 8 (max 8)
- age   1:       1352 bytes,       1352 total
- age   2:        176 bytes,       1528 total
- age   3:        216 bytes,       1744 total
- age   4:        376 bytes,       2120 total
- age   5:        448 bytes,       2568 total
- age   6:        376 bytes,       2944 total
- age   7:        400 bytes,       3344 total
- age   8:        520 bytes,       3864 total
: 87432K->8K(109248K), 0.0067580 secs] 100230K->12807K(502464K), 0.0070730 secs] [Times: user=0.01 sys=0.00, real=0.01 secs] 
Heap after GC invocations=776 (full 1):
 par new generation   total 109248K, used 8K [0x8ac00000, 0x92c00000, 0x92c00000)
  eden space 87424K,   0% used [0x8ac00000, 0x8ac00000, 0x90160000)
  from space 21824K,   0% used [0x916b0000, 0x916b2000, 0x92c00000)
  to   space 21824K,   0% used [0x90160000, 0x90160000, 0x916b0000)
 concurrent mark-sweep generation total 393216K, used 12799K [0x92c00000, 0xaac00000, 0xaac00000)
 concurrent-mark-sweep perm gen total 35404K, used 22529K [0xaac00000, 0xace93000, 0xb2c00000)
}
2015-02-20T16:06:40.718-0600: 2729.173: Total time for which application threads were stopped: 0.0097720 seconds
{Heap before GC invocations=776 (full 1):
 par new generation   total 109248K, used 87432K [0x8ac00000, 0x92c00000, 0x92c00000)
  eden space 87424K, 100% used [0x8ac00000, 0x90160000, 0x90160000)
  from space 21824K,   0% used [0x916b0000, 0x916b2000, 0x92c00000)
  to   space 21824K,   0% used [0x90160000, 0x90160000, 0x916b0000)
 concurrent mark-sweep generation total 393216K, used 12799K [0x92c00000, 0xaac00000, 0xaac00000)
 concurrent-mark-sweep perm gen total 35404K, used 22529K [0xaac00000, 0xace93000, 0xb2c00000)
2015-02-20T16:06:42.499-0600: 2730.954: [GC2015-02-20T16:06:42.499-0600: 2730.954: [ParNew
Desired survivor size 20112996 bytes, new threshold 8 (max 8)
- age   1:       1120 bytes,       1120 total
- age   2:        424 bytes,       1544 total
- age   3:        176 bytes,       1720 total
- age   4:        216 bytes,       1936 total
- age   5:        376 bytes,       2312 total
- age   6:        448 bytes,       2760 total
- age   7:        376 bytes,       3136 total
- age   8:        400 bytes,       3536 total
: 87432K->6K(109248K), 0.0080060 secs] 100231K->12805K(502464K), 0.0081860 secs] [Times: user=0.02 sys=0.00, real=0.01 secs] 
Heap after GC invocations=777 (full 1):
 par new generation   total 109248K, used 6K [0x8ac00000, 0x92c00000, 0x92c00000)
  eden space 87424K,   0% used [0x8ac00000, 0x8ac00000, 0x90160000)
  from space 21824K,   0% used [0x90160000, 0x90161800, 0x916b0000)
  to   space 21824K,   0% used [0x916b0000, 0x916b0000, 0x92c00000)
 concurrent mark-sweep generation total 393216K, used 12799K [0x92c00000, 0xaac00000, 0xaac00000)
 concurrent-mark-sweep perm gen total 35404K, used 22529K [0xaac00000, 0xace93000, 0xb2c00000)
}
2015-02-20T16:06:42.508-0600: 2730.963: Total time for which application threads were stopped: 0.0109470 seconds
{Heap before GC invocations=777 (full 1):
 par new generation   total 109248K, used 87430K [0x8ac00000, 0x92c00000, 0x92c00000)
  eden space 87424K, 100% used [0x8ac00000, 0x90160000, 0x90160000)
  from space 21824K,   0% used [0x90160000, 0x90161800, 0x916b0000)
  to   space 21824K,   0% used [0x916b0000, 0x916b0000, 0x92c00000)
 concurrent mark-sweep generation total 393216K, used 12799K [0x92c00000, 0xaac00000, 0xaac00000)
 concurrent-mark-sweep perm gen total 35404K, used 22529K [0xaac00000, 0xace93000, 0xb2c00000)
2015-02-20T16:06:44.279-0600: 2732.734: [GC2015-02-20T16:06:44.279-0600: 2732.734: [ParNew
Desired survivor size 20112996 bytes, new threshold 8 (max 8)
- age   1:       1032 bytes,       1032 total
- age   2:        448 bytes,       1480 total
- age   3:        424 bytes,       1904 total
- age   4:        176 bytes,       2080 total
- age   5:        216 bytes,       2296 total
- age   6:        376 bytes,       2672 total
- age   7:        448 bytes,       3120 total
- age   8:        376 bytes,       3496 total
: 87430K->8K(109248K), 0.0067490 secs] 100229K->12807K(502464K), 0.0069730 secs] [Times: user=0.01 sys=0.00, real=0.00 secs] 
Heap after GC invocations=778 (full 1):
 par new generation   total 109248K, used 8K [0x8ac00000, 0x92c00000, 0x92c00000)
  eden space 87424K,   0% used [0x8ac00000, 0x8ac00000, 0x90160000)
  from space 21824K,   0% used [0x916b0000, 0x916b2000, 0x92c00000)
  to   space 21824K,   0% used [0x90160000, 0x90160000, 0x916b0000)
 concurrent mark-sweep generation total 393216K, used 12799K [0x92c00000, 0xaac00000, 0xaac00000)
 concurrent-mark-sweep perm gen total 35404K, used 22529K [0xaac00000, 0xace93000, 0xb2c00000)
}
2015-02-20T16:06:44.286-0600: 2732.741: Total time for which application threads were stopped: 0.0097350 seconds
{Heap before GC invocations=778 (full 1):
 par new generation   total 109248K, used 87432K [0x8ac00000, 0x92c00000, 0x92c00000)
  eden space 87424K, 100% used [0x8ac00000, 0x90160000, 0x90160000)
  from space 21824K,   0% used [0x916b0000, 0x916b2000, 0x92c00000)
  to   space 21824K,   0% used [0x90160000, 0x90160000, 0x916b0000)
 concurrent mark-sweep generation total 393216K, used 12799K [0x92c00000, 0xaac00000, 0xaac00000)
 concurrent-mark-sweep perm gen total 35404K, used 22529K [0xaac00000, 0xace93000, 0xb2c00000)
2015-02-20T16:06:46.055-0600: 2734.510: [GC2015-02-20T16:06:46.055-0600: 2734.511: [ParNew
Desired survivor size 20112996 bytes, new threshold 8 (max 8)
- age   1:       1056 bytes,       1056 total
- age   2:        376 bytes,       1432 total
- age   3:        448 bytes,       1880 total
- age   4:        424 bytes,       2304 total
- age   5:        176 bytes,       2480 total
- age   6:        216 bytes,       2696 total
- age   7:        376 bytes,       3072 total
- age   8:        448 bytes,       3520 total
: 87432K->8K(109248K), 0.0092240 secs] 100231K->12808K(502464K), 0.0094480 secs] [Times: user=0.01 sys=0.01, real=0.01 secs] 
Heap after GC invocations=779 (full 1):
 par new generation   total 109248K, used 8K [0x8ac00000, 0x92c00000, 0x92c00000)
  eden space 87424K,   0% used [0x8ac00000, 0x8ac00000, 0x90160000)
  from space 21824K,   0% used [0x90160000, 0x90162000, 0x916b0000)
  to   space 21824K,   0% used [0x916b0000, 0x916b0000, 0x92c00000)
 concurrent mark-sweep generation total 393216K, used 12800K [0x92c00000, 0xaac00000, 0xaac00000)
 concurrent-mark-sweep perm gen total 35404K, used 22529K [0xaac00000, 0xace93000, 0xb2c00000)
}
2015-02-20T16:06:46.065-0600: 2734.520: Total time for which application threads were stopped: 0.0122190 seconds
{Heap before GC invocations=779 (full 1):
 par new generation   total 109248K, used 87432K [0x8ac00000, 0x92c00000, 0x92c00000)
  eden space 87424K, 100% used [0x8ac00000, 0x90160000, 0x90160000)
  from space 21824K,   0% used [0x90160000, 0x90162000, 0x916b0000)
  to   space 21824K,   0% used [0x916b0000, 0x916b0000, 0x92c00000)
 concurrent mark-sweep generation total 393216K, used 12800K [0x92c00000, 0xaac00000, 0xaac00000)
 concurrent-mark-sweep perm gen total 35404K, used 22529K [0xaac00000, 0xace93000, 0xb2c00000)
2015-02-20T16:06:47.894-0600: 2736.349: [GC2015-02-20T16:06:47.895-0600: 2736.350: [ParNew
Desired survivor size 20112996 bytes, new threshold 8 (max 8)
- age   1:       1176 bytes,       1176 total
- age   2:        424 bytes,       1600 total
- age   3:        376 bytes,       1976 total
- age   4:        448 bytes,       2424 total
- age   5:        424 bytes,       2848 total
- age   6:        176 bytes,       3024 total
- age   7:        216 bytes,       3240 total
- age   8:        376 bytes,       3616 total
: 87432K->8K(109248K), 0.0060870 secs] 100232K->12808K(502464K), 0.0062550 secs] [Times: user=0.01 sys=0.00, real=0.01 secs] 
Heap after GC invocations=780 (full 1):
 par new generation   total 109248K, used 8K [0x8ac00000, 0x92c00000, 0x92c00000)
  eden space 87424K,   0% used [0x8ac00000, 0x8ac00000, 0x90160000)
  from space 21824K,   0% used [0x916b0000, 0x916b2000, 0x92c00000)
  to   space 21824K,   0% used [0x90160000, 0x90160000, 0x916b0000)
 concurrent mark-sweep generation total 393216K, used 12800K [0x92c00000, 0xaac00000, 0xaac00000)
 concurrent-mark-sweep perm gen total 35404K, used 22529K [0xaac00000, 0xace93000, 0xb2c00000)
}
2015-02-20T16:06:47.901-0600: 2736.356: Total time for which application threads were stopped: 0.0094130 seconds
{Heap before GC invocations=780 (full 1):
 par new generation   total 109248K, used 87432K [0x8ac00000, 0x92c00000, 0x92c00000)
  eden space 87424K, 100% used [0x8ac00000, 0x90160000, 0x90160000)
  from space 21824K,   0% used [0x916b0000, 0x916b2000, 0x92c00000)
  to   space 21824K,   0% used [0x90160000, 0x90160000, 0x916b0000)
 concurrent mark-sweep generation total 393216K, used 12800K [0x92c00000, 0xaac00000, 0xaac00000)
 concurrent-mark-sweep perm gen total 35404K, used 22529K [0xaac00000, 0xace93000, 0xb2c00000)
2015-02-20T16:06:49.773-0600: 2738.229: [GC2015-02-20T16:06:49.774-0600: 2738.229: [ParNew
Desired survivor size 20112996 bytes, new threshold 8 (max 8)
- age   1:       1120 bytes,       1120 total
- age   2:        480 bytes,       1600 total
- age   3:        424 bytes,       2024 total
- age   4:        376 bytes,       2400 total
- age   5:        448 bytes,       2848 total
- age   6:        424 bytes,       3272 total
- age   7:        176 bytes,       3448 total
- age   8:        216 bytes,       3664 total
: 87432K->8K(109248K), 0.0076600 secs] 100232K->12809K(502464K), 0.0079090 secs] [Times: user=0.02 sys=0.00, real=0.01 secs] 
Heap after GC invocations=781 (full 1):
 par new generation   total 109248K, used 8K [0x8ac00000, 0x92c00000, 0x92c00000)
  eden space 87424K,   0% used [0x8ac00000, 0x8ac00000, 0x90160000)
  from space 21824K,   0% used [0x90160000, 0x90162000, 0x916b0000)
  to   space 21824K,   0% used [0x916b0000, 0x916b0000, 0x92c00000)
 concurrent mark-sweep generation total 393216K, used 12801K [0x92c00000, 0xaac00000, 0xaac00000)
 concurrent-mark-sweep perm gen total 35404K, used 22529K [0xaac00000, 0xace93000, 0xb2c00000)
}
2015-02-20T16:06:49.781-0600: 2738.237: Total time for which application threads were stopped: 0.0109020 seconds
{Heap before GC invocations=781 (full 1):
 par new generation   total 109248K, used 87432K [0x8ac00000, 0x92c00000, 0x92c00000)
  eden space 87424K, 100% used [0x8ac00000, 0x90160000, 0x90160000)
  from space 21824K,   0% used [0x90160000, 0x90162000, 0x916b0000)
  to   space 21824K,   0% used [0x916b0000, 0x916b0000, 0x92c00000)
 concurrent mark-sweep generation total 393216K, used 12801K [0x92c00000, 0xaac00000, 0xaac00000)
 concurrent-mark-sweep perm gen total 35404K, used 22529K [0xaac00000, 0xace93000, 0xb2c00000)
2015-02-20T16:06:51.682-0600: 2740.137: [GC2015-02-20T16:06:51.682-0600: 2740.137: [ParNew
Desired survivor size 20112996 bytes, new threshold 8 (max 8)
- age   1:       1328 bytes,       1328 total
- age   2:        448 bytes,       1776 total
- age   3:        480 bytes,       2256 total
- age   4:        424 bytes,       2680 total
- age   5:        376 bytes,       3056 total
- age   6:        448 bytes,       3504 total
- age   7:        424 bytes,       3928 total
- age   8:        176 bytes,       4104 total
: 87432K->10K(109248K), 0.0058010 secs] 100233K->12811K(502464K), 0.0060170 secs] [Times: user=0.01 sys=0.00, real=0.01 secs] 
Heap after GC invocations=782 (full 1):
 par new generation   total 109248K, used 10K [0x8ac00000, 0x92c00000, 0x92c00000)
  eden space 87424K,   0% used [0x8ac00000, 0x8ac00000, 0x90160000)
  from space 21824K,   0% used [0x916b0000, 0x916b2800, 0x92c00000)
  to   space 21824K,   0% used [0x90160000, 0x90160000, 0x916b0000)
 concurrent mark-sweep generation total 393216K, used 12801K [0x92c00000, 0xaac00000, 0xaac00000)
 concurrent-mark-sweep perm gen total 35404K, used 22529K [0xaac00000, 0xace93000, 0xb2c00000)
}
2015-02-20T16:06:51.688-0600: 2740.143: Total time for which application threads were stopped: 0.0086760 seconds
{Heap before GC invocations=782 (full 1):
 par new generation   total 109248K, used 87434K [0x8ac00000, 0x92c00000, 0x92c00000)
  eden space 87424K, 100% used [0x8ac00000, 0x90160000, 0x90160000)
  from space 21824K,   0% used [0x916b0000, 0x916b2800, 0x92c00000)
  to   space 21824K,   0% used [0x90160000, 0x90160000, 0x916b0000)
 concurrent mark-sweep generation total 393216K, used 12801K [0x92c00000, 0xaac00000, 0xaac00000)
 concurrent-mark-sweep perm gen total 35404K, used 22529K [0xaac00000, 0xace93000, 0xb2c00000)
2015-02-20T16:06:53.523-0600: 2741.978: [GC2015-02-20T16:06:53.523-0600: 2741.978: [ParNew
Desired survivor size 20112996 bytes, new threshold 8 (max 8)
- age   1:       1096 bytes,       1096 total
- age   2:        400 bytes,       1496 total
- age   3:        448 bytes,       1944 total
- age   4:        480 bytes,       2424 total
- age   5:        424 bytes,       2848 total
- age   6:        376 bytes,       3224 total
- age   7:        448 bytes,       3672 total
- age   8:        424 bytes,       4096 total
: 87434K->10K(109248K), 0.0055560 secs] 100235K->12811K(502464K), 0.0058200 secs] [Times: user=0.01 sys=0.00, real=0.01 secs] 
Heap after GC invocations=783 (full 1):
 par new generation   total 109248K, used 10K [0x8ac00000, 0x92c00000, 0x92c00000)
  eden space 87424K,   0% used [0x8ac00000, 0x8ac00000, 0x90160000)
  from space 21824K,   0% used [0x90160000, 0x90162800, 0x916b0000)
  to   space 21824K,   0% used [0x916b0000, 0x916b0000, 0x92c00000)
 concurrent mark-sweep generation total 393216K, used 12801K [0x92c00000, 0xaac00000, 0xaac00000)
 concurrent-mark-sweep perm gen total 35404K, used 22529K [0xaac00000, 0xace93000, 0xb2c00000)
}
2015-02-20T16:06:53.529-0600: 2741.984: Total time for which application threads were stopped: 0.0086030 seconds
{Heap before GC invocations=783 (full 1):
 par new generation   total 109248K, used 87434K [0x8ac00000, 0x92c00000, 0x92c00000)
  eden space 87424K, 100% used [0x8ac00000, 0x90160000, 0x90160000)
  from space 21824K,   0% used [0x90160000, 0x90162800, 0x916b0000)
  to   space 21824K,   0% used [0x916b0000, 0x916b0000, 0x92c00000)
 concurrent mark-sweep generation total 393216K, used 12801K [0x92c00000, 0xaac00000, 0xaac00000)
 concurrent-mark-sweep perm gen total 35404K, used 22529K [0xaac00000, 0xace93000, 0xb2c00000)
2015-02-20T16:06:55.289-0600: 2743.744: [GC2015-02-20T16:06:55.289-0600: 2743.744: [ParNew
Desired survivor size 20112996 bytes, new threshold 8 (max 8)
- age   1:       1176 bytes,       1176 total
- age   2:        400 bytes,       1576 total
- age   3:        400 bytes,       1976 total
- age   4:        448 bytes,       2424 total
- age   5:        480 bytes,       2904 total
- age   6:        424 bytes,       3328 total
- age   7:        376 bytes,       3704 total
- age   8:        448 bytes,       4152 total
: 87434K->8K(109248K), 0.0086960 secs] 100235K->12809K(502464K), 0.0088770 secs] [Times: user=0.02 sys=0.00, real=0.01 secs] 
Heap after GC invocations=784 (full 1):
 par new generation   total 109248K, used 8K [0x8ac00000, 0x92c00000, 0x92c00000)
  eden space 87424K,   0% used [0x8ac00000, 0x8ac00000, 0x90160000)
  from space 21824K,   0% used [0x916b0000, 0x916b2000, 0x92c00000)
  to   space 21824K,   0% used [0x90160000, 0x90160000, 0x916b0000)
 concurrent mark-sweep generation total 393216K, used 12801K [0x92c00000, 0xaac00000, 0xaac00000)
 concurrent-mark-sweep perm gen total 35404K, used 22529K [0xaac00000, 0xace93000, 0xb2c00000)
}
2015-02-20T16:06:55.298-0600: 2743.753: Total time for which application threads were stopped: 0.0115870 seconds
{Heap before GC invocations=784 (full 1):
 par new generation   total 109248K, used 87432K [0x8ac00000, 0x92c00000, 0x92c00000)
  eden space 87424K, 100% used [0x8ac00000, 0x90160000, 0x90160000)
  from space 21824K,   0% used [0x916b0000, 0x916b2000, 0x92c00000)
  to   space 21824K,   0% used [0x90160000, 0x90160000, 0x916b0000)
 concurrent mark-sweep generation total 393216K, used 12801K [0x92c00000, 0xaac00000, 0xaac00000)
 concurrent-mark-sweep perm gen total 35404K, used 22529K [0xaac00000, 0xace93000, 0xb2c00000)
2015-02-20T16:06:57.087-0600: 2745.542: [GC2015-02-20T16:06:57.087-0600: 2745.542: [ParNew
Desired survivor size 20112996 bytes, new threshold 8 (max 8)
- age   1:       1048 bytes,       1048 total
- age   2:        528 bytes,       1576 total
- age   3:        400 bytes,       1976 total
- age   4:        400 bytes,       2376 total
- age   5:        448 bytes,       2824 total
- age   6:        480 bytes,       3304 total
- age   7:        424 bytes,       3728 total
- age   8:        376 bytes,       4104 total
: 87432K->8K(109248K), 0.0076300 secs] 100233K->12810K(502464K), 0.0078700 secs] [Times: user=0.01 sys=0.00, real=0.01 secs] 
Heap after GC invocations=785 (full 1):
 par new generation   total 109248K, used 8K [0x8ac00000, 0x92c00000, 0x92c00000)
  eden space 87424K,   0% used [0x8ac00000, 0x8ac00000, 0x90160000)
  from space 21824K,   0% used [0x90160000, 0x90162000, 0x916b0000)
  to   space 21824K,   0% used [0x916b0000, 0x916b0000, 0x92c00000)
 concurrent mark-sweep generation total 393216K, used 12802K [0x92c00000, 0xaac00000, 0xaac00000)
 concurrent-mark-sweep perm gen total 35404K, used 22529K [0xaac00000, 0xace93000, 0xb2c00000)
}
2015-02-20T16:06:57.095-0600: 2745.550: Total time for which application threads were stopped: 0.0105140 seconds
{Heap before GC invocations=785 (full 1):
 par new generation   total 109248K, used 87432K [0x8ac00000, 0x92c00000, 0x92c00000)
  eden space 87424K, 100% used [0x8ac00000, 0x90160000, 0x90160000)
  from space 21824K,   0% used [0x90160000, 0x90162000, 0x916b0000)
  to   space 21824K,   0% used [0x916b0000, 0x916b0000, 0x92c00000)
 concurrent mark-sweep generation total 393216K, used 12802K [0x92c00000, 0xaac00000, 0xaac00000)
 concurrent-mark-sweep perm gen total 35404K, used 22529K [0xaac00000, 0xace93000, 0xb2c00000)
2015-02-20T16:06:58.910-0600: 2747.365: [GC2015-02-20T16:06:58.910-0600: 2747.365: [ParNew
Desired survivor size 20112996 bytes, new threshold 8 (max 8)
- age   1:        992 bytes,        992 total
- age   2:        272 bytes,       1264 total
- age   3:        400 bytes,       1664 total
- age   4:        400 bytes,       2064 total
- age   5:        400 bytes,       2464 total
- age   6:        448 bytes,       2912 total
- age   7:        480 bytes,       3392 total
- age   8:        424 bytes,       3816 total
: 87432K->8K(109248K), 0.0069230 secs] 100234K->12810K(502464K), 0.0071340 secs] [Times: user=0.01 sys=0.00, real=0.00 secs] 
Heap after GC invocations=786 (full 1):
 par new generation   total 109248K, used 8K [0x8ac00000, 0x92c00000, 0x92c00000)
  eden space 87424K,   0% used [0x8ac00000, 0x8ac00000, 0x90160000)
  from space 21824K,   0% used [0x916b0000, 0x916b2000, 0x92c00000)
  to   space 21824K,   0% used [0x90160000, 0x90160000, 0x916b0000)
 concurrent mark-sweep generation total 393216K, used 12802K [0x92c00000, 0xaac00000, 0xaac00000)
 concurrent-mark-sweep perm gen total 35404K, used 22529K [0xaac00000, 0xace93000, 0xb2c00000)
}
2015-02-20T16:06:58.917-0600: 2747.372: Total time for which application threads were stopped: 0.0098400 seconds
{Heap before GC invocations=786 (full 1):
 par new generation   total 109248K, used 87432K [0x8ac00000, 0x92c00000, 0x92c00000)
  eden space 87424K, 100% used [0x8ac00000, 0x90160000, 0x90160000)
  from space 21824K,   0% used [0x916b0000, 0x916b2000, 0x92c00000)
  to   space 21824K,   0% used [0x90160000, 0x90160000, 0x916b0000)
 concurrent mark-sweep generation total 393216K, used 12802K [0x92c00000, 0xaac00000, 0xaac00000)
 concurrent-mark-sweep perm gen total 35404K, used 22529K [0xaac00000, 0xace93000, 0xb2c00000)
2015-02-20T16:07:00.698-0600: 2749.153: [GC2015-02-20T16:07:00.698-0600: 2749.153: [ParNew
Desired survivor size 20112996 bytes, new threshold 8 (max 8)
- age   1:       1344 bytes,       1344 total
- age   2:        272 bytes,       1616 total
- age   3:        248 bytes,       1864 total
- age   4:        400 bytes,       2264 total
- age   5:        400 bytes,       2664 total
- age   6:        400 bytes,       3064 total
- age   7:        448 bytes,       3512 total
- age   8:        480 bytes,       3992 total
: 87432K->8K(109248K), 0.0087450 secs] 100234K->12811K(502464K), 0.0089390 secs] [Times: user=0.01 sys=0.00, real=0.00 secs] 
Heap after GC invocations=787 (full 1):
 par new generation   total 109248K, used 8K [0x8ac00000, 0x92c00000, 0x92c00000)
  eden space 87424K,   0% used [0x8ac00000, 0x8ac00000, 0x90160000)
  from space 21824K,   0% used [0x90160000, 0x90162000, 0x916b0000)
  to   space 21824K,   0% used [0x916b0000, 0x916b0000, 0x92c00000)
 concurrent mark-sweep generation total 393216K, used 12803K [0x92c00000, 0xaac00000, 0xaac00000)
 concurrent-mark-sweep perm gen total 35404K, used 22529K [0xaac00000, 0xace93000, 0xb2c00000)
}
2015-02-20T16:07:00.707-0600: 2749.162: Total time for which application threads were stopped: 0.0116540 seconds
{Heap before GC invocations=787 (full 1):
 par new generation   total 109248K, used 87432K [0x8ac00000, 0x92c00000, 0x92c00000)
  eden space 87424K, 100% used [0x8ac00000, 0x90160000, 0x90160000)
  from space 21824K,   0% used [0x90160000, 0x90162000, 0x916b0000)
  to   space 21824K,   0% used [0x916b0000, 0x916b0000, 0x92c00000)
 concurrent mark-sweep generation total 393216K, used 12803K [0x92c00000, 0xaac00000, 0xaac00000)
 concurrent-mark-sweep perm gen total 35404K, used 22529K [0xaac00000, 0xace93000, 0xb2c00000)
2015-02-20T16:07:02.546-0600: 2751.002: [GC2015-02-20T16:07:02.547-0600: 2751.002: [ParNew
Desired survivor size 20112996 bytes, new threshold 8 (max 8)
- age   1:       1144 bytes,       1144 total
- age   2:        544 bytes,       1688 total
- age   3:        272 bytes,       1960 total
- age   4:        248 bytes,       2208 total
- age   5:        400 bytes,       2608 total
- age   6:        400 bytes,       3008 total
- age   7:        400 bytes,       3408 total
- age   8:        448 bytes,       3856 total
: 87432K->8K(109248K), 0.0079220 secs] 100235K->12811K(502464K), 0.0081760 secs] [Times: user=0.02 sys=0.00, real=0.01 secs] 
Heap after GC invocations=788 (full 1):
 par new generation   total 109248K, used 8K [0x8ac00000, 0x92c00000, 0x92c00000)
  eden space 87424K,   0% used [0x8ac00000, 0x8ac00000, 0x90160000)
  from space 21824K,   0% used [0x916b0000, 0x916b2000, 0x92c00000)
  to   space 21824K,   0% used [0x90160000, 0x90160000, 0x916b0000)
 concurrent mark-sweep generation total 393216K, used 12803K [0x92c00000, 0xaac00000, 0xaac00000)
 concurrent-mark-sweep perm gen total 35404K, used 22529K [0xaac00000, 0xace93000, 0xb2c00000)
}
2015-02-20T16:07:02.555-0600: 2751.010: Total time for which application threads were stopped: 0.0108640 seconds
{Heap before GC invocations=788 (full 1):
 par new generation   total 109248K, used 87432K [0x8ac00000, 0x92c00000, 0x92c00000)
  eden space 87424K, 100% used [0x8ac00000, 0x90160000, 0x90160000)
  from space 21824K,   0% used [0x916b0000, 0x916b2000, 0x92c00000)
  to   space 21824K,   0% used [0x90160000, 0x90160000, 0x916b0000)
 concurrent mark-sweep generation total 393216K, used 12803K [0x92c00000, 0xaac00000, 0xaac00000)
 concurrent-mark-sweep perm gen total 35404K, used 22529K [0xaac00000, 0xace93000, 0xb2c00000)
2015-02-20T16:07:04.380-0600: 2752.835: [GC2015-02-20T16:07:04.380-0600: 2752.835: [ParNew
Desired survivor size 20112996 bytes, new threshold 8 (max 8)
- age   1:       1312 bytes,       1312 total
- age   2:        400 bytes,       1712 total
- age   3:        544 bytes,       2256 total
- age   4:        272 bytes,       2528 total
- age   5:        248 bytes,       2776 total
- age   6:        400 bytes,       3176 total
- age   7:        400 bytes,       3576 total
- age   8:        400 bytes,       3976 total
: 87432K->6K(109248K), 0.0077770 secs] 100235K->12810K(502464K), 0.0079820 secs] [Times: user=0.01 sys=0.01, real=0.01 secs] 
Heap after GC invocations=789 (full 1):
 par new generation   total 109248K, used 6K [0x8ac00000, 0x92c00000, 0x92c00000)
  eden space 87424K,   0% used [0x8ac00000, 0x8ac00000, 0x90160000)
  from space 21824K,   0% used [0x90160000, 0x90161800, 0x916b0000)
  to   space 21824K,   0% used [0x916b0000, 0x916b0000, 0x92c00000)
 concurrent mark-sweep generation total 393216K, used 12804K [0x92c00000, 0xaac00000, 0xaac00000)
 concurrent-mark-sweep perm gen total 35404K, used 22529K [0xaac00000, 0xace93000, 0xb2c00000)
}
2015-02-20T16:07:04.388-0600: 2752.843: Total time for which application threads were stopped: 0.0108720 seconds
{Heap before GC invocations=789 (full 1):
 par new generation   total 109248K, used 87430K [0x8ac00000, 0x92c00000, 0x92c00000)
  eden space 87424K, 100% used [0x8ac00000, 0x90160000, 0x90160000)
  from space 21824K,   0% used [0x90160000, 0x90161800, 0x916b0000)
  to   space 21824K,   0% used [0x916b0000, 0x916b0000, 0x92c00000)
 concurrent mark-sweep generation total 393216K, used 12804K [0x92c00000, 0xaac00000, 0xaac00000)
 concurrent-mark-sweep perm gen total 35404K, used 22529K [0xaac00000, 0xace93000, 0xb2c00000)
2015-02-20T16:07:06.179-0600: 2754.634: [GC2015-02-20T16:07:06.179-0600: 2754.634: [ParNew
Desired survivor size 20112996 bytes, new threshold 8 (max 8)
- age   1:        976 bytes,        976 total
- age   2:        376 bytes,       1352 total
- age   3:        400 bytes,       1752 total
- age   4:        544 bytes,       2296 total
- age   5:        272 bytes,       2568 total
- age   6:        248 bytes,       2816 total
- age   7:        400 bytes,       3216 total
- age   8:        400 bytes,       3616 total
: 87430K->6K(109248K), 0.0171200 secs] 100234K->12810K(502464K), 0.0173580 secs] [Times: user=0.04 sys=0.00, real=0.01 secs] 
Heap after GC invocations=790 (full 1):
 par new generation   total 109248K, used 6K [0x8ac00000, 0x92c00000, 0x92c00000)
  eden space 87424K,   0% used [0x8ac00000, 0x8ac00000, 0x90160000)
  from space 21824K,   0% used [0x916b0000, 0x916b1800, 0x92c00000)
  to   space 21824K,   0% used [0x90160000, 0x90160000, 0x916b0000)
 concurrent mark-sweep generation total 393216K, used 12804K [0x92c00000, 0xaac00000, 0xaac00000)
 concurrent-mark-sweep perm gen total 35404K, used 22529K [0xaac00000, 0xace93000, 0xb2c00000)
}
2015-02-20T16:07:06.196-0600: 2754.651: Total time for which application threads were stopped: 0.0201750 seconds
{Heap before GC invocations=790 (full 1):
 par new generation   total 109248K, used 87430K [0x8ac00000, 0x92c00000, 0x92c00000)
  eden space 87424K, 100% used [0x8ac00000, 0x90160000, 0x90160000)
  from space 21824K,   0% used [0x916b0000, 0x916b1800, 0x92c00000)
  to   space 21824K,   0% used [0x90160000, 0x90160000, 0x916b0000)
 concurrent mark-sweep generation total 393216K, used 12804K [0x92c00000, 0xaac00000, 0xaac00000)
 concurrent-mark-sweep perm gen total 35404K, used 22529K [0xaac00000, 0xace93000, 0xb2c00000)
2015-02-20T16:07:08.018-0600: 2756.473: [GC2015-02-20T16:07:08.018-0600: 2756.473: [ParNew
Desired survivor size 20112996 bytes, new threshold 8 (max 8)
- age   1:       1224 bytes,       1224 total
- age   2:        376 bytes,       1600 total
- age   3:        376 bytes,       1976 total
- age   4:        400 bytes,       2376 total
- age   5:        544 bytes,       2920 total
- age   6:        272 bytes,       3192 total
- age   7:        248 bytes,       3440 total
- age   8:        400 bytes,       3840 total
: 87430K->4K(109248K), 0.0235020 secs] 100234K->12808K(502464K), 0.0237020 secs] [Times: user=0.02 sys=0.00, real=0.02 secs] 
Heap after GC invocations=791 (full 1):
 par new generation   total 109248K, used 4K [0x8ac00000, 0x92c00000, 0x92c00000)
  eden space 87424K,   0% used [0x8ac00000, 0x8ac00000, 0x90160000)
  from space 21824K,   0% used [0x90160000, 0x90161000, 0x916b0000)
  to   space 21824K,   0% used [0x916b0000, 0x916b0000, 0x92c00000)
 concurrent mark-sweep generation total 393216K, used 12804K [0x92c00000, 0xaac00000, 0xaac00000)
 concurrent-mark-sweep perm gen total 35404K, used 22529K [0xaac00000, 0xace93000, 0xb2c00000)
}
2015-02-20T16:07:08.042-0600: 2756.497: Total time for which application threads were stopped: 0.0264700 seconds
{Heap before GC invocations=791 (full 1):
 par new generation   total 109248K, used 87428K [0x8ac00000, 0x92c00000, 0x92c00000)
  eden space 87424K, 100% used [0x8ac00000, 0x90160000, 0x90160000)
  from space 21824K,   0% used [0x90160000, 0x90161000, 0x916b0000)
  to   space 21824K,   0% used [0x916b0000, 0x916b0000, 0x92c00000)
 concurrent mark-sweep generation total 393216K, used 12804K [0x92c00000, 0xaac00000, 0xaac00000)
 concurrent-mark-sweep perm gen total 35404K, used 22529K [0xaac00000, 0xace93000, 0xb2c00000)
2015-02-20T16:07:09.873-0600: 2758.328: [GC2015-02-20T16:07:09.873-0600: 2758.328: [ParNew
Desired survivor size 20112996 bytes, new threshold 8 (max 8)
- age   1:        928 bytes,        928 total
- age   2:        400 bytes,       1328 total
- age   3:        376 bytes,       1704 total
- age   4:        376 bytes,       2080 total
- age   5:        400 bytes,       2480 total
- age   6:        544 bytes,       3024 total
- age   7:        272 bytes,       3296 total
- age   8:        248 bytes,       3544 total
: 87428K->8K(109248K), 0.0082050 secs] 100232K->12813K(502464K), 0.0084380 secs] [Times: user=0.02 sys=0.00, real=0.01 secs] 
Heap after GC invocations=792 (full 1):
 par new generation   total 109248K, used 8K [0x8ac00000, 0x92c00000, 0x92c00000)
  eden space 87424K,   0% used [0x8ac00000, 0x8ac00000, 0x90160000)
  from space 21824K,   0% used [0x916b0000, 0x916b2000, 0x92c00000)
  to   space 21824K,   0% used [0x90160000, 0x90160000, 0x916b0000)
 concurrent mark-sweep generation total 393216K, used 12805K [0x92c00000, 0xaac00000, 0xaac00000)
 concurrent-mark-sweep perm gen total 35404K, used 22529K [0xaac00000, 0xace93000, 0xb2c00000)
}
2015-02-20T16:07:09.881-0600: 2758.336: Total time for which application threads were stopped: 0.0113430 seconds
{Heap before GC invocations=792 (full 1):
 par new generation   total 109248K, used 87432K [0x8ac00000, 0x92c00000, 0x92c00000)
  eden space 87424K, 100% used [0x8ac00000, 0x90160000, 0x90160000)
  from space 21824K,   0% used [0x916b0000, 0x916b2000, 0x92c00000)
  to   space 21824K,   0% used [0x90160000, 0x90160000, 0x916b0000)
 concurrent mark-sweep generation total 393216K, used 12805K [0x92c00000, 0xaac00000, 0xaac00000)
 concurrent-mark-sweep perm gen total 35404K, used 22529K [0xaac00000, 0xace93000, 0xb2c00000)
2015-02-20T16:07:11.682-0600: 2760.137: [GC2015-02-20T16:07:11.682-0600: 2760.137: [ParNew
Desired survivor size 20112996 bytes, new threshold 8 (max 8)
- age   1:       1056 bytes,       1056 total
- age   2:        360 bytes,       1416 total
- age   3:        400 bytes,       1816 total
- age   4:        376 bytes,       2192 total
- age   5:        376 bytes,       2568 total
- age   6:        400 bytes,       2968 total
- age   7:        544 bytes,       3512 total
- age   8:        272 bytes,       3784 total
: 87432K->8K(109248K), 0.0058230 secs] 100237K->12813K(502464K), 0.0060060 secs] [Times: user=0.01 sys=0.00, real=0.01 secs] 
Heap after GC invocations=793 (full 1):
 par new generation   total 109248K, used 8K [0x8ac00000, 0x92c00000, 0x92c00000)
  eden space 87424K,   0% used [0x8ac00000, 0x8ac00000, 0x90160000)
  from space 21824K,   0% used [0x90160000, 0x90162000, 0x916b0000)
  to   space 21824K,   0% used [0x916b0000, 0x916b0000, 0x92c00000)
 concurrent mark-sweep generation total 393216K, used 12805K [0x92c00000, 0xaac00000, 0xaac00000)
 concurrent-mark-sweep perm gen total 35404K, used 22529K [0xaac00000, 0xace93000, 0xb2c00000)
}
2015-02-20T16:07:11.688-0600: 2760.143: Total time for which application threads were stopped: 0.0088130 seconds
{Heap before GC invocations=793 (full 1):
 par new generation   total 109248K, used 87432K [0x8ac00000, 0x92c00000, 0x92c00000)
  eden space 87424K, 100% used [0x8ac00000, 0x90160000, 0x90160000)
  from space 21824K,   0% used [0x90160000, 0x90162000, 0x916b0000)
  to   space 21824K,   0% used [0x916b0000, 0x916b0000, 0x92c00000)
 concurrent mark-sweep generation total 393216K, used 12805K [0x92c00000, 0xaac00000, 0xaac00000)
 concurrent-mark-sweep perm gen total 35404K, used 22529K [0xaac00000, 0xace93000, 0xb2c00000)
2015-02-20T16:07:13.498-0600: 2761.954: [GC2015-02-20T16:07:13.499-0600: 2761.954: [ParNew
Desired survivor size 20112996 bytes, new threshold 8 (max 8)
- age   1:       1008 bytes,       1008 total
- age   2:        376 bytes,       1384 total
- age   3:        360 bytes,       1744 total
- age   4:        400 bytes,       2144 total
- age   5:        376 bytes,       2520 total
- age   6:        376 bytes,       2896 total
- age   7:        400 bytes,       3296 total
- age   8:        544 bytes,       3840 total
: 87432K->8K(109248K), 0.0088770 secs] 100237K->12813K(502464K), 0.0091070 secs] [Times: user=0.02 sys=0.00, real=0.01 secs] 
Heap after GC invocations=794 (full 1):
 par new generation   total 109248K, used 8K [0x8ac00000, 0x92c00000, 0x92c00000)
  eden space 87424K,   0% used [0x8ac00000, 0x8ac00000, 0x90160000)
  from space 21824K,   0% used [0x916b0000, 0x916b2000, 0x92c00000)
  to   space 21824K,   0% used [0x90160000, 0x90160000, 0x916b0000)
 concurrent mark-sweep generation total 393216K, used 12805K [0x92c00000, 0xaac00000, 0xaac00000)
 concurrent-mark-sweep perm gen total 35404K, used 22529K [0xaac00000, 0xace93000, 0xb2c00000)
}
2015-02-20T16:07:13.508-0600: 2761.963: Total time for which application threads were stopped: 0.0121440 seconds
{Heap before GC invocations=794 (full 1):
 par new generation   total 109248K, used 87432K [0x8ac00000, 0x92c00000, 0x92c00000)
  eden space 87424K, 100% used [0x8ac00000, 0x90160000, 0x90160000)
  from space 21824K,   0% used [0x916b0000, 0x916b2000, 0x92c00000)
  to   space 21824K,   0% used [0x90160000, 0x90160000, 0x916b0000)
 concurrent mark-sweep generation total 393216K, used 12805K [0x92c00000, 0xaac00000, 0xaac00000)
 concurrent-mark-sweep perm gen total 35404K, used 22529K [0xaac00000, 0xace93000, 0xb2c00000)
2015-02-20T16:07:15.320-0600: 2763.775: [GC2015-02-20T16:07:15.320-0600: 2763.775: [ParNew
Desired survivor size 20112996 bytes, new threshold 8 (max 8)
- age   1:       1328 bytes,       1328 total
- age   2:        440 bytes,       1768 total
- age   3:        376 bytes,       2144 total
- age   4:        360 bytes,       2504 total
- age   5:        400 bytes,       2904 total
- age   6:        376 bytes,       3280 total
- age   7:        376 bytes,       3656 total
- age   8:        400 bytes,       4056 total
: 87432K->10K(109248K), 0.0075010 secs] 100237K->12816K(502464K), 0.0076870 secs] [Times: user=0.02 sys=0.00, real=0.01 secs] 
Heap after GC invocations=795 (full 1):
 par new generation   total 109248K, used 10K [0x8ac00000, 0x92c00000, 0x92c00000)
  eden space 87424K,   0% used [0x8ac00000, 0x8ac00000, 0x90160000)
  from space 21824K,   0% used [0x90160000, 0x90162800, 0x916b0000)
  to   space 21824K,   0% used [0x916b0000, 0x916b0000, 0x92c00000)
 concurrent mark-sweep generation total 393216K, used 12806K [0x92c00000, 0xaac00000, 0xaac00000)
 concurrent-mark-sweep perm gen total 35404K, used 22529K [0xaac00000, 0xace93000, 0xb2c00000)
}
2015-02-20T16:07:15.328-0600: 2763.783: Total time for which application threads were stopped: 0.0103830 seconds
{Heap before GC invocations=795 (full 1):
 par new generation   total 109248K, used 87434K [0x8ac00000, 0x92c00000, 0x92c00000)
  eden space 87424K, 100% used [0x8ac00000, 0x90160000, 0x90160000)
  from space 21824K,   0% used [0x90160000, 0x90162800, 0x916b0000)
  to   space 21824K,   0% used [0x916b0000, 0x916b0000, 0x92c00000)
 concurrent mark-sweep generation total 393216K, used 12806K [0x92c00000, 0xaac00000, 0xaac00000)
 concurrent-mark-sweep perm gen total 35404K, used 22529K [0xaac00000, 0xace93000, 0xb2c00000)
2015-02-20T16:07:17.127-0600: 2765.582: [GC2015-02-20T16:07:17.127-0600: 2765.582: [ParNew
Desired survivor size 20112996 bytes, new threshold 8 (max 8)
- age   1:        936 bytes,        936 total
- age   2:        536 bytes,       1472 total
- age   3:        440 bytes,       1912 total
- age   4:        376 bytes,       2288 total
- age   5:        360 bytes,       2648 total
- age   6:        400 bytes,       3048 total
- age   7:        376 bytes,       3424 total
- age   8:        376 bytes,       3800 total
: 87434K->6K(109248K), 0.0075380 secs] 100240K->12812K(502464K), 0.0078050 secs] [Times: user=0.01 sys=0.01, real=0.01 secs] 
Heap after GC invocations=796 (full 1):
 par new generation   total 109248K, used 6K [0x8ac00000, 0x92c00000, 0x92c00000)
  eden space 87424K,   0% used [0x8ac00000, 0x8ac00000, 0x90160000)
  from space 21824K,   0% used [0x916b0000, 0x916b1800, 0x92c00000)
  to   space 21824K,   0% used [0x90160000, 0x90160000, 0x916b0000)
 concurrent mark-sweep generation total 393216K, used 12806K [0x92c00000, 0xaac00000, 0xaac00000)
 concurrent-mark-sweep perm gen total 35404K, used 22529K [0xaac00000, 0xace93000, 0xb2c00000)
}
2015-02-20T16:07:17.135-0600: 2765.590: Total time for which application threads were stopped: 0.0105670 seconds
{Heap before GC invocations=796 (full 1):
 par new generation   total 109248K, used 87430K [0x8ac00000, 0x92c00000, 0x92c00000)
  eden space 87424K, 100% used [0x8ac00000, 0x90160000, 0x90160000)
  from space 21824K,   0% used [0x916b0000, 0x916b1800, 0x92c00000)
  to   space 21824K,   0% used [0x90160000, 0x90160000, 0x916b0000)
 concurrent mark-sweep generation total 393216K, used 12806K [0x92c00000, 0xaac00000, 0xaac00000)
 concurrent-mark-sweep perm gen total 35404K, used 22529K [0xaac00000, 0xace93000, 0xb2c00000)
2015-02-20T16:07:18.978-0600: 2767.433: [GC2015-02-20T16:07:18.978-0600: 2767.433: [ParNew
Desired survivor size 20112996 bytes, new threshold 8 (max 8)
- age   1:        928 bytes,        928 total
- age   2:        240 bytes,       1168 total
- age   3:        408 bytes,       1576 total
- age   4:        440 bytes,       2016 total
- age   5:        376 bytes,       2392 total
- age   6:        360 bytes,       2752 total
- age   7:        400 bytes,       3152 total
- age   8:        376 bytes,       3528 total
: 87430K->6K(109248K), 0.0075040 secs] 100236K->12813K(502464K), 0.0077360 secs] [Times: user=0.01 sys=0.00, real=0.00 secs] 
Heap after GC invocations=797 (full 1):
 par new generation   total 109248K, used 6K [0x8ac00000, 0x92c00000, 0x92c00000)
  eden space 87424K,   0% used [0x8ac00000, 0x8ac00000, 0x90160000)
  from space 21824K,   0% used [0x90160000, 0x90161800, 0x916b0000)
  to   space 21824K,   0% used [0x916b0000, 0x916b0000, 0x92c00000)
 concurrent mark-sweep generation total 393216K, used 12807K [0x92c00000, 0xaac00000, 0xaac00000)
 concurrent-mark-sweep perm gen total 35404K, used 22529K [0xaac00000, 0xace93000, 0xb2c00000)
}
2015-02-20T16:07:18.986-0600: 2767.441: Total time for which application threads were stopped: 0.0105800 seconds
{Heap before GC invocations=797 (full 1):
 par new generation   total 109248K, used 87430K [0x8ac00000, 0x92c00000, 0x92c00000)
  eden space 87424K, 100% used [0x8ac00000, 0x90160000, 0x90160000)
  from space 21824K,   0% used [0x90160000, 0x90161800, 0x916b0000)
  to   space 21824K,   0% used [0x916b0000, 0x916b0000, 0x92c00000)
 concurrent mark-sweep generation total 393216K, used 12807K [0x92c00000, 0xaac00000, 0xaac00000)
 concurrent-mark-sweep perm gen total 35404K, used 22529K [0xaac00000, 0xace93000, 0xb2c00000)
2015-02-20T16:07:20.803-0600: 2769.258: [GC2015-02-20T16:07:20.803-0600: 2769.258: [ParNew
Desired survivor size 20112996 bytes, new threshold 8 (max 8)
- age   1:       1224 bytes,       1224 total
- age   2:        176 bytes,       1400 total
- age   3:        216 bytes,       1616 total
- age   4:        408 bytes,       2024 total
- age   5:        440 bytes,       2464 total
- age   6:        376 bytes,       2840 total
- age   7:        360 bytes,       3200 total
- age   8:        400 bytes,       3600 total
: 87430K->10K(109248K), 0.0196710 secs] 100237K->12817K(502464K), 0.0198670 secs] [Times: user=0.02 sys=0.00, real=0.02 secs] 
Heap after GC invocations=798 (full 1):
 par new generation   total 109248K, used 10K [0x8ac00000, 0x92c00000, 0x92c00000)
  eden space 87424K,   0% used [0x8ac00000, 0x8ac00000, 0x90160000)
  from space 21824K,   0% used [0x916b0000, 0x916b2800, 0x92c00000)
  to   space 21824K,   0% used [0x90160000, 0x90160000, 0x916b0000)
 concurrent mark-sweep generation total 393216K, used 12807K [0x92c00000, 0xaac00000, 0xaac00000)
 concurrent-mark-sweep perm gen total 35404K, used 22529K [0xaac00000, 0xace93000, 0xb2c00000)
}
2015-02-20T16:07:20.823-0600: 2769.278: Total time for which application threads were stopped: 0.0225400 seconds
{Heap before GC invocations=798 (full 1):
 par new generation   total 109248K, used 87434K [0x8ac00000, 0x92c00000, 0x92c00000)
  eden space 87424K, 100% used [0x8ac00000, 0x90160000, 0x90160000)
  from space 21824K,   0% used [0x916b0000, 0x916b2800, 0x92c00000)
  to   space 21824K,   0% used [0x90160000, 0x90160000, 0x916b0000)
 concurrent mark-sweep generation total 393216K, used 12807K [0x92c00000, 0xaac00000, 0xaac00000)
 concurrent-mark-sweep perm gen total 35404K, used 22529K [0xaac00000, 0xace93000, 0xb2c00000)
2015-02-20T16:07:22.616-0600: 2771.071: [GC2015-02-20T16:07:22.616-0600: 2771.071: [ParNew
Desired survivor size 20112996 bytes, new threshold 8 (max 8)
- age   1:       1224 bytes,       1224 total
- age   2:        376 bytes,       1600 total
- age   3:        176 bytes,       1776 total
- age   4:        216 bytes,       1992 total
- age   5:        408 bytes,       2400 total
- age   6:        440 bytes,       2840 total
- age   7:        376 bytes,       3216 total
- age   8:        360 bytes,       3576 total
: 87434K->8K(109248K), 0.0079030 secs] 100241K->12815K(502464K), 0.0081340 secs] [Times: user=0.01 sys=0.00, real=0.01 secs] 
Heap after GC invocations=799 (full 1):
 par new generation   total 109248K, used 8K [0x8ac00000, 0x92c00000, 0x92c00000)
  eden space 87424K,   0% used [0x8ac00000, 0x8ac00000, 0x90160000)
  from space 21824K,   0% used [0x90160000, 0x90162000, 0x916b0000)
  to   space 21824K,   0% used [0x916b0000, 0x916b0000, 0x92c00000)
 concurrent mark-sweep generation total 393216K, used 12807K [0x92c00000, 0xaac00000, 0xaac00000)
 concurrent-mark-sweep perm gen total 35404K, used 22529K [0xaac00000, 0xace93000, 0xb2c00000)
}
2015-02-20T16:07:22.624-0600: 2771.079: Total time for which application threads were stopped: 0.0111030 seconds
{Heap before GC invocations=799 (full 1):
 par new generation   total 109248K, used 87432K [0x8ac00000, 0x92c00000, 0x92c00000)
  eden space 87424K, 100% used [0x8ac00000, 0x90160000, 0x90160000)
  from space 21824K,   0% used [0x90160000, 0x90162000, 0x916b0000)
  to   space 21824K,   0% used [0x916b0000, 0x916b0000, 0x92c00000)
 concurrent mark-sweep generation total 393216K, used 12807K [0x92c00000, 0xaac00000, 0xaac00000)
 concurrent-mark-sweep perm gen total 35404K, used 22529K [0xaac00000, 0xace93000, 0xb2c00000)
2015-02-20T16:07:24.406-0600: 2772.861: [GC2015-02-20T16:07:24.406-0600: 2772.861: [ParNew
Desired survivor size 20112996 bytes, new threshold 8 (max 8)
- age   1:       1232 bytes,       1232 total
- age   2:        448 bytes,       1680 total
- age   3:        376 bytes,       2056 total
- age   4:        176 bytes,       2232 total
- age   5:        216 bytes,       2448 total
- age   6:        408 bytes,       2856 total
- age   7:        440 bytes,       3296 total
- age   8:        376 bytes,       3672 total
: 87432K->6K(109248K), 0.0121750 secs] 100239K->12814K(502464K), 0.0123920 secs] [Times: user=0.02 sys=0.00, real=0.02 secs] 
Heap after GC invocations=800 (full 1):
 par new generation   total 109248K, used 6K [0x8ac00000, 0x92c00000, 0x92c00000)
  eden space 87424K,   0% used [0x8ac00000, 0x8ac00000, 0x90160000)
  from space 21824K,   0% used [0x916b0000, 0x916b1800, 0x92c00000)
  to   space 21824K,   0% used [0x90160000, 0x90160000, 0x916b0000)
 concurrent mark-sweep generation total 393216K, used 12808K [0x92c00000, 0xaac00000, 0xaac00000)
 concurrent-mark-sweep perm gen total 35404K, used 22529K [0xaac00000, 0xace93000, 0xb2c00000)
}
2015-02-20T16:07:24.418-0600: 2772.873: Total time for which application threads were stopped: 0.0153320 seconds
{Heap before GC invocations=800 (full 1):
 par new generation   total 109248K, used 87430K [0x8ac00000, 0x92c00000, 0x92c00000)
  eden space 87424K, 100% used [0x8ac00000, 0x90160000, 0x90160000)
  from space 21824K,   0% used [0x916b0000, 0x916b1800, 0x92c00000)
  to   space 21824K,   0% used [0x90160000, 0x90160000, 0x916b0000)
 concurrent mark-sweep generation total 393216K, used 12808K [0x92c00000, 0xaac00000, 0xaac00000)
 concurrent-mark-sweep perm gen total 35404K, used 22529K [0xaac00000, 0xace93000, 0xb2c00000)
2015-02-20T16:07:26.215-0600: 2774.670: [GC2015-02-20T16:07:26.215-0600: 2774.670: [ParNew
Desired survivor size 20112996 bytes, new threshold 8 (max 8)
- age   1:        944 bytes,        944 total
- age   2:        400 bytes,       1344 total
- age   3:        448 bytes,       1792 total
- age   4:        376 bytes,       2168 total
- age   5:        176 bytes,       2344 total
- age   6:        216 bytes,       2560 total
- age   7:        408 bytes,       2968 total
- age   8:        440 bytes,       3408 total
: 87430K->6K(109248K), 0.0080070 secs] 100238K->12814K(502464K), 0.0082110 secs] [Times: user=0.02 sys=0.00, real=0.01 secs] 
Heap after GC invocations=801 (full 1):
 par new generation   total 109248K, used 6K [0x8ac00000, 0x92c00000, 0x92c00000)
  eden space 87424K,   0% used [0x8ac00000, 0x8ac00000, 0x90160000)
  from space 21824K,   0% used [0x90160000, 0x90161800, 0x916b0000)
  to   space 21824K,   0% used [0x916b0000, 0x916b0000, 0x92c00000)
 concurrent mark-sweep generation total 393216K, used 12808K [0x92c00000, 0xaac00000, 0xaac00000)
 concurrent-mark-sweep perm gen total 35404K, used 22529K [0xaac00000, 0xace93000, 0xb2c00000)
}
2015-02-20T16:07:26.223-0600: 2774.678: Total time for which application threads were stopped: 0.0111800 seconds
{Heap before GC invocations=801 (full 1):
 par new generation   total 109248K, used 87430K [0x8ac00000, 0x92c00000, 0x92c00000)
  eden space 87424K, 100% used [0x8ac00000, 0x90160000, 0x90160000)
  from space 21824K,   0% used [0x90160000, 0x90161800, 0x916b0000)
  to   space 21824K,   0% used [0x916b0000, 0x916b0000, 0x92c00000)
 concurrent mark-sweep generation total 393216K, used 12808K [0x92c00000, 0xaac00000, 0xaac00000)
 concurrent-mark-sweep perm gen total 35404K, used 22529K [0xaac00000, 0xace93000, 0xb2c00000)
2015-02-20T16:07:28.081-0600: 2776.536: [GC2015-02-20T16:07:28.081-0600: 2776.536: [ParNew
Desired survivor size 20112996 bytes, new threshold 8 (max 8)
- age   1:       1136 bytes,       1136 total
- age   2:        376 bytes,       1512 total
- age   3:        400 bytes,       1912 total
- age   4:        448 bytes,       2360 total
- age   5:        376 bytes,       2736 total
- age   6:        176 bytes,       2912 total
- age   7:        216 bytes,       3128 total
- age   8:        408 bytes,       3536 total
: 87430K->8K(109248K), 0.0063680 secs] 100238K->12816K(502464K), 0.0065540 secs] [Times: user=0.01 sys=0.00, real=0.00 secs] 
Heap after GC invocations=802 (full 1):
 par new generation   total 109248K, used 8K [0x8ac00000, 0x92c00000, 0x92c00000)
  eden space 87424K,   0% used [0x8ac00000, 0x8ac00000, 0x90160000)
  from space 21824K,   0% used [0x916b0000, 0x916b2000, 0x92c00000)
  to   space 21824K,   0% used [0x90160000, 0x90160000, 0x916b0000)
 concurrent mark-sweep generation total 393216K, used 12808K [0x92c00000, 0xaac00000, 0xaac00000)
 concurrent-mark-sweep perm gen total 35404K, used 22529K [0xaac00000, 0xace93000, 0xb2c00000)
}
2015-02-20T16:07:28.087-0600: 2776.542: Total time for which application threads were stopped: 0.0092720 seconds
{Heap before GC invocations=802 (full 1):
 par new generation   total 109248K, used 87432K [0x8ac00000, 0x92c00000, 0x92c00000)
  eden space 87424K, 100% used [0x8ac00000, 0x90160000, 0x90160000)
  from space 21824K,   0% used [0x916b0000, 0x916b2000, 0x92c00000)
  to   space 21824K,   0% used [0x90160000, 0x90160000, 0x916b0000)
 concurrent mark-sweep generation total 393216K, used 12808K [0x92c00000, 0xaac00000, 0xaac00000)
 concurrent-mark-sweep perm gen total 35404K, used 22529K [0xaac00000, 0xace93000, 0xb2c00000)
2015-02-20T16:07:29.903-0600: 2778.358: [GC2015-02-20T16:07:29.903-0600: 2778.358: [ParNew
Desired survivor size 20112996 bytes, new threshold 8 (max 8)
- age   1:       1192 bytes,       1192 total
- age   2:        536 bytes,       1728 total
- age   3:        376 bytes,       2104 total
- age   4:        400 bytes,       2504 total
- age   5:        448 bytes,       2952 total
- age   6:        376 bytes,       3328 total
- age   7:        176 bytes,       3504 total
- age   8:        216 bytes,       3720 total
: 87432K->10K(109248K), 0.0071780 secs] 100240K->12819K(502464K), 0.0074590 secs] [Times: user=0.01 sys=0.00, real=0.01 secs] 
Heap after GC invocations=803 (full 1):
 par new generation   total 109248K, used 10K [0x8ac00000, 0x92c00000, 0x92c00000)
  eden space 87424K,   0% used [0x8ac00000, 0x8ac00000, 0x90160000)
  from space 21824K,   0% used [0x90160000, 0x90162800, 0x916b0000)
  to   space 21824K,   0% used [0x916b0000, 0x916b0000, 0x92c00000)
 concurrent mark-sweep generation total 393216K, used 12809K [0x92c00000, 0xaac00000, 0xaac00000)
 concurrent-mark-sweep perm gen total 35404K, used 22529K [0xaac00000, 0xace93000, 0xb2c00000)
}
2015-02-20T16:07:29.911-0600: 2778.366: Total time for which application threads were stopped: 0.0101130 seconds
{Heap before GC invocations=803 (full 1):
 par new generation   total 109248K, used 87434K [0x8ac00000, 0x92c00000, 0x92c00000)
  eden space 87424K, 100% used [0x8ac00000, 0x90160000, 0x90160000)
  from space 21824K,   0% used [0x90160000, 0x90162800, 0x916b0000)
  to   space 21824K,   0% used [0x916b0000, 0x916b0000, 0x92c00000)
 concurrent mark-sweep generation total 393216K, used 12809K [0x92c00000, 0xaac00000, 0xaac00000)
 concurrent-mark-sweep perm gen total 35404K, used 22529K [0xaac00000, 0xace93000, 0xb2c00000)
2015-02-20T16:07:31.846-0600: 2780.301: [GC2015-02-20T16:07:31.846-0600: 2780.301: [ParNew
Desired survivor size 20112996 bytes, new threshold 8 (max 8)
- age   1:       1304 bytes,       1304 total
- age   2:        360 bytes,       1664 total
- age   3:        536 bytes,       2200 total
- age   4:        376 bytes,       2576 total
- age   5:        400 bytes,       2976 total
- age   6:        448 bytes,       3424 total
- age   7:        376 bytes,       3800 total
- age   8:        176 bytes,       3976 total
: 87434K->8K(109248K), 0.0074570 secs] 100243K->12817K(502464K), 0.0077250 secs] [Times: user=0.01 sys=0.00, real=0.01 secs] 
Heap after GC invocations=804 (full 1):
 par new generation   total 109248K, used 8K [0x8ac00000, 0x92c00000, 0x92c00000)
  eden space 87424K,   0% used [0x8ac00000, 0x8ac00000, 0x90160000)
  from space 21824K,   0% used [0x916b0000, 0x916b2000, 0x92c00000)
  to   space 21824K,   0% used [0x90160000, 0x90160000, 0x916b0000)
 concurrent mark-sweep generation total 393216K, used 12809K [0x92c00000, 0xaac00000, 0xaac00000)
 concurrent-mark-sweep perm gen total 35404K, used 22529K [0xaac00000, 0xace93000, 0xb2c00000)
}
2015-02-20T16:07:31.854-0600: 2780.309: Total time for which application threads were stopped: 0.0109910 seconds
{Heap before GC invocations=804 (full 1):
 par new generation   total 109248K, used 87432K [0x8ac00000, 0x92c00000, 0x92c00000)
  eden space 87424K, 100% used [0x8ac00000, 0x90160000, 0x90160000)
  from space 21824K,   0% used [0x916b0000, 0x916b2000, 0x92c00000)
  to   space 21824K,   0% used [0x90160000, 0x90160000, 0x916b0000)
 concurrent mark-sweep generation total 393216K, used 12809K [0x92c00000, 0xaac00000, 0xaac00000)
 concurrent-mark-sweep perm gen total 35404K, used 22529K [0xaac00000, 0xace93000, 0xb2c00000)
2015-02-20T16:07:33.882-0600: 2782.338: [GC2015-02-20T16:07:33.883-0600: 2782.338: [ParNew
Desired survivor size 20112996 bytes, new threshold 8 (max 8)
- age   1:       1328 bytes,       1328 total
- age   2:        376 bytes,       1704 total
- age   3:        360 bytes,       2064 total
- age   4:        536 bytes,       2600 total
- age   5:        376 bytes,       2976 total
- age   6:        400 bytes,       3376 total
- age   7:        448 bytes,       3824 total
- age   8:        376 bytes,       4200 total
: 87432K->8K(109248K), 0.0059750 secs] 100241K->12817K(502464K), 0.0061770 secs] [Times: user=0.00 sys=0.01, real=0.01 secs] 
Heap after GC invocations=805 (full 1):
 par new generation   total 109248K, used 8K [0x8ac00000, 0x92c00000, 0x92c00000)
  eden space 87424K,   0% used [0x8ac00000, 0x8ac00000, 0x90160000)
  from space 21824K,   0% used [0x90160000, 0x90162000, 0x916b0000)
  to   space 21824K,   0% used [0x916b0000, 0x916b0000, 0x92c00000)
 concurrent mark-sweep generation total 393216K, used 12809K [0x92c00000, 0xaac00000, 0xaac00000)
 concurrent-mark-sweep perm gen total 35404K, used 22529K [0xaac00000, 0xace93000, 0xb2c00000)
}
2015-02-20T16:07:33.889-0600: 2782.344: Total time for which application threads were stopped: 0.0089470 seconds
{Heap before GC invocations=805 (full 1):
 par new generation   total 109248K, used 87432K [0x8ac00000, 0x92c00000, 0x92c00000)
  eden space 87424K, 100% used [0x8ac00000, 0x90160000, 0x90160000)
  from space 21824K,   0% used [0x90160000, 0x90162000, 0x916b0000)
  to   space 21824K,   0% used [0x916b0000, 0x916b0000, 0x92c00000)
 concurrent mark-sweep generation total 393216K, used 12809K [0x92c00000, 0xaac00000, 0xaac00000)
 concurrent-mark-sweep perm gen total 35404K, used 22529K [0xaac00000, 0xace93000, 0xb2c00000)
2015-02-20T16:07:35.568-0600: 2784.023: [GC2015-02-20T16:07:35.568-0600: 2784.023: [ParNew
Desired survivor size 20112996 bytes, new threshold 8 (max 8)
- age   1:       1024 bytes,       1024 total
- age   2:        400 bytes,       1424 total
- age   3:        376 bytes,       1800 total
- age   4:        360 bytes,       2160 total
- age   5:        536 bytes,       2696 total
- age   6:        376 bytes,       3072 total
- age   7:        400 bytes,       3472 total
- age   8:        448 bytes,       3920 total
: 87432K->6K(109248K), 0.0130670 secs] 100241K->12816K(502464K), 0.0134290 secs] [Times: user=0.03 sys=0.00, real=0.01 secs] 
Heap after GC invocations=806 (full 1):
 par new generation   total 109248K, used 6K [0x8ac00000, 0x92c00000, 0x92c00000)
  eden space 87424K,   0% used [0x8ac00000, 0x8ac00000, 0x90160000)
  from space 21824K,   0% used [0x916b0000, 0x916b1800, 0x92c00000)
  to   space 21824K,   0% used [0x90160000, 0x90160000, 0x916b0000)
 concurrent mark-sweep generation total 393216K, used 12810K [0x92c00000, 0xaac00000, 0xaac00000)
 concurrent-mark-sweep perm gen total 35404K, used 22529K [0xaac00000, 0xace93000, 0xb2c00000)
}
2015-02-20T16:07:35.581-0600: 2784.036: Total time for which application threads were stopped: 0.0163270 seconds
{Heap before GC invocations=806 (full 1):
 par new generation   total 109248K, used 87430K [0x8ac00000, 0x92c00000, 0x92c00000)
  eden space 87424K, 100% used [0x8ac00000, 0x90160000, 0x90160000)
  from space 21824K,   0% used [0x916b0000, 0x916b1800, 0x92c00000)
  to   space 21824K,   0% used [0x90160000, 0x90160000, 0x916b0000)
 concurrent mark-sweep generation total 393216K, used 12810K [0x92c00000, 0xaac00000, 0xaac00000)
 concurrent-mark-sweep perm gen total 35404K, used 22529K [0xaac00000, 0xace93000, 0xb2c00000)
2015-02-20T16:07:37.072-0600: 2785.528: [GC2015-02-20T16:07:37.073-0600: 2785.528: [ParNew
Desired survivor size 20112996 bytes, new threshold 8 (max 8)
- age   1:        688 bytes,        688 total
- age   2:        552 bytes,       1240 total
- age   3:        400 bytes,       1640 total
- age   4:        376 bytes,       2016 total
- age   5:        360 bytes,       2376 total
- age   6:        536 bytes,       2912 total
- age   7:        376 bytes,       3288 total
- age   8:        400 bytes,       3688 total
: 87430K->8K(109248K), 0.0147070 secs] 100240K->12818K(502464K), 0.0149080 secs] [Times: user=0.03 sys=0.00, real=0.02 secs] 
Heap after GC invocations=807 (full 1):
 par new generation   total 109248K, used 8K [0x8ac00000, 0x92c00000, 0x92c00000)
  eden space 87424K,   0% used [0x8ac00000, 0x8ac00000, 0x90160000)
  from space 21824K,   0% used [0x90160000, 0x90162000, 0x916b0000)
  to   space 21824K,   0% used [0x916b0000, 0x916b0000, 0x92c00000)
 concurrent mark-sweep generation total 393216K, used 12810K [0x92c00000, 0xaac00000, 0xaac00000)
 concurrent-mark-sweep perm gen total 35404K, used 22529K [0xaac00000, 0xace93000, 0xb2c00000)
}
2015-02-20T16:07:37.087-0600: 2785.543: Total time for which application threads were stopped: 0.0178700 seconds
{Heap before GC invocations=807 (full 1):
 par new generation   total 109248K, used 87432K [0x8ac00000, 0x92c00000, 0x92c00000)
  eden space 87424K, 100% used [0x8ac00000, 0x90160000, 0x90160000)
  from space 21824K,   0% used [0x90160000, 0x90162000, 0x916b0000)
  to   space 21824K,   0% used [0x916b0000, 0x916b0000, 0x92c00000)
 concurrent mark-sweep generation total 393216K, used 12810K [0x92c00000, 0xaac00000, 0xaac00000)
 concurrent-mark-sweep perm gen total 35404K, used 22529K [0xaac00000, 0xace93000, 0xb2c00000)
2015-02-20T16:07:38.572-0600: 2787.027: [GC2015-02-20T16:07:38.572-0600: 2787.027: [ParNew
Desired survivor size 20112996 bytes, new threshold 8 (max 8)
- age   1:       1080 bytes,       1080 total
- age   2:        240 bytes,       1320 total
- age   3:        424 bytes,       1744 total
- age   4:        400 bytes,       2144 total
- age   5:        376 bytes,       2520 total
- age   6:        360 bytes,       2880 total
- age   7:        536 bytes,       3416 total
- age   8:        376 bytes,       3792 total
: 87432K->10K(109248K), 0.0056560 secs] 100242K->12820K(502464K), 0.0058700 secs] [Times: user=0.01 sys=0.00, real=0.01 secs] 
Heap after GC invocations=808 (full 1):
 par new generation   total 109248K, used 10K [0x8ac00000, 0x92c00000, 0x92c00000)
  eden space 87424K,   0% used [0x8ac00000, 0x8ac00000, 0x90160000)
  from space 21824K,   0% used [0x916b0000, 0x916b2800, 0x92c00000)
  to   space 21824K,   0% used [0x90160000, 0x90160000, 0x916b0000)
 concurrent mark-sweep generation total 393216K, used 12810K [0x92c00000, 0xaac00000, 0xaac00000)
 concurrent-mark-sweep perm gen total 35404K, used 22529K [0xaac00000, 0xace93000, 0xb2c00000)
}
2015-02-20T16:07:38.578-0600: 2787.033: Total time for which application threads were stopped: 0.0086010 seconds
{Heap before GC invocations=808 (full 1):
 par new generation   total 109248K, used 87434K [0x8ac00000, 0x92c00000, 0x92c00000)
  eden space 87424K, 100% used [0x8ac00000, 0x90160000, 0x90160000)
  from space 21824K,   0% used [0x916b0000, 0x916b2800, 0x92c00000)
  to   space 21824K,   0% used [0x90160000, 0x90160000, 0x916b0000)
 concurrent mark-sweep generation total 393216K, used 12810K [0x92c00000, 0xaac00000, 0xaac00000)
 concurrent-mark-sweep perm gen total 35404K, used 22529K [0xaac00000, 0xace93000, 0xb2c00000)
2015-02-20T16:07:40.142-0600: 2788.597: [GC2015-02-20T16:07:40.142-0600: 2788.597: [ParNew
Desired survivor size 20112996 bytes, new threshold 8 (max 8)
- age   1:       1120 bytes,       1120 total
- age   2:        176 bytes,       1296 total
- age   3:        216 bytes,       1512 total
- age   4:        424 bytes,       1936 total
- age   5:        400 bytes,       2336 total
- age   6:        376 bytes,       2712 total
- age   7:        360 bytes,       3072 total
- age   8:        536 bytes,       3608 total
: 87434K->8K(109248K), 0.0094500 secs] 100244K->12819K(502464K), 0.0096680 secs] [Times: user=0.01 sys=0.01, real=0.01 secs] 
Heap after GC invocations=809 (full 1):
 par new generation   total 109248K, used 8K [0x8ac00000, 0x92c00000, 0x92c00000)
  eden space 87424K,   0% used [0x8ac00000, 0x8ac00000, 0x90160000)
  from space 21824K,   0% used [0x90160000, 0x90162000, 0x916b0000)
  to   space 21824K,   0% used [0x916b0000, 0x916b0000, 0x92c00000)
 concurrent mark-sweep generation total 393216K, used 12811K [0x92c00000, 0xaac00000, 0xaac00000)
 concurrent-mark-sweep perm gen total 35404K, used 22529K [0xaac00000, 0xace93000, 0xb2c00000)
}
2015-02-20T16:07:40.152-0600: 2788.607: Total time for which application threads were stopped: 0.0126750 seconds
{Heap before GC invocations=809 (full 1):
 par new generation   total 109248K, used 87432K [0x8ac00000, 0x92c00000, 0x92c00000)
  eden space 87424K, 100% used [0x8ac00000, 0x90160000, 0x90160000)
  from space 21824K,   0% used [0x90160000, 0x90162000, 0x916b0000)
  to   space 21824K,   0% used [0x916b0000, 0x916b0000, 0x92c00000)
 concurrent mark-sweep generation total 393216K, used 12811K [0x92c00000, 0xaac00000, 0xaac00000)
 concurrent-mark-sweep perm gen total 35404K, used 22529K [0xaac00000, 0xace93000, 0xb2c00000)
2015-02-20T16:07:41.701-0600: 2790.156: [GC2015-02-20T16:07:41.701-0600: 2790.156: [ParNew
Desired survivor size 20112996 bytes, new threshold 8 (max 8)
- age   1:       1136 bytes,       1136 total
- age   2:        520 bytes,       1656 total
- age   3:        176 bytes,       1832 total
- age   4:        216 bytes,       2048 total
- age   5:        424 bytes,       2472 total
- age   6:        400 bytes,       2872 total
- age   7:        376 bytes,       3248 total
- age   8:        360 bytes,       3608 total
: 87432K->6K(109248K), 0.0166140 secs] 100243K->12817K(502464K), 0.0168180 secs] [Times: user=0.03 sys=0.00, real=0.02 secs] 
Heap after GC invocations=810 (full 1):
 par new generation   total 109248K, used 6K [0x8ac00000, 0x92c00000, 0x92c00000)
  eden space 87424K,   0% used [0x8ac00000, 0x8ac00000, 0x90160000)
  from space 21824K,   0% used [0x916b0000, 0x916b1800, 0x92c00000)
  to   space 21824K,   0% used [0x90160000, 0x90160000, 0x916b0000)
 concurrent mark-sweep generation total 393216K, used 12811K [0x92c00000, 0xaac00000, 0xaac00000)
 concurrent-mark-sweep perm gen total 35404K, used 22529K [0xaac00000, 0xace93000, 0xb2c00000)
}
2015-02-20T16:07:41.718-0600: 2790.173: Total time for which application threads were stopped: 0.0197270 seconds
{Heap before GC invocations=810 (full 1):
 par new generation   total 109248K, used 87430K [0x8ac00000, 0x92c00000, 0x92c00000)
  eden space 87424K, 100% used [0x8ac00000, 0x90160000, 0x90160000)
  from space 21824K,   0% used [0x916b0000, 0x916b1800, 0x92c00000)
  to   space 21824K,   0% used [0x90160000, 0x90160000, 0x916b0000)
 concurrent mark-sweep generation total 393216K, used 12811K [0x92c00000, 0xaac00000, 0xaac00000)
 concurrent-mark-sweep perm gen total 35404K, used 22529K [0xaac00000, 0xace93000, 0xb2c00000)
2015-02-20T16:07:43.321-0600: 2791.776: [GC2015-02-20T16:07:43.321-0600: 2791.776: [ParNew
Desired survivor size 20112996 bytes, new threshold 8 (max 8)
- age   1:       1232 bytes,       1232 total
- age   2:        360 bytes,       1592 total
- age   3:        520 bytes,       2112 total
- age   4:        176 bytes,       2288 total
- age   5:        216 bytes,       2504 total
- age   6:        424 bytes,       2928 total
- age   7:        400 bytes,       3328 total
- age   8:        376 bytes,       3704 total
: 87430K->8K(109248K), 0.0136430 secs] 100241K->12820K(502464K), 0.0138910 secs] [Times: user=0.02 sys=0.00, real=0.01 secs] 
Heap after GC invocations=811 (full 1):
 par new generation   total 109248K, used 8K [0x8ac00000, 0x92c00000, 0x92c00000)
  eden space 87424K,   0% used [0x8ac00000, 0x8ac00000, 0x90160000)
  from space 21824K,   0% used [0x90160000, 0x90162000, 0x916b0000)
  to   space 21824K,   0% used [0x916b0000, 0x916b0000, 0x92c00000)
 concurrent mark-sweep generation total 393216K, used 12812K [0x92c00000, 0xaac00000, 0xaac00000)
 concurrent-mark-sweep perm gen total 35404K, used 22529K [0xaac00000, 0xace93000, 0xb2c00000)
}
2015-02-20T16:07:43.335-0600: 2791.790: Total time for which application threads were stopped: 0.0169310 seconds
{Heap before GC invocations=811 (full 1):
 par new generation   total 109248K, used 87432K [0x8ac00000, 0x92c00000, 0x92c00000)
  eden space 87424K, 100% used [0x8ac00000, 0x90160000, 0x90160000)
  from space 21824K,   0% used [0x90160000, 0x90162000, 0x916b0000)
  to   space 21824K,   0% used [0x916b0000, 0x916b0000, 0x92c00000)
 concurrent mark-sweep generation total 393216K, used 12812K [0x92c00000, 0xaac00000, 0xaac00000)
 concurrent-mark-sweep perm gen total 35404K, used 22529K [0xaac00000, 0xace93000, 0xb2c00000)
2015-02-20T16:07:44.985-0600: 2793.440: [GC2015-02-20T16:07:44.985-0600: 2793.440: [ParNew
Desired survivor size 20112996 bytes, new threshold 8 (max 8)
- age   1:        464 bytes,        464 total
- age   2:        552 bytes,       1016 total
- age   3:        360 bytes,       1376 total
- age   4:        520 bytes,       1896 total
- age   5:        176 bytes,       2072 total
- age   6:        216 bytes,       2288 total
- age   7:        424 bytes,       2712 total
- age   8:        400 bytes,       3112 total
: 87432K->10K(109248K), 0.0052400 secs] 100244K->12822K(502464K), 0.0054380 secs] [Times: user=0.01 sys=0.00, real=0.01 secs] 
Heap after GC invocations=812 (full 1):
 par new generation   total 109248K, used 10K [0x8ac00000, 0x92c00000, 0x92c00000)
  eden space 87424K,   0% used [0x8ac00000, 0x8ac00000, 0x90160000)
  from space 21824K,   0% used [0x916b0000, 0x916b2800, 0x92c00000)
  to   space 21824K,   0% used [0x90160000, 0x90160000, 0x916b0000)
 concurrent mark-sweep generation total 393216K, used 12812K [0x92c00000, 0xaac00000, 0xaac00000)
 concurrent-mark-sweep perm gen total 35404K, used 22529K [0xaac00000, 0xace93000, 0xb2c00000)
}
2015-02-20T16:07:44.991-0600: 2793.446: Total time for which application threads were stopped: 0.0083540 seconds
{Heap before GC invocations=812 (full 1):
 par new generation   total 109248K, used 87434K [0x8ac00000, 0x92c00000, 0x92c00000)
  eden space 87424K, 100% used [0x8ac00000, 0x90160000, 0x90160000)
  from space 21824K,   0% used [0x916b0000, 0x916b2800, 0x92c00000)
  to   space 21824K,   0% used [0x90160000, 0x90160000, 0x916b0000)
 concurrent mark-sweep generation total 393216K, used 12812K [0x92c00000, 0xaac00000, 0xaac00000)
 concurrent-mark-sweep perm gen total 35404K, used 22529K [0xaac00000, 0xace93000, 0xb2c00000)
2015-02-20T16:07:46.478-0600: 2794.933: [GC2015-02-20T16:07:46.478-0600: 2794.933: [ParNew
Desired survivor size 20112996 bytes, new threshold 8 (max 8)
- age   1:       1008 bytes,       1008 total
- age   2:         16 bytes,       1024 total
- age   3:        400 bytes,       1424 total
- age   4:        360 bytes,       1784 total
- age   5:        520 bytes,       2304 total
- age   6:        176 bytes,       2480 total
- age   7:        216 bytes,       2696 total
- age   8:        424 bytes,       3120 total
: 87434K->6K(109248K), 0.0114130 secs] 100246K->12818K(502464K), 0.0116600 secs] [Times: user=0.03 sys=0.00, real=0.01 secs] 
Heap after GC invocations=813 (full 1):
 par new generation   total 109248K, used 6K [0x8ac00000, 0x92c00000, 0x92c00000)
  eden space 87424K,   0% used [0x8ac00000, 0x8ac00000, 0x90160000)
  from space 21824K,   0% used [0x90160000, 0x90161800, 0x916b0000)
  to   space 21824K,   0% used [0x916b0000, 0x916b0000, 0x92c00000)
 concurrent mark-sweep generation total 393216K, used 12812K [0x92c00000, 0xaac00000, 0xaac00000)
 concurrent-mark-sweep perm gen total 35404K, used 22529K [0xaac00000, 0xace93000, 0xb2c00000)
}
2015-02-20T16:07:46.490-0600: 2794.945: Total time for which application threads were stopped: 0.0144970 seconds
{Heap before GC invocations=813 (full 1):
 par new generation   total 109248K, used 87430K [0x8ac00000, 0x92c00000, 0x92c00000)
  eden space 87424K, 100% used [0x8ac00000, 0x90160000, 0x90160000)
  from space 21824K,   0% used [0x90160000, 0x90161800, 0x916b0000)
  to   space 21824K,   0% used [0x916b0000, 0x916b0000, 0x92c00000)
 concurrent mark-sweep generation total 393216K, used 12812K [0x92c00000, 0xaac00000, 0xaac00000)
 concurrent-mark-sweep perm gen total 35404K, used 22529K [0xaac00000, 0xace93000, 0xb2c00000)
2015-02-20T16:07:47.967-0600: 2796.422: [GC2015-02-20T16:07:47.967-0600: 2796.422: [ParNew
Desired survivor size 20112996 bytes, new threshold 8 (max 8)
- age   1:       1128 bytes,       1128 total
- age   2:        376 bytes,       1504 total
- age   3:         16 bytes,       1520 total
- age   4:        400 bytes,       1920 total
- age   5:        360 bytes,       2280 total
- age   6:        520 bytes,       2800 total
- age   7:        176 bytes,       2976 total
- age   8:        216 bytes,       3192 total
: 87430K->6K(109248K), 0.0076460 secs] 100242K->12819K(502464K), 0.0078500 secs] [Times: user=0.02 sys=0.00, real=0.01 secs] 
Heap after GC invocations=814 (full 1):
 par new generation   total 109248K, used 6K [0x8ac00000, 0x92c00000, 0x92c00000)
  eden space 87424K,   0% used [0x8ac00000, 0x8ac00000, 0x90160000)
  from space 21824K,   0% used [0x916b0000, 0x916b1800, 0x92c00000)
  to   space 21824K,   0% used [0x90160000, 0x90160000, 0x916b0000)
 concurrent mark-sweep generation total 393216K, used 12813K [0x92c00000, 0xaac00000, 0xaac00000)
 concurrent-mark-sweep perm gen total 35404K, used 22529K [0xaac00000, 0xace93000, 0xb2c00000)
}
2015-02-20T16:07:47.975-0600: 2796.430: Total time for which application threads were stopped: 0.0106090 seconds
{Heap before GC invocations=814 (full 1):
 par new generation   total 109248K, used 87430K [0x8ac00000, 0x92c00000, 0x92c00000)
  eden space 87424K, 100% used [0x8ac00000, 0x90160000, 0x90160000)
  from space 21824K,   0% used [0x916b0000, 0x916b1800, 0x92c00000)
  to   space 21824K,   0% used [0x90160000, 0x90160000, 0x916b0000)
 concurrent mark-sweep generation total 393216K, used 12813K [0x92c00000, 0xaac00000, 0xaac00000)
 concurrent-mark-sweep perm gen total 35404K, used 22529K [0xaac00000, 0xace93000, 0xb2c00000)
2015-02-20T16:07:49.440-0600: 2797.895: [GC2015-02-20T16:07:49.440-0600: 2797.895: [ParNew
Desired survivor size 20112996 bytes, new threshold 8 (max 8)
- age   1:        976 bytes,        976 total
- age   2:        384 bytes,       1360 total
- age   3:        376 bytes,       1736 total
- age   4:         16 bytes,       1752 total
- age   5:        400 bytes,       2152 total
- age   6:        360 bytes,       2512 total
- age   7:        520 bytes,       3032 total
- age   8:        176 bytes,       3208 total
: 87430K->8K(109248K), 0.0073610 secs] 100243K->12821K(502464K), 0.0076020 secs] [Times: user=0.02 sys=0.00, real=0.01 secs] 
Heap after GC invocations=815 (full 1):
 par new generation   total 109248K, used 8K [0x8ac00000, 0x92c00000, 0x92c00000)
  eden space 87424K,   0% used [0x8ac00000, 0x8ac00000, 0x90160000)
  from space 21824K,   0% used [0x90160000, 0x90162000, 0x916b0000)
  to   space 21824K,   0% used [0x916b0000, 0x916b0000, 0x92c00000)
 concurrent mark-sweep generation total 393216K, used 12813K [0x92c00000, 0xaac00000, 0xaac00000)
 concurrent-mark-sweep perm gen total 35404K, used 22529K [0xaac00000, 0xace93000, 0xb2c00000)
}
2015-02-20T16:07:49.448-0600: 2797.903: Total time for which application threads were stopped: 0.0104860 seconds
{Heap before GC invocations=815 (full 1):
 par new generation   total 109248K, used 87432K [0x8ac00000, 0x92c00000, 0x92c00000)
  eden space 87424K, 100% used [0x8ac00000, 0x90160000, 0x90160000)
  from space 21824K,   0% used [0x90160000, 0x90162000, 0x916b0000)
  to   space 21824K,   0% used [0x916b0000, 0x916b0000, 0x92c00000)
 concurrent mark-sweep generation total 393216K, used 12813K [0x92c00000, 0xaac00000, 0xaac00000)
 concurrent-mark-sweep perm gen total 35404K, used 22529K [0xaac00000, 0xace93000, 0xb2c00000)
2015-02-20T16:07:50.893-0600: 2799.348: [GC2015-02-20T16:07:50.893-0600: 2799.348: [ParNew
Desired survivor size 20112996 bytes, new threshold 8 (max 8)
- age   1:        464 bytes,        464 total
- age   2:        528 bytes,        992 total
- age   3:        384 bytes,       1376 total
- age   4:        376 bytes,       1752 total
- age   5:         16 bytes,       1768 total
- age   6:        400 bytes,       2168 total
- age   7:        360 bytes,       2528 total
- age   8:        520 bytes,       3048 total
: 87432K->8K(109248K), 0.0180300 secs] 100245K->12821K(502464K), 0.0182080 secs] [Times: user=0.03 sys=0.00, real=0.02 secs] 
Heap after GC invocations=816 (full 1):
 par new generation   total 109248K, used 8K [0x8ac00000, 0x92c00000, 0x92c00000)
  eden space 87424K,   0% used [0x8ac00000, 0x8ac00000, 0x90160000)
  from space 21824K,   0% used [0x916b0000, 0x916b2000, 0x92c00000)
  to   space 21824K,   0% used [0x90160000, 0x90160000, 0x916b0000)
 concurrent mark-sweep generation total 393216K, used 12813K [0x92c00000, 0xaac00000, 0xaac00000)
 concurrent-mark-sweep perm gen total 35404K, used 22529K [0xaac00000, 0xace93000, 0xb2c00000)
}
2015-02-20T16:07:50.912-0600: 2799.367: Total time for which application threads were stopped: 0.0209690 seconds
{Heap before GC invocations=816 (full 1):
 par new generation   total 109248K, used 87432K [0x8ac00000, 0x92c00000, 0x92c00000)
  eden space 87424K, 100% used [0x8ac00000, 0x90160000, 0x90160000)
  from space 21824K,   0% used [0x916b0000, 0x916b2000, 0x92c00000)
  to   space 21824K,   0% used [0x90160000, 0x90160000, 0x916b0000)
 concurrent mark-sweep generation total 393216K, used 12813K [0x92c00000, 0xaac00000, 0xaac00000)
 concurrent-mark-sweep perm gen total 35404K, used 22529K [0xaac00000, 0xace93000, 0xb2c00000)
2015-02-20T16:07:52.395-0600: 2800.850: [GC2015-02-20T16:07:52.395-0600: 2800.850: [ParNew
Desired survivor size 20112996 bytes, new threshold 8 (max 8)
- age   1:       1168 bytes,       1168 total
- age   2:         16 bytes,       1184 total
- age   3:        376 bytes,       1560 total
- age   4:        384 bytes,       1944 total
- age   5:        376 bytes,       2320 total
- age   6:         16 bytes,       2336 total
- age   7:        400 bytes,       2736 total
- age   8:        360 bytes,       3096 total
: 87432K->8K(109248K), 0.0057690 secs] 100245K->12822K(502464K), 0.0059880 secs] [Times: user=0.01 sys=0.00, real=0.01 secs] 
Heap after GC invocations=817 (full 1):
 par new generation   total 109248K, used 8K [0x8ac00000, 0x92c00000, 0x92c00000)
  eden space 87424K,   0% used [0x8ac00000, 0x8ac00000, 0x90160000)
  from space 21824K,   0% used [0x90160000, 0x90162000, 0x916b0000)
  to   space 21824K,   0% used [0x916b0000, 0x916b0000, 0x92c00000)
 concurrent mark-sweep generation total 393216K, used 12814K [0x92c00000, 0xaac00000, 0xaac00000)
 concurrent-mark-sweep perm gen total 35404K, used 22529K [0xaac00000, 0xace93000, 0xb2c00000)
}
2015-02-20T16:07:52.401-0600: 2800.856: Total time for which application threads were stopped: 0.0087660 seconds
{Heap before GC invocations=817 (full 1):
 par new generation   total 109248K, used 87432K [0x8ac00000, 0x92c00000, 0x92c00000)
  eden space 87424K, 100% used [0x8ac00000, 0x90160000, 0x90160000)
  from space 21824K,   0% used [0x90160000, 0x90162000, 0x916b0000)
  to   space 21824K,   0% used [0x916b0000, 0x916b0000, 0x92c00000)
 concurrent mark-sweep generation total 393216K, used 12814K [0x92c00000, 0xaac00000, 0xaac00000)
 concurrent-mark-sweep perm gen total 35404K, used 22529K [0xaac00000, 0xace93000, 0xb2c00000)
2015-02-20T16:07:53.840-0600: 2802.295: [GC2015-02-20T16:07:53.840-0600: 2802.295: [ParNew
Desired survivor size 20112996 bytes, new threshold 8 (max 8)
- age   1:       1136 bytes,       1136 total
- age   2:        400 bytes,       1536 total
- age   3:         16 bytes,       1552 total
- age   4:        376 bytes,       1928 total
- age   5:        384 bytes,       2312 total
- age   6:        376 bytes,       2688 total
- age   7:         16 bytes,       2704 total
- age   8:        400 bytes,       3104 total
: 87432K->6K(109248K), 0.0073620 secs] 100246K->12820K(502464K), 0.0075730 secs] [Times: user=0.01 sys=0.01, real=0.01 secs] 
Heap after GC invocations=818 (full 1):
 par new generation   total 109248K, used 6K [0x8ac00000, 0x92c00000, 0x92c00000)
  eden space 87424K,   0% used [0x8ac00000, 0x8ac00000, 0x90160000)
  from space 21824K,   0% used [0x916b0000, 0x916b1800, 0x92c00000)
  to   space 21824K,   0% used [0x90160000, 0x90160000, 0x916b0000)
 concurrent mark-sweep generation total 393216K, used 12814K [0x92c00000, 0xaac00000, 0xaac00000)
 concurrent-mark-sweep perm gen total 35404K, used 22529K [0xaac00000, 0xace93000, 0xb2c00000)
}
2015-02-20T16:07:53.847-0600: 2802.302: Total time for which application threads were stopped: 0.0104370 seconds
{Heap before GC invocations=818 (full 1):
 par new generation   total 109248K, used 87430K [0x8ac00000, 0x92c00000, 0x92c00000)
  eden space 87424K, 100% used [0x8ac00000, 0x90160000, 0x90160000)
  from space 21824K,   0% used [0x916b0000, 0x916b1800, 0x92c00000)
  to   space 21824K,   0% used [0x90160000, 0x90160000, 0x916b0000)
 concurrent mark-sweep generation total 393216K, used 12814K [0x92c00000, 0xaac00000, 0xaac00000)
 concurrent-mark-sweep perm gen total 35404K, used 22529K [0xaac00000, 0xace93000, 0xb2c00000)
2015-02-20T16:07:55.356-0600: 2803.811: [GC2015-02-20T16:07:55.356-0600: 2803.811: [ParNew
Desired survivor size 20112996 bytes, new threshold 8 (max 8)
- age   1:        976 bytes,        976 total
- age   2:        360 bytes,       1336 total
- age   3:        400 bytes,       1736 total
- age   4:         16 bytes,       1752 total
- age   5:        376 bytes,       2128 total
- age   6:        384 bytes,       2512 total
- age   7:        376 bytes,       2888 total
- age   8:         16 bytes,       2904 total
: 87430K->4K(109248K), 0.0132180 secs] 100244K->12818K(502464K), 0.0134490 secs] [Times: user=0.03 sys=0.00, real=0.02 secs] 
Heap after GC invocations=819 (full 1):
 par new generation   total 109248K, used 4K [0x8ac00000, 0x92c00000, 0x92c00000)
  eden space 87424K,   0% used [0x8ac00000, 0x8ac00000, 0x90160000)
  from space 21824K,   0% used [0x90160000, 0x90161000, 0x916b0000)
  to   space 21824K,   0% used [0x916b0000, 0x916b0000, 0x92c00000)
 concurrent mark-sweep generation total 393216K, used 12814K [0x92c00000, 0xaac00000, 0xaac00000)
 concurrent-mark-sweep perm gen total 35404K, used 22529K [0xaac00000, 0xace93000, 0xb2c00000)
}
2015-02-20T16:07:55.369-0600: 2803.824: Total time for which application threads were stopped: 0.0163010 seconds
{Heap before GC invocations=819 (full 1):
 par new generation   total 109248K, used 87428K [0x8ac00000, 0x92c00000, 0x92c00000)
  eden space 87424K, 100% used [0x8ac00000, 0x90160000, 0x90160000)
  from space 21824K,   0% used [0x90160000, 0x90161000, 0x916b0000)
  to   space 21824K,   0% used [0x916b0000, 0x916b0000, 0x92c00000)
 concurrent mark-sweep generation total 393216K, used 12814K [0x92c00000, 0xaac00000, 0xaac00000)
 concurrent-mark-sweep perm gen total 35404K, used 22529K [0xaac00000, 0xace93000, 0xb2c00000)
2015-02-20T16:07:56.735-0600: 2805.190: [GC2015-02-20T16:07:56.735-0600: 2805.190: [ParNew
Desired survivor size 20112996 bytes, new threshold 8 (max 8)
- age   1:        640 bytes,        640 total
- age   2:        528 bytes,       1168 total
- age   3:        360 bytes,       1528 total
- age   4:        400 bytes,       1928 total
- age   5:         16 bytes,       1944 total
- age   6:        376 bytes,       2320 total
- age   7:        384 bytes,       2704 total
- age   8:        376 bytes,       3080 total
: 87428K->10K(109248K), 0.0055530 secs] 100242K->12824K(502464K), 0.0057620 secs] [Times: user=0.01 sys=0.01, real=0.01 secs] 
Heap after GC invocations=820 (full 1):
 par new generation   total 109248K, used 10K [0x8ac00000, 0x92c00000, 0x92c00000)
  eden space 87424K,   0% used [0x8ac00000, 0x8ac00000, 0x90160000)
  from space 21824K,   0% used [0x916b0000, 0x916b2800, 0x92c00000)
  to   space 21824K,   0% used [0x90160000, 0x90160000, 0x916b0000)
 concurrent mark-sweep generation total 393216K, used 12814K [0x92c00000, 0xaac00000, 0xaac00000)
 concurrent-mark-sweep perm gen total 35404K, used 22529K [0xaac00000, 0xace93000, 0xb2c00000)
}
2015-02-20T16:07:56.740-0600: 2805.195: Total time for which application threads were stopped: 0.0086130 seconds
{Heap before GC invocations=820 (full 1):
 par new generation   total 109248K, used 87434K [0x8ac00000, 0x92c00000, 0x92c00000)
  eden space 87424K, 100% used [0x8ac00000, 0x90160000, 0x90160000)
  from space 21824K,   0% used [0x916b0000, 0x916b2800, 0x92c00000)
  to   space 21824K,   0% used [0x90160000, 0x90160000, 0x916b0000)
 concurrent mark-sweep generation total 393216K, used 12814K [0x92c00000, 0xaac00000, 0xaac00000)
 concurrent-mark-sweep perm gen total 35404K, used 22529K [0xaac00000, 0xace93000, 0xb2c00000)
2015-02-20T16:07:58.121-0600: 2806.577: [GC2015-02-20T16:07:58.122-0600: 2806.577: [ParNew
Desired survivor size 20112996 bytes, new threshold 8 (max 8)
- age   1:       1072 bytes,       1072 total
- age   2:         16 bytes,       1088 total
- age   3:        376 bytes,       1464 total
- age   4:        360 bytes,       1824 total
- age   5:        400 bytes,       2224 total
- age   6:         16 bytes,       2240 total
- age   7:        376 bytes,       2616 total
- age   8:        384 bytes,       3000 total
: 87434K->6K(109248K), 0.0399970 secs] 100248K->12821K(502464K), 0.0403480 secs] [Times: user=0.03 sys=0.00, real=0.04 secs] 
Heap after GC invocations=821 (full 1):
 par new generation   total 109248K, used 6K [0x8ac00000, 0x92c00000, 0x92c00000)
  eden space 87424K,   0% used [0x8ac00000, 0x8ac00000, 0x90160000)
  from space 21824K,   0% used [0x90160000, 0x90161800, 0x916b0000)
  to   space 21824K,   0% used [0x916b0000, 0x916b0000, 0x92c00000)
 concurrent mark-sweep generation total 393216K, used 12815K [0x92c00000, 0xaac00000, 0xaac00000)
 concurrent-mark-sweep perm gen total 35404K, used 22529K [0xaac00000, 0xace93000, 0xb2c00000)
}
2015-02-20T16:07:58.162-0600: 2806.617: Total time for which application threads were stopped: 0.0524570 seconds
{Heap before GC invocations=821 (full 1):
 par new generation   total 109248K, used 87430K [0x8ac00000, 0x92c00000, 0x92c00000)
  eden space 87424K, 100% used [0x8ac00000, 0x90160000, 0x90160000)
  from space 21824K,   0% used [0x90160000, 0x90161800, 0x916b0000)
  to   space 21824K,   0% used [0x916b0000, 0x916b0000, 0x92c00000)
 concurrent mark-sweep generation total 393216K, used 12815K [0x92c00000, 0xaac00000, 0xaac00000)
 concurrent-mark-sweep perm gen total 35404K, used 22529K [0xaac00000, 0xace93000, 0xb2c00000)
2015-02-20T16:07:59.595-0600: 2808.050: [GC2015-02-20T16:07:59.595-0600: 2808.050: [ParNew
Desired survivor size 20112996 bytes, new threshold 8 (max 8)
- age   1:        928 bytes,        928 total
- age   2:        480 bytes,       1408 total
- age   3:         16 bytes,       1424 total
- age   4:        376 bytes,       1800 total
- age   5:        360 bytes,       2160 total
- age   6:        400 bytes,       2560 total
- age   7:         16 bytes,       2576 total
- age   8:        376 bytes,       2952 total
: 87430K->6K(109248K), 0.0125120 secs] 100245K->12821K(502464K), 0.0127370 secs] [Times: user=0.03 sys=0.00, real=0.02 secs] 
Heap after GC invocations=822 (full 1):
 par new generation   total 109248K, used 6K [0x8ac00000, 0x92c00000, 0x92c00000)
  eden space 87424K,   0% used [0x8ac00000, 0x8ac00000, 0x90160000)
  from space 21824K,   0% used [0x916b0000, 0x916b1800, 0x92c00000)
  to   space 21824K,   0% used [0x90160000, 0x90160000, 0x916b0000)
 concurrent mark-sweep generation total 393216K, used 12815K [0x92c00000, 0xaac00000, 0xaac00000)
 concurrent-mark-sweep perm gen total 35404K, used 22529K [0xaac00000, 0xace93000, 0xb2c00000)
}
2015-02-20T16:07:59.608-0600: 2808.063: Total time for which application threads were stopped: 0.0157190 seconds
{Heap before GC invocations=822 (full 1):
 par new generation   total 109248K, used 87430K [0x8ac00000, 0x92c00000, 0x92c00000)
  eden space 87424K, 100% used [0x8ac00000, 0x90160000, 0x90160000)
  from space 21824K,   0% used [0x916b0000, 0x916b1800, 0x92c00000)
  to   space 21824K,   0% used [0x90160000, 0x90160000, 0x916b0000)
 concurrent mark-sweep generation total 393216K, used 12815K [0x92c00000, 0xaac00000, 0xaac00000)
 concurrent-mark-sweep perm gen total 35404K, used 22529K [0xaac00000, 0xace93000, 0xb2c00000)
2015-02-20T16:08:00.819-0600: 2809.275: [GC2015-02-20T16:08:00.820-0600: 2809.275: [ParNew
Desired survivor size 20112996 bytes, new threshold 8 (max 8)
- age   1:        320 bytes,        320 total
- age   2:        512 bytes,        832 total
- age   3:        480 bytes,       1312 total
- age   4:         16 bytes,       1328 total
- age   5:        376 bytes,       1704 total
- age   6:        360 bytes,       2064 total
- age   7:        400 bytes,       2464 total
- age   8:         16 bytes,       2480 total
: 87430K->8K(109248K), 0.0125240 secs] 100245K->12824K(502464K), 0.0126980 secs] [Times: user=0.03 sys=0.00, real=0.01 secs] 
Heap after GC invocations=823 (full 1):
 par new generation   total 109248K, used 8K [0x8ac00000, 0x92c00000, 0x92c00000)
  eden space 87424K,   0% used [0x8ac00000, 0x8ac00000, 0x90160000)
  from space 21824K,   0% used [0x90160000, 0x90162000, 0x916b0000)
  to   space 21824K,   0% used [0x916b0000, 0x916b0000, 0x92c00000)
 concurrent mark-sweep generation total 393216K, used 12816K [0x92c00000, 0xaac00000, 0xaac00000)
 concurrent-mark-sweep perm gen total 35404K, used 22529K [0xaac00000, 0xace93000, 0xb2c00000)
}
2015-02-20T16:08:00.832-0600: 2809.287: Total time for which application threads were stopped: 0.0153390 seconds
{Heap before GC invocations=823 (full 1):
 par new generation   total 109248K, used 87432K [0x8ac00000, 0x92c00000, 0x92c00000)
  eden space 87424K, 100% used [0x8ac00000, 0x90160000, 0x90160000)
  from space 21824K,   0% used [0x90160000, 0x90162000, 0x916b0000)
  to   space 21824K,   0% used [0x916b0000, 0x916b0000, 0x92c00000)
 concurrent mark-sweep generation total 393216K, used 12816K [0x92c00000, 0xaac00000, 0xaac00000)
 concurrent-mark-sweep perm gen total 35404K, used 22529K [0xaac00000, 0xace93000, 0xb2c00000)
2015-02-20T16:08:02.193-0600: 2810.648: [GC2015-02-20T16:08:02.210-0600: 2810.665: [ParNew
Desired survivor size 20112996 bytes, new threshold 8 (max 8)
- age   1:       1232 bytes,       1232 total
- age   2:         16 bytes,       1248 total
- age   3:        360 bytes,       1608 total
- age   4:        480 bytes,       2088 total
- age   5:         16 bytes,       2104 total
- age   6:        376 bytes,       2480 total
- age   7:        360 bytes,       2840 total
- age   8:        400 bytes,       3240 total
: 87432K->4K(109248K), 0.0284830 secs] 100248K->12820K(502464K), 0.0460010 secs] [Times: user=0.03 sys=0.00, real=0.05 secs] 
Heap after GC invocations=824 (full 1):
 par new generation   total 109248K, used 4K [0x8ac00000, 0x92c00000, 0x92c00000)
  eden space 87424K,   0% used [0x8ac00000, 0x8ac00000, 0x90160000)
  from space 21824K,   0% used [0x916b0000, 0x916b1000, 0x92c00000)
  to   space 21824K,   0% used [0x90160000, 0x90160000, 0x916b0000)
 concurrent mark-sweep generation total 393216K, used 12816K [0x92c00000, 0xaac00000, 0xaac00000)
 concurrent-mark-sweep perm gen total 35404K, used 22529K [0xaac00000, 0xace93000, 0xb2c00000)
}
2015-02-20T16:08:02.239-0600: 2810.694: Total time for which application threads were stopped: 0.0529870 seconds
{Heap before GC invocations=824 (full 1):
 par new generation   total 109248K, used 87428K [0x8ac00000, 0x92c00000, 0x92c00000)
  eden space 87424K, 100% used [0x8ac00000, 0x90160000, 0x90160000)
  from space 21824K,   0% used [0x916b0000, 0x916b1000, 0x92c00000)
  to   space 21824K,   0% used [0x90160000, 0x90160000, 0x916b0000)
 concurrent mark-sweep generation total 393216K, used 12816K [0x92c00000, 0xaac00000, 0xaac00000)
 concurrent-mark-sweep perm gen total 35404K, used 22529K [0xaac00000, 0xace93000, 0xb2c00000)
2015-02-20T16:08:03.599-0600: 2812.054: [GC2015-02-20T16:08:03.599-0600: 2812.054: [ParNew
Desired survivor size 20112996 bytes, new threshold 8 (max 8)
- age   1:       1264 bytes,       1264 total
- age   2:        400 bytes,       1664 total
- age   3:         16 bytes,       1680 total
- age   4:        360 bytes,       2040 total
- age   5:        480 bytes,       2520 total
- age   6:         16 bytes,       2536 total
- age   7:        376 bytes,       2912 total
- age   8:        360 bytes,       3272 total
: 87428K->8K(109248K), 0.0159240 secs] 100244K->12824K(502464K), 0.0163380 secs] [Times: user=0.02 sys=0.00, real=0.01 secs] 
Heap after GC invocations=825 (full 1):
 par new generation   total 109248K, used 8K [0x8ac00000, 0x92c00000, 0x92c00000)
  eden space 87424K,   0% used [0x8ac00000, 0x8ac00000, 0x90160000)
  from space 21824K,   0% used [0x90160000, 0x90162000, 0x916b0000)
  to   space 21824K,   0% used [0x916b0000, 0x916b0000, 0x92c00000)
 concurrent mark-sweep generation total 393216K, used 12816K [0x92c00000, 0xaac00000, 0xaac00000)
 concurrent-mark-sweep perm gen total 35404K, used 22529K [0xaac00000, 0xace93000, 0xb2c00000)
}
2015-02-20T16:08:03.616-0600: 2812.071: Total time for which application threads were stopped: 0.0200420 seconds
{Heap before GC invocations=825 (full 1):
 par new generation   total 109248K, used 87432K [0x8ac00000, 0x92c00000, 0x92c00000)
  eden space 87424K, 100% used [0x8ac00000, 0x90160000, 0x90160000)
  from space 21824K,   0% used [0x90160000, 0x90162000, 0x916b0000)
  to   space 21824K,   0% used [0x916b0000, 0x916b0000, 0x92c00000)
 concurrent mark-sweep generation total 393216K, used 12816K [0x92c00000, 0xaac00000, 0xaac00000)
 concurrent-mark-sweep perm gen total 35404K, used 22529K [0xaac00000, 0xace93000, 0xb2c00000)
2015-02-20T16:08:05.417-0600: 2813.872: [GC2015-02-20T16:08:05.417-0600: 2813.872: [ParNew
Desired survivor size 20112996 bytes, new threshold 8 (max 8)
- age   1:       1120 bytes,       1120 total
- age   2:        432 bytes,       1552 total
- age   3:        400 bytes,       1952 total
- age   4:         16 bytes,       1968 total
- age   5:        360 bytes,       2328 total
- age   6:        480 bytes,       2808 total
- age   7:         16 bytes,       2824 total
- age   8:        376 bytes,       3200 total
: 87432K->8K(109248K), 0.0086120 secs] 100248K->12824K(502464K), 0.0088410 secs] [Times: user=0.02 sys=0.00, real=0.01 secs] 
Heap after GC invocations=826 (full 1):
 par new generation   total 109248K, used 8K [0x8ac00000, 0x92c00000, 0x92c00000)
  eden space 87424K,   0% used [0x8ac00000, 0x8ac00000, 0x90160000)
  from space 21824K,   0% used [0x916b0000, 0x916b2000, 0x92c00000)
  to   space 21824K,   0% used [0x90160000, 0x90160000, 0x916b0000)
 concurrent mark-sweep generation total 393216K, used 12816K [0x92c00000, 0xaac00000, 0xaac00000)
 concurrent-mark-sweep perm gen total 35404K, used 22529K [0xaac00000, 0xace93000, 0xb2c00000)
}
2015-02-20T16:08:05.425-0600: 2813.881: Total time for which application threads were stopped: 0.0116600 seconds
{Heap before GC invocations=826 (full 1):
 par new generation   total 109248K, used 87432K [0x8ac00000, 0x92c00000, 0x92c00000)
  eden space 87424K, 100% used [0x8ac00000, 0x90160000, 0x90160000)
  from space 21824K,   0% used [0x916b0000, 0x916b2000, 0x92c00000)
  to   space 21824K,   0% used [0x90160000, 0x90160000, 0x916b0000)
 concurrent mark-sweep generation total 393216K, used 12816K [0x92c00000, 0xaac00000, 0xaac00000)
 concurrent-mark-sweep perm gen total 35404K, used 22529K [0xaac00000, 0xace93000, 0xb2c00000)
2015-02-20T16:08:07.005-0600: 2815.460: [GC2015-02-20T16:08:07.005-0600: 2815.460: [ParNew
Desired survivor size 20112996 bytes, new threshold 8 (max 8)
- age   1:       1024 bytes,       1024 total
- age   2:        504 bytes,       1528 total
- age   3:        432 bytes,       1960 total
- age   4:        400 bytes,       2360 total
- age   5:         16 bytes,       2376 total
- age   6:        360 bytes,       2736 total
- age   7:        480 bytes,       3216 total
- age   8:         16 bytes,       3232 total
: 87432K->4K(109248K), 0.0078070 secs] 100248K->12821K(502464K), 0.0080280 secs] [Times: user=0.01 sys=0.00, real=0.01 secs] 
Heap after GC invocations=827 (full 1):
 par new generation   total 109248K, used 4K [0x8ac00000, 0x92c00000, 0x92c00000)
  eden space 87424K,   0% used [0x8ac00000, 0x8ac00000, 0x90160000)
  from space 21824K,   0% used [0x90160000, 0x90161000, 0x916b0000)
  to   space 21824K,   0% used [0x916b0000, 0x916b0000, 0x92c00000)
 concurrent mark-sweep generation total 393216K, used 12817K [0x92c00000, 0xaac00000, 0xaac00000)
 concurrent-mark-sweep perm gen total 35404K, used 22529K [0xaac00000, 0xace93000, 0xb2c00000)
}
2015-02-20T16:08:07.013-0600: 2815.468: Total time for which application threads were stopped: 0.0107890 seconds
{Heap before GC invocations=827 (full 1):
 par new generation   total 109248K, used 87428K [0x8ac00000, 0x92c00000, 0x92c00000)
  eden space 87424K, 100% used [0x8ac00000, 0x90160000, 0x90160000)
  from space 21824K,   0% used [0x90160000, 0x90161000, 0x916b0000)
  to   space 21824K,   0% used [0x916b0000, 0x916b0000, 0x92c00000)
 concurrent mark-sweep generation total 393216K, used 12817K [0x92c00000, 0xaac00000, 0xaac00000)
 concurrent-mark-sweep perm gen total 35404K, used 22529K [0xaac00000, 0xace93000, 0xb2c00000)
2015-02-20T16:08:08.577-0600: 2817.032: [GC2015-02-20T16:08:08.577-0600: 2817.032: [ParNew
Desired survivor size 20112996 bytes, new threshold 8 (max 8)
- age   1:        848 bytes,        848 total
- age   2:        240 bytes,       1088 total
- age   3:        376 bytes,       1464 total
- age   4:        432 bytes,       1896 total
- age   5:        400 bytes,       2296 total
- age   6:         16 bytes,       2312 total
- age   7:        360 bytes,       2672 total
- age   8:        480 bytes,       3152 total
: 87428K->6K(109248K), 0.0138190 secs] 100245K->12823K(502464K), 0.0139920 secs] [Times: user=0.03 sys=0.00, real=0.02 secs] 
Heap after GC invocations=828 (full 1):
 par new generation   total 109248K, used 6K [0x8ac00000, 0x92c00000, 0x92c00000)
  eden space 87424K,   0% used [0x8ac00000, 0x8ac00000, 0x90160000)
  from space 21824K,   0% used [0x916b0000, 0x916b1800, 0x92c00000)
  to   space 21824K,   0% used [0x90160000, 0x90160000, 0x916b0000)
 concurrent mark-sweep generation total 393216K, used 12817K [0x92c00000, 0xaac00000, 0xaac00000)
 concurrent-mark-sweep perm gen total 35404K, used 22529K [0xaac00000, 0xace93000, 0xb2c00000)
}
2015-02-20T16:08:08.591-0600: 2817.046: Total time for which application threads were stopped: 0.0168190 seconds
{Heap before GC invocations=828 (full 1):
 par new generation   total 109248K, used 87430K [0x8ac00000, 0x92c00000, 0x92c00000)
  eden space 87424K, 100% used [0x8ac00000, 0x90160000, 0x90160000)
  from space 21824K,   0% used [0x916b0000, 0x916b1800, 0x92c00000)
  to   space 21824K,   0% used [0x90160000, 0x90160000, 0x916b0000)
 concurrent mark-sweep generation total 393216K, used 12817K [0x92c00000, 0xaac00000, 0xaac00000)
 concurrent-mark-sweep perm gen total 35404K, used 22529K [0xaac00000, 0xace93000, 0xb2c00000)
2015-02-20T16:08:10.192-0600: 2818.647: [GC2015-02-20T16:08:10.192-0600: 2818.647: [ParNew
Desired survivor size 20112996 bytes, new threshold 8 (max 8)
- age   1:       1064 bytes,       1064 total
- age   2:        176 bytes,       1240 total
- age   3:        216 bytes,       1456 total
- age   4:        376 bytes,       1832 total
- age   5:        432 bytes,       2264 total
- age   6:        400 bytes,       2664 total
- age   7:         16 bytes,       2680 total
- age   8:        360 bytes,       3040 total
: 87430K->8K(109248K), 0.0079680 secs] 100247K->12825K(502464K), 0.0081450 secs] [Times: user=0.01 sys=0.00, real=0.01 secs] 
Heap after GC invocations=829 (full 1):
 par new generation   total 109248K, used 8K [0x8ac00000, 0x92c00000, 0x92c00000)
  eden space 87424K,   0% used [0x8ac00000, 0x8ac00000, 0x90160000)
  from space 21824K,   0% used [0x90160000, 0x90162000, 0x916b0000)
  to   space 21824K,   0% used [0x916b0000, 0x916b0000, 0x92c00000)
 concurrent mark-sweep generation total 393216K, used 12817K [0x92c00000, 0xaac00000, 0xaac00000)
 concurrent-mark-sweep perm gen total 35404K, used 22529K [0xaac00000, 0xace93000, 0xb2c00000)
}
2015-02-20T16:08:10.200-0600: 2818.656: Total time for which application threads were stopped: 0.0148560 seconds
{Heap before GC invocations=829 (full 1):
 par new generation   total 109248K, used 87432K [0x8ac00000, 0x92c00000, 0x92c00000)
  eden space 87424K, 100% used [0x8ac00000, 0x90160000, 0x90160000)
  from space 21824K,   0% used [0x90160000, 0x90162000, 0x916b0000)
  to   space 21824K,   0% used [0x916b0000, 0x916b0000, 0x92c00000)
 concurrent mark-sweep generation total 393216K, used 12817K [0x92c00000, 0xaac00000, 0xaac00000)
 concurrent-mark-sweep perm gen total 35404K, used 22529K [0xaac00000, 0xace93000, 0xb2c00000)
2015-02-20T16:08:11.757-0600: 2820.212: [GC2015-02-20T16:08:11.757-0600: 2820.212: [ParNew
Desired survivor size 20112996 bytes, new threshold 8 (max 8)
- age   1:       1320 bytes,       1320 total
- age   2:        496 bytes,       1816 total
- age   3:        176 bytes,       1992 total
- age   4:        216 bytes,       2208 total
- age   5:        376 bytes,       2584 total
- age   6:        432 bytes,       3016 total
- age   7:        400 bytes,       3416 total
- age   8:         16 bytes,       3432 total
: 87432K->4K(109248K), 0.0225860 secs] 100249K->12822K(502464K), 0.0227670 secs] [Times: user=0.04 sys=0.00, real=0.03 secs] 
Heap after GC invocations=830 (full 1):
 par new generation   total 109248K, used 4K [0x8ac00000, 0x92c00000, 0x92c00000)
  eden space 87424K,   0% used [0x8ac00000, 0x8ac00000, 0x90160000)
  from space 21824K,   0% used [0x916b0000, 0x916b1000, 0x92c00000)
  to   space 21824K,   0% used [0x90160000, 0x90160000, 0x916b0000)
 concurrent mark-sweep generation total 393216K, used 12818K [0x92c00000, 0xaac00000, 0xaac00000)
 concurrent-mark-sweep perm gen total 35404K, used 22529K [0xaac00000, 0xace93000, 0xb2c00000)
}
2015-02-20T16:08:11.780-0600: 2820.235: Total time for which application threads were stopped: 0.0259680 seconds
{Heap before GC invocations=830 (full 1):
 par new generation   total 109248K, used 87428K [0x8ac00000, 0x92c00000, 0x92c00000)
  eden space 87424K, 100% used [0x8ac00000, 0x90160000, 0x90160000)
  from space 21824K,   0% used [0x916b0000, 0x916b1000, 0x92c00000)
  to   space 21824K,   0% used [0x90160000, 0x90160000, 0x916b0000)
 concurrent mark-sweep generation total 393216K, used 12818K [0x92c00000, 0xaac00000, 0xaac00000)
 concurrent-mark-sweep perm gen total 35404K, used 22529K [0xaac00000, 0xace93000, 0xb2c00000)
2015-02-20T16:08:13.380-0600: 2821.835: [GC2015-02-20T16:08:13.380-0600: 2821.835: [ParNew
Desired survivor size 20112996 bytes, new threshold 8 (max 8)
- age   1:        968 bytes,        968 total
- age   2:        360 bytes,       1328 total
- age   3:        496 bytes,       1824 total
- age   4:        176 bytes,       2000 total
- age   5:        216 bytes,       2216 total
- age   6:        376 bytes,       2592 total
- age   7:        432 bytes,       3024 total
- age   8:        400 bytes,       3424 total
: 87428K->8K(109248K), 0.0320280 secs] 100246K->12826K(502464K), 0.0322620 secs] [Times: user=0.01 sys=0.00, real=0.03 secs] 
Heap after GC invocations=831 (full 1):
 par new generation   total 109248K, used 8K [0x8ac00000, 0x92c00000, 0x92c00000)
  eden space 87424K,   0% used [0x8ac00000, 0x8ac00000, 0x90160000)
  from space 21824K,   0% used [0x90160000, 0x90162000, 0x916b0000)
  to   space 21824K,   0% used [0x916b0000, 0x916b0000, 0x92c00000)
 concurrent mark-sweep generation total 393216K, used 12818K [0x92c00000, 0xaac00000, 0xaac00000)
 concurrent-mark-sweep perm gen total 35404K, used 22529K [0xaac00000, 0xace93000, 0xb2c00000)
}
2015-02-20T16:08:13.412-0600: 2821.867: Total time for which application threads were stopped: 0.0518190 seconds
{Heap before GC invocations=831 (full 1):
 par new generation   total 109248K, used 87432K [0x8ac00000, 0x92c00000, 0x92c00000)
  eden space 87424K, 100% used [0x8ac00000, 0x90160000, 0x90160000)
  from space 21824K,   0% used [0x90160000, 0x90162000, 0x916b0000)
  to   space 21824K,   0% used [0x916b0000, 0x916b0000, 0x92c00000)
 concurrent mark-sweep generation total 393216K, used 12818K [0x92c00000, 0xaac00000, 0xaac00000)
 concurrent-mark-sweep perm gen total 35404K, used 22530K [0xaac00000, 0xace93000, 0xb2c00000)
2015-02-20T16:08:15.017-0600: 2823.472: [GC2015-02-20T16:08:15.018-0600: 2823.473: [ParNew
Desired survivor size 20112996 bytes, new threshold 8 (max 8)
- age   1:        928 bytes,        928 total
- age   2:        528 bytes,       1456 total
- age   3:        360 bytes,       1816 total
- age   4:        496 bytes,       2312 total
- age   5:        176 bytes,       2488 total
- age   6:        216 bytes,       2704 total
- age   7:        376 bytes,       3080 total
- age   8:        432 bytes,       3512 total
: 87432K->4K(109248K), 0.0077990 secs] 100250K->12822K(502464K), 0.0079980 secs] [Times: user=0.01 sys=0.01, real=0.00 secs] 
Heap after GC invocations=832 (full 1):
 par new generation   total 109248K, used 4K [0x8ac00000, 0x92c00000, 0x92c00000)
  eden space 87424K,   0% used [0x8ac00000, 0x8ac00000, 0x90160000)
  from space 21824K,   0% used [0x916b0000, 0x916b1000, 0x92c00000)
  to   space 21824K,   0% used [0x90160000, 0x90160000, 0x916b0000)
 concurrent mark-sweep generation total 393216K, used 12818K [0x92c00000, 0xaac00000, 0xaac00000)
 concurrent-mark-sweep perm gen total 35404K, used 22530K [0xaac00000, 0xace93000, 0xb2c00000)
}
2015-02-20T16:08:15.026-0600: 2823.481: Total time for which application threads were stopped: 0.0107200 seconds
{Heap before GC invocations=832 (full 1):
 par new generation   total 109248K, used 87428K [0x8ac00000, 0x92c00000, 0x92c00000)
  eden space 87424K, 100% used [0x8ac00000, 0x90160000, 0x90160000)
  from space 21824K,   0% used [0x916b0000, 0x916b1000, 0x92c00000)
  to   space 21824K,   0% used [0x90160000, 0x90160000, 0x916b0000)
 concurrent mark-sweep generation total 393216K, used 12818K [0x92c00000, 0xaac00000, 0xaac00000)
 concurrent-mark-sweep perm gen total 35404K, used 22530K [0xaac00000, 0xace93000, 0xb2c00000)
2015-02-20T16:08:16.615-0600: 2825.070: [GC2015-02-20T16:08:16.616-0600: 2825.071: [ParNew
Desired survivor size 20112996 bytes, new threshold 8 (max 8)
- age   1:       1080 bytes,       1080 total
- age   2:        336 bytes,       1416 total
- age   3:        400 bytes,       1816 total
- age   4:        360 bytes,       2176 total
- age   5:        496 bytes,       2672 total
- age   6:        176 bytes,       2848 total
- age   7:        216 bytes,       3064 total
- age   8:        376 bytes,       3440 total
: 87428K->4K(109248K), 0.0076180 secs] 100246K->12822K(502464K), 0.0078610 secs] [Times: user=0.01 sys=0.00, real=0.01 secs] 
Heap after GC invocations=833 (full 1):
 par new generation   total 109248K, used 4K [0x8ac00000, 0x92c00000, 0x92c00000)
  eden space 87424K,   0% used [0x8ac00000, 0x8ac00000, 0x90160000)
  from space 21824K,   0% used [0x90160000, 0x90161000, 0x916b0000)
  to   space 21824K,   0% used [0x916b0000, 0x916b0000, 0x92c00000)
 concurrent mark-sweep generation total 393216K, used 12818K [0x92c00000, 0xaac00000, 0xaac00000)
 concurrent-mark-sweep perm gen total 35404K, used 22530K [0xaac00000, 0xace93000, 0xb2c00000)
}
2015-02-20T16:08:16.623-0600: 2825.078: Total time for which application threads were stopped: 0.0108460 seconds
{Heap before GC invocations=833 (full 1):
 par new generation   total 109248K, used 87428K [0x8ac00000, 0x92c00000, 0x92c00000)
  eden space 87424K, 100% used [0x8ac00000, 0x90160000, 0x90160000)
  from space 21824K,   0% used [0x90160000, 0x90161000, 0x916b0000)
  to   space 21824K,   0% used [0x916b0000, 0x916b0000, 0x92c00000)
 concurrent mark-sweep generation total 393216K, used 12818K [0x92c00000, 0xaac00000, 0xaac00000)
 concurrent-mark-sweep perm gen total 35404K, used 22530K [0xaac00000, 0xace93000, 0xb2c00000)
2015-02-20T16:08:18.728-0600: 2827.183: [GC2015-02-20T16:08:18.728-0600: 2827.184: [ParNew
Desired survivor size 20112996 bytes, new threshold 8 (max 8)
- age   1:       1248 bytes,       1248 total
- age   2:        176 bytes,       1424 total
- age   3:        312 bytes,       1736 total
- age   4:        400 bytes,       2136 total
- age   5:        360 bytes,       2496 total
- age   6:        496 bytes,       2992 total
- age   7:        176 bytes,       3168 total
- age   8:        216 bytes,       3384 total
: 87428K->4K(109248K), 0.0073210 secs] 100246K->12823K(502464K), 0.0075270 secs] [Times: user=0.02 sys=0.00, real=0.00 secs] 
Heap after GC invocations=834 (full 1):
 par new generation   total 109248K, used 4K [0x8ac00000, 0x92c00000, 0x92c00000)
  eden space 87424K,   0% used [0x8ac00000, 0x8ac00000, 0x90160000)
  from space 21824K,   0% used [0x916b0000, 0x916b1000, 0x92c00000)
  to   space 21824K,   0% used [0x90160000, 0x90160000, 0x916b0000)
 concurrent mark-sweep generation total 393216K, used 12819K [0x92c00000, 0xaac00000, 0xaac00000)
 concurrent-mark-sweep perm gen total 35404K, used 22530K [0xaac00000, 0xace93000, 0xb2c00000)
}
2015-02-20T16:08:18.736-0600: 2827.191: Total time for which application threads were stopped: 0.0102830 seconds
{Heap before GC invocations=834 (full 1):
 par new generation   total 109248K, used 87428K [0x8ac00000, 0x92c00000, 0x92c00000)
  eden space 87424K, 100% used [0x8ac00000, 0x90160000, 0x90160000)
  from space 21824K,   0% used [0x916b0000, 0x916b1000, 0x92c00000)
  to   space 21824K,   0% used [0x90160000, 0x90160000, 0x916b0000)
 concurrent mark-sweep generation total 393216K, used 12819K [0x92c00000, 0xaac00000, 0xaac00000)
 concurrent-mark-sweep perm gen total 35404K, used 22530K [0xaac00000, 0xace93000, 0xb2c00000)
2015-02-20T16:08:20.575-0600: 2829.030: [GC2015-02-20T16:08:20.576-0600: 2829.031: [ParNew
Desired survivor size 20112996 bytes, new threshold 8 (max 8)
- age   1:       1320 bytes,       1320 total
- age   2:        448 bytes,       1768 total
- age   3:        176 bytes,       1944 total
- age   4:        312 bytes,       2256 total
- age   5:        400 bytes,       2656 total
- age   6:        360 bytes,       3016 total
- age   7:        496 bytes,       3512 total
- age   8:        176 bytes,       3688 total
: 87428K->6K(109248K), 0.0079130 secs] 100247K->12825K(502464K), 0.0081420 secs] [Times: user=0.00 sys=0.01, real=0.01 secs] 
Heap after GC invocations=835 (full 1):
 par new generation   total 109248K, used 6K [0x8ac00000, 0x92c00000, 0x92c00000)
  eden space 87424K,   0% used [0x8ac00000, 0x8ac00000, 0x90160000)
  from space 21824K,   0% used [0x90160000, 0x90161800, 0x916b0000)
  to   space 21824K,   0% used [0x916b0000, 0x916b0000, 0x92c00000)
 concurrent mark-sweep generation total 393216K, used 12819K [0x92c00000, 0xaac00000, 0xaac00000)
 concurrent-mark-sweep perm gen total 35404K, used 22530K [0xaac00000, 0xace93000, 0xb2c00000)
}
2015-02-20T16:08:20.584-0600: 2829.039: Total time for which application threads were stopped: 0.0112120 seconds
{Heap before GC invocations=835 (full 1):
 par new generation   total 109248K, used 87430K [0x8ac00000, 0x92c00000, 0x92c00000)
  eden space 87424K, 100% used [0x8ac00000, 0x90160000, 0x90160000)
  from space 21824K,   0% used [0x90160000, 0x90161800, 0x916b0000)
  to   space 21824K,   0% used [0x916b0000, 0x916b0000, 0x92c00000)
 concurrent mark-sweep generation total 393216K, used 12819K [0x92c00000, 0xaac00000, 0xaac00000)
 concurrent-mark-sweep perm gen total 35404K, used 22530K [0xaac00000, 0xace93000, 0xb2c00000)
2015-02-20T16:08:22.145-0600: 2830.600: [GC2015-02-20T16:08:22.145-0600: 2830.600: [ParNew
Desired survivor size 20112996 bytes, new threshold 8 (max 8)
- age   1:       1600 bytes,       1600 total
- age   2:        400 bytes,       2000 total
- age   3:        448 bytes,       2448 total
- age   4:        176 bytes,       2624 total
- age   5:        312 bytes,       2936 total
- age   6:        400 bytes,       3336 total
- age   7:        360 bytes,       3696 total
- age   8:        496 bytes,       4192 total
: 87430K->8K(109248K), 0.0071320 secs] 100249K->12827K(502464K), 0.0073310 secs] [Times: user=0.01 sys=0.00, real=0.01 secs] 
Heap after GC invocations=836 (full 1):
 par new generation   total 109248K, used 8K [0x8ac00000, 0x92c00000, 0x92c00000)
  eden space 87424K,   0% used [0x8ac00000, 0x8ac00000, 0x90160000)
  from space 21824K,   0% used [0x916b0000, 0x916b2000, 0x92c00000)
  to   space 21824K,   0% used [0x90160000, 0x90160000, 0x916b0000)
 concurrent mark-sweep generation total 393216K, used 12819K [0x92c00000, 0xaac00000, 0xaac00000)
 concurrent-mark-sweep perm gen total 35404K, used 22530K [0xaac00000, 0xace93000, 0xb2c00000)
}
2015-02-20T16:08:22.153-0600: 2830.608: Total time for which application threads were stopped: 0.0101110 seconds
{Heap before GC invocations=836 (full 1):
 par new generation   total 109248K, used 87432K [0x8ac00000, 0x92c00000, 0x92c00000)
  eden space 87424K, 100% used [0x8ac00000, 0x90160000, 0x90160000)
  from space 21824K,   0% used [0x916b0000, 0x916b2000, 0x92c00000)
  to   space 21824K,   0% used [0x90160000, 0x90160000, 0x916b0000)
 concurrent mark-sweep generation total 393216K, used 12819K [0x92c00000, 0xaac00000, 0xaac00000)
 concurrent-mark-sweep perm gen total 35404K, used 22530K [0xaac00000, 0xace93000, 0xb2c00000)
2015-02-20T16:08:23.719-0600: 2832.174: [GC2015-02-20T16:08:23.719-0600: 2832.174: [ParNew
Desired survivor size 20112996 bytes, new threshold 8 (max 8)
- age   1:       1136 bytes,       1136 total
- age   2:        496 bytes,       1632 total
- age   3:        400 bytes,       2032 total
- age   4:        448 bytes,       2480 total
- age   5:        176 bytes,       2656 total
- age   6:        312 bytes,       2968 total
- age   7:        400 bytes,       3368 total
- age   8:        360 bytes,       3728 total
: 87432K->6K(109248K), 0.0076410 secs] 100251K->12826K(502464K), 0.0078120 secs] [Times: user=0.01 sys=0.00, real=0.00 secs] 
Heap after GC invocations=837 (full 1):
 par new generation   total 109248K, used 6K [0x8ac00000, 0x92c00000, 0x92c00000)
  eden space 87424K,   0% used [0x8ac00000, 0x8ac00000, 0x90160000)
  from space 21824K,   0% used [0x90160000, 0x90161800, 0x916b0000)
  to   space 21824K,   0% used [0x916b0000, 0x916b0000, 0x92c00000)
 concurrent mark-sweep generation total 393216K, used 12820K [0x92c00000, 0xaac00000, 0xaac00000)
 concurrent-mark-sweep perm gen total 35404K, used 22530K [0xaac00000, 0xace93000, 0xb2c00000)
}
2015-02-20T16:08:23.727-0600: 2832.182: Total time for which application threads were stopped: 0.0106620 seconds
{Heap before GC invocations=837 (full 1):
 par new generation   total 109248K, used 87430K [0x8ac00000, 0x92c00000, 0x92c00000)
  eden space 87424K, 100% used [0x8ac00000, 0x90160000, 0x90160000)
  from space 21824K,   0% used [0x90160000, 0x90161800, 0x916b0000)
  to   space 21824K,   0% used [0x916b0000, 0x916b0000, 0x92c00000)
 concurrent mark-sweep generation total 393216K, used 12820K [0x92c00000, 0xaac00000, 0xaac00000)
 concurrent-mark-sweep perm gen total 35404K, used 22530K [0xaac00000, 0xace93000, 0xb2c00000)
2015-02-20T16:08:25.287-0600: 2833.742: [GC2015-02-20T16:08:25.287-0600: 2833.742: [ParNew
Desired survivor size 20112996 bytes, new threshold 8 (max 8)
- age   1:       1176 bytes,       1176 total
- age   2:        480 bytes,       1656 total
- age   3:        496 bytes,       2152 total
- age   4:        400 bytes,       2552 total
- age   5:        448 bytes,       3000 total
- age   6:        176 bytes,       3176 total
- age   7:        312 bytes,       3488 total
- age   8:        400 bytes,       3888 total
: 87430K->6K(109248K), 0.0076070 secs] 100250K->12826K(502464K), 0.0078470 secs] [Times: user=0.01 sys=0.00, real=0.01 secs] 
Heap after GC invocations=838 (full 1):
 par new generation   total 109248K, used 6K [0x8ac00000, 0x92c00000, 0x92c00000)
  eden space 87424K,   0% used [0x8ac00000, 0x8ac00000, 0x90160000)
  from space 21824K,   0% used [0x916b0000, 0x916b1800, 0x92c00000)
  to   space 21824K,   0% used [0x90160000, 0x90160000, 0x916b0000)
 concurrent mark-sweep generation total 393216K, used 12820K [0x92c00000, 0xaac00000, 0xaac00000)
 concurrent-mark-sweep perm gen total 35404K, used 22530K [0xaac00000, 0xace93000, 0xb2c00000)
}
2015-02-20T16:08:25.295-0600: 2833.750: Total time for which application threads were stopped: 0.0107030 seconds
{Heap before GC invocations=838 (full 1):
 par new generation   total 109248K, used 87430K [0x8ac00000, 0x92c00000, 0x92c00000)
  eden space 87424K, 100% used [0x8ac00000, 0x90160000, 0x90160000)
  from space 21824K,   0% used [0x916b0000, 0x916b1800, 0x92c00000)
  to   space 21824K,   0% used [0x90160000, 0x90160000, 0x916b0000)
 concurrent mark-sweep generation total 393216K, used 12820K [0x92c00000, 0xaac00000, 0xaac00000)
 concurrent-mark-sweep perm gen total 35404K, used 22530K [0xaac00000, 0xace93000, 0xb2c00000)
2015-02-20T16:08:26.995-0600: 2835.450: [GC2015-02-20T16:08:26.995-0600: 2835.450: [ParNew
Desired survivor size 20112996 bytes, new threshold 8 (max 8)
- age   1:        560 bytes,        560 total
- age   2:        552 bytes,       1112 total
- age   3:        480 bytes,       1592 total
- age   4:        496 bytes,       2088 total
- age   5:        400 bytes,       2488 total
- age   6:        448 bytes,       2936 total
- age   7:        176 bytes,       3112 total
- age   8:        312 bytes,       3424 total
: 87430K->6K(109248K), 0.0113080 secs] 100250K->12826K(502464K), 0.0115150 secs] [Times: user=0.01 sys=0.00, real=0.01 secs] 
Heap after GC invocations=839 (full 1):
 par new generation   total 109248K, used 6K [0x8ac00000, 0x92c00000, 0x92c00000)
  eden space 87424K,   0% used [0x8ac00000, 0x8ac00000, 0x90160000)
  from space 21824K,   0% used [0x90160000, 0x90161800, 0x916b0000)
  to   space 21824K,   0% used [0x916b0000, 0x916b0000, 0x92c00000)
 concurrent mark-sweep generation total 393216K, used 12820K [0x92c00000, 0xaac00000, 0xaac00000)
 concurrent-mark-sweep perm gen total 35404K, used 22530K [0xaac00000, 0xace93000, 0xb2c00000)
}
2015-02-20T16:08:27.007-0600: 2835.462: Total time for which application threads were stopped: 0.0146260 seconds
{Heap before GC invocations=839 (full 1):
 par new generation   total 109248K, used 87430K [0x8ac00000, 0x92c00000, 0x92c00000)
  eden space 87424K, 100% used [0x8ac00000, 0x90160000, 0x90160000)
  from space 21824K,   0% used [0x90160000, 0x90161800, 0x916b0000)
  to   space 21824K,   0% used [0x916b0000, 0x916b0000, 0x92c00000)
 concurrent mark-sweep generation total 393216K, used 12820K [0x92c00000, 0xaac00000, 0xaac00000)
 concurrent-mark-sweep perm gen total 35404K, used 22530K [0xaac00000, 0xace93000, 0xb2c00000)
2015-02-20T16:08:28.898-0600: 2837.353: [GC2015-02-20T16:08:28.898-0600: 2837.353: [ParNew
Desired survivor size 20112996 bytes, new threshold 8 (max 8)
- age   1:       1264 bytes,       1264 total
- age   2:         16 bytes,       1280 total
- age   3:        400 bytes,       1680 total
- age   4:        480 bytes,       2160 total
- age   5:        496 bytes,       2656 total
- age   6:        400 bytes,       3056 total
- age   7:        448 bytes,       3504 total
- age   8:        176 bytes,       3680 total
: 87430K->6K(109248K), 0.0073800 secs] 100250K->12827K(502464K), 0.0076470 secs] [Times: user=0.01 sys=0.00, real=0.00 secs] 
Heap after GC invocations=840 (full 1):
 par new generation   total 109248K, used 6K [0x8ac00000, 0x92c00000, 0x92c00000)
  eden space 87424K,   0% used [0x8ac00000, 0x8ac00000, 0x90160000)
  from space 21824K,   0% used [0x916b0000, 0x916b1800, 0x92c00000)
  to   space 21824K,   0% used [0x90160000, 0x90160000, 0x916b0000)
 concurrent mark-sweep generation total 393216K, used 12821K [0x92c00000, 0xaac00000, 0xaac00000)
 concurrent-mark-sweep perm gen total 35404K, used 22530K [0xaac00000, 0xace93000, 0xb2c00000)
}
2015-02-20T16:08:28.905-0600: 2837.360: Total time for which application threads were stopped: 0.0105060 seconds
{Heap before GC invocations=840 (full 1):
 par new generation   total 109248K, used 87430K [0x8ac00000, 0x92c00000, 0x92c00000)
  eden space 87424K, 100% used [0x8ac00000, 0x90160000, 0x90160000)
  from space 21824K,   0% used [0x916b0000, 0x916b1800, 0x92c00000)
  to   space 21824K,   0% used [0x90160000, 0x90160000, 0x916b0000)
 concurrent mark-sweep generation total 393216K, used 12821K [0x92c00000, 0xaac00000, 0xaac00000)
 concurrent-mark-sweep perm gen total 35404K, used 22530K [0xaac00000, 0xace93000, 0xb2c00000)
2015-02-20T16:08:30.859-0600: 2839.314: [GC2015-02-20T16:08:30.859-0600: 2839.314: [ParNew
Desired survivor size 20112996 bytes, new threshold 8 (max 8)
- age   1:       1232 bytes,       1232 total
- age   2:        584 bytes,       1816 total
- age   3:         16 bytes,       1832 total
- age   4:        400 bytes,       2232 total
- age   5:        480 bytes,       2712 total
- age   6:        496 bytes,       3208 total
- age   7:        400 bytes,       3608 total
- age   8:        448 bytes,       4056 total
: 87430K->6K(109248K), 0.0070580 secs] 100251K->12827K(502464K), 0.0072430 secs] [Times: user=0.01 sys=0.00, real=0.00 secs] 
Heap after GC invocations=841 (full 1):
 par new generation   total 109248K, used 6K [0x8ac00000, 0x92c00000, 0x92c00000)
  eden space 87424K,   0% used [0x8ac00000, 0x8ac00000, 0x90160000)
  from space 21824K,   0% used [0x90160000, 0x90161800, 0x916b0000)
  to   space 21824K,   0% used [0x916b0000, 0x916b0000, 0x92c00000)
 concurrent mark-sweep generation total 393216K, used 12821K [0x92c00000, 0xaac00000, 0xaac00000)
 concurrent-mark-sweep perm gen total 35404K, used 22530K [0xaac00000, 0xace93000, 0xb2c00000)
}
2015-02-20T16:08:30.866-0600: 2839.321: Total time for which application threads were stopped: 0.0099920 seconds
{Heap before GC invocations=841 (full 1):
 par new generation   total 109248K, used 87430K [0x8ac00000, 0x92c00000, 0x92c00000)
  eden space 87424K, 100% used [0x8ac00000, 0x90160000, 0x90160000)
  from space 21824K,   0% used [0x90160000, 0x90161800, 0x916b0000)
  to   space 21824K,   0% used [0x916b0000, 0x916b0000, 0x92c00000)
 concurrent mark-sweep generation total 393216K, used 12821K [0x92c00000, 0xaac00000, 0xaac00000)
 concurrent-mark-sweep perm gen total 35404K, used 22530K [0xaac00000, 0xace93000, 0xb2c00000)
2015-02-20T16:08:32.875-0600: 2841.330: [GC2015-02-20T16:08:32.875-0600: 2841.330: [ParNew
Desired survivor size 20112996 bytes, new threshold 8 (max 8)
- age   1:       1304 bytes,       1304 total
- age   2:        400 bytes,       1704 total
- age   3:        584 bytes,       2288 total
- age   4:         16 bytes,       2304 total
- age   5:        400 bytes,       2704 total
- age   6:        480 bytes,       3184 total
- age   7:        496 bytes,       3680 total
- age   8:        400 bytes,       4080 total
: 87430K->6K(109248K), 0.0080480 secs] 100251K->12827K(502464K), 0.0082740 secs] [Times: user=0.01 sys=0.00, real=0.01 secs] 
Heap after GC invocations=842 (full 1):
 par new generation   total 109248K, used 6K [0x8ac00000, 0x92c00000, 0x92c00000)
  eden space 87424K,   0% used [0x8ac00000, 0x8ac00000, 0x90160000)
  from space 21824K,   0% used [0x916b0000, 0x916b1800, 0x92c00000)
  to   space 21824K,   0% used [0x90160000, 0x90160000, 0x916b0000)
 concurrent mark-sweep generation total 393216K, used 12821K [0x92c00000, 0xaac00000, 0xaac00000)
 concurrent-mark-sweep perm gen total 35404K, used 22530K [0xaac00000, 0xace93000, 0xb2c00000)
}
2015-02-20T16:08:32.883-0600: 2841.338: Total time for which application threads were stopped: 0.0111800 seconds
{Heap before GC invocations=842 (full 1):
 par new generation   total 109248K, used 87430K [0x8ac00000, 0x92c00000, 0x92c00000)
  eden space 87424K, 100% used [0x8ac00000, 0x90160000, 0x90160000)
  from space 21824K,   0% used [0x916b0000, 0x916b1800, 0x92c00000)
  to   space 21824K,   0% used [0x90160000, 0x90160000, 0x916b0000)
 concurrent mark-sweep generation total 393216K, used 12821K [0x92c00000, 0xaac00000, 0xaac00000)
 concurrent-mark-sweep perm gen total 35404K, used 22530K [0xaac00000, 0xace93000, 0xb2c00000)
2015-02-20T16:08:34.247-0600: 2842.702: [GC2015-02-20T16:08:34.247-0600: 2842.702: [ParNew
Desired survivor size 20112996 bytes, new threshold 8 (max 8)
- age   1:       1000 bytes,       1000 total
- age   2:        376 bytes,       1376 total
- age   3:        400 bytes,       1776 total
- age   4:        584 bytes,       2360 total
- age   5:         16 bytes,       2376 total
- age   6:        400 bytes,       2776 total
- age   7:        480 bytes,       3256 total
- age   8:        496 bytes,       3752 total
: 87430K->4K(109248K), 0.0105620 secs] 100251K->12826K(502464K), 0.0107950 secs] [Times: user=0.02 sys=0.00, real=0.02 secs] 
Heap after GC invocations=843 (full 1):
 par new generation   total 109248K, used 4K [0x8ac00000, 0x92c00000, 0x92c00000)
  eden space 87424K,   0% used [0x8ac00000, 0x8ac00000, 0x90160000)
  from space 21824K,   0% used [0x90160000, 0x90161000, 0x916b0000)
  to   space 21824K,   0% used [0x916b0000, 0x916b0000, 0x92c00000)
 concurrent mark-sweep generation total 393216K, used 12822K [0x92c00000, 0xaac00000, 0xaac00000)
 concurrent-mark-sweep perm gen total 35404K, used 22530K [0xaac00000, 0xace93000, 0xb2c00000)
}
2015-02-20T16:08:34.258-0600: 2842.713: Total time for which application threads were stopped: 0.0135840 seconds
{Heap before GC invocations=843 (full 1):
 par new generation   total 109248K, used 87428K [0x8ac00000, 0x92c00000, 0x92c00000)
  eden space 87424K, 100% used [0x8ac00000, 0x90160000, 0x90160000)
  from space 21824K,   0% used [0x90160000, 0x90161000, 0x916b0000)
  to   space 21824K,   0% used [0x916b0000, 0x916b0000, 0x92c00000)
 concurrent mark-sweep generation total 393216K, used 12822K [0x92c00000, 0xaac00000, 0xaac00000)
 concurrent-mark-sweep perm gen total 35404K, used 22530K [0xaac00000, 0xace93000, 0xb2c00000)
2015-02-20T16:08:35.703-0600: 2844.158: [GC2015-02-20T16:08:35.703-0600: 2844.158: [ParNew
Desired survivor size 20112996 bytes, new threshold 8 (max 8)
- age   1:        960 bytes,        960 total
- age   2:        400 bytes,       1360 total
- age   3:        376 bytes,       1736 total
- age   4:        400 bytes,       2136 total
- age   5:        584 bytes,       2720 total
- age   6:         16 bytes,       2736 total
- age   7:        400 bytes,       3136 total
- age   8:        480 bytes,       3616 total
: 87428K->8K(109248K), 0.0085160 secs] 100250K->12830K(502464K), 0.0087470 secs] [Times: user=0.01 sys=0.00, real=0.01 secs] 
Heap after GC invocations=844 (full 1):
 par new generation   total 109248K, used 8K [0x8ac00000, 0x92c00000, 0x92c00000)
  eden space 87424K,   0% used [0x8ac00000, 0x8ac00000, 0x90160000)
  from space 21824K,   0% used [0x916b0000, 0x916b2000, 0x92c00000)
  to   space 21824K,   0% used [0x90160000, 0x90160000, 0x916b0000)
 concurrent mark-sweep generation total 393216K, used 12822K [0x92c00000, 0xaac00000, 0xaac00000)
 concurrent-mark-sweep perm gen total 35404K, used 22530K [0xaac00000, 0xace93000, 0xb2c00000)
}
2015-02-20T16:08:35.712-0600: 2844.167: Total time for which application threads were stopped: 0.0114710 seconds
{Heap before GC invocations=844 (full 1):
 par new generation   total 109248K, used 87432K [0x8ac00000, 0x92c00000, 0x92c00000)
  eden space 87424K, 100% used [0x8ac00000, 0x90160000, 0x90160000)
  from space 21824K,   0% used [0x916b0000, 0x916b2000, 0x92c00000)
  to   space 21824K,   0% used [0x90160000, 0x90160000, 0x916b0000)
 concurrent mark-sweep generation total 393216K, used 12822K [0x92c00000, 0xaac00000, 0xaac00000)
 concurrent-mark-sweep perm gen total 35404K, used 22530K [0xaac00000, 0xace93000, 0xb2c00000)
2015-02-20T16:08:37.294-0600: 2845.749: [GC2015-02-20T16:08:37.294-0600: 2845.749: [ParNew
Desired survivor size 20112996 bytes, new threshold 8 (max 8)
- age   1:       1192 bytes,       1192 total
- age   2:        360 bytes,       1552 total
- age   3:        400 bytes,       1952 total
- age   4:        376 bytes,       2328 total
- age   5:        400 bytes,       2728 total
- age   6:        584 bytes,       3312 total
- age   7:         16 bytes,       3328 total
- age   8:        400 bytes,       3728 total
: 87432K->6K(109248K), 0.0170120 secs] 100254K->12829K(502464K), 0.0172150 secs] [Times: user=0.03 sys=0.00, real=0.02 secs] 
Heap after GC invocations=845 (full 1):
 par new generation   total 109248K, used 6K [0x8ac00000, 0x92c00000, 0x92c00000)
  eden space 87424K,   0% used [0x8ac00000, 0x8ac00000, 0x90160000)
  from space 21824K,   0% used [0x90160000, 0x90161800, 0x916b0000)
  to   space 21824K,   0% used [0x916b0000, 0x916b0000, 0x92c00000)
 concurrent mark-sweep generation total 393216K, used 12823K [0x92c00000, 0xaac00000, 0xaac00000)
 concurrent-mark-sweep perm gen total 35404K, used 22530K [0xaac00000, 0xace93000, 0xb2c00000)
}
2015-02-20T16:08:37.311-0600: 2845.766: Total time for which application threads were stopped: 0.0204610 seconds
{Heap before GC invocations=845 (full 1):
 par new generation   total 109248K, used 87430K [0x8ac00000, 0x92c00000, 0x92c00000)
  eden space 87424K, 100% used [0x8ac00000, 0x90160000, 0x90160000)
  from space 21824K,   0% used [0x90160000, 0x90161800, 0x916b0000)
  to   space 21824K,   0% used [0x916b0000, 0x916b0000, 0x92c00000)
 concurrent mark-sweep generation total 393216K, used 12823K [0x92c00000, 0xaac00000, 0xaac00000)
 concurrent-mark-sweep perm gen total 35404K, used 22530K [0xaac00000, 0xace93000, 0xb2c00000)
2015-02-20T16:08:38.831-0600: 2847.286: [GC2015-02-20T16:08:38.831-0600: 2847.286: [ParNew
Desired survivor size 20112996 bytes, new threshold 8 (max 8)
- age   1:        640 bytes,        640 total
- age   2:        576 bytes,       1216 total
- age   3:        360 bytes,       1576 total
- age   4:        400 bytes,       1976 total
- age   5:        376 bytes,       2352 total
- age   6:        400 bytes,       2752 total
- age   7:        584 bytes,       3336 total
- age   8:         16 bytes,       3352 total
: 87430K->8K(109248K), 0.0056710 secs] 100253K->12831K(502464K), 0.0058700 secs] [Times: user=0.00 sys=0.00, real=0.00 secs] 
Heap after GC invocations=846 (full 1):
 par new generation   total 109248K, used 8K [0x8ac00000, 0x92c00000, 0x92c00000)
  eden space 87424K,   0% used [0x8ac00000, 0x8ac00000, 0x90160000)
  from space 21824K,   0% used [0x916b0000, 0x916b2000, 0x92c00000)
  to   space 21824K,   0% used [0x90160000, 0x90160000, 0x916b0000)
 concurrent mark-sweep generation total 393216K, used 12823K [0x92c00000, 0xaac00000, 0xaac00000)
 concurrent-mark-sweep perm gen total 35404K, used 22530K [0xaac00000, 0xace93000, 0xb2c00000)
}
2015-02-20T16:08:38.837-0600: 2847.292: Total time for which application threads were stopped: 0.0086260 seconds
{Heap before GC invocations=846 (full 1):
 par new generation   total 109248K, used 87432K [0x8ac00000, 0x92c00000, 0x92c00000)
  eden space 87424K, 100% used [0x8ac00000, 0x90160000, 0x90160000)
  from space 21824K,   0% used [0x916b0000, 0x916b2000, 0x92c00000)
  to   space 21824K,   0% used [0x90160000, 0x90160000, 0x916b0000)
 concurrent mark-sweep generation total 393216K, used 12823K [0x92c00000, 0xaac00000, 0xaac00000)
 concurrent-mark-sweep perm gen total 35404K, used 22530K [0xaac00000, 0xace93000, 0xb2c00000)
2015-02-20T16:08:40.433-0600: 2848.888: [GC2015-02-20T16:08:40.433-0600: 2848.888: [ParNew
Desired survivor size 20112996 bytes, new threshold 8 (max 8)
- age   1:       1208 bytes,       1208 total
- age   2:         16 bytes,       1224 total
- age   3:        424 bytes,       1648 total
- age   4:        360 bytes,       2008 total
- age   5:        400 bytes,       2408 total
- age   6:        376 bytes,       2784 total
- age   7:        400 bytes,       3184 total
- age   8:        584 bytes,       3768 total
: 87432K->6K(109248K), 0.0104690 secs] 100255K->12829K(502464K), 0.0107540 secs] [Times: user=0.02 sys=0.00, real=0.01 secs] 
Heap after GC invocations=847 (full 1):
 par new generation   total 109248K, used 6K [0x8ac00000, 0x92c00000, 0x92c00000)
  eden space 87424K,   0% used [0x8ac00000, 0x8ac00000, 0x90160000)
  from space 21824K,   0% used [0x90160000, 0x90161800, 0x916b0000)
  to   space 21824K,   0% used [0x916b0000, 0x916b0000, 0x92c00000)
 concurrent mark-sweep generation total 393216K, used 12823K [0x92c00000, 0xaac00000, 0xaac00000)
 concurrent-mark-sweep perm gen total 35404K, used 22530K [0xaac00000, 0xace93000, 0xb2c00000)
}
2015-02-20T16:08:40.444-0600: 2848.899: Total time for which application threads were stopped: 0.0134620 seconds
{Heap before GC invocations=847 (full 1):
 par new generation   total 109248K, used 87430K [0x8ac00000, 0x92c00000, 0x92c00000)
  eden space 87424K, 100% used [0x8ac00000, 0x90160000, 0x90160000)
  from space 21824K,   0% used [0x90160000, 0x90161800, 0x916b0000)
  to   space 21824K,   0% used [0x916b0000, 0x916b0000, 0x92c00000)
 concurrent mark-sweep generation total 393216K, used 12823K [0x92c00000, 0xaac00000, 0xaac00000)
 concurrent-mark-sweep perm gen total 35404K, used 22530K [0xaac00000, 0xace93000, 0xb2c00000)
2015-02-20T16:08:41.821-0600: 2850.276: [GC2015-02-20T16:08:41.821-0600: 2850.276: [ParNew
Desired survivor size 20112996 bytes, new threshold 8 (max 8)
- age   1:       1136 bytes,       1136 total
- age   2:        376 bytes,       1512 total
- age   3:         16 bytes,       1528 total
- age   4:        424 bytes,       1952 total
- age   5:        360 bytes,       2312 total
- age   6:        400 bytes,       2712 total
- age   7:        376 bytes,       3088 total
- age   8:        400 bytes,       3488 total
: 87430K->8K(109248K), 0.0058150 secs] 100253K->12832K(502464K), 0.0060120 secs] [Times: user=0.01 sys=0.00, real=0.00 secs] 
Heap after GC invocations=848 (full 1):
 par new generation   total 109248K, used 8K [0x8ac00000, 0x92c00000, 0x92c00000)
  eden space 87424K,   0% used [0x8ac00000, 0x8ac00000, 0x90160000)
  from space 21824K,   0% used [0x916b0000, 0x916b2000, 0x92c00000)
  to   space 21824K,   0% used [0x90160000, 0x90160000, 0x916b0000)
 concurrent mark-sweep generation total 393216K, used 12824K [0x92c00000, 0xaac00000, 0xaac00000)
 concurrent-mark-sweep perm gen total 35404K, used 22530K [0xaac00000, 0xace93000, 0xb2c00000)
}
2015-02-20T16:08:41.827-0600: 2850.282: Total time for which application threads were stopped: 0.0087990 seconds
{Heap before GC invocations=848 (full 1):
 par new generation   total 109248K, used 87432K [0x8ac00000, 0x92c00000, 0x92c00000)
  eden space 87424K, 100% used [0x8ac00000, 0x90160000, 0x90160000)
  from space 21824K,   0% used [0x916b0000, 0x916b2000, 0x92c00000)
  to   space 21824K,   0% used [0x90160000, 0x90160000, 0x916b0000)
 concurrent mark-sweep generation total 393216K, used 12824K [0x92c00000, 0xaac00000, 0xaac00000)
 concurrent-mark-sweep perm gen total 35404K, used 22530K [0xaac00000, 0xace93000, 0xb2c00000)
2015-02-20T16:08:43.330-0600: 2851.785: [GC2015-02-20T16:08:43.330-0600: 2851.785: [ParNew
Desired survivor size 20112996 bytes, new threshold 8 (max 8)
- age   1:       1200 bytes,       1200 total
- age   2:        360 bytes,       1560 total
- age   3:        376 bytes,       1936 total
- age   4:         16 bytes,       1952 total
- age   5:        424 bytes,       2376 total
- age   6:        360 bytes,       2736 total
- age   7:        400 bytes,       3136 total
- age   8:        376 bytes,       3512 total
: 87432K->8K(109248K), 0.0077330 secs] 100256K->12832K(502464K), 0.0079710 secs] [Times: user=0.01 sys=0.00, real=0.01 secs] 
Heap after GC invocations=849 (full 1):
 par new generation   total 109248K, used 8K [0x8ac00000, 0x92c00000, 0x92c00000)
  eden space 87424K,   0% used [0x8ac00000, 0x8ac00000, 0x90160000)
  from space 21824K,   0% used [0x90160000, 0x90162000, 0x916b0000)
  to   space 21824K,   0% used [0x916b0000, 0x916b0000, 0x92c00000)
 concurrent mark-sweep generation total 393216K, used 12824K [0x92c00000, 0xaac00000, 0xaac00000)
 concurrent-mark-sweep perm gen total 35404K, used 22530K [0xaac00000, 0xace93000, 0xb2c00000)
}
2015-02-20T16:08:43.338-0600: 2851.793: Total time for which application threads were stopped: 0.0105790 seconds
{Heap before GC invocations=849 (full 1):
 par new generation   total 109248K, used 87432K [0x8ac00000, 0x92c00000, 0x92c00000)
  eden space 87424K, 100% used [0x8ac00000, 0x90160000, 0x90160000)
  from space 21824K,   0% used [0x90160000, 0x90162000, 0x916b0000)
  to   space 21824K,   0% used [0x916b0000, 0x916b0000, 0x92c00000)
 concurrent mark-sweep generation total 393216K, used 12824K [0x92c00000, 0xaac00000, 0xaac00000)
 concurrent-mark-sweep perm gen total 35404K, used 22530K [0xaac00000, 0xace93000, 0xb2c00000)
2015-02-20T16:08:44.859-0600: 2853.314: [GC2015-02-20T16:08:44.859-0600: 2853.314: [ParNew
Desired survivor size 20112996 bytes, new threshold 8 (max 8)
- age   1:        432 bytes,        432 total
- age   2:        576 bytes,       1008 total
- age   3:        360 bytes,       1368 total
- age   4:        376 bytes,       1744 total
- age   5:         16 bytes,       1760 total
- age   6:        424 bytes,       2184 total
- age   7:        360 bytes,       2544 total
- age   8:        400 bytes,       2944 total
: 87432K->6K(109248K), 0.0100000 secs] 100256K->12830K(502464K), 0.0102040 secs] [Times: user=0.02 sys=0.00, real=0.01 secs] 
Heap after GC invocations=850 (full 1):
 par new generation   total 109248K, used 6K [0x8ac00000, 0x92c00000, 0x92c00000)
  eden space 87424K,   0% used [0x8ac00000, 0x8ac00000, 0x90160000)
  from space 21824K,   0% used [0x916b0000, 0x916b1800, 0x92c00000)
  to   space 21824K,   0% used [0x90160000, 0x90160000, 0x916b0000)
 concurrent mark-sweep generation total 393216K, used 12824K [0x92c00000, 0xaac00000, 0xaac00000)
 concurrent-mark-sweep perm gen total 35404K, used 22530K [0xaac00000, 0xace93000, 0xb2c00000)
}
2015-02-20T16:08:44.869-0600: 2853.324: Total time for which application threads were stopped: 0.0129850 seconds
{Heap before GC invocations=850 (full 1):
 par new generation   total 109248K, used 87430K [0x8ac00000, 0x92c00000, 0x92c00000)
  eden space 87424K, 100% used [0x8ac00000, 0x90160000, 0x90160000)
  from space 21824K,   0% used [0x916b0000, 0x916b1800, 0x92c00000)
  to   space 21824K,   0% used [0x90160000, 0x90160000, 0x916b0000)
 concurrent mark-sweep generation total 393216K, used 12824K [0x92c00000, 0xaac00000, 0xaac00000)
 concurrent-mark-sweep perm gen total 35404K, used 22530K [0xaac00000, 0xace93000, 0xb2c00000)
2015-02-20T16:08:46.313-0600: 2854.768: [GC2015-02-20T16:08:46.313-0600: 2854.768: [ParNew
Desired survivor size 20112996 bytes, new threshold 8 (max 8)
- age   1:       1176 bytes,       1176 total
- age   2:         16 bytes,       1192 total
- age   3:        424 bytes,       1616 total
- age   4:        360 bytes,       1976 total
- age   5:        376 bytes,       2352 total
- age   6:         16 bytes,       2368 total
- age   7:        424 bytes,       2792 total
- age   8:        360 bytes,       3152 total
: 87430K->6K(109248K), 0.0077260 secs] 100254K->12831K(502464K), 0.0079710 secs] [Times: user=0.02 sys=0.00, real=0.01 secs] 
Heap after GC invocations=851 (full 1):
 par new generation   total 109248K, used 6K [0x8ac00000, 0x92c00000, 0x92c00000)
  eden space 87424K,   0% used [0x8ac00000, 0x8ac00000, 0x90160000)
  from space 21824K,   0% used [0x90160000, 0x90161800, 0x916b0000)
  to   space 21824K,   0% used [0x916b0000, 0x916b0000, 0x92c00000)
 concurrent mark-sweep generation total 393216K, used 12825K [0x92c00000, 0xaac00000, 0xaac00000)
 concurrent-mark-sweep perm gen total 35404K, used 22530K [0xaac00000, 0xace93000, 0xb2c00000)
}
2015-02-20T16:08:46.321-0600: 2854.776: Total time for which application threads were stopped: 0.0107400 seconds
{Heap before GC invocations=851 (full 1):
 par new generation   total 109248K, used 87430K [0x8ac00000, 0x92c00000, 0x92c00000)
  eden space 87424K, 100% used [0x8ac00000, 0x90160000, 0x90160000)
  from space 21824K,   0% used [0x90160000, 0x90161800, 0x916b0000)
  to   space 21824K,   0% used [0x916b0000, 0x916b0000, 0x92c00000)
 concurrent mark-sweep generation total 393216K, used 12825K [0x92c00000, 0xaac00000, 0xaac00000)
 concurrent-mark-sweep perm gen total 35404K, used 22530K [0xaac00000, 0xace93000, 0xb2c00000)
2015-02-20T16:08:47.753-0600: 2856.208: [GC2015-02-20T16:08:47.753-0600: 2856.208: [ParNew
Desired survivor size 20112996 bytes, new threshold 8 (max 8)
- age   1:       1136 bytes,       1136 total
- age   2:        400 bytes,       1536 total
- age   3:         16 bytes,       1552 total
- age   4:        424 bytes,       1976 total
- age   5:        360 bytes,       2336 total
- age   6:        376 bytes,       2712 total
- age   7:         16 bytes,       2728 total
- age   8:        424 bytes,       3152 total
: 87430K->6K(109248K), 0.0068860 secs] 100255K->12831K(502464K), 0.0070590 secs] [Times: user=0.02 sys=0.00, real=0.01 secs] 
Heap after GC invocations=852 (full 1):
 par new generation   total 109248K, used 6K [0x8ac00000, 0x92c00000, 0x92c00000)
  eden space 87424K,   0% used [0x8ac00000, 0x8ac00000, 0x90160000)
  from space 21824K,   0% used [0x916b0000, 0x916b1800, 0x92c00000)
  to   space 21824K,   0% used [0x90160000, 0x90160000, 0x916b0000)
 concurrent mark-sweep generation total 393216K, used 12825K [0x92c00000, 0xaac00000, 0xaac00000)
 concurrent-mark-sweep perm gen total 35404K, used 22530K [0xaac00000, 0xace93000, 0xb2c00000)
}
2015-02-20T16:08:47.760-0600: 2856.215: Total time for which application threads were stopped: 0.0099660 seconds
{Heap before GC invocations=852 (full 1):
 par new generation   total 109248K, used 87430K [0x8ac00000, 0x92c00000, 0x92c00000)
  eden space 87424K, 100% used [0x8ac00000, 0x90160000, 0x90160000)
  from space 21824K,   0% used [0x916b0000, 0x916b1800, 0x92c00000)
  to   space 21824K,   0% used [0x90160000, 0x90160000, 0x916b0000)
 concurrent mark-sweep generation total 393216K, used 12825K [0x92c00000, 0xaac00000, 0xaac00000)
 concurrent-mark-sweep perm gen total 35404K, used 22530K [0xaac00000, 0xace93000, 0xb2c00000)
2015-02-20T16:08:49.214-0600: 2857.669: [GC2015-02-20T16:08:49.215-0600: 2857.670: [ParNew
Desired survivor size 20112996 bytes, new threshold 8 (max 8)
- age   1:        720 bytes,        720 total
- age   2:        488 bytes,       1208 total
- age   3:        400 bytes,       1608 total
- age   4:         16 bytes,       1624 total
- age   5:        424 bytes,       2048 total
- age   6:        360 bytes,       2408 total
- age   7:        376 bytes,       2784 total
- age   8:         16 bytes,       2800 total
: 87430K->6K(109248K), 0.0133390 secs] 100255K->12831K(502464K), 0.0135610 secs] [Times: user=0.03 sys=0.00, real=0.02 secs] 
Heap after GC invocations=853 (full 1):
 par new generation   total 109248K, used 6K [0x8ac00000, 0x92c00000, 0x92c00000)
  eden space 87424K,   0% used [0x8ac00000, 0x8ac00000, 0x90160000)
  from space 21824K,   0% used [0x90160000, 0x90161800, 0x916b0000)
  to   space 21824K,   0% used [0x916b0000, 0x916b0000, 0x92c00000)
 concurrent mark-sweep generation total 393216K, used 12825K [0x92c00000, 0xaac00000, 0xaac00000)
 concurrent-mark-sweep perm gen total 35404K, used 22530K [0xaac00000, 0xace93000, 0xb2c00000)
}
2015-02-20T16:08:49.228-0600: 2857.683: Total time for which application threads were stopped: 0.0166230 seconds
{Heap before GC invocations=853 (full 1):
 par new generation   total 109248K, used 87430K [0x8ac00000, 0x92c00000, 0x92c00000)
  eden space 87424K, 100% used [0x8ac00000, 0x90160000, 0x90160000)
  from space 21824K,   0% used [0x90160000, 0x90161800, 0x916b0000)
  to   space 21824K,   0% used [0x916b0000, 0x916b0000, 0x92c00000)
 concurrent mark-sweep generation total 393216K, used 12825K [0x92c00000, 0xaac00000, 0xaac00000)
 concurrent-mark-sweep perm gen total 35404K, used 22530K [0xaac00000, 0xace93000, 0xb2c00000)
2015-02-20T16:08:50.699-0600: 2859.154: [GC2015-02-20T16:08:50.699-0600: 2859.154: [ParNew
Desired survivor size 20112996 bytes, new threshold 8 (max 8)
- age   1:        776 bytes,        776 total
- age   2:        240 bytes,       1016 total
- age   3:        360 bytes,       1376 total
- age   4:        400 bytes,       1776 total
- age   5:         16 bytes,       1792 total
- age   6:        424 bytes,       2216 total
- age   7:        360 bytes,       2576 total
- age   8:        376 bytes,       2952 total
: 87430K->8K(109248K), 0.0151130 secs] 100255K->12833K(502464K), 0.0153430 secs] [Times: user=0.03 sys=0.01, real=0.01 secs] 
Heap after GC invocations=854 (full 1):
 par new generation   total 109248K, used 8K [0x8ac00000, 0x92c00000, 0x92c00000)
  eden space 87424K,   0% used [0x8ac00000, 0x8ac00000, 0x90160000)
  from space 21824K,   0% used [0x916b0000, 0x916b2000, 0x92c00000)
  to   space 21824K,   0% used [0x90160000, 0x90160000, 0x916b0000)
 concurrent mark-sweep generation total 393216K, used 12825K [0x92c00000, 0xaac00000, 0xaac00000)
 concurrent-mark-sweep perm gen total 35404K, used 22530K [0xaac00000, 0xace93000, 0xb2c00000)
}
2015-02-20T16:08:50.715-0600: 2859.170: Total time for which application threads were stopped: 0.0180990 seconds
{Heap before GC invocations=854 (full 1):
 par new generation   total 109248K, used 87432K [0x8ac00000, 0x92c00000, 0x92c00000)
  eden space 87424K, 100% used [0x8ac00000, 0x90160000, 0x90160000)
  from space 21824K,   0% used [0x916b0000, 0x916b2000, 0x92c00000)
  to   space 21824K,   0% used [0x90160000, 0x90160000, 0x916b0000)
 concurrent mark-sweep generation total 393216K, used 12825K [0x92c00000, 0xaac00000, 0xaac00000)
 concurrent-mark-sweep perm gen total 35404K, used 22530K [0xaac00000, 0xace93000, 0xb2c00000)
2015-02-20T16:08:52.169-0600: 2860.625: [GC2015-02-20T16:08:52.170-0600: 2860.625: [ParNew
Desired survivor size 20112996 bytes, new threshold 8 (max 8)
- age   1:       1024 bytes,       1024 total
- age   2:        200 bytes,       1224 total
- age   3:        216 bytes,       1440 total
- age   4:        360 bytes,       1800 total
- age   5:        400 bytes,       2200 total
- age   6:         16 bytes,       2216 total
- age   7:        424 bytes,       2640 total
- age   8:        360 bytes,       3000 total
: 87432K->4K(109248K), 0.0120930 secs] 100257K->12830K(502464K), 0.0123040 secs] [Times: user=0.02 sys=0.00, real=0.01 secs] 
Heap after GC invocations=855 (full 1):
 par new generation   total 109248K, used 4K [0x8ac00000, 0x92c00000, 0x92c00000)
  eden space 87424K,   0% used [0x8ac00000, 0x8ac00000, 0x90160000)
  from space 21824K,   0% used [0x90160000, 0x90161000, 0x916b0000)
  to   space 21824K,   0% used [0x916b0000, 0x916b0000, 0x92c00000)
 concurrent mark-sweep generation total 393216K, used 12826K [0x92c00000, 0xaac00000, 0xaac00000)
 concurrent-mark-sweep perm gen total 35404K, used 22530K [0xaac00000, 0xace93000, 0xb2c00000)
}
2015-02-20T16:08:52.182-0600: 2860.637: Total time for which application threads were stopped: 0.0150330 seconds
{Heap before GC invocations=855 (full 1):
 par new generation   total 109248K, used 87428K [0x8ac00000, 0x92c00000, 0x92c00000)
  eden space 87424K, 100% used [0x8ac00000, 0x90160000, 0x90160000)
  from space 21824K,   0% used [0x90160000, 0x90161000, 0x916b0000)
  to   space 21824K,   0% used [0x916b0000, 0x916b0000, 0x92c00000)
 concurrent mark-sweep generation total 393216K, used 12826K [0x92c00000, 0xaac00000, 0xaac00000)
 concurrent-mark-sweep perm gen total 35404K, used 22530K [0xaac00000, 0xace93000, 0xb2c00000)
2015-02-20T16:08:53.641-0600: 2862.096: [GC2015-02-20T16:08:53.641-0600: 2862.096: [ParNew
Desired survivor size 20112996 bytes, new threshold 8 (max 8)
- age   1:       1208 bytes,       1208 total
- age   2:        424 bytes,       1632 total
- age   3:        200 bytes,       1832 total
- age   4:        216 bytes,       2048 total
- age   5:        360 bytes,       2408 total
- age   6:        400 bytes,       2808 total
- age   7:         16 bytes,       2824 total
- age   8:        424 bytes,       3248 total
: 87428K->8K(109248K), 0.0063650 secs] 100254K->12834K(502464K), 0.0066320 secs] [Times: user=0.01 sys=0.01, real=0.01 secs] 
Heap after GC invocations=856 (full 1):
 par new generation   total 109248K, used 8K [0x8ac00000, 0x92c00000, 0x92c00000)
  eden space 87424K,   0% used [0x8ac00000, 0x8ac00000, 0x90160000)
  from space 21824K,   0% used [0x916b0000, 0x916b2000, 0x92c00000)
  to   space 21824K,   0% used [0x90160000, 0x90160000, 0x916b0000)
 concurrent mark-sweep generation total 393216K, used 12826K [0x92c00000, 0xaac00000, 0xaac00000)
 concurrent-mark-sweep perm gen total 35404K, used 22530K [0xaac00000, 0xace93000, 0xb2c00000)
}
2015-02-20T16:08:53.647-0600: 2862.102: Total time for which application threads were stopped: 0.0092960 seconds
{Heap before GC invocations=856 (full 1):
 par new generation   total 109248K, used 87432K [0x8ac00000, 0x92c00000, 0x92c00000)
  eden space 87424K, 100% used [0x8ac00000, 0x90160000, 0x90160000)
  from space 21824K,   0% used [0x916b0000, 0x916b2000, 0x92c00000)
  to   space 21824K,   0% used [0x90160000, 0x90160000, 0x916b0000)
 concurrent mark-sweep generation total 393216K, used 12826K [0x92c00000, 0xaac00000, 0xaac00000)
 concurrent-mark-sweep perm gen total 35404K, used 22530K [0xaac00000, 0xace93000, 0xb2c00000)
2015-02-20T16:08:55.105-0600: 2863.561: [GC2015-02-20T16:08:55.106-0600: 2863.561: [ParNew
Desired survivor size 20112996 bytes, new threshold 8 (max 8)
- age   1:        864 bytes,        864 total
- age   2:        488 bytes,       1352 total
- age   3:        424 bytes,       1776 total
- age   4:        200 bytes,       1976 total
- age   5:        216 bytes,       2192 total
- age   6:        360 bytes,       2552 total
- age   7:        400 bytes,       2952 total
- age   8:         16 bytes,       2968 total
: 87432K->4K(109248K), 0.0079430 secs] 100258K->12831K(502464K), 0.0081300 secs] [Times: user=0.01 sys=0.00, real=0.01 secs] 
Heap after GC invocations=857 (full 1):
 par new generation   total 109248K, used 4K [0x8ac00000, 0x92c00000, 0x92c00000)
  eden space 87424K,   0% used [0x8ac00000, 0x8ac00000, 0x90160000)
  from space 21824K,   0% used [0x90160000, 0x90161000, 0x916b0000)
  to   space 21824K,   0% used [0x916b0000, 0x916b0000, 0x92c00000)
 concurrent mark-sweep generation total 393216K, used 12827K [0x92c00000, 0xaac00000, 0xaac00000)
 concurrent-mark-sweep perm gen total 35404K, used 22530K [0xaac00000, 0xace93000, 0xb2c00000)
}
2015-02-20T16:08:55.114-0600: 2863.569: Total time for which application threads were stopped: 0.0108620 seconds
{Heap before GC invocations=857 (full 1):
 par new generation   total 109248K, used 87428K [0x8ac00000, 0x92c00000, 0x92c00000)
  eden space 87424K, 100% used [0x8ac00000, 0x90160000, 0x90160000)
  from space 21824K,   0% used [0x90160000, 0x90161000, 0x916b0000)
  to   space 21824K,   0% used [0x916b0000, 0x916b0000, 0x92c00000)
 concurrent mark-sweep generation total 393216K, used 12827K [0x92c00000, 0xaac00000, 0xaac00000)
 concurrent-mark-sweep perm gen total 35404K, used 22530K [0xaac00000, 0xace93000, 0xb2c00000)
2015-02-20T16:08:56.583-0600: 2865.038: [GC2015-02-20T16:08:56.584-0600: 2865.039: [ParNew
Desired survivor size 20112996 bytes, new threshold 8 (max 8)
- age   1:       1048 bytes,       1048 total
- age   2:        240 bytes,       1288 total
- age   3:        360 bytes,       1648 total
- age   4:        424 bytes,       2072 total
- age   5:        200 bytes,       2272 total
- age   6:        216 bytes,       2488 total
- age   7:        360 bytes,       2848 total
- age   8:        400 bytes,       3248 total
: 87428K->8K(109248K), 0.0073550 secs] 100255K->12835K(502464K), 0.0076020 secs] [Times: user=0.02 sys=0.00, real=0.01 secs] 
Heap after GC invocations=858 (full 1):
 par new generation   total 109248K, used 8K [0x8ac00000, 0x92c00000, 0x92c00000)
  eden space 87424K,   0% used [0x8ac00000, 0x8ac00000, 0x90160000)
  from space 21824K,   0% used [0x916b0000, 0x916b2000, 0x92c00000)
  to   space 21824K,   0% used [0x90160000, 0x90160000, 0x916b0000)
 concurrent mark-sweep generation total 393216K, used 12827K [0x92c00000, 0xaac00000, 0xaac00000)
 concurrent-mark-sweep perm gen total 35404K, used 22530K [0xaac00000, 0xace93000, 0xb2c00000)
}
2015-02-20T16:08:56.591-0600: 2865.046: Total time for which application threads were stopped: 0.0103370 seconds
{Heap before GC invocations=858 (full 1):
 par new generation   total 109248K, used 87432K [0x8ac00000, 0x92c00000, 0x92c00000)
  eden space 87424K, 100% used [0x8ac00000, 0x90160000, 0x90160000)
  from space 21824K,   0% used [0x916b0000, 0x916b2000, 0x92c00000)
  to   space 21824K,   0% used [0x90160000, 0x90160000, 0x916b0000)
 concurrent mark-sweep generation total 393216K, used 12827K [0x92c00000, 0xaac00000, 0xaac00000)
 concurrent-mark-sweep perm gen total 35404K, used 22530K [0xaac00000, 0xace93000, 0xb2c00000)
2015-02-20T16:08:58.016-0600: 2866.471: [GC2015-02-20T16:08:58.016-0600: 2866.471: [ParNew
Desired survivor size 20112996 bytes, new threshold 8 (max 8)
- age   1:        992 bytes,        992 total
- age   2:        296 bytes,       1288 total
- age   3:        216 bytes,       1504 total
- age   4:        360 bytes,       1864 total
- age   5:        424 bytes,       2288 total
- age   6:        200 bytes,       2488 total
- age   7:        216 bytes,       2704 total
- age   8:        360 bytes,       3064 total
: 87432K->6K(109248K), 0.0150900 secs] 100259K->12833K(502464K), 0.0152890 secs] [Times: user=0.04 sys=0.00, real=0.02 secs] 
Heap after GC invocations=859 (full 1):
 par new generation   total 109248K, used 6K [0x8ac00000, 0x92c00000, 0x92c00000)
  eden space 87424K,   0% used [0x8ac00000, 0x8ac00000, 0x90160000)
  from space 21824K,   0% used [0x90160000, 0x90161800, 0x916b0000)
  to   space 21824K,   0% used [0x916b0000, 0x916b0000, 0x92c00000)
 concurrent mark-sweep generation total 393216K, used 12827K [0x92c00000, 0xaac00000, 0xaac00000)
 concurrent-mark-sweep perm gen total 35404K, used 22530K [0xaac00000, 0xace93000, 0xb2c00000)
}
2015-02-20T16:08:58.031-0600: 2866.486: Total time for which application threads were stopped: 0.0182530 seconds
{Heap before GC invocations=859 (full 1):
 par new generation   total 109248K, used 87430K [0x8ac00000, 0x92c00000, 0x92c00000)
  eden space 87424K, 100% used [0x8ac00000, 0x90160000, 0x90160000)
  from space 21824K,   0% used [0x90160000, 0x90161800, 0x916b0000)
  to   space 21824K,   0% used [0x916b0000, 0x916b0000, 0x92c00000)
 concurrent mark-sweep generation total 393216K, used 12827K [0x92c00000, 0xaac00000, 0xaac00000)
 concurrent-mark-sweep perm gen total 35404K, used 22530K [0xaac00000, 0xace93000, 0xb2c00000)
2015-02-20T16:08:59.844-0600: 2868.299: [GC2015-02-20T16:08:59.844-0600: 2868.299: [ParNew
Desired survivor size 20112996 bytes, new threshold 8 (max 8)
- age   1:       1192 bytes,       1192 total
- age   2:        408 bytes,       1600 total
- age   3:        296 bytes,       1896 total
- age   4:        216 bytes,       2112 total
- age   5:        360 bytes,       2472 total
- age   6:        424 bytes,       2896 total
- age   7:        200 bytes,       3096 total
- age   8:        216 bytes,       3312 total
: 87430K->4K(109248K), 0.0079270 secs] 100257K->12831K(502464K), 0.0081330 secs] [Times: user=0.01 sys=0.01, real=0.01 secs] 
Heap after GC invocations=860 (full 1):
 par new generation   total 109248K, used 4K [0x8ac00000, 0x92c00000, 0x92c00000)
  eden space 87424K,   0% used [0x8ac00000, 0x8ac00000, 0x90160000)
  from space 21824K,   0% used [0x916b0000, 0x916b1000, 0x92c00000)
  to   space 21824K,   0% used [0x90160000, 0x90160000, 0x916b0000)
 concurrent mark-sweep generation total 393216K, used 12827K [0x92c00000, 0xaac00000, 0xaac00000)
 concurrent-mark-sweep perm gen total 35404K, used 22530K [0xaac00000, 0xace93000, 0xb2c00000)
}
2015-02-20T16:08:59.852-0600: 2868.307: Total time for which application threads were stopped: 0.0109430 seconds
{Heap before GC invocations=860 (full 1):
 par new generation   total 109248K, used 87428K [0x8ac00000, 0x92c00000, 0x92c00000)
  eden space 87424K, 100% used [0x8ac00000, 0x90160000, 0x90160000)
  from space 21824K,   0% used [0x916b0000, 0x916b1000, 0x92c00000)
  to   space 21824K,   0% used [0x90160000, 0x90160000, 0x916b0000)
 concurrent mark-sweep generation total 393216K, used 12827K [0x92c00000, 0xaac00000, 0xaac00000)
 concurrent-mark-sweep perm gen total 35404K, used 22530K [0xaac00000, 0xace93000, 0xb2c00000)
2015-02-20T16:09:01.296-0600: 2869.751: [GC2015-02-20T16:09:01.296-0600: 2869.751: [ParNew
Desired survivor size 20112996 bytes, new threshold 8 (max 8)
- age   1:       1304 bytes,       1304 total
- age   2:        360 bytes,       1664 total
- age   3:        408 bytes,       2072 total
- age   4:        296 bytes,       2368 total
- age   5:        216 bytes,       2584 total
- age   6:        360 bytes,       2944 total
- age   7:        424 bytes,       3368 total
- age   8:        200 bytes,       3568 total
: 87428K->8K(109248K), 0.0059660 secs] 100255K->12836K(502464K), 0.0061790 secs] [Times: user=0.00 sys=0.00, real=0.01 secs] 
Heap after GC invocations=861 (full 1):
 par new generation   total 109248K, used 8K [0x8ac00000, 0x92c00000, 0x92c00000)
  eden space 87424K,   0% used [0x8ac00000, 0x8ac00000, 0x90160000)
  from space 21824K,   0% used [0x90160000, 0x90162000, 0x916b0000)
  to   space 21824K,   0% used [0x916b0000, 0x916b0000, 0x92c00000)
 concurrent mark-sweep generation total 393216K, used 12828K [0x92c00000, 0xaac00000, 0xaac00000)
 concurrent-mark-sweep perm gen total 35404K, used 22530K [0xaac00000, 0xace93000, 0xb2c00000)
}
2015-02-20T16:09:01.302-0600: 2869.757: Total time for which application threads were stopped: 0.0088390 seconds
{Heap before GC invocations=861 (full 1):
 par new generation   total 109248K, used 87432K [0x8ac00000, 0x92c00000, 0x92c00000)
  eden space 87424K, 100% used [0x8ac00000, 0x90160000, 0x90160000)
  from space 21824K,   0% used [0x90160000, 0x90162000, 0x916b0000)
  to   space 21824K,   0% used [0x916b0000, 0x916b0000, 0x92c00000)
 concurrent mark-sweep generation total 393216K, used 12828K [0x92c00000, 0xaac00000, 0xaac00000)
 concurrent-mark-sweep perm gen total 35404K, used 22530K [0xaac00000, 0xace93000, 0xb2c00000)
2015-02-20T16:09:02.766-0600: 2871.221: [GC2015-02-20T16:09:02.767-0600: 2871.222: [ParNew
Desired survivor size 20112996 bytes, new threshold 8 (max 8)
- age   1:        464 bytes,        464 total
- age   2:        528 bytes,        992 total
- age   3:        360 bytes,       1352 total
- age   4:        408 bytes,       1760 total
- age   5:        296 bytes,       2056 total
- age   6:        216 bytes,       2272 total
- age   7:        360 bytes,       2632 total
- age   8:        424 bytes,       3056 total
: 87432K->6K(109248K), 0.0078820 secs] 100260K->12834K(502464K), 0.0080580 secs] [Times: user=0.01 sys=0.00, real=0.01 secs] 
Heap after GC invocations=862 (full 1):
 par new generation   total 109248K, used 6K [0x8ac00000, 0x92c00000, 0x92c00000)
  eden space 87424K,   0% used [0x8ac00000, 0x8ac00000, 0x90160000)
  from space 21824K,   0% used [0x916b0000, 0x916b1800, 0x92c00000)
  to   space 21824K,   0% used [0x90160000, 0x90160000, 0x916b0000)
 concurrent mark-sweep generation total 393216K, used 12828K [0x92c00000, 0xaac00000, 0xaac00000)
 concurrent-mark-sweep perm gen total 35404K, used 22530K [0xaac00000, 0xace93000, 0xb2c00000)
}
2015-02-20T16:09:02.775-0600: 2871.230: Total time for which application threads were stopped: 0.0107800 seconds
{Heap before GC invocations=862 (full 1):
 par new generation   total 109248K, used 87430K [0x8ac00000, 0x92c00000, 0x92c00000)
  eden space 87424K, 100% used [0x8ac00000, 0x90160000, 0x90160000)
  from space 21824K,   0% used [0x916b0000, 0x916b1800, 0x92c00000)
  to   space 21824K,   0% used [0x90160000, 0x90160000, 0x916b0000)
 concurrent mark-sweep generation total 393216K, used 12828K [0x92c00000, 0xaac00000, 0xaac00000)
 concurrent-mark-sweep perm gen total 35404K, used 22530K [0xaac00000, 0xace93000, 0xb2c00000)
2015-02-20T16:09:04.207-0600: 2872.662: [GC2015-02-20T16:09:04.207-0600: 2872.662: [ParNew
Desired survivor size 20112996 bytes, new threshold 8 (max 8)
- age   1:       1152 bytes,       1152 total
- age   2:         16 bytes,       1168 total
- age   3:        376 bytes,       1544 total
- age   4:        360 bytes,       1904 total
- age   5:        408 bytes,       2312 total
- age   6:        296 bytes,       2608 total
- age   7:        216 bytes,       2824 total
- age   8:        360 bytes,       3184 total
: 87430K->6K(109248K), 0.0123080 secs] 100258K->12834K(502464K), 0.0124790 secs] [Times: user=0.03 sys=0.00, real=0.02 secs] 
Heap after GC invocations=863 (full 1):
 par new generation   total 109248K, used 6K [0x8ac00000, 0x92c00000, 0x92c00000)
  eden space 87424K,   0% used [0x8ac00000, 0x8ac00000, 0x90160000)
  from space 21824K,   0% used [0x90160000, 0x90161800, 0x916b0000)
  to   space 21824K,   0% used [0x916b0000, 0x916b0000, 0x92c00000)
 concurrent mark-sweep generation total 393216K, used 12828K [0x92c00000, 0xaac00000, 0xaac00000)
 concurrent-mark-sweep perm gen total 35404K, used 22530K [0xaac00000, 0xace93000, 0xb2c00000)
}
2015-02-20T16:09:04.219-0600: 2872.674: Total time for which application threads were stopped: 0.0154320 seconds
{Heap before GC invocations=863 (full 1):
 par new generation   total 109248K, used 87430K [0x8ac00000, 0x92c00000, 0x92c00000)
  eden space 87424K, 100% used [0x8ac00000, 0x90160000, 0x90160000)
  from space 21824K,   0% used [0x90160000, 0x90161800, 0x916b0000)
  to   space 21824K,   0% used [0x916b0000, 0x916b0000, 0x92c00000)
 concurrent mark-sweep generation total 393216K, used 12828K [0x92c00000, 0xaac00000, 0xaac00000)
 concurrent-mark-sweep perm gen total 35404K, used 22530K [0xaac00000, 0xace93000, 0xb2c00000)
2015-02-20T16:09:05.937-0600: 2874.392: [GC2015-02-20T16:09:05.937-0600: 2874.392: [ParNew
Desired survivor size 20112996 bytes, new threshold 8 (max 8)
- age   1:        992 bytes,        992 total
- age   2:        376 bytes,       1368 total
- age   3:         16 bytes,       1384 total
- age   4:        376 bytes,       1760 total
- age   5:        360 bytes,       2120 total
- age   6:        408 bytes,       2528 total
- age   7:        296 bytes,       2824 total
- age   8:        216 bytes,       3040 total
: 87430K->4K(109248K), 0.0095980 secs] 100258K->12833K(502464K), 0.0099840 secs] [Times: user=0.02 sys=0.00, real=0.01 secs] 
Heap after GC invocations=864 (full 1):
 par new generation   total 109248K, used 4K [0x8ac00000, 0x92c00000, 0x92c00000)
  eden space 87424K,   0% used [0x8ac00000, 0x8ac00000, 0x90160000)
  from space 21824K,   0% used [0x916b0000, 0x916b1000, 0x92c00000)
  to   space 21824K,   0% used [0x90160000, 0x90160000, 0x916b0000)
 concurrent mark-sweep generation total 393216K, used 12829K [0x92c00000, 0xaac00000, 0xaac00000)
 concurrent-mark-sweep perm gen total 35404K, used 22530K [0xaac00000, 0xace93000, 0xb2c00000)
}
2015-02-20T16:09:05.947-0600: 2874.402: Total time for which application threads were stopped: 0.0128760 seconds
{Heap before GC invocations=864 (full 1):
 par new generation   total 109248K, used 87428K [0x8ac00000, 0x92c00000, 0x92c00000)
  eden space 87424K, 100% used [0x8ac00000, 0x90160000, 0x90160000)
  from space 21824K,   0% used [0x916b0000, 0x916b1000, 0x92c00000)
  to   space 21824K,   0% used [0x90160000, 0x90160000, 0x916b0000)
 concurrent mark-sweep generation total 393216K, used 12829K [0x92c00000, 0xaac00000, 0xaac00000)
 concurrent-mark-sweep perm gen total 35404K, used 22530K [0xaac00000, 0xace93000, 0xb2c00000)
2015-02-20T16:09:07.780-0600: 2876.235: [GC2015-02-20T16:09:07.780-0600: 2876.235: [ParNew
Desired survivor size 20112996 bytes, new threshold 8 (max 8)
- age   1:       1008 bytes,       1008 total
- age   2:        360 bytes,       1368 total
- age   3:        376 bytes,       1744 total
- age   4:         16 bytes,       1760 total
- age   5:        376 bytes,       2136 total
- age   6:        360 bytes,       2496 total
- age   7:        408 bytes,       2904 total
- age   8:        296 bytes,       3200 total
: 87428K->6K(109248K), 0.0061850 secs] 100257K->12835K(502464K), 0.0064300 secs] [Times: user=0.02 sys=0.00, real=0.00 secs] 
Heap after GC invocations=865 (full 1):
 par new generation   total 109248K, used 6K [0x8ac00000, 0x92c00000, 0x92c00000)
  eden space 87424K,   0% used [0x8ac00000, 0x8ac00000, 0x90160000)
  from space 21824K,   0% used [0x90160000, 0x90161800, 0x916b0000)
  to   space 21824K,   0% used [0x916b0000, 0x916b0000, 0x92c00000)
 concurrent mark-sweep generation total 393216K, used 12829K [0x92c00000, 0xaac00000, 0xaac00000)
 concurrent-mark-sweep perm gen total 35404K, used 22530K [0xaac00000, 0xace93000, 0xb2c00000)
}
2015-02-20T16:09:07.786-0600: 2876.241: Total time for which application threads were stopped: 0.0091640 seconds
{Heap before GC invocations=865 (full 1):
 par new generation   total 109248K, used 87430K [0x8ac00000, 0x92c00000, 0x92c00000)
  eden space 87424K, 100% used [0x8ac00000, 0x90160000, 0x90160000)
  from space 21824K,   0% used [0x90160000, 0x90161800, 0x916b0000)
  to   space 21824K,   0% used [0x916b0000, 0x916b0000, 0x92c00000)
 concurrent mark-sweep generation total 393216K, used 12829K [0x92c00000, 0xaac00000, 0xaac00000)
 concurrent-mark-sweep perm gen total 35404K, used 22530K [0xaac00000, 0xace93000, 0xb2c00000)
2015-02-20T16:09:09.334-0600: 2877.790: [GC2015-02-20T16:09:09.335-0600: 2877.790: [ParNew
Desired survivor size 20112996 bytes, new threshold 8 (max 8)
- age   1:       1208 bytes,       1208 total
- age   2:        376 bytes,       1584 total
- age   3:        360 bytes,       1944 total
- age   4:        376 bytes,       2320 total
- age   5:         16 bytes,       2336 total
- age   6:        376 bytes,       2712 total
- age   7:        360 bytes,       3072 total
- age   8:        408 bytes,       3480 total
: 87430K->10K(109248K), 0.0057280 secs] 100259K->12839K(502464K), 0.0059340 secs] [Times: user=0.01 sys=0.00, real=0.01 secs] 
Heap after GC invocations=866 (full 1):
 par new generation   total 109248K, used 10K [0x8ac00000, 0x92c00000, 0x92c00000)
  eden space 87424K,   0% used [0x8ac00000, 0x8ac00000, 0x90160000)
  from space 21824K,   0% used [0x916b0000, 0x916b2800, 0x92c00000)
  to   space 21824K,   0% used [0x90160000, 0x90160000, 0x916b0000)
 concurrent mark-sweep generation total 393216K, used 12829K [0x92c00000, 0xaac00000, 0xaac00000)
 concurrent-mark-sweep perm gen total 35404K, used 22530K [0xaac00000, 0xace93000, 0xb2c00000)
}
2015-02-20T16:09:09.341-0600: 2877.796: Total time for which application threads were stopped: 0.0086790 seconds
{Heap before GC invocations=866 (full 1):
 par new generation   total 109248K, used 87434K [0x8ac00000, 0x92c00000, 0x92c00000)
  eden space 87424K, 100% used [0x8ac00000, 0x90160000, 0x90160000)
  from space 21824K,   0% used [0x916b0000, 0x916b2800, 0x92c00000)
  to   space 21824K,   0% used [0x90160000, 0x90160000, 0x916b0000)
 concurrent mark-sweep generation total 393216K, used 12829K [0x92c00000, 0xaac00000, 0xaac00000)
 concurrent-mark-sweep perm gen total 35404K, used 22530K [0xaac00000, 0xace93000, 0xb2c00000)
2015-02-20T16:09:10.923-0600: 2879.378: [GC2015-02-20T16:09:10.923-0600: 2879.378: [ParNew
Desired survivor size 20112996 bytes, new threshold 8 (max 8)
- age   1:        792 bytes,        792 total
- age   2:        528 bytes,       1320 total
- age   3:        376 bytes,       1696 total
- age   4:        360 bytes,       2056 total
- age   5:        376 bytes,       2432 total
- age   6:         16 bytes,       2448 total
- age   7:        376 bytes,       2824 total
- age   8:        360 bytes,       3184 total
: 87434K->10K(109248K), 0.0061950 secs] 100263K->12839K(502464K), 0.0064440 secs] [Times: user=0.01 sys=0.00, real=0.01 secs] 
Heap after GC invocations=867 (full 1):
 par new generation   total 109248K, used 10K [0x8ac00000, 0x92c00000, 0x92c00000)
  eden space 87424K,   0% used [0x8ac00000, 0x8ac00000, 0x90160000)
  from space 21824K,   0% used [0x90160000, 0x90162800, 0x916b0000)
  to   space 21824K,   0% used [0x916b0000, 0x916b0000, 0x92c00000)
 concurrent mark-sweep generation total 393216K, used 12829K [0x92c00000, 0xaac00000, 0xaac00000)
 concurrent-mark-sweep perm gen total 35404K, used 22530K [0xaac00000, 0xace93000, 0xb2c00000)
}
2015-02-20T16:09:10.929-0600: 2879.384: Total time for which application threads were stopped: 0.0091990 seconds
{Heap before GC invocations=867 (full 1):
 par new generation   total 109248K, used 87434K [0x8ac00000, 0x92c00000, 0x92c00000)
  eden space 87424K, 100% used [0x8ac00000, 0x90160000, 0x90160000)
  from space 21824K,   0% used [0x90160000, 0x90162800, 0x916b0000)
  to   space 21824K,   0% used [0x916b0000, 0x916b0000, 0x92c00000)
 concurrent mark-sweep generation total 393216K, used 12829K [0x92c00000, 0xaac00000, 0xaac00000)
 concurrent-mark-sweep perm gen total 35404K, used 22530K [0xaac00000, 0xace93000, 0xb2c00000)
2015-02-20T16:09:12.456-0600: 2880.911: [GC2015-02-20T16:09:12.457-0600: 2880.912: [ParNew
Desired survivor size 20112996 bytes, new threshold 8 (max 8)
- age   1:       1152 bytes,       1152 total
- age   2:         16 bytes,       1168 total
- age   3:        376 bytes,       1544 total
- age   4:        376 bytes,       1920 total
- age   5:        360 bytes,       2280 total
- age   6:        376 bytes,       2656 total
- age   7:         16 bytes,       2672 total
- age   8:        376 bytes,       3048 total
: 87434K->8K(109248K), 0.0297280 secs] 100263K->12838K(502464K), 0.0298970 secs] [Times: user=0.02 sys=0.00, real=0.03 secs] 
Heap after GC invocations=868 (full 1):
 par new generation   total 109248K, used 8K [0x8ac00000, 0x92c00000, 0x92c00000)
  eden space 87424K,   0% used [0x8ac00000, 0x8ac00000, 0x90160000)
  from space 21824K,   0% used [0x916b0000, 0x916b2000, 0x92c00000)
  to   space 21824K,   0% used [0x90160000, 0x90160000, 0x916b0000)
 concurrent mark-sweep generation total 393216K, used 12830K [0x92c00000, 0xaac00000, 0xaac00000)
 concurrent-mark-sweep perm gen total 35404K, used 22530K [0xaac00000, 0xace93000, 0xb2c00000)
}
2015-02-20T16:09:12.486-0600: 2880.941: Total time for which application threads were stopped: 0.0325320 seconds
{Heap before GC invocations=868 (full 1):
 par new generation   total 109248K, used 87432K [0x8ac00000, 0x92c00000, 0x92c00000)
  eden space 87424K, 100% used [0x8ac00000, 0x90160000, 0x90160000)
  from space 21824K,   0% used [0x916b0000, 0x916b2000, 0x92c00000)
  to   space 21824K,   0% used [0x90160000, 0x90160000, 0x916b0000)
 concurrent mark-sweep generation total 393216K, used 12830K [0x92c00000, 0xaac00000, 0xaac00000)
 concurrent-mark-sweep perm gen total 35404K, used 22530K [0xaac00000, 0xace93000, 0xb2c00000)
2015-02-20T16:09:14.262-0600: 2882.717: [GC2015-02-20T16:09:14.262-0600: 2882.718: [ParNew
Desired survivor size 20112996 bytes, new threshold 8 (max 8)
- age   1:       1248 bytes,       1248 total
- age   2:        376 bytes,       1624 total
- age   3:         16 bytes,       1640 total
- age   4:        376 bytes,       2016 total
- age   5:        376 bytes,       2392 total
- age   6:        360 bytes,       2752 total
- age   7:        376 bytes,       3128 total
- age   8:         16 bytes,       3144 total
: 87432K->10K(109248K), 0.0063620 secs] 100262K->12840K(502464K), 0.0065560 secs] [Times: user=0.01 sys=0.00, real=0.01 secs] 
Heap after GC invocations=869 (full 1):
 par new generation   total 109248K, used 10K [0x8ac00000, 0x92c00000, 0x92c00000)
  eden space 87424K,   0% used [0x8ac00000, 0x8ac00000, 0x90160000)
  from space 21824K,   0% used [0x90160000, 0x90162800, 0x916b0000)
  to   space 21824K,   0% used [0x916b0000, 0x916b0000, 0x92c00000)
 concurrent mark-sweep generation total 393216K, used 12830K [0x92c00000, 0xaac00000, 0xaac00000)
 concurrent-mark-sweep perm gen total 35404K, used 22530K [0xaac00000, 0xace93000, 0xb2c00000)
}
2015-02-20T16:09:14.269-0600: 2882.724: Total time for which application threads were stopped: 0.0093040 seconds
{Heap before GC invocations=869 (full 1):
 par new generation   total 109248K, used 87434K [0x8ac00000, 0x92c00000, 0x92c00000)
  eden space 87424K, 100% used [0x8ac00000, 0x90160000, 0x90160000)
  from space 21824K,   0% used [0x90160000, 0x90162800, 0x916b0000)
  to   space 21824K,   0% used [0x916b0000, 0x916b0000, 0x92c00000)
 concurrent mark-sweep generation total 393216K, used 12830K [0x92c00000, 0xaac00000, 0xaac00000)
 concurrent-mark-sweep perm gen total 35404K, used 22530K [0xaac00000, 0xace93000, 0xb2c00000)
2015-02-20T16:09:16.089-0600: 2884.544: [GC2015-02-20T16:09:16.089-0600: 2884.544: [ParNew
Desired survivor size 20112996 bytes, new threshold 8 (max 8)
- age   1:       1208 bytes,       1208 total
- age   2:        472 bytes,       1680 total
- age   3:        376 bytes,       2056 total
- age   4:         16 bytes,       2072 total
- age   5:        376 bytes,       2448 total
- age   6:        376 bytes,       2824 total
- age   7:        360 bytes,       3184 total
- age   8:        376 bytes,       3560 total
: 87434K->6K(109248K), 0.0074680 secs] 100264K->12836K(502464K), 0.0076500 secs] [Times: user=0.02 sys=0.00, real=0.00 secs] 
Heap after GC invocations=870 (full 1):
 par new generation   total 109248K, used 6K [0x8ac00000, 0x92c00000, 0x92c00000)
  eden space 87424K,   0% used [0x8ac00000, 0x8ac00000, 0x90160000)
  from space 21824K,   0% used [0x916b0000, 0x916b1800, 0x92c00000)
  to   space 21824K,   0% used [0x90160000, 0x90160000, 0x916b0000)
 concurrent mark-sweep generation total 393216K, used 12830K [0x92c00000, 0xaac00000, 0xaac00000)
 concurrent-mark-sweep perm gen total 35404K, used 22530K [0xaac00000, 0xace93000, 0xb2c00000)
}
2015-02-20T16:09:16.097-0600: 2884.552: Total time for which application threads were stopped: 0.0104800 seconds
{Heap before GC invocations=870 (full 1):
 par new generation   total 109248K, used 87430K [0x8ac00000, 0x92c00000, 0x92c00000)
  eden space 87424K, 100% used [0x8ac00000, 0x90160000, 0x90160000)
  from space 21824K,   0% used [0x916b0000, 0x916b1800, 0x92c00000)
  to   space 21824K,   0% used [0x90160000, 0x90160000, 0x916b0000)
 concurrent mark-sweep generation total 393216K, used 12830K [0x92c00000, 0xaac00000, 0xaac00000)
 concurrent-mark-sweep perm gen total 35404K, used 22530K [0xaac00000, 0xace93000, 0xb2c00000)
2015-02-20T16:09:17.865-0600: 2886.320: [GC2015-02-20T16:09:17.866-0600: 2886.321: [ParNew
Desired survivor size 20112996 bytes, new threshold 8 (max 8)
- age   1:       1192 bytes,       1192 total
- age   2:        376 bytes,       1568 total
- age   3:        472 bytes,       2040 total
- age   4:        376 bytes,       2416 total
- age   5:         16 bytes,       2432 total
- age   6:        376 bytes,       2808 total
- age   7:        376 bytes,       3184 total
- age   8:        360 bytes,       3544 total
: 87430K->8K(109248K), 0.0068760 secs] 100260K->12839K(502464K), 0.0070830 secs] [Times: user=0.01 sys=0.00, real=0.01 secs] 
Heap after GC invocations=871 (full 1):
 par new generation   total 109248K, used 8K [0x8ac00000, 0x92c00000, 0x92c00000)
  eden space 87424K,   0% used [0x8ac00000, 0x8ac00000, 0x90160000)
  from space 21824K,   0% used [0x90160000, 0x90162000, 0x916b0000)
  to   space 21824K,   0% used [0x916b0000, 0x916b0000, 0x92c00000)
 concurrent mark-sweep generation total 393216K, used 12831K [0x92c00000, 0xaac00000, 0xaac00000)
 concurrent-mark-sweep perm gen total 35404K, used 22530K [0xaac00000, 0xace93000, 0xb2c00000)
}
2015-02-20T16:09:17.873-0600: 2886.328: Total time for which application threads were stopped: 0.0100350 seconds
{Heap before GC invocations=871 (full 1):
 par new generation   total 109248K, used 87432K [0x8ac00000, 0x92c00000, 0x92c00000)
  eden space 87424K, 100% used [0x8ac00000, 0x90160000, 0x90160000)
  from space 21824K,   0% used [0x90160000, 0x90162000, 0x916b0000)
  to   space 21824K,   0% used [0x916b0000, 0x916b0000, 0x92c00000)
 concurrent mark-sweep generation total 393216K, used 12831K [0x92c00000, 0xaac00000, 0xaac00000)
 concurrent-mark-sweep perm gen total 35404K, used 22530K [0xaac00000, 0xace93000, 0xb2c00000)
2015-02-20T16:09:19.485-0600: 2887.940: [GC2015-02-20T16:09:19.485-0600: 2887.940: [ParNew
Desired survivor size 20112996 bytes, new threshold 8 (max 8)
- age   1:       1208 bytes,       1208 total
- age   2:        360 bytes,       1568 total
- age   3:        376 bytes,       1944 total
- age   4:        472 bytes,       2416 total
- age   5:        376 bytes,       2792 total
- age   6:         16 bytes,       2808 total
- age   7:        376 bytes,       3184 total
- age   8:        376 bytes,       3560 total
: 87432K->6K(109248K), 0.0073540 secs] 100263K->12837K(502464K), 0.0075950 secs] [Times: user=0.02 sys=0.00, real=0.01 secs] 
Heap after GC invocations=872 (full 1):
 par new generation   total 109248K, used 6K [0x8ac00000, 0x92c00000, 0x92c00000)
  eden space 87424K,   0% used [0x8ac00000, 0x8ac00000, 0x90160000)
  from space 21824K,   0% used [0x916b0000, 0x916b1800, 0x92c00000)
  to   space 21824K,   0% used [0x90160000, 0x90160000, 0x916b0000)
 concurrent mark-sweep generation total 393216K, used 12831K [0x92c00000, 0xaac00000, 0xaac00000)
 concurrent-mark-sweep perm gen total 35404K, used 22530K [0xaac00000, 0xace93000, 0xb2c00000)
}
2015-02-20T16:09:19.493-0600: 2887.948: Total time for which application threads were stopped: 0.0104280 seconds
{Heap before GC invocations=872 (full 1):
 par new generation   total 109248K, used 87430K [0x8ac00000, 0x92c00000, 0x92c00000)
  eden space 87424K, 100% used [0x8ac00000, 0x90160000, 0x90160000)
  from space 21824K,   0% used [0x916b0000, 0x916b1800, 0x92c00000)
  to   space 21824K,   0% used [0x90160000, 0x90160000, 0x916b0000)
 concurrent mark-sweep generation total 393216K, used 12831K [0x92c00000, 0xaac00000, 0xaac00000)
 concurrent-mark-sweep perm gen total 35404K, used 22530K [0xaac00000, 0xace93000, 0xb2c00000)
2015-02-20T16:09:21.173-0600: 2889.628: [GC2015-02-20T16:09:21.173-0600: 2889.628: [ParNew
Desired survivor size 20112996 bytes, new threshold 8 (max 8)
- age   1:        744 bytes,        744 total
- age   2:        504 bytes,       1248 total
- age   3:        360 bytes,       1608 total
- age   4:        376 bytes,       1984 total
- age   5:        472 bytes,       2456 total
- age   6:        376 bytes,       2832 total
- age   7:         16 bytes,       2848 total
- age   8:        376 bytes,       3224 total
: 87430K->10K(109248K), 0.0062700 secs] 100261K->12841K(502464K), 0.0064790 secs] [Times: user=0.01 sys=0.00, real=0.01 secs] 
Heap after GC invocations=873 (full 1):
 par new generation   total 109248K, used 10K [0x8ac00000, 0x92c00000, 0x92c00000)
  eden space 87424K,   0% used [0x8ac00000, 0x8ac00000, 0x90160000)
  from space 21824K,   0% used [0x90160000, 0x90162800, 0x916b0000)
  to   space 21824K,   0% used [0x916b0000, 0x916b0000, 0x92c00000)
 concurrent mark-sweep generation total 393216K, used 12831K [0x92c00000, 0xaac00000, 0xaac00000)
 concurrent-mark-sweep perm gen total 35404K, used 22530K [0xaac00000, 0xace93000, 0xb2c00000)
}
2015-02-20T16:09:21.179-0600: 2889.634: Total time for which application threads were stopped: 0.0092880 seconds
{Heap before GC invocations=873 (full 1):
 par new generation   total 109248K, used 87434K [0x8ac00000, 0x92c00000, 0x92c00000)
  eden space 87424K, 100% used [0x8ac00000, 0x90160000, 0x90160000)
  from space 21824K,   0% used [0x90160000, 0x90162800, 0x916b0000)
  to   space 21824K,   0% used [0x916b0000, 0x916b0000, 0x92c00000)
 concurrent mark-sweep generation total 393216K, used 12831K [0x92c00000, 0xaac00000, 0xaac00000)
 concurrent-mark-sweep perm gen total 35404K, used 22530K [0xaac00000, 0xace93000, 0xb2c00000)
2015-02-20T16:09:22.784-0600: 2891.239: [GC2015-02-20T16:09:22.784-0600: 2891.239: [ParNew
Desired survivor size 20112996 bytes, new threshold 8 (max 8)
- age   1:        928 bytes,        928 total
- age   2:        240 bytes,       1168 total
- age   3:        376 bytes,       1544 total
- age   4:        360 bytes,       1904 total
- age   5:        376 bytes,       2280 total
- age   6:        472 bytes,       2752 total
- age   7:        376 bytes,       3128 total
- age   8:         16 bytes,       3144 total
: 87434K->8K(109248K), 0.0060060 secs] 100265K->12840K(502464K), 0.0062210 secs] [Times: user=0.01 sys=0.00, real=0.01 secs] 
Heap after GC invocations=874 (full 1):
 par new generation   total 109248K, used 8K [0x8ac00000, 0x92c00000, 0x92c00000)
  eden space 87424K,   0% used [0x8ac00000, 0x8ac00000, 0x90160000)
  from space 21824K,   0% used [0x916b0000, 0x916b2000, 0x92c00000)
  to   space 21824K,   0% used [0x90160000, 0x90160000, 0x916b0000)
 concurrent mark-sweep generation total 393216K, used 12832K [0x92c00000, 0xaac00000, 0xaac00000)
 concurrent-mark-sweep perm gen total 35404K, used 22530K [0xaac00000, 0xace93000, 0xb2c00000)
}
2015-02-20T16:09:22.791-0600: 2891.246: Total time for which application threads were stopped: 0.0089770 seconds
{Heap before GC invocations=874 (full 1):
 par new generation   total 109248K, used 87432K [0x8ac00000, 0x92c00000, 0x92c00000)
  eden space 87424K, 100% used [0x8ac00000, 0x90160000, 0x90160000)
  from space 21824K,   0% used [0x916b0000, 0x916b2000, 0x92c00000)
  to   space 21824K,   0% used [0x90160000, 0x90160000, 0x916b0000)
 concurrent mark-sweep generation total 393216K, used 12832K [0x92c00000, 0xaac00000, 0xaac00000)
 concurrent-mark-sweep perm gen total 35404K, used 22530K [0xaac00000, 0xace93000, 0xb2c00000)
2015-02-20T16:09:24.481-0600: 2892.936: [GC2015-02-20T16:09:24.481-0600: 2892.936: [ParNew
Desired survivor size 20112996 bytes, new threshold 8 (max 8)
- age   1:       1160 bytes,       1160 total
- age   2:        176 bytes,       1336 total
- age   3:        216 bytes,       1552 total
- age   4:        376 bytes,       1928 total
- age   5:        360 bytes,       2288 total
- age   6:        376 bytes,       2664 total
- age   7:        472 bytes,       3136 total
- age   8:        376 bytes,       3512 total
: 87432K->10K(109248K), 0.0054580 secs] 100264K->12842K(502464K), 0.0056640 secs] [Times: user=0.01 sys=0.00, real=0.00 secs] 
Heap after GC invocations=875 (full 1):
 par new generation   total 109248K, used 10K [0x8ac00000, 0x92c00000, 0x92c00000)
  eden space 87424K,   0% used [0x8ac00000, 0x8ac00000, 0x90160000)
  from space 21824K,   0% used [0x90160000, 0x90162800, 0x916b0000)
  to   space 21824K,   0% used [0x916b0000, 0x916b0000, 0x92c00000)
 concurrent mark-sweep generation total 393216K, used 12832K [0x92c00000, 0xaac00000, 0xaac00000)
 concurrent-mark-sweep perm gen total 35404K, used 22530K [0xaac00000, 0xace93000, 0xb2c00000)
}
2015-02-20T16:09:24.487-0600: 2892.942: Total time for which application threads were stopped: 0.0084010 seconds
{Heap before GC invocations=875 (full 1):
 par new generation   total 109248K, used 87434K [0x8ac00000, 0x92c00000, 0x92c00000)
  eden space 87424K, 100% used [0x8ac00000, 0x90160000, 0x90160000)
  from space 21824K,   0% used [0x90160000, 0x90162800, 0x916b0000)
  to   space 21824K,   0% used [0x916b0000, 0x916b0000, 0x92c00000)
 concurrent mark-sweep generation total 393216K, used 12832K [0x92c00000, 0xaac00000, 0xaac00000)
 concurrent-mark-sweep perm gen total 35404K, used 22530K [0xaac00000, 0xace93000, 0xb2c00000)
2015-02-20T16:09:26.194-0600: 2894.649: [GC2015-02-20T16:09:26.194-0600: 2894.649: [ParNew
Desired survivor size 20112996 bytes, new threshold 8 (max 8)
- age   1:       1152 bytes,       1152 total
- age   2:        376 bytes,       1528 total
- age   3:        176 bytes,       1704 total
- age   4:        216 bytes,       1920 total
- age   5:        376 bytes,       2296 total
- age   6:        360 bytes,       2656 total
- age   7:        376 bytes,       3032 total
- age   8:        472 bytes,       3504 total
: 87434K->8K(109248K), 0.0066350 secs] 100266K->12840K(502464K), 0.0069510 secs] [Times: user=0.01 sys=0.01, real=0.01 secs] 
Heap after GC invocations=876 (full 1):
 par new generation   total 109248K, used 8K [0x8ac00000, 0x92c00000, 0x92c00000)
  eden space 87424K,   0% used [0x8ac00000, 0x8ac00000, 0x90160000)
  from space 21824K,   0% used [0x916b0000, 0x916b2000, 0x92c00000)
  to   space 21824K,   0% used [0x90160000, 0x90160000, 0x916b0000)
 concurrent mark-sweep generation total 393216K, used 12832K [0x92c00000, 0xaac00000, 0xaac00000)
 concurrent-mark-sweep perm gen total 35404K, used 22530K [0xaac00000, 0xace93000, 0xb2c00000)
}
2015-02-20T16:09:26.201-0600: 2894.656: Total time for which application threads were stopped: 0.0101400 seconds
{Heap before GC invocations=876 (full 1):
 par new generation   total 109248K, used 87432K [0x8ac00000, 0x92c00000, 0x92c00000)
  eden space 87424K, 100% used [0x8ac00000, 0x90160000, 0x90160000)
  from space 21824K,   0% used [0x916b0000, 0x916b2000, 0x92c00000)
  to   space 21824K,   0% used [0x90160000, 0x90160000, 0x916b0000)
 concurrent mark-sweep generation total 393216K, used 12832K [0x92c00000, 0xaac00000, 0xaac00000)
 concurrent-mark-sweep perm gen total 35404K, used 22530K [0xaac00000, 0xace93000, 0xb2c00000)
2015-02-20T16:09:27.815-0600: 2896.270: [GC2015-02-20T16:09:27.815-0600: 2896.270: [ParNew
Desired survivor size 20112996 bytes, new threshold 8 (max 8)
- age   1:       1232 bytes,       1232 total
- age   2:        376 bytes,       1608 total
- age   3:        376 bytes,       1984 total
- age   4:        176 bytes,       2160 total
- age   5:        216 bytes,       2376 total
- age   6:        376 bytes,       2752 total
- age   7:        360 bytes,       3112 total
- age   8:        376 bytes,       3488 total
: 87432K->6K(109248K), 0.0085900 secs] 100264K->12838K(502464K), 0.0087900 secs] [Times: user=0.01 sys=0.00, real=0.01 secs] 
Heap after GC invocations=877 (full 1):
 par new generation   total 109248K, used 6K [0x8ac00000, 0x92c00000, 0x92c00000)
  eden space 87424K,   0% used [0x8ac00000, 0x8ac00000, 0x90160000)
  from space 21824K,   0% used [0x90160000, 0x90161800, 0x916b0000)
  to   space 21824K,   0% used [0x916b0000, 0x916b0000, 0x92c00000)
 concurrent mark-sweep generation total 393216K, used 12832K [0x92c00000, 0xaac00000, 0xaac00000)
 concurrent-mark-sweep perm gen total 35404K, used 22530K [0xaac00000, 0xace93000, 0xb2c00000)
}
2015-02-20T16:09:27.824-0600: 2896.279: Total time for which application threads were stopped: 0.0117430 seconds
{Heap before GC invocations=877 (full 1):
 par new generation   total 109248K, used 87430K [0x8ac00000, 0x92c00000, 0x92c00000)
  eden space 87424K, 100% used [0x8ac00000, 0x90160000, 0x90160000)
  from space 21824K,   0% used [0x90160000, 0x90161800, 0x916b0000)
  to   space 21824K,   0% used [0x916b0000, 0x916b0000, 0x92c00000)
 concurrent mark-sweep generation total 393216K, used 12832K [0x92c00000, 0xaac00000, 0xaac00000)
 concurrent-mark-sweep perm gen total 35404K, used 22530K [0xaac00000, 0xace93000, 0xb2c00000)
2015-02-20T16:09:29.382-0600: 2897.837: [GC2015-02-20T16:09:29.382-0600: 2897.837: [ParNew
Desired survivor size 20112996 bytes, new threshold 8 (max 8)
- age   1:       1176 bytes,       1176 total
- age   2:        664 bytes,       1840 total
- age   3:        376 bytes,       2216 total
- age   4:        376 bytes,       2592 total
- age   5:        176 bytes,       2768 total
- age   6:        216 bytes,       2984 total
- age   7:        376 bytes,       3360 total
- age   8:        360 bytes,       3720 total
: 87430K->8K(109248K), 0.0066410 secs] 100262K->12841K(502464K), 0.0068550 secs] [Times: user=0.01 sys=0.00, real=0.01 secs] 
Heap after GC invocations=878 (full 1):
 par new generation   total 109248K, used 8K [0x8ac00000, 0x92c00000, 0x92c00000)
  eden space 87424K,   0% used [0x8ac00000, 0x8ac00000, 0x90160000)
  from space 21824K,   0% used [0x916b0000, 0x916b2000, 0x92c00000)
  to   space 21824K,   0% used [0x90160000, 0x90160000, 0x916b0000)
 concurrent mark-sweep generation total 393216K, used 12833K [0x92c00000, 0xaac00000, 0xaac00000)
 concurrent-mark-sweep perm gen total 35404K, used 22530K [0xaac00000, 0xace93000, 0xb2c00000)
}
2015-02-20T16:09:29.389-0600: 2897.844: Total time for which application threads were stopped: 0.0096070 seconds
{Heap before GC invocations=878 (full 1):
 par new generation   total 109248K, used 87432K [0x8ac00000, 0x92c00000, 0x92c00000)
  eden space 87424K, 100% used [0x8ac00000, 0x90160000, 0x90160000)
  from space 21824K,   0% used [0x916b0000, 0x916b2000, 0x92c00000)
  to   space 21824K,   0% used [0x90160000, 0x90160000, 0x916b0000)
 concurrent mark-sweep generation total 393216K, used 12833K [0x92c00000, 0xaac00000, 0xaac00000)
 concurrent-mark-sweep perm gen total 35404K, used 22530K [0xaac00000, 0xace93000, 0xb2c00000)
2015-02-20T16:09:31.037-0600: 2899.492: [GC2015-02-20T16:09:31.037-0600: 2899.492: [ParNew
Desired survivor size 20112996 bytes, new threshold 8 (max 8)
- age   1:        936 bytes,        936 total
- age   2:        528 bytes,       1464 total
- age   3:        664 bytes,       2128 total
- age   4:        376 bytes,       2504 total
- age   5:        376 bytes,       2880 total
- age   6:        176 bytes,       3056 total
- age   7:        216 bytes,       3272 total
- age   8:        376 bytes,       3648 total
: 87432K->6K(109248K), 0.0090320 secs] 100265K->12839K(502464K), 0.0094170 secs] [Times: user=0.02 sys=0.00, real=0.01 secs] 
Heap after GC invocations=879 (full 1):
 par new generation   total 109248K, used 6K [0x8ac00000, 0x92c00000, 0x92c00000)
  eden space 87424K,   0% used [0x8ac00000, 0x8ac00000, 0x90160000)
  from space 21824K,   0% used [0x90160000, 0x90161800, 0x916b0000)
  to   space 21824K,   0% used [0x916b0000, 0x916b0000, 0x92c00000)
 concurrent mark-sweep generation total 393216K, used 12833K [0x92c00000, 0xaac00000, 0xaac00000)
 concurrent-mark-sweep perm gen total 35404K, used 22530K [0xaac00000, 0xace93000, 0xb2c00000)
}
2015-02-20T16:09:31.046-0600: 2899.501: Total time for which application threads were stopped: 0.0121530 seconds
{Heap before GC invocations=879 (full 1):
 par new generation   total 109248K, used 87430K [0x8ac00000, 0x92c00000, 0x92c00000)
  eden space 87424K, 100% used [0x8ac00000, 0x90160000, 0x90160000)
  from space 21824K,   0% used [0x90160000, 0x90161800, 0x916b0000)
  to   space 21824K,   0% used [0x916b0000, 0x916b0000, 0x92c00000)
 concurrent mark-sweep generation total 393216K, used 12833K [0x92c00000, 0xaac00000, 0xaac00000)
 concurrent-mark-sweep perm gen total 35404K, used 22530K [0xaac00000, 0xace93000, 0xb2c00000)
2015-02-20T16:09:32.651-0600: 2901.106: [GC2015-02-20T16:09:32.651-0600: 2901.106: [ParNew
Desired survivor size 20112996 bytes, new threshold 8 (max 8)
- age   1:        976 bytes,        976 total
- age   2:        240 bytes,       1216 total
- age   3:        400 bytes,       1616 total
- age   4:        664 bytes,       2280 total
- age   5:        376 bytes,       2656 total
- age   6:        376 bytes,       3032 total
- age   7:        176 bytes,       3208 total
- age   8:        216 bytes,       3424 total
: 87430K->8K(109248K), 0.0054090 secs] 100263K->12842K(502464K), 0.0056180 secs] [Times: user=0.00 sys=0.01, real=0.00 secs] 
Heap after GC invocations=880 (full 1):
 par new generation   total 109248K, used 8K [0x8ac00000, 0x92c00000, 0x92c00000)
  eden space 87424K,   0% used [0x8ac00000, 0x8ac00000, 0x90160000)
  from space 21824K,   0% used [0x916b0000, 0x916b2000, 0x92c00000)
  to   space 21824K,   0% used [0x90160000, 0x90160000, 0x916b0000)
 concurrent mark-sweep generation total 393216K, used 12834K [0x92c00000, 0xaac00000, 0xaac00000)
 concurrent-mark-sweep perm gen total 35404K, used 22530K [0xaac00000, 0xace93000, 0xb2c00000)
}
2015-02-20T16:09:32.657-0600: 2901.112: Total time for which application threads were stopped: 0.0083440 seconds
{Heap before GC invocations=880 (full 1):
 par new generation   total 109248K, used 87432K [0x8ac00000, 0x92c00000, 0x92c00000)
  eden space 87424K, 100% used [0x8ac00000, 0x90160000, 0x90160000)
  from space 21824K,   0% used [0x916b0000, 0x916b2000, 0x92c00000)
  to   space 21824K,   0% used [0x90160000, 0x90160000, 0x916b0000)
 concurrent mark-sweep generation total 393216K, used 12834K [0x92c00000, 0xaac00000, 0xaac00000)
 concurrent-mark-sweep perm gen total 35404K, used 22530K [0xaac00000, 0xace93000, 0xb2c00000)
2015-02-20T16:09:34.193-0600: 2902.648: [GC2015-02-20T16:09:34.194-0600: 2902.649: [ParNew
Desired survivor size 20112996 bytes, new threshold 8 (max 8)
- age   1:       1256 bytes,       1256 total
- age   2:        200 bytes,       1456 total
- age   3:        216 bytes,       1672 total
- age   4:        400 bytes,       2072 total
- age   5:        664 bytes,       2736 total
- age   6:        376 bytes,       3112 total
- age   7:        376 bytes,       3488 total
- age   8:        176 bytes,       3664 total
: 87432K->8K(109248K), 0.0138250 secs] 100266K->12842K(502464K), 0.0140500 secs] [Times: user=0.01 sys=0.00, real=0.02 secs] 
Heap after GC invocations=881 (full 1):
 par new generation   total 109248K, used 8K [0x8ac00000, 0x92c00000, 0x92c00000)
  eden space 87424K,   0% used [0x8ac00000, 0x8ac00000, 0x90160000)
  from space 21824K,   0% used [0x90160000, 0x90162000, 0x916b0000)
  to   space 21824K,   0% used [0x916b0000, 0x916b0000, 0x92c00000)
 concurrent mark-sweep generation total 393216K, used 12834K [0x92c00000, 0xaac00000, 0xaac00000)
 concurrent-mark-sweep perm gen total 35404K, used 22530K [0xaac00000, 0xace93000, 0xb2c00000)
}
2015-02-20T16:09:34.208-0600: 2902.663: Total time for which application threads were stopped: 0.0171510 seconds
{Heap before GC invocations=881 (full 1):
 par new generation   total 109248K, used 87432K [0x8ac00000, 0x92c00000, 0x92c00000)
  eden space 87424K, 100% used [0x8ac00000, 0x90160000, 0x90160000)
  from space 21824K,   0% used [0x90160000, 0x90162000, 0x916b0000)
  to   space 21824K,   0% used [0x916b0000, 0x916b0000, 0x92c00000)
 concurrent mark-sweep generation total 393216K, used 12834K [0x92c00000, 0xaac00000, 0xaac00000)
 concurrent-mark-sweep perm gen total 35404K, used 22530K [0xaac00000, 0xace93000, 0xb2c00000)
2015-02-20T16:09:35.810-0600: 2904.265: [GC2015-02-20T16:09:35.810-0600: 2904.265: [ParNew
Desired survivor size 20112996 bytes, new threshold 8 (max 8)
- age   1:       1104 bytes,       1104 total
- age   2:        424 bytes,       1528 total
- age   3:        200 bytes,       1728 total
- age   4:        216 bytes,       1944 total
- age   5:        400 bytes,       2344 total
- age   6:        664 bytes,       3008 total
- age   7:        376 bytes,       3384 total
- age   8:        376 bytes,       3760 total
: 87432K->10K(109248K), 0.0168620 secs] 100266K->12844K(502464K), 0.0170650 secs] [Times: user=0.03 sys=0.00, real=0.02 secs] 
Heap after GC invocations=882 (full 1):
 par new generation   total 109248K, used 10K [0x8ac00000, 0x92c00000, 0x92c00000)
  eden space 87424K,   0% used [0x8ac00000, 0x8ac00000, 0x90160000)
  from space 21824K,   0% used [0x916b0000, 0x916b2800, 0x92c00000)
  to   space 21824K,   0% used [0x90160000, 0x90160000, 0x916b0000)
 concurrent mark-sweep generation total 393216K, used 12834K [0x92c00000, 0xaac00000, 0xaac00000)
 concurrent-mark-sweep perm gen total 35404K, used 22530K [0xaac00000, 0xace93000, 0xb2c00000)
}
2015-02-20T16:09:35.827-0600: 2904.282: Total time for which application threads were stopped: 0.0197140 seconds
{Heap before GC invocations=882 (full 1):
 par new generation   total 109248K, used 87434K [0x8ac00000, 0x92c00000, 0x92c00000)
  eden space 87424K, 100% used [0x8ac00000, 0x90160000, 0x90160000)
  from space 21824K,   0% used [0x916b0000, 0x916b2800, 0x92c00000)
  to   space 21824K,   0% used [0x90160000, 0x90160000, 0x916b0000)
 concurrent mark-sweep generation total 393216K, used 12834K [0x92c00000, 0xaac00000, 0xaac00000)
 concurrent-mark-sweep perm gen total 35404K, used 22530K [0xaac00000, 0xace93000, 0xb2c00000)
2015-02-20T16:09:37.792-0600: 2906.247: [GC2015-02-20T16:09:37.793-0600: 2906.248: [ParNew
Desired survivor size 20112996 bytes, new threshold 8 (max 8)
- age   1:       1160 bytes,       1160 total
- age   2:        360 bytes,       1520 total
- age   3:        424 bytes,       1944 total
- age   4:        200 bytes,       2144 total
- age   5:        216 bytes,       2360 total
- age   6:        400 bytes,       2760 total
- age   7:        664 bytes,       3424 total
- age   8:        376 bytes,       3800 total
: 87434K->8K(109248K), 0.0076520 secs] 100268K->12842K(502464K), 0.0078810 secs] [Times: user=0.02 sys=0.00, real=0.01 secs] 
Heap after GC invocations=883 (full 1):
 par new generation   total 109248K, used 8K [0x8ac00000, 0x92c00000, 0x92c00000)
  eden space 87424K,   0% used [0x8ac00000, 0x8ac00000, 0x90160000)
  from space 21824K,   0% used [0x90160000, 0x90162000, 0x916b0000)
  to   space 21824K,   0% used [0x916b0000, 0x916b0000, 0x92c00000)
 concurrent mark-sweep generation total 393216K, used 12834K [0x92c00000, 0xaac00000, 0xaac00000)
 concurrent-mark-sweep perm gen total 35404K, used 22530K [0xaac00000, 0xace93000, 0xb2c00000)
}
2015-02-20T16:09:37.800-0600: 2906.255: Total time for which application threads were stopped: 0.0106980 seconds
{Heap before GC invocations=883 (full 1):
 par new generation   total 109248K, used 87432K [0x8ac00000, 0x92c00000, 0x92c00000)
  eden space 87424K, 100% used [0x8ac00000, 0x90160000, 0x90160000)
  from space 21824K,   0% used [0x90160000, 0x90162000, 0x916b0000)
  to   space 21824K,   0% used [0x916b0000, 0x916b0000, 0x92c00000)
 concurrent mark-sweep generation total 393216K, used 12834K [0x92c00000, 0xaac00000, 0xaac00000)
 concurrent-mark-sweep perm gen total 35404K, used 22530K [0xaac00000, 0xace93000, 0xb2c00000)
2015-02-20T16:09:39.507-0600: 2907.962: [GC2015-02-20T16:09:39.507-0600: 2907.962: [ParNew
Desired survivor size 20112996 bytes, new threshold 8 (max 8)
- age   1:       1208 bytes,       1208 total
- age   2:        376 bytes,       1584 total
- age   3:        360 bytes,       1944 total
- age   4:        424 bytes,       2368 total
- age   5:        200 bytes,       2568 total
- age   6:        216 bytes,       2784 total
- age   7:        400 bytes,       3184 total
- age   8:        664 bytes,       3848 total
: 87432K->10K(109248K), 0.0247220 secs] 100266K->12845K(502464K), 0.0252680 secs] [Times: user=0.02 sys=0.00, real=0.03 secs] 
Heap after GC invocations=884 (full 1):
 par new generation   total 109248K, used 10K [0x8ac00000, 0x92c00000, 0x92c00000)
  eden space 87424K,   0% used [0x8ac00000, 0x8ac00000, 0x90160000)
  from space 21824K,   0% used [0x916b0000, 0x916b2800, 0x92c00000)
  to   space 21824K,   0% used [0x90160000, 0x90160000, 0x916b0000)
 concurrent mark-sweep generation total 393216K, used 12835K [0x92c00000, 0xaac00000, 0xaac00000)
 concurrent-mark-sweep perm gen total 35404K, used 22530K [0xaac00000, 0xace93000, 0xb2c00000)
}
2015-02-20T16:09:39.533-0600: 2907.988: Total time for which application threads were stopped: 0.0335090 seconds
{Heap before GC invocations=884 (full 1):
 par new generation   total 109248K, used 87434K [0x8ac00000, 0x92c00000, 0x92c00000)
  eden space 87424K, 100% used [0x8ac00000, 0x90160000, 0x90160000)
  from space 21824K,   0% used [0x916b0000, 0x916b2800, 0x92c00000)
  to   space 21824K,   0% used [0x90160000, 0x90160000, 0x916b0000)
 concurrent mark-sweep generation total 393216K, used 12835K [0x92c00000, 0xaac00000, 0xaac00000)
 concurrent-mark-sweep perm gen total 35404K, used 22530K [0xaac00000, 0xace93000, 0xb2c00000)
2015-02-20T16:09:41.108-0600: 2909.563: [GC2015-02-20T16:09:41.108-0600: 2909.563: [ParNew
Desired survivor size 20112996 bytes, new threshold 8 (max 8)
- age   1:       1016 bytes,       1016 total
- age   2:        504 bytes,       1520 total
- age   3:        376 bytes,       1896 total
- age   4:        360 bytes,       2256 total
- age   5:        424 bytes,       2680 total
- age   6:        200 bytes,       2880 total
- age   7:        216 bytes,       3096 total
- age   8:        400 bytes,       3496 total
: 87434K->6K(109248K), 0.0249890 secs] 100269K->12841K(502464K), 0.0253710 secs] [Times: user=0.02 sys=0.00, real=0.02 secs] 
Heap after GC invocations=885 (full 1):
 par new generation   total 109248K, used 6K [0x8ac00000, 0x92c00000, 0x92c00000)
  eden space 87424K,   0% used [0x8ac00000, 0x8ac00000, 0x90160000)
  from space 21824K,   0% used [0x90160000, 0x90161800, 0x916b0000)
  to   space 21824K,   0% used [0x916b0000, 0x916b0000, 0x92c00000)
 concurrent mark-sweep generation total 393216K, used 12835K [0x92c00000, 0xaac00000, 0xaac00000)
 concurrent-mark-sweep perm gen total 35404K, used 22530K [0xaac00000, 0xace93000, 0xb2c00000)
}
2015-02-20T16:09:41.134-0600: 2909.589: Total time for which application threads were stopped: 0.0283470 seconds
{Heap before GC invocations=885 (full 1):
 par new generation   total 109248K, used 87430K [0x8ac00000, 0x92c00000, 0x92c00000)
  eden space 87424K, 100% used [0x8ac00000, 0x90160000, 0x90160000)
  from space 21824K,   0% used [0x90160000, 0x90161800, 0x916b0000)
  to   space 21824K,   0% used [0x916b0000, 0x916b0000, 0x92c00000)
 concurrent mark-sweep generation total 393216K, used 12835K [0x92c00000, 0xaac00000, 0xaac00000)
 concurrent-mark-sweep perm gen total 35404K, used 22530K [0xaac00000, 0xace93000, 0xb2c00000)
2015-02-20T16:09:42.452-0600: 2910.907: [GC2015-02-20T16:09:42.452-0600: 2910.907: [ParNew
Desired survivor size 20112996 bytes, new threshold 8 (max 8)
- age   1:        928 bytes,        928 total
- age   2:        240 bytes,       1168 total
- age   3:        376 bytes,       1544 total
- age   4:        376 bytes,       1920 total
- age   5:        360 bytes,       2280 total
- age   6:        424 bytes,       2704 total
- age   7:        200 bytes,       2904 total
- age   8:        216 bytes,       3120 total
: 87430K->10K(109248K), 0.0081600 secs] 100265K->12846K(502464K), 0.0083900 secs] [Times: user=0.01 sys=0.00, real=0.01 secs] 
Heap after GC invocations=886 (full 1):
 par new generation   total 109248K, used 10K [0x8ac00000, 0x92c00000, 0x92c00000)
  eden space 87424K,   0% used [0x8ac00000, 0x8ac00000, 0x90160000)
  from space 21824K,   0% used [0x916b0000, 0x916b2800, 0x92c00000)
  to   space 21824K,   0% used [0x90160000, 0x90160000, 0x916b0000)
 concurrent mark-sweep generation total 393216K, used 12836K [0x92c00000, 0xaac00000, 0xaac00000)
 concurrent-mark-sweep perm gen total 35404K, used 22530K [0xaac00000, 0xace93000, 0xb2c00000)
}
2015-02-20T16:09:42.461-0600: 2910.916: Total time for which application threads were stopped: 0.0111000 seconds
{Heap before GC invocations=886 (full 1):
 par new generation   total 109248K, used 87434K [0x8ac00000, 0x92c00000, 0x92c00000)
  eden space 87424K, 100% used [0x8ac00000, 0x90160000, 0x90160000)
  from space 21824K,   0% used [0x916b0000, 0x916b2800, 0x92c00000)
  to   space 21824K,   0% used [0x90160000, 0x90160000, 0x916b0000)
 concurrent mark-sweep generation total 393216K, used 12836K [0x92c00000, 0xaac00000, 0xaac00000)
 concurrent-mark-sweep perm gen total 35404K, used 22530K [0xaac00000, 0xace93000, 0xb2c00000)
2015-02-20T16:09:44.065-0600: 2912.520: [GC2015-02-20T16:09:44.065-0600: 2912.520: [ParNew
Desired survivor size 20112996 bytes, new threshold 8 (max 8)
- age   1:       1000 bytes,       1000 total
- age   2:        176 bytes,       1176 total
- age   3:        216 bytes,       1392 total
- age   4:        376 bytes,       1768 total
- age   5:        376 bytes,       2144 total
- age   6:        360 bytes,       2504 total
- age   7:        424 bytes,       2928 total
- age   8:        200 bytes,       3128 total
: 87434K->6K(109248K), 0.0093440 secs] 100270K->12842K(502464K), 0.0095580 secs] [Times: user=0.00 sys=0.01, real=0.01 secs] 
Heap after GC invocations=887 (full 1):
 par new generation   total 109248K, used 6K [0x8ac00000, 0x92c00000, 0x92c00000)
  eden space 87424K,   0% used [0x8ac00000, 0x8ac00000, 0x90160000)
  from space 21824K,   0% used [0x90160000, 0x90161800, 0x916b0000)
  to   space 21824K,   0% used [0x916b0000, 0x916b0000, 0x92c00000)
 concurrent mark-sweep generation total 393216K, used 12836K [0x92c00000, 0xaac00000, 0xaac00000)
 concurrent-mark-sweep perm gen total 35404K, used 22530K [0xaac00000, 0xace93000, 0xb2c00000)
}
2015-02-20T16:09:44.075-0600: 2912.530: Total time for which application threads were stopped: 0.0125460 seconds
{Heap before GC invocations=887 (full 1):
 par new generation   total 109248K, used 87430K [0x8ac00000, 0x92c00000, 0x92c00000)
  eden space 87424K, 100% used [0x8ac00000, 0x90160000, 0x90160000)
  from space 21824K,   0% used [0x90160000, 0x90161800, 0x916b0000)
  to   space 21824K,   0% used [0x916b0000, 0x916b0000, 0x92c00000)
 concurrent mark-sweep generation total 393216K, used 12836K [0x92c00000, 0xaac00000, 0xaac00000)
 concurrent-mark-sweep perm gen total 35404K, used 22530K [0xaac00000, 0xace93000, 0xb2c00000)
2015-02-20T16:09:45.999-0600: 2914.454: [GC2015-02-20T16:09:45.999-0600: 2914.454: [ParNew
Desired survivor size 20112996 bytes, new threshold 8 (max 8)
- age   1:       1056 bytes,       1056 total
- age   2:        400 bytes,       1456 total
- age   3:        176 bytes,       1632 total
- age   4:        216 bytes,       1848 total
- age   5:        376 bytes,       2224 total
- age   6:        376 bytes,       2600 total
- age   7:        360 bytes,       2960 total
- age   8:        424 bytes,       3384 total
: 87430K->4K(109248K), 0.0077270 secs] 100266K->12840K(502464K), 0.0079440 secs] [Times: user=0.01 sys=0.01, real=0.01 secs] 
Heap after GC invocations=888 (full 1):
 par new generation   total 109248K, used 4K [0x8ac00000, 0x92c00000, 0x92c00000)
  eden space 87424K,   0% used [0x8ac00000, 0x8ac00000, 0x90160000)
  from space 21824K,   0% used [0x916b0000, 0x916b1000, 0x92c00000)
  to   space 21824K,   0% used [0x90160000, 0x90160000, 0x916b0000)
 concurrent mark-sweep generation total 393216K, used 12836K [0x92c00000, 0xaac00000, 0xaac00000)
 concurrent-mark-sweep perm gen total 35404K, used 22530K [0xaac00000, 0xace93000, 0xb2c00000)
}
2015-02-20T16:09:46.007-0600: 2914.462: Total time for which application threads were stopped: 0.0106550 seconds
{Heap before GC invocations=888 (full 1):
 par new generation   total 109248K, used 87428K [0x8ac00000, 0x92c00000, 0x92c00000)
  eden space 87424K, 100% used [0x8ac00000, 0x90160000, 0x90160000)
  from space 21824K,   0% used [0x916b0000, 0x916b1000, 0x92c00000)
  to   space 21824K,   0% used [0x90160000, 0x90160000, 0x916b0000)
 concurrent mark-sweep generation total 393216K, used 12836K [0x92c00000, 0xaac00000, 0xaac00000)
 concurrent-mark-sweep perm gen total 35404K, used 22530K [0xaac00000, 0xace93000, 0xb2c00000)
2015-02-20T16:09:47.193-0600: 2915.648: [GC2015-02-20T16:09:47.193-0600: 2915.649: [ParNew
Desired survivor size 20112996 bytes, new threshold 8 (max 8)
- age   1:        568 bytes,        568 total
- age   2:        512 bytes,       1080 total
- age   3:        400 bytes,       1480 total
- age   4:        176 bytes,       1656 total
- age   5:        216 bytes,       1872 total
- age   6:        376 bytes,       2248 total
- age   7:        376 bytes,       2624 total
- age   8:        360 bytes,       2984 total
: 87428K->4K(109248K), 0.0263970 secs] 100264K->12841K(502464K), 0.0267310 secs] [Times: user=0.02 sys=0.00, real=0.03 secs] 
Heap after GC invocations=889 (full 1):
 par new generation   total 109248K, used 4K [0x8ac00000, 0x92c00000, 0x92c00000)
  eden space 87424K,   0% used [0x8ac00000, 0x8ac00000, 0x90160000)
  from space 21824K,   0% used [0x90160000, 0x90161000, 0x916b0000)
  to   space 21824K,   0% used [0x916b0000, 0x916b0000, 0x92c00000)
 concurrent mark-sweep generation total 393216K, used 12837K [0x92c00000, 0xaac00000, 0xaac00000)
 concurrent-mark-sweep perm gen total 35404K, used 22530K [0xaac00000, 0xace93000, 0xb2c00000)
}
2015-02-20T16:09:47.220-0600: 2915.675: Total time for which application threads were stopped: 0.0299340 seconds
{Heap before GC invocations=889 (full 1):
 par new generation   total 109248K, used 87428K [0x8ac00000, 0x92c00000, 0x92c00000)
  eden space 87424K, 100% used [0x8ac00000, 0x90160000, 0x90160000)
  from space 21824K,   0% used [0x90160000, 0x90161000, 0x916b0000)
  to   space 21824K,   0% used [0x916b0000, 0x916b0000, 0x92c00000)
 concurrent mark-sweep generation total 393216K, used 12837K [0x92c00000, 0xaac00000, 0xaac00000)
 concurrent-mark-sweep perm gen total 35404K, used 22530K [0xaac00000, 0xace93000, 0xb2c00000)
2015-02-20T16:09:48.887-0600: 2917.342: [GC2015-02-20T16:09:48.887-0600: 2917.342: [ParNew
Desired survivor size 20112996 bytes, new threshold 8 (max 8)
- age   1:        928 bytes,        928 total
- age   2:        240 bytes,       1168 total
- age   3:        384 bytes,       1552 total
- age   4:        400 bytes,       1952 total
- age   5:        176 bytes,       2128 total
- age   6:        216 bytes,       2344 total
- age   7:        376 bytes,       2720 total
- age   8:        376 bytes,       3096 total
: 87428K->4K(109248K), 0.0259090 secs] 100265K->12841K(502464K), 0.0261110 secs] [Times: user=0.03 sys=0.00, real=0.03 secs] 
Heap after GC invocations=890 (full 1):
 par new generation   total 109248K, used 4K [0x8ac00000, 0x92c00000, 0x92c00000)
  eden space 87424K,   0% used [0x8ac00000, 0x8ac00000, 0x90160000)
  from space 21824K,   0% used [0x916b0000, 0x916b1000, 0x92c00000)
  to   space 21824K,   0% used [0x90160000, 0x90160000, 0x916b0000)
 concurrent mark-sweep generation total 393216K, used 12837K [0x92c00000, 0xaac00000, 0xaac00000)
 concurrent-mark-sweep perm gen total 35404K, used 22530K [0xaac00000, 0xace93000, 0xb2c00000)
}
2015-02-20T16:09:48.913-0600: 2917.368: Total time for which application threads were stopped: 0.0288560 seconds
{Heap before GC invocations=890 (full 1):
 par new generation   total 109248K, used 87428K [0x8ac00000, 0x92c00000, 0x92c00000)
  eden space 87424K, 100% used [0x8ac00000, 0x90160000, 0x90160000)
  from space 21824K,   0% used [0x916b0000, 0x916b1000, 0x92c00000)
  to   space 21824K,   0% used [0x90160000, 0x90160000, 0x916b0000)
 concurrent mark-sweep generation total 393216K, used 12837K [0x92c00000, 0xaac00000, 0xaac00000)
 concurrent-mark-sweep perm gen total 35404K, used 22530K [0xaac00000, 0xace93000, 0xb2c00000)
2015-02-20T16:09:50.627-0600: 2919.083: [GC2015-02-20T16:09:50.628-0600: 2919.083: [ParNew
Desired survivor size 20112996 bytes, new threshold 8 (max 8)
- age   1:       1152 bytes,       1152 total
- age   2:        176 bytes,       1328 total
- age   3:        216 bytes,       1544 total
- age   4:        384 bytes,       1928 total
- age   5:        400 bytes,       2328 total
- age   6:        176 bytes,       2504 total
- age   7:        216 bytes,       2720 total
- age   8:        376 bytes,       3096 total
: 87428K->6K(109248K), 0.0111550 secs] 100265K->12843K(502464K), 0.0113440 secs] [Times: user=0.01 sys=0.00, real=0.01 secs] 
Heap after GC invocations=891 (full 1):
 par new generation   total 109248K, used 6K [0x8ac00000, 0x92c00000, 0x92c00000)
  eden space 87424K,   0% used [0x8ac00000, 0x8ac00000, 0x90160000)
  from space 21824K,   0% used [0x90160000, 0x90161800, 0x916b0000)
  to   space 21824K,   0% used [0x916b0000, 0x916b0000, 0x92c00000)
 concurrent mark-sweep generation total 393216K, used 12837K [0x92c00000, 0xaac00000, 0xaac00000)
 concurrent-mark-sweep perm gen total 35404K, used 22530K [0xaac00000, 0xace93000, 0xb2c00000)
}
2015-02-20T16:09:50.639-0600: 2919.094: Total time for which application threads were stopped: 0.0141010 seconds
{Heap before GC invocations=891 (full 1):
 par new generation   total 109248K, used 87430K [0x8ac00000, 0x92c00000, 0x92c00000)
  eden space 87424K, 100% used [0x8ac00000, 0x90160000, 0x90160000)
  from space 21824K,   0% used [0x90160000, 0x90161800, 0x916b0000)
  to   space 21824K,   0% used [0x916b0000, 0x916b0000, 0x92c00000)
 concurrent mark-sweep generation total 393216K, used 12837K [0x92c00000, 0xaac00000, 0xaac00000)
 concurrent-mark-sweep perm gen total 35404K, used 22530K [0xaac00000, 0xace93000, 0xb2c00000)
2015-02-20T16:09:52.839-0600: 2921.294: [GC2015-02-20T16:09:52.839-0600: 2921.294: [ParNew
Desired survivor size 20112996 bytes, new threshold 8 (max 8)
- age   1:       1008 bytes,       1008 total
- age   2:        376 bytes,       1384 total
- age   3:        176 bytes,       1560 total
- age   4:        216 bytes,       1776 total
- age   5:        384 bytes,       2160 total
- age   6:        400 bytes,       2560 total
- age   7:        176 bytes,       2736 total
- age   8:        216 bytes,       2952 total
: 87430K->6K(109248K), 0.0056160 secs] 100267K->12844K(502464K), 0.0058660 secs] [Times: user=0.02 sys=0.00, real=0.00 secs] 
Heap after GC invocations=892 (full 1):
 par new generation   total 109248K, used 6K [0x8ac00000, 0x92c00000, 0x92c00000)
  eden space 87424K,   0% used [0x8ac00000, 0x8ac00000, 0x90160000)
  from space 21824K,   0% used [0x916b0000, 0x916b1800, 0x92c00000)
  to   space 21824K,   0% used [0x90160000, 0x90160000, 0x916b0000)
 concurrent mark-sweep generation total 393216K, used 12838K [0x92c00000, 0xaac00000, 0xaac00000)
 concurrent-mark-sweep perm gen total 35404K, used 22530K [0xaac00000, 0xace93000, 0xb2c00000)
}
2015-02-20T16:09:52.845-0600: 2921.300: Total time for which application threads were stopped: 0.0086230 seconds
{Heap before GC invocations=892 (full 1):
 par new generation   total 109248K, used 87430K [0x8ac00000, 0x92c00000, 0x92c00000)
  eden space 87424K, 100% used [0x8ac00000, 0x90160000, 0x90160000)
  from space 21824K,   0% used [0x916b0000, 0x916b1800, 0x92c00000)
  to   space 21824K,   0% used [0x90160000, 0x90160000, 0x916b0000)
 concurrent mark-sweep generation total 393216K, used 12838K [0x92c00000, 0xaac00000, 0xaac00000)
 concurrent-mark-sweep perm gen total 35404K, used 22530K [0xaac00000, 0xace93000, 0xb2c00000)
2015-02-20T16:09:54.301-0600: 2922.756: [GC2015-02-20T16:09:54.301-0600: 2922.756: [ParNew
Desired survivor size 20112996 bytes, new threshold 8 (max 8)
- age   1:       1016 bytes,       1016 total
- age   2:        376 bytes,       1392 total
- age   3:        376 bytes,       1768 total
- age   4:        176 bytes,       1944 total
- age   5:        216 bytes,       2160 total
- age   6:        384 bytes,       2544 total
- age   7:        400 bytes,       2944 total
- age   8:        176 bytes,       3120 total
: 87430K->8K(109248K), 0.0156040 secs] 100268K->12846K(502464K), 0.0157810 secs] [Times: user=0.01 sys=0.00, real=0.01 secs] 
Heap after GC invocations=893 (full 1):
 par new generation   total 109248K, used 8K [0x8ac00000, 0x92c00000, 0x92c00000)
  eden space 87424K,   0% used [0x8ac00000, 0x8ac00000, 0x90160000)
  from space 21824K,   0% used [0x90160000, 0x90162000, 0x916b0000)
  to   space 21824K,   0% used [0x916b0000, 0x916b0000, 0x92c00000)
 concurrent mark-sweep generation total 393216K, used 12838K [0x92c00000, 0xaac00000, 0xaac00000)
 concurrent-mark-sweep perm gen total 35404K, used 22530K [0xaac00000, 0xace93000, 0xb2c00000)
}
2015-02-20T16:09:54.317-0600: 2922.772: Total time for which application threads were stopped: 0.0259820 seconds
{Heap before GC invocations=893 (full 1):
 par new generation   total 109248K, used 87432K [0x8ac00000, 0x92c00000, 0x92c00000)
  eden space 87424K, 100% used [0x8ac00000, 0x90160000, 0x90160000)
  from space 21824K,   0% used [0x90160000, 0x90162000, 0x916b0000)
  to   space 21824K,   0% used [0x916b0000, 0x916b0000, 0x92c00000)
 concurrent mark-sweep generation total 393216K, used 12838K [0x92c00000, 0xaac00000, 0xaac00000)
 concurrent-mark-sweep perm gen total 35404K, used 22530K [0xaac00000, 0xace93000, 0xb2c00000)
2015-02-20T16:09:55.883-0600: 2924.338: [GC2015-02-20T16:09:55.883-0600: 2924.338: [ParNew
Desired survivor size 20112996 bytes, new threshold 8 (max 8)
- age   1:        864 bytes,        864 total
- age   2:        424 bytes,       1288 total
- age   3:        376 bytes,       1664 total
- age   4:        376 bytes,       2040 total
- age   5:        176 bytes,       2216 total
- age   6:        216 bytes,       2432 total
- age   7:        384 bytes,       2816 total
- age   8:        400 bytes,       3216 total
: 87432K->6K(109248K), 0.0114560 secs] 100270K->12844K(502464K), 0.0116750 secs] [Times: user=0.01 sys=0.01, real=0.01 secs] 
Heap after GC invocations=894 (full 1):
 par new generation   total 109248K, used 6K [0x8ac00000, 0x92c00000, 0x92c00000)
  eden space 87424K,   0% used [0x8ac00000, 0x8ac00000, 0x90160000)
  from space 21824K,   0% used [0x916b0000, 0x916b1800, 0x92c00000)
  to   space 21824K,   0% used [0x90160000, 0x90160000, 0x916b0000)
 concurrent mark-sweep generation total 393216K, used 12838K [0x92c00000, 0xaac00000, 0xaac00000)
 concurrent-mark-sweep perm gen total 35404K, used 22530K [0xaac00000, 0xace93000, 0xb2c00000)
}
2015-02-20T16:09:55.894-0600: 2924.349: Total time for which application threads were stopped: 0.0144280 seconds
{Heap before GC invocations=894 (full 1):
 par new generation   total 109248K, used 87430K [0x8ac00000, 0x92c00000, 0x92c00000)
  eden space 87424K, 100% used [0x8ac00000, 0x90160000, 0x90160000)
  from space 21824K,   0% used [0x916b0000, 0x916b1800, 0x92c00000)
  to   space 21824K,   0% used [0x90160000, 0x90160000, 0x916b0000)
 concurrent mark-sweep generation total 393216K, used 12838K [0x92c00000, 0xaac00000, 0xaac00000)
 concurrent-mark-sweep perm gen total 35404K, used 22530K [0xaac00000, 0xace93000, 0xb2c00000)
2015-02-20T16:09:57.358-0600: 2925.813: [GC2015-02-20T16:09:57.358-0600: 2925.813: [ParNew
Desired survivor size 20112996 bytes, new threshold 8 (max 8)
- age   1:       1240 bytes,       1240 total
- age   2:        432 bytes,       1672 total
- age   3:        424 bytes,       2096 total
- age   4:        376 bytes,       2472 total
- age   5:        376 bytes,       2848 total
- age   6:        176 bytes,       3024 total
- age   7:        216 bytes,       3240 total
- age   8:        384 bytes,       3624 total
: 87430K->6K(109248K), 0.0270370 secs] 100268K->12844K(502464K), 0.0273560 secs] [Times: user=0.03 sys=0.00, real=0.02 secs] 
Heap after GC invocations=895 (full 1):
 par new generation   total 109248K, used 6K [0x8ac00000, 0x92c00000, 0x92c00000)
  eden space 87424K,   0% used [0x8ac00000, 0x8ac00000, 0x90160000)
  from space 21824K,   0% used [0x90160000, 0x90161800, 0x916b0000)
  to   space 21824K,   0% used [0x916b0000, 0x916b0000, 0x92c00000)
 concurrent mark-sweep generation total 393216K, used 12838K [0x92c00000, 0xaac00000, 0xaac00000)
 concurrent-mark-sweep perm gen total 35404K, used 22530K [0xaac00000, 0xace93000, 0xb2c00000)
}
2015-02-20T16:09:57.385-0600: 2925.840: Total time for which application threads were stopped: 0.0347610 seconds
{Heap before GC invocations=895 (full 1):
 par new generation   total 109248K, used 87430K [0x8ac00000, 0x92c00000, 0x92c00000)
  eden space 87424K, 100% used [0x8ac00000, 0x90160000, 0x90160000)
  from space 21824K,   0% used [0x90160000, 0x90161800, 0x916b0000)
  to   space 21824K,   0% used [0x916b0000, 0x916b0000, 0x92c00000)
 concurrent mark-sweep generation total 393216K, used 12838K [0x92c00000, 0xaac00000, 0xaac00000)
 concurrent-mark-sweep perm gen total 35404K, used 22530K [0xaac00000, 0xace93000, 0xb2c00000)
2015-02-20T16:09:58.733-0600: 2927.188: [GC2015-02-20T16:09:58.733-0600: 2927.188: [ParNew
Desired survivor size 20112996 bytes, new threshold 8 (max 8)
- age   1:        464 bytes,        464 total
- age   2:        560 bytes,       1024 total
- age   3:        432 bytes,       1456 total
- age   4:        424 bytes,       1880 total
- age   5:        376 bytes,       2256 total
- age   6:        376 bytes,       2632 total
- age   7:        176 bytes,       2808 total
- age   8:        216 bytes,       3024 total
: 87430K->6K(109248K), 0.0077740 secs] 100268K->12845K(502464K), 0.0079820 secs] [Times: user=0.01 sys=0.00, real=0.01 secs] 
Heap after GC invocations=896 (full 1):
 par new generation   total 109248K, used 6K [0x8ac00000, 0x92c00000, 0x92c00000)
  eden space 87424K,   0% used [0x8ac00000, 0x8ac00000, 0x90160000)
  from space 21824K,   0% used [0x916b0000, 0x916b1800, 0x92c00000)
  to   space 21824K,   0% used [0x90160000, 0x90160000, 0x916b0000)
 concurrent mark-sweep generation total 393216K, used 12839K [0x92c00000, 0xaac00000, 0xaac00000)
 concurrent-mark-sweep perm gen total 35404K, used 22530K [0xaac00000, 0xace93000, 0xb2c00000)
}
2015-02-20T16:09:58.741-0600: 2927.197: Total time for which application threads were stopped: 0.0111410 seconds
{Heap before GC invocations=896 (full 1):
 par new generation   total 109248K, used 87430K [0x8ac00000, 0x92c00000, 0x92c00000)
  eden space 87424K, 100% used [0x8ac00000, 0x90160000, 0x90160000)
  from space 21824K,   0% used [0x916b0000, 0x916b1800, 0x92c00000)
  to   space 21824K,   0% used [0x90160000, 0x90160000, 0x916b0000)
 concurrent mark-sweep generation total 393216K, used 12839K [0x92c00000, 0xaac00000, 0xaac00000)
 concurrent-mark-sweep perm gen total 35404K, used 22530K [0xaac00000, 0xace93000, 0xb2c00000)
2015-02-20T16:10:00.196-0600: 2928.651: [GC2015-02-20T16:10:00.196-0600: 2928.651: [ParNew
Desired survivor size 20112996 bytes, new threshold 8 (max 8)
- age   1:       1152 bytes,       1152 total
- age   2:         16 bytes,       1168 total
- age   3:        408 bytes,       1576 total
- age   4:        432 bytes,       2008 total
- age   5:        424 bytes,       2432 total
- age   6:        376 bytes,       2808 total
- age   7:        376 bytes,       3184 total
- age   8:        176 bytes,       3360 total
: 87430K->8K(109248K), 0.0081890 secs] 100269K->12847K(502464K), 0.0084350 secs] [Times: user=0.01 sys=0.00, real=0.01 secs] 
Heap after GC invocations=897 (full 1):
 par new generation   total 109248K, used 8K [0x8ac00000, 0x92c00000, 0x92c00000)
  eden space 87424K,   0% used [0x8ac00000, 0x8ac00000, 0x90160000)
  from space 21824K,   0% used [0x90160000, 0x90162000, 0x916b0000)
  to   space 21824K,   0% used [0x916b0000, 0x916b0000, 0x92c00000)
 concurrent mark-sweep generation total 393216K, used 12839K [0x92c00000, 0xaac00000, 0xaac00000)
 concurrent-mark-sweep perm gen total 35404K, used 22530K [0xaac00000, 0xace93000, 0xb2c00000)
}
2015-02-20T16:10:00.204-0600: 2928.659: Total time for which application threads were stopped: 0.0112660 seconds
{Heap before GC invocations=897 (full 1):
 par new generation   total 109248K, used 87432K [0x8ac00000, 0x92c00000, 0x92c00000)
  eden space 87424K, 100% used [0x8ac00000, 0x90160000, 0x90160000)
  from space 21824K,   0% used [0x90160000, 0x90162000, 0x916b0000)
  to   space 21824K,   0% used [0x916b0000, 0x916b0000, 0x92c00000)
 concurrent mark-sweep generation total 393216K, used 12839K [0x92c00000, 0xaac00000, 0xaac00000)
 concurrent-mark-sweep perm gen total 35404K, used 22530K [0xaac00000, 0xace93000, 0xb2c00000)
2015-02-20T16:10:01.899-0600: 2930.354: [GC2015-02-20T16:10:01.899-0600: 2930.354: [ParNew
Desired survivor size 20112996 bytes, new threshold 8 (max 8)
- age   1:       1336 bytes,       1336 total
- age   2:        376 bytes,       1712 total
- age   3:         16 bytes,       1728 total
- age   4:        408 bytes,       2136 total
- age   5:        432 bytes,       2568 total
- age   6:        424 bytes,       2992 total
- age   7:        376 bytes,       3368 total
- age   8:        376 bytes,       3744 total
: 87432K->6K(109248K), 0.0178580 secs] 100271K->12845K(502464K), 0.0180240 secs] [Times: user=0.03 sys=0.00, real=0.01 secs] 
Heap after GC invocations=898 (full 1):
 par new generation   total 109248K, used 6K [0x8ac00000, 0x92c00000, 0x92c00000)
  eden space 87424K,   0% used [0x8ac00000, 0x8ac00000, 0x90160000)
  from space 21824K,   0% used [0x916b0000, 0x916b1800, 0x92c00000)
  to   space 21824K,   0% used [0x90160000, 0x90160000, 0x916b0000)
 concurrent mark-sweep generation total 393216K, used 12839K [0x92c00000, 0xaac00000, 0xaac00000)
 concurrent-mark-sweep perm gen total 35404K, used 22530K [0xaac00000, 0xace93000, 0xb2c00000)
}
2015-02-20T16:10:01.917-0600: 2930.372: Total time for which application threads were stopped: 0.0215930 seconds
{Heap before GC invocations=898 (full 1):
 par new generation   total 109248K, used 87430K [0x8ac00000, 0x92c00000, 0x92c00000)
  eden space 87424K, 100% used [0x8ac00000, 0x90160000, 0x90160000)
  from space 21824K,   0% used [0x916b0000, 0x916b1800, 0x92c00000)
  to   space 21824K,   0% used [0x90160000, 0x90160000, 0x916b0000)
 concurrent mark-sweep generation total 393216K, used 12839K [0x92c00000, 0xaac00000, 0xaac00000)
 concurrent-mark-sweep perm gen total 35404K, used 22530K [0xaac00000, 0xace93000, 0xb2c00000)
2015-02-20T16:10:03.892-0600: 2932.347: [GC2015-02-20T16:10:03.892-0600: 2932.347: [ParNew
Desired survivor size 20112996 bytes, new threshold 8 (max 8)
- age   1:       1056 bytes,       1056 total
- age   2:        360 bytes,       1416 total
- age   3:        376 bytes,       1792 total
- age   4:         16 bytes,       1808 total
- age   5:        408 bytes,       2216 total
- age   6:        432 bytes,       2648 total
- age   7:        424 bytes,       3072 total
- age   8:        376 bytes,       3448 total
: 87430K->6K(109248K), 0.0083220 secs] 100269K->12846K(502464K), 0.0085900 secs] [Times: user=0.01 sys=0.01, real=0.01 secs] 
Heap after GC invocations=899 (full 1):
 par new generation   total 109248K, used 6K [0x8ac00000, 0x92c00000, 0x92c00000)
  eden space 87424K,   0% used [0x8ac00000, 0x8ac00000, 0x90160000)
  from space 21824K,   0% used [0x90160000, 0x90161800, 0x916b0000)
  to   space 21824K,   0% used [0x916b0000, 0x916b0000, 0x92c00000)
 concurrent mark-sweep generation total 393216K, used 12840K [0x92c00000, 0xaac00000, 0xaac00000)
 concurrent-mark-sweep perm gen total 35404K, used 22530K [0xaac00000, 0xace93000, 0xb2c00000)
}
2015-02-20T16:10:03.901-0600: 2932.356: Total time for which application threads were stopped: 0.0117690 seconds
{Heap before GC invocations=899 (full 1):
 par new generation   total 109248K, used 87430K [0x8ac00000, 0x92c00000, 0x92c00000)
  eden space 87424K, 100% used [0x8ac00000, 0x90160000, 0x90160000)
  from space 21824K,   0% used [0x90160000, 0x90161800, 0x916b0000)
  to   space 21824K,   0% used [0x916b0000, 0x916b0000, 0x92c00000)
 concurrent mark-sweep generation total 393216K, used 12840K [0x92c00000, 0xaac00000, 0xaac00000)
 concurrent-mark-sweep perm gen total 35404K, used 22530K [0xaac00000, 0xace93000, 0xb2c00000)
2015-02-20T16:10:05.752-0600: 2934.207: [GC2015-02-20T16:10:05.752-0600: 2934.207: [ParNew
Desired survivor size 20112996 bytes, new threshold 8 (max 8)
- age   1:       1176 bytes,       1176 total
- age   2:        376 bytes,       1552 total
- age   3:        360 bytes,       1912 total
- age   4:        376 bytes,       2288 total
- age   5:         16 bytes,       2304 total
- age   6:        408 bytes,       2712 total
- age   7:        432 bytes,       3144 total
- age   8:        424 bytes,       3568 total
: 87430K->6K(109248K), 0.0094290 secs] 100270K->12846K(502464K), 0.0096530 secs] [Times: user=0.02 sys=0.00, real=0.01 secs] 
Heap after GC invocations=900 (full 1):
 par new generation   total 109248K, used 6K [0x8ac00000, 0x92c00000, 0x92c00000)
  eden space 87424K,   0% used [0x8ac00000, 0x8ac00000, 0x90160000)
  from space 21824K,   0% used [0x916b0000, 0x916b1800, 0x92c00000)
  to   space 21824K,   0% used [0x90160000, 0x90160000, 0x916b0000)
 concurrent mark-sweep generation total 393216K, used 12840K [0x92c00000, 0xaac00000, 0xaac00000)
 concurrent-mark-sweep perm gen total 35404K, used 22530K [0xaac00000, 0xace93000, 0xb2c00000)
}
2015-02-20T16:10:05.762-0600: 2934.217: Total time for which application threads were stopped: 0.0164840 seconds
{Heap before GC invocations=900 (full 1):
 par new generation   total 109248K, used 87430K [0x8ac00000, 0x92c00000, 0x92c00000)
  eden space 87424K, 100% used [0x8ac00000, 0x90160000, 0x90160000)
  from space 21824K,   0% used [0x916b0000, 0x916b1800, 0x92c00000)
  to   space 21824K,   0% used [0x90160000, 0x90160000, 0x916b0000)
 concurrent mark-sweep generation total 393216K, used 12840K [0x92c00000, 0xaac00000, 0xaac00000)
 concurrent-mark-sweep perm gen total 35404K, used 22530K [0xaac00000, 0xace93000, 0xb2c00000)
2015-02-20T16:10:07.624-0600: 2936.079: [GC2015-02-20T16:10:07.624-0600: 2936.079: [ParNew
Desired survivor size 20112996 bytes, new threshold 8 (max 8)
- age   1:       1072 bytes,       1072 total
- age   2:        376 bytes,       1448 total
- age   3:        376 bytes,       1824 total
- age   4:        360 bytes,       2184 total
- age   5:        376 bytes,       2560 total
- age   6:         16 bytes,       2576 total
- age   7:        408 bytes,       2984 total
- age   8:        432 bytes,       3416 total
: 87430K->6K(109248K), 0.0357960 secs] 100270K->12846K(502464K), 0.0360130 secs] [Times: user=0.03 sys=0.00, real=0.04 secs] 
Heap after GC invocations=901 (full 1):
 par new generation   total 109248K, used 6K [0x8ac00000, 0x92c00000, 0x92c00000)
  eden space 87424K,   0% used [0x8ac00000, 0x8ac00000, 0x90160000)
  from space 21824K,   0% used [0x90160000, 0x90161800, 0x916b0000)
  to   space 21824K,   0% used [0x916b0000, 0x916b0000, 0x92c00000)
 concurrent mark-sweep generation total 393216K, used 12840K [0x92c00000, 0xaac00000, 0xaac00000)
 concurrent-mark-sweep perm gen total 35404K, used 22530K [0xaac00000, 0xace93000, 0xb2c00000)
}
2015-02-20T16:10:07.660-0600: 2936.115: Total time for which application threads were stopped: 0.0389820 seconds
{Heap before GC invocations=901 (full 1):
 par new generation   total 109248K, used 87430K [0x8ac00000, 0x92c00000, 0x92c00000)
  eden space 87424K, 100% used [0x8ac00000, 0x90160000, 0x90160000)
  from space 21824K,   0% used [0x90160000, 0x90161800, 0x916b0000)
  to   space 21824K,   0% used [0x916b0000, 0x916b0000, 0x92c00000)
 concurrent mark-sweep generation total 393216K, used 12840K [0x92c00000, 0xaac00000, 0xaac00000)
 concurrent-mark-sweep perm gen total 35404K, used 22530K [0xaac00000, 0xace93000, 0xb2c00000)
2015-02-20T16:10:09.450-0600: 2937.905: [GC2015-02-20T16:10:09.450-0600: 2937.905: [ParNew
Desired survivor size 20112996 bytes, new threshold 8 (max 8)
- age   1:        904 bytes,        904 total
- age   2:        376 bytes,       1280 total
- age   3:        376 bytes,       1656 total
- age   4:        376 bytes,       2032 total
- age   5:        360 bytes,       2392 total
- age   6:        376 bytes,       2768 total
- age   7:         16 bytes,       2784 total
- age   8:        408 bytes,       3192 total
: 87430K->10K(109248K), 0.0362870 secs] 100270K->12851K(502464K), 0.0364710 secs] [Times: user=0.04 sys=0.00, real=0.03 secs] 
Heap after GC invocations=902 (full 1):
 par new generation   total 109248K, used 10K [0x8ac00000, 0x92c00000, 0x92c00000)
  eden space 87424K,   0% used [0x8ac00000, 0x8ac00000, 0x90160000)
  from space 21824K,   0% used [0x916b0000, 0x916b2800, 0x92c00000)
  to   space 21824K,   0% used [0x90160000, 0x90160000, 0x916b0000)
 concurrent mark-sweep generation total 393216K, used 12841K [0x92c00000, 0xaac00000, 0xaac00000)
 concurrent-mark-sweep perm gen total 35404K, used 22530K [0xaac00000, 0xace93000, 0xb2c00000)
}
2015-02-20T16:10:09.486-0600: 2937.941: Total time for which application threads were stopped: 0.0390930 seconds
{Heap before GC invocations=902 (full 1):
 par new generation   total 109248K, used 87434K [0x8ac00000, 0x92c00000, 0x92c00000)
  eden space 87424K, 100% used [0x8ac00000, 0x90160000, 0x90160000)
  from space 21824K,   0% used [0x916b0000, 0x916b2800, 0x92c00000)
  to   space 21824K,   0% used [0x90160000, 0x90160000, 0x916b0000)
 concurrent mark-sweep generation total 393216K, used 12841K [0x92c00000, 0xaac00000, 0xaac00000)
 concurrent-mark-sweep perm gen total 35404K, used 22530K [0xaac00000, 0xace93000, 0xb2c00000)
2015-02-20T16:10:11.353-0600: 2939.808: [GC2015-02-20T16:10:11.353-0600: 2939.808: [ParNew
Desired survivor size 20112996 bytes, new threshold 8 (max 8)
- age   1:       1328 bytes,       1328 total
- age   2:        448 bytes,       1776 total
- age   3:        376 bytes,       2152 total
- age   4:        376 bytes,       2528 total
- age   5:        376 bytes,       2904 total
- age   6:        360 bytes,       3264 total
- age   7:        376 bytes,       3640 total
- age   8:         16 bytes,       3656 total
: 87434K->6K(109248K), 0.0113270 secs] 100275K->12847K(502464K), 0.0116490 secs] [Times: user=0.02 sys=0.00, real=0.01 secs] 
Heap after GC invocations=903 (full 1):
 par new generation   total 109248K, used 6K [0x8ac00000, 0x92c00000, 0x92c00000)
  eden space 87424K,   0% used [0x8ac00000, 0x8ac00000, 0x90160000)
  from space 21824K,   0% used [0x90160000, 0x90161800, 0x916b0000)
  to   space 21824K,   0% used [0x916b0000, 0x916b0000, 0x92c00000)
 concurrent mark-sweep generation total 393216K, used 12841K [0x92c00000, 0xaac00000, 0xaac00000)
 concurrent-mark-sweep perm gen total 35404K, used 22530K [0xaac00000, 0xace93000, 0xb2c00000)
}
2015-02-20T16:10:11.365-0600: 2939.820: Total time for which application threads were stopped: 0.0143580 seconds
{Heap before GC invocations=903 (full 1):
 par new generation   total 109248K, used 87430K [0x8ac00000, 0x92c00000, 0x92c00000)
  eden space 87424K, 100% used [0x8ac00000, 0x90160000, 0x90160000)
  from space 21824K,   0% used [0x90160000, 0x90161800, 0x916b0000)
  to   space 21824K,   0% used [0x916b0000, 0x916b0000, 0x92c00000)
 concurrent mark-sweep generation total 393216K, used 12841K [0x92c00000, 0xaac00000, 0xaac00000)
 concurrent-mark-sweep perm gen total 35404K, used 22530K [0xaac00000, 0xace93000, 0xb2c00000)
2015-02-20T16:10:12.890-0600: 2941.345: [GC2015-02-20T16:10:12.890-0600: 2941.345: [ParNew
Desired survivor size 20112996 bytes, new threshold 8 (max 8)
- age   1:        696 bytes,        696 total
- age   2:        552 bytes,       1248 total
- age   3:        448 bytes,       1696 total
- age   4:        376 bytes,       2072 total
- age   5:        376 bytes,       2448 total
- age   6:        376 bytes,       2824 total
- age   7:        360 bytes,       3184 total
- age   8:        376 bytes,       3560 total
: 87430K->8K(109248K), 0.0276270 secs] 100271K->12849K(502464K), 0.0279300 secs] [Times: user=0.02 sys=0.00, real=0.03 secs] 
Heap after GC invocations=904 (full 1):
 par new generation   total 109248K, used 8K [0x8ac00000, 0x92c00000, 0x92c00000)
  eden space 87424K,   0% used [0x8ac00000, 0x8ac00000, 0x90160000)
  from space 21824K,   0% used [0x916b0000, 0x916b2000, 0x92c00000)
  to   space 21824K,   0% used [0x90160000, 0x90160000, 0x916b0000)
 concurrent mark-sweep generation total 393216K, used 12841K [0x92c00000, 0xaac00000, 0xaac00000)
 concurrent-mark-sweep perm gen total 35404K, used 22530K [0xaac00000, 0xace93000, 0xb2c00000)
}
2015-02-20T16:10:12.918-0600: 2941.373: Total time for which application threads were stopped: 0.0339230 seconds
{Heap before GC invocations=904 (full 1):
 par new generation   total 109248K, used 87432K [0x8ac00000, 0x92c00000, 0x92c00000)
  eden space 87424K, 100% used [0x8ac00000, 0x90160000, 0x90160000)
  from space 21824K,   0% used [0x916b0000, 0x916b2000, 0x92c00000)
  to   space 21824K,   0% used [0x90160000, 0x90160000, 0x916b0000)
 concurrent mark-sweep generation total 393216K, used 12841K [0x92c00000, 0xaac00000, 0xaac00000)
 concurrent-mark-sweep perm gen total 35404K, used 22530K [0xaac00000, 0xace93000, 0xb2c00000)
2015-02-20T16:10:14.120-0600: 2942.575: [GC2015-02-20T16:10:14.120-0600: 2942.575: [ParNew
Desired survivor size 20112996 bytes, new threshold 8 (max 8)
- age   1:       1112 bytes,       1112 total
- age   2:         16 bytes,       1128 total
- age   3:        400 bytes,       1528 total
- age   4:        448 bytes,       1976 total
- age   5:        376 bytes,       2352 total
- age   6:        376 bytes,       2728 total
- age   7:        376 bytes,       3104 total
- age   8:        360 bytes,       3464 total
: 87432K->10K(109248K), 0.0185950 secs] 100273K->12852K(502464K), 0.0188310 secs] [Times: user=0.02 sys=0.00, real=0.02 secs] 
Heap after GC invocations=905 (full 1):
 par new generation   total 109248K, used 10K [0x8ac00000, 0x92c00000, 0x92c00000)
  eden space 87424K,   0% used [0x8ac00000, 0x8ac00000, 0x90160000)
  from space 21824K,   0% used [0x90160000, 0x90162800, 0x916b0000)
  to   space 21824K,   0% used [0x916b0000, 0x916b0000, 0x92c00000)
 concurrent mark-sweep generation total 393216K, used 12842K [0x92c00000, 0xaac00000, 0xaac00000)
 concurrent-mark-sweep perm gen total 35404K, used 22530K [0xaac00000, 0xace93000, 0xb2c00000)
}
2015-02-20T16:10:14.139-0600: 2942.594: Total time for which application threads were stopped: 0.0272580 seconds
{Heap before GC invocations=905 (full 1):
 par new generation   total 109248K, used 87434K [0x8ac00000, 0x92c00000, 0x92c00000)
  eden space 87424K, 100% used [0x8ac00000, 0x90160000, 0x90160000)
  from space 21824K,   0% used [0x90160000, 0x90162800, 0x916b0000)
  to   space 21824K,   0% used [0x916b0000, 0x916b0000, 0x92c00000)
 concurrent mark-sweep generation total 393216K, used 12842K [0x92c00000, 0xaac00000, 0xaac00000)
 concurrent-mark-sweep perm gen total 35404K, used 22530K [0xaac00000, 0xace93000, 0xb2c00000)
2015-02-20T16:10:15.614-0600: 2944.069: [GC2015-02-20T16:10:15.614-0600: 2944.069: [ParNew
Desired survivor size 20112996 bytes, new threshold 8 (max 8)
- age   1:        928 bytes,        928 total
- age   2:        520 bytes,       1448 total
- age   3:         16 bytes,       1464 total
- age   4:        400 bytes,       1864 total
- age   5:        448 bytes,       2312 total
- age   6:        376 bytes,       2688 total
- age   7:        376 bytes,       3064 total
- age   8:        376 bytes,       3440 total
: 87434K->8K(109248K), 0.0278580 secs] 100276K->12850K(502464K), 0.0282490 secs] [Times: user=0.03 sys=0.00, real=0.03 secs] 
Heap after GC invocations=906 (full 1):
 par new generation   total 109248K, used 8K [0x8ac00000, 0x92c00000, 0x92c00000)
  eden space 87424K,   0% used [0x8ac00000, 0x8ac00000, 0x90160000)
  from space 21824K,   0% used [0x916b0000, 0x916b2000, 0x92c00000)
  to   space 21824K,   0% used [0x90160000, 0x90160000, 0x916b0000)
 concurrent mark-sweep generation total 393216K, used 12842K [0x92c00000, 0xaac00000, 0xaac00000)
 concurrent-mark-sweep perm gen total 35404K, used 22530K [0xaac00000, 0xace93000, 0xb2c00000)
}
2015-02-20T16:10:15.642-0600: 2944.097: Total time for which application threads were stopped: 0.0371200 seconds
{Heap before GC invocations=906 (full 1):
 par new generation   total 109248K, used 87432K [0x8ac00000, 0x92c00000, 0x92c00000)
  eden space 87424K, 100% used [0x8ac00000, 0x90160000, 0x90160000)
  from space 21824K,   0% used [0x916b0000, 0x916b2000, 0x92c00000)
  to   space 21824K,   0% used [0x90160000, 0x90160000, 0x916b0000)
 concurrent mark-sweep generation total 393216K, used 12842K [0x92c00000, 0xaac00000, 0xaac00000)
 concurrent-mark-sweep perm gen total 35404K, used 22530K [0xaac00000, 0xace93000, 0xb2c00000)
2015-02-20T16:10:17.114-0600: 2945.569: [GC2015-02-20T16:10:17.114-0600: 2945.569: [ParNew
Desired survivor size 20112996 bytes, new threshold 8 (max 8)
- age   1:        920 bytes,        920 total
- age   2:        488 bytes,       1408 total
- age   3:        520 bytes,       1928 total
- age   4:         16 bytes,       1944 total
- age   5:        400 bytes,       2344 total
- age   6:        448 bytes,       2792 total
- age   7:        376 bytes,       3168 total
- age   8:        376 bytes,       3544 total
: 87432K->10K(109248K), 0.0173630 secs] 100274K->12852K(502464K), 0.0175920 secs] [Times: user=0.01 sys=0.00, real=0.02 secs] 
Heap after GC invocations=907 (full 1):
 par new generation   total 109248K, used 10K [0x8ac00000, 0x92c00000, 0x92c00000)
  eden space 87424K,   0% used [0x8ac00000, 0x8ac00000, 0x90160000)
  from space 21824K,   0% used [0x90160000, 0x90162800, 0x916b0000)
  to   space 21824K,   0% used [0x916b0000, 0x916b0000, 0x92c00000)
 concurrent mark-sweep generation total 393216K, used 12842K [0x92c00000, 0xaac00000, 0xaac00000)
 concurrent-mark-sweep perm gen total 35404K, used 22530K [0xaac00000, 0xace93000, 0xb2c00000)
}
2015-02-20T16:10:17.131-0600: 2945.586: Total time for which application threads were stopped: 0.0225490 seconds
{Heap before GC invocations=907 (full 1):
 par new generation   total 109248K, used 87434K [0x8ac00000, 0x92c00000, 0x92c00000)
  eden space 87424K, 100% used [0x8ac00000, 0x90160000, 0x90160000)
  from space 21824K,   0% used [0x90160000, 0x90162800, 0x916b0000)
  to   space 21824K,   0% used [0x916b0000, 0x916b0000, 0x92c00000)
 concurrent mark-sweep generation total 393216K, used 12842K [0x92c00000, 0xaac00000, 0xaac00000)
 concurrent-mark-sweep perm gen total 35404K, used 22530K [0xaac00000, 0xace93000, 0xb2c00000)
2015-02-20T16:10:18.675-0600: 2947.130: [GC2015-02-20T16:10:18.675-0600: 2947.130: [ParNew
Desired survivor size 20112996 bytes, new threshold 8 (max 8)
- age   1:       1024 bytes,       1024 total
- age   2:        240 bytes,       1264 total
- age   3:        360 bytes,       1624 total
- age   4:        520 bytes,       2144 total
- age   5:         16 bytes,       2160 total
- age   6:        400 bytes,       2560 total
- age   7:        448 bytes,       3008 total
- age   8:        376 bytes,       3384 total
: 87434K->8K(109248K), 0.0110430 secs] 100276K->12851K(502464K), 0.0112860 secs] [Times: user=0.01 sys=0.00, real=0.01 secs] 
Heap after GC invocations=908 (full 1):
 par new generation   total 109248K, used 8K [0x8ac00000, 0x92c00000, 0x92c00000)
  eden space 87424K,   0% used [0x8ac00000, 0x8ac00000, 0x90160000)
  from space 21824K,   0% used [0x916b0000, 0x916b2000, 0x92c00000)
  to   space 21824K,   0% used [0x90160000, 0x90160000, 0x916b0000)
 concurrent mark-sweep generation total 393216K, used 12843K [0x92c00000, 0xaac00000, 0xaac00000)
 concurrent-mark-sweep perm gen total 35404K, used 22530K [0xaac00000, 0xace93000, 0xb2c00000)
}
2015-02-20T16:10:18.687-0600: 2947.142: Total time for which application threads were stopped: 0.0140240 seconds
{Heap before GC invocations=908 (full 1):
 par new generation   total 109248K, used 87432K [0x8ac00000, 0x92c00000, 0x92c00000)
  eden space 87424K, 100% used [0x8ac00000, 0x90160000, 0x90160000)
  from space 21824K,   0% used [0x916b0000, 0x916b2000, 0x92c00000)
  to   space 21824K,   0% used [0x90160000, 0x90160000, 0x916b0000)
 concurrent mark-sweep generation total 393216K, used 12843K [0x92c00000, 0xaac00000, 0xaac00000)
 concurrent-mark-sweep perm gen total 35404K, used 22530K [0xaac00000, 0xace93000, 0xb2c00000)
2015-02-20T16:10:20.059-0600: 2948.514: [GC2015-02-20T16:10:20.059-0600: 2948.514: [ParNew
Desired survivor size 20112996 bytes, new threshold 8 (max 8)
- age   1:       1208 bytes,       1208 total
- age   2:        272 bytes,       1480 total
- age   3:        216 bytes,       1696 total
- age   4:        360 bytes,       2056 total
- age   5:        520 bytes,       2576 total
- age   6:         16 bytes,       2592 total
- age   7:        400 bytes,       2992 total
- age   8:        448 bytes,       3440 total
: 87432K->8K(109248K), 0.0611160 secs] 100275K->12851K(502464K), 0.0615530 secs] [Times: user=0.06 sys=0.00, real=0.06 secs] 
Heap after GC invocations=909 (full 1):
 par new generation   total 109248K, used 8K [0x8ac00000, 0x92c00000, 0x92c00000)
  eden space 87424K,   0% used [0x8ac00000, 0x8ac00000, 0x90160000)
  from space 21824K,   0% used [0x90160000, 0x90162000, 0x916b0000)
  to   space 21824K,   0% used [0x916b0000, 0x916b0000, 0x92c00000)
 concurrent mark-sweep generation total 393216K, used 12843K [0x92c00000, 0xaac00000, 0xaac00000)
 concurrent-mark-sweep perm gen total 35404K, used 22530K [0xaac00000, 0xace93000, 0xb2c00000)
}
2015-02-20T16:10:20.120-0600: 2948.576: Total time for which application threads were stopped: 0.0687220 seconds
{Heap before GC invocations=909 (full 1):
 par new generation   total 109248K, used 87432K [0x8ac00000, 0x92c00000, 0x92c00000)
  eden space 87424K, 100% used [0x8ac00000, 0x90160000, 0x90160000)
  from space 21824K,   0% used [0x90160000, 0x90162000, 0x916b0000)
  to   space 21824K,   0% used [0x916b0000, 0x916b0000, 0x92c00000)
 concurrent mark-sweep generation total 393216K, used 12843K [0x92c00000, 0xaac00000, 0xaac00000)
 concurrent-mark-sweep perm gen total 35404K, used 22530K [0xaac00000, 0xace93000, 0xb2c00000)
2015-02-20T16:10:21.487-0600: 2949.942: [GC2015-02-20T16:10:21.487-0600: 2949.942: [ParNew
Desired survivor size 20112996 bytes, new threshold 8 (max 8)
- age   1:       1344 bytes,       1344 total
- age   2:        376 bytes,       1720 total
- age   3:        272 bytes,       1992 total
- age   4:        216 bytes,       2208 total
- age   5:        360 bytes,       2568 total
- age   6:        520 bytes,       3088 total
- age   7:         16 bytes,       3104 total
- age   8:        400 bytes,       3504 total
: 87432K->6K(109248K), 0.0074310 secs] 100275K->12849K(502464K), 0.0076740 secs] [Times: user=0.01 sys=0.00, real=0.01 secs] 
Heap after GC invocations=910 (full 1):
 par new generation   total 109248K, used 6K [0x8ac00000, 0x92c00000, 0x92c00000)
  eden space 87424K,   0% used [0x8ac00000, 0x8ac00000, 0x90160000)
  from space 21824K,   0% used [0x916b0000, 0x916b1800, 0x92c00000)
  to   space 21824K,   0% used [0x90160000, 0x90160000, 0x916b0000)
 concurrent mark-sweep generation total 393216K, used 12843K [0x92c00000, 0xaac00000, 0xaac00000)
 concurrent-mark-sweep perm gen total 35404K, used 22530K [0xaac00000, 0xace93000, 0xb2c00000)
}
2015-02-20T16:10:21.495-0600: 2949.950: Total time for which application threads were stopped: 0.0103410 seconds
{Heap before GC invocations=910 (full 1):
 par new generation   total 109248K, used 87430K [0x8ac00000, 0x92c00000, 0x92c00000)
  eden space 87424K, 100% used [0x8ac00000, 0x90160000, 0x90160000)
  from space 21824K,   0% used [0x916b0000, 0x916b1800, 0x92c00000)
  to   space 21824K,   0% used [0x90160000, 0x90160000, 0x916b0000)
 concurrent mark-sweep generation total 393216K, used 12843K [0x92c00000, 0xaac00000, 0xaac00000)
 concurrent-mark-sweep perm gen total 35404K, used 22530K [0xaac00000, 0xace93000, 0xb2c00000)
2015-02-20T16:10:22.986-0600: 2951.441: [GC2015-02-20T16:10:22.986-0600: 2951.441: [ParNew
Desired survivor size 20112996 bytes, new threshold 8 (max 8)
- age   1:        632 bytes,        632 total
- age   2:        560 bytes,       1192 total
- age   3:        376 bytes,       1568 total
- age   4:        272 bytes,       1840 total
- age   5:        216 bytes,       2056 total
- age   6:        360 bytes,       2416 total
- age   7:        520 bytes,       2936 total
- age   8:         16 bytes,       2952 total
: 87430K->10K(109248K), 0.0357450 secs] 100273K->12854K(502464K), 0.0359350 secs] [Times: user=0.06 sys=0.00, real=0.04 secs] 
Heap after GC invocations=911 (full 1):
 par new generation   total 109248K, used 10K [0x8ac00000, 0x92c00000, 0x92c00000)
  eden space 87424K,   0% used [0x8ac00000, 0x8ac00000, 0x90160000)
  from space 21824K,   0% used [0x90160000, 0x90162800, 0x916b0000)
  to   space 21824K,   0% used [0x916b0000, 0x916b0000, 0x92c00000)
 concurrent mark-sweep generation total 393216K, used 12844K [0x92c00000, 0xaac00000, 0xaac00000)
 concurrent-mark-sweep perm gen total 35404K, used 22530K [0xaac00000, 0xace93000, 0xb2c00000)
}
2015-02-20T16:10:23.022-0600: 2951.477: Total time for which application threads were stopped: 0.0388340 seconds
{Heap before GC invocations=911 (full 1):
 par new generation   total 109248K, used 87434K [0x8ac00000, 0x92c00000, 0x92c00000)
  eden space 87424K, 100% used [0x8ac00000, 0x90160000, 0x90160000)
  from space 21824K,   0% used [0x90160000, 0x90162800, 0x916b0000)
  to   space 21824K,   0% used [0x916b0000, 0x916b0000, 0x92c00000)
 concurrent mark-sweep generation total 393216K, used 12844K [0x92c00000, 0xaac00000, 0xaac00000)
 concurrent-mark-sweep perm gen total 35404K, used 22530K [0xaac00000, 0xace93000, 0xb2c00000)
2015-02-20T16:10:24.409-0600: 2952.865: [GC2015-02-20T16:10:24.410-0600: 2952.865: [ParNew
Desired survivor size 20112996 bytes, new threshold 8 (max 8)
- age   1:       1152 bytes,       1152 total
- age   2:         16 bytes,       1168 total
- age   3:        408 bytes,       1576 total
- age   4:        376 bytes,       1952 total
- age   5:        272 bytes,       2224 total
- age   6:        216 bytes,       2440 total
- age   7:        360 bytes,       2800 total
- age   8:        520 bytes,       3320 total
: 87434K->4K(109248K), 0.0153670 secs] 100278K->12848K(502464K), 0.0155810 secs] [Times: user=0.04 sys=0.00, real=0.01 secs] 
Heap after GC invocations=912 (full 1):
 par new generation   total 109248K, used 4K [0x8ac00000, 0x92c00000, 0x92c00000)
  eden space 87424K,   0% used [0x8ac00000, 0x8ac00000, 0x90160000)
  from space 21824K,   0% used [0x916b0000, 0x916b1000, 0x92c00000)
  to   space 21824K,   0% used [0x90160000, 0x90160000, 0x916b0000)
 concurrent mark-sweep generation total 393216K, used 12844K [0x92c00000, 0xaac00000, 0xaac00000)
 concurrent-mark-sweep perm gen total 35404K, used 22530K [0xaac00000, 0xace93000, 0xb2c00000)
}
2015-02-20T16:10:24.425-0600: 2952.880: Total time for which application threads were stopped: 0.0183710 seconds
{Heap before GC invocations=912 (full 1):
 par new generation   total 109248K, used 87428K [0x8ac00000, 0x92c00000, 0x92c00000)
  eden space 87424K, 100% used [0x8ac00000, 0x90160000, 0x90160000)
  from space 21824K,   0% used [0x916b0000, 0x916b1000, 0x92c00000)
  to   space 21824K,   0% used [0x90160000, 0x90160000, 0x916b0000)
 concurrent mark-sweep generation total 393216K, used 12844K [0x92c00000, 0xaac00000, 0xaac00000)
 concurrent-mark-sweep perm gen total 35404K, used 22530K [0xaac00000, 0xace93000, 0xb2c00000)
2015-02-20T16:10:25.721-0600: 2954.176: [GC2015-02-20T16:10:25.722-0600: 2954.177: [ParNew
Desired survivor size 20112996 bytes, new threshold 8 (max 8)
- age   1:        816 bytes,        816 total
- age   2:        376 bytes,       1192 total
- age   3:         16 bytes,       1208 total
- age   4:        408 bytes,       1616 total
- age   5:        376 bytes,       1992 total
- age   6:        272 bytes,       2264 total
- age   7:        216 bytes,       2480 total
- age   8:        360 bytes,       2840 total
: 87428K->8K(109248K), 0.0059330 secs] 100272K->12852K(502464K), 0.0061090 secs] [Times: user=0.01 sys=0.01, real=0.01 secs] 
Heap after GC invocations=913 (full 1):
 par new generation   total 109248K, used 8K [0x8ac00000, 0x92c00000, 0x92c00000)
  eden space 87424K,   0% used [0x8ac00000, 0x8ac00000, 0x90160000)
  from space 21824K,   0% used [0x90160000, 0x90162000, 0x916b0000)
  to   space 21824K,   0% used [0x916b0000, 0x916b0000, 0x92c00000)
 concurrent mark-sweep generation total 393216K, used 12844K [0x92c00000, 0xaac00000, 0xaac00000)
 concurrent-mark-sweep perm gen total 35404K, used 22530K [0xaac00000, 0xace93000, 0xb2c00000)
}
2015-02-20T16:10:25.728-0600: 2954.183: Total time for which application threads were stopped: 0.0087670 seconds
{Heap before GC invocations=913 (full 1):
 par new generation   total 109248K, used 87432K [0x8ac00000, 0x92c00000, 0x92c00000)
  eden space 87424K, 100% used [0x8ac00000, 0x90160000, 0x90160000)
  from space 21824K,   0% used [0x90160000, 0x90162000, 0x916b0000)
  to   space 21824K,   0% used [0x916b0000, 0x916b0000, 0x92c00000)
 concurrent mark-sweep generation total 393216K, used 12844K [0x92c00000, 0xaac00000, 0xaac00000)
 concurrent-mark-sweep perm gen total 35404K, used 22530K [0xaac00000, 0xace93000, 0xb2c00000)
2015-02-20T16:10:27.190-0600: 2955.645: [GC2015-02-20T16:10:27.190-0600: 2955.645: [ParNew
Desired survivor size 20112996 bytes, new threshold 8 (max 8)
- age   1:        936 bytes,        936 total
- age   2:        488 bytes,       1424 total
- age   3:        376 bytes,       1800 total
- age   4:         16 bytes,       1816 total
- age   5:        408 bytes,       2224 total
- age   6:        376 bytes,       2600 total
- age   7:        272 bytes,       2872 total
- age   8:        216 bytes,       3088 total
: 87432K->8K(109248K), 0.0052710 secs] 100276K->12853K(502464K), 0.0054840 secs] [Times: user=0.01 sys=0.00, real=0.00 secs] 
Heap after GC invocations=914 (full 1):
 par new generation   total 109248K, used 8K [0x8ac00000, 0x92c00000, 0x92c00000)
  eden space 87424K,   0% used [0x8ac00000, 0x8ac00000, 0x90160000)
  from space 21824K,   0% used [0x916b0000, 0x916b2000, 0x92c00000)
  to   space 21824K,   0% used [0x90160000, 0x90160000, 0x916b0000)
 concurrent mark-sweep generation total 393216K, used 12845K [0x92c00000, 0xaac00000, 0xaac00000)
 concurrent-mark-sweep perm gen total 35404K, used 22530K [0xaac00000, 0xace93000, 0xb2c00000)
}
2015-02-20T16:10:27.195-0600: 2955.650: Total time for which application threads were stopped: 0.0083230 seconds
{Heap before GC invocations=914 (full 1):
 par new generation   total 109248K, used 87432K [0x8ac00000, 0x92c00000, 0x92c00000)
  eden space 87424K, 100% used [0x8ac00000, 0x90160000, 0x90160000)
  from space 21824K,   0% used [0x916b0000, 0x916b2000, 0x92c00000)
  to   space 21824K,   0% used [0x90160000, 0x90160000, 0x916b0000)
 concurrent mark-sweep generation total 393216K, used 12845K [0x92c00000, 0xaac00000, 0xaac00000)
 concurrent-mark-sweep perm gen total 35404K, used 22530K [0xaac00000, 0xace93000, 0xb2c00000)
2015-02-20T16:10:28.688-0600: 2957.143: [GC2015-02-20T16:10:28.688-0600: 2957.143: [ParNew
Desired survivor size 20112996 bytes, new threshold 8 (max 8)
- age   1:       1112 bytes,       1112 total
- age   2:        240 bytes,       1352 total
- age   3:        360 bytes,       1712 total
- age   4:        376 bytes,       2088 total
- age   5:         16 bytes,       2104 total
- age   6:        408 bytes,       2512 total
- age   7:        376 bytes,       2888 total
- age   8:        272 bytes,       3160 total
: 87432K->4K(109248K), 0.0068100 secs] 100277K->12849K(502464K), 0.0070250 secs] [Times: user=0.01 sys=0.00, real=0.00 secs] 
Heap after GC invocations=915 (full 1):
 par new generation   total 109248K, used 4K [0x8ac00000, 0x92c00000, 0x92c00000)
  eden space 87424K,   0% used [0x8ac00000, 0x8ac00000, 0x90160000)
  from space 21824K,   0% used [0x90160000, 0x90161000, 0x916b0000)
  to   space 21824K,   0% used [0x916b0000, 0x916b0000, 0x92c00000)
 concurrent mark-sweep generation total 393216K, used 12845K [0x92c00000, 0xaac00000, 0xaac00000)
 concurrent-mark-sweep perm gen total 35404K, used 22530K [0xaac00000, 0xace93000, 0xb2c00000)
}
2015-02-20T16:10:28.695-0600: 2957.150: Total time for which application threads were stopped: 0.0098730 seconds
{Heap before GC invocations=915 (full 1):
 par new generation   total 109248K, used 87428K [0x8ac00000, 0x92c00000, 0x92c00000)
  eden space 87424K, 100% used [0x8ac00000, 0x90160000, 0x90160000)
  from space 21824K,   0% used [0x90160000, 0x90161000, 0x916b0000)
  to   space 21824K,   0% used [0x916b0000, 0x916b0000, 0x92c00000)
 concurrent mark-sweep generation total 393216K, used 12845K [0x92c00000, 0xaac00000, 0xaac00000)
 concurrent-mark-sweep perm gen total 35404K, used 22530K [0xaac00000, 0xace93000, 0xb2c00000)
2015-02-20T16:10:30.133-0600: 2958.588: [GC2015-02-20T16:10:30.133-0600: 2958.588: [ParNew
Desired survivor size 20112996 bytes, new threshold 8 (max 8)
- age   1:       1304 bytes,       1304 total
- age   2:        336 bytes,       1640 total
- age   3:        216 bytes,       1856 total
- age   4:        360 bytes,       2216 total
- age   5:        376 bytes,       2592 total
- age   6:         16 bytes,       2608 total
- age   7:        408 bytes,       3016 total
- age   8:        376 bytes,       3392 total
: 87428K->8K(109248K), 0.0066380 secs] 100273K->12853K(502464K), 0.0068470 secs] [Times: user=0.01 sys=0.00, real=0.01 secs] 
Heap after GC invocations=916 (full 1):
 par new generation   total 109248K, used 8K [0x8ac00000, 0x92c00000, 0x92c00000)
  eden space 87424K,   0% used [0x8ac00000, 0x8ac00000, 0x90160000)
  from space 21824K,   0% used [0x916b0000, 0x916b2000, 0x92c00000)
  to   space 21824K,   0% used [0x90160000, 0x90160000, 0x916b0000)
 concurrent mark-sweep generation total 393216K, used 12845K [0x92c00000, 0xaac00000, 0xaac00000)
 concurrent-mark-sweep perm gen total 35404K, used 22530K [0xaac00000, 0xace93000, 0xb2c00000)
}
2015-02-20T16:10:30.140-0600: 2958.595: Total time for which application threads were stopped: 0.0096300 seconds
{Heap before GC invocations=916 (full 1):
 par new generation   total 109248K, used 87432K [0x8ac00000, 0x92c00000, 0x92c00000)
  eden space 87424K, 100% used [0x8ac00000, 0x90160000, 0x90160000)
  from space 21824K,   0% used [0x916b0000, 0x916b2000, 0x92c00000)
  to   space 21824K,   0% used [0x90160000, 0x90160000, 0x916b0000)
 concurrent mark-sweep generation total 393216K, used 12845K [0x92c00000, 0xaac00000, 0xaac00000)
 concurrent-mark-sweep perm gen total 35404K, used 22530K [0xaac00000, 0xace93000, 0xb2c00000)
2015-02-20T16:10:31.452-0600: 2959.907: [GC2015-02-20T16:10:31.453-0600: 2959.908: [ParNew
Desired survivor size 20112996 bytes, new threshold 8 (max 8)
- age   1:       1136 bytes,       1136 total
- age   2:        376 bytes,       1512 total
- age   3:        336 bytes,       1848 total
- age   4:        216 bytes,       2064 total
- age   5:        360 bytes,       2424 total
- age   6:        376 bytes,       2800 total
- age   7:         16 bytes,       2816 total
- age   8:        408 bytes,       3224 total
: 87432K->8K(109248K), 0.0058230 secs] 100277K->12854K(502464K), 0.0060810 secs] [Times: user=0.00 sys=0.00, real=0.01 secs] 
Heap after GC invocations=917 (full 1):
 par new generation   total 109248K, used 8K [0x8ac00000, 0x92c00000, 0x92c00000)
  eden space 87424K,   0% used [0x8ac00000, 0x8ac00000, 0x90160000)
  from space 21824K,   0% used [0x90160000, 0x90162000, 0x916b0000)
  to   space 21824K,   0% used [0x916b0000, 0x916b0000, 0x92c00000)
 concurrent mark-sweep generation total 393216K, used 12846K [0x92c00000, 0xaac00000, 0xaac00000)
 concurrent-mark-sweep perm gen total 35404K, used 22530K [0xaac00000, 0xace93000, 0xb2c00000)
}
2015-02-20T16:10:31.459-0600: 2959.914: Total time for which application threads were stopped: 0.0087750 seconds
{Heap before GC invocations=917 (full 1):
 par new generation   total 109248K, used 87432K [0x8ac00000, 0x92c00000, 0x92c00000)
  eden space 87424K, 100% used [0x8ac00000, 0x90160000, 0x90160000)
  from space 21824K,   0% used [0x90160000, 0x90162000, 0x916b0000)
  to   space 21824K,   0% used [0x916b0000, 0x916b0000, 0x92c00000)
 concurrent mark-sweep generation total 393216K, used 12846K [0x92c00000, 0xaac00000, 0xaac00000)
 concurrent-mark-sweep perm gen total 35404K, used 22530K [0xaac00000, 0xace93000, 0xb2c00000)
2015-02-20T16:10:32.933-0600: 2961.388: [GC2015-02-20T16:10:32.933-0600: 2961.388: [ParNew
Desired survivor size 20112996 bytes, new threshold 8 (max 8)
- age   1:        664 bytes,        664 total
- age   2:        512 bytes,       1176 total
- age   3:        376 bytes,       1552 total
- age   4:        336 bytes,       1888 total
- age   5:        216 bytes,       2104 total
- age   6:        360 bytes,       2464 total
- age   7:        376 bytes,       2840 total
- age   8:         16 bytes,       2856 total
: 87432K->8K(109248K), 0.0065720 secs] 100278K->12854K(502464K), 0.0067650 secs] [Times: user=0.01 sys=0.00, real=0.01 secs] 
Heap after GC invocations=918 (full 1):
 par new generation   total 109248K, used 8K [0x8ac00000, 0x92c00000, 0x92c00000)
  eden space 87424K,   0% used [0x8ac00000, 0x8ac00000, 0x90160000)
  from space 21824K,   0% used [0x916b0000, 0x916b2000, 0x92c00000)
  to   space 21824K,   0% used [0x90160000, 0x90160000, 0x916b0000)
 concurrent mark-sweep generation total 393216K, used 12846K [0x92c00000, 0xaac00000, 0xaac00000)
 concurrent-mark-sweep perm gen total 35404K, used 22530K [0xaac00000, 0xace93000, 0xb2c00000)
}
2015-02-20T16:10:32.940-0600: 2961.395: Total time for which application threads were stopped: 0.0096160 seconds
{Heap before GC invocations=918 (full 1):
 par new generation   total 109248K, used 87432K [0x8ac00000, 0x92c00000, 0x92c00000)
  eden space 87424K, 100% used [0x8ac00000, 0x90160000, 0x90160000)
  from space 21824K,   0% used [0x916b0000, 0x916b2000, 0x92c00000)
  to   space 21824K,   0% used [0x90160000, 0x90160000, 0x916b0000)
 concurrent mark-sweep generation total 393216K, used 12846K [0x92c00000, 0xaac00000, 0xaac00000)
 concurrent-mark-sweep perm gen total 35404K, used 22530K [0xaac00000, 0xace93000, 0xb2c00000)
2015-02-20T16:10:34.430-0600: 2962.885: [GC2015-02-20T16:10:34.430-0600: 2962.886: [ParNew
Desired survivor size 20112996 bytes, new threshold 8 (max 8)
- age   1:       1224 bytes,       1224 total
- age   2:         16 bytes,       1240 total
- age   3:        360 bytes,       1600 total
- age   4:        376 bytes,       1976 total
- age   5:        336 bytes,       2312 total
- age   6:        216 bytes,       2528 total
- age   7:        360 bytes,       2888 total
- age   8:        376 bytes,       3264 total
: 87432K->6K(109248K), 0.0141290 secs] 100278K->12852K(502464K), 0.0145530 secs] [Times: user=0.02 sys=0.00, real=0.01 secs] 
Heap after GC invocations=919 (full 1):
 par new generation   total 109248K, used 6K [0x8ac00000, 0x92c00000, 0x92c00000)
  eden space 87424K,   0% used [0x8ac00000, 0x8ac00000, 0x90160000)
  from space 21824K,   0% used [0x90160000, 0x90161800, 0x916b0000)
  to   space 21824K,   0% used [0x916b0000, 0x916b0000, 0x92c00000)
 concurrent mark-sweep generation total 393216K, used 12846K [0x92c00000, 0xaac00000, 0xaac00000)
 concurrent-mark-sweep perm gen total 35404K, used 22530K [0xaac00000, 0xace93000, 0xb2c00000)
}
2015-02-20T16:10:34.445-0600: 2962.900: Total time for which application threads were stopped: 0.0215590 seconds
{Heap before GC invocations=919 (full 1):
 par new generation   total 109248K, used 87430K [0x8ac00000, 0x92c00000, 0x92c00000)
  eden space 87424K, 100% used [0x8ac00000, 0x90160000, 0x90160000)
  from space 21824K,   0% used [0x90160000, 0x90161800, 0x916b0000)
  to   space 21824K,   0% used [0x916b0000, 0x916b0000, 0x92c00000)
 concurrent mark-sweep generation total 393216K, used 12846K [0x92c00000, 0xaac00000, 0xaac00000)
 concurrent-mark-sweep perm gen total 35404K, used 22530K [0xaac00000, 0xace93000, 0xb2c00000)
2015-02-20T16:10:36.027-0600: 2964.482: [GC2015-02-20T16:10:36.027-0600: 2964.482: [ParNew
Desired survivor size 20112996 bytes, new threshold 8 (max 8)
- age   1:       1152 bytes,       1152 total
- age   2:        376 bytes,       1528 total
- age   3:         16 bytes,       1544 total
- age   4:        360 bytes,       1904 total
- age   5:        376 bytes,       2280 total
- age   6:        336 bytes,       2616 total
- age   7:        216 bytes,       2832 total
- age   8:        360 bytes,       3192 total
: 87430K->6K(109248K), 0.0078100 secs] 100276K->12852K(502464K), 0.0079820 secs] [Times: user=0.02 sys=0.01, real=0.01 secs] 
Heap after GC invocations=920 (full 1):
 par new generation   total 109248K, used 6K [0x8ac00000, 0x92c00000, 0x92c00000)
  eden space 87424K,   0% used [0x8ac00000, 0x8ac00000, 0x90160000)
  from space 21824K,   0% used [0x916b0000, 0x916b1800, 0x92c00000)
  to   space 21824K,   0% used [0x90160000, 0x90160000, 0x916b0000)
 concurrent mark-sweep generation total 393216K, used 12846K [0x92c00000, 0xaac00000, 0xaac00000)
 concurrent-mark-sweep perm gen total 35404K, used 22530K [0xaac00000, 0xace93000, 0xb2c00000)
}
2015-02-20T16:10:36.035-0600: 2964.490: Total time for which application threads were stopped: 0.0107010 seconds
{Heap before GC invocations=920 (full 1):
 par new generation   total 109248K, used 87430K [0x8ac00000, 0x92c00000, 0x92c00000)
  eden space 87424K, 100% used [0x8ac00000, 0x90160000, 0x90160000)
  from space 21824K,   0% used [0x916b0000, 0x916b1800, 0x92c00000)
  to   space 21824K,   0% used [0x90160000, 0x90160000, 0x916b0000)
 concurrent mark-sweep generation total 393216K, used 12846K [0x92c00000, 0xaac00000, 0xaac00000)
 concurrent-mark-sweep perm gen total 35404K, used 22530K [0xaac00000, 0xace93000, 0xb2c00000)
2015-02-20T16:10:38.090-0600: 2966.545: [GC2015-02-20T16:10:38.090-0600: 2966.545: [ParNew
Desired survivor size 20112996 bytes, new threshold 8 (max 8)
- age   1:       1304 bytes,       1304 total
- age   2:        376 bytes,       1680 total
- age   3:        376 bytes,       2056 total
- age   4:         16 bytes,       2072 total
- age   5:        360 bytes,       2432 total
- age   6:        376 bytes,       2808 total
- age   7:        336 bytes,       3144 total
- age   8:        216 bytes,       3360 total
: 87430K->8K(109248K), 0.0061830 secs] 100276K->12855K(502464K), 0.0063860 secs] [Times: user=0.01 sys=0.00, real=0.00 secs] 
Heap after GC invocations=921 (full 1):
 par new generation   total 109248K, used 8K [0x8ac00000, 0x92c00000, 0x92c00000)
  eden space 87424K,   0% used [0x8ac00000, 0x8ac00000, 0x90160000)
  from space 21824K,   0% used [0x90160000, 0x90162000, 0x916b0000)
  to   space 21824K,   0% used [0x916b0000, 0x916b0000, 0x92c00000)
 concurrent mark-sweep generation total 393216K, used 12847K [0x92c00000, 0xaac00000, 0xaac00000)
 concurrent-mark-sweep perm gen total 35404K, used 22530K [0xaac00000, 0xace93000, 0xb2c00000)
}
2015-02-20T16:10:38.096-0600: 2966.551: Total time for which application threads were stopped: 0.0090080 seconds
{Heap before GC invocations=921 (full 1):
 par new generation   total 109248K, used 87432K [0x8ac00000, 0x92c00000, 0x92c00000)
  eden space 87424K, 100% used [0x8ac00000, 0x90160000, 0x90160000)
  from space 21824K,   0% used [0x90160000, 0x90162000, 0x916b0000)
  to   space 21824K,   0% used [0x916b0000, 0x916b0000, 0x92c00000)
 concurrent mark-sweep generation total 393216K, used 12847K [0x92c00000, 0xaac00000, 0xaac00000)
 concurrent-mark-sweep perm gen total 35404K, used 22530K [0xaac00000, 0xace93000, 0xb2c00000)
2015-02-20T16:10:39.790-0600: 2968.245: [GC2015-02-20T16:10:39.790-0600: 2968.245: [ParNew
Desired survivor size 20112996 bytes, new threshold 8 (max 8)
- age   1:        992 bytes,        992 total
- age   2:        376 bytes,       1368 total
- age   3:        376 bytes,       1744 total
- age   4:        376 bytes,       2120 total
- age   5:         16 bytes,       2136 total
- age   6:        360 bytes,       2496 total
- age   7:        376 bytes,       2872 total
- age   8:        336 bytes,       3208 total
: 87432K->6K(109248K), 0.0072590 secs] 100279K->12853K(502464K), 0.0074860 secs] [Times: user=0.02 sys=0.00, real=0.01 secs] 
Heap after GC invocations=922 (full 1):
 par new generation   total 109248K, used 6K [0x8ac00000, 0x92c00000, 0x92c00000)
  eden space 87424K,   0% used [0x8ac00000, 0x8ac00000, 0x90160000)
  from space 21824K,   0% used [0x916b0000, 0x916b1800, 0x92c00000)
  to   space 21824K,   0% used [0x90160000, 0x90160000, 0x916b0000)
 concurrent mark-sweep generation total 393216K, used 12847K [0x92c00000, 0xaac00000, 0xaac00000)
 concurrent-mark-sweep perm gen total 35404K, used 22530K [0xaac00000, 0xace93000, 0xb2c00000)
}
2015-02-20T16:10:39.797-0600: 2968.252: Total time for which application threads were stopped: 0.0101630 seconds
{Heap before GC invocations=922 (full 1):
 par new generation   total 109248K, used 87430K [0x8ac00000, 0x92c00000, 0x92c00000)
  eden space 87424K, 100% used [0x8ac00000, 0x90160000, 0x90160000)
  from space 21824K,   0% used [0x916b0000, 0x916b1800, 0x92c00000)
  to   space 21824K,   0% used [0x90160000, 0x90160000, 0x916b0000)
 concurrent mark-sweep generation total 393216K, used 12847K [0x92c00000, 0xaac00000, 0xaac00000)
 concurrent-mark-sweep perm gen total 35404K, used 22530K [0xaac00000, 0xace93000, 0xb2c00000)
2015-02-20T16:10:41.350-0600: 2969.805: [GC2015-02-20T16:10:41.350-0600: 2969.805: [ParNew
Desired survivor size 20112996 bytes, new threshold 8 (max 8)
- age   1:        784 bytes,        784 total
- age   2:        488 bytes,       1272 total
- age   3:        376 bytes,       1648 total
- age   4:        376 bytes,       2024 total
- age   5:        376 bytes,       2400 total
- age   6:         16 bytes,       2416 total
- age   7:        360 bytes,       2776 total
- age   8:        376 bytes,       3152 total
: 87430K->10K(109248K), 0.0058320 secs] 100277K->12857K(502464K), 0.0060170 secs] [Times: user=0.01 sys=0.00, real=0.00 secs] 
Heap after GC invocations=923 (full 1):
 par new generation   total 109248K, used 10K [0x8ac00000, 0x92c00000, 0x92c00000)
  eden space 87424K,   0% used [0x8ac00000, 0x8ac00000, 0x90160000)
  from space 21824K,   0% used [0x90160000, 0x90162800, 0x916b0000)
  to   space 21824K,   0% used [0x916b0000, 0x916b0000, 0x92c00000)
 concurrent mark-sweep generation total 393216K, used 12847K [0x92c00000, 0xaac00000, 0xaac00000)
 concurrent-mark-sweep perm gen total 35404K, used 22530K [0xaac00000, 0xace93000, 0xb2c00000)
}
2015-02-20T16:10:41.356-0600: 2969.811: Total time for which application threads were stopped: 0.0086920 seconds
{Heap before GC invocations=923 (full 1):
 par new generation   total 109248K, used 87434K [0x8ac00000, 0x92c00000, 0x92c00000)
  eden space 87424K, 100% used [0x8ac00000, 0x90160000, 0x90160000)
  from space 21824K,   0% used [0x90160000, 0x90162800, 0x916b0000)
  to   space 21824K,   0% used [0x916b0000, 0x916b0000, 0x92c00000)
 concurrent mark-sweep generation total 393216K, used 12847K [0x92c00000, 0xaac00000, 0xaac00000)
 concurrent-mark-sweep perm gen total 35404K, used 22530K [0xaac00000, 0xace93000, 0xb2c00000)
2015-02-20T16:10:42.985-0600: 2971.440: [GC2015-02-20T16:10:42.985-0600: 2971.440: [ParNew
Desired survivor size 20112996 bytes, new threshold 8 (max 8)
- age   1:        928 bytes,        928 total
- age   2:        240 bytes,       1168 total
- age   3:        360 bytes,       1528 total
- age   4:        376 bytes,       1904 total
- age   5:        376 bytes,       2280 total
- age   6:        376 bytes,       2656 total
- age   7:         16 bytes,       2672 total
- age   8:        360 bytes,       3032 total
: 87434K->8K(109248K), 0.0056880 secs] 100281K->12856K(502464K), 0.0059410 secs] [Times: user=0.01 sys=0.00, real=0.01 secs] 
Heap after GC invocations=924 (full 1):
 par new generation   total 109248K, used 8K [0x8ac00000, 0x92c00000, 0x92c00000)
  eden space 87424K,   0% used [0x8ac00000, 0x8ac00000, 0x90160000)
  from space 21824K,   0% used [0x916b0000, 0x916b2000, 0x92c00000)
  to   space 21824K,   0% used [0x90160000, 0x90160000, 0x916b0000)
 concurrent mark-sweep generation total 393216K, used 12848K [0x92c00000, 0xaac00000, 0xaac00000)
 concurrent-mark-sweep perm gen total 35404K, used 22530K [0xaac00000, 0xace93000, 0xb2c00000)
}
2015-02-20T16:10:42.991-0600: 2971.446: Total time for which application threads were stopped: 0.0086550 seconds
{Heap before GC invocations=924 (full 1):
 par new generation   total 109248K, used 87432K [0x8ac00000, 0x92c00000, 0x92c00000)
  eden space 87424K, 100% used [0x8ac00000, 0x90160000, 0x90160000)
  from space 21824K,   0% used [0x916b0000, 0x916b2000, 0x92c00000)
  to   space 21824K,   0% used [0x90160000, 0x90160000, 0x916b0000)
 concurrent mark-sweep generation total 393216K, used 12848K [0x92c00000, 0xaac00000, 0xaac00000)
 concurrent-mark-sweep perm gen total 35404K, used 22530K [0xaac00000, 0xace93000, 0xb2c00000)
2015-02-20T16:10:44.571-0600: 2973.026: [GC2015-02-20T16:10:44.571-0600: 2973.026: [ParNew
Desired survivor size 20112996 bytes, new threshold 8 (max 8)
- age   1:       1304 bytes,       1304 total
- age   2:        176 bytes,       1480 total
- age   3:        216 bytes,       1696 total
- age   4:        360 bytes,       2056 total
- age   5:        376 bytes,       2432 total
- age   6:        376 bytes,       2808 total
- age   7:        376 bytes,       3184 total
- age   8:         16 bytes,       3200 total
: 87432K->8K(109248K), 0.0060750 secs] 100280K->12856K(502464K), 0.0062870 secs] [Times: user=0.01 sys=0.00, real=0.00 secs] 
Heap after GC invocations=925 (full 1):
 par new generation   total 109248K, used 8K [0x8ac00000, 0x92c00000, 0x92c00000)
  eden space 87424K,   0% used [0x8ac00000, 0x8ac00000, 0x90160000)
  from space 21824K,   0% used [0x90160000, 0x90162000, 0x916b0000)
  to   space 21824K,   0% used [0x916b0000, 0x916b0000, 0x92c00000)
 concurrent mark-sweep generation total 393216K, used 12848K [0x92c00000, 0xaac00000, 0xaac00000)
 concurrent-mark-sweep perm gen total 35404K, used 22530K [0xaac00000, 0xace93000, 0xb2c00000)
}
2015-02-20T16:10:44.577-0600: 2973.032: Total time for which application threads were stopped: 0.0091430 seconds
{Heap before GC invocations=925 (full 1):
 par new generation   total 109248K, used 87432K [0x8ac00000, 0x92c00000, 0x92c00000)
  eden space 87424K, 100% used [0x8ac00000, 0x90160000, 0x90160000)
  from space 21824K,   0% used [0x90160000, 0x90162000, 0x916b0000)
  to   space 21824K,   0% used [0x916b0000, 0x916b0000, 0x92c00000)
 concurrent mark-sweep generation total 393216K, used 12848K [0x92c00000, 0xaac00000, 0xaac00000)
 concurrent-mark-sweep perm gen total 35404K, used 22530K [0xaac00000, 0xace93000, 0xb2c00000)
2015-02-20T16:10:46.502-0600: 2974.957: [GC2015-02-20T16:10:46.502-0600: 2974.957: [ParNew
Desired survivor size 20112996 bytes, new threshold 8 (max 8)
- age   1:       1304 bytes,       1304 total
- age   2:        472 bytes,       1776 total
- age   3:        176 bytes,       1952 total
- age   4:        216 bytes,       2168 total
- age   5:        360 bytes,       2528 total
- age   6:        376 bytes,       2904 total
- age   7:        376 bytes,       3280 total
- age   8:        376 bytes,       3656 total
: 87432K->8K(109248K), 0.0091370 secs] 100280K->12856K(502464K), 0.0094050 secs] [Times: user=0.02 sys=0.00, real=0.01 secs] 
Heap after GC invocations=926 (full 1):
 par new generation   total 109248K, used 8K [0x8ac00000, 0x92c00000, 0x92c00000)
  eden space 87424K,   0% used [0x8ac00000, 0x8ac00000, 0x90160000)
  from space 21824K,   0% used [0x916b0000, 0x916b2000, 0x92c00000)
  to   space 21824K,   0% used [0x90160000, 0x90160000, 0x916b0000)
 concurrent mark-sweep generation total 393216K, used 12848K [0x92c00000, 0xaac00000, 0xaac00000)
 concurrent-mark-sweep perm gen total 35404K, used 22530K [0xaac00000, 0xace93000, 0xb2c00000)
}
2015-02-20T16:10:46.511-0600: 2974.966: Total time for which application threads were stopped: 0.0123870 seconds
{Heap before GC invocations=926 (full 1):
 par new generation   total 109248K, used 87432K [0x8ac00000, 0x92c00000, 0x92c00000)
  eden space 87424K, 100% used [0x8ac00000, 0x90160000, 0x90160000)
  from space 21824K,   0% used [0x916b0000, 0x916b2000, 0x92c00000)
  to   space 21824K,   0% used [0x90160000, 0x90160000, 0x916b0000)
 concurrent mark-sweep generation total 393216K, used 12848K [0x92c00000, 0xaac00000, 0xaac00000)
 concurrent-mark-sweep perm gen total 35404K, used 22530K [0xaac00000, 0xace93000, 0xb2c00000)
2015-02-20T16:10:48.629-0600: 2977.084: [GC2015-02-20T16:10:48.629-0600: 2977.084: [ParNew
Desired survivor size 20112996 bytes, new threshold 8 (max 8)
- age   1:       1176 bytes,       1176 total
- age   2:        376 bytes,       1552 total
- age   3:        472 bytes,       2024 total
- age   4:        176 bytes,       2200 total
- age   5:        216 bytes,       2416 total
- age   6:        360 bytes,       2776 total
- age   7:        376 bytes,       3152 total
- age   8:        376 bytes,       3528 total
: 87432K->8K(109248K), 0.0058370 secs] 100280K->12856K(502464K), 0.0060110 secs] [Times: user=0.01 sys=0.00, real=0.00 secs] 
Heap after GC invocations=927 (full 1):
 par new generation   total 109248K, used 8K [0x8ac00000, 0x92c00000, 0x92c00000)
  eden space 87424K,   0% used [0x8ac00000, 0x8ac00000, 0x90160000)
  from space 21824K,   0% used [0x90160000, 0x90162000, 0x916b0000)
  to   space 21824K,   0% used [0x916b0000, 0x916b0000, 0x92c00000)
 concurrent mark-sweep generation total 393216K, used 12848K [0x92c00000, 0xaac00000, 0xaac00000)
 concurrent-mark-sweep perm gen total 35404K, used 22530K [0xaac00000, 0xace93000, 0xb2c00000)
}
2015-02-20T16:10:48.635-0600: 2977.090: Total time for which application threads were stopped: 0.0093660 seconds
{Heap before GC invocations=927 (full 1):
 par new generation   total 109248K, used 87432K [0x8ac00000, 0x92c00000, 0x92c00000)
  eden space 87424K, 100% used [0x8ac00000, 0x90160000, 0x90160000)
  from space 21824K,   0% used [0x90160000, 0x90162000, 0x916b0000)
  to   space 21824K,   0% used [0x916b0000, 0x916b0000, 0x92c00000)
 concurrent mark-sweep generation total 393216K, used 12848K [0x92c00000, 0xaac00000, 0xaac00000)
 concurrent-mark-sweep perm gen total 35404K, used 22530K [0xaac00000, 0xace93000, 0xb2c00000)
2015-02-20T16:10:50.719-0600: 2979.174: [GC2015-02-20T16:10:50.719-0600: 2979.174: [ParNew
Desired survivor size 20112996 bytes, new threshold 8 (max 8)
- age   1:       1120 bytes,       1120 total
- age   2:        376 bytes,       1496 total
- age   3:        376 bytes,       1872 total
- age   4:        472 bytes,       2344 total
- age   5:        176 bytes,       2520 total
- age   6:        216 bytes,       2736 total
- age   7:        360 bytes,       3096 total
- age   8:        376 bytes,       3472 total
: 87432K->6K(109248K), 0.0078260 secs] 100280K->12855K(502464K), 0.0080540 secs] [Times: user=0.01 sys=0.01, real=0.00 secs] 
Heap after GC invocations=928 (full 1):
 par new generation   total 109248K, used 6K [0x8ac00000, 0x92c00000, 0x92c00000)
  eden space 87424K,   0% used [0x8ac00000, 0x8ac00000, 0x90160000)
  from space 21824K,   0% used [0x916b0000, 0x916b1800, 0x92c00000)
  to   space 21824K,   0% used [0x90160000, 0x90160000, 0x916b0000)
 concurrent mark-sweep generation total 393216K, used 12849K [0x92c00000, 0xaac00000, 0xaac00000)
 concurrent-mark-sweep perm gen total 35404K, used 22530K [0xaac00000, 0xace93000, 0xb2c00000)
}
2015-02-20T16:10:50.727-0600: 2979.182: Total time for which application threads were stopped: 0.0108390 seconds
{Heap before GC invocations=928 (full 1):
 par new generation   total 109248K, used 87430K [0x8ac00000, 0x92c00000, 0x92c00000)
  eden space 87424K, 100% used [0x8ac00000, 0x90160000, 0x90160000)
  from space 21824K,   0% used [0x916b0000, 0x916b1800, 0x92c00000)
  to   space 21824K,   0% used [0x90160000, 0x90160000, 0x916b0000)
 concurrent mark-sweep generation total 393216K, used 12849K [0x92c00000, 0xaac00000, 0xaac00000)
 concurrent-mark-sweep perm gen total 35404K, used 22530K [0xaac00000, 0xace93000, 0xb2c00000)
2015-02-20T16:10:52.410-0600: 2980.865: [GC2015-02-20T16:10:52.410-0600: 2980.865: [ParNew
Desired survivor size 20112996 bytes, new threshold 8 (max 8)
- age   1:       1056 bytes,       1056 total
- age   2:        376 bytes,       1432 total
- age   3:        376 bytes,       1808 total
- age   4:        376 bytes,       2184 total
- age   5:        472 bytes,       2656 total
- age   6:        176 bytes,       2832 total
- age   7:        216 bytes,       3048 total
- age   8:        360 bytes,       3408 total
: 87430K->8K(109248K), 0.0067830 secs] 100279K->12857K(502464K), 0.0069940 secs] [Times: user=0.01 sys=0.01, real=0.00 secs] 
Heap after GC invocations=929 (full 1):
 par new generation   total 109248K, used 8K [0x8ac00000, 0x92c00000, 0x92c00000)
  eden space 87424K,   0% used [0x8ac00000, 0x8ac00000, 0x90160000)
  from space 21824K,   0% used [0x90160000, 0x90162000, 0x916b0000)
  to   space 21824K,   0% used [0x916b0000, 0x916b0000, 0x92c00000)
 concurrent mark-sweep generation total 393216K, used 12849K [0x92c00000, 0xaac00000, 0xaac00000)
 concurrent-mark-sweep perm gen total 35404K, used 22530K [0xaac00000, 0xace93000, 0xb2c00000)
}
2015-02-20T16:10:52.417-0600: 2980.872: Total time for which application threads were stopped: 0.0097460 seconds
{Heap before GC invocations=929 (full 1):
 par new generation   total 109248K, used 87432K [0x8ac00000, 0x92c00000, 0x92c00000)
  eden space 87424K, 100% used [0x8ac00000, 0x90160000, 0x90160000)
  from space 21824K,   0% used [0x90160000, 0x90162000, 0x916b0000)
  to   space 21824K,   0% used [0x916b0000, 0x916b0000, 0x92c00000)
 concurrent mark-sweep generation total 393216K, used 12849K [0x92c00000, 0xaac00000, 0xaac00000)
 concurrent-mark-sweep perm gen total 35404K, used 22530K [0xaac00000, 0xace93000, 0xb2c00000)
2015-02-20T16:10:53.763-0600: 2982.218: [GC2015-02-20T16:10:53.763-0600: 2982.218: [ParNew
Desired survivor size 20112996 bytes, new threshold 8 (max 8)
- age   1:        952 bytes,        952 total
- age   2:        400 bytes,       1352 total
- age   3:        376 bytes,       1728 total
- age   4:        376 bytes,       2104 total
- age   5:        376 bytes,       2480 total
- age   6:        472 bytes,       2952 total
- age   7:        176 bytes,       3128 total
- age   8:        216 bytes,       3344 total
: 87432K->8K(109248K), 0.0209840 secs] 100281K->12857K(502464K), 0.0211710 secs] [Times: user=0.02 sys=0.00, real=0.02 secs] 
Heap after GC invocations=930 (full 1):
 par new generation   total 109248K, used 8K [0x8ac00000, 0x92c00000, 0x92c00000)
  eden space 87424K,   0% used [0x8ac00000, 0x8ac00000, 0x90160000)
  from space 21824K,   0% used [0x916b0000, 0x916b2000, 0x92c00000)
  to   space 21824K,   0% used [0x90160000, 0x90160000, 0x916b0000)
 concurrent mark-sweep generation total 393216K, used 12849K [0x92c00000, 0xaac00000, 0xaac00000)
 concurrent-mark-sweep perm gen total 35404K, used 22530K [0xaac00000, 0xace93000, 0xb2c00000)
}
2015-02-20T16:10:53.784-0600: 2982.239: Total time for which application threads were stopped: 0.0298010 seconds
{Heap before GC invocations=930 (full 1):
 par new generation   total 109248K, used 87432K [0x8ac00000, 0x92c00000, 0x92c00000)
  eden space 87424K, 100% used [0x8ac00000, 0x90160000, 0x90160000)
  from space 21824K,   0% used [0x916b0000, 0x916b2000, 0x92c00000)
  to   space 21824K,   0% used [0x90160000, 0x90160000, 0x916b0000)
 concurrent mark-sweep generation total 393216K, used 12849K [0x92c00000, 0xaac00000, 0xaac00000)
 concurrent-mark-sweep perm gen total 35404K, used 22530K [0xaac00000, 0xace93000, 0xb2c00000)
2015-02-20T16:10:54.683-0600: 2983.138: [GC2015-02-20T16:10:54.683-0600: 2983.138: [ParNew
Desired survivor size 20112996 bytes, new threshold 8 (max 8)
- age   1:        432 bytes,        432 total
- age   2:        512 bytes,        944 total
- age   3:        400 bytes,       1344 total
- age   4:        376 bytes,       1720 total
- age   5:        376 bytes,       2096 total
- age   6:        376 bytes,       2472 total
- age   7:        472 bytes,       2944 total
- age   8:        176 bytes,       3120 total
: 87432K->8K(109248K), 0.0161780 secs] 100281K->12858K(502464K), 0.0164650 secs] [Times: user=0.01 sys=0.01, real=0.02 secs] 
Heap after GC invocations=931 (full 1):
 par new generation   total 109248K, used 8K [0x8ac00000, 0x92c00000, 0x92c00000)
  eden space 87424K,   0% used [0x8ac00000, 0x8ac00000, 0x90160000)
  from space 21824K,   0% used [0x90160000, 0x90162000, 0x916b0000)
  to   space 21824K,   0% used [0x916b0000, 0x916b0000, 0x92c00000)
 concurrent mark-sweep generation total 393216K, used 12850K [0x92c00000, 0xaac00000, 0xaac00000)
 concurrent-mark-sweep perm gen total 35404K, used 22530K [0xaac00000, 0xace93000, 0xb2c00000)
}
2015-02-20T16:10:54.700-0600: 2983.155: Total time for which application threads were stopped: 0.0236560 seconds
{Heap before GC invocations=931 (full 1):
 par new generation   total 109248K, used 87432K [0x8ac00000, 0x92c00000, 0x92c00000)
  eden space 87424K, 100% used [0x8ac00000, 0x90160000, 0x90160000)
  from space 21824K,   0% used [0x90160000, 0x90162000, 0x916b0000)
  to   space 21824K,   0% used [0x916b0000, 0x916b0000, 0x92c00000)
 concurrent mark-sweep generation total 393216K, used 12850K [0x92c00000, 0xaac00000, 0xaac00000)
 concurrent-mark-sweep perm gen total 35404K, used 22530K [0xaac00000, 0xace93000, 0xb2c00000)
2015-02-20T16:10:55.800-0600: 2984.255: [GC2015-02-20T16:10:55.800-0600: 2984.255: [ParNew
Desired survivor size 20112996 bytes, new threshold 8 (max 8)
- age   1:       1040 bytes,       1040 total
- age   2:         16 bytes,       1056 total
- age   3:        360 bytes,       1416 total
- age   4:        400 bytes,       1816 total
- age   5:        376 bytes,       2192 total
- age   6:        376 bytes,       2568 total
- age   7:        376 bytes,       2944 total
- age   8:        472 bytes,       3416 total
: 87432K->8K(109248K), 0.0227860 secs] 100282K->12858K(502464K), 0.0229710 secs] [Times: user=0.03 sys=0.00, real=0.02 secs] 
Heap after GC invocations=932 (full 1):
 par new generation   total 109248K, used 8K [0x8ac00000, 0x92c00000, 0x92c00000)
  eden space 87424K,   0% used [0x8ac00000, 0x8ac00000, 0x90160000)
  from space 21824K,   0% used [0x916b0000, 0x916b2000, 0x92c00000)
  to   space 21824K,   0% used [0x90160000, 0x90160000, 0x916b0000)
 concurrent mark-sweep generation total 393216K, used 12850K [0x92c00000, 0xaac00000, 0xaac00000)
 concurrent-mark-sweep perm gen total 35404K, used 22530K [0xaac00000, 0xace93000, 0xb2c00000)
}
2015-02-20T16:10:55.823-0600: 2984.278: Total time for which application threads were stopped: 0.0320840 seconds
{Heap before GC invocations=932 (full 1):
 par new generation   total 109248K, used 87432K [0x8ac00000, 0x92c00000, 0x92c00000)
  eden space 87424K, 100% used [0x8ac00000, 0x90160000, 0x90160000)
  from space 21824K,   0% used [0x916b0000, 0x916b2000, 0x92c00000)
  to   space 21824K,   0% used [0x90160000, 0x90160000, 0x916b0000)
 concurrent mark-sweep generation total 393216K, used 12850K [0x92c00000, 0xaac00000, 0xaac00000)
 concurrent-mark-sweep perm gen total 35404K, used 22530K [0xaac00000, 0xace93000, 0xb2c00000)
2015-02-20T16:10:57.236-0600: 2985.691: [GC2015-02-20T16:10:57.236-0600: 2985.691: [ParNew
Desired survivor size 20112996 bytes, new threshold 8 (max 8)
- age   1:        480 bytes,        480 total
- age   2:        632 bytes,       1112 total
- age   3:         16 bytes,       1128 total
- age   4:        360 bytes,       1488 total
- age   5:        400 bytes,       1888 total
- age   6:        376 bytes,       2264 total
- age   7:        376 bytes,       2640 total
- age   8:        376 bytes,       3016 total
: 87432K->6K(109248K), 0.0164710 secs] 100282K->12856K(502464K), 0.0166930 secs] [Times: user=0.03 sys=0.00, real=0.02 secs] 
Heap after GC invocations=933 (full 1):
 par new generation   total 109248K, used 6K [0x8ac00000, 0x92c00000, 0x92c00000)
  eden space 87424K,   0% used [0x8ac00000, 0x8ac00000, 0x90160000)
  from space 21824K,   0% used [0x90160000, 0x90161800, 0x916b0000)
  to   space 21824K,   0% used [0x916b0000, 0x916b0000, 0x92c00000)
 concurrent mark-sweep generation total 393216K, used 12850K [0x92c00000, 0xaac00000, 0xaac00000)
 concurrent-mark-sweep perm gen total 35404K, used 22530K [0xaac00000, 0xace93000, 0xb2c00000)
}
2015-02-20T16:10:57.253-0600: 2985.708: Total time for which application threads were stopped: 0.0195470 seconds
{Heap before GC invocations=933 (full 1):
 par new generation   total 109248K, used 87430K [0x8ac00000, 0x92c00000, 0x92c00000)
  eden space 87424K, 100% used [0x8ac00000, 0x90160000, 0x90160000)
  from space 21824K,   0% used [0x90160000, 0x90161800, 0x916b0000)
  to   space 21824K,   0% used [0x916b0000, 0x916b0000, 0x92c00000)
 concurrent mark-sweep generation total 393216K, used 12850K [0x92c00000, 0xaac00000, 0xaac00000)
 concurrent-mark-sweep perm gen total 35404K, used 22530K [0xaac00000, 0xace93000, 0xb2c00000)
2015-02-20T16:10:58.865-0600: 2987.320: [GC2015-02-20T16:10:58.865-0600: 2987.320: [ParNew
Desired survivor size 20112996 bytes, new threshold 8 (max 8)
- age   1:        808 bytes,        808 total
- age   2:        272 bytes,       1080 total
- age   3:        504 bytes,       1584 total
- age   4:         16 bytes,       1600 total
- age   5:        360 bytes,       1960 total
- age   6:        400 bytes,       2360 total
- age   7:        376 bytes,       2736 total
- age   8:        376 bytes,       3112 total
: 87430K->8K(109248K), 0.0058810 secs] 100280K->12859K(502464K), 0.0061040 secs] [Times: user=0.01 sys=0.00, real=0.01 secs] 
Heap after GC invocations=934 (full 1):
 par new generation   total 109248K, used 8K [0x8ac00000, 0x92c00000, 0x92c00000)
  eden space 87424K,   0% used [0x8ac00000, 0x8ac00000, 0x90160000)
  from space 21824K,   0% used [0x916b0000, 0x916b2000, 0x92c00000)
  to   space 21824K,   0% used [0x90160000, 0x90160000, 0x916b0000)
 concurrent mark-sweep generation total 393216K, used 12851K [0x92c00000, 0xaac00000, 0xaac00000)
 concurrent-mark-sweep perm gen total 35404K, used 22530K [0xaac00000, 0xace93000, 0xb2c00000)
}
2015-02-20T16:10:58.871-0600: 2987.326: Total time for which application threads were stopped: 0.0091160 seconds
{Heap before GC invocations=934 (full 1):
 par new generation   total 109248K, used 87432K [0x8ac00000, 0x92c00000, 0x92c00000)
  eden space 87424K, 100% used [0x8ac00000, 0x90160000, 0x90160000)
  from space 21824K,   0% used [0x916b0000, 0x916b2000, 0x92c00000)
  to   space 21824K,   0% used [0x90160000, 0x90160000, 0x916b0000)
 concurrent mark-sweep generation total 393216K, used 12851K [0x92c00000, 0xaac00000, 0xaac00000)
 concurrent-mark-sweep perm gen total 35404K, used 22530K [0xaac00000, 0xace93000, 0xb2c00000)
2015-02-20T16:11:00.335-0600: 2988.790: [GC2015-02-20T16:11:00.335-0600: 2988.790: [ParNew
Desired survivor size 20112996 bytes, new threshold 8 (max 8)
- age   1:       1000 bytes,       1000 total
- age   2:        176 bytes,       1176 total
- age   3:        248 bytes,       1424 total
- age   4:        504 bytes,       1928 total
- age   5:         16 bytes,       1944 total
- age   6:        360 bytes,       2304 total
- age   7:        400 bytes,       2704 total
- age   8:        376 bytes,       3080 total
: 87432K->8K(109248K), 0.0151530 secs] 100283K->12859K(502464K), 0.0153640 secs] [Times: user=0.03 sys=0.00, real=0.02 secs] 
Heap after GC invocations=935 (full 1):
 par new generation   total 109248K, used 8K [0x8ac00000, 0x92c00000, 0x92c00000)
  eden space 87424K,   0% used [0x8ac00000, 0x8ac00000, 0x90160000)
  from space 21824K,   0% used [0x90160000, 0x90162000, 0x916b0000)
  to   space 21824K,   0% used [0x916b0000, 0x916b0000, 0x92c00000)
 concurrent mark-sweep generation total 393216K, used 12851K [0x92c00000, 0xaac00000, 0xaac00000)
 concurrent-mark-sweep perm gen total 35404K, used 22530K [0xaac00000, 0xace93000, 0xb2c00000)
}
2015-02-20T16:11:00.351-0600: 2988.806: Total time for which application threads were stopped: 0.0183170 seconds
{Heap before GC invocations=935 (full 1):
 par new generation   total 109248K, used 87432K [0x8ac00000, 0x92c00000, 0x92c00000)
  eden space 87424K, 100% used [0x8ac00000, 0x90160000, 0x90160000)
  from space 21824K,   0% used [0x90160000, 0x90162000, 0x916b0000)
  to   space 21824K,   0% used [0x916b0000, 0x916b0000, 0x92c00000)
 concurrent mark-sweep generation total 393216K, used 12851K [0x92c00000, 0xaac00000, 0xaac00000)
 concurrent-mark-sweep perm gen total 35404K, used 22530K [0xaac00000, 0xace93000, 0xb2c00000)
2015-02-20T16:11:01.611-0600: 2990.066: [GC2015-02-20T16:11:01.611-0600: 2990.066: [ParNew
Desired survivor size 20112996 bytes, new threshold 8 (max 8)
- age   1:        840 bytes,        840 total
- age   2:        400 bytes,       1240 total
- age   3:        176 bytes,       1416 total
- age   4:        248 bytes,       1664 total
- age   5:        504 bytes,       2168 total
- age   6:         16 bytes,       2184 total
- age   7:        360 bytes,       2544 total
- age   8:        400 bytes,       2944 total
: 87432K->8K(109248K), 0.0309690 secs] 100283K->12859K(502464K), 0.0311750 secs] [Times: user=0.03 sys=0.00, real=0.03 secs] 
Heap after GC invocations=936 (full 1):
 par new generation   total 109248K, used 8K [0x8ac00000, 0x92c00000, 0x92c00000)
  eden space 87424K,   0% used [0x8ac00000, 0x8ac00000, 0x90160000)
  from space 21824K,   0% used [0x916b0000, 0x916b2000, 0x92c00000)
  to   space 21824K,   0% used [0x90160000, 0x90160000, 0x916b0000)
 concurrent mark-sweep generation total 393216K, used 12851K [0x92c00000, 0xaac00000, 0xaac00000)
 concurrent-mark-sweep perm gen total 35404K, used 22530K [0xaac00000, 0xace93000, 0xb2c00000)
}
2015-02-20T16:11:01.642-0600: 2990.097: Total time for which application threads were stopped: 0.0339460 seconds
{Heap before GC invocations=936 (full 1):
 par new generation   total 109248K, used 87432K [0x8ac00000, 0x92c00000, 0x92c00000)
  eden space 87424K, 100% used [0x8ac00000, 0x90160000, 0x90160000)
  from space 21824K,   0% used [0x916b0000, 0x916b2000, 0x92c00000)
  to   space 21824K,   0% used [0x90160000, 0x90160000, 0x916b0000)
 concurrent mark-sweep generation total 393216K, used 12851K [0x92c00000, 0xaac00000, 0xaac00000)
 concurrent-mark-sweep perm gen total 35404K, used 22530K [0xaac00000, 0xace93000, 0xb2c00000)
2015-02-20T16:11:02.907-0600: 2991.362: [GC2015-02-20T16:11:02.907-0600: 2991.362: [ParNew
Desired survivor size 20112996 bytes, new threshold 8 (max 8)
- age   1:        432 bytes,        432 total
- age   2:        536 bytes,        968 total
- age   3:        400 bytes,       1368 total
- age   4:        176 bytes,       1544 total
- age   5:        248 bytes,       1792 total
- age   6:        504 bytes,       2296 total
- age   7:         16 bytes,       2312 total
- age   8:        360 bytes,       2672 total
: 87432K->6K(109248K), 0.0244800 secs] 100283K->12858K(502464K), 0.0247480 secs] [Times: user=0.02 sys=0.00, real=0.03 secs] 
Heap after GC invocations=937 (full 1):
 par new generation   total 109248K, used 6K [0x8ac00000, 0x92c00000, 0x92c00000)
  eden space 87424K,   0% used [0x8ac00000, 0x8ac00000, 0x90160000)
  from space 21824K,   0% used [0x90160000, 0x90161800, 0x916b0000)
  to   space 21824K,   0% used [0x916b0000, 0x916b0000, 0x92c00000)
 concurrent mark-sweep generation total 393216K, used 12852K [0x92c00000, 0xaac00000, 0xaac00000)
 concurrent-mark-sweep perm gen total 35404K, used 22530K [0xaac00000, 0xace93000, 0xb2c00000)
}
2015-02-20T16:11:02.932-0600: 2991.387: Total time for which application threads were stopped: 0.0322620 seconds
{Heap before GC invocations=937 (full 1):
 par new generation   total 109248K, used 87430K [0x8ac00000, 0x92c00000, 0x92c00000)
  eden space 87424K, 100% used [0x8ac00000, 0x90160000, 0x90160000)
  from space 21824K,   0% used [0x90160000, 0x90161800, 0x916b0000)
  to   space 21824K,   0% used [0x916b0000, 0x916b0000, 0x92c00000)
 concurrent mark-sweep generation total 393216K, used 12852K [0x92c00000, 0xaac00000, 0xaac00000)
 concurrent-mark-sweep perm gen total 35404K, used 22530K [0xaac00000, 0xace93000, 0xb2c00000)
2015-02-20T16:11:04.467-0600: 2992.922: [GC2015-02-20T16:11:04.467-0600: 2992.922: [ParNew
Desired survivor size 20112996 bytes, new threshold 8 (max 8)
- age   1:       1280 bytes,       1280 total
- age   2:         16 bytes,       1296 total
- age   3:        384 bytes,       1680 total
- age   4:        400 bytes,       2080 total
- age   5:        176 bytes,       2256 total
- age   6:        248 bytes,       2504 total
- age   7:        504 bytes,       3008 total
- age   8:         16 bytes,       3024 total
: 87430K->8K(109248K), 0.0150360 secs] 100282K->12860K(502464K), 0.0155250 secs] [Times: user=0.01 sys=0.00, real=0.02 secs] 
Heap after GC invocations=938 (full 1):
 par new generation   total 109248K, used 8K [0x8ac00000, 0x92c00000, 0x92c00000)
  eden space 87424K,   0% used [0x8ac00000, 0x8ac00000, 0x90160000)
  from space 21824K,   0% used [0x916b0000, 0x916b2000, 0x92c00000)
  to   space 21824K,   0% used [0x90160000, 0x90160000, 0x916b0000)
 concurrent mark-sweep generation total 393216K, used 12852K [0x92c00000, 0xaac00000, 0xaac00000)
 concurrent-mark-sweep perm gen total 35404K, used 22530K [0xaac00000, 0xace93000, 0xb2c00000)
}
2015-02-20T16:11:04.482-0600: 2992.937: Total time for which application threads were stopped: 0.0217330 seconds
{Heap before GC invocations=938 (full 1):
 par new generation   total 109248K, used 87432K [0x8ac00000, 0x92c00000, 0x92c00000)
  eden space 87424K, 100% used [0x8ac00000, 0x90160000, 0x90160000)
  from space 21824K,   0% used [0x916b0000, 0x916b2000, 0x92c00000)
  to   space 21824K,   0% used [0x90160000, 0x90160000, 0x916b0000)
 concurrent mark-sweep generation total 393216K, used 12852K [0x92c00000, 0xaac00000, 0xaac00000)
 concurrent-mark-sweep perm gen total 35404K, used 22530K [0xaac00000, 0xace93000, 0xb2c00000)
2015-02-20T16:11:05.794-0600: 2994.249: [GC2015-02-20T16:11:05.794-0600: 2994.249: [ParNew
Desired survivor size 20112996 bytes, new threshold 8 (max 8)
- age   1:        840 bytes,        840 total
- age   2:        448 bytes,       1288 total
- age   3:         16 bytes,       1304 total
- age   4:        384 bytes,       1688 total
- age   5:        400 bytes,       2088 total
- age   6:        176 bytes,       2264 total
- age   7:        248 bytes,       2512 total
- age   8:        504 bytes,       3016 total
: 87432K->6K(109248K), 0.0082490 secs] 100284K->12858K(502464K), 0.0084610 secs] [Times: user=0.02 sys=0.00, real=0.01 secs] 
Heap after GC invocations=939 (full 1):
 par new generation   total 109248K, used 6K [0x8ac00000, 0x92c00000, 0x92c00000)
  eden space 87424K,   0% used [0x8ac00000, 0x8ac00000, 0x90160000)
  from space 21824K,   0% used [0x90160000, 0x90161800, 0x916b0000)
  to   space 21824K,   0% used [0x916b0000, 0x916b0000, 0x92c00000)
 concurrent mark-sweep generation total 393216K, used 12852K [0x92c00000, 0xaac00000, 0xaac00000)
 concurrent-mark-sweep perm gen total 35404K, used 22530K [0xaac00000, 0xace93000, 0xb2c00000)
}
2015-02-20T16:11:05.802-0600: 2994.257: Total time for which application threads were stopped: 0.0112250 seconds
{Heap before GC invocations=939 (full 1):
 par new generation   total 109248K, used 87430K [0x8ac00000, 0x92c00000, 0x92c00000)
  eden space 87424K, 100% used [0x8ac00000, 0x90160000, 0x90160000)
  from space 21824K,   0% used [0x90160000, 0x90161800, 0x916b0000)
  to   space 21824K,   0% used [0x916b0000, 0x916b0000, 0x92c00000)
 concurrent mark-sweep generation total 393216K, used 12852K [0x92c00000, 0xaac00000, 0xaac00000)
 concurrent-mark-sweep perm gen total 35404K, used 22530K [0xaac00000, 0xace93000, 0xb2c00000)
2015-02-20T16:11:07.187-0600: 2995.642: [GC2015-02-20T16:11:07.187-0600: 2995.642: [ParNew
Desired survivor size 20112996 bytes, new threshold 8 (max 8)
- age   1:        656 bytes,        656 total
- age   2:        512 bytes,       1168 total
- age   3:        448 bytes,       1616 total
- age   4:         16 bytes,       1632 total
- age   5:        384 bytes,       2016 total
- age   6:        400 bytes,       2416 total
- age   7:        176 bytes,       2592 total
- age   8:        248 bytes,       2840 total
: 87430K->8K(109248K), 0.0350120 secs] 100282K->12861K(502464K), 0.0356470 secs] [Times: user=0.03 sys=0.00, real=0.04 secs] 
Heap after GC invocations=940 (full 1):
 par new generation   total 109248K, used 8K [0x8ac00000, 0x92c00000, 0x92c00000)
  eden space 87424K,   0% used [0x8ac00000, 0x8ac00000, 0x90160000)
  from space 21824K,   0% used [0x916b0000, 0x916b2000, 0x92c00000)
  to   space 21824K,   0% used [0x90160000, 0x90160000, 0x916b0000)
 concurrent mark-sweep generation total 393216K, used 12853K [0x92c00000, 0xaac00000, 0xaac00000)
 concurrent-mark-sweep perm gen total 35404K, used 22530K [0xaac00000, 0xace93000, 0xb2c00000)
}
2015-02-20T16:11:07.223-0600: 2995.678: Total time for which application threads were stopped: 0.0460520 seconds
{Heap before GC invocations=940 (full 1):
 par new generation   total 109248K, used 87432K [0x8ac00000, 0x92c00000, 0x92c00000)
  eden space 87424K, 100% used [0x8ac00000, 0x90160000, 0x90160000)
  from space 21824K,   0% used [0x916b0000, 0x916b2000, 0x92c00000)
  to   space 21824K,   0% used [0x90160000, 0x90160000, 0x916b0000)
 concurrent mark-sweep generation total 393216K, used 12853K [0x92c00000, 0xaac00000, 0xaac00000)
 concurrent-mark-sweep perm gen total 35404K, used 22530K [0xaac00000, 0xace93000, 0xb2c00000)
2015-02-20T16:11:08.782-0600: 2997.237: [GC2015-02-20T16:11:08.782-0600: 2997.237: [ParNew
Desired survivor size 20112996 bytes, new threshold 8 (max 8)
- age   1:        752 bytes,        752 total
- age   2:        240 bytes,        992 total
- age   3:        384 bytes,       1376 total
- age   4:        448 bytes,       1824 total
- age   5:         16 bytes,       1840 total
- age   6:        384 bytes,       2224 total
- age   7:        400 bytes,       2624 total
- age   8:        176 bytes,       2800 total
: 87432K->6K(109248K), 0.0086460 secs] 100285K->12859K(502464K), 0.0088570 secs] [Times: user=0.01 sys=0.01, real=0.01 secs] 
Heap after GC invocations=941 (full 1):
 par new generation   total 109248K, used 6K [0x8ac00000, 0x92c00000, 0x92c00000)
  eden space 87424K,   0% used [0x8ac00000, 0x8ac00000, 0x90160000)
  from space 21824K,   0% used [0x90160000, 0x90161800, 0x916b0000)
  to   space 21824K,   0% used [0x916b0000, 0x916b0000, 0x92c00000)
 concurrent mark-sweep generation total 393216K, used 12853K [0x92c00000, 0xaac00000, 0xaac00000)
 concurrent-mark-sweep perm gen total 35404K, used 22530K [0xaac00000, 0xace93000, 0xb2c00000)
}
2015-02-20T16:11:08.791-0600: 2997.246: Total time for which application threads were stopped: 0.0117300 seconds
{Heap before GC invocations=941 (full 1):
 par new generation   total 109248K, used 87430K [0x8ac00000, 0x92c00000, 0x92c00000)
  eden space 87424K, 100% used [0x8ac00000, 0x90160000, 0x90160000)
  from space 21824K,   0% used [0x90160000, 0x90161800, 0x916b0000)
  to   space 21824K,   0% used [0x916b0000, 0x916b0000, 0x92c00000)
 concurrent mark-sweep generation total 393216K, used 12853K [0x92c00000, 0xaac00000, 0xaac00000)
 concurrent-mark-sweep perm gen total 35404K, used 22530K [0xaac00000, 0xace93000, 0xb2c00000)
2015-02-20T16:11:10.399-0600: 2998.854: [GC2015-02-20T16:11:10.399-0600: 2998.854: [ParNew
Desired survivor size 20112996 bytes, new threshold 8 (max 8)
- age   1:       1168 bytes,       1168 total
- age   2:        176 bytes,       1344 total
- age   3:        216 bytes,       1560 total
- age   4:        384 bytes,       1944 total
- age   5:        448 bytes,       2392 total
- age   6:         16 bytes,       2408 total
- age   7:        384 bytes,       2792 total
- age   8:        400 bytes,       3192 total
: 87430K->6K(109248K), 0.0091580 secs] 100283K->12859K(502464K), 0.0094190 secs] [Times: user=0.02 sys=0.00, real=0.01 secs] 
Heap after GC invocations=942 (full 1):
 par new generation   total 109248K, used 6K [0x8ac00000, 0x92c00000, 0x92c00000)
  eden space 87424K,   0% used [0x8ac00000, 0x8ac00000, 0x90160000)
  from space 21824K,   0% used [0x916b0000, 0x916b1800, 0x92c00000)
  to   space 21824K,   0% used [0x90160000, 0x90160000, 0x916b0000)
 concurrent mark-sweep generation total 393216K, used 12853K [0x92c00000, 0xaac00000, 0xaac00000)
 concurrent-mark-sweep perm gen total 35404K, used 22530K [0xaac00000, 0xace93000, 0xb2c00000)
}
2015-02-20T16:11:10.408-0600: 2998.863: Total time for which application threads were stopped: 0.0123520 seconds
{Heap before GC invocations=942 (full 1):
 par new generation   total 109248K, used 87430K [0x8ac00000, 0x92c00000, 0x92c00000)
  eden space 87424K, 100% used [0x8ac00000, 0x90160000, 0x90160000)
  from space 21824K,   0% used [0x916b0000, 0x916b1800, 0x92c00000)
  to   space 21824K,   0% used [0x90160000, 0x90160000, 0x916b0000)
 concurrent mark-sweep generation total 393216K, used 12853K [0x92c00000, 0xaac00000, 0xaac00000)
 concurrent-mark-sweep perm gen total 35404K, used 22530K [0xaac00000, 0xace93000, 0xb2c00000)
2015-02-20T16:11:11.973-0600: 3000.428: [GC2015-02-20T16:11:11.973-0600: 3000.428: [ParNew
Desired survivor size 20112996 bytes, new threshold 8 (max 8)
- age   1:       1072 bytes,       1072 total
- age   2:        376 bytes,       1448 total
- age   3:        176 bytes,       1624 total
- age   4:        216 bytes,       1840 total
- age   5:        384 bytes,       2224 total
- age   6:        448 bytes,       2672 total
- age   7:         16 bytes,       2688 total
- age   8:        384 bytes,       3072 total
: 87430K->8K(109248K), 0.0171350 secs] 100283K->12861K(502464K), 0.0175070 secs] [Times: user=0.02 sys=0.00, real=0.02 secs] 
Heap after GC invocations=943 (full 1):
 par new generation   total 109248K, used 8K [0x8ac00000, 0x92c00000, 0x92c00000)
  eden space 87424K,   0% used [0x8ac00000, 0x8ac00000, 0x90160000)
  from space 21824K,   0% used [0x90160000, 0x90162000, 0x916b0000)
  to   space 21824K,   0% used [0x916b0000, 0x916b0000, 0x92c00000)
 concurrent mark-sweep generation total 393216K, used 12853K [0x92c00000, 0xaac00000, 0xaac00000)
 concurrent-mark-sweep perm gen total 35404K, used 22530K [0xaac00000, 0xace93000, 0xb2c00000)
}
2015-02-20T16:11:11.991-0600: 3000.446: Total time for which application threads were stopped: 0.0263400 seconds
{Heap before GC invocations=943 (full 1):
 par new generation   total 109248K, used 87432K [0x8ac00000, 0x92c00000, 0x92c00000)
  eden space 87424K, 100% used [0x8ac00000, 0x90160000, 0x90160000)
  from space 21824K,   0% used [0x90160000, 0x90162000, 0x916b0000)
  to   space 21824K,   0% used [0x916b0000, 0x916b0000, 0x92c00000)
 concurrent mark-sweep generation total 393216K, used 12853K [0x92c00000, 0xaac00000, 0xaac00000)
 concurrent-mark-sweep perm gen total 35404K, used 22530K [0xaac00000, 0xace93000, 0xb2c00000)
2015-02-20T16:11:13.409-0600: 3001.864: [GC2015-02-20T16:11:13.409-0600: 3001.864: [ParNew
Desired survivor size 20112996 bytes, new threshold 8 (max 8)
- age   1:        720 bytes,        720 total
- age   2:        608 bytes,       1328 total
- age   3:        376 bytes,       1704 total
- age   4:        176 bytes,       1880 total
- age   5:        216 bytes,       2096 total
- age   6:        384 bytes,       2480 total
- age   7:        448 bytes,       2928 total
- age   8:         16 bytes,       2944 total
: 87432K->6K(109248K), 0.0159780 secs] 100285K->12860K(502464K), 0.0162300 secs] [Times: user=0.03 sys=0.00, real=0.01 secs] 
Heap after GC invocations=944 (full 1):
 par new generation   total 109248K, used 6K [0x8ac00000, 0x92c00000, 0x92c00000)
  eden space 87424K,   0% used [0x8ac00000, 0x8ac00000, 0x90160000)
  from space 21824K,   0% used [0x916b0000, 0x916b1800, 0x92c00000)
  to   space 21824K,   0% used [0x90160000, 0x90160000, 0x916b0000)
 concurrent mark-sweep generation total 393216K, used 12854K [0x92c00000, 0xaac00000, 0xaac00000)
 concurrent-mark-sweep perm gen total 35404K, used 22530K [0xaac00000, 0xace93000, 0xb2c00000)
}
2015-02-20T16:11:13.425-0600: 3001.880: Total time for which application threads were stopped: 0.0198230 seconds
{Heap before GC invocations=944 (full 1):
 par new generation   total 109248K, used 87430K [0x8ac00000, 0x92c00000, 0x92c00000)
  eden space 87424K, 100% used [0x8ac00000, 0x90160000, 0x90160000)
  from space 21824K,   0% used [0x916b0000, 0x916b1800, 0x92c00000)
  to   space 21824K,   0% used [0x90160000, 0x90160000, 0x916b0000)
 concurrent mark-sweep generation total 393216K, used 12854K [0x92c00000, 0xaac00000, 0xaac00000)
 concurrent-mark-sweep perm gen total 35404K, used 22530K [0xaac00000, 0xace93000, 0xb2c00000)
2015-02-20T16:11:15.272-0600: 3003.727: [GC2015-02-20T16:11:15.272-0600: 3003.727: [ParNew
Desired survivor size 20112996 bytes, new threshold 8 (max 8)
- age   1:       1272 bytes,       1272 total
- age   2:        216 bytes,       1488 total
- age   3:        480 bytes,       1968 total
- age   4:        376 bytes,       2344 total
- age   5:        176 bytes,       2520 total
- age   6:        216 bytes,       2736 total
- age   7:        384 bytes,       3120 total
- age   8:        448 bytes,       3568 total
: 87430K->10K(109248K), 0.0056860 secs] 100284K->12864K(502464K), 0.0058700 secs] [Times: user=0.01 sys=0.00, real=0.01 secs] 
Heap after GC invocations=945 (full 1):
 par new generation   total 109248K, used 10K [0x8ac00000, 0x92c00000, 0x92c00000)
  eden space 87424K,   0% used [0x8ac00000, 0x8ac00000, 0x90160000)
  from space 21824K,   0% used [0x90160000, 0x90162800, 0x916b0000)
  to   space 21824K,   0% used [0x916b0000, 0x916b0000, 0x92c00000)
 concurrent mark-sweep generation total 393216K, used 12854K [0x92c00000, 0xaac00000, 0xaac00000)
 concurrent-mark-sweep perm gen total 35404K, used 22530K [0xaac00000, 0xace93000, 0xb2c00000)
}
2015-02-20T16:11:15.278-0600: 3003.733: Total time for which application threads were stopped: 0.0086140 seconds
{Heap before GC invocations=945 (full 1):
 par new generation   total 109248K, used 87434K [0x8ac00000, 0x92c00000, 0x92c00000)
  eden space 87424K, 100% used [0x8ac00000, 0x90160000, 0x90160000)
  from space 21824K,   0% used [0x90160000, 0x90162800, 0x916b0000)
  to   space 21824K,   0% used [0x916b0000, 0x916b0000, 0x92c00000)
 concurrent mark-sweep generation total 393216K, used 12854K [0x92c00000, 0xaac00000, 0xaac00000)
 concurrent-mark-sweep perm gen total 35404K, used 22530K [0xaac00000, 0xace93000, 0xb2c00000)
2015-02-20T16:11:16.871-0600: 3005.326: [GC2015-02-20T16:11:16.871-0600: 3005.326: [ParNew
Desired survivor size 20112996 bytes, new threshold 8 (max 8)
- age   1:        928 bytes,        928 total
- age   2:        496 bytes,       1424 total
- age   3:        216 bytes,       1640 total
- age   4:        480 bytes,       2120 total
- age   5:        376 bytes,       2496 total
- age   6:        176 bytes,       2672 total
- age   7:        216 bytes,       2888 total
- age   8:        384 bytes,       3272 total
: 87434K->8K(109248K), 0.0055200 secs] 100288K->12862K(502464K), 0.0057680 secs] [Times: user=0.01 sys=0.00, real=0.00 secs] 
Heap after GC invocations=946 (full 1):
 par new generation   total 109248K, used 8K [0x8ac00000, 0x92c00000, 0x92c00000)
  eden space 87424K,   0% used [0x8ac00000, 0x8ac00000, 0x90160000)
  from space 21824K,   0% used [0x916b0000, 0x916b2000, 0x92c00000)
  to   space 21824K,   0% used [0x90160000, 0x90160000, 0x916b0000)
 concurrent mark-sweep generation total 393216K, used 12854K [0x92c00000, 0xaac00000, 0xaac00000)
 concurrent-mark-sweep perm gen total 35404K, used 22530K [0xaac00000, 0xace93000, 0xb2c00000)
}
2015-02-20T16:11:16.877-0600: 3005.332: Total time for which application threads were stopped: 0.0086020 seconds
{Heap before GC invocations=946 (full 1):
 par new generation   total 109248K, used 87432K [0x8ac00000, 0x92c00000, 0x92c00000)
  eden space 87424K, 100% used [0x8ac00000, 0x90160000, 0x90160000)
  from space 21824K,   0% used [0x916b0000, 0x916b2000, 0x92c00000)
  to   space 21824K,   0% used [0x90160000, 0x90160000, 0x916b0000)
 concurrent mark-sweep generation total 393216K, used 12854K [0x92c00000, 0xaac00000, 0xaac00000)
 concurrent-mark-sweep perm gen total 35404K, used 22530K [0xaac00000, 0xace93000, 0xb2c00000)
2015-02-20T16:11:18.416-0600: 3006.871: [GC2015-02-20T16:11:18.416-0600: 3006.871: [ParNew
Desired survivor size 20112996 bytes, new threshold 8 (max 8)
- age   1:       1208 bytes,       1208 total
- age   2:        176 bytes,       1384 total
- age   3:        472 bytes,       1856 total
- age   4:        216 bytes,       2072 total
- age   5:        480 bytes,       2552 total
- age   6:        376 bytes,       2928 total
- age   7:        176 bytes,       3104 total
- age   8:        216 bytes,       3320 total
: 87432K->8K(109248K), 0.0063030 secs] 100286K->12863K(502464K), 0.0065120 secs] [Times: user=0.01 sys=0.00, real=0.01 secs] 
Heap after GC invocations=947 (full 1):
 par new generation   total 109248K, used 8K [0x8ac00000, 0x92c00000, 0x92c00000)
  eden space 87424K,   0% used [0x8ac00000, 0x8ac00000, 0x90160000)
  from space 21824K,   0% used [0x90160000, 0x90162000, 0x916b0000)
  to   space 21824K,   0% used [0x916b0000, 0x916b0000, 0x92c00000)
 concurrent mark-sweep generation total 393216K, used 12855K [0x92c00000, 0xaac00000, 0xaac00000)
 concurrent-mark-sweep perm gen total 35404K, used 22530K [0xaac00000, 0xace93000, 0xb2c00000)
}
2015-02-20T16:11:18.423-0600: 3006.878: Total time for which application threads were stopped: 0.0092530 seconds
{Heap before GC invocations=947 (full 1):
 par new generation   total 109248K, used 87432K [0x8ac00000, 0x92c00000, 0x92c00000)
  eden space 87424K, 100% used [0x8ac00000, 0x90160000, 0x90160000)
  from space 21824K,   0% used [0x90160000, 0x90162000, 0x916b0000)
  to   space 21824K,   0% used [0x916b0000, 0x916b0000, 0x92c00000)
 concurrent mark-sweep generation total 393216K, used 12855K [0x92c00000, 0xaac00000, 0xaac00000)
 concurrent-mark-sweep perm gen total 35404K, used 22530K [0xaac00000, 0xace93000, 0xb2c00000)
2015-02-20T16:11:20.159-0600: 3008.614: [GC2015-02-20T16:11:20.159-0600: 3008.614: [ParNew
Desired survivor size 20112996 bytes, new threshold 8 (max 8)
- age   1:       1208 bytes,       1208 total
- age   2:        376 bytes,       1584 total
- age   3:        176 bytes,       1760 total
- age   4:        472 bytes,       2232 total
- age   5:        216 bytes,       2448 total
- age   6:        480 bytes,       2928 total
- age   7:        376 bytes,       3304 total
- age   8:        176 bytes,       3480 total
: 87432K->8K(109248K), 0.0101750 secs] 100287K->12863K(502464K), 0.0103970 secs] [Times: user=0.01 sys=0.00, real=0.01 secs] 
Heap after GC invocations=948 (full 1):
 par new generation   total 109248K, used 8K [0x8ac00000, 0x92c00000, 0x92c00000)
  eden space 87424K,   0% used [0x8ac00000, 0x8ac00000, 0x90160000)
  from space 21824K,   0% used [0x916b0000, 0x916b2000, 0x92c00000)
  to   space 21824K,   0% used [0x90160000, 0x90160000, 0x916b0000)
 concurrent mark-sweep generation total 393216K, used 12855K [0x92c00000, 0xaac00000, 0xaac00000)
 concurrent-mark-sweep perm gen total 35404K, used 22530K [0xaac00000, 0xace93000, 0xb2c00000)
}
2015-02-20T16:11:20.169-0600: 3008.624: Total time for which application threads were stopped: 0.0134100 seconds
{Heap before GC invocations=948 (full 1):
 par new generation   total 109248K, used 87432K [0x8ac00000, 0x92c00000, 0x92c00000)
  eden space 87424K, 100% used [0x8ac00000, 0x90160000, 0x90160000)
  from space 21824K,   0% used [0x916b0000, 0x916b2000, 0x92c00000)
  to   space 21824K,   0% used [0x90160000, 0x90160000, 0x916b0000)
 concurrent mark-sweep generation total 393216K, used 12855K [0x92c00000, 0xaac00000, 0xaac00000)
 concurrent-mark-sweep perm gen total 35404K, used 22530K [0xaac00000, 0xace93000, 0xb2c00000)
2015-02-20T16:11:22.128-0600: 3010.583: [GC2015-02-20T16:11:22.129-0600: 3010.584: [ParNew
Desired survivor size 20112996 bytes, new threshold 8 (max 8)
- age   1:       1280 bytes,       1280 total
- age   2:        376 bytes,       1656 total
- age   3:        376 bytes,       2032 total
- age   4:        176 bytes,       2208 total
- age   5:        472 bytes,       2680 total
- age   6:        216 bytes,       2896 total
- age   7:        480 bytes,       3376 total
- age   8:        376 bytes,       3752 total
: 87432K->6K(109248K), 0.0161270 secs] 100287K->12861K(502464K), 0.0163770 secs] [Times: user=0.02 sys=0.00, real=0.01 secs] 
Heap after GC invocations=949 (full 1):
 par new generation   total 109248K, used 6K [0x8ac00000, 0x92c00000, 0x92c00000)
  eden space 87424K,   0% used [0x8ac00000, 0x8ac00000, 0x90160000)
  from space 21824K,   0% used [0x90160000, 0x90161800, 0x916b0000)
  to   space 21824K,   0% used [0x916b0000, 0x916b0000, 0x92c00000)
 concurrent mark-sweep generation total 393216K, used 12855K [0x92c00000, 0xaac00000, 0xaac00000)
 concurrent-mark-sweep perm gen total 35404K, used 22530K [0xaac00000, 0xace93000, 0xb2c00000)
}
2015-02-20T16:11:22.145-0600: 3010.600: Total time for which application threads were stopped: 0.0196860 seconds
{Heap before GC invocations=949 (full 1):
 par new generation   total 109248K, used 87430K [0x8ac00000, 0x92c00000, 0x92c00000)
  eden space 87424K, 100% used [0x8ac00000, 0x90160000, 0x90160000)
  from space 21824K,   0% used [0x90160000, 0x90161800, 0x916b0000)
  to   space 21824K,   0% used [0x916b0000, 0x916b0000, 0x92c00000)
 concurrent mark-sweep generation total 393216K, used 12855K [0x92c00000, 0xaac00000, 0xaac00000)
 concurrent-mark-sweep perm gen total 35404K, used 22530K [0xaac00000, 0xace93000, 0xb2c00000)
2015-02-20T16:11:24.480-0600: 3012.935: [GC2015-02-20T16:11:24.480-0600: 3012.935: [ParNew
Desired survivor size 20112996 bytes, new threshold 8 (max 8)
- age   1:       1400 bytes,       1400 total
- age   2:        376 bytes,       1776 total
- age   3:        376 bytes,       2152 total
- age   4:        376 bytes,       2528 total
- age   5:        176 bytes,       2704 total
- age   6:        472 bytes,       3176 total
- age   7:        216 bytes,       3392 total
- age   8:        480 bytes,       3872 total
: 87430K->6K(109248K), 0.0084860 secs] 100285K->12861K(502464K), 0.0087500 secs] [Times: user=0.01 sys=0.01, real=0.01 secs] 
Heap after GC invocations=950 (full 1):
 par new generation   total 109248K, used 6K [0x8ac00000, 0x92c00000, 0x92c00000)
  eden space 87424K,   0% used [0x8ac00000, 0x8ac00000, 0x90160000)
  from space 21824K,   0% used [0x916b0000, 0x916b1800, 0x92c00000)
  to   space 21824K,   0% used [0x90160000, 0x90160000, 0x916b0000)
 concurrent mark-sweep generation total 393216K, used 12855K [0x92c00000, 0xaac00000, 0xaac00000)
 concurrent-mark-sweep perm gen total 35404K, used 22530K [0xaac00000, 0xace93000, 0xb2c00000)
}
2015-02-20T16:11:24.488-0600: 3012.943: Total time for which application threads were stopped: 0.0118300 seconds
{Heap before GC invocations=950 (full 1):
 par new generation   total 109248K, used 87430K [0x8ac00000, 0x92c00000, 0x92c00000)
  eden space 87424K, 100% used [0x8ac00000, 0x90160000, 0x90160000)
  from space 21824K,   0% used [0x916b0000, 0x916b1800, 0x92c00000)
  to   space 21824K,   0% used [0x90160000, 0x90160000, 0x916b0000)
 concurrent mark-sweep generation total 393216K, used 12855K [0x92c00000, 0xaac00000, 0xaac00000)
 concurrent-mark-sweep perm gen total 35404K, used 22530K [0xaac00000, 0xace93000, 0xb2c00000)
2015-02-20T16:11:26.278-0600: 3014.733: [GC2015-02-20T16:11:26.278-0600: 3014.733: [ParNew
Desired survivor size 20112996 bytes, new threshold 8 (max 8)
- age   1:       1360 bytes,       1360 total
- age   2:        472 bytes,       1832 total
- age   3:        376 bytes,       2208 total
- age   4:        376 bytes,       2584 total
- age   5:        376 bytes,       2960 total
- age   6:        176 bytes,       3136 total
- age   7:        472 bytes,       3608 total
- age   8:        216 bytes,       3824 total
: 87430K->8K(109248K), 0.0276950 secs] 100285K->12864K(502464K), 0.0279040 secs] [Times: user=0.03 sys=0.00, real=0.02 secs] 
Heap after GC invocations=951 (full 1):
 par new generation   total 109248K, used 8K [0x8ac00000, 0x92c00000, 0x92c00000)
  eden space 87424K,   0% used [0x8ac00000, 0x8ac00000, 0x90160000)
  from space 21824K,   0% used [0x90160000, 0x90162000, 0x916b0000)
  to   space 21824K,   0% used [0x916b0000, 0x916b0000, 0x92c00000)
 concurrent mark-sweep generation total 393216K, used 12856K [0x92c00000, 0xaac00000, 0xaac00000)
 concurrent-mark-sweep perm gen total 35404K, used 22530K [0xaac00000, 0xace93000, 0xb2c00000)
}
2015-02-20T16:11:26.306-0600: 3014.761: Total time for which application threads were stopped: 0.0309580 seconds
{Heap before GC invocations=951 (full 1):
 par new generation   total 109248K, used 87432K [0x8ac00000, 0x92c00000, 0x92c00000)
  eden space 87424K, 100% used [0x8ac00000, 0x90160000, 0x90160000)
  from space 21824K,   0% used [0x90160000, 0x90162000, 0x916b0000)
  to   space 21824K,   0% used [0x916b0000, 0x916b0000, 0x92c00000)
 concurrent mark-sweep generation total 393216K, used 12856K [0x92c00000, 0xaac00000, 0xaac00000)
 concurrent-mark-sweep perm gen total 35404K, used 22530K [0xaac00000, 0xace93000, 0xb2c00000)
2015-02-20T16:11:27.416-0600: 3015.871: [GC2015-02-20T16:11:27.416-0600: 3015.871: [ParNew
Desired survivor size 20112996 bytes, new threshold 8 (max 8)
- age   1:        664 bytes,        664 total
- age   2:        600 bytes,       1264 total
- age   3:        472 bytes,       1736 total
- age   4:        376 bytes,       2112 total
- age   5:        376 bytes,       2488 total
- age   6:        376 bytes,       2864 total
- age   7:        176 bytes,       3040 total
- age   8:        472 bytes,       3512 total
: 87432K->6K(109248K), 0.0259200 secs] 100288K->12862K(502464K), 0.0261150 secs] [Times: user=0.03 sys=0.00, real=0.03 secs] 
Heap after GC invocations=952 (full 1):
 par new generation   total 109248K, used 6K [0x8ac00000, 0x92c00000, 0x92c00000)
  eden space 87424K,   0% used [0x8ac00000, 0x8ac00000, 0x90160000)
  from space 21824K,   0% used [0x916b0000, 0x916b1800, 0x92c00000)
  to   space 21824K,   0% used [0x90160000, 0x90160000, 0x916b0000)
 concurrent mark-sweep generation total 393216K, used 12856K [0x92c00000, 0xaac00000, 0xaac00000)
 concurrent-mark-sweep perm gen total 35404K, used 22530K [0xaac00000, 0xace93000, 0xb2c00000)
}
2015-02-20T16:11:27.442-0600: 3015.898: Total time for which application threads were stopped: 0.0336030 seconds
{Heap before GC invocations=952 (full 1):
 par new generation   total 109248K, used 87430K [0x8ac00000, 0x92c00000, 0x92c00000)
  eden space 87424K, 100% used [0x8ac00000, 0x90160000, 0x90160000)
  from space 21824K,   0% used [0x916b0000, 0x916b1800, 0x92c00000)
  to   space 21824K,   0% used [0x90160000, 0x90160000, 0x916b0000)
 concurrent mark-sweep generation total 393216K, used 12856K [0x92c00000, 0xaac00000, 0xaac00000)
 concurrent-mark-sweep perm gen total 35404K, used 22530K [0xaac00000, 0xace93000, 0xb2c00000)
2015-02-20T16:11:28.759-0600: 3017.214: [GC2015-02-20T16:11:28.759-0600: 3017.214: [ParNew
Desired survivor size 20112996 bytes, new threshold 8 (max 8)
- age   1:        744 bytes,        744 total
- age   2:        224 bytes,        968 total
- age   3:        472 bytes,       1440 total
- age   4:        472 bytes,       1912 total
- age   5:        376 bytes,       2288 total
- age   6:        376 bytes,       2664 total
- age   7:        376 bytes,       3040 total
- age   8:        176 bytes,       3216 total
: 87430K->8K(109248K), 0.0068140 secs] 100286K->12864K(502464K), 0.0070200 secs] [Times: user=0.00 sys=0.01, real=0.00 secs] 
Heap after GC invocations=953 (full 1):
 par new generation   total 109248K, used 8K [0x8ac00000, 0x92c00000, 0x92c00000)
  eden space 87424K,   0% used [0x8ac00000, 0x8ac00000, 0x90160000)
  from space 21824K,   0% used [0x90160000, 0x90162000, 0x916b0000)
  to   space 21824K,   0% used [0x916b0000, 0x916b0000, 0x92c00000)
 concurrent mark-sweep generation total 393216K, used 12856K [0x92c00000, 0xaac00000, 0xaac00000)
 concurrent-mark-sweep perm gen total 35404K, used 22530K [0xaac00000, 0xace93000, 0xb2c00000)
}
2015-02-20T16:11:28.766-0600: 3017.221: Total time for which application threads were stopped: 0.0098010 seconds
{Heap before GC invocations=953 (full 1):
 par new generation   total 109248K, used 87432K [0x8ac00000, 0x92c00000, 0x92c00000)
  eden space 87424K, 100% used [0x8ac00000, 0x90160000, 0x90160000)
  from space 21824K,   0% used [0x90160000, 0x90162000, 0x916b0000)
  to   space 21824K,   0% used [0x916b0000, 0x916b0000, 0x92c00000)
 concurrent mark-sweep generation total 393216K, used 12856K [0x92c00000, 0xaac00000, 0xaac00000)
 concurrent-mark-sweep perm gen total 35404K, used 22530K [0xaac00000, 0xace93000, 0xb2c00000)
2015-02-20T16:11:30.160-0600: 3018.615: [GC2015-02-20T16:11:30.160-0600: 3018.616: [ParNew
Desired survivor size 20112996 bytes, new threshold 8 (max 8)
- age   1:       1304 bytes,       1304 total
- age   2:        336 bytes,       1640 total
- age   3:        200 bytes,       1840 total
- age   4:        472 bytes,       2312 total
- age   5:        472 bytes,       2784 total
- age   6:        376 bytes,       3160 total
- age   7:        376 bytes,       3536 total
- age   8:        376 bytes,       3912 total
: 87432K->6K(109248K), 0.0346290 secs] 100288K->12863K(502464K), 0.0350740 secs] [Times: user=0.04 sys=0.00, real=0.03 secs] 
Heap after GC invocations=954 (full 1):
 par new generation   total 109248K, used 6K [0x8ac00000, 0x92c00000, 0x92c00000)
  eden space 87424K,   0% used [0x8ac00000, 0x8ac00000, 0x90160000)
  from space 21824K,   0% used [0x916b0000, 0x916b1800, 0x92c00000)
  to   space 21824K,   0% used [0x90160000, 0x90160000, 0x916b0000)
 concurrent mark-sweep generation total 393216K, used 12857K [0x92c00000, 0xaac00000, 0xaac00000)
 concurrent-mark-sweep perm gen total 35404K, used 22530K [0xaac00000, 0xace93000, 0xb2c00000)
}
2015-02-20T16:11:30.196-0600: 3018.651: Total time for which application threads were stopped: 0.0389140 seconds
{Heap before GC invocations=954 (full 1):
 par new generation   total 109248K, used 87430K [0x8ac00000, 0x92c00000, 0x92c00000)
  eden space 87424K, 100% used [0x8ac00000, 0x90160000, 0x90160000)
  from space 21824K,   0% used [0x916b0000, 0x916b1800, 0x92c00000)
  to   space 21824K,   0% used [0x90160000, 0x90160000, 0x916b0000)
 concurrent mark-sweep generation total 393216K, used 12857K [0x92c00000, 0xaac00000, 0xaac00000)
 concurrent-mark-sweep perm gen total 35404K, used 22530K [0xaac00000, 0xace93000, 0xb2c00000)
2015-02-20T16:11:31.499-0600: 3019.954: [GC2015-02-20T16:11:31.499-0600: 3019.954: [ParNew
Desired survivor size 20112996 bytes, new threshold 8 (max 8)
- age   1:        864 bytes,        864 total
- age   2:        472 bytes,       1336 total
- age   3:        336 bytes,       1672 total
- age   4:        200 bytes,       1872 total
- age   5:        472 bytes,       2344 total
- age   6:        472 bytes,       2816 total
- age   7:        376 bytes,       3192 total
- age   8:        376 bytes,       3568 total
: 87430K->8K(109248K), 0.0100810 secs] 100287K->12865K(502464K), 0.0102920 secs] [Times: user=0.02 sys=0.00, real=0.01 secs] 
Heap after GC invocations=955 (full 1):
 par new generation   total 109248K, used 8K [0x8ac00000, 0x92c00000, 0x92c00000)
  eden space 87424K,   0% used [0x8ac00000, 0x8ac00000, 0x90160000)
  from space 21824K,   0% used [0x90160000, 0x90162000, 0x916b0000)
  to   space 21824K,   0% used [0x916b0000, 0x916b0000, 0x92c00000)
 concurrent mark-sweep generation total 393216K, used 12857K [0x92c00000, 0xaac00000, 0xaac00000)
 concurrent-mark-sweep perm gen total 35404K, used 22530K [0xaac00000, 0xace93000, 0xb2c00000)
}
2015-02-20T16:11:31.509-0600: 3019.964: Total time for which application threads were stopped: 0.0131350 seconds
{Heap before GC invocations=955 (full 1):
 par new generation   total 109248K, used 87432K [0x8ac00000, 0x92c00000, 0x92c00000)
  eden space 87424K, 100% used [0x8ac00000, 0x90160000, 0x90160000)
  from space 21824K,   0% used [0x90160000, 0x90162000, 0x916b0000)
  to   space 21824K,   0% used [0x916b0000, 0x916b0000, 0x92c00000)
 concurrent mark-sweep generation total 393216K, used 12857K [0x92c00000, 0xaac00000, 0xaac00000)
 concurrent-mark-sweep perm gen total 35404K, used 22530K [0xaac00000, 0xace93000, 0xb2c00000)
2015-02-20T16:11:32.856-0600: 3021.311: [GC2015-02-20T16:11:32.856-0600: 3021.311: [ParNew
Desired survivor size 20112996 bytes, new threshold 8 (max 8)
- age   1:        640 bytes,        640 total
- age   2:        560 bytes,       1200 total
- age   3:        472 bytes,       1672 total
- age   4:        336 bytes,       2008 total
- age   5:        200 bytes,       2208 total
- age   6:        472 bytes,       2680 total
- age   7:        472 bytes,       3152 total
- age   8:        376 bytes,       3528 total
: 87432K->6K(109248K), 0.0081090 secs] 100289K->12863K(502464K), 0.0083090 secs] [Times: user=0.01 sys=0.00, real=0.01 secs] 
Heap after GC invocations=956 (full 1):
 par new generation   total 109248K, used 6K [0x8ac00000, 0x92c00000, 0x92c00000)
  eden space 87424K,   0% used [0x8ac00000, 0x8ac00000, 0x90160000)
  from space 21824K,   0% used [0x916b0000, 0x916b1800, 0x92c00000)
  to   space 21824K,   0% used [0x90160000, 0x90160000, 0x916b0000)
 concurrent mark-sweep generation total 393216K, used 12857K [0x92c00000, 0xaac00000, 0xaac00000)
 concurrent-mark-sweep perm gen total 35404K, used 22530K [0xaac00000, 0xace93000, 0xb2c00000)
}
2015-02-20T16:11:32.864-0600: 3021.319: Total time for which application threads were stopped: 0.0110540 seconds
{Heap before GC invocations=956 (full 1):
 par new generation   total 109248K, used 87430K [0x8ac00000, 0x92c00000, 0x92c00000)
  eden space 87424K, 100% used [0x8ac00000, 0x90160000, 0x90160000)
  from space 21824K,   0% used [0x916b0000, 0x916b1800, 0x92c00000)
  to   space 21824K,   0% used [0x90160000, 0x90160000, 0x916b0000)
 concurrent mark-sweep generation total 393216K, used 12857K [0x92c00000, 0xaac00000, 0xaac00000)
 concurrent-mark-sweep perm gen total 35404K, used 22530K [0xaac00000, 0xace93000, 0xb2c00000)
2015-02-20T16:11:34.218-0600: 3022.673: [GC2015-02-20T16:11:34.218-0600: 3022.673: [ParNew
Desired survivor size 20112996 bytes, new threshold 8 (max 8)
- age   1:       1256 bytes,       1256 total
- age   2:         16 bytes,       1272 total
- age   3:        408 bytes,       1680 total
- age   4:        472 bytes,       2152 total
- age   5:        336 bytes,       2488 total
- age   6:        200 bytes,       2688 total
- age   7:        472 bytes,       3160 total
- age   8:        472 bytes,       3632 total
: 87430K->6K(109248K), 0.0283780 secs] 100287K->12864K(502464K), 0.0285490 secs] [Times: user=0.03 sys=0.00, real=0.02 secs] 
Heap after GC invocations=957 (full 1):
 par new generation   total 109248K, used 6K [0x8ac00000, 0x92c00000, 0x92c00000)
  eden space 87424K,   0% used [0x8ac00000, 0x8ac00000, 0x90160000)
  from space 21824K,   0% used [0x90160000, 0x90161800, 0x916b0000)
  to   space 21824K,   0% used [0x916b0000, 0x916b0000, 0x92c00000)
 concurrent mark-sweep generation total 393216K, used 12858K [0x92c00000, 0xaac00000, 0xaac00000)
 concurrent-mark-sweep perm gen total 35404K, used 22530K [0xaac00000, 0xace93000, 0xb2c00000)
}
2015-02-20T16:11:34.247-0600: 3022.702: Total time for which application threads were stopped: 0.0354080 seconds
{Heap before GC invocations=957 (full 1):
 par new generation   total 109248K, used 87430K [0x8ac00000, 0x92c00000, 0x92c00000)
  eden space 87424K, 100% used [0x8ac00000, 0x90160000, 0x90160000)
  from space 21824K,   0% used [0x90160000, 0x90161800, 0x916b0000)
  to   space 21824K,   0% used [0x916b0000, 0x916b0000, 0x92c00000)
 concurrent mark-sweep generation total 393216K, used 12858K [0x92c00000, 0xaac00000, 0xaac00000)
 concurrent-mark-sweep perm gen total 35404K, used 22530K [0xaac00000, 0xace93000, 0xb2c00000)
2015-02-20T16:11:35.535-0600: 3023.990: [GC2015-02-20T16:11:35.535-0600: 3023.990: [ParNew
Desired survivor size 20112996 bytes, new threshold 8 (max 8)
- age   1:        952 bytes,        952 total
- age   2:        424 bytes,       1376 total
- age   3:         16 bytes,       1392 total
- age   4:        408 bytes,       1800 total
- age   5:        472 bytes,       2272 total
- age   6:        336 bytes,       2608 total
- age   7:        200 bytes,       2808 total
- age   8:        472 bytes,       3280 total
: 87430K->8K(109248K), 0.0161060 secs] 100288K->12866K(502464K), 0.0164780 secs] [Times: user=0.02 sys=0.00, real=0.02 secs] 
Heap after GC invocations=958 (full 1):
 par new generation   total 109248K, used 8K [0x8ac00000, 0x92c00000, 0x92c00000)
  eden space 87424K,   0% used [0x8ac00000, 0x8ac00000, 0x90160000)
  from space 21824K,   0% used [0x916b0000, 0x916b2000, 0x92c00000)
  to   space 21824K,   0% used [0x90160000, 0x90160000, 0x916b0000)
 concurrent mark-sweep generation total 393216K, used 12858K [0x92c00000, 0xaac00000, 0xaac00000)
 concurrent-mark-sweep perm gen total 35404K, used 22530K [0xaac00000, 0xace93000, 0xb2c00000)
}
2015-02-20T16:11:35.551-0600: 3024.006: Total time for which application threads were stopped: 0.0281010 seconds
{Heap before GC invocations=958 (full 1):
 par new generation   total 109248K, used 87432K [0x8ac00000, 0x92c00000, 0x92c00000)
  eden space 87424K, 100% used [0x8ac00000, 0x90160000, 0x90160000)
  from space 21824K,   0% used [0x916b0000, 0x916b2000, 0x92c00000)
  to   space 21824K,   0% used [0x90160000, 0x90160000, 0x916b0000)
 concurrent mark-sweep generation total 393216K, used 12858K [0x92c00000, 0xaac00000, 0xaac00000)
 concurrent-mark-sweep perm gen total 35404K, used 22530K [0xaac00000, 0xace93000, 0xb2c00000)
2015-02-20T16:11:36.974-0600: 3025.429: [GC2015-02-20T16:11:36.974-0600: 3025.429: [ParNew
Desired survivor size 20112996 bytes, new threshold 8 (max 8)
- age   1:        464 bytes,        464 total
- age   2:        512 bytes,        976 total
- age   3:        424 bytes,       1400 total
- age   4:         16 bytes,       1416 total
- age   5:        408 bytes,       1824 total
- age   6:        472 bytes,       2296 total
- age   7:        336 bytes,       2632 total
- age   8:        200 bytes,       2832 total
: 87432K->4K(109248K), 0.0076640 secs] 100290K->12863K(502464K), 0.0078520 secs] [Times: user=0.01 sys=0.01, real=0.01 secs] 
Heap after GC invocations=959 (full 1):
 par new generation   total 109248K, used 4K [0x8ac00000, 0x92c00000, 0x92c00000)
  eden space 87424K,   0% used [0x8ac00000, 0x8ac00000, 0x90160000)
  from space 21824K,   0% used [0x90160000, 0x90161000, 0x916b0000)
  to   space 21824K,   0% used [0x916b0000, 0x916b0000, 0x92c00000)
 concurrent mark-sweep generation total 393216K, used 12859K [0x92c00000, 0xaac00000, 0xaac00000)
 concurrent-mark-sweep perm gen total 35404K, used 22530K [0xaac00000, 0xace93000, 0xb2c00000)
}
2015-02-20T16:11:36.982-0600: 3025.437: Total time for which application threads were stopped: 0.0105820 seconds
{Heap before GC invocations=959 (full 1):
 par new generation   total 109248K, used 87428K [0x8ac00000, 0x92c00000, 0x92c00000)
  eden space 87424K, 100% used [0x8ac00000, 0x90160000, 0x90160000)
  from space 21824K,   0% used [0x90160000, 0x90161000, 0x916b0000)
  to   space 21824K,   0% used [0x916b0000, 0x916b0000, 0x92c00000)
 concurrent mark-sweep generation total 393216K, used 12859K [0x92c00000, 0xaac00000, 0xaac00000)
 concurrent-mark-sweep perm gen total 35404K, used 22530K [0xaac00000, 0xace93000, 0xb2c00000)
2015-02-20T16:11:38.489-0600: 3026.944: [GC2015-02-20T16:11:38.489-0600: 3026.944: [ParNew
Desired survivor size 20112996 bytes, new threshold 8 (max 8)
- age   1:       1176 bytes,       1176 total
- age   2:         16 bytes,       1192 total
- age   3:        360 bytes,       1552 total
- age   4:        424 bytes,       1976 total
- age   5:         16 bytes,       1992 total
- age   6:        408 bytes,       2400 total
- age   7:        472 bytes,       2872 total
- age   8:        336 bytes,       3208 total
: 87428K->6K(109248K), 0.0071730 secs] 100287K->12865K(502464K), 0.0073900 secs] [Times: user=0.02 sys=0.00, real=0.00 secs] 
Heap after GC invocations=960 (full 1):
 par new generation   total 109248K, used 6K [0x8ac00000, 0x92c00000, 0x92c00000)
  eden space 87424K,   0% used [0x8ac00000, 0x8ac00000, 0x90160000)
  from space 21824K,   0% used [0x916b0000, 0x916b1800, 0x92c00000)
  to   space 21824K,   0% used [0x90160000, 0x90160000, 0x916b0000)
 concurrent mark-sweep generation total 393216K, used 12859K [0x92c00000, 0xaac00000, 0xaac00000)
 concurrent-mark-sweep perm gen total 35404K, used 22530K [0xaac00000, 0xace93000, 0xb2c00000)
}
2015-02-20T16:11:38.496-0600: 3026.951: Total time for which application threads were stopped: 0.0102850 seconds
{Heap before GC invocations=960 (full 1):
 par new generation   total 109248K, used 87430K [0x8ac00000, 0x92c00000, 0x92c00000)
  eden space 87424K, 100% used [0x8ac00000, 0x90160000, 0x90160000)
  from space 21824K,   0% used [0x916b0000, 0x916b1800, 0x92c00000)
  to   space 21824K,   0% used [0x90160000, 0x90160000, 0x916b0000)
 concurrent mark-sweep generation total 393216K, used 12859K [0x92c00000, 0xaac00000, 0xaac00000)
 concurrent-mark-sweep perm gen total 35404K, used 22530K [0xaac00000, 0xace93000, 0xb2c00000)
2015-02-20T16:11:39.745-0600: 3028.200: [GC2015-02-20T16:11:39.746-0600: 3028.201: [ParNew
Desired survivor size 20112996 bytes, new threshold 8 (max 8)
- age   1:        864 bytes,        864 total
- age   2:        376 bytes,       1240 total
- age   3:         16 bytes,       1256 total
- age   4:        360 bytes,       1616 total
- age   5:        424 bytes,       2040 total
- age   6:         16 bytes,       2056 total
- age   7:        408 bytes,       2464 total
- age   8:        472 bytes,       2936 total
: 87430K->6K(109248K), 0.0286060 secs] 100289K->12865K(502464K), 0.0289610 secs] [Times: user=0.01 sys=0.01, real=0.03 secs] 
Heap after GC invocations=961 (full 1):
 par new generation   total 109248K, used 6K [0x8ac00000, 0x92c00000, 0x92c00000)
  eden space 87424K,   0% used [0x8ac00000, 0x8ac00000, 0x90160000)
  from space 21824K,   0% used [0x90160000, 0x90161800, 0x916b0000)
  to   space 21824K,   0% used [0x916b0000, 0x916b0000, 0x92c00000)
 concurrent mark-sweep generation total 393216K, used 12859K [0x92c00000, 0xaac00000, 0xaac00000)
 concurrent-mark-sweep perm gen total 35404K, used 22530K [0xaac00000, 0xace93000, 0xb2c00000)
}
2015-02-20T16:11:39.774-0600: 3028.229: Total time for which application threads were stopped: 0.0326210 seconds
{Heap before GC invocations=961 (full 1):
 par new generation   total 109248K, used 87430K [0x8ac00000, 0x92c00000, 0x92c00000)
  eden space 87424K, 100% used [0x8ac00000, 0x90160000, 0x90160000)
  from space 21824K,   0% used [0x90160000, 0x90161800, 0x916b0000)
  to   space 21824K,   0% used [0x916b0000, 0x916b0000, 0x92c00000)
 concurrent mark-sweep generation total 393216K, used 12859K [0x92c00000, 0xaac00000, 0xaac00000)
 concurrent-mark-sweep perm gen total 35404K, used 22530K [0xaac00000, 0xace93000, 0xb2c00000)
2015-02-20T16:11:41.072-0600: 3029.527: [GC2015-02-20T16:11:41.072-0600: 3029.527: [ParNew
Desired survivor size 20112996 bytes, new threshold 8 (max 8)
- age   1:        520 bytes,        520 total
- age   2:        512 bytes,       1032 total
- age   3:        376 bytes,       1408 total
- age   4:         16 bytes,       1424 total
- age   5:        360 bytes,       1784 total
- age   6:        424 bytes,       2208 total
- age   7:         16 bytes,       2224 total
- age   8:        408 bytes,       2632 total
: 87430K->6K(109248K), 0.0170060 secs] 100289K->12866K(502464K), 0.0172120 secs] [Times: user=0.02 sys=0.00, real=0.02 secs] 
Heap after GC invocations=962 (full 1):
 par new generation   total 109248K, used 6K [0x8ac00000, 0x92c00000, 0x92c00000)
  eden space 87424K,   0% used [0x8ac00000, 0x8ac00000, 0x90160000)
  from space 21824K,   0% used [0x916b0000, 0x916b1800, 0x92c00000)
  to   space 21824K,   0% used [0x90160000, 0x90160000, 0x916b0000)
 concurrent mark-sweep generation total 393216K, used 12860K [0x92c00000, 0xaac00000, 0xaac00000)
 concurrent-mark-sweep perm gen total 35404K, used 22530K [0xaac00000, 0xace93000, 0xb2c00000)
}
2015-02-20T16:11:41.089-0600: 3029.544: Total time for which application threads were stopped: 0.0198880 seconds
{Heap before GC invocations=962 (full 1):
 par new generation   total 109248K, used 87430K [0x8ac00000, 0x92c00000, 0x92c00000)
  eden space 87424K, 100% used [0x8ac00000, 0x90160000, 0x90160000)
  from space 21824K,   0% used [0x916b0000, 0x916b1800, 0x92c00000)
  to   space 21824K,   0% used [0x90160000, 0x90160000, 0x916b0000)
 concurrent mark-sweep generation total 393216K, used 12860K [0x92c00000, 0xaac00000, 0xaac00000)
 concurrent-mark-sweep perm gen total 35404K, used 22530K [0xaac00000, 0xace93000, 0xb2c00000)
2015-02-20T16:11:42.652-0600: 3031.107: [GC2015-02-20T16:11:42.652-0600: 3031.107: [ParNew
Desired survivor size 20112996 bytes, new threshold 8 (max 8)
- age   1:       1128 bytes,       1128 total
- age   2:        240 bytes,       1368 total
- age   3:        384 bytes,       1752 total
- age   4:        376 bytes,       2128 total
- age   5:         16 bytes,       2144 total
- age   6:        360 bytes,       2504 total
- age   7:        424 bytes,       2928 total
- age   8:         16 bytes,       2944 total
: 87430K->8K(109248K), 0.0158390 secs] 100290K->12868K(502464K), 0.0160210 secs] [Times: user=0.02 sys=0.00, real=0.02 secs] 
Heap after GC invocations=963 (full 1):
 par new generation   total 109248K, used 8K [0x8ac00000, 0x92c00000, 0x92c00000)
  eden space 87424K,   0% used [0x8ac00000, 0x8ac00000, 0x90160000)
  from space 21824K,   0% used [0x90160000, 0x90162000, 0x916b0000)
  to   space 21824K,   0% used [0x916b0000, 0x916b0000, 0x92c00000)
 concurrent mark-sweep generation total 393216K, used 12860K [0x92c00000, 0xaac00000, 0xaac00000)
 concurrent-mark-sweep perm gen total 35404K, used 22530K [0xaac00000, 0xace93000, 0xb2c00000)
}
2015-02-20T16:11:42.668-0600: 3031.123: Total time for which application threads were stopped: 0.0194180 seconds
{Heap before GC invocations=963 (full 1):
 par new generation   total 109248K, used 87432K [0x8ac00000, 0x92c00000, 0x92c00000)
  eden space 87424K, 100% used [0x8ac00000, 0x90160000, 0x90160000)
  from space 21824K,   0% used [0x90160000, 0x90162000, 0x916b0000)
  to   space 21824K,   0% used [0x916b0000, 0x916b0000, 0x92c00000)
 concurrent mark-sweep generation total 393216K, used 12860K [0x92c00000, 0xaac00000, 0xaac00000)
 concurrent-mark-sweep perm gen total 35404K, used 22530K [0xaac00000, 0xace93000, 0xb2c00000)
2015-02-20T16:11:44.343-0600: 3032.798: [GC2015-02-20T16:11:44.343-0600: 3032.798: [ParNew
Desired survivor size 20112996 bytes, new threshold 8 (max 8)
- age   1:        832 bytes,        832 total
- age   2:        200 bytes,       1032 total
- age   3:        216 bytes,       1248 total
- age   4:        384 bytes,       1632 total
- age   5:        376 bytes,       2008 total
- age   6:         16 bytes,       2024 total
- age   7:        360 bytes,       2384 total
- age   8:        424 bytes,       2808 total
: 87432K->6K(109248K), 0.0115850 secs] 100292K->12866K(502464K), 0.0117770 secs] [Times: user=0.03 sys=0.00, real=0.01 secs] 
Heap after GC invocations=964 (full 1):
 par new generation   total 109248K, used 6K [0x8ac00000, 0x92c00000, 0x92c00000)
  eden space 87424K,   0% used [0x8ac00000, 0x8ac00000, 0x90160000)
  from space 21824K,   0% used [0x916b0000, 0x916b1800, 0x92c00000)
  to   space 21824K,   0% used [0x90160000, 0x90160000, 0x916b0000)
 concurrent mark-sweep generation total 393216K, used 12860K [0x92c00000, 0xaac00000, 0xaac00000)
 concurrent-mark-sweep perm gen total 35404K, used 22530K [0xaac00000, 0xace93000, 0xb2c00000)
}
2015-02-20T16:11:44.355-0600: 3032.810: Total time for which application threads were stopped: 0.0146320 seconds
{Heap before GC invocations=964 (full 1):
 par new generation   total 109248K, used 87430K [0x8ac00000, 0x92c00000, 0x92c00000)
  eden space 87424K, 100% used [0x8ac00000, 0x90160000, 0x90160000)
  from space 21824K,   0% used [0x916b0000, 0x916b1800, 0x92c00000)
  to   space 21824K,   0% used [0x90160000, 0x90160000, 0x916b0000)
 concurrent mark-sweep generation total 393216K, used 12860K [0x92c00000, 0xaac00000, 0xaac00000)
 concurrent-mark-sweep perm gen total 35404K, used 22530K [0xaac00000, 0xace93000, 0xb2c00000)
2015-02-20T16:11:45.833-0600: 3034.288: [GC2015-02-20T16:11:45.833-0600: 3034.288: [ParNew
Desired survivor size 20112996 bytes, new threshold 8 (max 8)
- age   1:       1000 bytes,       1000 total
- age   2:        376 bytes,       1376 total
- age   3:        200 bytes,       1576 total
- age   4:        216 bytes,       1792 total
- age   5:        384 bytes,       2176 total
- age   6:        376 bytes,       2552 total
- age   7:         16 bytes,       2568 total
- age   8:        360 bytes,       2928 total
: 87430K->6K(109248K), 0.0127380 secs] 100290K->12866K(502464K), 0.0129460 secs] [Times: user=0.02 sys=0.00, real=0.01 secs] 
Heap after GC invocations=965 (full 1):
 par new generation   total 109248K, used 6K [0x8ac00000, 0x92c00000, 0x92c00000)
  eden space 87424K,   0% used [0x8ac00000, 0x8ac00000, 0x90160000)
  from space 21824K,   0% used [0x90160000, 0x90161800, 0x916b0000)
  to   space 21824K,   0% used [0x916b0000, 0x916b0000, 0x92c00000)
 concurrent mark-sweep generation total 393216K, used 12860K [0x92c00000, 0xaac00000, 0xaac00000)
 concurrent-mark-sweep perm gen total 35404K, used 22530K [0xaac00000, 0xace93000, 0xb2c00000)
}
2015-02-20T16:11:45.846-0600: 3034.301: Total time for which application threads were stopped: 0.0160440 seconds
{Heap before GC invocations=965 (full 1):
 par new generation   total 109248K, used 87430K [0x8ac00000, 0x92c00000, 0x92c00000)
  eden space 87424K, 100% used [0x8ac00000, 0x90160000, 0x90160000)
  from space 21824K,   0% used [0x90160000, 0x90161800, 0x916b0000)
  to   space 21824K,   0% used [0x916b0000, 0x916b0000, 0x92c00000)
 concurrent mark-sweep generation total 393216K, used 12860K [0x92c00000, 0xaac00000, 0xaac00000)
 concurrent-mark-sweep perm gen total 35404K, used 22530K [0xaac00000, 0xace93000, 0xb2c00000)
2015-02-20T16:11:47.492-0600: 3035.947: [GC2015-02-20T16:11:47.492-0600: 3035.947: [ParNew
Desired survivor size 20112996 bytes, new threshold 8 (max 8)
- age   1:       1448 bytes,       1448 total
- age   2:        432 bytes,       1880 total
- age   3:        376 bytes,       2256 total
- age   4:        200 bytes,       2456 total
- age   5:        216 bytes,       2672 total
- age   6:        384 bytes,       3056 total
- age   7:        376 bytes,       3432 total
- age   8:         16 bytes,       3448 total
: 87430K->8K(109248K), 0.0057560 secs] 100290K->12869K(502464K), 0.0059560 secs] [Times: user=0.01 sys=0.00, real=0.01 secs] 
Heap after GC invocations=966 (full 1):
 par new generation   total 109248K, used 8K [0x8ac00000, 0x92c00000, 0x92c00000)
  eden space 87424K,   0% used [0x8ac00000, 0x8ac00000, 0x90160000)
  from space 21824K,   0% used [0x916b0000, 0x916b2000, 0x92c00000)
  to   space 21824K,   0% used [0x90160000, 0x90160000, 0x916b0000)
 concurrent mark-sweep generation total 393216K, used 12861K [0x92c00000, 0xaac00000, 0xaac00000)
 concurrent-mark-sweep perm gen total 35404K, used 22530K [0xaac00000, 0xace93000, 0xb2c00000)
}
2015-02-20T16:11:47.498-0600: 3035.953: Total time for which application threads were stopped: 0.0087710 seconds
{Heap before GC invocations=966 (full 1):
 par new generation   total 109248K, used 87432K [0x8ac00000, 0x92c00000, 0x92c00000)
  eden space 87424K, 100% used [0x8ac00000, 0x90160000, 0x90160000)
  from space 21824K,   0% used [0x916b0000, 0x916b2000, 0x92c00000)
  to   space 21824K,   0% used [0x90160000, 0x90160000, 0x916b0000)
 concurrent mark-sweep generation total 393216K, used 12861K [0x92c00000, 0xaac00000, 0xaac00000)
 concurrent-mark-sweep perm gen total 35404K, used 22530K [0xaac00000, 0xace93000, 0xb2c00000)
2015-02-20T16:11:49.029-0600: 3037.484: [GC2015-02-20T16:11:49.029-0600: 3037.484: [ParNew
Desired survivor size 20112996 bytes, new threshold 8 (max 8)
- age   1:        568 bytes,        568 total
- age   2:        648 bytes,       1216 total
- age   3:        432 bytes,       1648 total
- age   4:        376 bytes,       2024 total
- age   5:        200 bytes,       2224 total
- age   6:        216 bytes,       2440 total
- age   7:        384 bytes,       2824 total
- age   8:        376 bytes,       3200 total
: 87432K->8K(109248K), 0.0147910 secs] 100293K->12869K(502464K), 0.0150460 secs] [Times: user=0.02 sys=0.00, real=0.01 secs] 
Heap after GC invocations=967 (full 1):
 par new generation   total 109248K, used 8K [0x8ac00000, 0x92c00000, 0x92c00000)
  eden space 87424K,   0% used [0x8ac00000, 0x8ac00000, 0x90160000)
  from space 21824K,   0% used [0x90160000, 0x90162000, 0x916b0000)
  to   space 21824K,   0% used [0x916b0000, 0x916b0000, 0x92c00000)
 concurrent mark-sweep generation total 393216K, used 12861K [0x92c00000, 0xaac00000, 0xaac00000)
 concurrent-mark-sweep perm gen total 35404K, used 22530K [0xaac00000, 0xace93000, 0xb2c00000)
}
2015-02-20T16:11:49.044-0600: 3037.499: Total time for which application threads were stopped: 0.0190150 seconds
{Heap before GC invocations=967 (full 1):
 par new generation   total 109248K, used 87432K [0x8ac00000, 0x92c00000, 0x92c00000)
  eden space 87424K, 100% used [0x8ac00000, 0x90160000, 0x90160000)
  from space 21824K,   0% used [0x90160000, 0x90162000, 0x916b0000)
  to   space 21824K,   0% used [0x916b0000, 0x916b0000, 0x92c00000)
 concurrent mark-sweep generation total 393216K, used 12861K [0x92c00000, 0xaac00000, 0xaac00000)
 concurrent-mark-sweep perm gen total 35404K, used 22530K [0xaac00000, 0xace93000, 0xb2c00000)
2015-02-20T16:11:50.892-0600: 3039.347: [GC2015-02-20T16:11:50.892-0600: 3039.347: [ParNew
Desired survivor size 20112996 bytes, new threshold 8 (max 8)
- age   1:        808 bytes,        808 total
- age   2:        240 bytes,       1048 total
- age   3:        520 bytes,       1568 total
- age   4:        432 bytes,       2000 total
- age   5:        376 bytes,       2376 total
- age   6:        200 bytes,       2576 total
- age   7:        216 bytes,       2792 total
- age   8:        384 bytes,       3176 total
: 87432K->6K(109248K), 0.0080240 secs] 100293K->12867K(502464K), 0.0082380 secs] [Times: user=0.01 sys=0.01, real=0.01 secs] 
Heap after GC invocations=968 (full 1):
 par new generation   total 109248K, used 6K [0x8ac00000, 0x92c00000, 0x92c00000)
  eden space 87424K,   0% used [0x8ac00000, 0x8ac00000, 0x90160000)
  from space 21824K,   0% used [0x916b0000, 0x916b1800, 0x92c00000)
  to   space 21824K,   0% used [0x90160000, 0x90160000, 0x916b0000)
 concurrent mark-sweep generation total 393216K, used 12861K [0x92c00000, 0xaac00000, 0xaac00000)
 concurrent-mark-sweep perm gen total 35404K, used 22530K [0xaac00000, 0xace93000, 0xb2c00000)
}
2015-02-20T16:11:50.901-0600: 3039.356: Total time for which application threads were stopped: 0.0111950 seconds
{Heap before GC invocations=968 (full 1):
 par new generation   total 109248K, used 87430K [0x8ac00000, 0x92c00000, 0x92c00000)
  eden space 87424K, 100% used [0x8ac00000, 0x90160000, 0x90160000)
  from space 21824K,   0% used [0x916b0000, 0x916b1800, 0x92c00000)
  to   space 21824K,   0% used [0x90160000, 0x90160000, 0x916b0000)
 concurrent mark-sweep generation total 393216K, used 12861K [0x92c00000, 0xaac00000, 0xaac00000)
 concurrent-mark-sweep perm gen total 35404K, used 22530K [0xaac00000, 0xace93000, 0xb2c00000)
2015-02-20T16:11:52.560-0600: 3041.015: [GC2015-02-20T16:11:52.560-0600: 3041.015: [ParNew
Desired survivor size 20112996 bytes, new threshold 8 (max 8)
- age   1:        896 bytes,        896 total
- age   2:        176 bytes,       1072 total
- age   3:        216 bytes,       1288 total
- age   4:        520 bytes,       1808 total
- age   5:        432 bytes,       2240 total
- age   6:        376 bytes,       2616 total
- age   7:        200 bytes,       2816 total
- age   8:        216 bytes,       3032 total
: 87430K->6K(109248K), 0.0169940 secs] 100291K->12868K(502464K), 0.0172360 secs] [Times: user=0.03 sys=0.00, real=0.02 secs] 
Heap after GC invocations=969 (full 1):
 par new generation   total 109248K, used 6K [0x8ac00000, 0x92c00000, 0x92c00000)
  eden space 87424K,   0% used [0x8ac00000, 0x8ac00000, 0x90160000)
  from space 21824K,   0% used [0x90160000, 0x90161800, 0x916b0000)
  to   space 21824K,   0% used [0x916b0000, 0x916b0000, 0x92c00000)
 concurrent mark-sweep generation total 393216K, used 12862K [0x92c00000, 0xaac00000, 0xaac00000)
 concurrent-mark-sweep perm gen total 35404K, used 22530K [0xaac00000, 0xace93000, 0xb2c00000)
}
2015-02-20T16:11:52.577-0600: 3041.032: Total time for which application threads were stopped: 0.0208250 seconds
{Heap before GC invocations=969 (full 1):
 par new generation   total 109248K, used 87430K [0x8ac00000, 0x92c00000, 0x92c00000)
  eden space 87424K, 100% used [0x8ac00000, 0x90160000, 0x90160000)
  from space 21824K,   0% used [0x90160000, 0x90161800, 0x916b0000)
  to   space 21824K,   0% used [0x916b0000, 0x916b0000, 0x92c00000)
 concurrent mark-sweep generation total 393216K, used 12862K [0x92c00000, 0xaac00000, 0xaac00000)
 concurrent-mark-sweep perm gen total 35404K, used 22530K [0xaac00000, 0xace93000, 0xb2c00000)
2015-02-20T16:11:54.102-0600: 3042.557: [GC2015-02-20T16:11:54.102-0600: 3042.557: [ParNew
Desired survivor size 20112996 bytes, new threshold 8 (max 8)
- age   1:       1304 bytes,       1304 total
- age   2:        424 bytes,       1728 total
- age   3:        176 bytes,       1904 total
- age   4:        216 bytes,       2120 total
- age   5:        520 bytes,       2640 total
- age   6:        432 bytes,       3072 total
- age   7:        376 bytes,       3448 total
- age   8:        200 bytes,       3648 total
: 87430K->8K(109248K), 0.0066180 secs] 100292K->12870K(502464K), 0.0068580 secs] [Times: user=0.01 sys=0.00, real=0.01 secs] 
Heap after GC invocations=970 (full 1):
 par new generation   total 109248K, used 8K [0x8ac00000, 0x92c00000, 0x92c00000)
  eden space 87424K,   0% used [0x8ac00000, 0x8ac00000, 0x90160000)
  from space 21824K,   0% used [0x916b0000, 0x916b2000, 0x92c00000)
  to   space 21824K,   0% used [0x90160000, 0x90160000, 0x916b0000)
 concurrent mark-sweep generation total 393216K, used 12862K [0x92c00000, 0xaac00000, 0xaac00000)
 concurrent-mark-sweep perm gen total 35404K, used 22530K [0xaac00000, 0xace93000, 0xb2c00000)
}
2015-02-20T16:11:54.109-0600: 3042.564: Total time for which application threads were stopped: 0.0095540 seconds
{Heap before GC invocations=970 (full 1):
 par new generation   total 109248K, used 87432K [0x8ac00000, 0x92c00000, 0x92c00000)
  eden space 87424K, 100% used [0x8ac00000, 0x90160000, 0x90160000)
  from space 21824K,   0% used [0x916b0000, 0x916b2000, 0x92c00000)
  to   space 21824K,   0% used [0x90160000, 0x90160000, 0x916b0000)
 concurrent mark-sweep generation total 393216K, used 12862K [0x92c00000, 0xaac00000, 0xaac00000)
 concurrent-mark-sweep perm gen total 35404K, used 22530K [0xaac00000, 0xace93000, 0xb2c00000)
2015-02-20T16:11:55.855-0600: 3044.310: [GC2015-02-20T16:11:55.855-0600: 3044.310: [ParNew
Desired survivor size 20112996 bytes, new threshold 8 (max 8)
- age   1:        864 bytes,        864 total
- age   2:        376 bytes,       1240 total
- age   3:        424 bytes,       1664 total
- age   4:        176 bytes,       1840 total
- age   5:        216 bytes,       2056 total
- age   6:        520 bytes,       2576 total
- age   7:        432 bytes,       3008 total
- age   8:        376 bytes,       3384 total
: 87432K->4K(109248K), 0.0260150 secs] 100294K->12866K(502464K), 0.0262590 secs] [Times: user=0.03 sys=0.00, real=0.03 secs] 
Heap after GC invocations=971 (full 1):
 par new generation   total 109248K, used 4K [0x8ac00000, 0x92c00000, 0x92c00000)
  eden space 87424K,   0% used [0x8ac00000, 0x8ac00000, 0x90160000)
  from space 21824K,   0% used [0x90160000, 0x90161000, 0x916b0000)
  to   space 21824K,   0% used [0x916b0000, 0x916b0000, 0x92c00000)
 concurrent mark-sweep generation total 393216K, used 12862K [0x92c00000, 0xaac00000, 0xaac00000)
 concurrent-mark-sweep perm gen total 35404K, used 22530K [0xaac00000, 0xace93000, 0xb2c00000)
}
2015-02-20T16:11:55.881-0600: 3044.336: Total time for which application threads were stopped: 0.0291710 seconds
{Heap before GC invocations=971 (full 1):
 par new generation   total 109248K, used 87428K [0x8ac00000, 0x92c00000, 0x92c00000)
  eden space 87424K, 100% used [0x8ac00000, 0x90160000, 0x90160000)
  from space 21824K,   0% used [0x90160000, 0x90161000, 0x916b0000)
  to   space 21824K,   0% used [0x916b0000, 0x916b0000, 0x92c00000)
 concurrent mark-sweep generation total 393216K, used 12862K [0x92c00000, 0xaac00000, 0xaac00000)
 concurrent-mark-sweep perm gen total 35404K, used 22530K [0xaac00000, 0xace93000, 0xb2c00000)
2015-02-20T16:11:57.598-0600: 3046.053: [GC2015-02-20T16:11:57.598-0600: 3046.053: [ParNew
Desired survivor size 20112996 bytes, new threshold 8 (max 8)
- age   1:       1080 bytes,       1080 total
- age   2:        384 bytes,       1464 total
- age   3:        376 bytes,       1840 total
- age   4:        424 bytes,       2264 total
- age   5:        176 bytes,       2440 total
- age   6:        216 bytes,       2656 total
- age   7:        520 bytes,       3176 total
- age   8:        432 bytes,       3608 total
: 87428K->4K(109248K), 0.0244320 secs] 100290K->12866K(502464K), 0.0246230 secs] [Times: user=0.04 sys=0.00, real=0.02 secs] 
Heap after GC invocations=972 (full 1):
 par new generation   total 109248K, used 4K [0x8ac00000, 0x92c00000, 0x92c00000)
  eden space 87424K,   0% used [0x8ac00000, 0x8ac00000, 0x90160000)
  from space 21824K,   0% used [0x916b0000, 0x916b1000, 0x92c00000)
  to   space 21824K,   0% used [0x90160000, 0x90160000, 0x916b0000)
 concurrent mark-sweep generation total 393216K, used 12862K [0x92c00000, 0xaac00000, 0xaac00000)
 concurrent-mark-sweep perm gen total 35404K, used 22530K [0xaac00000, 0xace93000, 0xb2c00000)
}
2015-02-20T16:11:57.623-0600: 3046.078: Total time for which application threads were stopped: 0.0274190 seconds
{Heap before GC invocations=972 (full 1):
 par new generation   total 109248K, used 87428K [0x8ac00000, 0x92c00000, 0x92c00000)
  eden space 87424K, 100% used [0x8ac00000, 0x90160000, 0x90160000)
  from space 21824K,   0% used [0x916b0000, 0x916b1000, 0x92c00000)
  to   space 21824K,   0% used [0x90160000, 0x90160000, 0x916b0000)
 concurrent mark-sweep generation total 393216K, used 12862K [0x92c00000, 0xaac00000, 0xaac00000)
 concurrent-mark-sweep perm gen total 35404K, used 22530K [0xaac00000, 0xace93000, 0xb2c00000)
2015-02-20T16:11:59.201-0600: 3047.656: [GC2015-02-20T16:11:59.201-0600: 3047.656: [ParNew
Desired survivor size 20112996 bytes, new threshold 8 (max 8)
- age   1:        920 bytes,        920 total
- age   2:        608 bytes,       1528 total
- age   3:        384 bytes,       1912 total
- age   4:        376 bytes,       2288 total
- age   5:        424 bytes,       2712 total
- age   6:        176 bytes,       2888 total
- age   7:        216 bytes,       3104 total
- age   8:        520 bytes,       3624 total
: 87428K->8K(109248K), 0.0217150 secs] 100290K->12871K(502464K), 0.0219560 secs] [Times: user=0.02 sys=0.00, real=0.02 secs] 
Heap after GC invocations=973 (full 1):
 par new generation   total 109248K, used 8K [0x8ac00000, 0x92c00000, 0x92c00000)
  eden space 87424K,   0% used [0x8ac00000, 0x8ac00000, 0x90160000)
  from space 21824K,   0% used [0x90160000, 0x90162000, 0x916b0000)
  to   space 21824K,   0% used [0x916b0000, 0x916b0000, 0x92c00000)
 concurrent mark-sweep generation total 393216K, used 12863K [0x92c00000, 0xaac00000, 0xaac00000)
 concurrent-mark-sweep perm gen total 35404K, used 22530K [0xaac00000, 0xace93000, 0xb2c00000)
}
2015-02-20T16:11:59.223-0600: 3047.678: Total time for which application threads were stopped: 0.0265950 seconds
{Heap before GC invocations=973 (full 1):
 par new generation   total 109248K, used 87432K [0x8ac00000, 0x92c00000, 0x92c00000)
  eden space 87424K, 100% used [0x8ac00000, 0x90160000, 0x90160000)
  from space 21824K,   0% used [0x90160000, 0x90162000, 0x916b0000)
  to   space 21824K,   0% used [0x916b0000, 0x916b0000, 0x92c00000)
 concurrent mark-sweep generation total 393216K, used 12863K [0x92c00000, 0xaac00000, 0xaac00000)
 concurrent-mark-sweep perm gen total 35404K, used 22530K [0xaac00000, 0xace93000, 0xb2c00000)
2015-02-20T16:12:00.460-0600: 3048.915: [GC2015-02-20T16:12:00.460-0600: 3048.915: [ParNew
Desired survivor size 20112996 bytes, new threshold 8 (max 8)
- age   1:        840 bytes,        840 total
- age   2:        240 bytes,       1080 total
- age   3:        480 bytes,       1560 total
- age   4:        384 bytes,       1944 total
- age   5:        376 bytes,       2320 total
- age   6:        424 bytes,       2744 total
- age   7:        176 bytes,       2920 total
- age   8:        216 bytes,       3136 total
: 87432K->8K(109248K), 0.0168370 secs] 100295K->12871K(502464K), 0.0172070 secs] [Times: user=0.02 sys=0.00, real=0.02 secs] 
Heap after GC invocations=974 (full 1):
 par new generation   total 109248K, used 8K [0x8ac00000, 0x92c00000, 0x92c00000)
  eden space 87424K,   0% used [0x8ac00000, 0x8ac00000, 0x90160000)
  from space 21824K,   0% used [0x916b0000, 0x916b2000, 0x92c00000)
  to   space 21824K,   0% used [0x90160000, 0x90160000, 0x916b0000)
 concurrent mark-sweep generation total 393216K, used 12863K [0x92c00000, 0xaac00000, 0xaac00000)
 concurrent-mark-sweep perm gen total 35404K, used 22530K [0xaac00000, 0xace93000, 0xb2c00000)
}
2015-02-20T16:12:00.478-0600: 3048.933: Total time for which application threads were stopped: 0.0245760 seconds
{Heap before GC invocations=974 (full 1):
 par new generation   total 109248K, used 87432K [0x8ac00000, 0x92c00000, 0x92c00000)
  eden space 87424K, 100% used [0x8ac00000, 0x90160000, 0x90160000)
  from space 21824K,   0% used [0x916b0000, 0x916b2000, 0x92c00000)
  to   space 21824K,   0% used [0x90160000, 0x90160000, 0x916b0000)
 concurrent mark-sweep generation total 393216K, used 12863K [0x92c00000, 0xaac00000, 0xaac00000)
 concurrent-mark-sweep perm gen total 35404K, used 22530K [0xaac00000, 0xace93000, 0xb2c00000)
2015-02-20T16:12:02.171-0600: 3050.626: [GC2015-02-20T16:12:02.171-0600: 3050.626: [ParNew
Desired survivor size 20112996 bytes, new threshold 8 (max 8)
- age   1:       1232 bytes,       1232 total
- age   2:        272 bytes,       1504 total
- age   3:        216 bytes,       1720 total
- age   4:        480 bytes,       2200 total
- age   5:        384 bytes,       2584 total
- age   6:        376 bytes,       2960 total
- age   7:        424 bytes,       3384 total
- age   8:        176 bytes,       3560 total
: 87432K->8K(109248K), 0.0162280 secs] 100295K->12871K(502464K), 0.0164690 secs] [Times: user=0.03 sys=0.00, real=0.02 secs] 
Heap after GC invocations=975 (full 1):
 par new generation   total 109248K, used 8K [0x8ac00000, 0x92c00000, 0x92c00000)
  eden space 87424K,   0% used [0x8ac00000, 0x8ac00000, 0x90160000)
  from space 21824K,   0% used [0x90160000, 0x90162000, 0x916b0000)
  to   space 21824K,   0% used [0x916b0000, 0x916b0000, 0x92c00000)
 concurrent mark-sweep generation total 393216K, used 12863K [0x92c00000, 0xaac00000, 0xaac00000)
 concurrent-mark-sweep perm gen total 35404K, used 22530K [0xaac00000, 0xace93000, 0xb2c00000)
}
2015-02-20T16:12:02.187-0600: 3050.642: Total time for which application threads were stopped: 0.0192270 seconds
{Heap before GC invocations=975 (full 1):
 par new generation   total 109248K, used 87432K [0x8ac00000, 0x92c00000, 0x92c00000)
  eden space 87424K, 100% used [0x8ac00000, 0x90160000, 0x90160000)
  from space 21824K,   0% used [0x90160000, 0x90162000, 0x916b0000)
  to   space 21824K,   0% used [0x916b0000, 0x916b0000, 0x92c00000)
 concurrent mark-sweep generation total 393216K, used 12863K [0x92c00000, 0xaac00000, 0xaac00000)
 concurrent-mark-sweep perm gen total 35404K, used 22530K [0xaac00000, 0xace93000, 0xb2c00000)
2015-02-20T16:12:03.745-0600: 3052.200: [GC2015-02-20T16:12:03.745-0600: 3052.200: [ParNew
Desired survivor size 20112996 bytes, new threshold 8 (max 8)
- age   1:        840 bytes,        840 total
- age   2:        376 bytes,       1216 total
- age   3:        272 bytes,       1488 total
- age   4:        216 bytes,       1704 total
- age   5:        480 bytes,       2184 total
- age   6:        384 bytes,       2568 total
- age   7:        376 bytes,       2944 total
- age   8:        424 bytes,       3368 total
: 87432K->4K(109248K), 0.0078240 secs] 100295K->12868K(502464K), 0.0080380 secs] [Times: user=0.02 sys=0.01, real=0.01 secs] 
Heap after GC invocations=976 (full 1):
 par new generation   total 109248K, used 4K [0x8ac00000, 0x92c00000, 0x92c00000)
  eden space 87424K,   0% used [0x8ac00000, 0x8ac00000, 0x90160000)
  from space 21824K,   0% used [0x916b0000, 0x916b1000, 0x92c00000)
  to   space 21824K,   0% used [0x90160000, 0x90160000, 0x916b0000)
 concurrent mark-sweep generation total 393216K, used 12864K [0x92c00000, 0xaac00000, 0xaac00000)
 concurrent-mark-sweep perm gen total 35404K, used 22530K [0xaac00000, 0xace93000, 0xb2c00000)
}
2015-02-20T16:12:03.753-0600: 3052.208: Total time for which application threads were stopped: 0.0107900 seconds
{Heap before GC invocations=976 (full 1):
 par new generation   total 109248K, used 87428K [0x8ac00000, 0x92c00000, 0x92c00000)
  eden space 87424K, 100% used [0x8ac00000, 0x90160000, 0x90160000)
  from space 21824K,   0% used [0x916b0000, 0x916b1000, 0x92c00000)
  to   space 21824K,   0% used [0x90160000, 0x90160000, 0x916b0000)
 concurrent mark-sweep generation total 393216K, used 12864K [0x92c00000, 0xaac00000, 0xaac00000)
 concurrent-mark-sweep perm gen total 35404K, used 22530K [0xaac00000, 0xace93000, 0xb2c00000)
2015-02-20T16:12:05.805-0600: 3054.260: [GC2015-02-20T16:12:05.806-0600: 3054.261: [ParNew
Desired survivor size 20112996 bytes, new threshold 8 (max 8)
- age   1:       1224 bytes,       1224 total
- age   2:        384 bytes,       1608 total
- age   3:        376 bytes,       1984 total
- age   4:        272 bytes,       2256 total
- age   5:        216 bytes,       2472 total
- age   6:        480 bytes,       2952 total
- age   7:        384 bytes,       3336 total
- age   8:        376 bytes,       3712 total
: 87428K->10K(109248K), 0.0067650 secs] 100292K->12874K(502464K), 0.0069850 secs] [Times: user=0.01 sys=0.00, real=0.01 secs] 
Heap after GC invocations=977 (full 1):
 par new generation   total 109248K, used 10K [0x8ac00000, 0x92c00000, 0x92c00000)
  eden space 87424K,   0% used [0x8ac00000, 0x8ac00000, 0x90160000)
  from space 21824K,   0% used [0x90160000, 0x90162800, 0x916b0000)
  to   space 21824K,   0% used [0x916b0000, 0x916b0000, 0x92c00000)
 concurrent mark-sweep generation total 393216K, used 12864K [0x92c00000, 0xaac00000, 0xaac00000)
 concurrent-mark-sweep perm gen total 35404K, used 22530K [0xaac00000, 0xace93000, 0xb2c00000)
}
2015-02-20T16:12:05.813-0600: 3054.268: Total time for which application threads were stopped: 0.0097180 seconds
{Heap before GC invocations=977 (full 1):
 par new generation   total 109248K, used 87434K [0x8ac00000, 0x92c00000, 0x92c00000)
  eden space 87424K, 100% used [0x8ac00000, 0x90160000, 0x90160000)
  from space 21824K,   0% used [0x90160000, 0x90162800, 0x916b0000)
  to   space 21824K,   0% used [0x916b0000, 0x916b0000, 0x92c00000)
 concurrent mark-sweep generation total 393216K, used 12864K [0x92c00000, 0xaac00000, 0xaac00000)
 concurrent-mark-sweep perm gen total 35404K, used 22530K [0xaac00000, 0xace93000, 0xb2c00000)
2015-02-20T16:12:07.924-0600: 3056.379: [GC2015-02-20T16:12:07.924-0600: 3056.379: [ParNew
Desired survivor size 20112996 bytes, new threshold 8 (max 8)
- age   1:       1368 bytes,       1368 total
- age   2:        424 bytes,       1792 total
- age   3:        384 bytes,       2176 total
- age   4:        376 bytes,       2552 total
- age   5:        272 bytes,       2824 total
- age   6:        216 bytes,       3040 total
- age   7:        480 bytes,       3520 total
- age   8:        384 bytes,       3904 total
: 87434K->8K(109248K), 0.0353410 secs] 100298K->12872K(502464K), 0.0356010 secs] [Times: user=0.03 sys=0.00, real=0.04 secs] 
Heap after GC invocations=978 (full 1):
 par new generation   total 109248K, used 8K [0x8ac00000, 0x92c00000, 0x92c00000)
  eden space 87424K,   0% used [0x8ac00000, 0x8ac00000, 0x90160000)
  from space 21824K,   0% used [0x916b0000, 0x916b2000, 0x92c00000)
  to   space 21824K,   0% used [0x90160000, 0x90160000, 0x916b0000)
 concurrent mark-sweep generation total 393216K, used 12864K [0x92c00000, 0xaac00000, 0xaac00000)
 concurrent-mark-sweep perm gen total 35404K, used 22530K [0xaac00000, 0xace93000, 0xb2c00000)
}
2015-02-20T16:12:07.960-0600: 3056.415: Total time for which application threads were stopped: 0.0386480 seconds
{Heap before GC invocations=978 (full 1):
 par new generation   total 109248K, used 87432K [0x8ac00000, 0x92c00000, 0x92c00000)
  eden space 87424K, 100% used [0x8ac00000, 0x90160000, 0x90160000)
  from space 21824K,   0% used [0x916b0000, 0x916b2000, 0x92c00000)
  to   space 21824K,   0% used [0x90160000, 0x90160000, 0x916b0000)
 concurrent mark-sweep generation total 393216K, used 12864K [0x92c00000, 0xaac00000, 0xaac00000)
 concurrent-mark-sweep perm gen total 35404K, used 22530K [0xaac00000, 0xace93000, 0xb2c00000)
2015-02-20T16:12:09.864-0600: 3058.319: [GC2015-02-20T16:12:09.864-0600: 3058.319: [ParNew
Desired survivor size 20112996 bytes, new threshold 8 (max 8)
- age   1:       1072 bytes,       1072 total
- age   2:        376 bytes,       1448 total
- age   3:        424 bytes,       1872 total
- age   4:        384 bytes,       2256 total
- age   5:        376 bytes,       2632 total
- age   6:        272 bytes,       2904 total
- age   7:        216 bytes,       3120 total
- age   8:        480 bytes,       3600 total
: 87432K->10K(109248K), 0.0060220 secs] 100296K->12875K(502464K), 0.0062340 secs] [Times: user=0.00 sys=0.01, real=0.01 secs] 
Heap after GC invocations=979 (full 1):
 par new generation   total 109248K, used 10K [0x8ac00000, 0x92c00000, 0x92c00000)
  eden space 87424K,   0% used [0x8ac00000, 0x8ac00000, 0x90160000)
  from space 21824K,   0% used [0x90160000, 0x90162800, 0x916b0000)
  to   space 21824K,   0% used [0x916b0000, 0x916b0000, 0x92c00000)
 concurrent mark-sweep generation total 393216K, used 12865K [0x92c00000, 0xaac00000, 0xaac00000)
 concurrent-mark-sweep perm gen total 35404K, used 22530K [0xaac00000, 0xace93000, 0xb2c00000)
}
2015-02-20T16:12:09.870-0600: 3058.325: Total time for which application threads were stopped: 0.0092560 seconds
{Heap before GC invocations=979 (full 1):
 par new generation   total 109248K, used 87434K [0x8ac00000, 0x92c00000, 0x92c00000)
  eden space 87424K, 100% used [0x8ac00000, 0x90160000, 0x90160000)
  from space 21824K,   0% used [0x90160000, 0x90162800, 0x916b0000)
  to   space 21824K,   0% used [0x916b0000, 0x916b0000, 0x92c00000)
 concurrent mark-sweep generation total 393216K, used 12865K [0x92c00000, 0xaac00000, 0xaac00000)
 concurrent-mark-sweep perm gen total 35404K, used 22530K [0xaac00000, 0xace93000, 0xb2c00000)
2015-02-20T16:12:11.239-0600: 3059.694: [GC2015-02-20T16:12:11.239-0600: 3059.694: [ParNew
Desired survivor size 20112996 bytes, new threshold 8 (max 8)
- age   1:        680 bytes,        680 total
- age   2:        504 bytes,       1184 total
- age   3:        376 bytes,       1560 total
- age   4:        424 bytes,       1984 total
- age   5:        384 bytes,       2368 total
- age   6:        376 bytes,       2744 total
- age   7:        272 bytes,       3016 total
- age   8:        216 bytes,       3232 total
: 87434K->6K(109248K), 0.0233870 secs] 100299K->12871K(502464K), 0.0236100 secs] [Times: user=0.02 sys=0.00, real=0.02 secs] 
Heap after GC invocations=980 (full 1):
 par new generation   total 109248K, used 6K [0x8ac00000, 0x92c00000, 0x92c00000)
  eden space 87424K,   0% used [0x8ac00000, 0x8ac00000, 0x90160000)
  from space 21824K,   0% used [0x916b0000, 0x916b1800, 0x92c00000)
  to   space 21824K,   0% used [0x90160000, 0x90160000, 0x916b0000)
 concurrent mark-sweep generation total 393216K, used 12865K [0x92c00000, 0xaac00000, 0xaac00000)
 concurrent-mark-sweep perm gen total 35404K, used 22530K [0xaac00000, 0xace93000, 0xb2c00000)
}
2015-02-20T16:12:11.262-0600: 3059.717: Total time for which application threads were stopped: 0.0309300 seconds
{Heap before GC invocations=980 (full 1):
 par new generation   total 109248K, used 87430K [0x8ac00000, 0x92c00000, 0x92c00000)
  eden space 87424K, 100% used [0x8ac00000, 0x90160000, 0x90160000)
  from space 21824K,   0% used [0x916b0000, 0x916b1800, 0x92c00000)
  to   space 21824K,   0% used [0x90160000, 0x90160000, 0x916b0000)
 concurrent mark-sweep generation total 393216K, used 12865K [0x92c00000, 0xaac00000, 0xaac00000)
 concurrent-mark-sweep perm gen total 35404K, used 22530K [0xaac00000, 0xace93000, 0xb2c00000)
2015-02-20T16:12:12.568-0600: 3061.023: [GC2015-02-20T16:12:12.568-0600: 3061.023: [ParNew
Desired survivor size 20112996 bytes, new threshold 8 (max 8)
- age   1:        720 bytes,        720 total
- age   2:        240 bytes,        960 total
- age   3:        376 bytes,       1336 total
- age   4:        376 bytes,       1712 total
- age   5:        424 bytes,       2136 total
- age   6:        384 bytes,       2520 total
- age   7:        376 bytes,       2896 total
- age   8:        272 bytes,       3168 total
: 87430K->6K(109248K), 0.0256050 secs] 100295K->12872K(502464K), 0.0259740 secs] [Times: user=0.02 sys=0.00, real=0.02 secs] 
Heap after GC invocations=981 (full 1):
 par new generation   total 109248K, used 6K [0x8ac00000, 0x92c00000, 0x92c00000)
  eden space 87424K,   0% used [0x8ac00000, 0x8ac00000, 0x90160000)
  from space 21824K,   0% used [0x90160000, 0x90161800, 0x916b0000)
  to   space 21824K,   0% used [0x916b0000, 0x916b0000, 0x92c00000)
 concurrent mark-sweep generation total 393216K, used 12866K [0x92c00000, 0xaac00000, 0xaac00000)
 concurrent-mark-sweep perm gen total 35404K, used 22530K [0xaac00000, 0xace93000, 0xb2c00000)
}
2015-02-20T16:12:12.594-0600: 3061.049: Total time for which application threads were stopped: 0.0363360 seconds
{Heap before GC invocations=981 (full 1):
 par new generation   total 109248K, used 87430K [0x8ac00000, 0x92c00000, 0x92c00000)
  eden space 87424K, 100% used [0x8ac00000, 0x90160000, 0x90160000)
  from space 21824K,   0% used [0x90160000, 0x90161800, 0x916b0000)
  to   space 21824K,   0% used [0x916b0000, 0x916b0000, 0x92c00000)
 concurrent mark-sweep generation total 393216K, used 12866K [0x92c00000, 0xaac00000, 0xaac00000)
 concurrent-mark-sweep perm gen total 35404K, used 22530K [0xaac00000, 0xace93000, 0xb2c00000)
2015-02-20T16:12:13.868-0600: 3062.324: [GC2015-02-20T16:12:13.869-0600: 3062.324: [ParNew
Desired survivor size 20112996 bytes, new threshold 8 (max 8)
- age   1:       1312 bytes,       1312 total
- age   2:        176 bytes,       1488 total
- age   3:        216 bytes,       1704 total
- age   4:        376 bytes,       2080 total
- age   5:        376 bytes,       2456 total
- age   6:        424 bytes,       2880 total
- age   7:        384 bytes,       3264 total
- age   8:        376 bytes,       3640 total
: 87430K->8K(109248K), 0.0185750 secs] 100296K->12874K(502464K), 0.0187930 secs] [Times: user=0.02 sys=0.00, real=0.02 secs] 
Heap after GC invocations=982 (full 1):
 par new generation   total 109248K, used 8K [0x8ac00000, 0x92c00000, 0x92c00000)
  eden space 87424K,   0% used [0x8ac00000, 0x8ac00000, 0x90160000)
  from space 21824K,   0% used [0x916b0000, 0x916b2000, 0x92c00000)
  to   space 21824K,   0% used [0x90160000, 0x90160000, 0x916b0000)
 concurrent mark-sweep generation total 393216K, used 12866K [0x92c00000, 0xaac00000, 0xaac00000)
 concurrent-mark-sweep perm gen total 35404K, used 22530K [0xaac00000, 0xace93000, 0xb2c00000)
}
2015-02-20T16:12:13.887-0600: 3062.342: Total time for which application threads were stopped: 0.0225070 seconds
{Heap before GC invocations=982 (full 1):
 par new generation   total 109248K, used 87432K [0x8ac00000, 0x92c00000, 0x92c00000)
  eden space 87424K, 100% used [0x8ac00000, 0x90160000, 0x90160000)
  from space 21824K,   0% used [0x916b0000, 0x916b2000, 0x92c00000)
  to   space 21824K,   0% used [0x90160000, 0x90160000, 0x916b0000)
 concurrent mark-sweep generation total 393216K, used 12866K [0x92c00000, 0xaac00000, 0xaac00000)
 concurrent-mark-sweep perm gen total 35404K, used 22530K [0xaac00000, 0xace93000, 0xb2c00000)
2015-02-20T16:12:15.139-0600: 3063.594: [GC2015-02-20T16:12:15.139-0600: 3063.595: [ParNew
Desired survivor size 20112996 bytes, new threshold 8 (max 8)
- age   1:        864 bytes,        864 total
- age   2:        608 bytes,       1472 total
- age   3:        176 bytes,       1648 total
- age   4:        216 bytes,       1864 total
- age   5:        376 bytes,       2240 total
- age   6:        376 bytes,       2616 total
- age   7:        424 bytes,       3040 total
- age   8:        384 bytes,       3424 total
: 87432K->8K(109248K), 0.0085780 secs] 100298K->12874K(502464K), 0.0088540 secs] [Times: user=0.02 sys=0.00, real=0.01 secs] 
Heap after GC invocations=983 (full 1):
 par new generation   total 109248K, used 8K [0x8ac00000, 0x92c00000, 0x92c00000)
  eden space 87424K,   0% used [0x8ac00000, 0x8ac00000, 0x90160000)
  from space 21824K,   0% used [0x90160000, 0x90162000, 0x916b0000)
  to   space 21824K,   0% used [0x916b0000, 0x916b0000, 0x92c00000)
 concurrent mark-sweep generation total 393216K, used 12866K [0x92c00000, 0xaac00000, 0xaac00000)
 concurrent-mark-sweep perm gen total 35404K, used 22530K [0xaac00000, 0xace93000, 0xb2c00000)
}
2015-02-20T16:12:15.148-0600: 3063.603: Total time for which application threads were stopped: 0.0116890 seconds
{Heap before GC invocations=983 (full 1):
 par new generation   total 109248K, used 87432K [0x8ac00000, 0x92c00000, 0x92c00000)
  eden space 87424K, 100% used [0x8ac00000, 0x90160000, 0x90160000)
  from space 21824K,   0% used [0x90160000, 0x90162000, 0x916b0000)
  to   space 21824K,   0% used [0x916b0000, 0x916b0000, 0x92c00000)
 concurrent mark-sweep generation total 393216K, used 12866K [0x92c00000, 0xaac00000, 0xaac00000)
 concurrent-mark-sweep perm gen total 35404K, used 22530K [0xaac00000, 0xace93000, 0xb2c00000)
2015-02-20T16:12:16.468-0600: 3064.923: [GC2015-02-20T16:12:16.468-0600: 3064.923: [ParNew
Desired survivor size 20112996 bytes, new threshold 8 (max 8)
- age   1:        632 bytes,        632 total
- age   2:        240 bytes,        872 total
- age   3:        480 bytes,       1352 total
- age   4:        176 bytes,       1528 total
- age   5:        216 bytes,       1744 total
- age   6:        376 bytes,       2120 total
- age   7:        376 bytes,       2496 total
- age   8:        424 bytes,       2920 total
: 87432K->6K(109248K), 0.0433750 secs] 100298K->12873K(502464K), 0.0436120 secs] [Times: user=0.03 sys=0.00, real=0.04 secs] 
Heap after GC invocations=984 (full 1):
 par new generation   total 109248K, used 6K [0x8ac00000, 0x92c00000, 0x92c00000)
  eden space 87424K,   0% used [0x8ac00000, 0x8ac00000, 0x90160000)
  from space 21824K,   0% used [0x916b0000, 0x916b1800, 0x92c00000)
  to   space 21824K,   0% used [0x90160000, 0x90160000, 0x916b0000)
 concurrent mark-sweep generation total 393216K, used 12867K [0x92c00000, 0xaac00000, 0xaac00000)
 concurrent-mark-sweep perm gen total 35404K, used 22530K [0xaac00000, 0xace93000, 0xb2c00000)
}
2015-02-20T16:12:16.512-0600: 3064.967: Total time for which application threads were stopped: 0.0471080 seconds
{Heap before GC invocations=984 (full 1):
 par new generation   total 109248K, used 87430K [0x8ac00000, 0x92c00000, 0x92c00000)
  eden space 87424K, 100% used [0x8ac00000, 0x90160000, 0x90160000)
  from space 21824K,   0% used [0x916b0000, 0x916b1800, 0x92c00000)
  to   space 21824K,   0% used [0x90160000, 0x90160000, 0x916b0000)
 concurrent mark-sweep generation total 393216K, used 12867K [0x92c00000, 0xaac00000, 0xaac00000)
 concurrent-mark-sweep perm gen total 35404K, used 22530K [0xaac00000, 0xace93000, 0xb2c00000)
2015-02-20T16:12:17.763-0600: 3066.218: [GC2015-02-20T16:12:17.763-0600: 3066.218: [ParNew
Desired survivor size 20112996 bytes, new threshold 8 (max 8)
- age   1:        928 bytes,        928 total
- age   2:        176 bytes,       1104 total
- age   3:        216 bytes,       1320 total
- age   4:        480 bytes,       1800 total
- age   5:        176 bytes,       1976 total
- age   6:        216 bytes,       2192 total
- age   7:        376 bytes,       2568 total
- age   8:        376 bytes,       2944 total
: 87430K->8K(109248K), 0.0154630 secs] 100297K->12875K(502464K), 0.0158620 secs] [Times: user=0.02 sys=0.00, real=0.02 secs] 
Heap after GC invocations=985 (full 1):
 par new generation   total 109248K, used 8K [0x8ac00000, 0x92c00000, 0x92c00000)
  eden space 87424K,   0% used [0x8ac00000, 0x8ac00000, 0x90160000)
  from space 21824K,   0% used [0x90160000, 0x90162000, 0x916b0000)
  to   space 21824K,   0% used [0x916b0000, 0x916b0000, 0x92c00000)
 concurrent mark-sweep generation total 393216K, used 12867K [0x92c00000, 0xaac00000, 0xaac00000)
 concurrent-mark-sweep perm gen total 35404K, used 22530K [0xaac00000, 0xace93000, 0xb2c00000)
}
2015-02-20T16:12:17.779-0600: 3066.234: Total time for which application threads were stopped: 0.0247070 seconds
{Heap before GC invocations=985 (full 1):
 par new generation   total 109248K, used 87432K [0x8ac00000, 0x92c00000, 0x92c00000)
  eden space 87424K, 100% used [0x8ac00000, 0x90160000, 0x90160000)
  from space 21824K,   0% used [0x90160000, 0x90162000, 0x916b0000)
  to   space 21824K,   0% used [0x916b0000, 0x916b0000, 0x92c00000)
 concurrent mark-sweep generation total 393216K, used 12867K [0x92c00000, 0xaac00000, 0xaac00000)
 concurrent-mark-sweep perm gen total 35404K, used 22530K [0xaac00000, 0xace93000, 0xb2c00000)
2015-02-20T16:12:19.068-0600: 3067.523: [GC2015-02-20T16:12:19.068-0600: 3067.523: [ParNew
Desired survivor size 20112996 bytes, new threshold 8 (max 8)
- age   1:        920 bytes,        920 total
- age   2:        488 bytes,       1408 total
- age   3:        176 bytes,       1584 total
- age   4:        216 bytes,       1800 total
- age   5:        480 bytes,       2280 total
- age   6:        176 bytes,       2456 total
- age   7:        216 bytes,       2672 total
- age   8:        376 bytes,       3048 total
: 87432K->6K(109248K), 0.0246870 secs] 100299K->12873K(502464K), 0.0248980 secs] [Times: user=0.03 sys=0.00, real=0.02 secs] 
Heap after GC invocations=986 (full 1):
 par new generation   total 109248K, used 6K [0x8ac00000, 0x92c00000, 0x92c00000)
  eden space 87424K,   0% used [0x8ac00000, 0x8ac00000, 0x90160000)
  from space 21824K,   0% used [0x916b0000, 0x916b1800, 0x92c00000)
  to   space 21824K,   0% used [0x90160000, 0x90160000, 0x916b0000)
 concurrent mark-sweep generation total 393216K, used 12867K [0x92c00000, 0xaac00000, 0xaac00000)
 concurrent-mark-sweep perm gen total 35404K, used 22530K [0xaac00000, 0xace93000, 0xb2c00000)
}
2015-02-20T16:12:19.093-0600: 3067.548: Total time for which application threads were stopped: 0.0313110 seconds
{Heap before GC invocations=986 (full 1):
 par new generation   total 109248K, used 87430K [0x8ac00000, 0x92c00000, 0x92c00000)
  eden space 87424K, 100% used [0x8ac00000, 0x90160000, 0x90160000)
  from space 21824K,   0% used [0x916b0000, 0x916b1800, 0x92c00000)
  to   space 21824K,   0% used [0x90160000, 0x90160000, 0x916b0000)
 concurrent mark-sweep generation total 393216K, used 12867K [0x92c00000, 0xaac00000, 0xaac00000)
 concurrent-mark-sweep perm gen total 35404K, used 22530K [0xaac00000, 0xace93000, 0xb2c00000)
2015-02-20T16:12:20.817-0600: 3069.272: [GC2015-02-20T16:12:20.817-0600: 3069.272: [ParNew
Desired survivor size 20112996 bytes, new threshold 8 (max 8)
- age   1:       1080 bytes,       1080 total
- age   2:        240 bytes,       1320 total
- age   3:        360 bytes,       1680 total
- age   4:        176 bytes,       1856 total
- age   5:        216 bytes,       2072 total
- age   6:        480 bytes,       2552 total
- age   7:        176 bytes,       2728 total
- age   8:        216 bytes,       2944 total
: 87430K->6K(109248K), 0.0079490 secs] 100297K->12874K(502464K), 0.0081630 secs] [Times: user=0.02 sys=0.00, real=0.01 secs] 
Heap after GC invocations=987 (full 1):
 par new generation   total 109248K, used 6K [0x8ac00000, 0x92c00000, 0x92c00000)
  eden space 87424K,   0% used [0x8ac00000, 0x8ac00000, 0x90160000)
  from space 21824K,   0% used [0x90160000, 0x90161800, 0x916b0000)
  to   space 21824K,   0% used [0x916b0000, 0x916b0000, 0x92c00000)
 concurrent mark-sweep generation total 393216K, used 12868K [0x92c00000, 0xaac00000, 0xaac00000)
 concurrent-mark-sweep perm gen total 35404K, used 22530K [0xaac00000, 0xace93000, 0xb2c00000)
}
2015-02-20T16:12:20.825-0600: 3069.280: Total time for which application threads were stopped: 0.0108610 seconds
{Heap before GC invocations=987 (full 1):
 par new generation   total 109248K, used 87430K [0x8ac00000, 0x92c00000, 0x92c00000)
  eden space 87424K, 100% used [0x8ac00000, 0x90160000, 0x90160000)
  from space 21824K,   0% used [0x90160000, 0x90161800, 0x916b0000)
  to   space 21824K,   0% used [0x916b0000, 0x916b0000, 0x92c00000)
 concurrent mark-sweep generation total 393216K, used 12868K [0x92c00000, 0xaac00000, 0xaac00000)
 concurrent-mark-sweep perm gen total 35404K, used 22530K [0xaac00000, 0xace93000, 0xb2c00000)
2015-02-20T16:12:22.340-0600: 3070.795: [GC2015-02-20T16:12:22.341-0600: 3070.796: [ParNew
Desired survivor size 20112996 bytes, new threshold 8 (max 8)
- age   1:       1208 bytes,       1208 total
- age   2:        176 bytes,       1384 total
- age   3:        216 bytes,       1600 total
- age   4:        360 bytes,       1960 total
- age   5:        176 bytes,       2136 total
- age   6:        216 bytes,       2352 total
- age   7:        480 bytes,       2832 total
- age   8:        176 bytes,       3008 total
: 87430K->6K(109248K), 0.0156140 secs] 100298K->12874K(502464K), 0.0159650 secs] [Times: user=0.02 sys=0.00, real=0.01 secs] 
Heap after GC invocations=988 (full 1):
 par new generation   total 109248K, used 6K [0x8ac00000, 0x92c00000, 0x92c00000)
  eden space 87424K,   0% used [0x8ac00000, 0x8ac00000, 0x90160000)
  from space 21824K,   0% used [0x916b0000, 0x916b1800, 0x92c00000)
  to   space 21824K,   0% used [0x90160000, 0x90160000, 0x916b0000)
 concurrent mark-sweep generation total 393216K, used 12868K [0x92c00000, 0xaac00000, 0xaac00000)
 concurrent-mark-sweep perm gen total 35404K, used 22530K [0xaac00000, 0xace93000, 0xb2c00000)
}
2015-02-20T16:12:22.357-0600: 3070.812: Total time for which application threads were stopped: 0.0195700 seconds
{Heap before GC invocations=988 (full 1):
 par new generation   total 109248K, used 87430K [0x8ac00000, 0x92c00000, 0x92c00000)
  eden space 87424K, 100% used [0x8ac00000, 0x90160000, 0x90160000)
  from space 21824K,   0% used [0x916b0000, 0x916b1800, 0x92c00000)
  to   space 21824K,   0% used [0x90160000, 0x90160000, 0x916b0000)
 concurrent mark-sweep generation total 393216K, used 12868K [0x92c00000, 0xaac00000, 0xaac00000)
 concurrent-mark-sweep perm gen total 35404K, used 22530K [0xaac00000, 0xace93000, 0xb2c00000)
2015-02-20T16:12:23.721-0600: 3072.176: [GC2015-02-20T16:12:23.721-0600: 3072.176: [ParNew
Desired survivor size 20112996 bytes, new threshold 8 (max 8)
- age   1:       1160 bytes,       1160 total
- age   2:        376 bytes,       1536 total
- age   3:        176 bytes,       1712 total
- age   4:        216 bytes,       1928 total
- age   5:        360 bytes,       2288 total
- age   6:        176 bytes,       2464 total
- age   7:        216 bytes,       2680 total
- age   8:        480 bytes,       3160 total
: 87430K->6K(109248K), 0.0118520 secs] 100298K->12874K(502464K), 0.0120300 secs] [Times: user=0.02 sys=0.00, real=0.01 secs] 
Heap after GC invocations=989 (full 1):
 par new generation   total 109248K, used 6K [0x8ac00000, 0x92c00000, 0x92c00000)
  eden space 87424K,   0% used [0x8ac00000, 0x8ac00000, 0x90160000)
  from space 21824K,   0% used [0x90160000, 0x90161800, 0x916b0000)
  to   space 21824K,   0% used [0x916b0000, 0x916b0000, 0x92c00000)
 concurrent mark-sweep generation total 393216K, used 12868K [0x92c00000, 0xaac00000, 0xaac00000)
 concurrent-mark-sweep perm gen total 35404K, used 22530K [0xaac00000, 0xace93000, 0xb2c00000)
}
2015-02-20T16:12:23.733-0600: 3072.188: Total time for which application threads were stopped: 0.0147850 seconds
{Heap before GC invocations=989 (full 1):
 par new generation   total 109248K, used 87430K [0x8ac00000, 0x92c00000, 0x92c00000)
  eden space 87424K, 100% used [0x8ac00000, 0x90160000, 0x90160000)
  from space 21824K,   0% used [0x90160000, 0x90161800, 0x916b0000)
  to   space 21824K,   0% used [0x916b0000, 0x916b0000, 0x92c00000)
 concurrent mark-sweep generation total 393216K, used 12868K [0x92c00000, 0xaac00000, 0xaac00000)
 concurrent-mark-sweep perm gen total 35404K, used 22530K [0xaac00000, 0xace93000, 0xb2c00000)
2015-02-20T16:12:25.974-0600: 3074.429: [GC2015-02-20T16:12:25.974-0600: 3074.429: [ParNew
Desired survivor size 20112996 bytes, new threshold 8 (max 8)
- age   1:       1032 bytes,       1032 total
- age   2:        384 bytes,       1416 total
- age   3:        376 bytes,       1792 total
- age   4:        176 bytes,       1968 total
- age   5:        216 bytes,       2184 total
- age   6:        360 bytes,       2544 total
- age   7:        176 bytes,       2720 total
- age   8:        216 bytes,       2936 total
: 87430K->8K(109248K), 0.0182580 secs] 100298K->12877K(502464K), 0.0186710 secs] [Times: user=0.02 sys=0.00, real=0.02 secs] 
Heap after GC invocations=990 (full 1):
 par new generation   total 109248K, used 8K [0x8ac00000, 0x92c00000, 0x92c00000)
  eden space 87424K,   0% used [0x8ac00000, 0x8ac00000, 0x90160000)
  from space 21824K,   0% used [0x916b0000, 0x916b2000, 0x92c00000)
  to   space 21824K,   0% used [0x90160000, 0x90160000, 0x916b0000)
 concurrent mark-sweep generation total 393216K, used 12869K [0x92c00000, 0xaac00000, 0xaac00000)
 concurrent-mark-sweep perm gen total 35404K, used 22530K [0xaac00000, 0xace93000, 0xb2c00000)
}
2015-02-20T16:12:25.993-0600: 3074.448: Total time for which application threads were stopped: 0.0227300 seconds
{Heap before GC invocations=990 (full 1):
 par new generation   total 109248K, used 87432K [0x8ac00000, 0x92c00000, 0x92c00000)
  eden space 87424K, 100% used [0x8ac00000, 0x90160000, 0x90160000)
  from space 21824K,   0% used [0x916b0000, 0x916b2000, 0x92c00000)
  to   space 21824K,   0% used [0x90160000, 0x90160000, 0x916b0000)
 concurrent mark-sweep generation total 393216K, used 12869K [0x92c00000, 0xaac00000, 0xaac00000)
 concurrent-mark-sweep perm gen total 35404K, used 22530K [0xaac00000, 0xace93000, 0xb2c00000)
2015-02-20T16:12:27.630-0600: 3076.085: [GC2015-02-20T16:12:27.630-0600: 3076.085: [ParNew
Desired survivor size 20112996 bytes, new threshold 8 (max 8)
- age   1:       1368 bytes,       1368 total
- age   2:        376 bytes,       1744 total
- age   3:        384 bytes,       2128 total
- age   4:        376 bytes,       2504 total
- age   5:        176 bytes,       2680 total
- age   6:        216 bytes,       2896 total
- age   7:        360 bytes,       3256 total
- age   8:        176 bytes,       3432 total
: 87432K->8K(109248K), 0.0341100 secs] 100301K->12877K(502464K), 0.0345370 secs] [Times: user=0.04 sys=0.00, real=0.03 secs] 
Heap after GC invocations=991 (full 1):
 par new generation   total 109248K, used 8K [0x8ac00000, 0x92c00000, 0x92c00000)
  eden space 87424K,   0% used [0x8ac00000, 0x8ac00000, 0x90160000)
  from space 21824K,   0% used [0x90160000, 0x90162000, 0x916b0000)
  to   space 21824K,   0% used [0x916b0000, 0x916b0000, 0x92c00000)
 concurrent mark-sweep generation total 393216K, used 12869K [0x92c00000, 0xaac00000, 0xaac00000)
 concurrent-mark-sweep perm gen total 35404K, used 22530K [0xaac00000, 0xace93000, 0xb2c00000)
}
2015-02-20T16:12:27.664-0600: 3076.119: Total time for which application threads were stopped: 0.0399650 seconds
{Heap before GC invocations=991 (full 1):
 par new generation   total 109248K, used 87432K [0x8ac00000, 0x92c00000, 0x92c00000)
  eden space 87424K, 100% used [0x8ac00000, 0x90160000, 0x90160000)
  from space 21824K,   0% used [0x90160000, 0x90162000, 0x916b0000)
  to   space 21824K,   0% used [0x916b0000, 0x916b0000, 0x92c00000)
 concurrent mark-sweep generation total 393216K, used 12869K [0x92c00000, 0xaac00000, 0xaac00000)
 concurrent-mark-sweep perm gen total 35404K, used 22530K [0xaac00000, 0xace93000, 0xb2c00000)
2015-02-20T16:12:29.024-0600: 3077.479: [GC2015-02-20T16:12:29.024-0600: 3077.479: [ParNew
Desired survivor size 20112996 bytes, new threshold 8 (max 8)
- age   1:        864 bytes,        864 total
- age   2:        664 bytes,       1528 total
- age   3:        376 bytes,       1904 total
- age   4:        384 bytes,       2288 total
- age   5:        376 bytes,       2664 total
- age   6:        176 bytes,       2840 total
- age   7:        216 bytes,       3056 total
- age   8:        360 bytes,       3416 total
: 87432K->4K(109248K), 0.0387610 secs] 100301K->12873K(502464K), 0.0396120 secs] [Times: user=0.04 sys=0.00, real=0.04 secs] 
Heap after GC invocations=992 (full 1):
 par new generation   total 109248K, used 4K [0x8ac00000, 0x92c00000, 0x92c00000)
  eden space 87424K,   0% used [0x8ac00000, 0x8ac00000, 0x90160000)
  from space 21824K,   0% used [0x916b0000, 0x916b1000, 0x92c00000)
  to   space 21824K,   0% used [0x90160000, 0x90160000, 0x916b0000)
 concurrent mark-sweep generation total 393216K, used 12869K [0x92c00000, 0xaac00000, 0xaac00000)
 concurrent-mark-sweep perm gen total 35404K, used 22530K [0xaac00000, 0xace93000, 0xb2c00000)
}
2015-02-20T16:12:29.063-0600: 3077.519: Total time for which application threads were stopped: 0.0487970 seconds
{Heap before GC invocations=992 (full 1):
 par new generation   total 109248K, used 87428K [0x8ac00000, 0x92c00000, 0x92c00000)
  eden space 87424K, 100% used [0x8ac00000, 0x90160000, 0x90160000)
  from space 21824K,   0% used [0x916b0000, 0x916b1000, 0x92c00000)
  to   space 21824K,   0% used [0x90160000, 0x90160000, 0x916b0000)
 concurrent mark-sweep generation total 393216K, used 12869K [0x92c00000, 0xaac00000, 0xaac00000)
 concurrent-mark-sweep perm gen total 35404K, used 22530K [0xaac00000, 0xace93000, 0xb2c00000)
2015-02-20T16:12:30.429-0600: 3078.884: [GC2015-02-20T16:12:30.429-0600: 3078.884: [ParNew
Desired survivor size 20112996 bytes, new threshold 8 (max 8)
- age   1:        720 bytes,        720 total
- age   2:        240 bytes,        960 total
- age   3:        536 bytes,       1496 total
- age   4:        376 bytes,       1872 total
- age   5:        384 bytes,       2256 total
- age   6:        376 bytes,       2632 total
- age   7:        176 bytes,       2808 total
- age   8:        216 bytes,       3024 total
: 87428K->8K(109248K), 0.0100060 secs] 100297K->12877K(502464K), 0.0102080 secs] [Times: user=0.02 sys=0.00, real=0.01 secs] 
Heap after GC invocations=993 (full 1):
 par new generation   total 109248K, used 8K [0x8ac00000, 0x92c00000, 0x92c00000)
  eden space 87424K,   0% used [0x8ac00000, 0x8ac00000, 0x90160000)
  from space 21824K,   0% used [0x90160000, 0x90162000, 0x916b0000)
  to   space 21824K,   0% used [0x916b0000, 0x916b0000, 0x92c00000)
 concurrent mark-sweep generation total 393216K, used 12869K [0x92c00000, 0xaac00000, 0xaac00000)
 concurrent-mark-sweep perm gen total 35404K, used 22530K [0xaac00000, 0xace93000, 0xb2c00000)
}
2015-02-20T16:12:30.440-0600: 3078.895: Total time for which application threads were stopped: 0.0129420 seconds
{Heap before GC invocations=993 (full 1):
 par new generation   total 109248K, used 87432K [0x8ac00000, 0x92c00000, 0x92c00000)
  eden space 87424K, 100% used [0x8ac00000, 0x90160000, 0x90160000)
  from space 21824K,   0% used [0x90160000, 0x90162000, 0x916b0000)
  to   space 21824K,   0% used [0x916b0000, 0x916b0000, 0x92c00000)
 concurrent mark-sweep generation total 393216K, used 12869K [0x92c00000, 0xaac00000, 0xaac00000)
 concurrent-mark-sweep perm gen total 35404K, used 22530K [0xaac00000, 0xace93000, 0xb2c00000)
2015-02-20T16:12:32.213-0600: 3080.668: [GC2015-02-20T16:12:32.213-0600: 3080.668: [ParNew
Desired survivor size 20112996 bytes, new threshold 8 (max 8)
- age   1:       1352 bytes,       1352 total
- age   2:        176 bytes,       1528 total
- age   3:        216 bytes,       1744 total
- age   4:        536 bytes,       2280 total
- age   5:        376 bytes,       2656 total
- age   6:        384 bytes,       3040 total
- age   7:        376 bytes,       3416 total
- age   8:        176 bytes,       3592 total
: 87432K->8K(109248K), 0.0076730 secs] 100301K->12877K(502464K), 0.0079040 secs] [Times: user=0.01 sys=0.00, real=0.01 secs] 
Heap after GC invocations=994 (full 1):
 par new generation   total 109248K, used 8K [0x8ac00000, 0x92c00000, 0x92c00000)
  eden space 87424K,   0% used [0x8ac00000, 0x8ac00000, 0x90160000)
  from space 21824K,   0% used [0x916b0000, 0x916b2000, 0x92c00000)
  to   space 21824K,   0% used [0x90160000, 0x90160000, 0x916b0000)
 concurrent mark-sweep generation total 393216K, used 12869K [0x92c00000, 0xaac00000, 0xaac00000)
 concurrent-mark-sweep perm gen total 35404K, used 22530K [0xaac00000, 0xace93000, 0xb2c00000)
}
2015-02-20T16:12:32.221-0600: 3080.676: Total time for which application threads were stopped: 0.0106100 seconds
{Heap before GC invocations=994 (full 1):
 par new generation   total 109248K, used 87432K [0x8ac00000, 0x92c00000, 0x92c00000)
  eden space 87424K, 100% used [0x8ac00000, 0x90160000, 0x90160000)
  from space 21824K,   0% used [0x916b0000, 0x916b2000, 0x92c00000)
  to   space 21824K,   0% used [0x90160000, 0x90160000, 0x916b0000)
 concurrent mark-sweep generation total 393216K, used 12869K [0x92c00000, 0xaac00000, 0xaac00000)
 concurrent-mark-sweep perm gen total 35404K, used 22530K [0xaac00000, 0xace93000, 0xb2c00000)
2015-02-20T16:12:33.647-0600: 3082.102: [GC2015-02-20T16:12:33.647-0600: 3082.102: [ParNew
Desired survivor size 20112996 bytes, new threshold 8 (max 8)
- age   1:       1032 bytes,       1032 total
- age   2:        424 bytes,       1456 total
- age   3:        176 bytes,       1632 total
- age   4:        216 bytes,       1848 total
- age   5:        536 bytes,       2384 total
- age   6:        376 bytes,       2760 total
- age   7:        384 bytes,       3144 total
- age   8:        376 bytes,       3520 total
: 87432K->4K(109248K), 0.0075310 secs] 100301K->12874K(502464K), 0.0077110 secs] [Times: user=0.02 sys=0.00, real=0.01 secs] 
Heap after GC invocations=995 (full 1):
 par new generation   total 109248K, used 4K [0x8ac00000, 0x92c00000, 0x92c00000)
  eden space 87424K,   0% used [0x8ac00000, 0x8ac00000, 0x90160000)
  from space 21824K,   0% used [0x90160000, 0x90161000, 0x916b0000)
  to   space 21824K,   0% used [0x916b0000, 0x916b0000, 0x92c00000)
 concurrent mark-sweep generation total 393216K, used 12870K [0x92c00000, 0xaac00000, 0xaac00000)
 concurrent-mark-sweep perm gen total 35404K, used 22530K [0xaac00000, 0xace93000, 0xb2c00000)
}
2015-02-20T16:12:33.655-0600: 3082.110: Total time for which application threads were stopped: 0.0104900 seconds
{Heap before GC invocations=995 (full 1):
 par new generation   total 109248K, used 87428K [0x8ac00000, 0x92c00000, 0x92c00000)
  eden space 87424K, 100% used [0x8ac00000, 0x90160000, 0x90160000)
  from space 21824K,   0% used [0x90160000, 0x90161000, 0x916b0000)
  to   space 21824K,   0% used [0x916b0000, 0x916b0000, 0x92c00000)
 concurrent mark-sweep generation total 393216K, used 12870K [0x92c00000, 0xaac00000, 0xaac00000)
 concurrent-mark-sweep perm gen total 35404K, used 22530K [0xaac00000, 0xace93000, 0xb2c00000)
2015-02-20T16:12:35.162-0600: 3083.617: [GC2015-02-20T16:12:35.162-0600: 3083.617: [ParNew
Desired survivor size 20112996 bytes, new threshold 8 (max 8)
- age   1:       1000 bytes,       1000 total
- age   2:        560 bytes,       1560 total
- age   3:        424 bytes,       1984 total
- age   4:        176 bytes,       2160 total
- age   5:        216 bytes,       2376 total
- age   6:        536 bytes,       2912 total
- age   7:        376 bytes,       3288 total
- age   8:        384 bytes,       3672 total
: 87428K->10K(109248K), 0.0163500 secs] 100298K->12880K(502464K), 0.0165700 secs] [Times: user=0.02 sys=0.00, real=0.02 secs] 
Heap after GC invocations=996 (full 1):
 par new generation   total 109248K, used 10K [0x8ac00000, 0x92c00000, 0x92c00000)
  eden space 87424K,   0% used [0x8ac00000, 0x8ac00000, 0x90160000)
  from space 21824K,   0% used [0x916b0000, 0x916b2800, 0x92c00000)
  to   space 21824K,   0% used [0x90160000, 0x90160000, 0x916b0000)
 concurrent mark-sweep generation total 393216K, used 12870K [0x92c00000, 0xaac00000, 0xaac00000)
 concurrent-mark-sweep perm gen total 35404K, used 22530K [0xaac00000, 0xace93000, 0xb2c00000)
}
2015-02-20T16:12:35.179-0600: 3083.634: Total time for which application threads were stopped: 0.0196760 seconds
{Heap before GC invocations=996 (full 1):
 par new generation   total 109248K, used 87434K [0x8ac00000, 0x92c00000, 0x92c00000)
  eden space 87424K, 100% used [0x8ac00000, 0x90160000, 0x90160000)
  from space 21824K,   0% used [0x916b0000, 0x916b2800, 0x92c00000)
  to   space 21824K,   0% used [0x90160000, 0x90160000, 0x916b0000)
 concurrent mark-sweep generation total 393216K, used 12870K [0x92c00000, 0xaac00000, 0xaac00000)
 concurrent-mark-sweep perm gen total 35404K, used 22530K [0xaac00000, 0xace93000, 0xb2c00000)
2015-02-20T16:12:36.721-0600: 3085.176: [GC2015-02-20T16:12:36.721-0600: 3085.176: [ParNew
Desired survivor size 20112996 bytes, new threshold 8 (max 8)
- age   1:        648 bytes,        648 total
- age   2:        240 bytes,        888 total
- age   3:        432 bytes,       1320 total
- age   4:        424 bytes,       1744 total
- age   5:        176 bytes,       1920 total
- age   6:        216 bytes,       2136 total
- age   7:        536 bytes,       2672 total
- age   8:        376 bytes,       3048 total
: 87434K->8K(109248K), 0.0151980 secs] 100304K->12878K(502464K), 0.0153780 secs] [Times: user=0.02 sys=0.01, real=0.01 secs] 
Heap after GC invocations=997 (full 1):
 par new generation   total 109248K, used 8K [0x8ac00000, 0x92c00000, 0x92c00000)
  eden space 87424K,   0% used [0x8ac00000, 0x8ac00000, 0x90160000)
  from space 21824K,   0% used [0x90160000, 0x90162000, 0x916b0000)
  to   space 21824K,   0% used [0x916b0000, 0x916b0000, 0x92c00000)
 concurrent mark-sweep generation total 393216K, used 12870K [0x92c00000, 0xaac00000, 0xaac00000)
 concurrent-mark-sweep perm gen total 35404K, used 22530K [0xaac00000, 0xace93000, 0xb2c00000)
}
2015-02-20T16:12:36.736-0600: 3085.191: Total time for which application threads were stopped: 0.0182760 seconds
{Heap before GC invocations=997 (full 1):
 par new generation   total 109248K, used 87432K [0x8ac00000, 0x92c00000, 0x92c00000)
  eden space 87424K, 100% used [0x8ac00000, 0x90160000, 0x90160000)
  from space 21824K,   0% used [0x90160000, 0x90162000, 0x916b0000)
  to   space 21824K,   0% used [0x916b0000, 0x916b0000, 0x92c00000)
 concurrent mark-sweep generation total 393216K, used 12870K [0x92c00000, 0xaac00000, 0xaac00000)
 concurrent-mark-sweep perm gen total 35404K, used 22530K [0xaac00000, 0xace93000, 0xb2c00000)
2015-02-20T16:12:38.186-0600: 3086.641: [GC2015-02-20T16:12:38.186-0600: 3086.641: [ParNew
Desired survivor size 20112996 bytes, new threshold 8 (max 8)
- age   1:       1312 bytes,       1312 total
- age   2:        200 bytes,       1512 total
- age   3:        216 bytes,       1728 total
- age   4:        432 bytes,       2160 total
- age   5:        424 bytes,       2584 total
- age   6:        176 bytes,       2760 total
- age   7:        216 bytes,       2976 total
- age   8:        536 bytes,       3512 total
: 87432K->6K(109248K), 0.0328890 secs] 100302K->12877K(502464K), 0.0331920 secs] [Times: user=0.04 sys=0.00, real=0.04 secs] 
Heap after GC invocations=998 (full 1):
 par new generation   total 109248K, used 6K [0x8ac00000, 0x92c00000, 0x92c00000)
  eden space 87424K,   0% used [0x8ac00000, 0x8ac00000, 0x90160000)
  from space 21824K,   0% used [0x916b0000, 0x916b1800, 0x92c00000)
  to   space 21824K,   0% used [0x90160000, 0x90160000, 0x916b0000)
 concurrent mark-sweep generation total 393216K, used 12871K [0x92c00000, 0xaac00000, 0xaac00000)
 concurrent-mark-sweep perm gen total 35404K, used 22530K [0xaac00000, 0xace93000, 0xb2c00000)
}
2015-02-20T16:12:38.220-0600: 3086.675: Total time for which application threads were stopped: 0.0386180 seconds
{Heap before GC invocations=998 (full 1):
 par new generation   total 109248K, used 87430K [0x8ac00000, 0x92c00000, 0x92c00000)
  eden space 87424K, 100% used [0x8ac00000, 0x90160000, 0x90160000)
  from space 21824K,   0% used [0x916b0000, 0x916b1800, 0x92c00000)
  to   space 21824K,   0% used [0x90160000, 0x90160000, 0x916b0000)
 concurrent mark-sweep generation total 393216K, used 12871K [0x92c00000, 0xaac00000, 0xaac00000)
 concurrent-mark-sweep perm gen total 35404K, used 22530K [0xaac00000, 0xace93000, 0xb2c00000)
2015-02-20T16:12:39.531-0600: 3087.986: [GC2015-02-20T16:12:39.531-0600: 3087.986: [ParNew
Desired survivor size 20112996 bytes, new threshold 8 (max 8)
- age   1:        952 bytes,        952 total
- age   2:        424 bytes,       1376 total
- age   3:        200 bytes,       1576 total
- age   4:        216 bytes,       1792 total
- age   5:        432 bytes,       2224 total
- age   6:        424 bytes,       2648 total
- age   7:        176 bytes,       2824 total
- age   8:        216 bytes,       3040 total
: 87430K->8K(109248K), 0.0169900 secs] 100301K->12879K(502464K), 0.0173660 secs] [Times: user=0.02 sys=0.00, real=0.02 secs] 
Heap after GC invocations=999 (full 1):
 par new generation   total 109248K, used 8K [0x8ac00000, 0x92c00000, 0x92c00000)
  eden space 87424K,   0% used [0x8ac00000, 0x8ac00000, 0x90160000)
  from space 21824K,   0% used [0x90160000, 0x90162000, 0x916b0000)
  to   space 21824K,   0% used [0x916b0000, 0x916b0000, 0x92c00000)
 concurrent mark-sweep generation total 393216K, used 12871K [0x92c00000, 0xaac00000, 0xaac00000)
 concurrent-mark-sweep perm gen total 35404K, used 22530K [0xaac00000, 0xace93000, 0xb2c00000)
}
2015-02-20T16:12:39.548-0600: 3088.004: Total time for which application threads were stopped: 0.0266570 seconds
{Heap before GC invocations=999 (full 1):
 par new generation   total 109248K, used 87432K [0x8ac00000, 0x92c00000, 0x92c00000)
  eden space 87424K, 100% used [0x8ac00000, 0x90160000, 0x90160000)
  from space 21824K,   0% used [0x90160000, 0x90162000, 0x916b0000)
  to   space 21824K,   0% used [0x916b0000, 0x916b0000, 0x92c00000)
 concurrent mark-sweep generation total 393216K, used 12871K [0x92c00000, 0xaac00000, 0xaac00000)
 concurrent-mark-sweep perm gen total 35404K, used 22530K [0xaac00000, 0xace93000, 0xb2c00000)
2015-02-20T16:12:41.060-0600: 3089.515: [GC2015-02-20T16:12:41.060-0600: 3089.515: [ParNew
Desired survivor size 20112996 bytes, new threshold 8 (max 8)
- age   1:        864 bytes,        864 total
- age   2:        488 bytes,       1352 total
- age   3:        424 bytes,       1776 total
- age   4:        200 bytes,       1976 total
- age   5:        216 bytes,       2192 total
- age   6:        432 bytes,       2624 total
- age   7:        424 bytes,       3048 total
- age   8:        176 bytes,       3224 total
: 87432K->6K(109248K), 0.0133900 secs] 100303K->12877K(502464K), 0.0136140 secs] [Times: user=0.03 sys=0.00, real=0.01 secs] 
Heap after GC invocations=1000 (full 1):
 par new generation   total 109248K, used 6K [0x8ac00000, 0x92c00000, 0x92c00000)
  eden space 87424K,   0% used [0x8ac00000, 0x8ac00000, 0x90160000)
  from space 21824K,   0% used [0x916b0000, 0x916b1800, 0x92c00000)
  to   space 21824K,   0% used [0x90160000, 0x90160000, 0x916b0000)
 concurrent mark-sweep generation total 393216K, used 12871K [0x92c00000, 0xaac00000, 0xaac00000)
 concurrent-mark-sweep perm gen total 35404K, used 22530K [0xaac00000, 0xace93000, 0xb2c00000)
}
2015-02-20T16:12:41.074-0600: 3089.529: Total time for which application threads were stopped: 0.0164580 seconds
{Heap before GC invocations=1000 (full 1):
 par new generation   total 109248K, used 87430K [0x8ac00000, 0x92c00000, 0x92c00000)
  eden space 87424K, 100% used [0x8ac00000, 0x90160000, 0x90160000)
  from space 21824K,   0% used [0x916b0000, 0x916b1800, 0x92c00000)
  to   space 21824K,   0% used [0x90160000, 0x90160000, 0x916b0000)
 concurrent mark-sweep generation total 393216K, used 12871K [0x92c00000, 0xaac00000, 0xaac00000)
 concurrent-mark-sweep perm gen total 35404K, used 22530K [0xaac00000, 0xace93000, 0xb2c00000)
2015-02-20T16:12:42.875-0600: 3091.330: [GC2015-02-20T16:12:42.875-0600: 3091.331: [ParNew
Desired survivor size 20112996 bytes, new threshold 8 (max 8)
- age   1:       1128 bytes,       1128 total
- age   2:        240 bytes,       1368 total
- age   3:        360 bytes,       1728 total
- age   4:        424 bytes,       2152 total
- age   5:        200 bytes,       2352 total
- age   6:        216 bytes,       2568 total
- age   7:        432 bytes,       3000 total
- age   8:        424 bytes,       3424 total
: 87430K->4K(109248K), 0.0077390 secs] 100301K->12876K(502464K), 0.0079810 secs] [Times: user=0.01 sys=0.00, real=0.01 secs] 
Heap after GC invocations=1001 (full 1):
 par new generation   total 109248K, used 4K [0x8ac00000, 0x92c00000, 0x92c00000)
  eden space 87424K,   0% used [0x8ac00000, 0x8ac00000, 0x90160000)
  from space 21824K,   0% used [0x90160000, 0x90161000, 0x916b0000)
  to   space 21824K,   0% used [0x916b0000, 0x916b0000, 0x92c00000)
 concurrent mark-sweep generation total 393216K, used 12872K [0x92c00000, 0xaac00000, 0xaac00000)
 concurrent-mark-sweep perm gen total 35404K, used 22530K [0xaac00000, 0xace93000, 0xb2c00000)
}
2015-02-20T16:12:42.883-0600: 3091.338: Total time for which application threads were stopped: 0.0108670 seconds
{Heap before GC invocations=1001 (full 1):
 par new generation   total 109248K, used 87428K [0x8ac00000, 0x92c00000, 0x92c00000)
  eden space 87424K, 100% used [0x8ac00000, 0x90160000, 0x90160000)
  from space 21824K,   0% used [0x90160000, 0x90161000, 0x916b0000)
  to   space 21824K,   0% used [0x916b0000, 0x916b0000, 0x92c00000)
 concurrent mark-sweep generation total 393216K, used 12872K [0x92c00000, 0xaac00000, 0xaac00000)
 concurrent-mark-sweep perm gen total 35404K, used 22530K [0xaac00000, 0xace93000, 0xb2c00000)
2015-02-20T16:12:44.382-0600: 3092.837: [GC2015-02-20T16:12:44.382-0600: 3092.837: [ParNew
Desired survivor size 20112996 bytes, new threshold 8 (max 8)
- age   1:       1000 bytes,       1000 total
- age   2:        224 bytes,       1224 total
- age   3:        216 bytes,       1440 total
- age   4:        360 bytes,       1800 total
- age   5:        424 bytes,       2224 total
- age   6:        200 bytes,       2424 total
- age   7:        216 bytes,       2640 total
- age   8:        432 bytes,       3072 total
: 87428K->8K(109248K), 0.0067820 secs] 100300K->12880K(502464K), 0.0069780 secs] [Times: user=0.01 sys=0.00, real=0.01 secs] 
Heap after GC invocations=1002 (full 1):
 par new generation   total 109248K, used 8K [0x8ac00000, 0x92c00000, 0x92c00000)
  eden space 87424K,   0% used [0x8ac00000, 0x8ac00000, 0x90160000)
  from space 21824K,   0% used [0x916b0000, 0x916b2000, 0x92c00000)
  to   space 21824K,   0% used [0x90160000, 0x90160000, 0x916b0000)
 concurrent mark-sweep generation total 393216K, used 12872K [0x92c00000, 0xaac00000, 0xaac00000)
 concurrent-mark-sweep perm gen total 35404K, used 22530K [0xaac00000, 0xace93000, 0xb2c00000)
}
2015-02-20T16:12:44.389-0600: 3092.844: Total time for which application threads were stopped: 0.0096670 seconds
{Heap before GC invocations=1002 (full 1):
 par new generation   total 109248K, used 87432K [0x8ac00000, 0x92c00000, 0x92c00000)
  eden space 87424K, 100% used [0x8ac00000, 0x90160000, 0x90160000)
  from space 21824K,   0% used [0x916b0000, 0x916b2000, 0x92c00000)
  to   space 21824K,   0% used [0x90160000, 0x90160000, 0x916b0000)
 concurrent mark-sweep generation total 393216K, used 12872K [0x92c00000, 0xaac00000, 0xaac00000)
 concurrent-mark-sweep perm gen total 35404K, used 22530K [0xaac00000, 0xace93000, 0xb2c00000)
2015-02-20T16:12:45.754-0600: 3094.209: [GC2015-02-20T16:12:45.754-0600: 3094.209: [ParNew
Desired survivor size 20112996 bytes, new threshold 8 (max 8)
- age   1:       1192 bytes,       1192 total
- age   2:        400 bytes,       1592 total
- age   3:        224 bytes,       1816 total
- age   4:        216 bytes,       2032 total
- age   5:        360 bytes,       2392 total
- age   6:        424 bytes,       2816 total
- age   7:        200 bytes,       3016 total
- age   8:        216 bytes,       3232 total
: 87432K->6K(109248K), 0.0213020 secs] 100304K->12878K(502464K), 0.0218050 secs] [Times: user=0.04 sys=0.00, real=0.02 secs] 
Heap after GC invocations=1003 (full 1):
 par new generation   total 109248K, used 6K [0x8ac00000, 0x92c00000, 0x92c00000)
  eden space 87424K,   0% used [0x8ac00000, 0x8ac00000, 0x90160000)
  from space 21824K,   0% used [0x90160000, 0x90161800, 0x916b0000)
  to   space 21824K,   0% used [0x916b0000, 0x916b0000, 0x92c00000)
 concurrent mark-sweep generation total 393216K, used 12872K [0x92c00000, 0xaac00000, 0xaac00000)
 concurrent-mark-sweep perm gen total 35404K, used 22530K [0xaac00000, 0xace93000, 0xb2c00000)
}
2015-02-20T16:12:45.776-0600: 3094.231: Total time for which application threads were stopped: 0.0284260 seconds
{Heap before GC invocations=1003 (full 1):
 par new generation   total 109248K, used 87430K [0x8ac00000, 0x92c00000, 0x92c00000)
  eden space 87424K, 100% used [0x8ac00000, 0x90160000, 0x90160000)
  from space 21824K,   0% used [0x90160000, 0x90161800, 0x916b0000)
  to   space 21824K,   0% used [0x916b0000, 0x916b0000, 0x92c00000)
 concurrent mark-sweep generation total 393216K, used 12872K [0x92c00000, 0xaac00000, 0xaac00000)
 concurrent-mark-sweep perm gen total 35404K, used 22530K [0xaac00000, 0xace93000, 0xb2c00000)
2015-02-20T16:12:47.147-0600: 3095.602: [GC2015-02-20T16:12:47.147-0600: 3095.602: [ParNew
Desired survivor size 20112996 bytes, new threshold 8 (max 8)
- age   1:        768 bytes,        768 total
- age   2:        488 bytes,       1256 total
- age   3:        400 bytes,       1656 total
- age   4:        224 bytes,       1880 total
- age   5:        216 bytes,       2096 total
- age   6:        360 bytes,       2456 total
- age   7:        424 bytes,       2880 total
- age   8:        200 bytes,       3080 total
: 87430K->4K(109248K), 0.0150620 secs] 100302K->12877K(502464K), 0.0152770 secs] [Times: user=0.03 sys=0.00, real=0.02 secs] 
Heap after GC invocations=1004 (full 1):
 par new generation   total 109248K, used 4K [0x8ac00000, 0x92c00000, 0x92c00000)
  eden space 87424K,   0% used [0x8ac00000, 0x8ac00000, 0x90160000)
  from space 21824K,   0% used [0x916b0000, 0x916b1000, 0x92c00000)
  to   space 21824K,   0% used [0x90160000, 0x90160000, 0x916b0000)
 concurrent mark-sweep generation total 393216K, used 12873K [0x92c00000, 0xaac00000, 0xaac00000)
 concurrent-mark-sweep perm gen total 35404K, used 22530K [0xaac00000, 0xace93000, 0xb2c00000)
}
2015-02-20T16:12:47.162-0600: 3095.617: Total time for which application threads were stopped: 0.0179340 seconds
{Heap before GC invocations=1004 (full 1):
 par new generation   total 109248K, used 87428K [0x8ac00000, 0x92c00000, 0x92c00000)
  eden space 87424K, 100% used [0x8ac00000, 0x90160000, 0x90160000)
  from space 21824K,   0% used [0x916b0000, 0x916b1000, 0x92c00000)
  to   space 21824K,   0% used [0x90160000, 0x90160000, 0x916b0000)
 concurrent mark-sweep generation total 393216K, used 12873K [0x92c00000, 0xaac00000, 0xaac00000)
 concurrent-mark-sweep perm gen total 35404K, used 22530K [0xaac00000, 0xace93000, 0xb2c00000)
2015-02-20T16:12:48.589-0600: 3097.044: [GC2015-02-20T16:12:48.589-0600: 3097.044: [ParNew
Desired survivor size 20112996 bytes, new threshold 8 (max 8)
- age   1:        808 bytes,        808 total
- age   2:        240 bytes,       1048 total
- age   3:        360 bytes,       1408 total
- age   4:        400 bytes,       1808 total
- age   5:        224 bytes,       2032 total
- age   6:        216 bytes,       2248 total
- age   7:        360 bytes,       2608 total
- age   8:        424 bytes,       3032 total
: 87428K->8K(109248K), 0.0174860 secs] 100301K->12881K(502464K), 0.0181190 secs] [Times: user=0.02 sys=0.01, real=0.01 secs] 
Heap after GC invocations=1005 (full 1):
 par new generation   total 109248K, used 8K [0x8ac00000, 0x92c00000, 0x92c00000)
  eden space 87424K,   0% used [0x8ac00000, 0x8ac00000, 0x90160000)
  from space 21824K,   0% used [0x90160000, 0x90162000, 0x916b0000)
  to   space 21824K,   0% used [0x916b0000, 0x916b0000, 0x92c00000)
 concurrent mark-sweep generation total 393216K, used 12873K [0x92c00000, 0xaac00000, 0xaac00000)
 concurrent-mark-sweep perm gen total 35404K, used 22530K [0xaac00000, 0xace93000, 0xb2c00000)
}
2015-02-20T16:12:48.607-0600: 3097.062: Total time for which application threads were stopped: 0.0251460 seconds
{Heap before GC invocations=1005 (full 1):
 par new generation   total 109248K, used 87432K [0x8ac00000, 0x92c00000, 0x92c00000)
  eden space 87424K, 100% used [0x8ac00000, 0x90160000, 0x90160000)
  from space 21824K,   0% used [0x90160000, 0x90162000, 0x916b0000)
  to   space 21824K,   0% used [0x916b0000, 0x916b0000, 0x92c00000)
 concurrent mark-sweep generation total 393216K, used 12873K [0x92c00000, 0xaac00000, 0xaac00000)
 concurrent-mark-sweep perm gen total 35404K, used 22530K [0xaac00000, 0xace93000, 0xb2c00000)
2015-02-20T16:12:50.065-0600: 3098.520: [GC2015-02-20T16:12:50.065-0600: 3098.521: [ParNew
Desired survivor size 20112996 bytes, new threshold 8 (max 8)
- age   1:        976 bytes,        976 total
- age   2:        176 bytes,       1152 total
- age   3:        216 bytes,       1368 total
- age   4:        360 bytes,       1728 total
- age   5:        400 bytes,       2128 total
- age   6:        224 bytes,       2352 total
- age   7:        216 bytes,       2568 total
- age   8:        360 bytes,       2928 total
: 87432K->6K(109248K), 0.0166960 secs] 100305K->12879K(502464K), 0.0169220 secs] [Times: user=0.03 sys=0.00, real=0.02 secs] 
Heap after GC invocations=1006 (full 1):
 par new generation   total 109248K, used 6K [0x8ac00000, 0x92c00000, 0x92c00000)
  eden space 87424K,   0% used [0x8ac00000, 0x8ac00000, 0x90160000)
  from space 21824K,   0% used [0x916b0000, 0x916b1800, 0x92c00000)
  to   space 21824K,   0% used [0x90160000, 0x90160000, 0x916b0000)
 concurrent mark-sweep generation total 393216K, used 12873K [0x92c00000, 0xaac00000, 0xaac00000)
 concurrent-mark-sweep perm gen total 35404K, used 22530K [0xaac00000, 0xace93000, 0xb2c00000)
}
2015-02-20T16:12:50.082-0600: 3098.537: Total time for which application threads were stopped: 0.0197680 seconds
{Heap before GC invocations=1006 (full 1):
 par new generation   total 109248K, used 87430K [0x8ac00000, 0x92c00000, 0x92c00000)
  eden space 87424K, 100% used [0x8ac00000, 0x90160000, 0x90160000)
  from space 21824K,   0% used [0x916b0000, 0x916b1800, 0x92c00000)
  to   space 21824K,   0% used [0x90160000, 0x90160000, 0x916b0000)
 concurrent mark-sweep generation total 393216K, used 12873K [0x92c00000, 0xaac00000, 0xaac00000)
 concurrent-mark-sweep perm gen total 35404K, used 22530K [0xaac00000, 0xace93000, 0xb2c00000)
2015-02-20T16:12:51.450-0600: 3099.905: [GC2015-02-20T16:12:51.451-0600: 3099.906: [ParNew
Desired survivor size 20112996 bytes, new threshold 8 (max 8)
- age   1:        848 bytes,        848 total
- age   2:        504 bytes,       1352 total
- age   3:        176 bytes,       1528 total
- age   4:        216 bytes,       1744 total
- age   5:        360 bytes,       2104 total
- age   6:        400 bytes,       2504 total
- age   7:        224 bytes,       2728 total
- age   8:        216 bytes,       2944 total
: 87430K->8K(109248K), 0.0069910 secs] 100303K->12882K(502464K), 0.0072470 secs] [Times: user=0.02 sys=0.00, real=0.01 secs] 
Heap after GC invocations=1007 (full 1):
 par new generation   total 109248K, used 8K [0x8ac00000, 0x92c00000, 0x92c00000)
  eden space 87424K,   0% used [0x8ac00000, 0x8ac00000, 0x90160000)
  from space 21824K,   0% used [0x90160000, 0x90162000, 0x916b0000)
  to   space 21824K,   0% used [0x916b0000, 0x916b0000, 0x92c00000)
 concurrent mark-sweep generation total 393216K, used 12874K [0x92c00000, 0xaac00000, 0xaac00000)
 concurrent-mark-sweep perm gen total 35404K, used 22530K [0xaac00000, 0xace93000, 0xb2c00000)
}
2015-02-20T16:12:51.458-0600: 3099.913: Total time for which application threads were stopped: 0.0101760 seconds
{Heap before GC invocations=1007 (full 1):
 par new generation   total 109248K, used 87432K [0x8ac00000, 0x92c00000, 0x92c00000)
  eden space 87424K, 100% used [0x8ac00000, 0x90160000, 0x90160000)
  from space 21824K,   0% used [0x90160000, 0x90162000, 0x916b0000)
  to   space 21824K,   0% used [0x916b0000, 0x916b0000, 0x92c00000)
 concurrent mark-sweep generation total 393216K, used 12874K [0x92c00000, 0xaac00000, 0xaac00000)
 concurrent-mark-sweep perm gen total 35404K, used 22530K [0xaac00000, 0xace93000, 0xb2c00000)
2015-02-20T16:12:52.835-0600: 3101.290: [GC2015-02-20T16:12:52.835-0600: 3101.290: [ParNew
Desired survivor size 20112996 bytes, new threshold 8 (max 8)
- age   1:       1032 bytes,       1032 total
- age   2:        224 bytes,       1256 total
- age   3:        376 bytes,       1632 total
- age   4:        176 bytes,       1808 total
- age   5:        216 bytes,       2024 total
- age   6:        360 bytes,       2384 total
- age   7:        400 bytes,       2784 total
- age   8:        224 bytes,       3008 total
: 87432K->6K(109248K), 0.0173300 secs] 100306K->12880K(502464K), 0.0177980 secs] [Times: user=0.02 sys=0.00, real=0.02 secs] 
Heap after GC invocations=1008 (full 1):
 par new generation   total 109248K, used 6K [0x8ac00000, 0x92c00000, 0x92c00000)
  eden space 87424K,   0% used [0x8ac00000, 0x8ac00000, 0x90160000)
  from space 21824K,   0% used [0x916b0000, 0x916b1800, 0x92c00000)
  to   space 21824K,   0% used [0x90160000, 0x90160000, 0x916b0000)
 concurrent mark-sweep generation total 393216K, used 12874K [0x92c00000, 0xaac00000, 0xaac00000)
 concurrent-mark-sweep perm gen total 35404K, used 22530K [0xaac00000, 0xace93000, 0xb2c00000)
}
2015-02-20T16:12:52.853-0600: 3101.308: Total time for which application threads were stopped: 0.0247690 seconds
{Heap before GC invocations=1008 (full 1):
 par new generation   total 109248K, used 87430K [0x8ac00000, 0x92c00000, 0x92c00000)
  eden space 87424K, 100% used [0x8ac00000, 0x90160000, 0x90160000)
  from space 21824K,   0% used [0x916b0000, 0x916b1800, 0x92c00000)
  to   space 21824K,   0% used [0x90160000, 0x90160000, 0x916b0000)
 concurrent mark-sweep generation total 393216K, used 12874K [0x92c00000, 0xaac00000, 0xaac00000)
 concurrent-mark-sweep perm gen total 35404K, used 22530K [0xaac00000, 0xace93000, 0xb2c00000)
2015-02-20T16:12:54.240-0600: 3102.695: [GC2015-02-20T16:12:54.240-0600: 3102.695: [ParNew
Desired survivor size 20112996 bytes, new threshold 8 (max 8)
- age   1:       1152 bytes,       1152 total
- age   2:        224 bytes,       1376 total
- age   3:        200 bytes,       1576 total
- age   4:        376 bytes,       1952 total
- age   5:        176 bytes,       2128 total
- age   6:        216 bytes,       2344 total
- age   7:        360 bytes,       2704 total
- age   8:        400 bytes,       3104 total
: 87430K->4K(109248K), 0.0556800 secs] 100304K->12878K(502464K), 0.0559220 secs] [Times: user=0.05 sys=0.00, real=0.05 secs] 
Heap after GC invocations=1009 (full 1):
 par new generation   total 109248K, used 4K [0x8ac00000, 0x92c00000, 0x92c00000)
  eden space 87424K,   0% used [0x8ac00000, 0x8ac00000, 0x90160000)
  from space 21824K,   0% used [0x90160000, 0x90161000, 0x916b0000)
  to   space 21824K,   0% used [0x916b0000, 0x916b0000, 0x92c00000)
 concurrent mark-sweep generation total 393216K, used 12874K [0x92c00000, 0xaac00000, 0xaac00000)
 concurrent-mark-sweep perm gen total 35404K, used 22530K [0xaac00000, 0xace93000, 0xb2c00000)
}
2015-02-20T16:12:54.296-0600: 3102.751: Total time for which application threads were stopped: 0.0622600 seconds
{Heap before GC invocations=1009 (full 1):
 par new generation   total 109248K, used 87428K [0x8ac00000, 0x92c00000, 0x92c00000)
  eden space 87424K, 100% used [0x8ac00000, 0x90160000, 0x90160000)
  from space 21824K,   0% used [0x90160000, 0x90161000, 0x916b0000)
  to   space 21824K,   0% used [0x916b0000, 0x916b0000, 0x92c00000)
 concurrent mark-sweep generation total 393216K, used 12874K [0x92c00000, 0xaac00000, 0xaac00000)
 concurrent-mark-sweep perm gen total 35404K, used 22530K [0xaac00000, 0xace93000, 0xb2c00000)
2015-02-20T16:12:55.678-0600: 3104.133: [GC2015-02-20T16:12:55.678-0600: 3104.133: [ParNew
Desired survivor size 20112996 bytes, new threshold 8 (max 8)
- age   1:       1216 bytes,       1216 total
- age   2:        376 bytes,       1592 total
- age   3:        224 bytes,       1816 total
- age   4:        200 bytes,       2016 total
- age   5:        376 bytes,       2392 total
- age   6:        176 bytes,       2568 total
- age   7:        216 bytes,       2784 total
- age   8:        360 bytes,       3144 total
: 87428K->6K(109248K), 0.0253520 secs] 100302K->12880K(502464K), 0.0256080 secs] [Times: user=0.02 sys=0.00, real=0.02 secs] 
Heap after GC invocations=1010 (full 1):
 par new generation   total 109248K, used 6K [0x8ac00000, 0x92c00000, 0x92c00000)
  eden space 87424K,   0% used [0x8ac00000, 0x8ac00000, 0x90160000)
  from space 21824K,   0% used [0x916b0000, 0x916b1800, 0x92c00000)
  to   space 21824K,   0% used [0x90160000, 0x90160000, 0x916b0000)
 concurrent mark-sweep generation total 393216K, used 12874K [0x92c00000, 0xaac00000, 0xaac00000)
 concurrent-mark-sweep perm gen total 35404K, used 22530K [0xaac00000, 0xace93000, 0xb2c00000)
}
2015-02-20T16:12:55.704-0600: 3104.159: Total time for which application threads were stopped: 0.0309150 seconds
{Heap before GC invocations=1010 (full 1):
 par new generation   total 109248K, used 87430K [0x8ac00000, 0x92c00000, 0x92c00000)
  eden space 87424K, 100% used [0x8ac00000, 0x90160000, 0x90160000)
  from space 21824K,   0% used [0x916b0000, 0x916b1800, 0x92c00000)
  to   space 21824K,   0% used [0x90160000, 0x90160000, 0x916b0000)
 concurrent mark-sweep generation total 393216K, used 12874K [0x92c00000, 0xaac00000, 0xaac00000)
 concurrent-mark-sweep perm gen total 35404K, used 22530K [0xaac00000, 0xace93000, 0xb2c00000)
2015-02-20T16:12:57.069-0600: 3105.524: [GC2015-02-20T16:12:57.069-0600: 3105.524: [ParNew
Desired survivor size 20112996 bytes, new threshold 8 (max 8)
- age   1:        688 bytes,        688 total
- age   2:        512 bytes,       1200 total
- age   3:        376 bytes,       1576 total
- age   4:        224 bytes,       1800 total
- age   5:        200 bytes,       2000 total
- age   6:        376 bytes,       2376 total
- age   7:        176 bytes,       2552 total
- age   8:        216 bytes,       2768 total
: 87430K->4K(109248K), 0.0077200 secs] 100304K->12879K(502464K), 0.0079070 secs] [Times: user=0.01 sys=0.00, real=0.00 secs] 
Heap after GC invocations=1011 (full 1):
 par new generation   total 109248K, used 4K [0x8ac00000, 0x92c00000, 0x92c00000)
  eden space 87424K,   0% used [0x8ac00000, 0x8ac00000, 0x90160000)
  from space 21824K,   0% used [0x90160000, 0x90161000, 0x916b0000)
  to   space 21824K,   0% used [0x916b0000, 0x916b0000, 0x92c00000)
 concurrent mark-sweep generation total 393216K, used 12875K [0x92c00000, 0xaac00000, 0xaac00000)
 concurrent-mark-sweep perm gen total 35404K, used 22530K [0xaac00000, 0xace93000, 0xb2c00000)
}
2015-02-20T16:12:57.077-0600: 3105.532: Total time for which application threads were stopped: 0.0108490 seconds
{Heap before GC invocations=1011 (full 1):
 par new generation   total 109248K, used 87428K [0x8ac00000, 0x92c00000, 0x92c00000)
  eden space 87424K, 100% used [0x8ac00000, 0x90160000, 0x90160000)
  from space 21824K,   0% used [0x90160000, 0x90161000, 0x916b0000)
  to   space 21824K,   0% used [0x916b0000, 0x916b0000, 0x92c00000)
 concurrent mark-sweep generation total 393216K, used 12875K [0x92c00000, 0xaac00000, 0xaac00000)
 concurrent-mark-sweep perm gen total 35404K, used 22530K [0xaac00000, 0xace93000, 0xb2c00000)
2015-02-20T16:12:58.529-0600: 3106.984: [GC2015-02-20T16:12:58.529-0600: 3106.984: [ParNew
Desired survivor size 20112996 bytes, new threshold 8 (max 8)
- age   1:       1048 bytes,       1048 total
- age   2:        272 bytes,       1320 total
- age   3:        384 bytes,       1704 total
- age   4:        376 bytes,       2080 total
- age   5:        224 bytes,       2304 total
- age   6:        200 bytes,       2504 total
- age   7:        376 bytes,       2880 total
- age   8:        176 bytes,       3056 total
: 87428K->6K(109248K), 0.0229730 secs] 100303K->12881K(502464K), 0.0236430 secs] [Times: user=0.02 sys=0.00, real=0.02 secs] 
Heap after GC invocations=1012 (full 1):
 par new generation   total 109248K, used 6K [0x8ac00000, 0x92c00000, 0x92c00000)
  eden space 87424K,   0% used [0x8ac00000, 0x8ac00000, 0x90160000)
  from space 21824K,   0% used [0x916b0000, 0x916b1800, 0x92c00000)
  to   space 21824K,   0% used [0x90160000, 0x90160000, 0x916b0000)
 concurrent mark-sweep generation total 393216K, used 12875K [0x92c00000, 0xaac00000, 0xaac00000)
 concurrent-mark-sweep perm gen total 35404K, used 22530K [0xaac00000, 0xace93000, 0xb2c00000)
}
2015-02-20T16:12:58.552-0600: 3107.007: Total time for which application threads were stopped: 0.0337720 seconds
{Heap before GC invocations=1012 (full 1):
 par new generation   total 109248K, used 87430K [0x8ac00000, 0x92c00000, 0x92c00000)
  eden space 87424K, 100% used [0x8ac00000, 0x90160000, 0x90160000)
  from space 21824K,   0% used [0x916b0000, 0x916b1800, 0x92c00000)
  to   space 21824K,   0% used [0x90160000, 0x90160000, 0x916b0000)
 concurrent mark-sweep generation total 393216K, used 12875K [0x92c00000, 0xaac00000, 0xaac00000)
 concurrent-mark-sweep perm gen total 35404K, used 22530K [0xaac00000, 0xace93000, 0xb2c00000)
2015-02-20T16:12:59.919-0600: 3108.374: [GC2015-02-20T16:12:59.919-0600: 3108.374: [ParNew
Desired survivor size 20112996 bytes, new threshold 8 (max 8)
- age   1:       1264 bytes,       1264 total
- age   2:        176 bytes,       1440 total
- age   3:        248 bytes,       1688 total
- age   4:        384 bytes,       2072 total
- age   5:        376 bytes,       2448 total
- age   6:        224 bytes,       2672 total
- age   7:        200 bytes,       2872 total
- age   8:        376 bytes,       3248 total
: 87430K->6K(109248K), 0.0203150 secs] 100305K->12881K(502464K), 0.0204950 secs] [Times: user=0.02 sys=0.00, real=0.02 secs] 
Heap after GC invocations=1013 (full 1):
 par new generation   total 109248K, used 6K [0x8ac00000, 0x92c00000, 0x92c00000)
  eden space 87424K,   0% used [0x8ac00000, 0x8ac00000, 0x90160000)
  from space 21824K,   0% used [0x90160000, 0x90161800, 0x916b0000)
  to   space 21824K,   0% used [0x916b0000, 0x916b0000, 0x92c00000)
 concurrent mark-sweep generation total 393216K, used 12875K [0x92c00000, 0xaac00000, 0xaac00000)
 concurrent-mark-sweep perm gen total 35404K, used 22530K [0xaac00000, 0xace93000, 0xb2c00000)
}
2015-02-20T16:12:59.940-0600: 3108.395: Total time for which application threads were stopped: 0.0237410 seconds
{Heap before GC invocations=1013 (full 1):
 par new generation   total 109248K, used 87430K [0x8ac00000, 0x92c00000, 0x92c00000)
  eden space 87424K, 100% used [0x8ac00000, 0x90160000, 0x90160000)
  from space 21824K,   0% used [0x90160000, 0x90161800, 0x916b0000)
  to   space 21824K,   0% used [0x916b0000, 0x916b0000, 0x92c00000)
 concurrent mark-sweep generation total 393216K, used 12875K [0x92c00000, 0xaac00000, 0xaac00000)
 concurrent-mark-sweep perm gen total 35404K, used 22530K [0xaac00000, 0xace93000, 0xb2c00000)
2015-02-20T16:13:01.297-0600: 3109.752: [GC2015-02-20T16:13:01.297-0600: 3109.752: [ParNew
Desired survivor size 20112996 bytes, new threshold 8 (max 8)
- age   1:        656 bytes,        656 total
- age   2:        560 bytes,       1216 total
- age   3:        176 bytes,       1392 total
- age   4:        248 bytes,       1640 total
- age   5:        384 bytes,       2024 total
- age   6:        376 bytes,       2400 total
- age   7:        224 bytes,       2624 total
- age   8:        200 bytes,       2824 total
: 87430K->6K(109248K), 0.0160510 secs] 100305K->12882K(502464K), 0.0162480 secs] [Times: user=0.03 sys=0.00, real=0.02 secs] 
Heap after GC invocations=1014 (full 1):
 par new generation   total 109248K, used 6K [0x8ac00000, 0x92c00000, 0x92c00000)
  eden space 87424K,   0% used [0x8ac00000, 0x8ac00000, 0x90160000)
  from space 21824K,   0% used [0x916b0000, 0x916b1800, 0x92c00000)
  to   space 21824K,   0% used [0x90160000, 0x90160000, 0x916b0000)
 concurrent mark-sweep generation total 393216K, used 12876K [0x92c00000, 0xaac00000, 0xaac00000)
 concurrent-mark-sweep perm gen total 35404K, used 22530K [0xaac00000, 0xace93000, 0xb2c00000)
}
2015-02-20T16:13:01.313-0600: 3109.768: Total time for which application threads were stopped: 0.0195510 seconds
{Heap before GC invocations=1014 (full 1):
 par new generation   total 109248K, used 87430K [0x8ac00000, 0x92c00000, 0x92c00000)
  eden space 87424K, 100% used [0x8ac00000, 0x90160000, 0x90160000)
  from space 21824K,   0% used [0x916b0000, 0x916b1800, 0x92c00000)
  to   space 21824K,   0% used [0x90160000, 0x90160000, 0x916b0000)
 concurrent mark-sweep generation total 393216K, used 12876K [0x92c00000, 0xaac00000, 0xaac00000)
 concurrent-mark-sweep perm gen total 35404K, used 22530K [0xaac00000, 0xace93000, 0xb2c00000)
2015-02-20T16:13:03.015-0600: 3111.470: [GC2015-02-20T16:13:03.015-0600: 3111.470: [ParNew
Desired survivor size 20112996 bytes, new threshold 8 (max 8)
- age   1:       1272 bytes,       1272 total
- age   2:        216 bytes,       1488 total
- age   3:        432 bytes,       1920 total
- age   4:        176 bytes,       2096 total
- age   5:        248 bytes,       2344 total
- age   6:        384 bytes,       2728 total
- age   7:        376 bytes,       3104 total
- age   8:        224 bytes,       3328 total
: 87430K->6K(109248K), 0.0074490 secs] 100306K->12882K(502464K), 0.0076580 secs] [Times: user=0.01 sys=0.00, real=0.01 secs] 
Heap after GC invocations=1015 (full 1):
 par new generation   total 109248K, used 6K [0x8ac00000, 0x92c00000, 0x92c00000)
  eden space 87424K,   0% used [0x8ac00000, 0x8ac00000, 0x90160000)
  from space 21824K,   0% used [0x90160000, 0x90161800, 0x916b0000)
  to   space 21824K,   0% used [0x916b0000, 0x916b0000, 0x92c00000)
 concurrent mark-sweep generation total 393216K, used 12876K [0x92c00000, 0xaac00000, 0xaac00000)
 concurrent-mark-sweep perm gen total 35404K, used 22530K [0xaac00000, 0xace93000, 0xb2c00000)
}
2015-02-20T16:13:03.022-0600: 3111.477: Total time for which application threads were stopped: 0.0106420 seconds
{Heap before GC invocations=1015 (full 1):
 par new generation   total 109248K, used 87430K [0x8ac00000, 0x92c00000, 0x92c00000)
  eden space 87424K, 100% used [0x8ac00000, 0x90160000, 0x90160000)
  from space 21824K,   0% used [0x90160000, 0x90161800, 0x916b0000)
  to   space 21824K,   0% used [0x916b0000, 0x916b0000, 0x92c00000)
 concurrent mark-sweep generation total 393216K, used 12876K [0x92c00000, 0xaac00000, 0xaac00000)
 concurrent-mark-sweep perm gen total 35404K, used 22530K [0xaac00000, 0xace93000, 0xb2c00000)
2015-02-20T16:13:04.689-0600: 3113.144: [GC2015-02-20T16:13:04.689-0600: 3113.144: [ParNew
Desired survivor size 20112996 bytes, new threshold 8 (max 8)
- age   1:        848 bytes,        848 total
- age   2:        448 bytes,       1296 total
- age   3:        216 bytes,       1512 total
- age   4:        432 bytes,       1944 total
- age   5:        176 bytes,       2120 total
- age   6:        248 bytes,       2368 total
- age   7:        384 bytes,       2752 total
- age   8:        376 bytes,       3128 total
: 87430K->8K(109248K), 0.0111990 secs] 100306K->12884K(502464K), 0.0114090 secs] [Times: user=0.01 sys=0.00, real=0.01 secs] 
Heap after GC invocations=1016 (full 1):
 par new generation   total 109248K, used 8K [0x8ac00000, 0x92c00000, 0x92c00000)
  eden space 87424K,   0% used [0x8ac00000, 0x8ac00000, 0x90160000)
  from space 21824K,   0% used [0x916b0000, 0x916b2000, 0x92c00000)
  to   space 21824K,   0% used [0x90160000, 0x90160000, 0x916b0000)
 concurrent mark-sweep generation total 393216K, used 12876K [0x92c00000, 0xaac00000, 0xaac00000)
 concurrent-mark-sweep perm gen total 35404K, used 22530K [0xaac00000, 0xace93000, 0xb2c00000)
}
2015-02-20T16:13:04.700-0600: 3113.155: Total time for which application threads were stopped: 0.0141960 seconds
{Heap before GC invocations=1016 (full 1):
 par new generation   total 109248K, used 87432K [0x8ac00000, 0x92c00000, 0x92c00000)
  eden space 87424K, 100% used [0x8ac00000, 0x90160000, 0x90160000)
  from space 21824K,   0% used [0x916b0000, 0x916b2000, 0x92c00000)
  to   space 21824K,   0% used [0x90160000, 0x90160000, 0x916b0000)
 concurrent mark-sweep generation total 393216K, used 12876K [0x92c00000, 0xaac00000, 0xaac00000)
 concurrent-mark-sweep perm gen total 35404K, used 22530K [0xaac00000, 0xace93000, 0xb2c00000)
2015-02-20T16:13:06.097-0600: 3114.552: [GC2015-02-20T16:13:06.097-0600: 3114.552: [ParNew
Desired survivor size 20112996 bytes, new threshold 8 (max 8)
- age   1:        976 bytes,        976 total
- age   2:        272 bytes,       1248 total
- age   3:        424 bytes,       1672 total
- age   4:        216 bytes,       1888 total
- age   5:        432 bytes,       2320 total
- age   6:        176 bytes,       2496 total
- age   7:        248 bytes,       2744 total
- age   8:        384 bytes,       3128 total
: 87432K->4K(109248K), 0.0134490 secs] 100308K->12880K(502464K), 0.0136740 secs] [Times: user=0.03 sys=0.00, real=0.02 secs] 
Heap after GC invocations=1017 (full 1):
 par new generation   total 109248K, used 4K [0x8ac00000, 0x92c00000, 0x92c00000)
  eden space 87424K,   0% used [0x8ac00000, 0x8ac00000, 0x90160000)
  from space 21824K,   0% used [0x90160000, 0x90161000, 0x916b0000)
  to   space 21824K,   0% used [0x916b0000, 0x916b0000, 0x92c00000)
 concurrent mark-sweep generation total 393216K, used 12876K [0x92c00000, 0xaac00000, 0xaac00000)
 concurrent-mark-sweep perm gen total 35404K, used 22530K [0xaac00000, 0xace93000, 0xb2c00000)
}
2015-02-20T16:13:06.111-0600: 3114.566: Total time for which application threads were stopped: 0.0164210 seconds
{Heap before GC invocations=1017 (full 1):
 par new generation   total 109248K, used 87428K [0x8ac00000, 0x92c00000, 0x92c00000)
  eden space 87424K, 100% used [0x8ac00000, 0x90160000, 0x90160000)
  from space 21824K,   0% used [0x90160000, 0x90161000, 0x916b0000)
  to   space 21824K,   0% used [0x916b0000, 0x916b0000, 0x92c00000)
 concurrent mark-sweep generation total 393216K, used 12876K [0x92c00000, 0xaac00000, 0xaac00000)
 concurrent-mark-sweep perm gen total 35404K, used 22530K [0xaac00000, 0xace93000, 0xb2c00000)
2015-02-20T16:13:07.606-0600: 3116.061: [GC2015-02-20T16:13:07.606-0600: 3116.061: [ParNew
Desired survivor size 20112996 bytes, new threshold 8 (max 8)
- age   1:        960 bytes,        960 total
- age   2:        376 bytes,       1336 total
- age   3:        272 bytes,       1608 total
- age   4:        424 bytes,       2032 total
- age   5:        216 bytes,       2248 total
- age   6:        432 bytes,       2680 total
- age   7:        176 bytes,       2856 total
- age   8:        248 bytes,       3104 total
: 87428K->8K(109248K), 0.0057310 secs] 100304K->12885K(502464K), 0.0059420 secs] [Times: user=0.01 sys=0.00, real=0.01 secs] 
Heap after GC invocations=1018 (full 1):
 par new generation   total 109248K, used 8K [0x8ac00000, 0x92c00000, 0x92c00000)
  eden space 87424K,   0% used [0x8ac00000, 0x8ac00000, 0x90160000)
  from space 21824K,   0% used [0x916b0000, 0x916b2000, 0x92c00000)
  to   space 21824K,   0% used [0x90160000, 0x90160000, 0x916b0000)
 concurrent mark-sweep generation total 393216K, used 12877K [0x92c00000, 0xaac00000, 0xaac00000)
 concurrent-mark-sweep perm gen total 35404K, used 22530K [0xaac00000, 0xace93000, 0xb2c00000)
}
2015-02-20T16:13:07.612-0600: 3116.067: Total time for which application threads were stopped: 0.0086930 seconds
{Heap before GC invocations=1018 (full 1):
 par new generation   total 109248K, used 87432K [0x8ac00000, 0x92c00000, 0x92c00000)
  eden space 87424K, 100% used [0x8ac00000, 0x90160000, 0x90160000)
  from space 21824K,   0% used [0x916b0000, 0x916b2000, 0x92c00000)
  to   space 21824K,   0% used [0x90160000, 0x90160000, 0x916b0000)
 concurrent mark-sweep generation total 393216K, used 12877K [0x92c00000, 0xaac00000, 0xaac00000)
 concurrent-mark-sweep perm gen total 35404K, used 22530K [0xaac00000, 0xace93000, 0xb2c00000)
2015-02-20T16:13:09.098-0600: 3117.553: [GC2015-02-20T16:13:09.098-0600: 3117.553: [ParNew
Desired survivor size 20112996 bytes, new threshold 8 (max 8)
- age   1:        584 bytes,        584 total
- age   2:        488 bytes,       1072 total
- age   3:        376 bytes,       1448 total
- age   4:        272 bytes,       1720 total
- age   5:        424 bytes,       2144 total
- age   6:        216 bytes,       2360 total
- age   7:        432 bytes,       2792 total
- age   8:        176 bytes,       2968 total
: 87432K->6K(109248K), 0.0134060 secs] 100309K->12883K(502464K), 0.0136420 secs] [Times: user=0.03 sys=0.00, real=0.01 secs] 
Heap after GC invocations=1019 (full 1):
 par new generation   total 109248K, used 6K [0x8ac00000, 0x92c00000, 0x92c00000)
  eden space 87424K,   0% used [0x8ac00000, 0x8ac00000, 0x90160000)
  from space 21824K,   0% used [0x90160000, 0x90161800, 0x916b0000)
  to   space 21824K,   0% used [0x916b0000, 0x916b0000, 0x92c00000)
 concurrent mark-sweep generation total 393216K, used 12877K [0x92c00000, 0xaac00000, 0xaac00000)
 concurrent-mark-sweep perm gen total 35404K, used 22530K [0xaac00000, 0xace93000, 0xb2c00000)
}
2015-02-20T16:13:09.111-0600: 3117.566: Total time for which application threads were stopped: 0.0164880 seconds
{Heap before GC invocations=1019 (full 1):
 par new generation   total 109248K, used 87430K [0x8ac00000, 0x92c00000, 0x92c00000)
  eden space 87424K, 100% used [0x8ac00000, 0x90160000, 0x90160000)
  from space 21824K,   0% used [0x90160000, 0x90161800, 0x916b0000)
  to   space 21824K,   0% used [0x916b0000, 0x916b0000, 0x92c00000)
 concurrent mark-sweep generation total 393216K, used 12877K [0x92c00000, 0xaac00000, 0xaac00000)
 concurrent-mark-sweep perm gen total 35404K, used 22530K [0xaac00000, 0xace93000, 0xb2c00000)
2015-02-20T16:13:11.431-0600: 3119.886: [GC2015-02-20T16:13:11.432-0600: 3119.887: [ParNew
Desired survivor size 20112996 bytes, new threshold 8 (max 8)
- age   1:       1072 bytes,       1072 total
- age   2:        216 bytes,       1288 total
- age   3:        360 bytes,       1648 total
- age   4:        376 bytes,       2024 total
- age   5:        272 bytes,       2296 total
- age   6:        424 bytes,       2720 total
- age   7:        216 bytes,       2936 total
- age   8:        432 bytes,       3368 total
: 87430K->6K(109248K), 0.0099310 secs] 100307K->12883K(502464K), 0.0102730 secs] [Times: user=0.01 sys=0.00, real=0.01 secs] 
Heap after GC invocations=1020 (full 1):
 par new generation   total 109248K, used 6K [0x8ac00000, 0x92c00000, 0x92c00000)
  eden space 87424K,   0% used [0x8ac00000, 0x8ac00000, 0x90160000)
  from space 21824K,   0% used [0x916b0000, 0x916b1800, 0x92c00000)
  to   space 21824K,   0% used [0x90160000, 0x90160000, 0x916b0000)
 concurrent mark-sweep generation total 393216K, used 12877K [0x92c00000, 0xaac00000, 0xaac00000)
 concurrent-mark-sweep perm gen total 35404K, used 22530K [0xaac00000, 0xace93000, 0xb2c00000)
}
2015-02-20T16:13:11.442-0600: 3119.897: Total time for which application threads were stopped: 0.0142170 seconds
{Heap before GC invocations=1020 (full 1):
 par new generation   total 109248K, used 87430K [0x8ac00000, 0x92c00000, 0x92c00000)
  eden space 87424K, 100% used [0x8ac00000, 0x90160000, 0x90160000)
  from space 21824K,   0% used [0x916b0000, 0x916b1800, 0x92c00000)
  to   space 21824K,   0% used [0x90160000, 0x90160000, 0x916b0000)
 concurrent mark-sweep generation total 393216K, used 12877K [0x92c00000, 0xaac00000, 0xaac00000)
 concurrent-mark-sweep perm gen total 35404K, used 22530K [0xaac00000, 0xace93000, 0xb2c00000)
2015-02-20T16:13:12.583-0600: 3121.038: [GC2015-02-20T16:13:12.583-0600: 3121.038: [ParNew
Desired survivor size 20112996 bytes, new threshold 8 (max 8)
- age   1:        744 bytes,        744 total
- age   2:        400 bytes,       1144 total
- age   3:        216 bytes,       1360 total
- age   4:        360 bytes,       1720 total
- age   5:        376 bytes,       2096 total
- age   6:        272 bytes,       2368 total
- age   7:        424 bytes,       2792 total
- age   8:        216 bytes,       3008 total
: 87430K->6K(109248K), 0.0135150 secs] 100307K->12884K(502464K), 0.0137280 secs] [Times: user=0.01 sys=0.00, real=0.01 secs] 
Heap after GC invocations=1021 (full 1):
 par new generation   total 109248K, used 6K [0x8ac00000, 0x92c00000, 0x92c00000)
  eden space 87424K,   0% used [0x8ac00000, 0x8ac00000, 0x90160000)
  from space 21824K,   0% used [0x90160000, 0x90161800, 0x916b0000)
  to   space 21824K,   0% used [0x916b0000, 0x916b0000, 0x92c00000)
 concurrent mark-sweep generation total 393216K, used 12878K [0x92c00000, 0xaac00000, 0xaac00000)
 concurrent-mark-sweep perm gen total 35404K, used 22530K [0xaac00000, 0xace93000, 0xb2c00000)
}
2015-02-20T16:13:12.597-0600: 3121.052: Total time for which application threads were stopped: 0.0218900 seconds
{Heap before GC invocations=1021 (full 1):
 par new generation   total 109248K, used 87430K [0x8ac00000, 0x92c00000, 0x92c00000)
  eden space 87424K, 100% used [0x8ac00000, 0x90160000, 0x90160000)
  from space 21824K,   0% used [0x90160000, 0x90161800, 0x916b0000)
  to   space 21824K,   0% used [0x916b0000, 0x916b0000, 0x92c00000)
 concurrent mark-sweep generation total 393216K, used 12878K [0x92c00000, 0xaac00000, 0xaac00000)
 concurrent-mark-sweep perm gen total 35404K, used 22530K [0xaac00000, 0xace93000, 0xb2c00000)
2015-02-20T16:13:14.393-0600: 3122.848: [GC2015-02-20T16:13:14.393-0600: 3122.848: [ParNew
Desired survivor size 20112996 bytes, new threshold 8 (max 8)
- age   1:       1272 bytes,       1272 total
- age   2:        176 bytes,       1448 total
- age   3:        376 bytes,       1824 total
- age   4:        216 bytes,       2040 total
- age   5:        360 bytes,       2400 total
- age   6:        376 bytes,       2776 total
- age   7:        272 bytes,       3048 total
- age   8:        424 bytes,       3472 total
: 87430K->8K(109248K), 0.0078630 secs] 100308K->12886K(502464K), 0.0080660 secs] [Times: user=0.01 sys=0.00, real=0.01 secs] 
Heap after GC invocations=1022 (full 1):
 par new generation   total 109248K, used 8K [0x8ac00000, 0x92c00000, 0x92c00000)
  eden space 87424K,   0% used [0x8ac00000, 0x8ac00000, 0x90160000)
  from space 21824K,   0% used [0x916b0000, 0x916b2000, 0x92c00000)
  to   space 21824K,   0% used [0x90160000, 0x90160000, 0x916b0000)
 concurrent mark-sweep generation total 393216K, used 12878K [0x92c00000, 0xaac00000, 0xaac00000)
 concurrent-mark-sweep perm gen total 35404K, used 22530K [0xaac00000, 0xace93000, 0xb2c00000)
}
2015-02-20T16:13:14.401-0600: 3122.856: Total time for which application threads were stopped: 0.0107780 seconds
{Heap before GC invocations=1022 (full 1):
 par new generation   total 109248K, used 87432K [0x8ac00000, 0x92c00000, 0x92c00000)
  eden space 87424K, 100% used [0x8ac00000, 0x90160000, 0x90160000)
  from space 21824K,   0% used [0x916b0000, 0x916b2000, 0x92c00000)
  to   space 21824K,   0% used [0x90160000, 0x90160000, 0x916b0000)
 concurrent mark-sweep generation total 393216K, used 12878K [0x92c00000, 0xaac00000, 0xaac00000)
 concurrent-mark-sweep perm gen total 35404K, used 22530K [0xaac00000, 0xace93000, 0xb2c00000)
2015-02-20T16:13:16.398-0600: 3124.853: [GC2015-02-20T16:13:16.399-0600: 3124.854: [ParNew
Desired survivor size 20112996 bytes, new threshold 8 (max 8)
- age   1:       1304 bytes,       1304 total
- age   2:        496 bytes,       1800 total
- age   3:        176 bytes,       1976 total
- age   4:        376 bytes,       2352 total
- age   5:        216 bytes,       2568 total
- age   6:        360 bytes,       2928 total
- age   7:        376 bytes,       3304 total
- age   8:        272 bytes,       3576 total
: 87432K->6K(109248K), 0.0084250 secs] 100310K->12884K(502464K), 0.0086410 secs] [Times: user=0.02 sys=0.00, real=0.00 secs] 
Heap after GC invocations=1023 (full 1):
 par new generation   total 109248K, used 6K [0x8ac00000, 0x92c00000, 0x92c00000)
  eden space 87424K,   0% used [0x8ac00000, 0x8ac00000, 0x90160000)
  from space 21824K,   0% used [0x90160000, 0x90161800, 0x916b0000)
  to   space 21824K,   0% used [0x916b0000, 0x916b0000, 0x92c00000)
 concurrent mark-sweep generation total 393216K, used 12878K [0x92c00000, 0xaac00000, 0xaac00000)
 concurrent-mark-sweep perm gen total 35404K, used 22530K [0xaac00000, 0xace93000, 0xb2c00000)
}
2015-02-20T16:13:16.407-0600: 3124.862: Total time for which application threads were stopped: 0.0114730 seconds
{Heap before GC invocations=1023 (full 1):
 par new generation   total 109248K, used 87430K [0x8ac00000, 0x92c00000, 0x92c00000)
  eden space 87424K, 100% used [0x8ac00000, 0x90160000, 0x90160000)
  from space 21824K,   0% used [0x90160000, 0x90161800, 0x916b0000)
  to   space 21824K,   0% used [0x916b0000, 0x916b0000, 0x92c00000)
 concurrent mark-sweep generation total 393216K, used 12878K [0x92c00000, 0xaac00000, 0xaac00000)
 concurrent-mark-sweep perm gen total 35404K, used 22530K [0xaac00000, 0xace93000, 0xb2c00000)
2015-02-20T16:13:17.693-0600: 3126.148: [GC2015-02-20T16:13:17.693-0600: 3126.148: [ParNew
Desired survivor size 20112996 bytes, new threshold 8 (max 8)
- age   1:        840 bytes,        840 total
- age   2:        376 bytes,       1216 total
- age   3:        496 bytes,       1712 total
- age   4:        176 bytes,       1888 total
- age   5:        376 bytes,       2264 total
- age   6:        216 bytes,       2480 total
- age   7:        360 bytes,       2840 total
- age   8:        376 bytes,       3216 total
: 87430K->10K(109248K), 0.0080760 secs] 100308K->12888K(502464K), 0.0083020 secs] [Times: user=0.01 sys=0.00, real=0.01 secs] 
Heap after GC invocations=1024 (full 1):
 par new generation   total 109248K, used 10K [0x8ac00000, 0x92c00000, 0x92c00000)
  eden space 87424K,   0% used [0x8ac00000, 0x8ac00000, 0x90160000)
  from space 21824K,   0% used [0x916b0000, 0x916b2800, 0x92c00000)
  to   space 21824K,   0% used [0x90160000, 0x90160000, 0x916b0000)
 concurrent mark-sweep generation total 393216K, used 12878K [0x92c00000, 0xaac00000, 0xaac00000)
 concurrent-mark-sweep perm gen total 35404K, used 22530K [0xaac00000, 0xace93000, 0xb2c00000)
}
2015-02-20T16:13:17.701-0600: 3126.156: Total time for which application threads were stopped: 0.0115020 seconds
{Heap before GC invocations=1024 (full 1):
 par new generation   total 109248K, used 87434K [0x8ac00000, 0x92c00000, 0x92c00000)
  eden space 87424K, 100% used [0x8ac00000, 0x90160000, 0x90160000)
  from space 21824K,   0% used [0x916b0000, 0x916b2800, 0x92c00000)
  to   space 21824K,   0% used [0x90160000, 0x90160000, 0x916b0000)
 concurrent mark-sweep generation total 393216K, used 12878K [0x92c00000, 0xaac00000, 0xaac00000)
 concurrent-mark-sweep perm gen total 35404K, used 22530K [0xaac00000, 0xace93000, 0xb2c00000)
2015-02-20T16:13:19.459-0600: 3127.914: [GC2015-02-20T16:13:19.459-0600: 3127.914: [ParNew
Desired survivor size 20112996 bytes, new threshold 8 (max 8)
- age   1:        936 bytes,        936 total
- age   2:        512 bytes,       1448 total
- age   3:        376 bytes,       1824 total
- age   4:        496 bytes,       2320 total
- age   5:        176 bytes,       2496 total
- age   6:        376 bytes,       2872 total
- age   7:        216 bytes,       3088 total
- age   8:        360 bytes,       3448 total
: 87434K->4K(109248K), 0.0077390 secs] 100312K->12883K(502464K), 0.0079510 secs] [Times: user=0.01 sys=0.00, real=0.00 secs] 
Heap after GC invocations=1025 (full 1):
 par new generation   total 109248K, used 4K [0x8ac00000, 0x92c00000, 0x92c00000)
  eden space 87424K,   0% used [0x8ac00000, 0x8ac00000, 0x90160000)
  from space 21824K,   0% used [0x90160000, 0x90161000, 0x916b0000)
  to   space 21824K,   0% used [0x916b0000, 0x916b0000, 0x92c00000)
 concurrent mark-sweep generation total 393216K, used 12879K [0x92c00000, 0xaac00000, 0xaac00000)
 concurrent-mark-sweep perm gen total 35404K, used 22530K [0xaac00000, 0xace93000, 0xb2c00000)
}
2015-02-20T16:13:19.467-0600: 3127.922: Total time for which application threads were stopped: 0.0106490 seconds
{Heap before GC invocations=1025 (full 1):
 par new generation   total 109248K, used 87428K [0x8ac00000, 0x92c00000, 0x92c00000)
  eden space 87424K, 100% used [0x8ac00000, 0x90160000, 0x90160000)
  from space 21824K,   0% used [0x90160000, 0x90161000, 0x916b0000)
  to   space 21824K,   0% used [0x916b0000, 0x916b0000, 0x92c00000)
 concurrent mark-sweep generation total 393216K, used 12879K [0x92c00000, 0xaac00000, 0xaac00000)
 concurrent-mark-sweep perm gen total 35404K, used 22530K [0xaac00000, 0xace93000, 0xb2c00000)
2015-02-20T16:13:21.084-0600: 3129.539: [GC2015-02-20T16:13:21.085-0600: 3129.540: [ParNew
Desired survivor size 20112996 bytes, new threshold 8 (max 8)
- age   1:       1304 bytes,       1304 total
- age   2:        216 bytes,       1520 total
- age   3:        384 bytes,       1904 total
- age   4:        376 bytes,       2280 total
- age   5:        496 bytes,       2776 total
- age   6:        176 bytes,       2952 total
- age   7:        376 bytes,       3328 total
- age   8:        216 bytes,       3544 total
: 87428K->8K(109248K), 0.0179190 secs] 100307K->12887K(502464K), 0.0184110 secs] [Times: user=0.01 sys=0.00, real=0.02 secs] 
Heap after GC invocations=1026 (full 1):
 par new generation   total 109248K, used 8K [0x8ac00000, 0x92c00000, 0x92c00000)
  eden space 87424K,   0% used [0x8ac00000, 0x8ac00000, 0x90160000)
  from space 21824K,   0% used [0x916b0000, 0x916b2000, 0x92c00000)
  to   space 21824K,   0% used [0x90160000, 0x90160000, 0x916b0000)
 concurrent mark-sweep generation total 393216K, used 12879K [0x92c00000, 0xaac00000, 0xaac00000)
 concurrent-mark-sweep perm gen total 35404K, used 22530K [0xaac00000, 0xace93000, 0xb2c00000)
}
2015-02-20T16:13:21.103-0600: 3129.558: Total time for which application threads were stopped: 0.0246350 seconds
{Heap before GC invocations=1026 (full 1):
 par new generation   total 109248K, used 87432K [0x8ac00000, 0x92c00000, 0x92c00000)
  eden space 87424K, 100% used [0x8ac00000, 0x90160000, 0x90160000)
  from space 21824K,   0% used [0x916b0000, 0x916b2000, 0x92c00000)
  to   space 21824K,   0% used [0x90160000, 0x90160000, 0x916b0000)
 concurrent mark-sweep generation total 393216K, used 12879K [0x92c00000, 0xaac00000, 0xaac00000)
 concurrent-mark-sweep perm gen total 35404K, used 22530K [0xaac00000, 0xace93000, 0xb2c00000)
2015-02-20T16:13:22.833-0600: 3131.288: [GC2015-02-20T16:13:22.833-0600: 3131.288: [ParNew
Desired survivor size 20112996 bytes, new threshold 8 (max 8)
- age   1:        928 bytes,        928 total
- age   2:        424 bytes,       1352 total
- age   3:        216 bytes,       1568 total
- age   4:        384 bytes,       1952 total
- age   5:        376 bytes,       2328 total
- age   6:        496 bytes,       2824 total
- age   7:        176 bytes,       3000 total
- age   8:        376 bytes,       3376 total
: 87432K->8K(109248K), 0.0093370 secs] 100311K->12887K(502464K), 0.0095410 secs] [Times: user=0.01 sys=0.00, real=0.01 secs] 
Heap after GC invocations=1027 (full 1):
 par new generation   total 109248K, used 8K [0x8ac00000, 0x92c00000, 0x92c00000)
  eden space 87424K,   0% used [0x8ac00000, 0x8ac00000, 0x90160000)
  from space 21824K,   0% used [0x90160000, 0x90162000, 0x916b0000)
  to   space 21824K,   0% used [0x916b0000, 0x916b0000, 0x92c00000)
 concurrent mark-sweep generation total 393216K, used 12879K [0x92c00000, 0xaac00000, 0xaac00000)
 concurrent-mark-sweep perm gen total 35404K, used 22530K [0xaac00000, 0xace93000, 0xb2c00000)
}
2015-02-20T16:13:22.842-0600: 3131.297: Total time for which application threads were stopped: 0.0123650 seconds
{Heap before GC invocations=1027 (full 1):
 par new generation   total 109248K, used 87432K [0x8ac00000, 0x92c00000, 0x92c00000)
  eden space 87424K, 100% used [0x8ac00000, 0x90160000, 0x90160000)
  from space 21824K,   0% used [0x90160000, 0x90162000, 0x916b0000)
  to   space 21824K,   0% used [0x916b0000, 0x916b0000, 0x92c00000)
 concurrent mark-sweep generation total 393216K, used 12879K [0x92c00000, 0xaac00000, 0xaac00000)
 concurrent-mark-sweep perm gen total 35404K, used 22530K [0xaac00000, 0xace93000, 0xb2c00000)
2015-02-20T16:13:24.293-0600: 3132.748: [GC2015-02-20T16:13:24.293-0600: 3132.748: [ParNew
Desired survivor size 20112996 bytes, new threshold 8 (max 8)
- age   1:        856 bytes,        856 total
- age   2:        176 bytes,       1032 total
- age   3:        400 bytes,       1432 total
- age   4:        216 bytes,       1648 total
- age   5:        384 bytes,       2032 total
- age   6:        376 bytes,       2408 total
- age   7:        496 bytes,       2904 total
- age   8:        176 bytes,       3080 total
: 87432K->8K(109248K), 0.0385900 secs] 100311K->12888K(502464K), 0.0390900 secs] [Times: user=0.04 sys=0.00, real=0.04 secs] 
Heap after GC invocations=1028 (full 1):
 par new generation   total 109248K, used 8K [0x8ac00000, 0x92c00000, 0x92c00000)
  eden space 87424K,   0% used [0x8ac00000, 0x8ac00000, 0x90160000)
  from space 21824K,   0% used [0x916b0000, 0x916b2000, 0x92c00000)
  to   space 21824K,   0% used [0x90160000, 0x90160000, 0x916b0000)
 concurrent mark-sweep generation total 393216K, used 12880K [0x92c00000, 0xaac00000, 0xaac00000)
 concurrent-mark-sweep perm gen total 35404K, used 22530K [0xaac00000, 0xace93000, 0xb2c00000)
}
2015-02-20T16:13:24.332-0600: 3132.787: Total time for which application threads were stopped: 0.0433230 seconds
{Heap before GC invocations=1028 (full 1):
 par new generation   total 109248K, used 87432K [0x8ac00000, 0x92c00000, 0x92c00000)
  eden space 87424K, 100% used [0x8ac00000, 0x90160000, 0x90160000)
  from space 21824K,   0% used [0x916b0000, 0x916b2000, 0x92c00000)
  to   space 21824K,   0% used [0x90160000, 0x90160000, 0x916b0000)
 concurrent mark-sweep generation total 393216K, used 12880K [0x92c00000, 0xaac00000, 0xaac00000)
 concurrent-mark-sweep perm gen total 35404K, used 22530K [0xaac00000, 0xace93000, 0xb2c00000)
2015-02-20T16:13:25.915-0600: 3134.370: [GC2015-02-20T16:13:25.915-0600: 3134.370: [ParNew
Desired survivor size 20112996 bytes, new threshold 8 (max 8)
- age   1:       1192 bytes,       1192 total
- age   2:        376 bytes,       1568 total
- age   3:        176 bytes,       1744 total
- age   4:        400 bytes,       2144 total
- age   5:        216 bytes,       2360 total
- age   6:        384 bytes,       2744 total
- age   7:        376 bytes,       3120 total
- age   8:        496 bytes,       3616 total
: 87432K->8K(109248K), 0.0153310 secs] 100312K->12888K(502464K), 0.0157250 secs] [Times: user=0.01 sys=0.00, real=0.02 secs] 
Heap after GC invocations=1029 (full 1):
 par new generation   total 109248K, used 8K [0x8ac00000, 0x92c00000, 0x92c00000)
  eden space 87424K,   0% used [0x8ac00000, 0x8ac00000, 0x90160000)
  from space 21824K,   0% used [0x90160000, 0x90162000, 0x916b0000)
  to   space 21824K,   0% used [0x916b0000, 0x916b0000, 0x92c00000)
 concurrent mark-sweep generation total 393216K, used 12880K [0x92c00000, 0xaac00000, 0xaac00000)
 concurrent-mark-sweep perm gen total 35404K, used 22530K [0xaac00000, 0xace93000, 0xb2c00000)
}
2015-02-20T16:13:25.930-0600: 3134.385: Total time for which application threads were stopped: 0.0226110 seconds
{Heap before GC invocations=1029 (full 1):
 par new generation   total 109248K, used 87432K [0x8ac00000, 0x92c00000, 0x92c00000)
  eden space 87424K, 100% used [0x8ac00000, 0x90160000, 0x90160000)
  from space 21824K,   0% used [0x90160000, 0x90162000, 0x916b0000)
  to   space 21824K,   0% used [0x916b0000, 0x916b0000, 0x92c00000)
 concurrent mark-sweep generation total 393216K, used 12880K [0x92c00000, 0xaac00000, 0xaac00000)
 concurrent-mark-sweep perm gen total 35404K, used 22530K [0xaac00000, 0xace93000, 0xb2c00000)
2015-02-20T16:13:27.315-0600: 3135.770: [GC2015-02-20T16:13:27.315-0600: 3135.770: [ParNew
Desired survivor size 20112996 bytes, new threshold 8 (max 8)
- age   1:        680 bytes,        680 total
- age   2:        488 bytes,       1168 total
- age   3:        376 bytes,       1544 total
- age   4:        176 bytes,       1720 total
- age   5:        400 bytes,       2120 total
- age   6:        216 bytes,       2336 total
- age   7:        384 bytes,       2720 total
- age   8:        376 bytes,       3096 total
: 87432K->10K(109248K), 0.0178310 secs] 100312K->12890K(502464K), 0.0180330 secs] [Times: user=0.02 sys=0.00, real=0.02 secs] 
Heap after GC invocations=1030 (full 1):
 par new generation   total 109248K, used 10K [0x8ac00000, 0x92c00000, 0x92c00000)
  eden space 87424K,   0% used [0x8ac00000, 0x8ac00000, 0x90160000)
  from space 21824K,   0% used [0x916b0000, 0x916b2800, 0x92c00000)
  to   space 21824K,   0% used [0x90160000, 0x90160000, 0x916b0000)
 concurrent mark-sweep generation total 393216K, used 12880K [0x92c00000, 0xaac00000, 0xaac00000)
 concurrent-mark-sweep perm gen total 35404K, used 22530K [0xaac00000, 0xace93000, 0xb2c00000)
}
2015-02-20T16:13:27.333-0600: 3135.788: Total time for which application threads were stopped: 0.0267870 seconds
{Heap before GC invocations=1030 (full 1):
 par new generation   total 109248K, used 87434K [0x8ac00000, 0x92c00000, 0x92c00000)
  eden space 87424K, 100% used [0x8ac00000, 0x90160000, 0x90160000)
  from space 21824K,   0% used [0x916b0000, 0x916b2800, 0x92c00000)
  to   space 21824K,   0% used [0x90160000, 0x90160000, 0x916b0000)
 concurrent mark-sweep generation total 393216K, used 12880K [0x92c00000, 0xaac00000, 0xaac00000)
 concurrent-mark-sweep perm gen total 35404K, used 22530K [0xaac00000, 0xace93000, 0xb2c00000)
2015-02-20T16:13:28.898-0600: 3137.353: [GC2015-02-20T16:13:28.898-0600: 3137.353: [ParNew
Desired survivor size 20112996 bytes, new threshold 8 (max 8)
- age   1:        992 bytes,        992 total
- age   2:        240 bytes,       1232 total
- age   3:        360 bytes,       1592 total
- age   4:        376 bytes,       1968 total
- age   5:        176 bytes,       2144 total
- age   6:        400 bytes,       2544 total
- age   7:        216 bytes,       2760 total
- age   8:        384 bytes,       3144 total
: 87434K->4K(109248K), 0.0409100 secs] 100314K->12885K(502464K), 0.0411240 secs] [Times: user=0.04 sys=0.00, real=0.04 secs] 
Heap after GC invocations=1031 (full 1):
 par new generation   total 109248K, used 4K [0x8ac00000, 0x92c00000, 0x92c00000)
  eden space 87424K,   0% used [0x8ac00000, 0x8ac00000, 0x90160000)
  from space 21824K,   0% used [0x90160000, 0x90161000, 0x916b0000)
  to   space 21824K,   0% used [0x916b0000, 0x916b0000, 0x92c00000)
 concurrent mark-sweep generation total 393216K, used 12881K [0x92c00000, 0xaac00000, 0xaac00000)
 concurrent-mark-sweep perm gen total 35404K, used 22530K [0xaac00000, 0xace93000, 0xb2c00000)
}
2015-02-20T16:13:28.940-0600: 3137.395: Total time for which application threads were stopped: 0.0457730 seconds
{Heap before GC invocations=1031 (full 1):
 par new generation   total 109248K, used 87428K [0x8ac00000, 0x92c00000, 0x92c00000)
  eden space 87424K, 100% used [0x8ac00000, 0x90160000, 0x90160000)
  from space 21824K,   0% used [0x90160000, 0x90161000, 0x916b0000)
  to   space 21824K,   0% used [0x916b0000, 0x916b0000, 0x92c00000)
 concurrent mark-sweep generation total 393216K, used 12881K [0x92c00000, 0xaac00000, 0xaac00000)
 concurrent-mark-sweep perm gen total 35404K, used 22530K [0xaac00000, 0xace93000, 0xb2c00000)
2015-02-20T16:13:30.643-0600: 3139.098: [GC2015-02-20T16:13:30.643-0600: 3139.098: [ParNew
Desired survivor size 20112996 bytes, new threshold 8 (max 8)
- age   1:       1304 bytes,       1304 total
- age   2:        360 bytes,       1664 total
- age   3:        216 bytes,       1880 total
- age   4:        360 bytes,       2240 total
- age   5:        376 bytes,       2616 total
- age   6:        176 bytes,       2792 total
- age   7:        400 bytes,       3192 total
- age   8:        216 bytes,       3408 total
: 87428K->10K(109248K), 0.0059630 secs] 100309K->12891K(502464K), 0.0061950 secs] [Times: user=0.01 sys=0.00, real=0.01 secs] 
Heap after GC invocations=1032 (full 1):
 par new generation   total 109248K, used 10K [0x8ac00000, 0x92c00000, 0x92c00000)
  eden space 87424K,   0% used [0x8ac00000, 0x8ac00000, 0x90160000)
  from space 21824K,   0% used [0x916b0000, 0x916b2800, 0x92c00000)
  to   space 21824K,   0% used [0x90160000, 0x90160000, 0x916b0000)
 concurrent mark-sweep generation total 393216K, used 12881K [0x92c00000, 0xaac00000, 0xaac00000)
 concurrent-mark-sweep perm gen total 35404K, used 22530K [0xaac00000, 0xace93000, 0xb2c00000)
}
2015-02-20T16:13:30.649-0600: 3139.104: Total time for which application threads were stopped: 0.0090120 seconds
{Heap before GC invocations=1032 (full 1):
 par new generation   total 109248K, used 87434K [0x8ac00000, 0x92c00000, 0x92c00000)
  eden space 87424K, 100% used [0x8ac00000, 0x90160000, 0x90160000)
  from space 21824K,   0% used [0x916b0000, 0x916b2800, 0x92c00000)
  to   space 21824K,   0% used [0x90160000, 0x90160000, 0x916b0000)
 concurrent mark-sweep generation total 393216K, used 12881K [0x92c00000, 0xaac00000, 0xaac00000)
 concurrent-mark-sweep perm gen total 35404K, used 22530K [0xaac00000, 0xace93000, 0xb2c00000)
2015-02-20T16:13:32.258-0600: 3140.713: [GC2015-02-20T16:13:32.258-0600: 3140.713: [ParNew
Desired survivor size 20112996 bytes, new threshold 8 (max 8)
- age   1:       1120 bytes,       1120 total
- age   2:        376 bytes,       1496 total
- age   3:        360 bytes,       1856 total
- age   4:        216 bytes,       2072 total
- age   5:        360 bytes,       2432 total
- age   6:        376 bytes,       2808 total
- age   7:        176 bytes,       2984 total
- age   8:        400 bytes,       3384 total
: 87434K->6K(109248K), 0.0090870 secs] 100315K->12887K(502464K), 0.0093230 secs] [Times: user=0.02 sys=0.00, real=0.00 secs] 
Heap after GC invocations=1033 (full 1):
 par new generation   total 109248K, used 6K [0x8ac00000, 0x92c00000, 0x92c00000)
  eden space 87424K,   0% used [0x8ac00000, 0x8ac00000, 0x90160000)
  from space 21824K,   0% used [0x90160000, 0x90161800, 0x916b0000)
  to   space 21824K,   0% used [0x916b0000, 0x916b0000, 0x92c00000)
 concurrent mark-sweep generation total 393216K, used 12881K [0x92c00000, 0xaac00000, 0xaac00000)
 concurrent-mark-sweep perm gen total 35404K, used 22530K [0xaac00000, 0xace93000, 0xb2c00000)
}
2015-02-20T16:13:32.267-0600: 3140.722: Total time for which application threads were stopped: 0.0121690 seconds
{Heap before GC invocations=1033 (full 1):
 par new generation   total 109248K, used 87430K [0x8ac00000, 0x92c00000, 0x92c00000)
  eden space 87424K, 100% used [0x8ac00000, 0x90160000, 0x90160000)
  from space 21824K,   0% used [0x90160000, 0x90161800, 0x916b0000)
  to   space 21824K,   0% used [0x916b0000, 0x916b0000, 0x92c00000)
 concurrent mark-sweep generation total 393216K, used 12881K [0x92c00000, 0xaac00000, 0xaac00000)
 concurrent-mark-sweep perm gen total 35404K, used 22530K [0xaac00000, 0xace93000, 0xb2c00000)
2015-02-20T16:13:33.997-0600: 3142.452: [GC2015-02-20T16:13:33.997-0600: 3142.452: [ParNew
Desired survivor size 20112996 bytes, new threshold 8 (max 8)
- age   1:       1208 bytes,       1208 total
- age   2:        376 bytes,       1584 total
- age   3:        376 bytes,       1960 total
- age   4:        360 bytes,       2320 total
- age   5:        216 bytes,       2536 total
- age   6:        360 bytes,       2896 total
- age   7:        376 bytes,       3272 total
- age   8:        176 bytes,       3448 total
: 87430K->8K(109248K), 0.0066600 secs] 100311K->12890K(502464K), 0.0068540 secs] [Times: user=0.01 sys=0.00, real=0.01 secs] 
Heap after GC invocations=1034 (full 1):
 par new generation   total 109248K, used 8K [0x8ac00000, 0x92c00000, 0x92c00000)
  eden space 87424K,   0% used [0x8ac00000, 0x8ac00000, 0x90160000)
  from space 21824K,   0% used [0x916b0000, 0x916b2000, 0x92c00000)
  to   space 21824K,   0% used [0x90160000, 0x90160000, 0x916b0000)
 concurrent mark-sweep generation total 393216K, used 12882K [0x92c00000, 0xaac00000, 0xaac00000)
 concurrent-mark-sweep perm gen total 35404K, used 22530K [0xaac00000, 0xace93000, 0xb2c00000)
}
2015-02-20T16:13:34.004-0600: 3142.459: Total time for which application threads were stopped: 0.0095770 seconds
{Heap before GC invocations=1034 (full 1):
 par new generation   total 109248K, used 87432K [0x8ac00000, 0x92c00000, 0x92c00000)
  eden space 87424K, 100% used [0x8ac00000, 0x90160000, 0x90160000)
  from space 21824K,   0% used [0x916b0000, 0x916b2000, 0x92c00000)
  to   space 21824K,   0% used [0x90160000, 0x90160000, 0x916b0000)
 concurrent mark-sweep generation total 393216K, used 12882K [0x92c00000, 0xaac00000, 0xaac00000)
 concurrent-mark-sweep perm gen total 35404K, used 22530K [0xaac00000, 0xace93000, 0xb2c00000)
2015-02-20T16:13:35.663-0600: 3144.118: [GC2015-02-20T16:13:35.663-0600: 3144.118: [ParNew
Desired survivor size 20112996 bytes, new threshold 8 (max 8)
- age   1:       1048 bytes,       1048 total
- age   2:        552 bytes,       1600 total
- age   3:        376 bytes,       1976 total
- age   4:        376 bytes,       2352 total
- age   5:        360 bytes,       2712 total
- age   6:        216 bytes,       2928 total
- age   7:        360 bytes,       3288 total
- age   8:        376 bytes,       3664 total
: 87432K->8K(109248K), 0.0067340 secs] 100314K->12890K(502464K), 0.0069750 secs] [Times: user=0.01 sys=0.00, real=0.01 secs] 
Heap after GC invocations=1035 (full 1):
 par new generation   total 109248K, used 8K [0x8ac00000, 0x92c00000, 0x92c00000)
  eden space 87424K,   0% used [0x8ac00000, 0x8ac00000, 0x90160000)
  from space 21824K,   0% used [0x90160000, 0x90162000, 0x916b0000)
  to   space 21824K,   0% used [0x916b0000, 0x916b0000, 0x92c00000)
 concurrent mark-sweep generation total 393216K, used 12882K [0x92c00000, 0xaac00000, 0xaac00000)
 concurrent-mark-sweep perm gen total 35404K, used 22530K [0xaac00000, 0xace93000, 0xb2c00000)
}
2015-02-20T16:13:35.670-0600: 3144.125: Total time for which application threads were stopped: 0.0097160 seconds
{Heap before GC invocations=1035 (full 1):
 par new generation   total 109248K, used 87432K [0x8ac00000, 0x92c00000, 0x92c00000)
  eden space 87424K, 100% used [0x8ac00000, 0x90160000, 0x90160000)
  from space 21824K,   0% used [0x90160000, 0x90162000, 0x916b0000)
  to   space 21824K,   0% used [0x916b0000, 0x916b0000, 0x92c00000)
 concurrent mark-sweep generation total 393216K, used 12882K [0x92c00000, 0xaac00000, 0xaac00000)
 concurrent-mark-sweep perm gen total 35404K, used 22530K [0xaac00000, 0xace93000, 0xb2c00000)
2015-02-20T16:13:37.290-0600: 3145.745: [GC2015-02-20T16:13:37.290-0600: 3145.745: [ParNew
Desired survivor size 20112996 bytes, new threshold 8 (max 8)
- age   1:       1016 bytes,       1016 total
- age   2:        504 bytes,       1520 total
- age   3:        552 bytes,       2072 total
- age   4:        376 bytes,       2448 total
- age   5:        376 bytes,       2824 total
- age   6:        360 bytes,       3184 total
- age   7:        216 bytes,       3400 total
- age   8:        360 bytes,       3760 total
: 87432K->4K(109248K), 0.0096340 secs] 100314K->12886K(502464K), 0.0100730 secs] [Times: user=0.01 sys=0.01, real=0.01 secs] 
Heap after GC invocations=1036 (full 1):
 par new generation   total 109248K, used 4K [0x8ac00000, 0x92c00000, 0x92c00000)
  eden space 87424K,   0% used [0x8ac00000, 0x8ac00000, 0x90160000)
  from space 21824K,   0% used [0x916b0000, 0x916b1000, 0x92c00000)
  to   space 21824K,   0% used [0x90160000, 0x90160000, 0x916b0000)
 concurrent mark-sweep generation total 393216K, used 12882K [0x92c00000, 0xaac00000, 0xaac00000)
 concurrent-mark-sweep perm gen total 35404K, used 22530K [0xaac00000, 0xace93000, 0xb2c00000)
}
2015-02-20T16:13:37.300-0600: 3145.755: Total time for which application threads were stopped: 0.0132320 seconds
{Heap before GC invocations=1036 (full 1):
 par new generation   total 109248K, used 87428K [0x8ac00000, 0x92c00000, 0x92c00000)
  eden space 87424K, 100% used [0x8ac00000, 0x90160000, 0x90160000)
  from space 21824K,   0% used [0x916b0000, 0x916b1000, 0x92c00000)
  to   space 21824K,   0% used [0x90160000, 0x90160000, 0x916b0000)
 concurrent mark-sweep generation total 393216K, used 12882K [0x92c00000, 0xaac00000, 0xaac00000)
 concurrent-mark-sweep perm gen total 35404K, used 22530K [0xaac00000, 0xace93000, 0xb2c00000)
2015-02-20T16:13:38.956-0600: 3147.411: [GC2015-02-20T16:13:38.956-0600: 3147.411: [ParNew
Desired survivor size 20112996 bytes, new threshold 8 (max 8)
- age   1:       1080 bytes,       1080 total
- age   2:        240 bytes,       1320 total
- age   3:        376 bytes,       1696 total
- age   4:        552 bytes,       2248 total
- age   5:        376 bytes,       2624 total
- age   6:        376 bytes,       3000 total
- age   7:        360 bytes,       3360 total
- age   8:        216 bytes,       3576 total
: 87428K->8K(109248K), 0.0057940 secs] 100310K->12891K(502464K), 0.0060340 secs] [Times: user=0.00 sys=0.01, real=0.01 secs] 
Heap after GC invocations=1037 (full 1):
 par new generation   total 109248K, used 8K [0x8ac00000, 0x92c00000, 0x92c00000)
  eden space 87424K,   0% used [0x8ac00000, 0x8ac00000, 0x90160000)
  from space 21824K,   0% used [0x90160000, 0x90162000, 0x916b0000)
  to   space 21824K,   0% used [0x916b0000, 0x916b0000, 0x92c00000)
 concurrent mark-sweep generation total 393216K, used 12883K [0x92c00000, 0xaac00000, 0xaac00000)
 concurrent-mark-sweep perm gen total 35404K, used 22530K [0xaac00000, 0xace93000, 0xb2c00000)
}
2015-02-20T16:13:38.962-0600: 3147.417: Total time for which application threads were stopped: 0.0089330 seconds
{Heap before GC invocations=1037 (full 1):
 par new generation   total 109248K, used 87432K [0x8ac00000, 0x92c00000, 0x92c00000)
  eden space 87424K, 100% used [0x8ac00000, 0x90160000, 0x90160000)
  from space 21824K,   0% used [0x90160000, 0x90162000, 0x916b0000)
  to   space 21824K,   0% used [0x916b0000, 0x916b0000, 0x92c00000)
 concurrent mark-sweep generation total 393216K, used 12883K [0x92c00000, 0xaac00000, 0xaac00000)
 concurrent-mark-sweep perm gen total 35404K, used 22530K [0xaac00000, 0xace93000, 0xb2c00000)
2015-02-20T16:13:40.543-0600: 3148.999: [GC2015-02-20T16:13:40.544-0600: 3148.999: [ParNew
Desired survivor size 20112996 bytes, new threshold 8 (max 8)
- age   1:       1128 bytes,       1128 total
- age   2:        176 bytes,       1304 total
- age   3:        216 bytes,       1520 total
- age   4:        376 bytes,       1896 total
- age   5:        552 bytes,       2448 total
- age   6:        376 bytes,       2824 total
- age   7:        376 bytes,       3200 total
- age   8:        360 bytes,       3560 total
: 87432K->8K(109248K), 0.0083750 secs] 100315K->12891K(502464K), 0.0085830 secs] [Times: user=0.02 sys=0.00, real=0.01 secs] 
Heap after GC invocations=1038 (full 1):
 par new generation   total 109248K, used 8K [0x8ac00000, 0x92c00000, 0x92c00000)
  eden space 87424K,   0% used [0x8ac00000, 0x8ac00000, 0x90160000)
  from space 21824K,   0% used [0x916b0000, 0x916b2000, 0x92c00000)
  to   space 21824K,   0% used [0x90160000, 0x90160000, 0x916b0000)
 concurrent mark-sweep generation total 393216K, used 12883K [0x92c00000, 0xaac00000, 0xaac00000)
 concurrent-mark-sweep perm gen total 35404K, used 22530K [0xaac00000, 0xace93000, 0xb2c00000)
}
2015-02-20T16:13:40.552-0600: 3149.007: Total time for which application threads were stopped: 0.0115090 seconds
{Heap before GC invocations=1038 (full 1):
 par new generation   total 109248K, used 87432K [0x8ac00000, 0x92c00000, 0x92c00000)
  eden space 87424K, 100% used [0x8ac00000, 0x90160000, 0x90160000)
  from space 21824K,   0% used [0x916b0000, 0x916b2000, 0x92c00000)
  to   space 21824K,   0% used [0x90160000, 0x90160000, 0x916b0000)
 concurrent mark-sweep generation total 393216K, used 12883K [0x92c00000, 0xaac00000, 0xaac00000)
 concurrent-mark-sweep perm gen total 35404K, used 22530K [0xaac00000, 0xace93000, 0xb2c00000)
2015-02-20T16:13:42.437-0600: 3150.892: [GC2015-02-20T16:13:42.437-0600: 3150.892: [ParNew
Desired survivor size 20112996 bytes, new threshold 8 (max 8)
- age   1:       1072 bytes,       1072 total
- age   2:        448 bytes,       1520 total
- age   3:        176 bytes,       1696 total
- age   4:        216 bytes,       1912 total
- age   5:        376 bytes,       2288 total
- age   6:        552 bytes,       2840 total
- age   7:        376 bytes,       3216 total
- age   8:        376 bytes,       3592 total
: 87432K->6K(109248K), 0.0474140 secs] 100315K->12889K(502464K), 0.0477080 secs] [Times: user=0.05 sys=0.00, real=0.05 secs] 
Heap after GC invocations=1039 (full 1):
 par new generation   total 109248K, used 6K [0x8ac00000, 0x92c00000, 0x92c00000)
  eden space 87424K,   0% used [0x8ac00000, 0x8ac00000, 0x90160000)
  from space 21824K,   0% used [0x90160000, 0x90161800, 0x916b0000)
  to   space 21824K,   0% used [0x916b0000, 0x916b0000, 0x92c00000)
 concurrent mark-sweep generation total 393216K, used 12883K [0x92c00000, 0xaac00000, 0xaac00000)
 concurrent-mark-sweep perm gen total 35404K, used 22530K [0xaac00000, 0xace93000, 0xb2c00000)
}
2015-02-20T16:13:42.485-0600: 3150.940: Total time for which application threads were stopped: 0.0518600 seconds
{Heap before GC invocations=1039 (full 1):
 par new generation   total 109248K, used 87430K [0x8ac00000, 0x92c00000, 0x92c00000)
  eden space 87424K, 100% used [0x8ac00000, 0x90160000, 0x90160000)
  from space 21824K,   0% used [0x90160000, 0x90161800, 0x916b0000)
  to   space 21824K,   0% used [0x916b0000, 0x916b0000, 0x92c00000)
 concurrent mark-sweep generation total 393216K, used 12883K [0x92c00000, 0xaac00000, 0xaac00000)
 concurrent-mark-sweep perm gen total 35404K, used 22530K [0xaac00000, 0xace93000, 0xb2c00000)
2015-02-20T16:13:43.969-0600: 3152.424: [GC2015-02-20T16:13:43.969-0600: 3152.424: [ParNew
Desired survivor size 20112996 bytes, new threshold 8 (max 8)
- age   1:        816 bytes,        816 total
- age   2:        400 bytes,       1216 total
- age   3:        448 bytes,       1664 total
- age   4:        176 bytes,       1840 total
- age   5:        216 bytes,       2056 total
- age   6:        376 bytes,       2432 total
- age   7:        552 bytes,       2984 total
- age   8:        376 bytes,       3360 total
: 87430K->6K(109248K), 0.0072760 secs] 100313K->12890K(502464K), 0.0074640 secs] [Times: user=0.01 sys=0.00, real=0.00 secs] 
Heap after GC invocations=1040 (full 1):
 par new generation   total 109248K, used 6K [0x8ac00000, 0x92c00000, 0x92c00000)
  eden space 87424K,   0% used [0x8ac00000, 0x8ac00000, 0x90160000)
  from space 21824K,   0% used [0x916b0000, 0x916b1800, 0x92c00000)
  to   space 21824K,   0% used [0x90160000, 0x90160000, 0x916b0000)
 concurrent mark-sweep generation total 393216K, used 12884K [0x92c00000, 0xaac00000, 0xaac00000)
 concurrent-mark-sweep perm gen total 35404K, used 22530K [0xaac00000, 0xace93000, 0xb2c00000)
}
2015-02-20T16:13:43.977-0600: 3152.432: Total time for which application threads were stopped: 0.0104870 seconds
{Heap before GC invocations=1040 (full 1):
 par new generation   total 109248K, used 87430K [0x8ac00000, 0x92c00000, 0x92c00000)
  eden space 87424K, 100% used [0x8ac00000, 0x90160000, 0x90160000)
  from space 21824K,   0% used [0x916b0000, 0x916b1800, 0x92c00000)
  to   space 21824K,   0% used [0x90160000, 0x90160000, 0x916b0000)
 concurrent mark-sweep generation total 393216K, used 12884K [0x92c00000, 0xaac00000, 0xaac00000)
 concurrent-mark-sweep perm gen total 35404K, used 22530K [0xaac00000, 0xace93000, 0xb2c00000)
2015-02-20T16:13:45.408-0600: 3153.863: [GC2015-02-20T16:13:45.408-0600: 3153.863: [ParNew
Desired survivor size 20112996 bytes, new threshold 8 (max 8)
- age   1:        864 bytes,        864 total
- age   2:        488 bytes,       1352 total
- age   3:        400 bytes,       1752 total
- age   4:        448 bytes,       2200 total
- age   5:        176 bytes,       2376 total
- age   6:        216 bytes,       2592 total
- age   7:        376 bytes,       2968 total
- age   8:        552 bytes,       3520 total
: 87430K->4K(109248K), 0.0111780 secs] 100314K->12888K(502464K), 0.0113550 secs] [Times: user=0.02 sys=0.00, real=0.01 secs] 
Heap after GC invocations=1041 (full 1):
 par new generation   total 109248K, used 4K [0x8ac00000, 0x92c00000, 0x92c00000)
  eden space 87424K,   0% used [0x8ac00000, 0x8ac00000, 0x90160000)
  from space 21824K,   0% used [0x90160000, 0x90161000, 0x916b0000)
  to   space 21824K,   0% used [0x916b0000, 0x916b0000, 0x92c00000)
 concurrent mark-sweep generation total 393216K, used 12884K [0x92c00000, 0xaac00000, 0xaac00000)
 concurrent-mark-sweep perm gen total 35404K, used 22530K [0xaac00000, 0xace93000, 0xb2c00000)
}
2015-02-20T16:13:45.420-0600: 3153.875: Total time for which application threads were stopped: 0.0142860 seconds
{Heap before GC invocations=1041 (full 1):
 par new generation   total 109248K, used 87428K [0x8ac00000, 0x92c00000, 0x92c00000)
  eden space 87424K, 100% used [0x8ac00000, 0x90160000, 0x90160000)
  from space 21824K,   0% used [0x90160000, 0x90161000, 0x916b0000)
  to   space 21824K,   0% used [0x916b0000, 0x916b0000, 0x92c00000)
 concurrent mark-sweep generation total 393216K, used 12884K [0x92c00000, 0xaac00000, 0xaac00000)
 concurrent-mark-sweep perm gen total 35404K, used 22530K [0xaac00000, 0xace93000, 0xb2c00000)
2015-02-20T16:13:46.781-0600: 3155.236: [GC2015-02-20T16:13:46.781-0600: 3155.236: [ParNew
Desired survivor size 20112996 bytes, new threshold 8 (max 8)
- age   1:        928 bytes,        928 total
- age   2:        240 bytes,       1168 total
- age   3:        360 bytes,       1528 total
- age   4:        400 bytes,       1928 total
- age   5:        448 bytes,       2376 total
- age   6:        176 bytes,       2552 total
- age   7:        216 bytes,       2768 total
- age   8:        376 bytes,       3144 total
: 87428K->8K(109248K), 0.0061820 secs] 100312K->12892K(502464K), 0.0064770 secs] [Times: user=0.01 sys=0.00, real=0.00 secs] 
Heap after GC invocations=1042 (full 1):
 par new generation   total 109248K, used 8K [0x8ac00000, 0x92c00000, 0x92c00000)
  eden space 87424K,   0% used [0x8ac00000, 0x8ac00000, 0x90160000)
  from space 21824K,   0% used [0x916b0000, 0x916b2000, 0x92c00000)
  to   space 21824K,   0% used [0x90160000, 0x90160000, 0x916b0000)
 concurrent mark-sweep generation total 393216K, used 12884K [0x92c00000, 0xaac00000, 0xaac00000)
 concurrent-mark-sweep perm gen total 35404K, used 22530K [0xaac00000, 0xace93000, 0xb2c00000)
}
2015-02-20T16:13:46.787-0600: 3155.242: Total time for which application threads were stopped: 0.0092500 seconds
{Heap before GC invocations=1042 (full 1):
 par new generation   total 109248K, used 87432K [0x8ac00000, 0x92c00000, 0x92c00000)
  eden space 87424K, 100% used [0x8ac00000, 0x90160000, 0x90160000)
  from space 21824K,   0% used [0x916b0000, 0x916b2000, 0x92c00000)
  to   space 21824K,   0% used [0x90160000, 0x90160000, 0x916b0000)
 concurrent mark-sweep generation total 393216K, used 12884K [0x92c00000, 0xaac00000, 0xaac00000)
 concurrent-mark-sweep perm gen total 35404K, used 22530K [0xaac00000, 0xace93000, 0xb2c00000)
2015-02-20T16:13:48.203-0600: 3156.658: [GC2015-02-20T16:13:48.204-0600: 3156.659: [ParNew
Desired survivor size 20112996 bytes, new threshold 8 (max 8)
- age   1:       1200 bytes,       1200 total
- age   2:        176 bytes,       1376 total
- age   3:        216 bytes,       1592 total
- age   4:        360 bytes,       1952 total
- age   5:        400 bytes,       2352 total
- age   6:        448 bytes,       2800 total
- age   7:        176 bytes,       2976 total
- age   8:        216 bytes,       3192 total
: 87432K->10K(109248K), 0.0055970 secs] 100316K->12895K(502464K), 0.0057810 secs] [Times: user=0.01 sys=0.00, real=0.01 secs] 
Heap after GC invocations=1043 (full 1):
 par new generation   total 109248K, used 10K [0x8ac00000, 0x92c00000, 0x92c00000)
  eden space 87424K,   0% used [0x8ac00000, 0x8ac00000, 0x90160000)
  from space 21824K,   0% used [0x90160000, 0x90162800, 0x916b0000)
  to   space 21824K,   0% used [0x916b0000, 0x916b0000, 0x92c00000)
 concurrent mark-sweep generation total 393216K, used 12885K [0x92c00000, 0xaac00000, 0xaac00000)
 concurrent-mark-sweep perm gen total 35404K, used 22530K [0xaac00000, 0xace93000, 0xb2c00000)
}
2015-02-20T16:13:48.209-0600: 3156.664: Total time for which application threads were stopped: 0.0085860 seconds
{Heap before GC invocations=1043 (full 1):
 par new generation   total 109248K, used 87434K [0x8ac00000, 0x92c00000, 0x92c00000)
  eden space 87424K, 100% used [0x8ac00000, 0x90160000, 0x90160000)
  from space 21824K,   0% used [0x90160000, 0x90162800, 0x916b0000)
  to   space 21824K,   0% used [0x916b0000, 0x916b0000, 0x92c00000)
 concurrent mark-sweep generation total 393216K, used 12885K [0x92c00000, 0xaac00000, 0xaac00000)
 concurrent-mark-sweep perm gen total 35404K, used 22530K [0xaac00000, 0xace93000, 0xb2c00000)
2015-02-20T16:13:49.824-0600: 3158.279: [GC2015-02-20T16:13:49.824-0600: 3158.280: [ParNew
Desired survivor size 20112996 bytes, new threshold 8 (max 8)
- age   1:       1216 bytes,       1216 total
- age   2:        424 bytes,       1640 total
- age   3:        176 bytes,       1816 total
- age   4:        216 bytes,       2032 total
- age   5:        360 bytes,       2392 total
- age   6:        400 bytes,       2792 total
- age   7:        448 bytes,       3240 total
- age   8:        176 bytes,       3416 total
: 87434K->6K(109248K), 0.0096670 secs] 100319K->12891K(502464K), 0.0098750 secs] [Times: user=0.01 sys=0.00, real=0.01 secs] 
Heap after GC invocations=1044 (full 1):
 par new generation   total 109248K, used 6K [0x8ac00000, 0x92c00000, 0x92c00000)
  eden space 87424K,   0% used [0x8ac00000, 0x8ac00000, 0x90160000)
  from space 21824K,   0% used [0x916b0000, 0x916b1800, 0x92c00000)
  to   space 21824K,   0% used [0x90160000, 0x90160000, 0x916b0000)
 concurrent mark-sweep generation total 393216K, used 12885K [0x92c00000, 0xaac00000, 0xaac00000)
 concurrent-mark-sweep perm gen total 35404K, used 22530K [0xaac00000, 0xace93000, 0xb2c00000)
}
2015-02-20T16:13:49.834-0600: 3158.289: Total time for which application threads were stopped: 0.0126460 seconds
{Heap before GC invocations=1044 (full 1):
 par new generation   total 109248K, used 87430K [0x8ac00000, 0x92c00000, 0x92c00000)
  eden space 87424K, 100% used [0x8ac00000, 0x90160000, 0x90160000)
  from space 21824K,   0% used [0x916b0000, 0x916b1800, 0x92c00000)
  to   space 21824K,   0% used [0x90160000, 0x90160000, 0x916b0000)
 concurrent mark-sweep generation total 393216K, used 12885K [0x92c00000, 0xaac00000, 0xaac00000)
 concurrent-mark-sweep perm gen total 35404K, used 22530K [0xaac00000, 0xace93000, 0xb2c00000)
2015-02-20T16:13:51.906-0600: 3160.362: [GC2015-02-20T16:13:51.907-0600: 3160.362: [ParNew
Desired survivor size 20112996 bytes, new threshold 8 (max 8)
- age   1:       1256 bytes,       1256 total
- age   2:        384 bytes,       1640 total
- age   3:        424 bytes,       2064 total
- age   4:        176 bytes,       2240 total
- age   5:        216 bytes,       2456 total
- age   6:        360 bytes,       2816 total
- age   7:        400 bytes,       3216 total
- age   8:        448 bytes,       3664 total
: 87430K->8K(109248K), 0.0065440 secs] 100315K->12893K(502464K), 0.0067540 secs] [Times: user=0.01 sys=0.00, real=0.01 secs] 
Heap after GC invocations=1045 (full 1):
 par new generation   total 109248K, used 8K [0x8ac00000, 0x92c00000, 0x92c00000)
  eden space 87424K,   0% used [0x8ac00000, 0x8ac00000, 0x90160000)
  from space 21824K,   0% used [0x90160000, 0x90162000, 0x916b0000)
  to   space 21824K,   0% used [0x916b0000, 0x916b0000, 0x92c00000)
 concurrent mark-sweep generation total 393216K, used 12885K [0x92c00000, 0xaac00000, 0xaac00000)
 concurrent-mark-sweep perm gen total 35404K, used 22530K [0xaac00000, 0xace93000, 0xb2c00000)
}
2015-02-20T16:13:51.913-0600: 3160.368: Total time for which application threads were stopped: 0.0097950 seconds
{Heap before GC invocations=1045 (full 1):
 par new generation   total 109248K, used 87432K [0x8ac00000, 0x92c00000, 0x92c00000)
  eden space 87424K, 100% used [0x8ac00000, 0x90160000, 0x90160000)
  from space 21824K,   0% used [0x90160000, 0x90162000, 0x916b0000)
  to   space 21824K,   0% used [0x916b0000, 0x916b0000, 0x92c00000)
 concurrent mark-sweep generation total 393216K, used 12885K [0x92c00000, 0xaac00000, 0xaac00000)
 concurrent-mark-sweep perm gen total 35404K, used 22530K [0xaac00000, 0xace93000, 0xb2c00000)
2015-02-20T16:13:53.478-0600: 3161.933: [GC2015-02-20T16:13:53.478-0600: 3161.933: [ParNew
Desired survivor size 20112996 bytes, new threshold 8 (max 8)
- age   1:        864 bytes,        864 total
- age   2:        552 bytes,       1416 total
- age   3:        384 bytes,       1800 total
- age   4:        424 bytes,       2224 total
- age   5:        176 bytes,       2400 total
- age   6:        216 bytes,       2616 total
- age   7:        360 bytes,       2976 total
- age   8:        400 bytes,       3376 total
: 87432K->6K(109248K), 0.0059280 secs] 100317K->12892K(502464K), 0.0061740 secs] [Times: user=0.01 sys=0.00, real=0.00 secs] 
Heap after GC invocations=1046 (full 1):
 par new generation   total 109248K, used 6K [0x8ac00000, 0x92c00000, 0x92c00000)
  eden space 87424K,   0% used [0x8ac00000, 0x8ac00000, 0x90160000)
  from space 21824K,   0% used [0x916b0000, 0x916b1800, 0x92c00000)
  to   space 21824K,   0% used [0x90160000, 0x90160000, 0x916b0000)
 concurrent mark-sweep generation total 393216K, used 12886K [0x92c00000, 0xaac00000, 0xaac00000)
 concurrent-mark-sweep perm gen total 35404K, used 22530K [0xaac00000, 0xace93000, 0xb2c00000)
}
2015-02-20T16:13:53.484-0600: 3161.939: Total time for which application threads were stopped: 0.0090560 seconds
{Heap before GC invocations=1046 (full 1):
 par new generation   total 109248K, used 87430K [0x8ac00000, 0x92c00000, 0x92c00000)
  eden space 87424K, 100% used [0x8ac00000, 0x90160000, 0x90160000)
  from space 21824K,   0% used [0x916b0000, 0x916b1800, 0x92c00000)
  to   space 21824K,   0% used [0x90160000, 0x90160000, 0x916b0000)
 concurrent mark-sweep generation total 393216K, used 12886K [0x92c00000, 0xaac00000, 0xaac00000)
 concurrent-mark-sweep perm gen total 35404K, used 22530K [0xaac00000, 0xace93000, 0xb2c00000)
2015-02-20T16:13:54.958-0600: 3163.413: [GC2015-02-20T16:13:54.958-0600: 3163.413: [ParNew
Desired survivor size 20112996 bytes, new threshold 8 (max 8)
- age   1:        928 bytes,        928 total
- age   2:        240 bytes,       1168 total
- age   3:        424 bytes,       1592 total
- age   4:        384 bytes,       1976 total
- age   5:        424 bytes,       2400 total
- age   6:        176 bytes,       2576 total
- age   7:        216 bytes,       2792 total
- age   8:        360 bytes,       3152 total
: 87430K->4K(109248K), 0.0097590 secs] 100316K->12890K(502464K), 0.0099440 secs] [Times: user=0.01 sys=0.01, real=0.01 secs] 
Heap after GC invocations=1047 (full 1):
 par new generation   total 109248K, used 4K [0x8ac00000, 0x92c00000, 0x92c00000)
  eden space 87424K,   0% used [0x8ac00000, 0x8ac00000, 0x90160000)
  from space 21824K,   0% used [0x90160000, 0x90161000, 0x916b0000)
  to   space 21824K,   0% used [0x916b0000, 0x916b0000, 0x92c00000)
 concurrent mark-sweep generation total 393216K, used 12886K [0x92c00000, 0xaac00000, 0xaac00000)
 concurrent-mark-sweep perm gen total 35404K, used 22530K [0xaac00000, 0xace93000, 0xb2c00000)
}
2015-02-20T16:13:54.968-0600: 3163.423: Total time for which application threads were stopped: 0.0126580 seconds
{Heap before GC invocations=1047 (full 1):
 par new generation   total 109248K, used 87428K [0x8ac00000, 0x92c00000, 0x92c00000)
  eden space 87424K, 100% used [0x8ac00000, 0x90160000, 0x90160000)
  from space 21824K,   0% used [0x90160000, 0x90161000, 0x916b0000)
  to   space 21824K,   0% used [0x916b0000, 0x916b0000, 0x92c00000)
 concurrent mark-sweep generation total 393216K, used 12886K [0x92c00000, 0xaac00000, 0xaac00000)
 concurrent-mark-sweep perm gen total 35404K, used 22530K [0xaac00000, 0xace93000, 0xb2c00000)
2015-02-20T16:13:56.445-0600: 3164.900: [GC2015-02-20T16:13:56.445-0600: 3164.900: [ParNew
Desired survivor size 20112996 bytes, new threshold 8 (max 8)
- age   1:       1048 bytes,       1048 total
- age   2:        176 bytes,       1224 total
- age   3:        216 bytes,       1440 total
- age   4:        424 bytes,       1864 total
- age   5:        384 bytes,       2248 total
- age   6:        424 bytes,       2672 total
- age   7:        176 bytes,       2848 total
- age   8:        216 bytes,       3064 total
: 87428K->8K(109248K), 0.0162930 secs] 100314K->12894K(502464K), 0.0165240 secs] [Times: user=0.02 sys=0.00, real=0.02 secs] 
Heap after GC invocations=1048 (full 1):
 par new generation   total 109248K, used 8K [0x8ac00000, 0x92c00000, 0x92c00000)
  eden space 87424K,   0% used [0x8ac00000, 0x8ac00000, 0x90160000)
  from space 21824K,   0% used [0x916b0000, 0x916b2000, 0x92c00000)
  to   space 21824K,   0% used [0x90160000, 0x90160000, 0x916b0000)
 concurrent mark-sweep generation total 393216K, used 12886K [0x92c00000, 0xaac00000, 0xaac00000)
 concurrent-mark-sweep perm gen total 35404K, used 22530K [0xaac00000, 0xace93000, 0xb2c00000)
}
2015-02-20T16:13:56.462-0600: 3164.917: Total time for which application threads were stopped: 0.0195550 seconds
{Heap before GC invocations=1048 (full 1):
 par new generation   total 109248K, used 87432K [0x8ac00000, 0x92c00000, 0x92c00000)
  eden space 87424K, 100% used [0x8ac00000, 0x90160000, 0x90160000)
  from space 21824K,   0% used [0x916b0000, 0x916b2000, 0x92c00000)
  to   space 21824K,   0% used [0x90160000, 0x90160000, 0x916b0000)
 concurrent mark-sweep generation total 393216K, used 12886K [0x92c00000, 0xaac00000, 0xaac00000)
 concurrent-mark-sweep perm gen total 35404K, used 22530K [0xaac00000, 0xace93000, 0xb2c00000)
2015-02-20T16:13:58.177-0600: 3166.632: [GC2015-02-20T16:13:58.177-0600: 3166.633: [ParNew
Desired survivor size 20112996 bytes, new threshold 8 (max 8)
- age   1:       1240 bytes,       1240 total
- age   2:        448 bytes,       1688 total
- age   3:        176 bytes,       1864 total
- age   4:        216 bytes,       2080 total
- age   5:        424 bytes,       2504 total
- age   6:        384 bytes,       2888 total
- age   7:        424 bytes,       3312 total
- age   8:        176 bytes,       3488 total
: 87432K->6K(109248K), 0.0066030 secs] 100318K->12893K(502464K), 0.0069480 secs] [Times: user=0.02 sys=0.00, real=0.01 secs] 
Heap after GC invocations=1049 (full 1):
 par new generation   total 109248K, used 6K [0x8ac00000, 0x92c00000, 0x92c00000)
  eden space 87424K,   0% used [0x8ac00000, 0x8ac00000, 0x90160000)
  from space 21824K,   0% used [0x90160000, 0x90161800, 0x916b0000)
  to   space 21824K,   0% used [0x916b0000, 0x916b0000, 0x92c00000)
 concurrent mark-sweep generation total 393216K, used 12887K [0x92c00000, 0xaac00000, 0xaac00000)
 concurrent-mark-sweep perm gen total 35404K, used 22530K [0xaac00000, 0xace93000, 0xb2c00000)
}
2015-02-20T16:13:58.184-0600: 3166.639: Total time for which application threads were stopped: 0.0099330 seconds
{Heap before GC invocations=1049 (full 1):
 par new generation   total 109248K, used 87430K [0x8ac00000, 0x92c00000, 0x92c00000)
  eden space 87424K, 100% used [0x8ac00000, 0x90160000, 0x90160000)
  from space 21824K,   0% used [0x90160000, 0x90161800, 0x916b0000)
  to   space 21824K,   0% used [0x916b0000, 0x916b0000, 0x92c00000)
 concurrent mark-sweep generation total 393216K, used 12887K [0x92c00000, 0xaac00000, 0xaac00000)
 concurrent-mark-sweep perm gen total 35404K, used 22530K [0xaac00000, 0xace93000, 0xb2c00000)
2015-02-20T16:13:59.646-0600: 3168.101: [GC2015-02-20T16:13:59.646-0600: 3168.101: [ParNew
Desired survivor size 20112996 bytes, new threshold 8 (max 8)
- age   1:       1136 bytes,       1136 total
- age   2:        408 bytes,       1544 total
- age   3:        448 bytes,       1992 total
- age   4:        176 bytes,       2168 total
- age   5:        216 bytes,       2384 total
- age   6:        424 bytes,       2808 total
- age   7:        384 bytes,       3192 total
- age   8:        424 bytes,       3616 total
: 87430K->8K(109248K), 0.0066060 secs] 100317K->12895K(502464K), 0.0067910 secs] [Times: user=0.01 sys=0.00, real=0.01 secs] 
Heap after GC invocations=1050 (full 1):
 par new generation   total 109248K, used 8K [0x8ac00000, 0x92c00000, 0x92c00000)
  eden space 87424K,   0% used [0x8ac00000, 0x8ac00000, 0x90160000)
  from space 21824K,   0% used [0x916b0000, 0x916b2000, 0x92c00000)
  to   space 21824K,   0% used [0x90160000, 0x90160000, 0x916b0000)
 concurrent mark-sweep generation total 393216K, used 12887K [0x92c00000, 0xaac00000, 0xaac00000)
 concurrent-mark-sweep perm gen total 35404K, used 22530K [0xaac00000, 0xace93000, 0xb2c00000)
}
2015-02-20T16:13:59.653-0600: 3168.108: Total time for which application threads were stopped: 0.0096210 seconds
{Heap before GC invocations=1050 (full 1):
 par new generation   total 109248K, used 87432K [0x8ac00000, 0x92c00000, 0x92c00000)
  eden space 87424K, 100% used [0x8ac00000, 0x90160000, 0x90160000)
  from space 21824K,   0% used [0x916b0000, 0x916b2000, 0x92c00000)
  to   space 21824K,   0% used [0x90160000, 0x90160000, 0x916b0000)
 concurrent mark-sweep generation total 393216K, used 12887K [0x92c00000, 0xaac00000, 0xaac00000)
 concurrent-mark-sweep perm gen total 35404K, used 22530K [0xaac00000, 0xace93000, 0xb2c00000)
2015-02-20T16:14:00.991-0600: 3169.446: [GC2015-02-20T16:14:00.991-0600: 3169.446: [ParNew
Desired survivor size 20112996 bytes, new threshold 8 (max 8)
- age   1:        456 bytes,        456 total
- age   2:        512 bytes,        968 total
- age   3:        408 bytes,       1376 total
- age   4:        448 bytes,       1824 total
- age   5:        176 bytes,       2000 total
- age   6:        216 bytes,       2216 total
- age   7:        424 bytes,       2640 total
- age   8:        384 bytes,       3024 total
: 87432K->6K(109248K), 0.0301200 secs] 100319K->12893K(502464K), 0.0303830 secs] [Times: user=0.03 sys=0.00, real=0.03 secs] 
Heap after GC invocations=1051 (full 1):
 par new generation   total 109248K, used 6K [0x8ac00000, 0x92c00000, 0x92c00000)
  eden space 87424K,   0% used [0x8ac00000, 0x8ac00000, 0x90160000)
  from space 21824K,   0% used [0x90160000, 0x90161800, 0x916b0000)
  to   space 21824K,   0% used [0x916b0000, 0x916b0000, 0x92c00000)
 concurrent mark-sweep generation total 393216K, used 12887K [0x92c00000, 0xaac00000, 0xaac00000)
 concurrent-mark-sweep perm gen total 35404K, used 22530K [0xaac00000, 0xace93000, 0xb2c00000)
}
2015-02-20T16:14:01.021-0600: 3169.477: Total time for which application threads were stopped: 0.0393410 seconds
{Heap before GC invocations=1051 (full 1):
 par new generation   total 109248K, used 87430K [0x8ac00000, 0x92c00000, 0x92c00000)
  eden space 87424K, 100% used [0x8ac00000, 0x90160000, 0x90160000)
  from space 21824K,   0% used [0x90160000, 0x90161800, 0x916b0000)
  to   space 21824K,   0% used [0x916b0000, 0x916b0000, 0x92c00000)
 concurrent mark-sweep generation total 393216K, used 12887K [0x92c00000, 0xaac00000, 0xaac00000)
 concurrent-mark-sweep perm gen total 35404K, used 22530K [0xaac00000, 0xace93000, 0xb2c00000)
2015-02-20T16:14:02.266-0600: 3170.721: [GC2015-02-20T16:14:02.266-0600: 3170.721: [ParNew
Desired survivor size 20112996 bytes, new threshold 8 (max 8)
- age   1:       1152 bytes,       1152 total
- age   2:         16 bytes,       1168 total
- age   3:        360 bytes,       1528 total
- age   4:        408 bytes,       1936 total
- age   5:        448 bytes,       2384 total
- age   6:        176 bytes,       2560 total
- age   7:        216 bytes,       2776 total
- age   8:        424 bytes,       3200 total
: 87430K->6K(109248K), 0.0117940 secs] 100317K->12894K(502464K), 0.0119960 secs] [Times: user=0.02 sys=0.00, real=0.02 secs] 
Heap after GC invocations=1052 (full 1):
 par new generation   total 109248K, used 6K [0x8ac00000, 0x92c00000, 0x92c00000)
  eden space 87424K,   0% used [0x8ac00000, 0x8ac00000, 0x90160000)
  from space 21824K,   0% used [0x916b0000, 0x916b1800, 0x92c00000)
  to   space 21824K,   0% used [0x90160000, 0x90160000, 0x916b0000)
 concurrent mark-sweep generation total 393216K, used 12888K [0x92c00000, 0xaac00000, 0xaac00000)
 concurrent-mark-sweep perm gen total 35404K, used 22530K [0xaac00000, 0xace93000, 0xb2c00000)
}
2015-02-20T16:14:02.278-0600: 3170.733: Total time for which application threads were stopped: 0.0148260 seconds
{Heap before GC invocations=1052 (full 1):
 par new generation   total 109248K, used 87430K [0x8ac00000, 0x92c00000, 0x92c00000)
  eden space 87424K, 100% used [0x8ac00000, 0x90160000, 0x90160000)
  from space 21824K,   0% used [0x916b0000, 0x916b1800, 0x92c00000)
  to   space 21824K,   0% used [0x90160000, 0x90160000, 0x916b0000)
 concurrent mark-sweep generation total 393216K, used 12888K [0x92c00000, 0xaac00000, 0xaac00000)
 concurrent-mark-sweep perm gen total 35404K, used 22530K [0xaac00000, 0xace93000, 0xb2c00000)
2015-02-20T16:14:04.336-0600: 3172.791: [GC2015-02-20T16:14:04.336-0600: 3172.791: [ParNew
Desired survivor size 20112996 bytes, new threshold 8 (max 8)
- age   1:       1152 bytes,       1152 total
- age   2:        376 bytes,       1528 total
- age   3:         16 bytes,       1544 total
- age   4:        360 bytes,       1904 total
- age   5:        408 bytes,       2312 total
- age   6:        448 bytes,       2760 total
- age   7:        176 bytes,       2936 total
- age   8:        216 bytes,       3152 total
: 87430K->6K(109248K), 0.0476400 secs] 100318K->12894K(502464K), 0.0482350 secs] [Times: user=0.05 sys=0.00, real=0.05 secs] 
Heap after GC invocations=1053 (full 1):
 par new generation   total 109248K, used 6K [0x8ac00000, 0x92c00000, 0x92c00000)
  eden space 87424K,   0% used [0x8ac00000, 0x8ac00000, 0x90160000)
  from space 21824K,   0% used [0x90160000, 0x90161800, 0x916b0000)
  to   space 21824K,   0% used [0x916b0000, 0x916b0000, 0x92c00000)
 concurrent mark-sweep generation total 393216K, used 12888K [0x92c00000, 0xaac00000, 0xaac00000)
 concurrent-mark-sweep perm gen total 35404K, used 22530K [0xaac00000, 0xace93000, 0xb2c00000)
}
2015-02-20T16:14:04.384-0600: 3172.839: Total time for which application threads were stopped: 0.0524470 seconds
{Heap before GC invocations=1053 (full 1):
 par new generation   total 109248K, used 87430K [0x8ac00000, 0x92c00000, 0x92c00000)
  eden space 87424K, 100% used [0x8ac00000, 0x90160000, 0x90160000)
  from space 21824K,   0% used [0x90160000, 0x90161800, 0x916b0000)
  to   space 21824K,   0% used [0x916b0000, 0x916b0000, 0x92c00000)
 concurrent mark-sweep generation total 393216K, used 12888K [0x92c00000, 0xaac00000, 0xaac00000)
 concurrent-mark-sweep perm gen total 35404K, used 22530K [0xaac00000, 0xace93000, 0xb2c00000)
2015-02-20T16:14:06.127-0600: 3174.582: [GC2015-02-20T16:14:06.127-0600: 3174.582: [ParNew
Desired survivor size 20112996 bytes, new threshold 8 (max 8)
- age   1:       1480 bytes,       1480 total
- age   2:        376 bytes,       1856 total
- age   3:        376 bytes,       2232 total
- age   4:         16 bytes,       2248 total
- age   5:        360 bytes,       2608 total
- age   6:        408 bytes,       3016 total
- age   7:        448 bytes,       3464 total
- age   8:        176 bytes,       3640 total
: 87430K->8K(109248K), 0.0233430 secs] 100318K->12896K(502464K), 0.0235390 secs] [Times: user=0.03 sys=0.00, real=0.03 secs] 
Heap after GC invocations=1054 (full 1):
 par new generation   total 109248K, used 8K [0x8ac00000, 0x92c00000, 0x92c00000)
  eden space 87424K,   0% used [0x8ac00000, 0x8ac00000, 0x90160000)
  from space 21824K,   0% used [0x916b0000, 0x916b2000, 0x92c00000)
  to   space 21824K,   0% used [0x90160000, 0x90160000, 0x916b0000)
 concurrent mark-sweep generation total 393216K, used 12888K [0x92c00000, 0xaac00000, 0xaac00000)
 concurrent-mark-sweep perm gen total 35404K, used 22530K [0xaac00000, 0xace93000, 0xb2c00000)
}
2015-02-20T16:14:06.150-0600: 3174.605: Total time for which application threads were stopped: 0.0263480 seconds
{Heap before GC invocations=1054 (full 1):
 par new generation   total 109248K, used 87432K [0x8ac00000, 0x92c00000, 0x92c00000)
  eden space 87424K, 100% used [0x8ac00000, 0x90160000, 0x90160000)
  from space 21824K,   0% used [0x916b0000, 0x916b2000, 0x92c00000)
  to   space 21824K,   0% used [0x90160000, 0x90160000, 0x916b0000)
 concurrent mark-sweep generation total 393216K, used 12888K [0x92c00000, 0xaac00000, 0xaac00000)
 concurrent-mark-sweep perm gen total 35404K, used 22530K [0xaac00000, 0xace93000, 0xb2c00000)
2015-02-20T16:14:07.857-0600: 3176.312: [GC2015-02-20T16:14:07.857-0600: 3176.312: [ParNew
Desired survivor size 20112996 bytes, new threshold 8 (max 8)
- age   1:       1040 bytes,       1040 total
- age   2:        376 bytes,       1416 total
- age   3:        376 bytes,       1792 total
- age   4:        376 bytes,       2168 total
- age   5:         16 bytes,       2184 total
- age   6:        360 bytes,       2544 total
- age   7:        408 bytes,       2952 total
- age   8:        448 bytes,       3400 total
: 87432K->10K(109248K), 0.0188450 secs] 100320K->12898K(502464K), 0.0190480 secs] [Times: user=0.02 sys=0.00, real=0.02 secs] 
Heap after GC invocations=1055 (full 1):
 par new generation   total 109248K, used 10K [0x8ac00000, 0x92c00000, 0x92c00000)
  eden space 87424K,   0% used [0x8ac00000, 0x8ac00000, 0x90160000)
  from space 21824K,   0% used [0x90160000, 0x90162800, 0x916b0000)
  to   space 21824K,   0% used [0x916b0000, 0x916b0000, 0x92c00000)
 concurrent mark-sweep generation total 393216K, used 12888K [0x92c00000, 0xaac00000, 0xaac00000)
 concurrent-mark-sweep perm gen total 35404K, used 22530K [0xaac00000, 0xace93000, 0xb2c00000)
}
2015-02-20T16:14:07.876-0600: 3176.331: Total time for which application threads were stopped: 0.0226420 seconds
{Heap before GC invocations=1055 (full 1):
 par new generation   total 109248K, used 87434K [0x8ac00000, 0x92c00000, 0x92c00000)
  eden space 87424K, 100% used [0x8ac00000, 0x90160000, 0x90160000)
  from space 21824K,   0% used [0x90160000, 0x90162800, 0x916b0000)
  to   space 21824K,   0% used [0x916b0000, 0x916b0000, 0x92c00000)
 concurrent mark-sweep generation total 393216K, used 12888K [0x92c00000, 0xaac00000, 0xaac00000)
 concurrent-mark-sweep perm gen total 35404K, used 22530K [0xaac00000, 0xace93000, 0xb2c00000)
2015-02-20T16:14:09.320-0600: 3177.775: [GC2015-02-20T16:14:09.320-0600: 3177.775: [ParNew
Desired survivor size 20112996 bytes, new threshold 8 (max 8)
- age   1:        680 bytes,        680 total
- age   2:        512 bytes,       1192 total
- age   3:        376 bytes,       1568 total
- age   4:        376 bytes,       1944 total
- age   5:        376 bytes,       2320 total
- age   6:         16 bytes,       2336 total
- age   7:        360 bytes,       2696 total
- age   8:        408 bytes,       3104 total
: 87434K->8K(109248K), 0.0249500 secs] 100322K->12897K(502464K), 0.0252880 secs] [Times: user=0.02 sys=0.00, real=0.02 secs] 
Heap after GC invocations=1056 (full 1):
 par new generation   total 109248K, used 8K [0x8ac00000, 0x92c00000, 0x92c00000)
  eden space 87424K,   0% used [0x8ac00000, 0x8ac00000, 0x90160000)
  from space 21824K,   0% used [0x916b0000, 0x916b2000, 0x92c00000)
  to   space 21824K,   0% used [0x90160000, 0x90160000, 0x916b0000)
 concurrent mark-sweep generation total 393216K, used 12889K [0x92c00000, 0xaac00000, 0xaac00000)
 concurrent-mark-sweep perm gen total 35404K, used 22530K [0xaac00000, 0xace93000, 0xb2c00000)
}
2015-02-20T16:14:09.345-0600: 3177.800: Total time for which application threads were stopped: 0.0346940 seconds
{Heap before GC invocations=1056 (full 1):
 par new generation   total 109248K, used 87432K [0x8ac00000, 0x92c00000, 0x92c00000)
  eden space 87424K, 100% used [0x8ac00000, 0x90160000, 0x90160000)
  from space 21824K,   0% used [0x916b0000, 0x916b2000, 0x92c00000)
  to   space 21824K,   0% used [0x90160000, 0x90160000, 0x916b0000)
 concurrent mark-sweep generation total 393216K, used 12889K [0x92c00000, 0xaac00000, 0xaac00000)
 concurrent-mark-sweep perm gen total 35404K, used 22530K [0xaac00000, 0xace93000, 0xb2c00000)
2015-02-20T16:14:11.019-0600: 3179.474: [GC2015-02-20T16:14:11.019-0600: 3179.474: [ParNew
Desired survivor size 20112996 bytes, new threshold 8 (max 8)
- age   1:       1088 bytes,       1088 total
- age   2:        216 bytes,       1304 total
- age   3:        384 bytes,       1688 total
- age   4:        376 bytes,       2064 total
- age   5:        376 bytes,       2440 total
- age   6:        376 bytes,       2816 total
- age   7:         16 bytes,       2832 total
- age   8:        360 bytes,       3192 total
: 87432K->6K(109248K), 0.0149830 secs] 100321K->12895K(502464K), 0.0152170 secs] [Times: user=0.03 sys=0.00, real=0.01 secs] 
Heap after GC invocations=1057 (full 1):
 par new generation   total 109248K, used 6K [0x8ac00000, 0x92c00000, 0x92c00000)
  eden space 87424K,   0% used [0x8ac00000, 0x8ac00000, 0x90160000)
  from space 21824K,   0% used [0x90160000, 0x90161800, 0x916b0000)
  to   space 21824K,   0% used [0x916b0000, 0x916b0000, 0x92c00000)
 concurrent mark-sweep generation total 393216K, used 12889K [0x92c00000, 0xaac00000, 0xaac00000)
 concurrent-mark-sweep perm gen total 35404K, used 22530K [0xaac00000, 0xace93000, 0xb2c00000)
}
2015-02-20T16:14:11.035-0600: 3179.490: Total time for which application threads were stopped: 0.0181430 seconds
{Heap before GC invocations=1057 (full 1):
 par new generation   total 109248K, used 87430K [0x8ac00000, 0x92c00000, 0x92c00000)
  eden space 87424K, 100% used [0x8ac00000, 0x90160000, 0x90160000)
  from space 21824K,   0% used [0x90160000, 0x90161800, 0x916b0000)
  to   space 21824K,   0% used [0x916b0000, 0x916b0000, 0x92c00000)
 concurrent mark-sweep generation total 393216K, used 12889K [0x92c00000, 0xaac00000, 0xaac00000)
 concurrent-mark-sweep perm gen total 35404K, used 22530K [0xaac00000, 0xace93000, 0xb2c00000)
2015-02-20T16:14:12.637-0600: 3181.092: [GC2015-02-20T16:14:12.638-0600: 3181.093: [ParNew
Desired survivor size 20112996 bytes, new threshold 8 (max 8)
- age   1:        928 bytes,        928 total
- age   2:        544 bytes,       1472 total
- age   3:        216 bytes,       1688 total
- age   4:        384 bytes,       2072 total
- age   5:        376 bytes,       2448 total
- age   6:        376 bytes,       2824 total
- age   7:        376 bytes,       3200 total
- age   8:         16 bytes,       3216 total
: 87430K->6K(109248K), 0.0075160 secs] 100319K->12896K(502464K), 0.0077260 secs] [Times: user=0.02 sys=0.00, real=0.00 secs] 
Heap after GC invocations=1058 (full 1):
 par new generation   total 109248K, used 6K [0x8ac00000, 0x92c00000, 0x92c00000)
  eden space 87424K,   0% used [0x8ac00000, 0x8ac00000, 0x90160000)
  from space 21824K,   0% used [0x916b0000, 0x916b1800, 0x92c00000)
  to   space 21824K,   0% used [0x90160000, 0x90160000, 0x916b0000)
 concurrent mark-sweep generation total 393216K, used 12890K [0x92c00000, 0xaac00000, 0xaac00000)
 concurrent-mark-sweep perm gen total 35404K, used 22530K [0xaac00000, 0xace93000, 0xb2c00000)
}
2015-02-20T16:14:12.645-0600: 3181.100: Total time for which application threads were stopped: 0.0104200 seconds
{Heap before GC invocations=1058 (full 1):
 par new generation   total 109248K, used 87430K [0x8ac00000, 0x92c00000, 0x92c00000)
  eden space 87424K, 100% used [0x8ac00000, 0x90160000, 0x90160000)
  from space 21824K,   0% used [0x916b0000, 0x916b1800, 0x92c00000)
  to   space 21824K,   0% used [0x90160000, 0x90160000, 0x916b0000)
 concurrent mark-sweep generation total 393216K, used 12890K [0x92c00000, 0xaac00000, 0xaac00000)
 concurrent-mark-sweep perm gen total 35404K, used 22530K [0xaac00000, 0xace93000, 0xb2c00000)
2015-02-20T16:14:14.139-0600: 3182.594: [GC2015-02-20T16:14:14.139-0600: 3182.594: [ParNew
Desired survivor size 20112996 bytes, new threshold 8 (max 8)
- age   1:       1272 bytes,       1272 total
- age   2:        176 bytes,       1448 total
- age   3:        520 bytes,       1968 total
- age   4:        216 bytes,       2184 total
- age   5:        384 bytes,       2568 total
- age   6:        376 bytes,       2944 total
- age   7:        376 bytes,       3320 total
- age   8:        376 bytes,       3696 total
: 87430K->6K(109248K), 0.0073760 secs] 100320K->12896K(502464K), 0.0075620 secs] [Times: user=0.02 sys=0.00, real=0.00 secs] 
Heap after GC invocations=1059 (full 1):
 par new generation   total 109248K, used 6K [0x8ac00000, 0x92c00000, 0x92c00000)
  eden space 87424K,   0% used [0x8ac00000, 0x8ac00000, 0x90160000)
  from space 21824K,   0% used [0x90160000, 0x90161800, 0x916b0000)
  to   space 21824K,   0% used [0x916b0000, 0x916b0000, 0x92c00000)
 concurrent mark-sweep generation total 393216K, used 12890K [0x92c00000, 0xaac00000, 0xaac00000)
 concurrent-mark-sweep perm gen total 35404K, used 22530K [0xaac00000, 0xace93000, 0xb2c00000)
}
2015-02-20T16:14:14.146-0600: 3182.601: Total time for which application threads were stopped: 0.0104250 seconds
{Heap before GC invocations=1059 (full 1):
 par new generation   total 109248K, used 87430K [0x8ac00000, 0x92c00000, 0x92c00000)
  eden space 87424K, 100% used [0x8ac00000, 0x90160000, 0x90160000)
  from space 21824K,   0% used [0x90160000, 0x90161800, 0x916b0000)
  to   space 21824K,   0% used [0x916b0000, 0x916b0000, 0x92c00000)
 concurrent mark-sweep generation total 393216K, used 12890K [0x92c00000, 0xaac00000, 0xaac00000)
 concurrent-mark-sweep perm gen total 35404K, used 22530K [0xaac00000, 0xace93000, 0xb2c00000)
2015-02-20T16:14:16.033-0600: 3184.488: [GC2015-02-20T16:14:16.033-0600: 3184.488: [ParNew
Desired survivor size 20112996 bytes, new threshold 8 (max 8)
- age   1:        976 bytes,        976 total
- age   2:        496 bytes,       1472 total
- age   3:        176 bytes,       1648 total
- age   4:        520 bytes,       2168 total
- age   5:        216 bytes,       2384 total
- age   6:        384 bytes,       2768 total
- age   7:        376 bytes,       3144 total
- age   8:        376 bytes,       3520 total
: 87430K->6K(109248K), 0.0151720 secs] 100320K->12896K(502464K), 0.0154050 secs] [Times: user=0.03 sys=0.00, real=0.02 secs] 
Heap after GC invocations=1060 (full 1):
 par new generation   total 109248K, used 6K [0x8ac00000, 0x92c00000, 0x92c00000)
  eden space 87424K,   0% used [0x8ac00000, 0x8ac00000, 0x90160000)
  from space 21824K,   0% used [0x916b0000, 0x916b1800, 0x92c00000)
  to   space 21824K,   0% used [0x90160000, 0x90160000, 0x916b0000)
 concurrent mark-sweep generation total 393216K, used 12890K [0x92c00000, 0xaac00000, 0xaac00000)
 concurrent-mark-sweep perm gen total 35404K, used 22530K [0xaac00000, 0xace93000, 0xb2c00000)
}
2015-02-20T16:14:16.048-0600: 3184.503: Total time for which application threads were stopped: 0.0183990 seconds
{Heap before GC invocations=1060 (full 1):
 par new generation   total 109248K, used 87430K [0x8ac00000, 0x92c00000, 0x92c00000)
  eden space 87424K, 100% used [0x8ac00000, 0x90160000, 0x90160000)
  from space 21824K,   0% used [0x916b0000, 0x916b1800, 0x92c00000)
  to   space 21824K,   0% used [0x90160000, 0x90160000, 0x916b0000)
 concurrent mark-sweep generation total 393216K, used 12890K [0x92c00000, 0xaac00000, 0xaac00000)
 concurrent-mark-sweep perm gen total 35404K, used 22530K [0xaac00000, 0xace93000, 0xb2c00000)
2015-02-20T16:14:17.627-0600: 3186.082: [GC2015-02-20T16:14:17.627-0600: 3186.082: [ParNew
Desired survivor size 20112996 bytes, new threshold 8 (max 8)
- age   1:       1016 bytes,       1016 total
- age   2:        376 bytes,       1392 total
- age   3:        496 bytes,       1888 total
- age   4:        176 bytes,       2064 total
- age   5:        520 bytes,       2584 total
- age   6:        216 bytes,       2800 total
- age   7:        384 bytes,       3184 total
- age   8:        376 bytes,       3560 total
: 87430K->10K(109248K), 0.0380360 secs] 100320K->12900K(502464K), 0.0382250 secs] [Times: user=0.03 sys=0.00, real=0.04 secs] 
Heap after GC invocations=1061 (full 1):
 par new generation   total 109248K, used 10K [0x8ac00000, 0x92c00000, 0x92c00000)
  eden space 87424K,   0% used [0x8ac00000, 0x8ac00000, 0x90160000)
  from space 21824K,   0% used [0x90160000, 0x90162800, 0x916b0000)
  to   space 21824K,   0% used [0x916b0000, 0x916b0000, 0x92c00000)
 concurrent mark-sweep generation total 393216K, used 12890K [0x92c00000, 0xaac00000, 0xaac00000)
 concurrent-mark-sweep perm gen total 35404K, used 22530K [0xaac00000, 0xace93000, 0xb2c00000)
}
2015-02-20T16:14:17.665-0600: 3186.120: Total time for which application threads were stopped: 0.0451470 seconds
{Heap before GC invocations=1061 (full 1):
 par new generation   total 109248K, used 87434K [0x8ac00000, 0x92c00000, 0x92c00000)
  eden space 87424K, 100% used [0x8ac00000, 0x90160000, 0x90160000)
  from space 21824K,   0% used [0x90160000, 0x90162800, 0x916b0000)
  to   space 21824K,   0% used [0x916b0000, 0x916b0000, 0x92c00000)
 concurrent mark-sweep generation total 393216K, used 12890K [0x92c00000, 0xaac00000, 0xaac00000)
 concurrent-mark-sweep perm gen total 35404K, used 22530K [0xaac00000, 0xace93000, 0xb2c00000)
2015-02-20T16:14:18.976-0600: 3187.431: [GC2015-02-20T16:14:18.976-0600: 3187.432: [ParNew
Desired survivor size 20112996 bytes, new threshold 8 (max 8)
- age   1:        320 bytes,        320 total
- age   2:        512 bytes,        832 total
- age   3:        376 bytes,       1208 total
- age   4:        496 bytes,       1704 total
- age   5:        176 bytes,       1880 total
- age   6:        520 bytes,       2400 total
- age   7:        216 bytes,       2616 total
- age   8:        384 bytes,       3000 total
: 87434K->8K(109248K), 0.0145430 secs] 100324K->12899K(502464K), 0.0147760 secs] [Times: user=0.03 sys=0.00, real=0.02 secs] 
Heap after GC invocations=1062 (full 1):
 par new generation   total 109248K, used 8K [0x8ac00000, 0x92c00000, 0x92c00000)
  eden space 87424K,   0% used [0x8ac00000, 0x8ac00000, 0x90160000)
  from space 21824K,   0% used [0x916b0000, 0x916b2000, 0x92c00000)
  to   space 21824K,   0% used [0x90160000, 0x90160000, 0x916b0000)
 concurrent mark-sweep generation total 393216K, used 12891K [0x92c00000, 0xaac00000, 0xaac00000)
 concurrent-mark-sweep perm gen total 35404K, used 22530K [0xaac00000, 0xace93000, 0xb2c00000)
}
2015-02-20T16:14:18.991-0600: 3187.446: Total time for which application threads were stopped: 0.0175280 seconds
{Heap before GC invocations=1062 (full 1):
 par new generation   total 109248K, used 87432K [0x8ac00000, 0x92c00000, 0x92c00000)
  eden space 87424K, 100% used [0x8ac00000, 0x90160000, 0x90160000)
  from space 21824K,   0% used [0x916b0000, 0x916b2000, 0x92c00000)
  to   space 21824K,   0% used [0x90160000, 0x90160000, 0x916b0000)
 concurrent mark-sweep generation total 393216K, used 12891K [0x92c00000, 0xaac00000, 0xaac00000)
 concurrent-mark-sweep perm gen total 35404K, used 22530K [0xaac00000, 0xace93000, 0xb2c00000)
2015-02-20T16:14:20.420-0600: 3188.875: [GC2015-02-20T16:14:20.420-0600: 3188.875: [ParNew
Desired survivor size 20112996 bytes, new threshold 8 (max 8)
- age   1:       1224 bytes,       1224 total
- age   2:         16 bytes,       1240 total
- age   3:        360 bytes,       1600 total
- age   4:        376 bytes,       1976 total
- age   5:        496 bytes,       2472 total
- age   6:        176 bytes,       2648 total
- age   7:        520 bytes,       3168 total
- age   8:        216 bytes,       3384 total
: 87432K->8K(109248K), 0.0070450 secs] 100323K->12899K(502464K), 0.0072450 secs] [Times: user=0.01 sys=0.00, real=0.00 secs] 
Heap after GC invocations=1063 (full 1):
 par new generation   total 109248K, used 8K [0x8ac00000, 0x92c00000, 0x92c00000)
  eden space 87424K,   0% used [0x8ac00000, 0x8ac00000, 0x90160000)
  from space 21824K,   0% used [0x90160000, 0x90162000, 0x916b0000)
  to   space 21824K,   0% used [0x916b0000, 0x916b0000, 0x92c00000)
 concurrent mark-sweep generation total 393216K, used 12891K [0x92c00000, 0xaac00000, 0xaac00000)
 concurrent-mark-sweep perm gen total 35404K, used 22530K [0xaac00000, 0xace93000, 0xb2c00000)
}
2015-02-20T16:14:20.427-0600: 3188.882: Total time for which application threads were stopped: 0.0099480 seconds
{Heap before GC invocations=1063 (full 1):
 par new generation   total 109248K, used 87432K [0x8ac00000, 0x92c00000, 0x92c00000)
  eden space 87424K, 100% used [0x8ac00000, 0x90160000, 0x90160000)
  from space 21824K,   0% used [0x90160000, 0x90162000, 0x916b0000)
  to   space 21824K,   0% used [0x916b0000, 0x916b0000, 0x92c00000)
 concurrent mark-sweep generation total 393216K, used 12891K [0x92c00000, 0xaac00000, 0xaac00000)
 concurrent-mark-sweep perm gen total 35404K, used 22530K [0xaac00000, 0xace93000, 0xb2c00000)
2015-02-20T16:14:22.272-0600: 3190.727: [GC2015-02-20T16:14:22.272-0600: 3190.727: [ParNew
Desired survivor size 20112996 bytes, new threshold 8 (max 8)
- age   1:       1192 bytes,       1192 total
- age   2:        424 bytes,       1616 total
- age   3:         16 bytes,       1632 total
- age   4:        360 bytes,       1992 total
- age   5:        376 bytes,       2368 total
- age   6:        496 bytes,       2864 total
- age   7:        176 bytes,       3040 total
- age   8:        520 bytes,       3560 total
: 87432K->8K(109248K), 0.0092230 secs] 100323K->12899K(502464K), 0.0094360 secs] [Times: user=0.02 sys=0.00, real=0.01 secs] 
Heap after GC invocations=1064 (full 1):
 par new generation   total 109248K, used 8K [0x8ac00000, 0x92c00000, 0x92c00000)
  eden space 87424K,   0% used [0x8ac00000, 0x8ac00000, 0x90160000)
  from space 21824K,   0% used [0x916b0000, 0x916b2000, 0x92c00000)
  to   space 21824K,   0% used [0x90160000, 0x90160000, 0x916b0000)
 concurrent mark-sweep generation total 393216K, used 12891K [0x92c00000, 0xaac00000, 0xaac00000)
 concurrent-mark-sweep perm gen total 35404K, used 22530K [0xaac00000, 0xace93000, 0xb2c00000)
}
2015-02-20T16:14:22.282-0600: 3190.737: Total time for which application threads were stopped: 0.0122630 seconds
{Heap before GC invocations=1064 (full 1):
 par new generation   total 109248K, used 87432K [0x8ac00000, 0x92c00000, 0x92c00000)
  eden space 87424K, 100% used [0x8ac00000, 0x90160000, 0x90160000)
  from space 21824K,   0% used [0x916b0000, 0x916b2000, 0x92c00000)
  to   space 21824K,   0% used [0x90160000, 0x90160000, 0x916b0000)
 concurrent mark-sweep generation total 393216K, used 12891K [0x92c00000, 0xaac00000, 0xaac00000)
 concurrent-mark-sweep perm gen total 35404K, used 22530K [0xaac00000, 0xace93000, 0xb2c00000)
2015-02-20T16:14:24.276-0600: 3192.731: [GC2015-02-20T16:14:24.276-0600: 3192.731: [ParNew
Desired survivor size 20112996 bytes, new threshold 8 (max 8)
- age   1:       1176 bytes,       1176 total
- age   2:        496 bytes,       1672 total
- age   3:        424 bytes,       2096 total
- age   4:         16 bytes,       2112 total
- age   5:        360 bytes,       2472 total
- age   6:        376 bytes,       2848 total
- age   7:        496 bytes,       3344 total
- age   8:        176 bytes,       3520 total
: 87432K->4K(109248K), 0.0076430 secs] 100323K->12896K(502464K), 0.0078260 secs] [Times: user=0.01 sys=0.00, real=0.01 secs] 
Heap after GC invocations=1065 (full 1):
 par new generation   total 109248K, used 4K [0x8ac00000, 0x92c00000, 0x92c00000)
  eden space 87424K,   0% used [0x8ac00000, 0x8ac00000, 0x90160000)
  from space 21824K,   0% used [0x90160000, 0x90161000, 0x916b0000)
  to   space 21824K,   0% used [0x916b0000, 0x916b0000, 0x92c00000)
 concurrent mark-sweep generation total 393216K, used 12892K [0x92c00000, 0xaac00000, 0xaac00000)
 concurrent-mark-sweep perm gen total 35404K, used 22530K [0xaac00000, 0xace93000, 0xb2c00000)
}
2015-02-20T16:14:24.284-0600: 3192.739: Total time for which application threads were stopped: 0.0106910 seconds
{Heap before GC invocations=1065 (full 1):
 par new generation   total 109248K, used 87428K [0x8ac00000, 0x92c00000, 0x92c00000)
  eden space 87424K, 100% used [0x8ac00000, 0x90160000, 0x90160000)
  from space 21824K,   0% used [0x90160000, 0x90161000, 0x916b0000)
  to   space 21824K,   0% used [0x916b0000, 0x916b0000, 0x92c00000)
 concurrent mark-sweep generation total 393216K, used 12892K [0x92c00000, 0xaac00000, 0xaac00000)
 concurrent-mark-sweep perm gen total 35404K, used 22530K [0xaac00000, 0xace93000, 0xb2c00000)
2015-02-20T16:14:26.074-0600: 3194.529: [GC2015-02-20T16:14:26.074-0600: 3194.529: [ParNew
Desired survivor size 20112996 bytes, new threshold 8 (max 8)
- age   1:       1056 bytes,       1056 total
- age   2:        376 bytes,       1432 total
- age   3:        496 bytes,       1928 total
- age   4:        424 bytes,       2352 total
- age   5:         16 bytes,       2368 total
- age   6:        360 bytes,       2728 total
- age   7:        376 bytes,       3104 total
- age   8:        496 bytes,       3600 total
: 87428K->8K(109248K), 0.0068880 secs] 100320K->12900K(502464K), 0.0070700 secs] [Times: user=0.01 sys=0.00, real=0.01 secs] 
Heap after GC invocations=1066 (full 1):
 par new generation   total 109248K, used 8K [0x8ac00000, 0x92c00000, 0x92c00000)
  eden space 87424K,   0% used [0x8ac00000, 0x8ac00000, 0x90160000)
  from space 21824K,   0% used [0x916b0000, 0x916b2000, 0x92c00000)
  to   space 21824K,   0% used [0x90160000, 0x90160000, 0x916b0000)
 concurrent mark-sweep generation total 393216K, used 12892K [0x92c00000, 0xaac00000, 0xaac00000)
 concurrent-mark-sweep perm gen total 35404K, used 22530K [0xaac00000, 0xace93000, 0xb2c00000)
}
2015-02-20T16:14:26.081-0600: 3194.536: Total time for which application threads were stopped: 0.0099840 seconds
{Heap before GC invocations=1066 (full 1):
 par new generation   total 109248K, used 87432K [0x8ac00000, 0x92c00000, 0x92c00000)
  eden space 87424K, 100% used [0x8ac00000, 0x90160000, 0x90160000)
  from space 21824K,   0% used [0x916b0000, 0x916b2000, 0x92c00000)
  to   space 21824K,   0% used [0x90160000, 0x90160000, 0x916b0000)
 concurrent mark-sweep generation total 393216K, used 12892K [0x92c00000, 0xaac00000, 0xaac00000)
 concurrent-mark-sweep perm gen total 35404K, used 22530K [0xaac00000, 0xace93000, 0xb2c00000)
2015-02-20T16:14:27.682-0600: 3196.137: [GC2015-02-20T16:14:27.682-0600: 3196.137: [ParNew
Desired survivor size 20112996 bytes, new threshold 8 (max 8)
- age   1:       1344 bytes,       1344 total
- age   2:        520 bytes,       1864 total
- age   3:        376 bytes,       2240 total
- age   4:        496 bytes,       2736 total
- age   5:        424 bytes,       3160 total
- age   6:         16 bytes,       3176 total
- age   7:        360 bytes,       3536 total
- age   8:        376 bytes,       3912 total
: 87432K->10K(109248K), 0.0069110 secs] 100324K->12902K(502464K), 0.0071300 secs] [Times: user=0.01 sys=0.00, real=0.01 secs] 
Heap after GC invocations=1067 (full 1):
 par new generation   total 109248K, used 10K [0x8ac00000, 0x92c00000, 0x92c00000)
  eden space 87424K,   0% used [0x8ac00000, 0x8ac00000, 0x90160000)
  from space 21824K,   0% used [0x90160000, 0x90162800, 0x916b0000)
  to   space 21824K,   0% used [0x916b0000, 0x916b0000, 0x92c00000)
 concurrent mark-sweep generation total 393216K, used 12892K [0x92c00000, 0xaac00000, 0xaac00000)
 concurrent-mark-sweep perm gen total 35404K, used 22530K [0xaac00000, 0xace93000, 0xb2c00000)
}
2015-02-20T16:14:27.689-0600: 3196.144: Total time for which application threads were stopped: 0.0099180 seconds
{Heap before GC invocations=1067 (full 1):
 par new generation   total 109248K, used 87434K [0x8ac00000, 0x92c00000, 0x92c00000)
  eden space 87424K, 100% used [0x8ac00000, 0x90160000, 0x90160000)
  from space 21824K,   0% used [0x90160000, 0x90162800, 0x916b0000)
  to   space 21824K,   0% used [0x916b0000, 0x916b0000, 0x92c00000)
 concurrent mark-sweep generation total 393216K, used 12892K [0x92c00000, 0xaac00000, 0xaac00000)
 concurrent-mark-sweep perm gen total 35404K, used 22530K [0xaac00000, 0xace93000, 0xb2c00000)
2015-02-20T16:14:29.280-0600: 3197.735: [GC2015-02-20T16:14:29.281-0600: 3197.736: [ParNew
Desired survivor size 20112996 bytes, new threshold 8 (max 8)
- age   1:        864 bytes,        864 total
- age   2:        696 bytes,       1560 total
- age   3:        520 bytes,       2080 total
- age   4:        376 bytes,       2456 total
- age   5:        496 bytes,       2952 total
- age   6:        424 bytes,       3376 total
- age   7:         16 bytes,       3392 total
- age   8:        360 bytes,       3752 total
: 87434K->8K(109248K), 0.0115290 secs] 100326K->12901K(502464K), 0.0117030 secs] [Times: user=0.02 sys=0.00, real=0.01 secs] 
Heap after GC invocations=1068 (full 1):
 par new generation   total 109248K, used 8K [0x8ac00000, 0x92c00000, 0x92c00000)
  eden space 87424K,   0% used [0x8ac00000, 0x8ac00000, 0x90160000)
  from space 21824K,   0% used [0x916b0000, 0x916b2000, 0x92c00000)
  to   space 21824K,   0% used [0x90160000, 0x90160000, 0x916b0000)
 concurrent mark-sweep generation total 393216K, used 12893K [0x92c00000, 0xaac00000, 0xaac00000)
 concurrent-mark-sweep perm gen total 35404K, used 22530K [0xaac00000, 0xace93000, 0xb2c00000)
}
2015-02-20T16:14:29.292-0600: 3197.747: Total time for which application threads were stopped: 0.0144890 seconds
{Heap before GC invocations=1068 (full 1):
 par new generation   total 109248K, used 87432K [0x8ac00000, 0x92c00000, 0x92c00000)
  eden space 87424K, 100% used [0x8ac00000, 0x90160000, 0x90160000)
  from space 21824K,   0% used [0x916b0000, 0x916b2000, 0x92c00000)
  to   space 21824K,   0% used [0x90160000, 0x90160000, 0x916b0000)
 concurrent mark-sweep generation total 393216K, used 12893K [0x92c00000, 0xaac00000, 0xaac00000)
 concurrent-mark-sweep perm gen total 35404K, used 22530K [0xaac00000, 0xace93000, 0xb2c00000)
2015-02-20T16:14:30.878-0600: 3199.333: [GC2015-02-20T16:14:30.878-0600: 3199.333: [ParNew
Desired survivor size 20112996 bytes, new threshold 8 (max 8)
- age   1:       1152 bytes,       1152 total
- age   2:        240 bytes,       1392 total
- age   3:        568 bytes,       1960 total
- age   4:        520 bytes,       2480 total
- age   5:        376 bytes,       2856 total
- age   6:        496 bytes,       3352 total
- age   7:        424 bytes,       3776 total
- age   8:         16 bytes,       3792 total
: 87432K->8K(109248K), 0.0230120 secs] 100325K->12901K(502464K), 0.0234360 secs] [Times: user=0.01 sys=0.00, real=0.02 secs] 
Heap after GC invocations=1069 (full 1):
 par new generation   total 109248K, used 8K [0x8ac00000, 0x92c00000, 0x92c00000)
  eden space 87424K,   0% used [0x8ac00000, 0x8ac00000, 0x90160000)
  from space 21824K,   0% used [0x90160000, 0x90162000, 0x916b0000)
  to   space 21824K,   0% used [0x916b0000, 0x916b0000, 0x92c00000)
 concurrent mark-sweep generation total 393216K, used 12893K [0x92c00000, 0xaac00000, 0xaac00000)
 concurrent-mark-sweep perm gen total 35404K, used 22530K [0xaac00000, 0xace93000, 0xb2c00000)
}
2015-02-20T16:14:30.901-0600: 3199.356: Total time for which application threads were stopped: 0.0277010 seconds
{Heap before GC invocations=1069 (full 1):
 par new generation   total 109248K, used 87432K [0x8ac00000, 0x92c00000, 0x92c00000)
  eden space 87424K, 100% used [0x8ac00000, 0x90160000, 0x90160000)
  from space 21824K,   0% used [0x90160000, 0x90162000, 0x916b0000)
  to   space 21824K,   0% used [0x916b0000, 0x916b0000, 0x92c00000)
 concurrent mark-sweep generation total 393216K, used 12893K [0x92c00000, 0xaac00000, 0xaac00000)
 concurrent-mark-sweep perm gen total 35404K, used 22530K [0xaac00000, 0xace93000, 0xb2c00000)
2015-02-20T16:14:32.485-0600: 3200.940: [GC2015-02-20T16:14:32.485-0600: 3200.941: [ParNew
Desired survivor size 20112996 bytes, new threshold 8 (max 8)
- age   1:       1048 bytes,       1048 total
- age   2:        200 bytes,       1248 total
- age   3:        216 bytes,       1464 total
- age   4:        568 bytes,       2032 total
- age   5:        520 bytes,       2552 total
- age   6:        376 bytes,       2928 total
- age   7:        496 bytes,       3424 total
- age   8:        424 bytes,       3848 total
: 87432K->6K(109248K), 0.0069070 secs] 100325K->12899K(502464K), 0.0070950 secs] [Times: user=0.02 sys=0.00, real=0.01 secs] 
Heap after GC invocations=1070 (full 1):
 par new generation   total 109248K, used 6K [0x8ac00000, 0x92c00000, 0x92c00000)
  eden space 87424K,   0% used [0x8ac00000, 0x8ac00000, 0x90160000)
  from space 21824K,   0% used [0x916b0000, 0x916b1800, 0x92c00000)
  to   space 21824K,   0% used [0x90160000, 0x90160000, 0x916b0000)
 concurrent mark-sweep generation total 393216K, used 12893K [0x92c00000, 0xaac00000, 0xaac00000)
 concurrent-mark-sweep perm gen total 35404K, used 22530K [0xaac00000, 0xace93000, 0xb2c00000)
}
2015-02-20T16:14:32.493-0600: 3200.948: Total time for which application threads were stopped: 0.0100960 seconds
{Heap before GC invocations=1070 (full 1):
 par new generation   total 109248K, used 87430K [0x8ac00000, 0x92c00000, 0x92c00000)
  eden space 87424K, 100% used [0x8ac00000, 0x90160000, 0x90160000)
  from space 21824K,   0% used [0x916b0000, 0x916b1800, 0x92c00000)
  to   space 21824K,   0% used [0x90160000, 0x90160000, 0x916b0000)
 concurrent mark-sweep generation total 393216K, used 12893K [0x92c00000, 0xaac00000, 0xaac00000)
 concurrent-mark-sweep perm gen total 35404K, used 22530K [0xaac00000, 0xace93000, 0xb2c00000)
2015-02-20T16:14:34.058-0600: 3202.513: [GC2015-02-20T16:14:34.058-0600: 3202.513: [ParNew
Desired survivor size 20112996 bytes, new threshold 8 (max 8)
- age   1:       1152 bytes,       1152 total
- age   2:        376 bytes,       1528 total
- age   3:        200 bytes,       1728 total
- age   4:        216 bytes,       1944 total
- age   5:        568 bytes,       2512 total
- age   6:        520 bytes,       3032 total
- age   7:        376 bytes,       3408 total
- age   8:        496 bytes,       3904 total
: 87430K->4K(109248K), 0.0083250 secs] 100323K->12898K(502464K), 0.0085330 secs] [Times: user=0.02 sys=0.00, real=0.00 secs] 
Heap after GC invocations=1071 (full 1):
 par new generation   total 109248K, used 4K [0x8ac00000, 0x92c00000, 0x92c00000)
  eden space 87424K,   0% used [0x8ac00000, 0x8ac00000, 0x90160000)
  from space 21824K,   0% used [0x90160000, 0x90161000, 0x916b0000)
  to   space 21824K,   0% used [0x916b0000, 0x916b0000, 0x92c00000)
 concurrent mark-sweep generation total 393216K, used 12894K [0x92c00000, 0xaac00000, 0xaac00000)
 concurrent-mark-sweep perm gen total 35404K, used 22530K [0xaac00000, 0xace93000, 0xb2c00000)
}
2015-02-20T16:14:34.067-0600: 3202.522: Total time for which application threads were stopped: 0.0115970 seconds
{Heap before GC invocations=1071 (full 1):
 par new generation   total 109248K, used 87428K [0x8ac00000, 0x92c00000, 0x92c00000)
  eden space 87424K, 100% used [0x8ac00000, 0x90160000, 0x90160000)
  from space 21824K,   0% used [0x90160000, 0x90161000, 0x916b0000)
  to   space 21824K,   0% used [0x916b0000, 0x916b0000, 0x92c00000)
 concurrent mark-sweep generation total 393216K, used 12894K [0x92c00000, 0xaac00000, 0xaac00000)
 concurrent-mark-sweep perm gen total 35404K, used 22530K [0xaac00000, 0xace93000, 0xb2c00000)
2015-02-20T16:14:35.687-0600: 3204.142: [GC2015-02-20T16:14:35.687-0600: 3204.142: [ParNew
Desired survivor size 20112996 bytes, new threshold 8 (max 8)
- age   1:       1136 bytes,       1136 total
- age   2:        376 bytes,       1512 total
- age   3:        376 bytes,       1888 total
- age   4:        200 bytes,       2088 total
- age   5:        216 bytes,       2304 total
- age   6:        568 bytes,       2872 total
- age   7:        520 bytes,       3392 total
- age   8:        376 bytes,       3768 total
: 87428K->10K(109248K), 0.0075110 secs] 100322K->12904K(502464K), 0.0077520 secs] [Times: user=0.02 sys=0.00, real=0.01 secs] 
Heap after GC invocations=1072 (full 1):
 par new generation   total 109248K, used 10K [0x8ac00000, 0x92c00000, 0x92c00000)
  eden space 87424K,   0% used [0x8ac00000, 0x8ac00000, 0x90160000)
  from space 21824K,   0% used [0x916b0000, 0x916b2800, 0x92c00000)
  to   space 21824K,   0% used [0x90160000, 0x90160000, 0x916b0000)
 concurrent mark-sweep generation total 393216K, used 12894K [0x92c00000, 0xaac00000, 0xaac00000)
 concurrent-mark-sweep perm gen total 35404K, used 22530K [0xaac00000, 0xace93000, 0xb2c00000)
}
2015-02-20T16:14:35.695-0600: 3204.150: Total time for which application threads were stopped: 0.0104590 seconds
{Heap before GC invocations=1072 (full 1):
 par new generation   total 109248K, used 87434K [0x8ac00000, 0x92c00000, 0x92c00000)
  eden space 87424K, 100% used [0x8ac00000, 0x90160000, 0x90160000)
  from space 21824K,   0% used [0x916b0000, 0x916b2800, 0x92c00000)
  to   space 21824K,   0% used [0x90160000, 0x90160000, 0x916b0000)
 concurrent mark-sweep generation total 393216K, used 12894K [0x92c00000, 0xaac00000, 0xaac00000)
 concurrent-mark-sweep perm gen total 35404K, used 22530K [0xaac00000, 0xace93000, 0xb2c00000)
2015-02-20T16:14:37.239-0600: 3205.694: [GC2015-02-20T16:14:37.240-0600: 3205.695: [ParNew
Desired survivor size 20112996 bytes, new threshold 8 (max 8)
- age   1:        864 bytes,        864 total
- age   2:        488 bytes,       1352 total
- age   3:        376 bytes,       1728 total
- age   4:        376 bytes,       2104 total
- age   5:        200 bytes,       2304 total
- age   6:        216 bytes,       2520 total
- age   7:        568 bytes,       3088 total
- age   8:        520 bytes,       3608 total
: 87434K->8K(109248K), 0.0059700 secs] 100328K->12902K(502464K), 0.0061790 secs] [Times: user=0.01 sys=0.01, real=0.00 secs] 
Heap after GC invocations=1073 (full 1):
 par new generation   total 109248K, used 8K [0x8ac00000, 0x92c00000, 0x92c00000)
  eden space 87424K,   0% used [0x8ac00000, 0x8ac00000, 0x90160000)
  from space 21824K,   0% used [0x90160000, 0x90162000, 0x916b0000)
  to   space 21824K,   0% used [0x916b0000, 0x916b0000, 0x92c00000)
 concurrent mark-sweep generation total 393216K, used 12894K [0x92c00000, 0xaac00000, 0xaac00000)
 concurrent-mark-sweep perm gen total 35404K, used 22530K [0xaac00000, 0xace93000, 0xb2c00000)
}
2015-02-20T16:14:37.246-0600: 3205.701: Total time for which application threads were stopped: 0.0089450 seconds
{Heap before GC invocations=1073 (full 1):
 par new generation   total 109248K, used 87432K [0x8ac00000, 0x92c00000, 0x92c00000)
  eden space 87424K, 100% used [0x8ac00000, 0x90160000, 0x90160000)
  from space 21824K,   0% used [0x90160000, 0x90162000, 0x916b0000)
  to   space 21824K,   0% used [0x916b0000, 0x916b0000, 0x92c00000)
 concurrent mark-sweep generation total 393216K, used 12894K [0x92c00000, 0xaac00000, 0xaac00000)
 concurrent-mark-sweep perm gen total 35404K, used 22530K [0xaac00000, 0xace93000, 0xb2c00000)
2015-02-20T16:14:39.085-0600: 3207.540: [GC2015-02-20T16:14:39.085-0600: 3207.540: [ParNew
Desired survivor size 20112996 bytes, new threshold 8 (max 8)
- age   1:       1224 bytes,       1224 total
- age   2:        216 bytes,       1440 total
- age   3:        360 bytes,       1800 total
- age   4:        376 bytes,       2176 total
- age   5:        376 bytes,       2552 total
- age   6:        200 bytes,       2752 total
- age   7:        216 bytes,       2968 total
- age   8:        568 bytes,       3536 total
: 87432K->8K(109248K), 0.0245930 secs] 100326K->12903K(502464K), 0.0248270 secs] [Times: user=0.02 sys=0.00, real=0.03 secs] 
Heap after GC invocations=1074 (full 1):
 par new generation   total 109248K, used 8K [0x8ac00000, 0x92c00000, 0x92c00000)
  eden space 87424K,   0% used [0x8ac00000, 0x8ac00000, 0x90160000)
  from space 21824K,   0% used [0x916b0000, 0x916b2000, 0x92c00000)
  to   space 21824K,   0% used [0x90160000, 0x90160000, 0x916b0000)
 concurrent mark-sweep generation total 393216K, used 12895K [0x92c00000, 0xaac00000, 0xaac00000)
 concurrent-mark-sweep perm gen total 35404K, used 22530K [0xaac00000, 0xace93000, 0xb2c00000)
}
2015-02-20T16:14:39.110-0600: 3207.565: Total time for which application threads were stopped: 0.0287260 seconds
{Heap before GC invocations=1074 (full 1):
 par new generation   total 109248K, used 87432K [0x8ac00000, 0x92c00000, 0x92c00000)
  eden space 87424K, 100% used [0x8ac00000, 0x90160000, 0x90160000)
  from space 21824K,   0% used [0x916b0000, 0x916b2000, 0x92c00000)
  to   space 21824K,   0% used [0x90160000, 0x90160000, 0x916b0000)
 concurrent mark-sweep generation total 393216K, used 12895K [0x92c00000, 0xaac00000, 0xaac00000)
 concurrent-mark-sweep perm gen total 35404K, used 22530K [0xaac00000, 0xace93000, 0xb2c00000)
2015-02-20T16:14:40.685-0600: 3209.140: [GC2015-02-20T16:14:40.685-0600: 3209.140: [ParNew
Desired survivor size 20112996 bytes, new threshold 8 (max 8)
- age   1:        632 bytes,        632 total
- age   2:        472 bytes,       1104 total
- age   3:        216 bytes,       1320 total
- age   4:        360 bytes,       1680 total
- age   5:        376 bytes,       2056 total
- age   6:        376 bytes,       2432 total
- age   7:        200 bytes,       2632 total
- age   8:        216 bytes,       2848 total
: 87432K->6K(109248K), 0.0197810 secs] 100327K->12901K(502464K), 0.0202670 secs] [Times: user=0.02 sys=0.00, real=0.02 secs] 
Heap after GC invocations=1075 (full 1):
 par new generation   total 109248K, used 6K [0x8ac00000, 0x92c00000, 0x92c00000)
  eden space 87424K,   0% used [0x8ac00000, 0x8ac00000, 0x90160000)
  from space 21824K,   0% used [0x90160000, 0x90161800, 0x916b0000)
  to   space 21824K,   0% used [0x916b0000, 0x916b0000, 0x92c00000)
 concurrent mark-sweep generation total 393216K, used 12895K [0x92c00000, 0xaac00000, 0xaac00000)
 concurrent-mark-sweep perm gen total 35404K, used 22530K [0xaac00000, 0xace93000, 0xb2c00000)
}
2015-02-20T16:14:40.705-0600: 3209.160: Total time for which application threads were stopped: 0.0257670 seconds
{Heap before GC invocations=1075 (full 1):
 par new generation   total 109248K, used 87430K [0x8ac00000, 0x92c00000, 0x92c00000)
  eden space 87424K, 100% used [0x8ac00000, 0x90160000, 0x90160000)
  from space 21824K,   0% used [0x90160000, 0x90161800, 0x916b0000)
  to   space 21824K,   0% used [0x916b0000, 0x916b0000, 0x92c00000)
 concurrent mark-sweep generation total 393216K, used 12895K [0x92c00000, 0xaac00000, 0xaac00000)
 concurrent-mark-sweep perm gen total 35404K, used 22530K [0xaac00000, 0xace93000, 0xb2c00000)
2015-02-20T16:14:42.294-0600: 3210.749: [GC2015-02-20T16:14:42.294-0600: 3210.749: [ParNew
Desired survivor size 20112996 bytes, new threshold 8 (max 8)
- age   1:       1056 bytes,       1056 total
- age   2:        176 bytes,       1232 total
- age   3:        448 bytes,       1680 total
- age   4:        216 bytes,       1896 total
- age   5:        360 bytes,       2256 total
- age   6:        376 bytes,       2632 total
- age   7:        376 bytes,       3008 total
- age   8:        200 bytes,       3208 total
: 87430K->6K(109248K), 0.0153370 secs] 100325K->12902K(502464K), 0.0156520 secs] [Times: user=0.03 sys=0.00, real=0.02 secs] 
Heap after GC invocations=1076 (full 1):
 par new generation   total 109248K, used 6K [0x8ac00000, 0x92c00000, 0x92c00000)
  eden space 87424K,   0% used [0x8ac00000, 0x8ac00000, 0x90160000)
  from space 21824K,   0% used [0x916b0000, 0x916b1800, 0x92c00000)
  to   space 21824K,   0% used [0x90160000, 0x90160000, 0x916b0000)
 concurrent mark-sweep generation total 393216K, used 12896K [0x92c00000, 0xaac00000, 0xaac00000)
 concurrent-mark-sweep perm gen total 35404K, used 22530K [0xaac00000, 0xace93000, 0xb2c00000)
}
2015-02-20T16:14:42.310-0600: 3210.765: Total time for which application threads were stopped: 0.0182930 seconds
{Heap before GC invocations=1076 (full 1):
 par new generation   total 109248K, used 87430K [0x8ac00000, 0x92c00000, 0x92c00000)
  eden space 87424K, 100% used [0x8ac00000, 0x90160000, 0x90160000)
  from space 21824K,   0% used [0x916b0000, 0x916b1800, 0x92c00000)
  to   space 21824K,   0% used [0x90160000, 0x90160000, 0x916b0000)
 concurrent mark-sweep generation total 393216K, used 12896K [0x92c00000, 0xaac00000, 0xaac00000)
 concurrent-mark-sweep perm gen total 35404K, used 22530K [0xaac00000, 0xace93000, 0xb2c00000)
2015-02-20T16:14:43.593-0600: 3212.048: [GC2015-02-20T16:14:43.593-0600: 3212.048: [ParNew
Desired survivor size 20112996 bytes, new threshold 8 (max 8)
- age   1:        840 bytes,        840 total
- age   2:        504 bytes,       1344 total
- age   3:        176 bytes,       1520 total
- age   4:        448 bytes,       1968 total
- age   5:        216 bytes,       2184 total
- age   6:        360 bytes,       2544 total
- age   7:        376 bytes,       2920 total
- age   8:        376 bytes,       3296 total
: 87430K->10K(109248K), 0.0157110 secs] 100326K->12906K(502464K), 0.0159380 secs] [Times: user=0.01 sys=0.00, real=0.02 secs] 
Heap after GC invocations=1077 (full 1):
 par new generation   total 109248K, used 10K [0x8ac00000, 0x92c00000, 0x92c00000)
  eden space 87424K,   0% used [0x8ac00000, 0x8ac00000, 0x90160000)
  from space 21824K,   0% used [0x90160000, 0x90162800, 0x916b0000)
  to   space 21824K,   0% used [0x916b0000, 0x916b0000, 0x92c00000)
 concurrent mark-sweep generation total 393216K, used 12896K [0x92c00000, 0xaac00000, 0xaac00000)
 concurrent-mark-sweep perm gen total 35404K, used 22530K [0xaac00000, 0xace93000, 0xb2c00000)
}
2015-02-20T16:14:43.609-0600: 3212.064: Total time for which application threads were stopped: 0.0247460 seconds
{Heap before GC invocations=1077 (full 1):
 par new generation   total 109248K, used 87434K [0x8ac00000, 0x92c00000, 0x92c00000)
  eden space 87424K, 100% used [0x8ac00000, 0x90160000, 0x90160000)
  from space 21824K,   0% used [0x90160000, 0x90162800, 0x916b0000)
  to   space 21824K,   0% used [0x916b0000, 0x916b0000, 0x92c00000)
 concurrent mark-sweep generation total 393216K, used 12896K [0x92c00000, 0xaac00000, 0xaac00000)
 concurrent-mark-sweep perm gen total 35404K, used 22530K [0xaac00000, 0xace93000, 0xb2c00000)
2015-02-20T16:14:45.061-0600: 3213.516: [GC2015-02-20T16:14:45.061-0600: 3213.516: [ParNew
Desired survivor size 20112996 bytes, new threshold 8 (max 8)
- age   1:        968 bytes,        968 total
- age   2:        200 bytes,       1168 total
- age   3:        376 bytes,       1544 total
- age   4:        176 bytes,       1720 total
- age   5:        448 bytes,       2168 total
- age   6:        216 bytes,       2384 total
- age   7:        360 bytes,       2744 total
- age   8:        376 bytes,       3120 total
: 87434K->6K(109248K), 0.0152340 secs] 100330K->12902K(502464K), 0.0155090 secs] [Times: user=0.02 sys=0.00, real=0.01 secs] 
Heap after GC invocations=1078 (full 1):
 par new generation   total 109248K, used 6K [0x8ac00000, 0x92c00000, 0x92c00000)
  eden space 87424K,   0% used [0x8ac00000, 0x8ac00000, 0x90160000)
  from space 21824K,   0% used [0x916b0000, 0x916b1800, 0x92c00000)
  to   space 21824K,   0% used [0x90160000, 0x90160000, 0x916b0000)
 concurrent mark-sweep generation total 393216K, used 12896K [0x92c00000, 0xaac00000, 0xaac00000)
 concurrent-mark-sweep perm gen total 35404K, used 22530K [0xaac00000, 0xace93000, 0xb2c00000)
}
2015-02-20T16:14:45.076-0600: 3213.531: Total time for which application threads were stopped: 0.0231260 seconds
{Heap before GC invocations=1078 (full 1):
 par new generation   total 109248K, used 87430K [0x8ac00000, 0x92c00000, 0x92c00000)
  eden space 87424K, 100% used [0x8ac00000, 0x90160000, 0x90160000)
  from space 21824K,   0% used [0x916b0000, 0x916b1800, 0x92c00000)
  to   space 21824K,   0% used [0x90160000, 0x90160000, 0x916b0000)
 concurrent mark-sweep generation total 393216K, used 12896K [0x92c00000, 0xaac00000, 0xaac00000)
 concurrent-mark-sweep perm gen total 35404K, used 22530K [0xaac00000, 0xace93000, 0xb2c00000)
2015-02-20T16:14:47.193-0600: 3215.648: [GC2015-02-20T16:14:47.193-0600: 3215.648: [ParNew
Desired survivor size 20112996 bytes, new threshold 8 (max 8)
- age   1:        936 bytes,        936 total
- age   2:        376 bytes,       1312 total
- age   3:        200 bytes,       1512 total
- age   4:        376 bytes,       1888 total
- age   5:        176 bytes,       2064 total
- age   6:        448 bytes,       2512 total
- age   7:        216 bytes,       2728 total
- age   8:        360 bytes,       3088 total
: 87430K->6K(109248K), 0.0406400 secs] 100326K->12903K(502464K), 0.0408100 secs] [Times: user=0.05 sys=0.00, real=0.04 secs] 
Heap after GC invocations=1079 (full 1):
 par new generation   total 109248K, used 6K [0x8ac00000, 0x92c00000, 0x92c00000)
  eden space 87424K,   0% used [0x8ac00000, 0x8ac00000, 0x90160000)
  from space 21824K,   0% used [0x90160000, 0x90161800, 0x916b0000)
  to   space 21824K,   0% used [0x916b0000, 0x916b0000, 0x92c00000)
 concurrent mark-sweep generation total 393216K, used 12897K [0x92c00000, 0xaac00000, 0xaac00000)
 concurrent-mark-sweep perm gen total 35404K, used 22530K [0xaac00000, 0xace93000, 0xb2c00000)
}
2015-02-20T16:14:47.234-0600: 3215.689: Total time for which application threads were stopped: 0.0434850 seconds
{Heap before GC invocations=1079 (full 1):
 par new generation   total 109248K, used 87430K [0x8ac00000, 0x92c00000, 0x92c00000)
  eden space 87424K, 100% used [0x8ac00000, 0x90160000, 0x90160000)
  from space 21824K,   0% used [0x90160000, 0x90161800, 0x916b0000)
  to   space 21824K,   0% used [0x916b0000, 0x916b0000, 0x92c00000)
 concurrent mark-sweep generation total 393216K, used 12897K [0x92c00000, 0xaac00000, 0xaac00000)
 concurrent-mark-sweep perm gen total 35404K, used 22530K [0xaac00000, 0xace93000, 0xb2c00000)
2015-02-20T16:14:48.903-0600: 3217.358: [GC2015-02-20T16:14:48.903-0600: 3217.358: [ParNew
Desired survivor size 20112996 bytes, new threshold 8 (max 8)
- age   1:        976 bytes,        976 total
- age   2:        424 bytes,       1400 total
- age   3:        376 bytes,       1776 total
- age   4:        200 bytes,       1976 total
- age   5:        376 bytes,       2352 total
- age   6:        176 bytes,       2528 total
- age   7:        448 bytes,       2976 total
- age   8:        216 bytes,       3192 total
: 87430K->6K(109248K), 0.0092340 secs] 100327K->12903K(502464K), 0.0094710 secs] [Times: user=0.02 sys=0.00, real=0.01 secs] 
Heap after GC invocations=1080 (full 1):
 par new generation   total 109248K, used 6K [0x8ac00000, 0x92c00000, 0x92c00000)
  eden space 87424K,   0% used [0x8ac00000, 0x8ac00000, 0x90160000)
  from space 21824K,   0% used [0x916b0000, 0x916b1800, 0x92c00000)
  to   space 21824K,   0% used [0x90160000, 0x90160000, 0x916b0000)
 concurrent mark-sweep generation total 393216K, used 12897K [0x92c00000, 0xaac00000, 0xaac00000)
 concurrent-mark-sweep perm gen total 35404K, used 22530K [0xaac00000, 0xace93000, 0xb2c00000)
}
2015-02-20T16:14:48.913-0600: 3217.368: Total time for which application threads were stopped: 0.0121890 seconds
{Heap before GC invocations=1080 (full 1):
 par new generation   total 109248K, used 87430K [0x8ac00000, 0x92c00000, 0x92c00000)
  eden space 87424K, 100% used [0x8ac00000, 0x90160000, 0x90160000)
  from space 21824K,   0% used [0x916b0000, 0x916b1800, 0x92c00000)
  to   space 21824K,   0% used [0x90160000, 0x90160000, 0x916b0000)
 concurrent mark-sweep generation total 393216K, used 12897K [0x92c00000, 0xaac00000, 0xaac00000)
 concurrent-mark-sweep perm gen total 35404K, used 22530K [0xaac00000, 0xace93000, 0xb2c00000)
2015-02-20T16:14:50.726-0600: 3219.181: [GC2015-02-20T16:14:50.726-0600: 3219.181: [ParNew
Desired survivor size 20112996 bytes, new threshold 8 (max 8)
- age   1:       1072 bytes,       1072 total
- age   2:        224 bytes,       1296 total
- age   3:        400 bytes,       1696 total
- age   4:        376 bytes,       2072 total
- age   5:        200 bytes,       2272 total
- age   6:        376 bytes,       2648 total
- age   7:        176 bytes,       2824 total
- age   8:        448 bytes,       3272 total
: 87430K->6K(109248K), 0.0077770 secs] 100327K->12903K(502464K), 0.0080260 secs] [Times: user=0.01 sys=0.00, real=0.01 secs] 
Heap after GC invocations=1081 (full 1):
 par new generation   total 109248K, used 6K [0x8ac00000, 0x92c00000, 0x92c00000)
  eden space 87424K,   0% used [0x8ac00000, 0x8ac00000, 0x90160000)
  from space 21824K,   0% used [0x90160000, 0x90161800, 0x916b0000)
  to   space 21824K,   0% used [0x916b0000, 0x916b0000, 0x92c00000)
 concurrent mark-sweep generation total 393216K, used 12897K [0x92c00000, 0xaac00000, 0xaac00000)
 concurrent-mark-sweep perm gen total 35404K, used 22530K [0xaac00000, 0xace93000, 0xb2c00000)
}
2015-02-20T16:14:50.734-0600: 3219.189: Total time for which application threads were stopped: 0.0110700 seconds
{Heap before GC invocations=1081 (full 1):
 par new generation   total 109248K, used 87430K [0x8ac00000, 0x92c00000, 0x92c00000)
  eden space 87424K, 100% used [0x8ac00000, 0x90160000, 0x90160000)
  from space 21824K,   0% used [0x90160000, 0x90161800, 0x916b0000)
  to   space 21824K,   0% used [0x916b0000, 0x916b0000, 0x92c00000)
 concurrent mark-sweep generation total 393216K, used 12897K [0x92c00000, 0xaac00000, 0xaac00000)
 concurrent-mark-sweep perm gen total 35404K, used 22530K [0xaac00000, 0xace93000, 0xb2c00000)
2015-02-20T16:14:52.251-0600: 3220.706: [GC2015-02-20T16:14:52.251-0600: 3220.706: [ParNew
Desired survivor size 20112996 bytes, new threshold 8 (max 8)
- age   1:       1160 bytes,       1160 total
- age   2:        376 bytes,       1536 total
- age   3:        224 bytes,       1760 total
- age   4:        400 bytes,       2160 total
- age   5:        376 bytes,       2536 total
- age   6:        200 bytes,       2736 total
- age   7:        376 bytes,       3112 total
- age   8:        176 bytes,       3288 total
: 87430K->8K(109248K), 0.0061850 secs] 100327K->12906K(502464K), 0.0063950 secs] [Times: user=0.02 sys=0.00, real=0.01 secs] 
Heap after GC invocations=1082 (full 1):
 par new generation   total 109248K, used 8K [0x8ac00000, 0x92c00000, 0x92c00000)
  eden space 87424K,   0% used [0x8ac00000, 0x8ac00000, 0x90160000)
  from space 21824K,   0% used [0x916b0000, 0x916b2000, 0x92c00000)
  to   space 21824K,   0% used [0x90160000, 0x90160000, 0x916b0000)
 concurrent mark-sweep generation total 393216K, used 12898K [0x92c00000, 0xaac00000, 0xaac00000)
 concurrent-mark-sweep perm gen total 35404K, used 22530K [0xaac00000, 0xace93000, 0xb2c00000)
}
2015-02-20T16:14:52.258-0600: 3220.713: Total time for which application threads were stopped: 0.0092950 seconds
{Heap before GC invocations=1082 (full 1):
 par new generation   total 109248K, used 87432K [0x8ac00000, 0x92c00000, 0x92c00000)
  eden space 87424K, 100% used [0x8ac00000, 0x90160000, 0x90160000)
  from space 21824K,   0% used [0x916b0000, 0x916b2000, 0x92c00000)
